**********************************************************************
** Visual Studio 2022 Developer Command Prompt v17.14.35
** Copyright (c) 2025 Microsoft Corporation
**********************************************************************
[vcvarsall.bat] Environment initialized for: 'x64'
-- Building for: Visual Studio 17 2022
-- Selecting Windows SDK version 10.0.26100.0 to target Windows 10.0.22621.
-- The C compiler identification is MSVC 19.44.35228.0
-- The CXX compiler identification is MSVC 19.44.35228.0
-- Detecting C compiler ABI info
-- Detecting C compiler ABI info - done
-- Check for working C compiler: C:/Program Files (x86)/Microsoft Visual Studio/2022/BuildTools/VC/Tools/MSVC/14.44.35207/bin/Hostx64/x64/cl.exe - skipped
-- Detecting C compile features
-- Detecting C compile features - done
-- Detecting CXX compiler ABI info
-- Detecting CXX compiler ABI info - done
-- Check for working CXX compiler: C:/Program Files (x86)/Microsoft Visual Studio/2022/BuildTools/VC/Tools/MSVC/14.44.35207/bin/Hostx64/x64/cl.exe - skipped
-- Detecting CXX compile features
-- Detecting CXX compile features - done
-- Found Geode: C:\Users\KusokMedi\Documents\Geode
-- Version: 5.7.1
-- No override path for bindings provided, using CPM to clone default. If you would like to use a separate clone of the bindings repo (for example in order to be able to efficiently change and contribute new bindings) then set GEODE_BINDINGS_REPO_PATH to where you have cloned the repository (system environment variables are supported).
-- CPM: Adding package bindings@ (main)
-- Populating bindings
-- Selecting Windows SDK version 10.0.26100.0 to target Windows 10.0.22621.
-- Configuring done (3.1s)
-- Generating done (0.1s)
-- Build files have been written to: C:/Users/KusokMedi/Documents/GitHub/BetterShowcase/build/_deps/bindings-subbuild
тХи╨втХитХбтХд╨РтХд╨СтХитХХтХд╨Я MSBuild 17.14.40+3e7442088 тХитФдтХитХЧтХд╨Я .NET Framework

  1>Checking Build System
  1>Creating directories for 'bindings-populate'
  Performing download step (git clone) for 'bindings-populate'
  Cloning into 'bindings-src'...
  Already on 'main'
  Your branch is up to date with 'origin/main'.
  Building Custom Rule C:/Users/KusokMedi/Documents/GitHub/BetterShowcase/build/_deps/bindings-subbuild/CMakeLists.txt
  Performing update step for 'bindings-populate'
  -- Fetching latest from the remote origin
  No patch step for 'bindings-populate'
  No configure step for 'bindings-populate'
  No build step for 'bindings-populate'
  No install step for 'bindings-populate'
  No test step for 'bindings-populate'
  Completed 'bindings-populate'
  Building Custom Rule C:/Users/KusokMedi/Documents/GitHub/BetterShowcase/build/_deps/bindings-subbuild/CMakeLists.txt
-- Looking for ccache/sccache
-- Looking for ccache/sccache - skipped (Visual Studio generator)
-- Pre-compiled headers - ON
.\build_mod.bat : Not using a caching compiler (ccache/sccache). It is recommended to install one to improve build time
s.
строка:1 знак:56
+ ... itHub\BetterShowcase; .\build_mod.bat > build_output.txt 2>&1; if ($L ...
+                           ~~~~~~~~~~~~~~~~~~~~~~~~~~~~~~~~~~~~~~~
    + CategoryInfo          : NotSpecified: (Not using a cac...ve build times.:String) [], RemoteException
    + FullyQualifiedErrorId : NativeCommandError
 
We recommend sccache, check its README for installation instructions, normally you can just use your usual package mana
ger (e.g. 'scoop install sccache').
Because of this, PCH will be enabled.
-- Found Geode CLI: C:/Users/KusokMedi/AppData/Local/Microsoft/WinGet/Packages/GeodeSDK.GeodeCLI_Microsoft.Winget.Source_8wekyb3d8bbwe/geode.exe (version 3.7.4)
-- CPM: Adding package result@1.4.1 (v1.4.1)
-- CPM: Adding package json@3.3.0 (v3.3.0)
-- CPM: Adding package nontype_functional@6 (6d1d08c)
-- CPM: Adding package fmt@12.1.0 (12.1.0)
-- {fmt} version: 12.1.0
-- Build type: 
-- CPM: Adding package asp2@51 (51d3773)
-- CPM: Adding package arc@1.5.5 (v1.5.5)
-- Arc features: time
-- CPM: Adding package TulipHook@3.1.11 (v3.1.11)
-- Performing Test SUPPORTS_W_NO_EVERYTHING
-- Performing Test SUPPORTS_W_NO_EVERYTHING - Failed
-- Downloading Codegen
Set SKIP_BUILDING_CODEGEN to OFF to force codegen to build locally.
-- Downloading Codegen - fail: "HTTP response code said error"
-- Configuring Codegen
'C:/Program Files (x86)/Microsoft Visual Studio/2022/BuildTools/Common7/IDE/CommonExtensions/Microsoft/CMake/CMake/bin/cmake.exe' '-DCMAKE_C_COMPILER_LAUNCHER=' '-DCMAKE_CXX_COMPILER_LAUNCHER=' '-DCMAKE_BUILD_TYPE=Release' '-DCMAKE_INSTALL_PREFIX:STRING=C:/Users/KusokMedi/Documents/GitHub/BetterShowcase/build/bindings/codegen' '-S' 'C:/Users/KusokMedi/Documents/GitHub/BetterShowcase/build/_deps/bindings-src/codegen' '-B' 'C:/Users/KusokMedi/Documents/GitHub/BetterShowcase/build/bindings/codegen-build' '-GVisual Studio 17 2022'
-- Selecting Windows SDK version 10.0.26100.0 to target Windows 10.0.22621.
-- The C compiler identification is MSVC 19.44.35228.0
-- The CXX compiler identification is MSVC 19.44.35228.0
-- Detecting C compiler ABI info
-- Detecting C compiler ABI info - done
-- Check for working C compiler: C:/Program Files (x86)/Microsoft Visual Studio/2022/BuildTools/VC/Tools/MSVC/14.44.35207/bin/Hostx64/x64/cl.exe - skipped
-- Detecting C compile features
-- Detecting C compile features - done
-- Detecting CXX compiler ABI info
-- Detecting CXX compiler ABI info - done
-- Check for working CXX compiler: C:/Program Files (x86)/Microsoft Visual Studio/2022/BuildTools/VC/Tools/MSVC/14.44.35207/bin/Hostx64/x64/cl.exe - skipped
-- Detecting CXX compile features
-- Detecting CXX compile features - done
-- CPM: Adding package fmt@11.0.2 (11.0.2)
-- {fmt} version: 11.0.2
-- Build type: Release
-- CPM: Adding package Broma@19 (19fa02c)
-- Downloading CPM.cmake to C:/Users/KusokMedi/Documents/GitHub/BetterShowcase/build/bindings/codegen-build/cmake/CPM_0.38.7.cmake
-- CPM: Adding package PEGTL@3.2.8 (3.2.8)
-- Using std::filesystem
-- CPM: Adding package json@3.2.1 (v3.2.1)
-- CPM: Adding package result@1.3.1 (v1.3.1)
-- Configuring done (96.9s)
-- Generating done (0.4s)
-- Build files have been written to: C:/Users/KusokMedi/Documents/GitHub/BetterShowcase/build/bindings/codegen-build
-- Building Codegen
'C:/Program Files (x86)/Microsoft Visual Studio/2022/BuildTools/Common7/IDE/CommonExtensions/Microsoft/CMake/CMake/bin/cmake.exe' '--build' 'C:/Users/KusokMedi/Documents/GitHub/BetterShowcase/build/bindings/codegen-build' '--config' 'Release'
тХи╨втХитХбтХд╨РтХд╨СтХитХХтХд╨Я MSBuild 17.14.40+3e7442088 тХитФдтХитХЧтХд╨Я .NET Framework

  1>Checking Build System
  Building Custom Rule C:/Users/KusokMedi/Documents/GitHub/BetterShowcase/build/bindings/codegen-build/_deps/broma-src/CMakeLists.txt
  broma.cpp
  Broma.vcxproj -> C:\Users\KusokMedi\Documents\GitHub\BetterShowcase\build\bindings\codegen-build\_deps\broma-build\Release\Broma.lib
  Building Custom Rule C:/Users/KusokMedi/Documents/GitHub/BetterShowcase/build/bindings/codegen-build/_deps/fmt-src/CMakeLists.txt
  format.cc
  os.cc
  тХи╨▒тХитХЫтХитХЦтХитФдтХитЦСтХитХЬтХитХХтХитХб тХитХСтХитХЫтХитФдтХитЦС...
  fmt.vcxproj -> C:\Users\KusokMedi\Documents\GitHub\BetterShowcase\build\bindings\codegen-build\_deps\fmt-build\Release\fmt.lib
  Building Custom Rule C:/Users/KusokMedi/Documents/GitHub/BetterShowcase/build/bindings/codegen-build/_deps/json-src/CMakeLists.txt
  dragonbox.cpp
  value.cpp
C:\Program Files (x86)\Microsoft Visual Studio\2022\BuildTools\VC\Tools\MSVC\14.44.35207\include\type_traits(2388,54): warning C4018: <: тХитХЬтХитХбтХд╨СтХитХЫтХитХЫтХд╨ТтХитЦУтХитХбтХд╨ТтХд╨СтХд╨ТтХитЦУтХитХХтХитХб тХд╨ТтХитХХтХитФРтХитХЫтХитЦУ тХд╨СтХитХЫ тХитХЦтХитХЬтХитЦСтХитХСтХитХЫтХитХЭ тХитХХ тХитЦТтХитХбтХитХЦ тХитХЦтХитХЬтХитЦСтХитХСтХитЦС [C:\Users\KusokMedi\Documents\GitHub\BetterShowcase\build\bindings\codegen-build\_deps\json-build\mat-json.vcxproj]
  (тХитХСтХитХЫтХитХЭтХитФРтХитХХтХитХЧтХд╨ЯтХд╨ЦтХитХХтХд╨Я тХитХХтХд╨СтХд╨ХтХитХЫтХитФдтХитХЬтХитХЫтХитФВтХитХЫ тХд╨ФтХитЦСтХитХгтХитХЧтХитЦС "../json-src/src/value.cpp")
      C:\Program Files (x86)\Microsoft Visual Studio\2022\BuildTools\VC\Tools\MSVC\14.44.35207\include\type_traits(2388,54):
      тХитХСтХитХЫтХитХЬтХд╨ТтХитХбтХитХСтХд╨СтХд╨Т тХд╨СтХитХЫтХитХЦтХитФдтХитЦСтХитХЬтХитХХтХд╨Я тХд╨ЭтХитХСтХитХЦтХитХбтХитХЭтХитФРтХитХЧтХд╨ЯтХд╨РтХитЦС тХд╨ШтХитЦСтХитЦТтХитХЧтХитХЫтХитХЬтХитЦС (тХд╨СтХитХЬтХитЦСтХд╨ЧтХитЦСтХитХЧтХитЦС тХд╨СтХитЦСтХитХЭтХд╨ЫтХитХг тХд╨СтХд╨ТтХитЦСтХд╨РтХд╨ЫтХитХг)
          C:\Users\KusokMedi\Documents\GitHub\BetterShowcase\build\bindings\codegen-build\_deps\json-src\src\impl.hpp(162,16):
          тХитЦУтХд╨ЫтХитФРтХитХЫтХитХЧтХитХЬтХд╨ЯтХитХбтХд╨ТтХд╨СтХд╨Я тХитХСтХитХЫтХитХЭтХитФРтХитХХтХитХЧтХд╨ЯтХд╨ЦтХитХХтХд╨Я тХд╨СтХд╨СтХд╨ЫтХитХЧтХитХСтХитХХ тХитХЬтХитЦС тХд╨ЭтХитХСтХитХЦтХитХбтХитХЭтХитФРтХитХЧтХд╨ЯтХд╨Р тХд╨ШтХитЦСтХитЦТтХитХЧтХитХЫтХитХЬ тХд╨ФтХд╨УтХитХЬтХитХСтХд╨ЦтХитХХтХитХХ "bool matjson::ValueImpl::operatorImpl<std::less<void>>(const matjson::ValueImpl &,Op &&,bool,bool) const"
          with
          [
              Op=std::less<void>
          ]
          C:\Users\KusokMedi\Documents\GitHub\BetterShowcase\build\bindings\codegen-build\_deps\json-src\src\impl.hpp(137,53):
          тХитЦУтХитХЫ тХитЦУтХд╨РтХитХбтХитХЭтХд╨Я тХитХСтХитХЫтХитХЭтХитФРтХитХХтХитХЧтХд╨ЯтХд╨ЦтХитХХтХитХХ тХд╨ФтХд╨УтХитХЬтХитХСтХд╨ЦтХитХХтХитХХ-тХд╨ЧтХитХЧтХитХбтХитХЬтХитЦС тХитХСтХитХЧтХитЦСтХд╨СтХд╨С тХд╨ШтХитЦСтХитЦТтХитХЧтХитХЫтХитХЬ "bool std::less<void>::operator ()<_First,unsigned __int64>(_Ty1 &&,_Ty2 &&) noexcept(<expr>) const"
          with
          [
              _First=intmax_t,
              _Ty1=intmax_t,
              _Ty2=uintmax_t
          ]
  
C:\Program Files (x86)\Microsoft Visual Studio\2022\BuildTools\VC\Tools\MSVC\14.44.35207\include\xutility(721,54): warning C4018: >: тХитХЬтХитХбтХд╨СтХитХЫтХитХЫтХд╨ТтХитЦУтХитХбтХд╨ТтХд╨СтХд╨ТтХитЦУтХитХХтХитХб тХд╨ТтХитХХтХитФРтХитХЫтХитЦУ тХд╨СтХитХЫ тХитХЦтХитХЬтХитЦСтХитХСтХитХЫтХитХЭ тХитХХ тХитЦТтХитХбтХитХЦ тХитХЦтХитХЬтХитЦСтХитХСтХитЦС [C:\Users\KusokMedi\Documents\GitHub\BetterShowcase\build\bindings\codegen-build\_deps\json-build\mat-json.vcxproj]
  (тХитХСтХитХЫтХитХЭтХитФРтХитХХтХитХЧтХд╨ЯтХд╨ЦтХитХХтХд╨Я тХитХХтХд╨СтХд╨ХтХитХЫтХитФдтХитХЬтХитХЫтХитФВтХитХЫ тХд╨ФтХитЦСтХитХгтХитХЧтХитЦС "../json-src/src/value.cpp")
      C:\Program Files (x86)\Microsoft Visual Studio\2022\BuildTools\VC\Tools\MSVC\14.44.35207\include\xutility(721,54):
      тХитХСтХитХЫтХитХЬтХд╨ТтХитХбтХитХСтХд╨СтХд╨Т тХд╨СтХитХЫтХитХЦтХитФдтХитЦСтХитХЬтХитХХтХд╨Я тХд╨ЭтХитХСтХитХЦтХитХбтХитХЭтХитФРтХитХЧтХд╨ЯтХд╨РтХитЦС тХд╨ШтХитЦСтХитЦТтХитХЧтХитХЫтХитХЬтХитЦС (тХд╨СтХитХЬтХитЦСтХд╨ЧтХитЦСтХитХЧтХитЦС тХд╨СтХитЦСтХитХЭтХд╨ЫтХитХг тХд╨СтХд╨ТтХитЦСтХд╨РтХд╨ЫтХитХг)
          C:\Users\KusokMedi\Documents\GitHub\BetterShowcase\build\bindings\codegen-build\_deps\json-src\src\impl.hpp(168,16):
          тХитЦУтХд╨ЫтХитФРтХитХЫтХитХЧтХитХЬтХд╨ЯтХитХбтХд╨ТтХд╨СтХд╨Я тХитХСтХитХЫтХитХЭтХитФРтХитХХтХитХЧтХд╨ЯтХд╨ЦтХитХХтХд╨Я тХд╨СтХд╨СтХд╨ЫтХитХЧтХитХСтХитХХ тХитХЬтХитЦС тХд╨ЭтХитХСтХитХЦтХитХбтХитХЭтХитФРтХитХЧтХд╨ЯтХд╨Р тХд╨ШтХитЦСтХитЦТтХитХЧтХитХЫтХитХЬ тХд╨ФтХд╨УтХитХЬтХитХСтХд╨ЦтХитХХтХитХХ "bool matjson::ValueImpl::operatorImpl<std::greater<void>>(const matjson::ValueImpl &,Op &&,bool,bool) const"
          with
          [
              Op=std::greater<void>
          ]
          C:\Users\KusokMedi\Documents\GitHub\BetterShowcase\build\bindings\codegen-build\_deps\json-src\src\impl.hpp(137,53):
          тХитЦУтХитХЫ тХитЦУтХд╨РтХитХбтХитХЭтХд╨Я тХитХСтХитХЫтХитХЭтХитФРтХитХХтХитХЧтХд╨ЯтХд╨ЦтХитХХтХитХХ тХд╨ФтХд╨УтХитХЬтХитХСтХд╨ЦтХитХХтХитХХ-тХд╨ЧтХитХЧтХитХбтХитХЬтХитЦС тХитХСтХитХЧтХитЦСтХд╨СтХд╨С тХд╨ШтХитЦСтХитЦТтХитХЧтХитХЫтХитХЬ "bool std::greater<void>::operator ()<_First,unsigned __int64>(_Ty1 &&,_Ty2 &&) noexcept(<expr>) const"
          with
          [
              _First=intmax_t,
              _Ty1=intmax_t,
              _Ty2=uintmax_t
          ]
  
C:\Program Files (x86)\Microsoft Visual Studio\2022\BuildTools\VC\Tools\MSVC\14.44.35207\include\type_traits(2390,43): warning C4018: <: тХитХЬтХитХбтХд╨СтХитХЫтХитХЫтХд╨ТтХитЦУтХитХбтХд╨ТтХд╨СтХд╨ТтХитЦУтХитХХтХитХб тХд╨ТтХитХХтХитФРтХитХЫтХитЦУ тХд╨СтХитХЫ тХитХЦтХитХЬтХитЦСтХитХСтХитХЫтХитХЭ тХитХХ тХитЦТтХитХбтХитХЦ тХитХЦтХитХЬтХитЦСтХитХСтХитЦС [C:\Users\KusokMedi\Documents\GitHub\BetterShowcase\build\bindings\codegen-build\_deps\json-build\mat-json.vcxproj]
  (тХитХСтХитХЫтХитХЭтХитФРтХитХХтХитХЧтХд╨ЯтХд╨ЦтХитХХтХд╨Я тХитХХтХд╨СтХд╨ХтХитХЫтХитФдтХитХЬтХитХЫтХитФВтХитХЫ тХд╨ФтХитЦСтХитХгтХитХЧтХитЦС "../json-src/src/value.cpp")
      C:\Program Files (x86)\Microsoft Visual Studio\2022\BuildTools\VC\Tools\MSVC\14.44.35207\include\type_traits(2390,43):
      тХитХСтХитХЫтХитХЬтХд╨ТтХитХбтХитХСтХд╨СтХд╨Т тХд╨СтХитХЫтХитХЦтХитФдтХитЦСтХитХЬтХитХХтХд╨Я тХд╨ЭтХитХСтХитХЦтХитХбтХитХЭтХитФРтХитХЧтХд╨ЯтХд╨РтХитЦС тХд╨ШтХитЦСтХитЦТтХитХЧтХитХЫтХитХЬтХитЦС (тХд╨СтХитХЬтХитЦСтХд╨ЧтХитЦСтХитХЧтХитЦС тХд╨СтХитЦСтХитХЭтХд╨ЫтХитХг тХд╨СтХд╨ТтХитЦСтХд╨РтХд╨ЫтХитХг)
          C:\Users\KusokMedi\Documents\GitHub\BetterShowcase\build\bindings\codegen-build\_deps\json-src\src\impl.hpp(162,16):
          тХитЦУтХд╨ЫтХитФРтХитХЫтХитХЧтХитХЬтХд╨ЯтХитХбтХд╨ТтХд╨СтХд╨Я тХитХСтХитХЫтХитХЭтХитФРтХитХХтХитХЧтХд╨ЯтХд╨ЦтХитХХтХд╨Я тХд╨СтХд╨СтХд╨ЫтХитХЧтХитХСтХитХХ тХитХЬтХитЦС тХд╨ЭтХитХСтХитХЦтХитХбтХитХЭтХитФРтХитХЧтХд╨ЯтХд╨Р тХд╨ШтХитЦСтХитЦТтХитХЧтХитХЫтХитХЬ тХд╨ФтХд╨УтХитХЬтХитХСтХд╨ЦтХитХХтХитХХ "bool matjson::ValueImpl::operatorImpl<std::less<void>>(const matjson::ValueImpl &,Op &&,bool,bool) const"
          with
          [
              Op=std::less<void>
          ]
          C:\Users\KusokMedi\Documents\GitHub\BetterShowcase\build\bindings\codegen-build\_deps\json-src\src\impl.hpp(137,53):
          тХитЦУтХд╨ЫтХитФРтХитХЫтХитХЧтХитХЬтХд╨ЯтХитХбтХд╨ТтХд╨СтХд╨Я тХитХСтХитХЫтХитХЭтХитФРтХитХХтХитХЧтХд╨ЯтХд╨ЦтХитХХтХд╨Я тХд╨СтХд╨СтХд╨ЫтХитХЧтХитХСтХитХХ тХитХЬтХитЦС тХд╨ЭтХитХСтХитХЦтХитХбтХитХЭтХитФРтХитХЧтХд╨ЯтХд╨Р тХд╨ШтХитЦСтХитЦТтХитХЧтХитХЫтХитХЬ тХд╨ФтХд╨УтХитХЬтХитХСтХд╨ЦтХитХХтХитХХ "bool std::less<void>::operator ()<_First,unsigned __int64>(_Ty1 &&,_Ty2 &&) noexcept const"
          with
          [
              _First=intmax_t,
              _Ty1=intmax_t,
              _Ty2=uintmax_t
          ]
  
C:\Program Files (x86)\Microsoft Visual Studio\2022\BuildTools\VC\Tools\MSVC\14.44.35207\include\xutility(723,43): warning C4018: >: тХитХЬтХитХбтХд╨СтХитХЫтХитХЫтХд╨ТтХитЦУтХитХбтХд╨ТтХд╨СтХд╨ТтХитЦУтХитХХтХитХб тХд╨ТтХитХХтХитФРтХитХЫтХитЦУ тХд╨СтХитХЫ тХитХЦтХитХЬтХитЦСтХитХСтХитХЫтХитХЭ тХитХХ тХитЦТтХитХбтХитХЦ тХитХЦтХитХЬтХитЦСтХитХСтХитЦС [C:\Users\KusokMedi\Documents\GitHub\BetterShowcase\build\bindings\codegen-build\_deps\json-build\mat-json.vcxproj]
  (тХитХСтХитХЫтХитХЭтХитФРтХитХХтХитХЧтХд╨ЯтХд╨ЦтХитХХтХд╨Я тХитХХтХд╨СтХд╨ХтХитХЫтХитФдтХитХЬтХитХЫтХитФВтХитХЫ тХд╨ФтХитЦСтХитХгтХитХЧтХитЦС "../json-src/src/value.cpp")
      C:\Program Files (x86)\Microsoft Visual Studio\2022\BuildTools\VC\Tools\MSVC\14.44.35207\include\xutility(723,43):
      тХитХСтХитХЫтХитХЬтХд╨ТтХитХбтХитХСтХд╨СтХд╨Т тХд╨СтХитХЫтХитХЦтХитФдтХитЦСтХитХЬтХитХХтХд╨Я тХд╨ЭтХитХСтХитХЦтХитХбтХитХЭтХитФРтХитХЧтХд╨ЯтХд╨РтХитЦС тХд╨ШтХитЦСтХитЦТтХитХЧтХитХЫтХитХЬтХитЦС (тХд╨СтХитХЬтХитЦСтХд╨ЧтХитЦСтХитХЧтХитЦС тХд╨СтХитЦСтХитХЭтХд╨ЫтХитХг тХд╨СтХд╨ТтХитЦСтХд╨РтХд╨ЫтХитХг)
          C:\Users\KusokMedi\Documents\GitHub\BetterShowcase\build\bindings\codegen-build\_deps\json-src\src\impl.hpp(168,16):
          тХитЦУтХд╨ЫтХитФРтХитХЫтХитХЧтХитХЬтХд╨ЯтХитХбтХд╨ТтХд╨СтХд╨Я тХитХСтХитХЫтХитХЭтХитФРтХитХХтХитХЧтХд╨ЯтХд╨ЦтХитХХтХд╨Я тХд╨СтХд╨СтХд╨ЫтХитХЧтХитХСтХитХХ тХитХЬтХитЦС тХд╨ЭтХитХСтХитХЦтХитХбтХитХЭтХитФРтХитХЧтХд╨ЯтХд╨Р тХд╨ШтХитЦСтХитЦТтХитХЧтХитХЫтХитХЬ тХд╨ФтХд╨УтХитХЬтХитХСтХд╨ЦтХитХХтХитХХ "bool matjson::ValueImpl::operatorImpl<std::greater<void>>(const matjson::ValueImpl &,Op &&,bool,bool) const"
          with
          [
              Op=std::greater<void>
          ]
          C:\Users\KusokMedi\Documents\GitHub\BetterShowcase\build\bindings\codegen-build\_deps\json-src\src\impl.hpp(137,53):
          тХитЦУтХд╨ЫтХитФРтХитХЫтХитХЧтХитХЬтХд╨ЯтХитХбтХд╨ТтХд╨СтХд╨Я тХитХСтХитХЫтХитХЭтХитФРтХитХХтХитХЧтХд╨ЯтХд╨ЦтХитХХтХд╨Я тХд╨СтХд╨СтХд╨ЫтХитХЧтХитХСтХитХХ тХитХЬтХитЦС тХд╨ЭтХитХСтХитХЦтХитХбтХитХЭтХитФРтХитХЧтХд╨ЯтХд╨Р тХд╨ШтХитЦСтХитЦТтХитХЧтХитХЫтХитХЬ тХд╨ФтХд╨УтХитХЬтХитХСтХд╨ЦтХитХХтХитХХ "bool std::greater<void>::operator ()<_First,unsigned __int64>(_Ty1 &&,_Ty2 &&) noexcept const"
          with
          [
              _First=intmax_t,
              _Ty1=intmax_t,
              _Ty2=uintmax_t
          ]
  
  impl.cpp
C:\Program Files (x86)\Microsoft Visual Studio\2022\BuildTools\VC\Tools\MSVC\14.44.35207\include\type_traits(2388,54): warning C4018: <: тХитХЬтХитХбтХд╨СтХитХЫтХитХЫтХд╨ТтХитЦУтХитХбтХд╨ТтХд╨СтХд╨ТтХитЦУтХитХХтХитХб тХд╨ТтХитХХтХитФРтХитХЫтХитЦУ тХд╨СтХитХЫ тХитХЦтХитХЬтХитЦСтХитХСтХитХЫтХитХЭ тХитХХ тХитЦТтХитХбтХитХЦ тХитХЦтХитХЬтХитЦСтХитХСтХитЦС [C:\Users\KusokMedi\Documents\GitHub\BetterShowcase\build\bindings\codegen-build\_deps\json-build\mat-json.vcxproj]
  (тХитХСтХитХЫтХитХЭтХитФРтХитХХтХитХЧтХд╨ЯтХд╨ЦтХитХХтХд╨Я тХитХХтХд╨СтХд╨ХтХитХЫтХитФдтХитХЬтХитХЫтХитФВтХитХЫ тХд╨ФтХитЦСтХитХгтХитХЧтХитЦС "../json-src/src/impl.cpp")
      C:\Program Files (x86)\Microsoft Visual Studio\2022\BuildTools\VC\Tools\MSVC\14.44.35207\include\type_traits(2388,54):
      тХитХСтХитХЫтХитХЬтХд╨ТтХитХбтХитХСтХд╨СтХд╨Т тХд╨СтХитХЫтХитХЦтХитФдтХитЦСтХитХЬтХитХХтХд╨Я тХд╨ЭтХитХСтХитХЦтХитХбтХитХЭтХитФРтХитХЧтХд╨ЯтХд╨РтХитЦС тХд╨ШтХитЦСтХитЦТтХитХЧтХитХЫтХитХЬтХитЦС (тХд╨СтХитХЬтХитЦСтХд╨ЧтХитЦСтХитХЧтХитЦС тХд╨СтХитЦСтХитХЭтХд╨ЫтХитХг тХд╨СтХд╨ТтХитЦСтХд╨РтХд╨ЫтХитХг)
          C:\Users\KusokMedi\Documents\GitHub\BetterShowcase\build\bindings\codegen-build\_deps\json-src\src\impl.hpp(162,16):
          тХитЦУтХд╨ЫтХитФРтХитХЫтХитХЧтХитХЬтХд╨ЯтХитХбтХд╨ТтХд╨СтХд╨Я тХитХСтХитХЫтХитХЭтХитФРтХитХХтХитХЧтХд╨ЯтХд╨ЦтХитХХтХд╨Я тХд╨СтХд╨СтХд╨ЫтХитХЧтХитХСтХитХХ тХитХЬтХитЦС тХд╨ЭтХитХСтХитХЦтХитХбтХитХЭтХитФРтХитХЧтХд╨ЯтХд╨Р тХд╨ШтХитЦСтХитЦТтХитХЧтХитХЫтХитХЬ тХд╨ФтХд╨УтХитХЬтХитХСтХд╨ЦтХитХХтХитХХ "bool matjson::ValueImpl::operatorImpl<std::less<void>>(const matjson::ValueImpl &,Op &&,bool,bool) const"
          with
          [
              Op=std::less<void>
          ]
          C:\Users\KusokMedi\Documents\GitHub\BetterShowcase\build\bindings\codegen-build\_deps\json-src\src\impl.hpp(137,53):
          тХитЦУтХитХЫ тХитЦУтХд╨РтХитХбтХитХЭтХд╨Я тХитХСтХитХЫтХитХЭтХитФРтХитХХтХитХЧтХд╨ЯтХд╨ЦтХитХХтХитХХ тХд╨ФтХд╨УтХитХЬтХитХСтХд╨ЦтХитХХтХитХХ-тХд╨ЧтХитХЧтХитХбтХитХЬтХитЦС тХитХСтХитХЧтХитЦСтХд╨СтХд╨С тХд╨ШтХитЦСтХитЦТтХитХЧтХитХЫтХитХЬ "bool std::less<void>::operator ()<_First,unsigned __int64>(_Ty1 &&,_Ty2 &&) noexcept(<expr>) const"
          with
          [
              _First=intmax_t,
              _Ty1=intmax_t,
              _Ty2=uintmax_t
          ]
  
C:\Program Files (x86)\Microsoft Visual Studio\2022\BuildTools\VC\Tools\MSVC\14.44.35207\include\xutility(721,54): warning C4018: >: тХитХЬтХитХбтХд╨СтХитХЫтХитХЫтХд╨ТтХитЦУтХитХбтХд╨ТтХд╨СтХд╨ТтХитЦУтХитХХтХитХб тХд╨ТтХитХХтХитФРтХитХЫтХитЦУ тХд╨СтХитХЫ тХитХЦтХитХЬтХитЦСтХитХСтХитХЫтХитХЭ тХитХХ тХитЦТтХитХбтХитХЦ тХитХЦтХитХЬтХитЦСтХитХСтХитЦС [C:\Users\KusokMedi\Documents\GitHub\BetterShowcase\build\bindings\codegen-build\_deps\json-build\mat-json.vcxproj]
  (тХитХСтХитХЫтХитХЭтХитФРтХитХХтХитХЧтХд╨ЯтХд╨ЦтХитХХтХд╨Я тХитХХтХд╨СтХд╨ХтХитХЫтХитФдтХитХЬтХитХЫтХитФВтХитХЫ тХд╨ФтХитЦСтХитХгтХитХЧтХитЦС "../json-src/src/impl.cpp")
      C:\Program Files (x86)\Microsoft Visual Studio\2022\BuildTools\VC\Tools\MSVC\14.44.35207\include\xutility(721,54):
      тХитХСтХитХЫтХитХЬтХд╨ТтХитХбтХитХСтХд╨СтХд╨Т тХд╨СтХитХЫтХитХЦтХитФдтХитЦСтХитХЬтХитХХтХд╨Я тХд╨ЭтХитХСтХитХЦтХитХбтХитХЭтХитФРтХитХЧтХд╨ЯтХд╨РтХитЦС тХд╨ШтХитЦСтХитЦТтХитХЧтХитХЫтХитХЬтХитЦС (тХд╨СтХитХЬтХитЦСтХд╨ЧтХитЦСтХитХЧтХитЦС тХд╨СтХитЦСтХитХЭтХд╨ЫтХитХг тХд╨СтХд╨ТтХитЦСтХд╨РтХд╨ЫтХитХг)
          C:\Users\KusokMedi\Documents\GitHub\BetterShowcase\build\bindings\codegen-build\_deps\json-src\src\impl.hpp(168,16):
          тХитЦУтХд╨ЫтХитФРтХитХЫтХитХЧтХитХЬтХд╨ЯтХитХбтХд╨ТтХд╨СтХд╨Я тХитХСтХитХЫтХитХЭтХитФРтХитХХтХитХЧтХд╨ЯтХд╨ЦтХитХХтХд╨Я тХд╨СтХд╨СтХд╨ЫтХитХЧтХитХСтХитХХ тХитХЬтХитЦС тХд╨ЭтХитХСтХитХЦтХитХбтХитХЭтХитФРтХитХЧтХд╨ЯтХд╨Р тХд╨ШтХитЦСтХитЦТтХитХЧтХитХЫтХитХЬ тХд╨ФтХд╨УтХитХЬтХитХСтХд╨ЦтХитХХтХитХХ "bool matjson::ValueImpl::operatorImpl<std::greater<void>>(const matjson::ValueImpl &,Op &&,bool,bool) const"
          with
          [
              Op=std::greater<void>
          ]
          C:\Users\KusokMedi\Documents\GitHub\BetterShowcase\build\bindings\codegen-build\_deps\json-src\src\impl.hpp(137,53):
          тХитЦУтХитХЫ тХитЦУтХд╨РтХитХбтХитХЭтХд╨Я тХитХСтХитХЫтХитХЭтХитФРтХитХХтХитХЧтХд╨ЯтХд╨ЦтХитХХтХитХХ тХд╨ФтХд╨УтХитХЬтХитХСтХд╨ЦтХитХХтХитХХ-тХд╨ЧтХитХЧтХитХбтХитХЬтХитЦС тХитХСтХитХЧтХитЦСтХд╨СтХд╨С тХд╨ШтХитЦСтХитЦТтХитХЧтХитХЫтХитХЬ "bool std::greater<void>::operator ()<_First,unsigned __int64>(_Ty1 &&,_Ty2 &&) noexcept(<expr>) const"
          with
          [
              _First=intmax_t,
              _Ty1=intmax_t,
              _Ty2=uintmax_t
          ]
  
C:\Program Files (x86)\Microsoft Visual Studio\2022\BuildTools\VC\Tools\MSVC\14.44.35207\include\type_traits(2390,43): warning C4018: <: тХитХЬтХитХбтХд╨СтХитХЫтХитХЫтХд╨ТтХитЦУтХитХбтХд╨ТтХд╨СтХд╨ТтХитЦУтХитХХтХитХб тХд╨ТтХитХХтХитФРтХитХЫтХитЦУ тХд╨СтХитХЫ тХитХЦтХитХЬтХитЦСтХитХСтХитХЫтХитХЭ тХитХХ тХитЦТтХитХбтХитХЦ тХитХЦтХитХЬтХитЦСтХитХСтХитЦС [C:\Users\KusokMedi\Documents\GitHub\BetterShowcase\build\bindings\codegen-build\_deps\json-build\mat-json.vcxproj]
  (тХитХСтХитХЫтХитХЭтХитФРтХитХХтХитХЧтХд╨ЯтХд╨ЦтХитХХтХд╨Я тХитХХтХд╨СтХд╨ХтХитХЫтХитФдтХитХЬтХитХЫтХитФВтХитХЫ тХд╨ФтХитЦСтХитХгтХитХЧтХитЦС "../json-src/src/impl.cpp")
      C:\Program Files (x86)\Microsoft Visual Studio\2022\BuildTools\VC\Tools\MSVC\14.44.35207\include\type_traits(2390,43):
      тХитХСтХитХЫтХитХЬтХд╨ТтХитХбтХитХСтХд╨СтХд╨Т тХд╨СтХитХЫтХитХЦтХитФдтХитЦСтХитХЬтХитХХтХд╨Я тХд╨ЭтХитХСтХитХЦтХитХбтХитХЭтХитФРтХитХЧтХд╨ЯтХд╨РтХитЦС тХд╨ШтХитЦСтХитЦТтХитХЧтХитХЫтХитХЬтХитЦС (тХд╨СтХитХЬтХитЦСтХд╨ЧтХитЦСтХитХЧтХитЦС тХд╨СтХитЦСтХитХЭтХд╨ЫтХитХг тХд╨СтХд╨ТтХитЦСтХд╨РтХд╨ЫтХитХг)
          C:\Users\KusokMedi\Documents\GitHub\BetterShowcase\build\bindings\codegen-build\_deps\json-src\src\impl.hpp(162,16):
          тХитЦУтХд╨ЫтХитФРтХитХЫтХитХЧтХитХЬтХд╨ЯтХитХбтХд╨ТтХд╨СтХд╨Я тХитХСтХитХЫтХитХЭтХитФРтХитХХтХитХЧтХд╨ЯтХд╨ЦтХитХХтХд╨Я тХд╨СтХд╨СтХд╨ЫтХитХЧтХитХСтХитХХ тХитХЬтХитЦС тХд╨ЭтХитХСтХитХЦтХитХбтХитХЭтХитФРтХитХЧтХд╨ЯтХд╨Р тХд╨ШтХитЦСтХитЦТтХитХЧтХитХЫтХитХЬ тХд╨ФтХд╨УтХитХЬтХитХСтХд╨ЦтХитХХтХитХХ "bool matjson::ValueImpl::operatorImpl<std::less<void>>(const matjson::ValueImpl &,Op &&,bool,bool) const"
          with
          [
              Op=std::less<void>
          ]
          C:\Users\KusokMedi\Documents\GitHub\BetterShowcase\build\bindings\codegen-build\_deps\json-src\src\impl.hpp(137,53):
          тХитЦУтХд╨ЫтХитФРтХитХЫтХитХЧтХитХЬтХд╨ЯтХитХбтХд╨ТтХд╨СтХд╨Я тХитХСтХитХЫтХитХЭтХитФРтХитХХтХитХЧтХд╨ЯтХд╨ЦтХитХХтХд╨Я тХд╨СтХд╨СтХд╨ЫтХитХЧтХитХСтХитХХ тХитХЬтХитЦС тХд╨ЭтХитХСтХитХЦтХитХбтХитХЭтХитФРтХитХЧтХд╨ЯтХд╨Р тХд╨ШтХитЦСтХитЦТтХитХЧтХитХЫтХитХЬ тХд╨ФтХд╨УтХитХЬтХитХСтХд╨ЦтХитХХтХитХХ "bool std::less<void>::operator ()<_First,unsigned __int64>(_Ty1 &&,_Ty2 &&) noexcept const"
          with
          [
              _First=intmax_t,
              _Ty1=intmax_t,
              _Ty2=uintmax_t
          ]
  
C:\Program Files (x86)\Microsoft Visual Studio\2022\BuildTools\VC\Tools\MSVC\14.44.35207\include\xutility(723,43): warning C4018: >: тХитХЬтХитХбтХд╨СтХитХЫтХитХЫтХд╨ТтХитЦУтХитХбтХд╨ТтХд╨СтХд╨ТтХитЦУтХитХХтХитХб тХд╨ТтХитХХтХитФРтХитХЫтХитЦУ тХд╨СтХитХЫ тХитХЦтХитХЬтХитЦСтХитХСтХитХЫтХитХЭ тХитХХ тХитЦТтХитХбтХитХЦ тХитХЦтХитХЬтХитЦСтХитХСтХитЦС [C:\Users\KusokMedi\Documents\GitHub\BetterShowcase\build\bindings\codegen-build\_deps\json-build\mat-json.vcxproj]
  (тХитХСтХитХЫтХитХЭтХитФРтХитХХтХитХЧтХд╨ЯтХд╨ЦтХитХХтХд╨Я тХитХХтХд╨СтХд╨ХтХитХЫтХитФдтХитХЬтХитХЫтХитФВтХитХЫ тХд╨ФтХитЦСтХитХгтХитХЧтХитЦС "../json-src/src/impl.cpp")
      C:\Program Files (x86)\Microsoft Visual Studio\2022\BuildTools\VC\Tools\MSVC\14.44.35207\include\xutility(723,43):
      тХитХСтХитХЫтХитХЬтХд╨ТтХитХбтХитХСтХд╨СтХд╨Т тХд╨СтХитХЫтХитХЦтХитФдтХитЦСтХитХЬтХитХХтХд╨Я тХд╨ЭтХитХСтХитХЦтХитХбтХитХЭтХитФРтХитХЧтХд╨ЯтХд╨РтХитЦС тХд╨ШтХитЦСтХитЦТтХитХЧтХитХЫтХитХЬтХитЦС (тХд╨СтХитХЬтХитЦСтХд╨ЧтХитЦСтХитХЧтХитЦС тХд╨СтХитЦСтХитХЭтХд╨ЫтХитХг тХд╨СтХд╨ТтХитЦСтХд╨РтХд╨ЫтХитХг)
          C:\Users\KusokMedi\Documents\GitHub\BetterShowcase\build\bindings\codegen-build\_deps\json-src\src\impl.hpp(168,16):
          тХитЦУтХд╨ЫтХитФРтХитХЫтХитХЧтХитХЬтХд╨ЯтХитХбтХд╨ТтХд╨СтХд╨Я тХитХСтХитХЫтХитХЭтХитФРтХитХХтХитХЧтХд╨ЯтХд╨ЦтХитХХтХд╨Я тХд╨СтХд╨СтХд╨ЫтХитХЧтХитХСтХитХХ тХитХЬтХитЦС тХд╨ЭтХитХСтХитХЦтХитХбтХитХЭтХитФРтХитХЧтХд╨ЯтХд╨Р тХд╨ШтХитЦСтХитЦТтХитХЧтХитХЫтХитХЬ тХд╨ФтХд╨УтХитХЬтХитХСтХд╨ЦтХитХХтХитХХ "bool matjson::ValueImpl::operatorImpl<std::greater<void>>(const matjson::ValueImpl &,Op &&,bool,bool) const"
          with
          [
              Op=std::greater<void>
          ]
          C:\Users\KusokMedi\Documents\GitHub\BetterShowcase\build\bindings\codegen-build\_deps\json-src\src\impl.hpp(137,53):
          тХитЦУтХд╨ЫтХитФРтХитХЫтХитХЧтХитХЬтХд╨ЯтХитХбтХд╨ТтХд╨СтХд╨Я тХитХСтХитХЫтХитХЭтХитФРтХитХХтХитХЧтХд╨ЯтХд╨ЦтХитХХтХд╨Я тХд╨СтХд╨СтХд╨ЫтХитХЧтХитХСтХитХХ тХитХЬтХитЦС тХд╨ЭтХитХСтХитХЦтХитХбтХитХЭтХитФРтХитХЧтХд╨ЯтХд╨Р тХд╨ШтХитЦСтХитЦТтХитХЧтХитХЫтХитХЬ тХд╨ФтХд╨УтХитХЬтХитХСтХд╨ЦтХитХХтХитХХ "bool std::greater<void>::operator ()<_First,unsigned __int64>(_Ty1 &&,_Ty2 &&) noexcept const"
          with
          [
              _First=intmax_t,
              _Ty1=intmax_t,
              _Ty2=uintmax_t
          ]
  
  parser.cpp
C:\Program Files (x86)\Microsoft Visual Studio\2022\BuildTools\VC\Tools\MSVC\14.44.35207\include\type_traits(2388,54): warning C4018: <: тХитХЬтХитХбтХд╨СтХитХЫтХитХЫтХд╨ТтХитЦУтХитХбтХд╨ТтХд╨СтХд╨ТтХитЦУтХитХХтХитХб тХд╨ТтХитХХтХитФРтХитХЫтХитЦУ тХд╨СтХитХЫ тХитХЦтХитХЬтХитЦСтХитХСтХитХЫтХитХЭ тХитХХ тХитЦТтХитХбтХитХЦ тХитХЦтХитХЬтХитЦСтХитХСтХитЦС [C:\Users\KusokMedi\Documents\GitHub\BetterShowcase\build\bindings\codegen-build\_deps\json-build\mat-json.vcxproj]
  (тХитХСтХитХЫтХитХЭтХитФРтХитХХтХитХЧтХд╨ЯтХд╨ЦтХитХХтХд╨Я тХитХХтХд╨СтХд╨ХтХитХЫтХитФдтХитХЬтХитХЫтХитФВтХитХЫ тХд╨ФтХитЦСтХитХгтХитХЧтХитЦС "../json-src/src/parser.cpp")
      C:\Program Files (x86)\Microsoft Visual Studio\2022\BuildTools\VC\Tools\MSVC\14.44.35207\include\type_traits(2388,54):
      тХитХСтХитХЫтХитХЬтХд╨ТтХитХбтХитХСтХд╨СтХд╨Т тХд╨СтХитХЫтХитХЦтХитФдтХитЦСтХитХЬтХитХХтХд╨Я тХд╨ЭтХитХСтХитХЦтХитХбтХитХЭтХитФРтХитХЧтХд╨ЯтХд╨РтХитЦС тХд╨ШтХитЦСтХитЦТтХитХЧтХитХЫтХитХЬтХитЦС (тХд╨СтХитХЬтХитЦСтХд╨ЧтХитЦСтХитХЧтХитЦС тХд╨СтХитЦСтХитХЭтХд╨ЫтХитХг тХд╨СтХд╨ТтХитЦСтХд╨РтХд╨ЫтХитХг)
          C:\Users\KusokMedi\Documents\GitHub\BetterShowcase\build\bindings\codegen-build\_deps\json-src\src\impl.hpp(162,16):
          тХитЦУтХд╨ЫтХитФРтХитХЫтХитХЧтХитХЬтХд╨ЯтХитХбтХд╨ТтХд╨СтХд╨Я тХитХСтХитХЫтХитХЭтХитФРтХитХХтХитХЧтХд╨ЯтХд╨ЦтХитХХтХд╨Я тХд╨СтХд╨СтХд╨ЫтХитХЧтХитХСтХитХХ тХитХЬтХитЦС тХд╨ЭтХитХСтХитХЦтХитХбтХитХЭтХитФРтХитХЧтХд╨ЯтХд╨Р тХд╨ШтХитЦСтХитЦТтХитХЧтХитХЫтХитХЬ тХд╨ФтХд╨УтХитХЬтХитХСтХд╨ЦтХитХХтХитХХ "bool matjson::ValueImpl::operatorImpl<std::less<void>>(const matjson::ValueImpl &,Op &&,bool,bool) const"
          with
          [
              Op=std::less<void>
          ]
          C:\Users\KusokMedi\Documents\GitHub\BetterShowcase\build\bindings\codegen-build\_deps\json-src\src\impl.hpp(137,53):
          тХитЦУтХитХЫ тХитЦУтХд╨РтХитХбтХитХЭтХд╨Я тХитХСтХитХЫтХитХЭтХитФРтХитХХтХитХЧтХд╨ЯтХд╨ЦтХитХХтХитХХ тХд╨ФтХд╨УтХитХЬтХитХСтХд╨ЦтХитХХтХитХХ-тХд╨ЧтХитХЧтХитХбтХитХЬтХитЦС тХитХСтХитХЧтХитЦСтХд╨СтХд╨С тХд╨ШтХитЦСтХитЦТтХитХЧтХитХЫтХитХЬ "bool std::less<void>::operator ()<_First,unsigned __int64>(_Ty1 &&,_Ty2 &&) noexcept(<expr>) const"
          with
          [
              _First=intmax_t,
              _Ty1=intmax_t,
              _Ty2=uintmax_t
          ]
  
C:\Program Files (x86)\Microsoft Visual Studio\2022\BuildTools\VC\Tools\MSVC\14.44.35207\include\xutility(721,54): warning C4018: >: тХитХЬтХитХбтХд╨СтХитХЫтХитХЫтХд╨ТтХитЦУтХитХбтХд╨ТтХд╨СтХд╨ТтХитЦУтХитХХтХитХб тХд╨ТтХитХХтХитФРтХитХЫтХитЦУ тХд╨СтХитХЫ тХитХЦтХитХЬтХитЦСтХитХСтХитХЫтХитХЭ тХитХХ тХитЦТтХитХбтХитХЦ тХитХЦтХитХЬтХитЦСтХитХСтХитЦС [C:\Users\KusokMedi\Documents\GitHub\BetterShowcase\build\bindings\codegen-build\_deps\json-build\mat-json.vcxproj]
  (тХитХСтХитХЫтХитХЭтХитФРтХитХХтХитХЧтХд╨ЯтХд╨ЦтХитХХтХд╨Я тХитХХтХд╨СтХд╨ХтХитХЫтХитФдтХитХЬтХитХЫтХитФВтХитХЫ тХд╨ФтХитЦСтХитХгтХитХЧтХитЦС "../json-src/src/parser.cpp")
      C:\Program Files (x86)\Microsoft Visual Studio\2022\BuildTools\VC\Tools\MSVC\14.44.35207\include\xutility(721,54):
      тХитХСтХитХЫтХитХЬтХд╨ТтХитХбтХитХСтХд╨СтХд╨Т тХд╨СтХитХЫтХитХЦтХитФдтХитЦСтХитХЬтХитХХтХд╨Я тХд╨ЭтХитХСтХитХЦтХитХбтХитХЭтХитФРтХитХЧтХд╨ЯтХд╨РтХитЦС тХд╨ШтХитЦСтХитЦТтХитХЧтХитХЫтХитХЬтХитЦС (тХд╨СтХитХЬтХитЦСтХд╨ЧтХитЦСтХитХЧтХитЦС тХд╨СтХитЦСтХитХЭтХд╨ЫтХитХг тХд╨СтХд╨ТтХитЦСтХд╨РтХд╨ЫтХитХг)
          C:\Users\KusokMedi\Documents\GitHub\BetterShowcase\build\bindings\codegen-build\_deps\json-src\src\impl.hpp(168,16):
          тХитЦУтХд╨ЫтХитФРтХитХЫтХитХЧтХитХЬтХд╨ЯтХитХбтХд╨ТтХд╨СтХд╨Я тХитХСтХитХЫтХитХЭтХитФРтХитХХтХитХЧтХд╨ЯтХд╨ЦтХитХХтХд╨Я тХд╨СтХд╨СтХд╨ЫтХитХЧтХитХСтХитХХ тХитХЬтХитЦС тХд╨ЭтХитХСтХитХЦтХитХбтХитХЭтХитФРтХитХЧтХд╨ЯтХд╨Р тХд╨ШтХитЦСтХитЦТтХитХЧтХитХЫтХитХЬ тХд╨ФтХд╨УтХитХЬтХитХСтХд╨ЦтХитХХтХитХХ "bool matjson::ValueImpl::operatorImpl<std::greater<void>>(const matjson::ValueImpl &,Op &&,bool,bool) const"
          with
          [
              Op=std::greater<void>
          ]
          C:\Users\KusokMedi\Documents\GitHub\BetterShowcase\build\bindings\codegen-build\_deps\json-src\src\impl.hpp(137,53):
          тХитЦУтХитХЫ тХитЦУтХд╨РтХитХбтХитХЭтХд╨Я тХитХСтХитХЫтХитХЭтХитФРтХитХХтХитХЧтХд╨ЯтХд╨ЦтХитХХтХитХХ тХд╨ФтХд╨УтХитХЬтХитХСтХд╨ЦтХитХХтХитХХ-тХд╨ЧтХитХЧтХитХбтХитХЬтХитЦС тХитХСтХитХЧтХитЦСтХд╨СтХд╨С тХд╨ШтХитЦСтХитЦТтХитХЧтХитХЫтХитХЬ "bool std::greater<void>::operator ()<_First,unsigned __int64>(_Ty1 &&,_Ty2 &&) noexcept(<expr>) const"
          with
          [
              _First=intmax_t,
              _Ty1=intmax_t,
              _Ty2=uintmax_t
          ]
  
C:\Program Files (x86)\Microsoft Visual Studio\2022\BuildTools\VC\Tools\MSVC\14.44.35207\include\type_traits(2390,43): warning C4018: <: тХитХЬтХитХбтХд╨СтХитХЫтХитХЫтХд╨ТтХитЦУтХитХбтХд╨ТтХд╨СтХд╨ТтХитЦУтХитХХтХитХб тХд╨ТтХитХХтХитФРтХитХЫтХитЦУ тХд╨СтХитХЫ тХитХЦтХитХЬтХитЦСтХитХСтХитХЫтХитХЭ тХитХХ тХитЦТтХитХбтХитХЦ тХитХЦтХитХЬтХитЦСтХитХСтХитЦС [C:\Users\KusokMedi\Documents\GitHub\BetterShowcase\build\bindings\codegen-build\_deps\json-build\mat-json.vcxproj]
  (тХитХСтХитХЫтХитХЭтХитФРтХитХХтХитХЧтХд╨ЯтХд╨ЦтХитХХтХд╨Я тХитХХтХд╨СтХд╨ХтХитХЫтХитФдтХитХЬтХитХЫтХитФВтХитХЫ тХд╨ФтХитЦСтХитХгтХитХЧтХитЦС "../json-src/src/parser.cpp")
      C:\Program Files (x86)\Microsoft Visual Studio\2022\BuildTools\VC\Tools\MSVC\14.44.35207\include\type_traits(2390,43):
      тХитХСтХитХЫтХитХЬтХд╨ТтХитХбтХитХСтХд╨СтХд╨Т тХд╨СтХитХЫтХитХЦтХитФдтХитЦСтХитХЬтХитХХтХд╨Я тХд╨ЭтХитХСтХитХЦтХитХбтХитХЭтХитФРтХитХЧтХд╨ЯтХд╨РтХитЦС тХд╨ШтХитЦСтХитЦТтХитХЧтХитХЫтХитХЬтХитЦС (тХд╨СтХитХЬтХитЦСтХд╨ЧтХитЦСтХитХЧтХитЦС тХд╨СтХитЦСтХитХЭтХд╨ЫтХитХг тХд╨СтХд╨ТтХитЦСтХд╨РтХд╨ЫтХитХг)
          C:\Users\KusokMedi\Documents\GitHub\BetterShowcase\build\bindings\codegen-build\_deps\json-src\src\impl.hpp(162,16):
          тХитЦУтХд╨ЫтХитФРтХитХЫтХитХЧтХитХЬтХд╨ЯтХитХбтХд╨ТтХд╨СтХд╨Я тХитХСтХитХЫтХитХЭтХитФРтХитХХтХитХЧтХд╨ЯтХд╨ЦтХитХХтХд╨Я тХд╨СтХд╨СтХд╨ЫтХитХЧтХитХСтХитХХ тХитХЬтХитЦС тХд╨ЭтХитХСтХитХЦтХитХбтХитХЭтХитФРтХитХЧтХд╨ЯтХд╨Р тХд╨ШтХитЦСтХитЦТтХитХЧтХитХЫтХитХЬ тХд╨ФтХд╨УтХитХЬтХитХСтХд╨ЦтХитХХтХитХХ "bool matjson::ValueImpl::operatorImpl<std::less<void>>(const matjson::ValueImpl &,Op &&,bool,bool) const"
          with
          [
              Op=std::less<void>
          ]
          C:\Users\KusokMedi\Documents\GitHub\BetterShowcase\build\bindings\codegen-build\_deps\json-src\src\impl.hpp(137,53):
          тХитЦУтХд╨ЫтХитФРтХитХЫтХитХЧтХитХЬтХд╨ЯтХитХбтХд╨ТтХд╨СтХд╨Я тХитХСтХитХЫтХитХЭтХитФРтХитХХтХитХЧтХд╨ЯтХд╨ЦтХитХХтХд╨Я тХд╨СтХд╨СтХд╨ЫтХитХЧтХитХСтХитХХ тХитХЬтХитЦС тХд╨ЭтХитХСтХитХЦтХитХбтХитХЭтХитФРтХитХЧтХд╨ЯтХд╨Р тХд╨ШтХитЦСтХитЦТтХитХЧтХитХЫтХитХЬ тХд╨ФтХд╨УтХитХЬтХитХСтХд╨ЦтХитХХтХитХХ "bool std::less<void>::operator ()<_First,unsigned __int64>(_Ty1 &&,_Ty2 &&) noexcept const"
          with
          [
              _First=intmax_t,
              _Ty1=intmax_t,
              _Ty2=uintmax_t
          ]
  
C:\Program Files (x86)\Microsoft Visual Studio\2022\BuildTools\VC\Tools\MSVC\14.44.35207\include\xutility(723,43): warning C4018: >: тХитХЬтХитХбтХд╨СтХитХЫтХитХЫтХд╨ТтХитЦУтХитХбтХд╨ТтХд╨СтХд╨ТтХитЦУтХитХХтХитХб тХд╨ТтХитХХтХитФРтХитХЫтХитЦУ тХд╨СтХитХЫ тХитХЦтХитХЬтХитЦСтХитХСтХитХЫтХитХЭ тХитХХ тХитЦТтХитХбтХитХЦ тХитХЦтХитХЬтХитЦСтХитХСтХитЦС [C:\Users\KusokMedi\Documents\GitHub\BetterShowcase\build\bindings\codegen-build\_deps\json-build\mat-json.vcxproj]
  (тХитХСтХитХЫтХитХЭтХитФРтХитХХтХитХЧтХд╨ЯтХд╨ЦтХитХХтХд╨Я тХитХХтХд╨СтХд╨ХтХитХЫтХитФдтХитХЬтХитХЫтХитФВтХитХЫ тХд╨ФтХитЦСтХитХгтХитХЧтХитЦС "../json-src/src/parser.cpp")
      C:\Program Files (x86)\Microsoft Visual Studio\2022\BuildTools\VC\Tools\MSVC\14.44.35207\include\xutility(723,43):
      тХитХСтХитХЫтХитХЬтХд╨ТтХитХбтХитХСтХд╨СтХд╨Т тХд╨СтХитХЫтХитХЦтХитФдтХитЦСтХитХЬтХитХХтХд╨Я тХд╨ЭтХитХСтХитХЦтХитХбтХитХЭтХитФРтХитХЧтХд╨ЯтХд╨РтХитЦС тХд╨ШтХитЦСтХитЦТтХитХЧтХитХЫтХитХЬтХитЦС (тХд╨СтХитХЬтХитЦСтХд╨ЧтХитЦСтХитХЧтХитЦС тХд╨СтХитЦСтХитХЭтХд╨ЫтХитХг тХд╨СтХд╨ТтХитЦСтХд╨РтХд╨ЫтХитХг)
          C:\Users\KusokMedi\Documents\GitHub\BetterShowcase\build\bindings\codegen-build\_deps\json-src\src\impl.hpp(168,16):
          тХитЦУтХд╨ЫтХитФРтХитХЫтХитХЧтХитХЬтХд╨ЯтХитХбтХд╨ТтХд╨СтХд╨Я тХитХСтХитХЫтХитХЭтХитФРтХитХХтХитХЧтХд╨ЯтХд╨ЦтХитХХтХд╨Я тХд╨СтХд╨СтХд╨ЫтХитХЧтХитХСтХитХХ тХитХЬтХитЦС тХд╨ЭтХитХСтХитХЦтХитХбтХитХЭтХитФРтХитХЧтХд╨ЯтХд╨Р тХд╨ШтХитЦСтХитЦТтХитХЧтХитХЫтХитХЬ тХд╨ФтХд╨УтХитХЬтХитХСтХд╨ЦтХитХХтХитХХ "bool matjson::ValueImpl::operatorImpl<std::greater<void>>(const matjson::ValueImpl &,Op &&,bool,bool) const"
          with
          [
              Op=std::greater<void>
          ]
          C:\Users\KusokMedi\Documents\GitHub\BetterShowcase\build\bindings\codegen-build\_deps\json-src\src\impl.hpp(137,53):
          тХитЦУтХд╨ЫтХитФРтХитХЫтХитХЧтХитХЬтХд╨ЯтХитХбтХд╨ТтХд╨СтХд╨Я тХитХСтХитХЫтХитХЭтХитФРтХитХХтХитХЧтХд╨ЯтХд╨ЦтХитХХтХд╨Я тХд╨СтХд╨СтХд╨ЫтХитХЧтХитХСтХитХХ тХитХЬтХитЦС тХд╨ЭтХитХСтХитХЦтХитХбтХитХЭтХитФРтХитХЧтХд╨ЯтХд╨Р тХд╨ШтХитЦСтХитЦТтХитХЧтХитХЫтХитХЬ тХд╨ФтХд╨УтХитХЬтХитХСтХд╨ЦтХитХХтХитХХ "bool std::greater<void>::operator ()<_First,unsigned __int64>(_Ty1 &&,_Ty2 &&) noexcept const"
          with
          [
              _First=intmax_t,
              _Ty1=intmax_t,
              _Ty2=uintmax_t
          ]
  
  dump.cpp
C:\Program Files (x86)\Microsoft Visual Studio\2022\BuildTools\VC\Tools\MSVC\14.44.35207\include\type_traits(2388,54): warning C4018: <: тХитХЬтХитХбтХд╨СтХитХЫтХитХЫтХд╨ТтХитЦУтХитХбтХд╨ТтХд╨СтХд╨ТтХитЦУтХитХХтХитХб тХд╨ТтХитХХтХитФРтХитХЫтХитЦУ тХд╨СтХитХЫ тХитХЦтХитХЬтХитЦСтХитХСтХитХЫтХитХЭ тХитХХ тХитЦТтХитХбтХитХЦ тХитХЦтХитХЬтХитЦСтХитХСтХитЦС [C:\Users\KusokMedi\Documents\GitHub\BetterShowcase\build\bindings\codegen-build\_deps\json-build\mat-json.vcxproj]
  (тХитХСтХитХЫтХитХЭтХитФРтХитХХтХитХЧтХд╨ЯтХд╨ЦтХитХХтХд╨Я тХитХХтХд╨СтХд╨ХтХитХЫтХитФдтХитХЬтХитХЫтХитФВтХитХЫ тХд╨ФтХитЦСтХитХгтХитХЧтХитЦС "../json-src/src/dump.cpp")
      C:\Program Files (x86)\Microsoft Visual Studio\2022\BuildTools\VC\Tools\MSVC\14.44.35207\include\type_traits(2388,54):
      тХитХСтХитХЫтХитХЬтХд╨ТтХитХбтХитХСтХд╨СтХд╨Т тХд╨СтХитХЫтХитХЦтХитФдтХитЦСтХитХЬтХитХХтХд╨Я тХд╨ЭтХитХСтХитХЦтХитХбтХитХЭтХитФРтХитХЧтХд╨ЯтХд╨РтХитЦС тХд╨ШтХитЦСтХитЦТтХитХЧтХитХЫтХитХЬтХитЦС (тХд╨СтХитХЬтХитЦСтХд╨ЧтХитЦСтХитХЧтХитЦС тХд╨СтХитЦСтХитХЭтХд╨ЫтХитХг тХд╨СтХд╨ТтХитЦСтХд╨РтХд╨ЫтХитХг)
          C:\Users\KusokMedi\Documents\GitHub\BetterShowcase\build\bindings\codegen-build\_deps\json-src\src\impl.hpp(162,16):
          тХитЦУтХд╨ЫтХитФРтХитХЫтХитХЧтХитХЬтХд╨ЯтХитХбтХд╨ТтХд╨СтХд╨Я тХитХСтХитХЫтХитХЭтХитФРтХитХХтХитХЧтХд╨ЯтХд╨ЦтХитХХтХд╨Я тХд╨СтХд╨СтХд╨ЫтХитХЧтХитХСтХитХХ тХитХЬтХитЦС тХд╨ЭтХитХСтХитХЦтХитХбтХитХЭтХитФРтХитХЧтХд╨ЯтХд╨Р тХд╨ШтХитЦСтХитЦТтХитХЧтХитХЫтХитХЬ тХд╨ФтХд╨УтХитХЬтХитХСтХд╨ЦтХитХХтХитХХ "bool matjson::ValueImpl::operatorImpl<std::less<void>>(const matjson::ValueImpl &,Op &&,bool,bool) const"
          with
          [
              Op=std::less<void>
          ]
          C:\Users\KusokMedi\Documents\GitHub\BetterShowcase\build\bindings\codegen-build\_deps\json-src\src\impl.hpp(137,53):
          тХитЦУтХитХЫ тХитЦУтХд╨РтХитХбтХитХЭтХд╨Я тХитХСтХитХЫтХитХЭтХитФРтХитХХтХитХЧтХд╨ЯтХд╨ЦтХитХХтХитХХ тХд╨ФтХд╨УтХитХЬтХитХСтХд╨ЦтХитХХтХитХХ-тХд╨ЧтХитХЧтХитХбтХитХЬтХитЦС тХитХСтХитХЧтХитЦСтХд╨СтХд╨С тХд╨ШтХитЦСтХитЦТтХитХЧтХитХЫтХитХЬ "bool std::less<void>::operator ()<_First,unsigned __int64>(_Ty1 &&,_Ty2 &&) noexcept(<expr>) const"
          with
          [
              _First=intmax_t,
              _Ty1=intmax_t,
              _Ty2=uintmax_t
          ]
  
C:\Program Files (x86)\Microsoft Visual Studio\2022\BuildTools\VC\Tools\MSVC\14.44.35207\include\xutility(721,54): warning C4018: >: тХитХЬтХитХбтХд╨СтХитХЫтХитХЫтХд╨ТтХитЦУтХитХбтХд╨ТтХд╨СтХд╨ТтХитЦУтХитХХтХитХб тХд╨ТтХитХХтХитФРтХитХЫтХитЦУ тХд╨СтХитХЫ тХитХЦтХитХЬтХитЦСтХитХСтХитХЫтХитХЭ тХитХХ тХитЦТтХитХбтХитХЦ тХитХЦтХитХЬтХитЦСтХитХСтХитЦС [C:\Users\KusokMedi\Documents\GitHub\BetterShowcase\build\bindings\codegen-build\_deps\json-build\mat-json.vcxproj]
  (тХитХСтХитХЫтХитХЭтХитФРтХитХХтХитХЧтХд╨ЯтХд╨ЦтХитХХтХд╨Я тХитХХтХд╨СтХд╨ХтХитХЫтХитФдтХитХЬтХитХЫтХитФВтХитХЫ тХд╨ФтХитЦСтХитХгтХитХЧтХитЦС "../json-src/src/dump.cpp")
      C:\Program Files (x86)\Microsoft Visual Studio\2022\BuildTools\VC\Tools\MSVC\14.44.35207\include\xutility(721,54):
      тХитХСтХитХЫтХитХЬтХд╨ТтХитХбтХитХСтХд╨СтХд╨Т тХд╨СтХитХЫтХитХЦтХитФдтХитЦСтХитХЬтХитХХтХд╨Я тХд╨ЭтХитХСтХитХЦтХитХбтХитХЭтХитФРтХитХЧтХд╨ЯтХд╨РтХитЦС тХд╨ШтХитЦСтХитЦТтХитХЧтХитХЫтХитХЬтХитЦС (тХд╨СтХитХЬтХитЦСтХд╨ЧтХитЦСтХитХЧтХитЦС тХд╨СтХитЦСтХитХЭтХд╨ЫтХитХг тХд╨СтХд╨ТтХитЦСтХд╨РтХд╨ЫтХитХг)
          C:\Users\KusokMedi\Documents\GitHub\BetterShowcase\build\bindings\codegen-build\_deps\json-src\src\impl.hpp(168,16):
          тХитЦУтХд╨ЫтХитФРтХитХЫтХитХЧтХитХЬтХд╨ЯтХитХбтХд╨ТтХд╨СтХд╨Я тХитХСтХитХЫтХитХЭтХитФРтХитХХтХитХЧтХд╨ЯтХд╨ЦтХитХХтХд╨Я тХд╨СтХд╨СтХд╨ЫтХитХЧтХитХСтХитХХ тХитХЬтХитЦС тХд╨ЭтХитХСтХитХЦтХитХбтХитХЭтХитФРтХитХЧтХд╨ЯтХд╨Р тХд╨ШтХитЦСтХитЦТтХитХЧтХитХЫтХитХЬ тХд╨ФтХд╨УтХитХЬтХитХСтХд╨ЦтХитХХтХитХХ "bool matjson::ValueImpl::operatorImpl<std::greater<void>>(const matjson::ValueImpl &,Op &&,bool,bool) const"
          with
          [
              Op=std::greater<void>
          ]
          C:\Users\KusokMedi\Documents\GitHub\BetterShowcase\build\bindings\codegen-build\_deps\json-src\src\impl.hpp(137,53):
          тХитЦУтХитХЫ тХитЦУтХд╨РтХитХбтХитХЭтХд╨Я тХитХСтХитХЫтХитХЭтХитФРтХитХХтХитХЧтХд╨ЯтХд╨ЦтХитХХтХитХХ тХд╨ФтХд╨УтХитХЬтХитХСтХд╨ЦтХитХХтХитХХ-тХд╨ЧтХитХЧтХитХбтХитХЬтХитЦС тХитХСтХитХЧтХитЦСтХд╨СтХд╨С тХд╨ШтХитЦСтХитЦТтХитХЧтХитХЫтХитХЬ "bool std::greater<void>::operator ()<_First,unsigned __int64>(_Ty1 &&,_Ty2 &&) noexcept(<expr>) const"
          with
          [
              _First=intmax_t,
              _Ty1=intmax_t,
              _Ty2=uintmax_t
          ]
  
C:\Program Files (x86)\Microsoft Visual Studio\2022\BuildTools\VC\Tools\MSVC\14.44.35207\include\type_traits(2390,43): warning C4018: <: тХитХЬтХитХбтХд╨СтХитХЫтХитХЫтХд╨ТтХитЦУтХитХбтХд╨ТтХд╨СтХд╨ТтХитЦУтХитХХтХитХб тХд╨ТтХитХХтХитФРтХитХЫтХитЦУ тХд╨СтХитХЫ тХитХЦтХитХЬтХитЦСтХитХСтХитХЫтХитХЭ тХитХХ тХитЦТтХитХбтХитХЦ тХитХЦтХитХЬтХитЦСтХитХСтХитЦС [C:\Users\KusokMedi\Documents\GitHub\BetterShowcase\build\bindings\codegen-build\_deps\json-build\mat-json.vcxproj]
  (тХитХСтХитХЫтХитХЭтХитФРтХитХХтХитХЧтХд╨ЯтХд╨ЦтХитХХтХд╨Я тХитХХтХд╨СтХд╨ХтХитХЫтХитФдтХитХЬтХитХЫтХитФВтХитХЫ тХд╨ФтХитЦСтХитХгтХитХЧтХитЦС "../json-src/src/dump.cpp")
      C:\Program Files (x86)\Microsoft Visual Studio\2022\BuildTools\VC\Tools\MSVC\14.44.35207\include\type_traits(2390,43):
      тХитХСтХитХЫтХитХЬтХд╨ТтХитХбтХитХСтХд╨СтХд╨Т тХд╨СтХитХЫтХитХЦтХитФдтХитЦСтХитХЬтХитХХтХд╨Я тХд╨ЭтХитХСтХитХЦтХитХбтХитХЭтХитФРтХитХЧтХд╨ЯтХд╨РтХитЦС тХд╨ШтХитЦСтХитЦТтХитХЧтХитХЫтХитХЬтХитЦС (тХд╨СтХитХЬтХитЦСтХд╨ЧтХитЦСтХитХЧтХитЦС тХд╨СтХитЦСтХитХЭтХд╨ЫтХитХг тХд╨СтХд╨ТтХитЦСтХд╨РтХд╨ЫтХитХг)
          C:\Users\KusokMedi\Documents\GitHub\BetterShowcase\build\bindings\codegen-build\_deps\json-src\src\impl.hpp(162,16):
          тХитЦУтХд╨ЫтХитФРтХитХЫтХитХЧтХитХЬтХд╨ЯтХитХбтХд╨ТтХд╨СтХд╨Я тХитХСтХитХЫтХитХЭтХитФРтХитХХтХитХЧтХд╨ЯтХд╨ЦтХитХХтХд╨Я тХд╨СтХд╨СтХд╨ЫтХитХЧтХитХСтХитХХ тХитХЬтХитЦС тХд╨ЭтХитХСтХитХЦтХитХбтХитХЭтХитФРтХитХЧтХд╨ЯтХд╨Р тХд╨ШтХитЦСтХитЦТтХитХЧтХитХЫтХитХЬ тХд╨ФтХд╨УтХитХЬтХитХСтХд╨ЦтХитХХтХитХХ "bool matjson::ValueImpl::operatorImpl<std::less<void>>(const matjson::ValueImpl &,Op &&,bool,bool) const"
          with
          [
              Op=std::less<void>
          ]
          C:\Users\KusokMedi\Documents\GitHub\BetterShowcase\build\bindings\codegen-build\_deps\json-src\src\impl.hpp(137,53):
          тХитЦУтХд╨ЫтХитФРтХитХЫтХитХЧтХитХЬтХд╨ЯтХитХбтХд╨ТтХд╨СтХд╨Я тХитХСтХитХЫтХитХЭтХитФРтХитХХтХитХЧтХд╨ЯтХд╨ЦтХитХХтХд╨Я тХд╨СтХд╨СтХд╨ЫтХитХЧтХитХСтХитХХ тХитХЬтХитЦС тХд╨ЭтХитХСтХитХЦтХитХбтХитХЭтХитФРтХитХЧтХд╨ЯтХд╨Р тХд╨ШтХитЦСтХитЦТтХитХЧтХитХЫтХитХЬ тХд╨ФтХд╨УтХитХЬтХитХСтХд╨ЦтХитХХтХитХХ "bool std::less<void>::operator ()<_First,unsigned __int64>(_Ty1 &&,_Ty2 &&) noexcept const"
          with
          [
              _First=intmax_t,
              _Ty1=intmax_t,
              _Ty2=uintmax_t
          ]
  
C:\Program Files (x86)\Microsoft Visual Studio\2022\BuildTools\VC\Tools\MSVC\14.44.35207\include\xutility(723,43): warning C4018: >: тХитХЬтХитХбтХд╨СтХитХЫтХитХЫтХд╨ТтХитЦУтХитХбтХд╨ТтХд╨СтХд╨ТтХитЦУтХитХХтХитХб тХд╨ТтХитХХтХитФРтХитХЫтХитЦУ тХд╨СтХитХЫ тХитХЦтХитХЬтХитЦСтХитХСтХитХЫтХитХЭ тХитХХ тХитЦТтХитХбтХитХЦ тХитХЦтХитХЬтХитЦСтХитХСтХитЦС [C:\Users\KusokMedi\Documents\GitHub\BetterShowcase\build\bindings\codegen-build\_deps\json-build\mat-json.vcxproj]
  (тХитХСтХитХЫтХитХЭтХитФРтХитХХтХитХЧтХд╨ЯтХд╨ЦтХитХХтХд╨Я тХитХХтХд╨СтХд╨ХтХитХЫтХитФдтХитХЬтХитХЫтХитФВтХитХЫ тХд╨ФтХитЦСтХитХгтХитХЧтХитЦС "../json-src/src/dump.cpp")
      C:\Program Files (x86)\Microsoft Visual Studio\2022\BuildTools\VC\Tools\MSVC\14.44.35207\include\xutility(723,43):
      тХитХСтХитХЫтХитХЬтХд╨ТтХитХбтХитХСтХд╨СтХд╨Т тХд╨СтХитХЫтХитХЦтХитФдтХитЦСтХитХЬтХитХХтХд╨Я тХд╨ЭтХитХСтХитХЦтХитХбтХитХЭтХитФРтХитХЧтХд╨ЯтХд╨РтХитЦС тХд╨ШтХитЦСтХитЦТтХитХЧтХитХЫтХитХЬтХитЦС (тХд╨СтХитХЬтХитЦСтХд╨ЧтХитЦСтХитХЧтХитЦС тХд╨СтХитЦСтХитХЭтХд╨ЫтХитХг тХд╨СтХд╨ТтХитЦСтХд╨РтХд╨ЫтХитХг)
          C:\Users\KusokMedi\Documents\GitHub\BetterShowcase\build\bindings\codegen-build\_deps\json-src\src\impl.hpp(168,16):
          тХитЦУтХд╨ЫтХитФРтХитХЫтХитХЧтХитХЬтХд╨ЯтХитХбтХд╨ТтХд╨СтХд╨Я тХитХСтХитХЫтХитХЭтХитФРтХитХХтХитХЧтХд╨ЯтХд╨ЦтХитХХтХд╨Я тХд╨СтХд╨СтХд╨ЫтХитХЧтХитХСтХитХХ тХитХЬтХитЦС тХд╨ЭтХитХСтХитХЦтХитХбтХитХЭтХитФРтХитХЧтХд╨ЯтХд╨Р тХд╨ШтХитЦСтХитЦТтХитХЧтХитХЫтХитХЬ тХд╨ФтХд╨УтХитХЬтХитХСтХд╨ЦтХитХХтХитХХ "bool matjson::ValueImpl::operatorImpl<std::greater<void>>(const matjson::ValueImpl &,Op &&,bool,bool) const"
          with
          [
              Op=std::greater<void>
          ]
          C:\Users\KusokMedi\Documents\GitHub\BetterShowcase\build\bindings\codegen-build\_deps\json-src\src\impl.hpp(137,53):
          тХитЦУтХд╨ЫтХитФРтХитХЫтХитХЧтХитХЬтХд╨ЯтХитХбтХд╨ТтХд╨СтХд╨Я тХитХСтХитХЫтХитХЭтХитФРтХитХХтХитХЧтХд╨ЯтХд╨ЦтХитХХтХд╨Я тХд╨СтХд╨СтХд╨ЫтХитХЧтХитХСтХитХХ тХитХЬтХитЦС тХд╨ЭтХитХСтХитХЦтХитХбтХитХЭтХитФРтХитХЧтХд╨ЯтХд╨Р тХд╨ШтХитЦСтХитЦТтХитХЧтХитХЫтХитХЬ тХд╨ФтХд╨УтХитХЬтХитХСтХд╨ЦтХитХХтХитХХ "bool std::greater<void>::operator ()<_First,unsigned __int64>(_Ty1 &&,_Ty2 &&) noexcept const"
          with
          [
              _First=intmax_t,
              _Ty1=intmax_t,
              _Ty2=uintmax_t
          ]
  
  тХи╨▒тХитХЫтХитХЦтХитФдтХитЦСтХитХЬтХитХХтХитХб тХитХСтХитХЫтХитФдтХитЦС...
  mat-json.vcxproj -> C:\Users\KusokMedi\Documents\GitHub\BetterShowcase\build\bindings\codegen-build\_deps\json-build\Release\mat-json.lib
  Building Custom Rule C:/Users/KusokMedi/Documents/GitHub/BetterShowcase/build/_deps/bindings-src/codegen/CMakeLists.txt
  cmake_pch.cxx
  Main.cpp
  AndroidSymbol.cpp
  WindowsSymbol.cpp
  BindingGen.cpp
  InlineGen.cpp
  JsonInterfaceGen.cpp
  ModifyGen.cpp
  PredeclareGen.cpp
  SourceGen.cpp
  тХи╨▒тХитХЫтХитХЦтХитФдтХитЦСтХитХЬтХитХХтХитХб тХитХСтХитХЫтХитФдтХитЦС...
  Codegen.vcxproj -> C:\Users\KusokMedi\Documents\GitHub\BetterShowcase\build\bindings\codegen-build\Release\Codegen.exe
  Building Custom Rule C:/Users/KusokMedi/Documents/GitHub/BetterShowcase/build/_deps/bindings-src/codegen/CMakeLists.txt
'C:/Program Files (x86)/Microsoft Visual Studio/2022/BuildTools/Common7/IDE/CommonExtensions/Microsoft/CMake/CMake/bin/cmake.exe' '--install' 'C:/Users/KusokMedi/Documents/GitHub/BetterShowcase/build/bindings/codegen-build' '--config' 'Release' '--prefix' 'C:/Users/KusokMedi/Documents/GitHub/BetterShowcase/build/bindings/codegen'
-- Installing: C:/Users/KusokMedi/Documents/GitHub/BetterShowcase/build/bindings/codegen/Codegen.exe
-- Running Codegen
'./Codegen' 'Win64' 'C:/Users/KusokMedi/Documents/GitHub/BetterShowcase/build/_deps/bindings-src/bindings/2.2081' 'C:/Users/KusokMedi/Documents/GitHub/BetterShowcase/build/bindings/bindings'
-- Setting up xdBot2
-- Mod kusokmedi.bettershowcase is compiling for Geode version 5.7.1
-- Mod kusokmedi.bettershowcase is compiling for Geometry Dash version 2.2081
| Info | Dependency 'geode.custom-keybinds' found in cache
| Info | Fetching dependency from index
| Info | Dependency found: eclipse.ffmpeg-api, version 2.0.0
| Info | Downloading dependency
| Info | Success
| Info | Writing dependency to temp file
| Info | Dependency 'eclipse.ffmpeg-api' found
| Done | All dependencies resolved
-- Configuring done (367.9s)
-- Generating done (1.7s)
-- Build files have been written to: C:/Users/KusokMedi/Documents/GitHub/BetterShowcase/build
╨Т╨╡╤А╤Б╨╕╤П MSBuild 17.14.40+3e7442088 ╨┤╨╗╤П .NET Framework

  Checking File Globs
  1>Checking Build System
  Building Custom Rule C:/Users/KusokMedi/Documents/GitHub/BetterShowcase/build/_deps/fmt-src/CMakeLists.txt
  format.cc
C:\Users\KusokMedi\Documents\GitHub\BetterShowcase\build\_deps\fmt-src\include\fmt\base.h(930,12): warning C4834: ╤Г╨┤╨░╨╗╨╡╨╜╨╕╨╡ ╨▓╨╛╨╖╨▓╤А╨░╤Й╨░╨╡╨╝╨╛╨│╨╛ ╨╖╨╜╨░╤З╨╡╨╜╨╕╤П ╤Д╤Г╨╜╨║╤Ж╨╕╨╕ ╤Б ╨░╤В╤А╨╕╨▒╤Г╤В╨╛╨╝ [[nodiscard]] [C:\Users\KusokMedi\Documents\GitHub\BetterShowcase\build\_deps\fmt-build\fmt.vcxproj]
  (╨║╨╛╨╝╨┐╨╕╨╗╤П╤Ж╨╕╤П ╨╕╤Б╤Е╨╛╨┤╨╜╨╛╨│╨╛ ╤Д╨░╨╣╨╗╨░ "../fmt-src/src/format.cc")
      C:\Users\KusokMedi\Documents\GitHub\BetterShowcase\build\_deps\fmt-src\include\fmt\base.h(930,12):
      ╨║╨╛╨╜╤В╨╡╨║╤Б╤В ╤Б╨╛╨╖╨┤╨░╨╜╨╕╤П ╤Н╨║╨╖╨╡╨╝╨┐╨╗╤П╤А╨░ ╤И╨░╨▒╨╗╨╛╨╜╨░ (╤Б╨╜╨░╤З╨░╨╗╨░ ╤Б╨░╨╝╤Л╨╣ ╤Б╤В╨░╤А╤Л╨╣)
          C:\Users\KusokMedi\Documents\GitHub\BetterShowcase\build\_deps\fmt-src\src\format.cc(13,30):
          ╨▓╤Л╨┐╨╛╨╗╨╜╤П╨╡╤В╤Б╤П ╨║╨╛╨╝╨┐╨╕╨╗╤П╤Ж╨╕╤П ╤Б╤Б╤Л╨╗╨║╨╕ ╨╜╨░ ╤Н╨║╨╖╨╡╨╝╨┐╨╗╤П╤А ╤И╨░╨▒╨╗╨╛╨╜ ╤Д╤Г╨╜╨║╤Ж╨╕╨╕ "fmt::v12::locale_ref::locale_ref<std::locale,0>(const std::locale &)"
  
  os.cc
  ╨б╨╛╨╖╨┤╨░╨╜╨╕╨╡ ╨║╨╛╨┤╨░...
  fmt.vcxproj -> C:\Users\KusokMedi\Documents\GitHub\BetterShowcase\build\_deps\fmt-build\Release\fmt.lib
  Building Custom Rule C:/Users/KusokMedi/Documents/GitHub/BetterShowcase/build/_deps/asp2-src/CMakeLists.txt
  unity_0_cxx.cxx
  asp.vcxproj -> C:\Users\KusokMedi\Documents\GitHub\BetterShowcase\build\_deps\asp2-build\Release\asp.lib
  Building Custom Rule C:/Users/KusokMedi/Documents/GitHub/BetterShowcase/build/_deps/arc-src/CMakeLists.txt
  unity_0_cxx.cxx
  arc.vcxproj -> C:\Users\KusokMedi\Documents\GitHub\BetterShowcase\build\_deps\arc-build\Release\arc.lib
  Running Codegen
  Building Custom Rule C:/Users/KusokMedi/Documents/GitHub/BetterShowcase/build/_deps/bindings-src/CMakeLists.txt
C:\Program Files (x86)\Microsoft Visual Studio\2022\BuildTools\MSBuild\Microsoft\VC\v170\Microsoft.CppBuild.targets(1129,5): warning MSB8027: ╨┤╨▓╨░ ╨╕╨╗╨╕ ╨▒╨╛╨╗╨╡╨╡ ╤Д╨░╨╣╨╗╨╛╨▓ ╤Б ╨╕╨╝╨╡╨╜╨╡╨╝ AccountHelpLayer.cpp ╨▓╤Л╨▓╨╛╨┤╤П╤В ╤А╨╡╨╖╤Г╨╗╤М╤В╨░╤В╤Л ╨▓ ╨╛╨┤╨╜╨╛ ╨╕ ╤В╨╛ ╨╢╨╡ ╤А╨░╤Б╨┐╨╛╨╗╨╛╨╢╨╡╨╜╨╕╨╡. ╨н╤В╨╛ ╨╝╨╛╨╢╨╡╤В ╤Б╤В╨░╤В╤М ╨┐╤А╨╕╤З╨╕╨╜╨╛╨╣ ╨╜╨╡╨▓╨╡╤А╨╜╨╛╨│╨╛ ╤А╨╡╨╖╤Г╨╗╤М╤В╨░╤В╨░ ╤Б╨▒╨╛╤А╨║╨╕.  ╨Т╨║╨╗╤О╤З╨╡╨╜╨╜╤Л╨╡ ╤Д╨░╨╣╨╗╤Л тАФ C:\Users\KusokMedi\Documents\GitHub\BetterShowcase\build\_deps\bindings-src\bindings\2.2081\inline\AccountHelpLayer.cpp, C:\Users\KusokMedi\Documents\GitHub\BetterShowcase\build\bindings\bindings\Geode\source\AccountHelpLayer.cpp. [C:\Users\KusokMedi\Documents\GitHub\BetterShowcase\build\bindings\GeodeBindings.vcxproj]
C:\Program Files (x86)\Microsoft Visual Studio\2022\BuildTools\MSBuild\Microsoft\VC\v170\Microsoft.CppBuild.targets(1129,5): warning MSB8027: ╨┤╨▓╨░ ╨╕╨╗╨╕ ╨▒╨╛╨╗╨╡╨╡ ╤Д╨░╨╣╨╗╨╛╨▓ ╤Б ╨╕╨╝╨╡╨╜╨╡╨╝ AccountLayer.cpp ╨▓╤Л╨▓╨╛╨┤╤П╤В ╤А╨╡╨╖╤Г╨╗╤М╤В╨░╤В╤Л ╨▓ ╨╛╨┤╨╜╨╛ ╨╕ ╤В╨╛ ╨╢╨╡ ╤А╨░╤Б╨┐╨╛╨╗╨╛╨╢╨╡╨╜╨╕╨╡. ╨н╤В╨╛ ╨╝╨╛╨╢╨╡╤В ╤Б╤В╨░╤В╤М ╨┐╤А╨╕╤З╨╕╨╜╨╛╨╣ ╨╜╨╡╨▓╨╡╤А╨╜╨╛╨│╨╛ ╤А╨╡╨╖╤Г╨╗╤М╤В╨░╤В╨░ ╤Б╨▒╨╛╤А╨║╨╕.  ╨Т╨║╨╗╤О╤З╨╡╨╜╨╜╤Л╨╡ ╤Д╨░╨╣╨╗╤Л тАФ C:\Users\KusokMedi\Documents\GitHub\BetterShowcase\build\_deps\bindings-src\bindings\2.2081\inline\AccountLayer.cpp, C:\Users\KusokMedi\Documents\GitHub\BetterShowcase\build\bindings\bindings\Geode\source\AccountLayer.cpp. [C:\Users\KusokMedi\Documents\GitHub\BetterShowcase\build\bindings\GeodeBindings.vcxproj]
C:\Program Files (x86)\Microsoft Visual Studio\2022\BuildTools\MSBuild\Microsoft\VC\v170\Microsoft.CppBuild.targets(1129,5): warning MSB8027: ╨┤╨▓╨░ ╨╕╨╗╨╕ ╨▒╨╛╨╗╨╡╨╡ ╤Д╨░╨╣╨╗╨╛╨▓ ╤Б ╨╕╨╝╨╡╨╜╨╡╨╝ AccountLoginLayer.cpp ╨▓╤Л╨▓╨╛╨┤╤П╤В ╤А╨╡╨╖╤Г╨╗╤М╤В╨░╤В╤Л ╨▓ ╨╛╨┤╨╜╨╛ ╨╕ ╤В╨╛ ╨╢╨╡ ╤А╨░╤Б╨┐╨╛╨╗╨╛╨╢╨╡╨╜╨╕╨╡. ╨н╤В╨╛ ╨╝╨╛╨╢╨╡╤В ╤Б╤В╨░╤В╤М ╨┐╤А╨╕╤З╨╕╨╜╨╛╨╣ ╨╜╨╡╨▓╨╡╤А╨╜╨╛╨│╨╛ ╤А╨╡╨╖╤Г╨╗╤М╤В╨░╤В╨░ ╤Б╨▒╨╛╤А╨║╨╕.  ╨Т╨║╨╗╤О╤З╨╡╨╜╨╜╤Л╨╡ ╤Д╨░╨╣╨╗╤Л тАФ C:\Users\KusokMedi\Documents\GitHub\BetterShowcase\build\_deps\bindings-src\bindings\2.2081\inline\AccountLoginLayer.cpp, C:\Users\KusokMedi\Documents\GitHub\BetterShowcase\build\bindings\bindings\Geode\source\AccountLoginLayer.cpp. [C:\Users\KusokMedi\Documents\GitHub\BetterShowcase\build\bindings\GeodeBindings.vcxproj]
C:\Program Files (x86)\Microsoft Visual Studio\2022\BuildTools\MSBuild\Microsoft\VC\v170\Microsoft.CppBuild.targets(1129,5): warning MSB8027: ╨┤╨▓╨░ ╨╕╨╗╨╕ ╨▒╨╛╨╗╨╡╨╡ ╤Д╨░╨╣╨╗╨╛╨▓ ╤Б ╨╕╨╝╨╡╨╜╨╡╨╝ AccountRegisterLayer.cpp ╨▓╤Л╨▓╨╛╨┤╤П╤В ╤А╨╡╨╖╤Г╨╗╤М╤В╨░╤В╤Л ╨▓ ╨╛╨┤╨╜╨╛ ╨╕ ╤В╨╛ ╨╢╨╡ ╤А╨░╤Б╨┐╨╛╨╗╨╛╨╢╨╡╨╜╨╕╨╡. ╨н╤В╨╛ ╨╝╨╛╨╢╨╡╤В ╤Б╤В╨░╤В╤М ╨┐╤А╨╕╤З╨╕╨╜╨╛╨╣ ╨╜╨╡╨▓╨╡╤А╨╜╨╛╨│╨╛ ╤А╨╡╨╖╤Г╨╗╤М╤В╨░╤В╨░ ╤Б╨▒╨╛╤А╨║╨╕.  ╨Т╨║╨╗╤О╤З╨╡╨╜╨╜╤Л╨╡ ╤Д╨░╨╣╨╗╤Л тАФ C:\Users\KusokMedi\Documents\GitHub\BetterShowcase\build\_deps\bindings-src\bindings\2.2081\inline\AccountRegisterLayer.cpp, C:\Users\KusokMedi\Documents\GitHub\BetterShowcase\build\bindings\bindings\Geode\source\AccountRegisterLayer.cpp. [C:\Users\KusokMedi\Documents\GitHub\BetterShowcase\build\bindings\GeodeBindings.vcxproj]
C:\Program Files (x86)\Microsoft Visual Studio\2022\BuildTools\MSBuild\Microsoft\VC\v170\Microsoft.CppBuild.targets(1129,5): warning MSB8027: ╨┤╨▓╨░ ╨╕╨╗╨╕ ╨▒╨╛╨╗╨╡╨╡ ╤Д╨░╨╣╨╗╨╛╨▓ ╤Б ╨╕╨╝╨╡╨╜╨╡╨╝ AchievementBar.cpp ╨▓╤Л╨▓╨╛╨┤╤П╤В ╤А╨╡╨╖╤Г╨╗╤М╤В╨░╤В╤Л ╨▓ ╨╛╨┤╨╜╨╛ ╨╕ ╤В╨╛ ╨╢╨╡ ╤А╨░╤Б╨┐╨╛╨╗╨╛╨╢╨╡╨╜╨╕╨╡. ╨н╤В╨╛ ╨╝╨╛╨╢╨╡╤В ╤Б╤В╨░╤В╤М ╨┐╤А╨╕╤З╨╕╨╜╨╛╨╣ ╨╜╨╡╨▓╨╡╤А╨╜╨╛╨│╨╛ ╤А╨╡╨╖╤Г╨╗╤М╤В╨░╤В╨░ ╤Б╨▒╨╛╤А╨║╨╕.  ╨Т╨║╨╗╤О╤З╨╡╨╜╨╜╤Л╨╡ ╤Д╨░╨╣╨╗╤Л тАФ C:\Users\KusokMedi\Documents\GitHub\BetterShowcase\build\_deps\bindings-src\bindings\2.2081\inline\AchievementBar.cpp, C:\Users\KusokMedi\Documents\GitHub\BetterShowcase\build\bindings\bindings\Geode\source\AchievementBar.cpp. [C:\Users\KusokMedi\Documents\GitHub\BetterShowcase\build\bindings\GeodeBindings.vcxproj]
C:\Program Files (x86)\Microsoft Visual Studio\2022\BuildTools\MSBuild\Microsoft\VC\v170\Microsoft.CppBuild.targets(1129,5): warning MSB8027: ╨┤╨▓╨░ ╨╕╨╗╨╕ ╨▒╨╛╨╗╨╡╨╡ ╤Д╨░╨╣╨╗╨╛╨▓ ╤Б ╨╕╨╝╨╡╨╜╨╡╨╝ AchievementCell.cpp ╨▓╤Л╨▓╨╛╨┤╤П╤В ╤А╨╡╨╖╤Г╨╗╤М╤В╨░╤В╤Л ╨▓ ╨╛╨┤╨╜╨╛ ╨╕ ╤В╨╛ ╨╢╨╡ ╤А╨░╤Б╨┐╨╛╨╗╨╛╨╢╨╡╨╜╨╕╨╡. ╨н╤В╨╛ ╨╝╨╛╨╢╨╡╤В ╤Б╤В╨░╤В╤М ╨┐╤А╨╕╤З╨╕╨╜╨╛╨╣ ╨╜╨╡╨▓╨╡╤А╨╜╨╛╨│╨╛ ╤А╨╡╨╖╤Г╨╗╤М╤В╨░╤В╨░ ╤Б╨▒╨╛╤А╨║╨╕.  ╨Т╨║╨╗╤О╤З╨╡╨╜╨╜╤Л╨╡ ╤Д╨░╨╣╨╗╤Л тАФ C:\Users\KusokMedi\Documents\GitHub\BetterShowcase\build\_deps\bindings-src\bindings\2.2081\inline\AchievementCell.cpp, C:\Users\KusokMedi\Documents\GitHub\BetterShowcase\build\bindings\bindings\Geode\source\AchievementCell.cpp. [C:\Users\KusokMedi\Documents\GitHub\BetterShowcase\build\bindings\GeodeBindings.vcxproj]
C:\Program Files (x86)\Microsoft Visual Studio\2022\BuildTools\MSBuild\Microsoft\VC\v170\Microsoft.CppBuild.targets(1129,5): warning MSB8027: ╨┤╨▓╨░ ╨╕╨╗╨╕ ╨▒╨╛╨╗╨╡╨╡ ╤Д╨░╨╣╨╗╨╛╨▓ ╤Б ╨╕╨╝╨╡╨╜╨╡╨╝ AchievementManager.cpp ╨▓╤Л╨▓╨╛╨┤╤П╤В ╤А╨╡╨╖╤Г╨╗╤М╤В╨░╤В╤Л ╨▓ ╨╛╨┤╨╜╨╛ ╨╕ ╤В╨╛ ╨╢╨╡ ╤А╨░╤Б╨┐╨╛╨╗╨╛╨╢╨╡╨╜╨╕╨╡. ╨н╤В╨╛ ╨╝╨╛╨╢╨╡╤В ╤Б╤В╨░╤В╤М ╨┐╤А╨╕╤З╨╕╨╜╨╛╨╣ ╨╜╨╡╨▓╨╡╤А╨╜╨╛╨│╨╛ ╤А╨╡╨╖╤Г╨╗╤М╤В╨░╤В╨░ ╤Б╨▒╨╛╤А╨║╨╕.  ╨Т╨║╨╗╤О╤З╨╡╨╜╨╜╤Л╨╡ ╤Д╨░╨╣╨╗╤Л тАФ C:\Users\KusokMedi\Documents\GitHub\BetterShowcase\build\_deps\bindings-src\bindings\2.2081\inline\AchievementManager.cpp, C:\Users\KusokMedi\Documents\GitHub\BetterShowcase\build\bindings\bindings\Geode\source\AchievementManager.cpp. [C:\Users\KusokMedi\Documents\GitHub\BetterShowcase\build\bindings\GeodeBindings.vcxproj]
C:\Program Files (x86)\Microsoft Visual Studio\2022\BuildTools\MSBuild\Microsoft\VC\v170\Microsoft.CppBuild.targets(1129,5): warning MSB8027: ╨┤╨▓╨░ ╨╕╨╗╨╕ ╨▒╨╛╨╗╨╡╨╡ ╤Д╨░╨╣╨╗╨╛╨▓ ╤Б ╨╕╨╝╨╡╨╜╨╡╨╝ AchievementNotifier.cpp ╨▓╤Л╨▓╨╛╨┤╤П╤В ╤А╨╡╨╖╤Г╨╗╤М╤В╨░╤В╤Л ╨▓ ╨╛╨┤╨╜╨╛ ╨╕ ╤В╨╛ ╨╢╨╡ ╤А╨░╤Б╨┐╨╛╨╗╨╛╨╢╨╡╨╜╨╕╨╡. ╨н╤В╨╛ ╨╝╨╛╨╢╨╡╤В ╤Б╤В╨░╤В╤М ╨┐╤А╨╕╤З╨╕╨╜╨╛╨╣ ╨╜╨╡╨▓╨╡╤А╨╜╨╛╨│╨╛ ╤А╨╡╨╖╤Г╨╗╤М╤В╨░╤В╨░ ╤Б╨▒╨╛╤А╨║╨╕.  ╨Т╨║╨╗╤О╤З╨╡╨╜╨╜╤Л╨╡ ╤Д╨░╨╣╨╗╤Л тАФ C:\Users\KusokMedi\Documents\GitHub\BetterShowcase\build\_deps\bindings-src\bindings\2.2081\inline\AchievementNotifier.cpp, C:\Users\KusokMedi\Documents\GitHub\BetterShowcase\build\bindings\bindings\Geode\source\AchievementNotifier.cpp. [C:\Users\KusokMedi\Documents\GitHub\BetterShowcase\build\bindings\GeodeBindings.vcxproj]
C:\Program Files (x86)\Microsoft Visual Studio\2022\BuildTools\MSBuild\Microsoft\VC\v170\Microsoft.CppBuild.targets(1129,5): warning MSB8027: ╨┤╨▓╨░ ╨╕╨╗╨╕ ╨▒╨╛╨╗╨╡╨╡ ╤Д╨░╨╣╨╗╨╛╨▓ ╤Б ╨╕╨╝╨╡╨╜╨╡╨╝ AchievementsLayer.cpp ╨▓╤Л╨▓╨╛╨┤╤П╤В ╤А╨╡╨╖╤Г╨╗╤М╤В╨░╤В╤Л ╨▓ ╨╛╨┤╨╜╨╛ ╨╕ ╤В╨╛ ╨╢╨╡ ╤А╨░╤Б╨┐╨╛╨╗╨╛╨╢╨╡╨╜╨╕╨╡. ╨н╤В╨╛ ╨╝╨╛╨╢╨╡╤В ╤Б╤В╨░╤В╤М ╨┐╤А╨╕╤З╨╕╨╜╨╛╨╣ ╨╜╨╡╨▓╨╡╤А╨╜╨╛╨│╨╛ ╤А╨╡╨╖╤Г╨╗╤М╤В╨░╤В╨░ ╤Б╨▒╨╛╤А╨║╨╕.  ╨Т╨║╨╗╤О╤З╨╡╨╜╨╜╤Л╨╡ ╤Д╨░╨╣╨╗╤Л тАФ C:\Users\KusokMedi\Documents\GitHub\BetterShowcase\build\_deps\bindings-src\bindings\2.2081\inline\AchievementsLayer.cpp, C:\Users\KusokMedi\Documents\GitHub\BetterShowcase\build\bindings\bindings\Geode\source\AchievementsLayer.cpp. [C:\Users\KusokMedi\Documents\GitHub\BetterShowcase\build\bindings\GeodeBindings.vcxproj]
C:\Program Files (x86)\Microsoft Visual Studio\2022\BuildTools\MSBuild\Microsoft\VC\v170\Microsoft.CppBuild.targets(1129,5): warning MSB8027: ╨┤╨▓╨░ ╨╕╨╗╨╕ ╨▒╨╛╨╗╨╡╨╡ ╤Д╨░╨╣╨╗╨╛╨▓ ╤Б ╨╕╨╝╨╡╨╜╨╡╨╝ AdToolbox.cpp ╨▓╤Л╨▓╨╛╨┤╤П╤В ╤А╨╡╨╖╤Г╨╗╤М╤В╨░╤В╤Л ╨▓ ╨╛╨┤╨╜╨╛ ╨╕ ╤В╨╛ ╨╢╨╡ ╤А╨░╤Б╨┐╨╛╨╗╨╛╨╢╨╡╨╜╨╕╨╡. ╨н╤В╨╛ ╨╝╨╛╨╢╨╡╤В ╤Б╤В╨░╤В╤М ╨┐╤А╨╕╤З╨╕╨╜╨╛╨╣ ╨╜╨╡╨▓╨╡╤А╨╜╨╛╨│╨╛ ╤А╨╡╨╖╤Г╨╗╤М╤В╨░╤В╨░ ╤Б╨▒╨╛╤А╨║╨╕.  ╨Т╨║╨╗╤О╤З╨╡╨╜╨╜╤Л╨╡ ╤Д╨░╨╣╨╗╤Л тАФ C:\Users\KusokMedi\Documents\GitHub\BetterShowcase\build\_deps\bindings-src\bindings\2.2081\inline\AdToolbox.cpp, C:\Users\KusokMedi\Documents\GitHub\BetterShowcase\build\bindings\bindings\Geode\source\AdToolbox.cpp. [C:\Users\KusokMedi\Documents\GitHub\BetterShowcase\build\bindings\GeodeBindings.vcxproj]
C:\Program Files (x86)\Microsoft Visual Studio\2022\BuildTools\MSBuild\Microsoft\VC\v170\Microsoft.CppBuild.targets(1129,5): warning MSB8027: ╨┤╨▓╨░ ╨╕╨╗╨╕ ╨▒╨╛╨╗╨╡╨╡ ╤Д╨░╨╣╨╗╨╛╨▓ ╤Б ╨╕╨╝╨╡╨╜╨╡╨╝ AdvFollowSetup.cpp ╨▓╤Л╨▓╨╛╨┤╤П╤В ╤А╨╡╨╖╤Г╨╗╤М╤В╨░╤В╤Л ╨▓ ╨╛╨┤╨╜╨╛ ╨╕ ╤В╨╛ ╨╢╨╡ ╤А╨░╤Б╨┐╨╛╨╗╨╛╨╢╨╡╨╜╨╕╨╡. ╨н╤В╨╛ ╨╝╨╛╨╢╨╡╤В ╤Б╤В╨░╤В╤М ╨┐╤А╨╕╤З╨╕╨╜╨╛╨╣ ╨╜╨╡╨▓╨╡╤А╨╜╨╛╨│╨╛ ╤А╨╡╨╖╤Г╨╗╤М╤В╨░╤В╨░ ╤Б╨▒╨╛╤А╨║╨╕.  ╨Т╨║╨╗╤О╤З╨╡╨╜╨╜╤Л╨╡ ╤Д╨░╨╣╨╗╤Л тАФ C:\Users\KusokMedi\Documents\GitHub\BetterShowcase\build\_deps\bindings-src\bindings\2.2081\inline\AdvFollowSetup.cpp, C:\Users\KusokMedi\Documents\GitHub\BetterShowcase\build\bindings\bindings\Geode\source\AdvFollowSetup.cpp. [C:\Users\KusokMedi\Documents\GitHub\BetterShowcase\build\bindings\GeodeBindings.vcxproj]
C:\Program Files (x86)\Microsoft Visual Studio\2022\BuildTools\MSBuild\Microsoft\VC\v170\Microsoft.CppBuild.targets(1129,5): warning MSB8027: ╨┤╨▓╨░ ╨╕╨╗╨╕ ╨▒╨╛╨╗╨╡╨╡ ╤Д╨░╨╣╨╗╨╛╨▓ ╤Б ╨╕╨╝╨╡╨╜╨╡╨╝ AdvancedFollowEditObject.cpp ╨▓╤Л╨▓╨╛╨┤╤П╤В ╤А╨╡╨╖╤Г╨╗╤М╤В╨░╤В╤Л ╨▓ ╨╛╨┤╨╜╨╛ ╨╕ ╤В╨╛ ╨╢╨╡ ╤А╨░╤Б╨┐╨╛╨╗╨╛╨╢╨╡╨╜╨╕╨╡. ╨н╤В╨╛ ╨╝╨╛╨╢╨╡╤В ╤Б╤В╨░╤В╤М ╨┐╤А╨╕╤З╨╕╨╜╨╛╨╣ ╨╜╨╡╨▓╨╡╤А╨╜╨╛╨│╨╛ ╤А╨╡╨╖╤Г╨╗╤М╤В╨░╤В╨░ ╤Б╨▒╨╛╤А╨║╨╕.  ╨Т╨║╨╗╤О╤З╨╡╨╜╨╜╤Л╨╡ ╤Д╨░╨╣╨╗╤Л тАФ C:\Users\KusokMedi\Documents\GitHub\BetterShowcase\build\_deps\bindings-src\bindings\2.2081\inline\AdvancedFollowEditObject.cpp, C:\Users\KusokMedi\Documents\GitHub\BetterShowcase\build\bindings\bindings\Geode\source\AdvancedFollowEditObject.cpp. [C:\Users\KusokMedi\Documents\GitHub\BetterShowcase\build\bindings\GeodeBindings.vcxproj]
C:\Program Files (x86)\Microsoft Visual Studio\2022\BuildTools\MSBuild\Microsoft\VC\v170\Microsoft.CppBuild.targets(1129,5): warning MSB8027: ╨┤╨▓╨░ ╨╕╨╗╨╕ ╨▒╨╛╨╗╨╡╨╡ ╤Д╨░╨╣╨╗╨╛╨▓ ╤Б ╨╕╨╝╨╡╨╜╨╡╨╝ AdvancedFollowInstance.cpp ╨▓╤Л╨▓╨╛╨┤╤П╤В ╤А╨╡╨╖╤Г╨╗╤М╤В╨░╤В╤Л ╨▓ ╨╛╨┤╨╜╨╛ ╨╕ ╤В╨╛ ╨╢╨╡ ╤А╨░╤Б╨┐╨╛╨╗╨╛╨╢╨╡╨╜╨╕╨╡. ╨н╤В╨╛ ╨╝╨╛╨╢╨╡╤В ╤Б╤В╨░╤В╤М ╨┐╤А╨╕╤З╨╕╨╜╨╛╨╣ ╨╜╨╡╨▓╨╡╤А╨╜╨╛╨│╨╛ ╤А╨╡╨╖╤Г╨╗╤М╤В╨░╤В╨░ ╤Б╨▒╨╛╤А╨║╨╕.  ╨Т╨║╨╗╤О╤З╨╡╨╜╨╜╤Л╨╡ ╤Д╨░╨╣╨╗╤Л тАФ C:\Users\KusokMedi\Documents\GitHub\BetterShowcase\build\_deps\bindings-src\bindings\2.2081\inline\AdvancedFollowInstance.cpp, C:\Users\KusokMedi\Documents\GitHub\BetterShowcase\build\bindings\bindings\Geode\source\AdvancedFollowInstance.cpp. [C:\Users\KusokMedi\Documents\GitHub\BetterShowcase\build\bindings\GeodeBindings.vcxproj]
C:\Program Files (x86)\Microsoft Visual Studio\2022\BuildTools\MSBuild\Microsoft\VC\v170\Microsoft.CppBuild.targets(1129,5): warning MSB8027: ╨┤╨▓╨░ ╨╕╨╗╨╕ ╨▒╨╛╨╗╨╡╨╡ ╤Д╨░╨╣╨╗╨╛╨▓ ╤Б ╨╕╨╝╨╡╨╜╨╡╨╝ AdvancedFollowTriggerObject.cpp ╨▓╤Л╨▓╨╛╨┤╤П╤В ╤А╨╡╨╖╤Г╨╗╤М╤В╨░╤В╤Л ╨▓ ╨╛╨┤╨╜╨╛ ╨╕ ╤В╨╛ ╨╢╨╡ ╤А╨░╤Б╨┐╨╛╨╗╨╛╨╢╨╡╨╜╨╕╨╡. ╨н╤В╨╛ ╨╝╨╛╨╢╨╡╤В ╤Б╤В╨░╤В╤М ╨┐╤А╨╕╤З╨╕╨╜╨╛╨╣ ╨╜╨╡╨▓╨╡╤А╨╜╨╛╨│╨╛ ╤А╨╡╨╖╤Г╨╗╤М╤В╨░╤В╨░ ╤Б╨▒╨╛╤А╨║╨╕.  ╨Т╨║╨╗╤О╤З╨╡╨╜╨╜╤Л╨╡ ╤Д╨░╨╣╨╗╤Л тАФ C:\Users\KusokMedi\Documents\GitHub\BetterShowcase\build\_deps\bindings-src\bindings\2.2081\inline\AdvancedFollowTriggerObject.cpp, C:\Users\KusokMedi\Documents\GitHub\BetterShowcase\build\bindings\bindings\Geode\source\AdvancedFollowTriggerObject.cpp. [C:\Users\KusokMedi\Documents\GitHub\BetterShowcase\build\bindings\GeodeBindings.vcxproj]
C:\Program Files (x86)\Microsoft Visual Studio\2022\BuildTools\MSBuild\Microsoft\VC\v170\Microsoft.CppBuild.targets(1129,5): warning MSB8027: ╨┤╨▓╨░ ╨╕╨╗╨╕ ╨▒╨╛╨╗╨╡╨╡ ╤Д╨░╨╣╨╗╨╛╨▓ ╤Б ╨╕╨╝╨╡╨╜╨╡╨╝ AnimatedGameObject.cpp ╨▓╤Л╨▓╨╛╨┤╤П╤В ╤А╨╡╨╖╤Г╨╗╤М╤В╨░╤В╤Л ╨▓ ╨╛╨┤╨╜╨╛ ╨╕ ╤В╨╛ ╨╢╨╡ ╤А╨░╤Б╨┐╨╛╨╗╨╛╨╢╨╡╨╜╨╕╨╡. ╨н╤В╨╛ ╨╝╨╛╨╢╨╡╤В ╤Б╤В╨░╤В╤М ╨┐╤А╨╕╤З╨╕╨╜╨╛╨╣ ╨╜╨╡╨▓╨╡╤А╨╜╨╛╨│╨╛ ╤А╨╡╨╖╤Г╨╗╤М╤В╨░╤В╨░ ╤Б╨▒╨╛╤А╨║╨╕.  ╨Т╨║╨╗╤О╤З╨╡╨╜╨╜╤Л╨╡ ╤Д╨░╨╣╨╗╤Л тАФ C:\Users\KusokMedi\Documents\GitHub\BetterShowcase\build\_deps\bindings-src\bindings\2.2081\inline\AnimatedGameObject.cpp, C:\Users\KusokMedi\Documents\GitHub\BetterShowcase\build\bindings\bindings\Geode\source\AnimatedGameObject.cpp. [C:\Users\KusokMedi\Documents\GitHub\BetterShowcase\build\bindings\GeodeBindings.vcxproj]
C:\Program Files (x86)\Microsoft Visual Studio\2022\BuildTools\MSBuild\Microsoft\VC\v170\Microsoft.CppBuild.targets(1129,5): warning MSB8027: ╨┤╨▓╨░ ╨╕╨╗╨╕ ╨▒╨╛╨╗╨╡╨╡ ╤Д╨░╨╣╨╗╨╛╨▓ ╤Б ╨╕╨╝╨╡╨╜╨╡╨╝ AnimatedShopKeeper.cpp ╨▓╤Л╨▓╨╛╨┤╤П╤В ╤А╨╡╨╖╤Г╨╗╤М╤В╨░╤В╤Л ╨▓ ╨╛╨┤╨╜╨╛ ╨╕ ╤В╨╛ ╨╢╨╡ ╤А╨░╤Б╨┐╨╛╨╗╨╛╨╢╨╡╨╜╨╕╨╡. ╨н╤В╨╛ ╨╝╨╛╨╢╨╡╤В ╤Б╤В╨░╤В╤М ╨┐╤А╨╕╤З╨╕╨╜╨╛╨╣ ╨╜╨╡╨▓╨╡╤А╨╜╨╛╨│╨╛ ╤А╨╡╨╖╤Г╨╗╤М╤В╨░╤В╨░ ╤Б╨▒╨╛╤А╨║╨╕.  ╨Т╨║╨╗╤О╤З╨╡╨╜╨╜╤Л╨╡ ╤Д╨░╨╣╨╗╤Л тАФ C:\Users\KusokMedi\Documents\GitHub\BetterShowcase\build\_deps\bindings-src\bindings\2.2081\inline\AnimatedShopKeeper.cpp, C:\Users\KusokMedi\Documents\GitHub\BetterShowcase\build\bindings\bindings\Geode\source\AnimatedShopKeeper.cpp. [C:\Users\KusokMedi\Documents\GitHub\BetterShowcase\build\bindings\GeodeBindings.vcxproj]
C:\Program Files (x86)\Microsoft Visual Studio\2022\BuildTools\MSBuild\Microsoft\VC\v170\Microsoft.CppBuild.targets(1129,5): warning MSB8027: ╨┤╨▓╨░ ╨╕╨╗╨╕ ╨▒╨╛╨╗╨╡╨╡ ╤Д╨░╨╣╨╗╨╛╨▓ ╤Б ╨╕╨╝╨╡╨╜╨╡╨╝ AnimatedSpriteDelegate.cpp ╨▓╤Л╨▓╨╛╨┤╤П╤В ╤А╨╡╨╖╤Г╨╗╤М╤В╨░╤В╤Л ╨▓ ╨╛╨┤╨╜╨╛ ╨╕ ╤В╨╛ ╨╢╨╡ ╤А╨░╤Б╨┐╨╛╨╗╨╛╨╢╨╡╨╜╨╕╨╡. ╨н╤В╨╛ ╨╝╨╛╨╢╨╡╤В ╤Б╤В╨░╤В╤М ╨┐╤А╨╕╤З╨╕╨╜╨╛╨╣ ╨╜╨╡╨▓╨╡╤А╨╜╨╛╨│╨╛ ╤А╨╡╨╖╤Г╨╗╤М╤В╨░╤В╨░ ╤Б╨▒╨╛╤А╨║╨╕.  ╨Т╨║╨╗╤О╤З╨╡╨╜╨╜╤Л╨╡ ╤Д╨░╨╣╨╗╤Л тАФ C:\Users\KusokMedi\Documents\GitHub\BetterShowcase\build\_deps\bindings-src\bindings\2.2081\inline\AnimatedSpriteDelegate.cpp, C:\Users\KusokMedi\Documents\GitHub\BetterShowcase\build\bindings\bindings\Geode\source\AnimatedSpriteDelegate.cpp. [C:\Users\KusokMedi\Documents\GitHub\BetterShowcase\build\bindings\GeodeBindings.vcxproj]
C:\Program Files (x86)\Microsoft Visual Studio\2022\BuildTools\MSBuild\Microsoft\VC\v170\Microsoft.CppBuild.targets(1129,5): warning MSB8027: ╨┤╨▓╨░ ╨╕╨╗╨╕ ╨▒╨╛╨╗╨╡╨╡ ╤Д╨░╨╣╨╗╨╛╨▓ ╤Б ╨╕╨╝╨╡╨╜╨╡╨╝ AppDelegate.cpp ╨▓╤Л╨▓╨╛╨┤╤П╤В ╤А╨╡╨╖╤Г╨╗╤М╤В╨░╤В╤Л ╨▓ ╨╛╨┤╨╜╨╛ ╨╕ ╤В╨╛ ╨╢╨╡ ╤А╨░╤Б╨┐╨╛╨╗╨╛╨╢╨╡╨╜╨╕╨╡. ╨н╤В╨╛ ╨╝╨╛╨╢╨╡╤В ╤Б╤В╨░╤В╤М ╨┐╤А╨╕╤З╨╕╨╜╨╛╨╣ ╨╜╨╡╨▓╨╡╤А╨╜╨╛╨│╨╛ ╤А╨╡╨╖╤Г╨╗╤М╤В╨░╤В╨░ ╤Б╨▒╨╛╤А╨║╨╕.  ╨Т╨║╨╗╤О╤З╨╡╨╜╨╜╤Л╨╡ ╤Д╨░╨╣╨╗╤Л тАФ C:\Users\KusokMedi\Documents\GitHub\BetterShowcase\build\_deps\bindings-src\bindings\2.2081\inline\AppDelegate.cpp, C:\Users\KusokMedi\Documents\GitHub\BetterShowcase\build\bindings\bindings\Geode\source\AppDelegate.cpp. [C:\Users\KusokMedi\Documents\GitHub\BetterShowcase\build\bindings\GeodeBindings.vcxproj]
C:\Program Files (x86)\Microsoft Visual Studio\2022\BuildTools\MSBuild\Microsoft\VC\v170\Microsoft.CppBuild.targets(1129,5): warning MSB8027: ╨┤╨▓╨░ ╨╕╨╗╨╕ ╨▒╨╛╨╗╨╡╨╡ ╤Д╨░╨╣╨╗╨╛╨▓ ╤Б ╨╕╨╝╨╡╨╜╨╡╨╝ ArtTriggerGameObject.cpp ╨▓╤Л╨▓╨╛╨┤╤П╤В ╤А╨╡╨╖╤Г╨╗╤М╤В╨░╤В╤Л ╨▓ ╨╛╨┤╨╜╨╛ ╨╕ ╤В╨╛ ╨╢╨╡ ╤А╨░╤Б╨┐╨╛╨╗╨╛╨╢╨╡╨╜╨╕╨╡. ╨н╤В╨╛ ╨╝╨╛╨╢╨╡╤В ╤Б╤В╨░╤В╤М ╨┐╤А╨╕╤З╨╕╨╜╨╛╨╣ ╨╜╨╡╨▓╨╡╤А╨╜╨╛╨│╨╛ ╤А╨╡╨╖╤Г╨╗╤М╤В╨░╤В╨░ ╤Б╨▒╨╛╤А╨║╨╕.  ╨Т╨║╨╗╤О╤З╨╡╨╜╨╜╤Л╨╡ ╤Д╨░╨╣╨╗╤Л тАФ C:\Users\KusokMedi\Documents\GitHub\BetterShowcase\build\_deps\bindings-src\bindings\2.2081\inline\ArtTriggerGameObject.cpp, C:\Users\KusokMedi\Documents\GitHub\BetterShowcase\build\bindings\bindings\Geode\source\ArtTriggerGameObject.cpp. [C:\Users\KusokMedi\Documents\GitHub\BetterShowcase\build\bindings\GeodeBindings.vcxproj]
C:\Program Files (x86)\Microsoft Visual Studio\2022\BuildTools\MSBuild\Microsoft\VC\v170\Microsoft.CppBuild.targets(1129,5): warning MSB8027: ╨┤╨▓╨░ ╨╕╨╗╨╕ ╨▒╨╛╨╗╨╡╨╡ ╤Д╨░╨╣╨╗╨╛╨▓ ╤Б ╨╕╨╝╨╡╨╜╨╡╨╝ ArtistCell.cpp ╨▓╤Л╨▓╨╛╨┤╤П╤В ╤А╨╡╨╖╤Г╨╗╤М╤В╨░╤В╤Л ╨▓ ╨╛╨┤╨╜╨╛ ╨╕ ╤В╨╛ ╨╢╨╡ ╤А╨░╤Б╨┐╨╛╨╗╨╛╨╢╨╡╨╜╨╕╨╡. ╨н╤В╨╛ ╨╝╨╛╨╢╨╡╤В ╤Б╤В╨░╤В╤М ╨┐╤А╨╕╤З╨╕╨╜╨╛╨╣ ╨╜╨╡╨▓╨╡╤А╨╜╨╛╨│╨╛ ╤А╨╡╨╖╤Г╨╗╤М╤В╨░╤В╨░ ╤Б╨▒╨╛╤А╨║╨╕.  ╨Т╨║╨╗╤О╤З╨╡╨╜╨╜╤Л╨╡ ╤Д╨░╨╣╨╗╤Л тАФ C:\Users\KusokMedi\Documents\GitHub\BetterShowcase\build\_deps\bindings-src\bindings\2.2081\inline\ArtistCell.cpp, C:\Users\KusokMedi\Documents\GitHub\BetterShowcase\build\bindings\bindings\Geode\source\ArtistCell.cpp. [C:\Users\KusokMedi\Documents\GitHub\BetterShowcase\build\bindings\GeodeBindings.vcxproj]
C:\Program Files (x86)\Microsoft Visual Studio\2022\BuildTools\MSBuild\Microsoft\VC\v170\Microsoft.CppBuild.targets(1129,5): warning MSB8027: ╨┤╨▓╨░ ╨╕╨╗╨╕ ╨▒╨╛╨╗╨╡╨╡ ╤Д╨░╨╣╨╗╨╛╨▓ ╤Б ╨╕╨╝╨╡╨╜╨╡╨╝ AudioAssetsBrowser.cpp ╨▓╤Л╨▓╨╛╨┤╤П╤В ╤А╨╡╨╖╤Г╨╗╤М╤В╨░╤В╤Л ╨▓ ╨╛╨┤╨╜╨╛ ╨╕ ╤В╨╛ ╨╢╨╡ ╤А╨░╤Б╨┐╨╛╨╗╨╛╨╢╨╡╨╜╨╕╨╡. ╨н╤В╨╛ ╨╝╨╛╨╢╨╡╤В ╤Б╤В╨░╤В╤М ╨┐╤А╨╕╤З╨╕╨╜╨╛╨╣ ╨╜╨╡╨▓╨╡╤А╨╜╨╛╨│╨╛ ╤А╨╡╨╖╤Г╨╗╤М╤В╨░╤В╨░ ╤Б╨▒╨╛╤А╨║╨╕.  ╨Т╨║╨╗╤О╤З╨╡╨╜╨╜╤Л╨╡ ╤Д╨░╨╣╨╗╤Л тАФ C:\Users\KusokMedi\Documents\GitHub\BetterShowcase\build\_deps\bindings-src\bindings\2.2081\inline\AudioAssetsBrowser.cpp, C:\Users\KusokMedi\Documents\GitHub\BetterShowcase\build\bindings\bindings\Geode\source\AudioAssetsBrowser.cpp. [C:\Users\KusokMedi\Documents\GitHub\BetterShowcase\build\bindings\GeodeBindings.vcxproj]
C:\Program Files (x86)\Microsoft Visual Studio\2022\BuildTools\MSBuild\Microsoft\VC\v170\Microsoft.CppBuild.targets(1129,5): warning MSB8027: ╨┤╨▓╨░ ╨╕╨╗╨╕ ╨▒╨╛╨╗╨╡╨╡ ╤Д╨░╨╣╨╗╨╛╨▓ ╤Б ╨╕╨╝╨╡╨╜╨╡╨╝ AudioEffectsLayer.cpp ╨▓╤Л╨▓╨╛╨┤╤П╤В ╤А╨╡╨╖╤Г╨╗╤М╤В╨░╤В╤Л ╨▓ ╨╛╨┤╨╜╨╛ ╨╕ ╤В╨╛ ╨╢╨╡ ╤А╨░╤Б╨┐╨╛╨╗╨╛╨╢╨╡╨╜╨╕╨╡. ╨н╤В╨╛ ╨╝╨╛╨╢╨╡╤В ╤Б╤В╨░╤В╤М ╨┐╤А╨╕╤З╨╕╨╜╨╛╨╣ ╨╜╨╡╨▓╨╡╤А╨╜╨╛╨│╨╛ ╤А╨╡╨╖╤Г╨╗╤М╤В╨░╤В╨░ ╤Б╨▒╨╛╤А╨║╨╕.  ╨Т╨║╨╗╤О╤З╨╡╨╜╨╜╤Л╨╡ ╤Д╨░╨╣╨╗╤Л тАФ C:\Users\KusokMedi\Documents\GitHub\BetterShowcase\build\_deps\bindings-src\bindings\2.2081\inline\AudioEffectsLayer.cpp, C:\Users\KusokMedi\Documents\GitHub\BetterShowcase\build\bindings\bindings\Geode\source\AudioEffectsLayer.cpp. [C:\Users\KusokMedi\Documents\GitHub\BetterShowcase\build\bindings\GeodeBindings.vcxproj]
C:\Program Files (x86)\Microsoft Visual Studio\2022\BuildTools\MSBuild\Microsoft\VC\v170\Microsoft.CppBuild.targets(1129,5): warning MSB8027: ╨┤╨▓╨░ ╨╕╨╗╨╕ ╨▒╨╛╨╗╨╡╨╡ ╤Д╨░╨╣╨╗╨╛╨▓ ╤Б ╨╕╨╝╨╡╨╜╨╡╨╝ AudioLineGuideGameObject.cpp ╨▓╤Л╨▓╨╛╨┤╤П╤В ╤А╨╡╨╖╤Г╨╗╤М╤В╨░╤В╤Л ╨▓ ╨╛╨┤╨╜╨╛ ╨╕ ╤В╨╛ ╨╢╨╡ ╤А╨░╤Б╨┐╨╛╨╗╨╛╨╢╨╡╨╜╨╕╨╡. ╨н╤В╨╛ ╨╝╨╛╨╢╨╡╤В ╤Б╤В╨░╤В╤М ╨┐╤А╨╕╤З╨╕╨╜╨╛╨╣ ╨╜╨╡╨▓╨╡╤А╨╜╨╛╨│╨╛ ╤А╨╡╨╖╤Г╨╗╤М╤В╨░╤В╨░ ╤Б╨▒╨╛╤А╨║╨╕.  ╨Т╨║╨╗╤О╤З╨╡╨╜╨╜╤Л╨╡ ╤Д╨░╨╣╨╗╤Л тАФ C:\Users\KusokMedi\Documents\GitHub\BetterShowcase\build\_deps\bindings-src\bindings\2.2081\inline\AudioLineGuideGameObject.cpp, C:\Users\KusokMedi\Documents\GitHub\BetterShowcase\build\bindings\bindings\Geode\source\AudioLineGuideGameObject.cpp. [C:\Users\KusokMedi\Documents\GitHub\BetterShowcase\build\bindings\GeodeBindings.vcxproj]
C:\Program Files (x86)\Microsoft Visual Studio\2022\BuildTools\MSBuild\Microsoft\VC\v170\Microsoft.CppBuild.targets(1129,5): warning MSB8027: ╨┤╨▓╨░ ╨╕╨╗╨╕ ╨▒╨╛╨╗╨╡╨╡ ╤Д╨░╨╣╨╗╨╛╨▓ ╤Б ╨╕╨╝╨╡╨╜╨╡╨╝ BitmapFontCache.cpp ╨▓╤Л╨▓╨╛╨┤╤П╤В ╤А╨╡╨╖╤Г╨╗╤М╤В╨░╤В╤Л ╨▓ ╨╛╨┤╨╜╨╛ ╨╕ ╤В╨╛ ╨╢╨╡ ╤А╨░╤Б╨┐╨╛╨╗╨╛╨╢╨╡╨╜╨╕╨╡. ╨н╤В╨╛ ╨╝╨╛╨╢╨╡╤В ╤Б╤В╨░╤В╤М ╨┐╤А╨╕╤З╨╕╨╜╨╛╨╣ ╨╜╨╡╨▓╨╡╤А╨╜╨╛╨│╨╛ ╤А╨╡╨╖╤Г╨╗╤М╤В╨░╤В╨░ ╤Б╨▒╨╛╤А╨║╨╕.  ╨Т╨║╨╗╤О╤З╨╡╨╜╨╜╤Л╨╡ ╤Д╨░╨╣╨╗╤Л тАФ C:\Users\KusokMedi\Documents\GitHub\BetterShowcase\build\_deps\bindings-src\bindings\2.2081\inline\BitmapFontCache.cpp, C:\Users\KusokMedi\Documents\GitHub\BetterShowcase\build\bindings\bindings\Geode\source\BitmapFontCache.cpp. [C:\Users\KusokMedi\Documents\GitHub\BetterShowcase\build\bindings\GeodeBindings.vcxproj]
C:\Program Files (x86)\Microsoft Visual Studio\2022\BuildTools\MSBuild\Microsoft\VC\v170\Microsoft.CppBuild.targets(1129,5): warning MSB8027: ╨┤╨▓╨░ ╨╕╨╗╨╕ ╨▒╨╛╨╗╨╡╨╡ ╤Д╨░╨╣╨╗╨╛╨▓ ╤Б ╨╕╨╝╨╡╨╜╨╡╨╝ BonusDropdown.cpp ╨▓╤Л╨▓╨╛╨┤╤П╤В ╤А╨╡╨╖╤Г╨╗╤М╤В╨░╤В╤Л ╨▓ ╨╛╨┤╨╜╨╛ ╨╕ ╤В╨╛ ╨╢╨╡ ╤А╨░╤Б╨┐╨╛╨╗╨╛╨╢╨╡╨╜╨╕╨╡. ╨н╤В╨╛ ╨╝╨╛╨╢╨╡╤В ╤Б╤В╨░╤В╤М ╨┐╤А╨╕╤З╨╕╨╜╨╛╨╣ ╨╜╨╡╨▓╨╡╤А╨╜╨╛╨│╨╛ ╤А╨╡╨╖╤Г╨╗╤М╤В╨░╤В╨░ ╤Б╨▒╨╛╤А╨║╨╕.  ╨Т╨║╨╗╤О╤З╨╡╨╜╨╜╤Л╨╡ ╤Д╨░╨╣╨╗╤Л тАФ C:\Users\KusokMedi\Documents\GitHub\BetterShowcase\build\_deps\bindings-src\bindings\2.2081\inline\BonusDropdown.cpp, C:\Users\KusokMedi\Documents\GitHub\BetterShowcase\build\bindings\bindings\Geode\source\BonusDropdown.cpp. [C:\Users\KusokMedi\Documents\GitHub\BetterShowcase\build\bindings\GeodeBindings.vcxproj]
C:\Program Files (x86)\Microsoft Visual Studio\2022\BuildTools\MSBuild\Microsoft\VC\v170\Microsoft.CppBuild.targets(1129,5): warning MSB8027: ╨┤╨▓╨░ ╨╕╨╗╨╕ ╨▒╨╛╨╗╨╡╨╡ ╤Д╨░╨╣╨╗╨╛╨▓ ╤Б ╨╕╨╝╨╡╨╜╨╡╨╝ BoomListLayer.cpp ╨▓╤Л╨▓╨╛╨┤╤П╤В ╤А╨╡╨╖╤Г╨╗╤М╤В╨░╤В╤Л ╨▓ ╨╛╨┤╨╜╨╛ ╨╕ ╤В╨╛ ╨╢╨╡ ╤А╨░╤Б╨┐╨╛╨╗╨╛╨╢╨╡╨╜╨╕╨╡. ╨н╤В╨╛ ╨╝╨╛╨╢╨╡╤В ╤Б╤В╨░╤В╤М ╨┐╤А╨╕╤З╨╕╨╜╨╛╨╣ ╨╜╨╡╨▓╨╡╤А╨╜╨╛╨│╨╛ ╤А╨╡╨╖╤Г╨╗╤М╤В╨░╤В╨░ ╤Б╨▒╨╛╤А╨║╨╕.  ╨Т╨║╨╗╤О╤З╨╡╨╜╨╜╤Л╨╡ ╤Д╨░╨╣╨╗╤Л тАФ C:\Users\KusokMedi\Documents\GitHub\BetterShowcase\build\_deps\bindings-src\bindings\2.2081\inline\BoomListLayer.cpp, C:\Users\KusokMedi\Documents\GitHub\BetterShowcase\build\bindings\bindings\Geode\source\BoomListLayer.cpp. [C:\Users\KusokMedi\Documents\GitHub\BetterShowcase\build\bindings\GeodeBindings.vcxproj]
C:\Program Files (x86)\Microsoft Visual Studio\2022\BuildTools\MSBuild\Microsoft\VC\v170\Microsoft.CppBuild.targets(1129,5): warning MSB8027: ╨┤╨▓╨░ ╨╕╨╗╨╕ ╨▒╨╛╨╗╨╡╨╡ ╤Д╨░╨╣╨╗╨╛╨▓ ╤Б ╨╕╨╝╨╡╨╜╨╡╨╝ BoomListView.cpp ╨▓╤Л╨▓╨╛╨┤╤П╤В ╤А╨╡╨╖╤Г╨╗╤М╤В╨░╤В╤Л ╨▓ ╨╛╨┤╨╜╨╛ ╨╕ ╤В╨╛ ╨╢╨╡ ╤А╨░╤Б╨┐╨╛╨╗╨╛╨╢╨╡╨╜╨╕╨╡. ╨н╤В╨╛ ╨╝╨╛╨╢╨╡╤В ╤Б╤В╨░╤В╤М ╨┐╤А╨╕╤З╨╕╨╜╨╛╨╣ ╨╜╨╡╨▓╨╡╤А╨╜╨╛╨│╨╛ ╤А╨╡╨╖╤Г╨╗╤М╤В╨░╤В╨░ ╤Б╨▒╨╛╤А╨║╨╕.  ╨Т╨║╨╗╤О╤З╨╡╨╜╨╜╤Л╨╡ ╤Д╨░╨╣╨╗╤Л тАФ C:\Users\KusokMedi\Documents\GitHub\BetterShowcase\build\_deps\bindings-src\bindings\2.2081\inline\BoomListView.cpp, C:\Users\KusokMedi\Documents\GitHub\BetterShowcase\build\bindings\bindings\Geode\source\BoomListView.cpp. [C:\Users\KusokMedi\Documents\GitHub\BetterShowcase\build\bindings\GeodeBindings.vcxproj]
C:\Program Files (x86)\Microsoft Visual Studio\2022\BuildTools\MSBuild\Microsoft\VC\v170\Microsoft.CppBuild.targets(1129,5): warning MSB8027: ╨┤╨▓╨░ ╨╕╨╗╨╕ ╨▒╨╛╨╗╨╡╨╡ ╤Д╨░╨╣╨╗╨╛╨▓ ╤Б ╨╕╨╝╨╡╨╜╨╡╨╝ BoomScrollLayer.cpp ╨▓╤Л╨▓╨╛╨┤╤П╤В ╤А╨╡╨╖╤Г╨╗╤М╤В╨░╤В╤Л ╨▓ ╨╛╨┤╨╜╨╛ ╨╕ ╤В╨╛ ╨╢╨╡ ╤А╨░╤Б╨┐╨╛╨╗╨╛╨╢╨╡╨╜╨╕╨╡. ╨н╤В╨╛ ╨╝╨╛╨╢╨╡╤В ╤Б╤В╨░╤В╤М ╨┐╤А╨╕╤З╨╕╨╜╨╛╨╣ ╨╜╨╡╨▓╨╡╤А╨╜╨╛╨│╨╛ ╤А╨╡╨╖╤Г╨╗╤М╤В╨░╤В╨░ ╤Б╨▒╨╛╤А╨║╨╕.  ╨Т╨║╨╗╤О╤З╨╡╨╜╨╜╤Л╨╡ ╤Д╨░╨╣╨╗╤Л тАФ C:\Users\KusokMedi\Documents\GitHub\BetterShowcase\build\_deps\bindings-src\bindings\2.2081\inline\BoomScrollLayer.cpp, C:\Users\KusokMedi\Documents\GitHub\BetterShowcase\build\bindings\bindings\Geode\source\BoomScrollLayer.cpp. [C:\Users\KusokMedi\Documents\GitHub\BetterShowcase\build\bindings\GeodeBindings.vcxproj]
C:\Program Files (x86)\Microsoft Visual Studio\2022\BuildTools\MSBuild\Microsoft\VC\v170\Microsoft.CppBuild.targets(1129,5): warning MSB8027: ╨┤╨▓╨░ ╨╕╨╗╨╕ ╨▒╨╛╨╗╨╡╨╡ ╤Д╨░╨╣╨╗╨╛╨▓ ╤Б ╨╕╨╝╨╡╨╜╨╡╨╝ BoomScrollLayerDelegate.cpp ╨▓╤Л╨▓╨╛╨┤╤П╤В ╤А╨╡╨╖╤Г╨╗╤М╤В╨░╤В╤Л ╨▓ ╨╛╨┤╨╜╨╛ ╨╕ ╤В╨╛ ╨╢╨╡ ╤А╨░╤Б╨┐╨╛╨╗╨╛╨╢╨╡╨╜╨╕╨╡. ╨н╤В╨╛ ╨╝╨╛╨╢╨╡╤В ╤Б╤В╨░╤В╤М ╨┐╤А╨╕╤З╨╕╨╜╨╛╨╣ ╨╜╨╡╨▓╨╡╤А╨╜╨╛╨│╨╛ ╤А╨╡╨╖╤Г╨╗╤М╤В╨░╤В╨░ ╤Б╨▒╨╛╤А╨║╨╕.  ╨Т╨║╨╗╤О╤З╨╡╨╜╨╜╤Л╨╡ ╤Д╨░╨╣╨╗╤Л тАФ C:\Users\KusokMedi\Documents\GitHub\BetterShowcase\build\_deps\bindings-src\bindings\2.2081\inline\BoomScrollLayerDelegate.cpp, C:\Users\KusokMedi\Documents\GitHub\BetterShowcase\build\bindings\bindings\Geode\source\BoomScrollLayerDelegate.cpp. [C:\Users\KusokMedi\Documents\GitHub\BetterShowcase\build\bindings\GeodeBindings.vcxproj]
C:\Program Files (x86)\Microsoft Visual Studio\2022\BuildTools\MSBuild\Microsoft\VC\v170\Microsoft.CppBuild.targets(1129,5): warning MSB8027: ╨┤╨▓╨░ ╨╕╨╗╨╕ ╨▒╨╛╨╗╨╡╨╡ ╤Д╨░╨╣╨╗╨╛╨▓ ╤Б ╨╕╨╝╨╡╨╜╨╡╨╝ BrowseSmartKeyLayer.cpp ╨▓╤Л╨▓╨╛╨┤╤П╤В ╤А╨╡╨╖╤Г╨╗╤М╤В╨░╤В╤Л ╨▓ ╨╛╨┤╨╜╨╛ ╨╕ ╤В╨╛ ╨╢╨╡ ╤А╨░╤Б╨┐╨╛╨╗╨╛╨╢╨╡╨╜╨╕╨╡. ╨н╤В╨╛ ╨╝╨╛╨╢╨╡╤В ╤Б╤В╨░╤В╤М ╨┐╤А╨╕╤З╨╕╨╜╨╛╨╣ ╨╜╨╡╨▓╨╡╤А╨╜╨╛╨│╨╛ ╤А╨╡╨╖╤Г╨╗╤М╤В╨░╤В╨░ ╤Б╨▒╨╛╤А╨║╨╕.  ╨Т╨║╨╗╤О╤З╨╡╨╜╨╜╤Л╨╡ ╤Д╨░╨╣╨╗╤Л тАФ C:\Users\KusokMedi\Documents\GitHub\BetterShowcase\build\_deps\bindings-src\bindings\2.2081\inline\BrowseSmartKeyLayer.cpp, C:\Users\KusokMedi\Documents\GitHub\BetterShowcase\build\bindings\bindings\Geode\source\BrowseSmartKeyLayer.cpp. [C:\Users\KusokMedi\Documents\GitHub\BetterShowcase\build\bindings\GeodeBindings.vcxproj]
C:\Program Files (x86)\Microsoft Visual Studio\2022\BuildTools\MSBuild\Microsoft\VC\v170\Microsoft.CppBuild.targets(1129,5): warning MSB8027: ╨┤╨▓╨░ ╨╕╨╗╨╕ ╨▒╨╛╨╗╨╡╨╡ ╤Д╨░╨╣╨╗╨╛╨▓ ╤Б ╨╕╨╝╨╡╨╜╨╡╨╝ BrowseSmartTemplateLayer.cpp ╨▓╤Л╨▓╨╛╨┤╤П╤В ╤А╨╡╨╖╤Г╨╗╤М╤В╨░╤В╤Л ╨▓ ╨╛╨┤╨╜╨╛ ╨╕ ╤В╨╛ ╨╢╨╡ ╤А╨░╤Б╨┐╨╛╨╗╨╛╨╢╨╡╨╜╨╕╨╡. ╨н╤В╨╛ ╨╝╨╛╨╢╨╡╤В ╤Б╤В╨░╤В╤М ╨┐╤А╨╕╤З╨╕╨╜╨╛╨╣ ╨╜╨╡╨▓╨╡╤А╨╜╨╛╨│╨╛ ╤А╨╡╨╖╤Г╨╗╤М╤В╨░╤В╨░ ╤Б╨▒╨╛╤А╨║╨╕.  ╨Т╨║╨╗╤О╤З╨╡╨╜╨╜╤Л╨╡ ╤Д╨░╨╣╨╗╤Л тАФ C:\Users\KusokMedi\Documents\GitHub\BetterShowcase\build\_deps\bindings-src\bindings\2.2081\inline\BrowseSmartTemplateLayer.cpp, C:\Users\KusokMedi\Documents\GitHub\BetterShowcase\build\bindings\bindings\Geode\source\BrowseSmartTemplateLayer.cpp. [C:\Users\KusokMedi\Documents\GitHub\BetterShowcase\build\bindings\GeodeBindings.vcxproj]
C:\Program Files (x86)\Microsoft Visual Studio\2022\BuildTools\MSBuild\Microsoft\VC\v170\Microsoft.CppBuild.targets(1129,5): warning MSB8027: ╨┤╨▓╨░ ╨╕╨╗╨╕ ╨▒╨╛╨╗╨╡╨╡ ╤Д╨░╨╣╨╗╨╛╨▓ ╤Б ╨╕╨╝╨╡╨╜╨╡╨╝ ButtonPage.cpp ╨▓╤Л╨▓╨╛╨┤╤П╤В ╤А╨╡╨╖╤Г╨╗╤М╤В╨░╤В╤Л ╨▓ ╨╛╨┤╨╜╨╛ ╨╕ ╤В╨╛ ╨╢╨╡ ╤А╨░╤Б╨┐╨╛╨╗╨╛╨╢╨╡╨╜╨╕╨╡. ╨н╤В╨╛ ╨╝╨╛╨╢╨╡╤В ╤Б╤В╨░╤В╤М ╨┐╤А╨╕╤З╨╕╨╜╨╛╨╣ ╨╜╨╡╨▓╨╡╤А╨╜╨╛╨│╨╛ ╤А╨╡╨╖╤Г╨╗╤М╤В╨░╤В╨░ ╤Б╨▒╨╛╤А╨║╨╕.  ╨Т╨║╨╗╤О╤З╨╡╨╜╨╜╤Л╨╡ ╤Д╨░╨╣╨╗╤Л тАФ C:\Users\KusokMedi\Documents\GitHub\BetterShowcase\build\_deps\bindings-src\bindings\2.2081\inline\ButtonPage.cpp, C:\Users\KusokMedi\Documents\GitHub\BetterShowcase\build\bindings\bindings\Geode\source\ButtonPage.cpp. [C:\Users\KusokMedi\Documents\GitHub\BetterShowcase\build\bindings\GeodeBindings.vcxproj]
C:\Program Files (x86)\Microsoft Visual Studio\2022\BuildTools\MSBuild\Microsoft\VC\v170\Microsoft.CppBuild.targets(1129,5): warning MSB8027: ╨┤╨▓╨░ ╨╕╨╗╨╕ ╨▒╨╛╨╗╨╡╨╡ ╤Д╨░╨╣╨╗╨╛╨▓ ╤Б ╨╕╨╝╨╡╨╜╨╡╨╝ ButtonSprite.cpp ╨▓╤Л╨▓╨╛╨┤╤П╤В ╤А╨╡╨╖╤Г╨╗╤М╤В╨░╤В╤Л ╨▓ ╨╛╨┤╨╜╨╛ ╨╕ ╤В╨╛ ╨╢╨╡ ╤А╨░╤Б╨┐╨╛╨╗╨╛╨╢╨╡╨╜╨╕╨╡. ╨н╤В╨╛ ╨╝╨╛╨╢╨╡╤В ╤Б╤В╨░╤В╤М ╨┐╤А╨╕╤З╨╕╨╜╨╛╨╣ ╨╜╨╡╨▓╨╡╤А╨╜╨╛╨│╨╛ ╤А╨╡╨╖╤Г╨╗╤М╤В╨░╤В╨░ ╤Б╨▒╨╛╤А╨║╨╕.  ╨Т╨║╨╗╤О╤З╨╡╨╜╨╜╤Л╨╡ ╤Д╨░╨╣╨╗╤Л тАФ C:\Users\KusokMedi\Documents\GitHub\BetterShowcase\build\_deps\bindings-src\bindings\2.2081\inline\ButtonSprite.cpp, C:\Users\KusokMedi\Documents\GitHub\BetterShowcase\build\bindings\bindings\Geode\source\ButtonSprite.cpp. [C:\Users\KusokMedi\Documents\GitHub\BetterShowcase\build\bindings\GeodeBindings.vcxproj]
C:\Program Files (x86)\Microsoft Visual Studio\2022\BuildTools\MSBuild\Microsoft\VC\v170\Microsoft.CppBuild.targets(1129,5): warning MSB8027: ╨┤╨▓╨░ ╨╕╨╗╨╕ ╨▒╨╛╨╗╨╡╨╡ ╤Д╨░╨╣╨╗╨╛╨▓ ╤Б ╨╕╨╝╨╡╨╜╨╡╨╝ CAState.cpp ╨▓╤Л╨▓╨╛╨┤╤П╤В ╤А╨╡╨╖╤Г╨╗╤М╤В╨░╤В╤Л ╨▓ ╨╛╨┤╨╜╨╛ ╨╕ ╤В╨╛ ╨╢╨╡ ╤А╨░╤Б╨┐╨╛╨╗╨╛╨╢╨╡╨╜╨╕╨╡. ╨н╤В╨╛ ╨╝╨╛╨╢╨╡╤В ╤Б╤В╨░╤В╤М ╨┐╤А╨╕╤З╨╕╨╜╨╛╨╣ ╨╜╨╡╨▓╨╡╤А╨╜╨╛╨│╨╛ ╤А╨╡╨╖╤Г╨╗╤М╤В╨░╤В╨░ ╤Б╨▒╨╛╤А╨║╨╕.  ╨Т╨║╨╗╤О╤З╨╡╨╜╨╜╤Л╨╡ ╤Д╨░╨╣╨╗╤Л тАФ C:\Users\KusokMedi\Documents\GitHub\BetterShowcase\build\_deps\bindings-src\bindings\2.2081\inline\CAState.cpp, C:\Users\KusokMedi\Documents\GitHub\BetterShowcase\build\bindings\bindings\Geode\source\CAState.cpp. [C:\Users\KusokMedi\Documents\GitHub\BetterShowcase\build\bindings\GeodeBindings.vcxproj]
C:\Program Files (x86)\Microsoft Visual Studio\2022\BuildTools\MSBuild\Microsoft\VC\v170\Microsoft.CppBuild.targets(1129,5): warning MSB8027: ╨┤╨▓╨░ ╨╕╨╗╨╕ ╨▒╨╛╨╗╨╡╨╡ ╤Д╨░╨╣╨╗╨╛╨▓ ╤Б ╨╕╨╝╨╡╨╜╨╡╨╝ CCAccelAmplitude.cpp ╨▓╤Л╨▓╨╛╨┤╤П╤В ╤А╨╡╨╖╤Г╨╗╤М╤В╨░╤В╤Л ╨▓ ╨╛╨┤╨╜╨╛ ╨╕ ╤В╨╛ ╨╢╨╡ ╤А╨░╤Б╨┐╨╛╨╗╨╛╨╢╨╡╨╜╨╕╨╡. ╨н╤В╨╛ ╨╝╨╛╨╢╨╡╤В ╤Б╤В╨░╤В╤М ╨┐╤А╨╕╤З╨╕╨╜╨╛╨╣ ╨╜╨╡╨▓╨╡╤А╨╜╨╛╨│╨╛ ╤А╨╡╨╖╤Г╨╗╤М╤В╨░╤В╨░ ╤Б╨▒╨╛╤А╨║╨╕.  ╨Т╨║╨╗╤О╤З╨╡╨╜╨╜╤Л╨╡ ╤Д╨░╨╣╨╗╤Л тАФ C:\Users\KusokMedi\Documents\GitHub\BetterShowcase\build\_deps\bindings-src\bindings\2.2081\inline\CCAccelAmplitude.cpp, C:\Users\KusokMedi\Documents\GitHub\BetterShowcase\build\bindings\bindings\Geode\source\CCAccelAmplitude.cpp. [C:\Users\KusokMedi\Documents\GitHub\BetterShowcase\build\bindings\GeodeBindings.vcxproj]
C:\Program Files (x86)\Microsoft Visual Studio\2022\BuildTools\MSBuild\Microsoft\VC\v170\Microsoft.CppBuild.targets(1129,5): warning MSB8027: ╨┤╨▓╨░ ╨╕╨╗╨╕ ╨▒╨╛╨╗╨╡╨╡ ╤Д╨░╨╣╨╗╨╛╨▓ ╤Б ╨╕╨╝╨╡╨╜╨╡╨╝ CCAccelDeccelAmplitude.cpp ╨▓╤Л╨▓╨╛╨┤╤П╤В ╤А╨╡╨╖╤Г╨╗╤М╤В╨░╤В╤Л ╨▓ ╨╛╨┤╨╜╨╛ ╨╕ ╤В╨╛ ╨╢╨╡ ╤А╨░╤Б╨┐╨╛╨╗╨╛╨╢╨╡╨╜╨╕╨╡. ╨н╤В╨╛ ╨╝╨╛╨╢╨╡╤В ╤Б╤В╨░╤В╤М ╨┐╤А╨╕╤З╨╕╨╜╨╛╨╣ ╨╜╨╡╨▓╨╡╤А╨╜╨╛╨│╨╛ ╤А╨╡╨╖╤Г╨╗╤М╤В╨░╤В╨░ ╤Б╨▒╨╛╤А╨║╨╕.  ╨Т╨║╨╗╤О╤З╨╡╨╜╨╜╤Л╨╡ ╤Д╨░╨╣╨╗╤Л тАФ C:\Users\KusokMedi\Documents\GitHub\BetterShowcase\build\_deps\bindings-src\bindings\2.2081\inline\CCAccelDeccelAmplitude.cpp, C:\Users\KusokMedi\Documents\GitHub\BetterShowcase\build\bindings\bindings\Geode\source\CCAccelDeccelAmplitude.cpp. [C:\Users\KusokMedi\Documents\GitHub\BetterShowcase\build\bindings\GeodeBindings.vcxproj]
C:\Program Files (x86)\Microsoft Visual Studio\2022\BuildTools\MSBuild\Microsoft\VC\v170\Microsoft.CppBuild.targets(1129,5): warning MSB8027: ╨┤╨▓╨░ ╨╕╨╗╨╕ ╨▒╨╛╨╗╨╡╨╡ ╤Д╨░╨╣╨╗╨╛╨▓ ╤Б ╨╕╨╝╨╡╨╜╨╡╨╝ CCAction.cpp ╨▓╤Л╨▓╨╛╨┤╤П╤В ╤А╨╡╨╖╤Г╨╗╤М╤В╨░╤В╤Л ╨▓ ╨╛╨┤╨╜╨╛ ╨╕ ╤В╨╛ ╨╢╨╡ ╤А╨░╤Б╨┐╨╛╨╗╨╛╨╢╨╡╨╜╨╕╨╡. ╨н╤В╨╛ ╨╝╨╛╨╢╨╡╤В ╤Б╤В╨░╤В╤М ╨┐╤А╨╕╤З╨╕╨╜╨╛╨╣ ╨╜╨╡╨▓╨╡╤А╨╜╨╛╨│╨╛ ╤А╨╡╨╖╤Г╨╗╤М╤В╨░╤В╨░ ╤Б╨▒╨╛╤А╨║╨╕.  ╨Т╨║╨╗╤О╤З╨╡╨╜╨╜╤Л╨╡ ╤Д╨░╨╣╨╗╤Л тАФ C:\Users\KusokMedi\Documents\GitHub\BetterShowcase\build\_deps\bindings-src\bindings\2.2081\inline\CCAction.cpp, C:\Users\KusokMedi\Documents\GitHub\BetterShowcase\build\bindings\bindings\Geode\source\CCAction.cpp. [C:\Users\KusokMedi\Documents\GitHub\BetterShowcase\build\bindings\GeodeBindings.vcxproj]
C:\Program Files (x86)\Microsoft Visual Studio\2022\BuildTools\MSBuild\Microsoft\VC\v170\Microsoft.CppBuild.targets(1129,5): warning MSB8027: ╨┤╨▓╨░ ╨╕╨╗╨╕ ╨▒╨╛╨╗╨╡╨╡ ╤Д╨░╨╣╨╗╨╛╨▓ ╤Б ╨╕╨╝╨╡╨╜╨╡╨╝ CCActionCamera.cpp ╨▓╤Л╨▓╨╛╨┤╤П╤В ╤А╨╡╨╖╤Г╨╗╤М╤В╨░╤В╤Л ╨▓ ╨╛╨┤╨╜╨╛ ╨╕ ╤В╨╛ ╨╢╨╡ ╤А╨░╤Б╨┐╨╛╨╗╨╛╨╢╨╡╨╜╨╕╨╡. ╨н╤В╨╛ ╨╝╨╛╨╢╨╡╤В ╤Б╤В╨░╤В╤М ╨┐╤А╨╕╤З╨╕╨╜╨╛╨╣ ╨╜╨╡╨▓╨╡╤А╨╜╨╛╨│╨╛ ╤А╨╡╨╖╤Г╨╗╤М╤В╨░╤В╨░ ╤Б╨▒╨╛╤А╨║╨╕.  ╨Т╨║╨╗╤О╤З╨╡╨╜╨╜╤Л╨╡ ╤Д╨░╨╣╨╗╤Л тАФ C:\Users\KusokMedi\Documents\GitHub\BetterShowcase\build\_deps\bindings-src\bindings\2.2081\inline\CCActionCamera.cpp, C:\Users\KusokMedi\Documents\GitHub\BetterShowcase\build\bindings\bindings\Geode\source\CCActionCamera.cpp. [C:\Users\KusokMedi\Documents\GitHub\BetterShowcase\build\bindings\GeodeBindings.vcxproj]
C:\Program Files (x86)\Microsoft Visual Studio\2022\BuildTools\MSBuild\Microsoft\VC\v170\Microsoft.CppBuild.targets(1129,5): warning MSB8027: ╨┤╨▓╨░ ╨╕╨╗╨╕ ╨▒╨╛╨╗╨╡╨╡ ╤Д╨░╨╣╨╗╨╛╨▓ ╤Б ╨╕╨╝╨╡╨╜╨╡╨╝ CCActionEase.cpp ╨▓╤Л╨▓╨╛╨┤╤П╤В ╤А╨╡╨╖╤Г╨╗╤М╤В╨░╤В╤Л ╨▓ ╨╛╨┤╨╜╨╛ ╨╕ ╤В╨╛ ╨╢╨╡ ╤А╨░╤Б╨┐╨╛╨╗╨╛╨╢╨╡╨╜╨╕╨╡. ╨н╤В╨╛ ╨╝╨╛╨╢╨╡╤В ╤Б╤В╨░╤В╤М ╨┐╤А╨╕╤З╨╕╨╜╨╛╨╣ ╨╜╨╡╨▓╨╡╤А╨╜╨╛╨│╨╛ ╤А╨╡╨╖╤Г╨╗╤М╤В╨░╤В╨░ ╤Б╨▒╨╛╤А╨║╨╕.  ╨Т╨║╨╗╤О╤З╨╡╨╜╨╜╤Л╨╡ ╤Д╨░╨╣╨╗╤Л тАФ C:\Users\KusokMedi\Documents\GitHub\BetterShowcase\build\_deps\bindings-src\bindings\2.2081\inline\CCActionEase.cpp, C:\Users\KusokMedi\Documents\GitHub\BetterShowcase\build\bindings\bindings\Geode\source\CCActionEase.cpp. [C:\Users\KusokMedi\Documents\GitHub\BetterShowcase\build\bindings\GeodeBindings.vcxproj]
C:\Program Files (x86)\Microsoft Visual Studio\2022\BuildTools\MSBuild\Microsoft\VC\v170\Microsoft.CppBuild.targets(1129,5): warning MSB8027: ╨┤╨▓╨░ ╨╕╨╗╨╕ ╨▒╨╛╨╗╨╡╨╡ ╤Д╨░╨╣╨╗╨╛╨▓ ╤Б ╨╕╨╝╨╡╨╜╨╡╨╝ CCActionInstant.cpp ╨▓╤Л╨▓╨╛╨┤╤П╤В ╤А╨╡╨╖╤Г╨╗╤М╤В╨░╤В╤Л ╨▓ ╨╛╨┤╨╜╨╛ ╨╕ ╤В╨╛ ╨╢╨╡ ╤А╨░╤Б╨┐╨╛╨╗╨╛╨╢╨╡╨╜╨╕╨╡. ╨н╤В╨╛ ╨╝╨╛╨╢╨╡╤В ╤Б╤В╨░╤В╤М ╨┐╤А╨╕╤З╨╕╨╜╨╛╨╣ ╨╜╨╡╨▓╨╡╤А╨╜╨╛╨│╨╛ ╤А╨╡╨╖╤Г╨╗╤М╤В╨░╤В╨░ ╤Б╨▒╨╛╤А╨║╨╕.  ╨Т╨║╨╗╤О╤З╨╡╨╜╨╜╤Л╨╡ ╤Д╨░╨╣╨╗╤Л тАФ C:\Users\KusokMedi\Documents\GitHub\BetterShowcase\build\_deps\bindings-src\bindings\2.2081\inline\CCActionInstant.cpp, C:\Users\KusokMedi\Documents\GitHub\BetterShowcase\build\bindings\bindings\Geode\source\CCActionInstant.cpp. [C:\Users\KusokMedi\Documents\GitHub\BetterShowcase\build\bindings\GeodeBindings.vcxproj]
C:\Program Files (x86)\Microsoft Visual Studio\2022\BuildTools\MSBuild\Microsoft\VC\v170\Microsoft.CppBuild.targets(1129,5): warning MSB8027: ╨┤╨▓╨░ ╨╕╨╗╨╕ ╨▒╨╛╨╗╨╡╨╡ ╤Д╨░╨╣╨╗╨╛╨▓ ╤Б ╨╕╨╝╨╡╨╜╨╡╨╝ CCActionInterval.cpp ╨▓╤Л╨▓╨╛╨┤╤П╤В ╤А╨╡╨╖╤Г╨╗╤М╤В╨░╤В╤Л ╨▓ ╨╛╨┤╨╜╨╛ ╨╕ ╤В╨╛ ╨╢╨╡ ╤А╨░╤Б╨┐╨╛╨╗╨╛╨╢╨╡╨╜╨╕╨╡. ╨н╤В╨╛ ╨╝╨╛╨╢╨╡╤В ╤Б╤В╨░╤В╤М ╨┐╤А╨╕╤З╨╕╨╜╨╛╨╣ ╨╜╨╡╨▓╨╡╤А╨╜╨╛╨│╨╛ ╤А╨╡╨╖╤Г╨╗╤М╤В╨░╤В╨░ ╤Б╨▒╨╛╤А╨║╨╕.  ╨Т╨║╨╗╤О╤З╨╡╨╜╨╜╤Л╨╡ ╤Д╨░╨╣╨╗╤Л тАФ C:\Users\KusokMedi\Documents\GitHub\BetterShowcase\build\_deps\bindings-src\bindings\2.2081\inline\CCActionInterval.cpp, C:\Users\KusokMedi\Documents\GitHub\BetterShowcase\build\bindings\bindings\Geode\source\CCActionInterval.cpp. [C:\Users\KusokMedi\Documents\GitHub\BetterShowcase\build\bindings\GeodeBindings.vcxproj]
C:\Program Files (x86)\Microsoft Visual Studio\2022\BuildTools\MSBuild\Microsoft\VC\v170\Microsoft.CppBuild.targets(1129,5): warning MSB8027: ╨┤╨▓╨░ ╨╕╨╗╨╕ ╨▒╨╛╨╗╨╡╨╡ ╤Д╨░╨╣╨╗╨╛╨▓ ╤Б ╨╕╨╝╨╡╨╜╨╡╨╝ CCActionManager.cpp ╨▓╤Л╨▓╨╛╨┤╤П╤В ╤А╨╡╨╖╤Г╨╗╤М╤В╨░╤В╤Л ╨▓ ╨╛╨┤╨╜╨╛ ╨╕ ╤В╨╛ ╨╢╨╡ ╤А╨░╤Б╨┐╨╛╨╗╨╛╨╢╨╡╨╜╨╕╨╡. ╨н╤В╨╛ ╨╝╨╛╨╢╨╡╤В ╤Б╤В╨░╤В╤М ╨┐╤А╨╕╤З╨╕╨╜╨╛╨╣ ╨╜╨╡╨▓╨╡╤А╨╜╨╛╨│╨╛ ╤А╨╡╨╖╤Г╨╗╤М╤В╨░╤В╨░ ╤Б╨▒╨╛╤А╨║╨╕.  ╨Т╨║╨╗╤О╤З╨╡╨╜╨╜╤Л╨╡ ╤Д╨░╨╣╨╗╤Л тАФ C:\Users\KusokMedi\Documents\GitHub\BetterShowcase\build\_deps\bindings-src\bindings\2.2081\inline\CCActionManager.cpp, C:\Users\KusokMedi\Documents\GitHub\BetterShowcase\build\bindings\bindings\Geode\source\CCActionManager.cpp. [C:\Users\KusokMedi\Documents\GitHub\BetterShowcase\build\bindings\GeodeBindings.vcxproj]
C:\Program Files (x86)\Microsoft Visual Studio\2022\BuildTools\MSBuild\Microsoft\VC\v170\Microsoft.CppBuild.targets(1129,5): warning MSB8027: ╨┤╨▓╨░ ╨╕╨╗╨╕ ╨▒╨╛╨╗╨╡╨╡ ╤Д╨░╨╣╨╗╨╛╨▓ ╤Б ╨╕╨╝╨╡╨╜╨╡╨╝ CCActionTween.cpp ╨▓╤Л╨▓╨╛╨┤╤П╤В ╤А╨╡╨╖╤Г╨╗╤М╤В╨░╤В╤Л ╨▓ ╨╛╨┤╨╜╨╛ ╨╕ ╤В╨╛ ╨╢╨╡ ╤А╨░╤Б╨┐╨╛╨╗╨╛╨╢╨╡╨╜╨╕╨╡. ╨н╤В╨╛ ╨╝╨╛╨╢╨╡╤В ╤Б╤В╨░╤В╤М ╨┐╤А╨╕╤З╨╕╨╜╨╛╨╣ ╨╜╨╡╨▓╨╡╤А╨╜╨╛╨│╨╛ ╤А╨╡╨╖╤Г╨╗╤М╤В╨░╤В╨░ ╤Б╨▒╨╛╤А╨║╨╕.  ╨Т╨║╨╗╤О╤З╨╡╨╜╨╜╤Л╨╡ ╤Д╨░╨╣╨╗╤Л тАФ C:\Users\KusokMedi\Documents\GitHub\BetterShowcase\build\_deps\bindings-src\bindings\2.2081\inline\CCActionTween.cpp, C:\Users\KusokMedi\Documents\GitHub\BetterShowcase\build\bindings\bindings\Geode\source\CCActionTween.cpp. [C:\Users\KusokMedi\Documents\GitHub\BetterShowcase\build\bindings\GeodeBindings.vcxproj]
C:\Program Files (x86)\Microsoft Visual Studio\2022\BuildTools\MSBuild\Microsoft\VC\v170\Microsoft.CppBuild.targets(1129,5): warning MSB8027: ╨┤╨▓╨░ ╨╕╨╗╨╕ ╨▒╨╛╨╗╨╡╨╡ ╤Д╨░╨╣╨╗╨╛╨▓ ╤Б ╨╕╨╝╨╡╨╜╨╡╨╝ CCAlertCircle.cpp ╨▓╤Л╨▓╨╛╨┤╤П╤В ╤А╨╡╨╖╤Г╨╗╤М╤В╨░╤В╤Л ╨▓ ╨╛╨┤╨╜╨╛ ╨╕ ╤В╨╛ ╨╢╨╡ ╤А╨░╤Б╨┐╨╛╨╗╨╛╨╢╨╡╨╜╨╕╨╡. ╨н╤В╨╛ ╨╝╨╛╨╢╨╡╤В ╤Б╤В╨░╤В╤М ╨┐╤А╨╕╤З╨╕╨╜╨╛╨╣ ╨╜╨╡╨▓╨╡╤А╨╜╨╛╨│╨╛ ╤А╨╡╨╖╤Г╨╗╤М╤В╨░╤В╨░ ╤Б╨▒╨╛╤А╨║╨╕.  ╨Т╨║╨╗╤О╤З╨╡╨╜╨╜╤Л╨╡ ╤Д╨░╨╣╨╗╤Л тАФ C:\Users\KusokMedi\Documents\GitHub\BetterShowcase\build\_deps\bindings-src\bindings\2.2081\inline\CCAlertCircle.cpp, C:\Users\KusokMedi\Documents\GitHub\BetterShowcase\build\bindings\bindings\Geode\source\CCAlertCircle.cpp. [C:\Users\KusokMedi\Documents\GitHub\BetterShowcase\build\bindings\GeodeBindings.vcxproj]
C:\Program Files (x86)\Microsoft Visual Studio\2022\BuildTools\MSBuild\Microsoft\VC\v170\Microsoft.CppBuild.targets(1129,5): warning MSB8027: ╨┤╨▓╨░ ╨╕╨╗╨╕ ╨▒╨╛╨╗╨╡╨╡ ╤Д╨░╨╣╨╗╨╛╨▓ ╤Б ╨╕╨╝╨╡╨╜╨╡╨╝ CCAnimate.cpp ╨▓╤Л╨▓╨╛╨┤╤П╤В ╤А╨╡╨╖╤Г╨╗╤М╤В╨░╤В╤Л ╨▓ ╨╛╨┤╨╜╨╛ ╨╕ ╤В╨╛ ╨╢╨╡ ╤А╨░╤Б╨┐╨╛╨╗╨╛╨╢╨╡╨╜╨╕╨╡. ╨н╤В╨╛ ╨╝╨╛╨╢╨╡╤В ╤Б╤В╨░╤В╤М ╨┐╤А╨╕╤З╨╕╨╜╨╛╨╣ ╨╜╨╡╨▓╨╡╤А╨╜╨╛╨│╨╛ ╤А╨╡╨╖╤Г╨╗╤М╤В╨░╤В╨░ ╤Б╨▒╨╛╤А╨║╨╕.  ╨Т╨║╨╗╤О╤З╨╡╨╜╨╜╤Л╨╡ ╤Д╨░╨╣╨╗╤Л тАФ C:\Users\KusokMedi\Documents\GitHub\BetterShowcase\build\_deps\bindings-src\bindings\2.2081\inline\CCAnimate.cpp, C:\Users\KusokMedi\Documents\GitHub\BetterShowcase\build\bindings\bindings\Geode\source\CCAnimate.cpp. [C:\Users\KusokMedi\Documents\GitHub\BetterShowcase\build\bindings\GeodeBindings.vcxproj]
C:\Program Files (x86)\Microsoft Visual Studio\2022\BuildTools\MSBuild\Microsoft\VC\v170\Microsoft.CppBuild.targets(1129,5): warning MSB8027: ╨┤╨▓╨░ ╨╕╨╗╨╕ ╨▒╨╛╨╗╨╡╨╡ ╤Д╨░╨╣╨╗╨╛╨▓ ╤Б ╨╕╨╝╨╡╨╜╨╡╨╝ CCAnimateFrameCache.cpp ╨▓╤Л╨▓╨╛╨┤╤П╤В ╤А╨╡╨╖╤Г╨╗╤М╤В╨░╤В╤Л ╨▓ ╨╛╨┤╨╜╨╛ ╨╕ ╤В╨╛ ╨╢╨╡ ╤А╨░╤Б╨┐╨╛╨╗╨╛╨╢╨╡╨╜╨╕╨╡. ╨н╤В╨╛ ╨╝╨╛╨╢╨╡╤В ╤Б╤В╨░╤В╤М ╨┐╤А╨╕╤З╨╕╨╜╨╛╨╣ ╨╜╨╡╨▓╨╡╤А╨╜╨╛╨│╨╛ ╤А╨╡╨╖╤Г╨╗╤М╤В╨░╤В╨░ ╤Б╨▒╨╛╤А╨║╨╕.  ╨Т╨║╨╗╤О╤З╨╡╨╜╨╜╤Л╨╡ ╤Д╨░╨╣╨╗╤Л тАФ C:\Users\KusokMedi\Documents\GitHub\BetterShowcase\build\_deps\bindings-src\bindings\2.2081\inline\CCAnimateFrameCache.cpp, C:\Users\KusokMedi\Documents\GitHub\BetterShowcase\build\bindings\bindings\Geode\source\CCAnimateFrameCache.cpp. [C:\Users\KusokMedi\Documents\GitHub\BetterShowcase\build\bindings\GeodeBindings.vcxproj]
C:\Program Files (x86)\Microsoft Visual Studio\2022\BuildTools\MSBuild\Microsoft\VC\v170\Microsoft.CppBuild.targets(1129,5): warning MSB8027: ╨┤╨▓╨░ ╨╕╨╗╨╕ ╨▒╨╛╨╗╨╡╨╡ ╤Д╨░╨╣╨╗╨╛╨▓ ╤Б ╨╕╨╝╨╡╨╜╨╡╨╝ CCAnimatedSprite.cpp ╨▓╤Л╨▓╨╛╨┤╤П╤В ╤А╨╡╨╖╤Г╨╗╤М╤В╨░╤В╤Л ╨▓ ╨╛╨┤╨╜╨╛ ╨╕ ╤В╨╛ ╨╢╨╡ ╤А╨░╤Б╨┐╨╛╨╗╨╛╨╢╨╡╨╜╨╕╨╡. ╨н╤В╨╛ ╨╝╨╛╨╢╨╡╤В ╤Б╤В╨░╤В╤М ╨┐╤А╨╕╤З╨╕╨╜╨╛╨╣ ╨╜╨╡╨▓╨╡╤А╨╜╨╛╨│╨╛ ╤А╨╡╨╖╤Г╨╗╤М╤В╨░╤В╨░ ╤Б╨▒╨╛╤А╨║╨╕.  ╨Т╨║╨╗╤О╤З╨╡╨╜╨╜╤Л╨╡ ╤Д╨░╨╣╨╗╤Л тАФ C:\Users\KusokMedi\Documents\GitHub\BetterShowcase\build\_deps\bindings-src\bindings\2.2081\inline\CCAnimatedSprite.cpp, C:\Users\KusokMedi\Documents\GitHub\BetterShowcase\build\bindings\bindings\Geode\source\CCAnimatedSprite.cpp. [C:\Users\KusokMedi\Documents\GitHub\BetterShowcase\build\bindings\GeodeBindings.vcxproj]
C:\Program Files (x86)\Microsoft Visual Studio\2022\BuildTools\MSBuild\Microsoft\VC\v170\Microsoft.CppBuild.targets(1129,5): warning MSB8027: ╨┤╨▓╨░ ╨╕╨╗╨╕ ╨▒╨╛╨╗╨╡╨╡ ╤Д╨░╨╣╨╗╨╛╨▓ ╤Б ╨╕╨╝╨╡╨╜╨╡╨╝ CCAnimation.cpp ╨▓╤Л╨▓╨╛╨┤╤П╤В ╤А╨╡╨╖╤Г╨╗╤М╤В╨░╤В╤Л ╨▓ ╨╛╨┤╨╜╨╛ ╨╕ ╤В╨╛ ╨╢╨╡ ╤А╨░╤Б╨┐╨╛╨╗╨╛╨╢╨╡╨╜╨╕╨╡. ╨н╤В╨╛ ╨╝╨╛╨╢╨╡╤В ╤Б╤В╨░╤В╤М ╨┐╤А╨╕╤З╨╕╨╜╨╛╨╣ ╨╜╨╡╨▓╨╡╤А╨╜╨╛╨│╨╛ ╤А╨╡╨╖╤Г╨╗╤М╤В╨░╤В╨░ ╤Б╨▒╨╛╤А╨║╨╕.  ╨Т╨║╨╗╤О╤З╨╡╨╜╨╜╤Л╨╡ ╤Д╨░╨╣╨╗╤Л тАФ C:\Users\KusokMedi\Documents\GitHub\BetterShowcase\build\_deps\bindings-src\bindings\2.2081\inline\CCAnimation.cpp, C:\Users\KusokMedi\Documents\GitHub\BetterShowcase\build\bindings\bindings\Geode\source\CCAnimation.cpp. [C:\Users\KusokMedi\Documents\GitHub\BetterShowcase\build\bindings\GeodeBindings.vcxproj]
C:\Program Files (x86)\Microsoft Visual Studio\2022\BuildTools\MSBuild\Microsoft\VC\v170\Microsoft.CppBuild.targets(1129,5): warning MSB8027: ╨┤╨▓╨░ ╨╕╨╗╨╕ ╨▒╨╛╨╗╨╡╨╡ ╤Д╨░╨╣╨╗╨╛╨▓ ╤Б ╨╕╨╝╨╡╨╜╨╡╨╝ CCAnimationCache.cpp ╨▓╤Л╨▓╨╛╨┤╤П╤В ╤А╨╡╨╖╤Г╨╗╤М╤В╨░╤В╤Л ╨▓ ╨╛╨┤╨╜╨╛ ╨╕ ╤В╨╛ ╨╢╨╡ ╤А╨░╤Б╨┐╨╛╨╗╨╛╨╢╨╡╨╜╨╕╨╡. ╨н╤В╨╛ ╨╝╨╛╨╢╨╡╤В ╤Б╤В╨░╤В╤М ╨┐╤А╨╕╤З╨╕╨╜╨╛╨╣ ╨╜╨╡╨▓╨╡╤А╨╜╨╛╨│╨╛ ╤А╨╡╨╖╤Г╨╗╤М╤В╨░╤В╨░ ╤Б╨▒╨╛╤А╨║╨╕.  ╨Т╨║╨╗╤О╤З╨╡╨╜╨╜╤Л╨╡ ╤Д╨░╨╣╨╗╤Л тАФ C:\Users\KusokMedi\Documents\GitHub\BetterShowcase\build\_deps\bindings-src\bindings\2.2081\inline\CCAnimationCache.cpp, C:\Users\KusokMedi\Documents\GitHub\BetterShowcase\build\bindings\bindings\Geode\source\CCAnimationCache.cpp. [C:\Users\KusokMedi\Documents\GitHub\BetterShowcase\build\bindings\GeodeBindings.vcxproj]
C:\Program Files (x86)\Microsoft Visual Studio\2022\BuildTools\MSBuild\Microsoft\VC\v170\Microsoft.CppBuild.targets(1129,5): warning MSB8027: ╨┤╨▓╨░ ╨╕╨╗╨╕ ╨▒╨╛╨╗╨╡╨╡ ╤Д╨░╨╣╨╗╨╛╨▓ ╤Б ╨╕╨╝╨╡╨╜╨╡╨╝ CCAnimationFrame.cpp ╨▓╤Л╨▓╨╛╨┤╤П╤В ╤А╨╡╨╖╤Г╨╗╤М╤В╨░╤В╤Л ╨▓ ╨╛╨┤╨╜╨╛ ╨╕ ╤В╨╛ ╨╢╨╡ ╤А╨░╤Б╨┐╨╛╨╗╨╛╨╢╨╡╨╜╨╕╨╡. ╨н╤В╨╛ ╨╝╨╛╨╢╨╡╤В ╤Б╤В╨░╤В╤М ╨┐╤А╨╕╤З╨╕╨╜╨╛╨╣ ╨╜╨╡╨▓╨╡╤А╨╜╨╛╨│╨╛ ╤А╨╡╨╖╤Г╨╗╤М╤В╨░╤В╨░ ╤Б╨▒╨╛╤А╨║╨╕.  ╨Т╨║╨╗╤О╤З╨╡╨╜╨╜╤Л╨╡ ╤Д╨░╨╣╨╗╤Л тАФ C:\Users\KusokMedi\Documents\GitHub\BetterShowcase\build\_deps\bindings-src\bindings\2.2081\inline\CCAnimationFrame.cpp, C:\Users\KusokMedi\Documents\GitHub\BetterShowcase\build\bindings\bindings\Geode\source\CCAnimationFrame.cpp. [C:\Users\KusokMedi\Documents\GitHub\BetterShowcase\build\bindings\GeodeBindings.vcxproj]
C:\Program Files (x86)\Microsoft Visual Studio\2022\BuildTools\MSBuild\Microsoft\VC\v170\Microsoft.CppBuild.targets(1129,5): warning MSB8027: ╨┤╨▓╨░ ╨╕╨╗╨╕ ╨▒╨╛╨╗╨╡╨╡ ╤Д╨░╨╣╨╗╨╛╨▓ ╤Б ╨╕╨╝╨╡╨╜╨╡╨╝ CCApplication.cpp ╨▓╤Л╨▓╨╛╨┤╤П╤В ╤А╨╡╨╖╤Г╨╗╤М╤В╨░╤В╤Л ╨▓ ╨╛╨┤╨╜╨╛ ╨╕ ╤В╨╛ ╨╢╨╡ ╤А╨░╤Б╨┐╨╛╨╗╨╛╨╢╨╡╨╜╨╕╨╡. ╨н╤В╨╛ ╨╝╨╛╨╢╨╡╤В ╤Б╤В╨░╤В╤М ╨┐╤А╨╕╤З╨╕╨╜╨╛╨╣ ╨╜╨╡╨▓╨╡╤А╨╜╨╛╨│╨╛ ╤А╨╡╨╖╤Г╨╗╤М╤В╨░╤В╨░ ╤Б╨▒╨╛╤А╨║╨╕.  ╨Т╨║╨╗╤О╤З╨╡╨╜╨╜╤Л╨╡ ╤Д╨░╨╣╨╗╤Л тАФ C:\Users\KusokMedi\Documents\GitHub\BetterShowcase\build\_deps\bindings-src\bindings\2.2081\inline\CCApplication.cpp, C:\Users\KusokMedi\Documents\GitHub\BetterShowcase\build\bindings\bindings\Geode\source\CCApplication.cpp. [C:\Users\KusokMedi\Documents\GitHub\BetterShowcase\build\bindings\GeodeBindings.vcxproj]
C:\Program Files (x86)\Microsoft Visual Studio\2022\BuildTools\MSBuild\Microsoft\VC\v170\Microsoft.CppBuild.targets(1129,5): warning MSB8027: ╨┤╨▓╨░ ╨╕╨╗╨╕ ╨▒╨╛╨╗╨╡╨╡ ╤Д╨░╨╣╨╗╨╛╨▓ ╤Б ╨╕╨╝╨╡╨╜╨╡╨╝ CCArray.cpp ╨▓╤Л╨▓╨╛╨┤╤П╤В ╤А╨╡╨╖╤Г╨╗╤М╤В╨░╤В╤Л ╨▓ ╨╛╨┤╨╜╨╛ ╨╕ ╤В╨╛ ╨╢╨╡ ╤А╨░╤Б╨┐╨╛╨╗╨╛╨╢╨╡╨╜╨╕╨╡. ╨н╤В╨╛ ╨╝╨╛╨╢╨╡╤В ╤Б╤В╨░╤В╤М ╨┐╤А╨╕╤З╨╕╨╜╨╛╨╣ ╨╜╨╡╨▓╨╡╤А╨╜╨╛╨│╨╛ ╤А╨╡╨╖╤Г╨╗╤М╤В╨░╤В╨░ ╤Б╨▒╨╛╤А╨║╨╕.  ╨Т╨║╨╗╤О╤З╨╡╨╜╨╜╤Л╨╡ ╤Д╨░╨╣╨╗╤Л тАФ C:\Users\KusokMedi\Documents\GitHub\BetterShowcase\build\_deps\bindings-src\bindings\2.2081\inline\CCArray.cpp, C:\Users\KusokMedi\Documents\GitHub\BetterShowcase\build\bindings\bindings\Geode\source\CCArray.cpp. [C:\Users\KusokMedi\Documents\GitHub\BetterShowcase\build\bindings\GeodeBindings.vcxproj]
C:\Program Files (x86)\Microsoft Visual Studio\2022\BuildTools\MSBuild\Microsoft\VC\v170\Microsoft.CppBuild.targets(1129,5): warning MSB8027: ╨┤╨▓╨░ ╨╕╨╗╨╕ ╨▒╨╛╨╗╨╡╨╡ ╤Д╨░╨╣╨╗╨╛╨▓ ╤Б ╨╕╨╝╨╡╨╜╨╡╨╝ CCArrayForObjectSorting.cpp ╨▓╤Л╨▓╨╛╨┤╤П╤В ╤А╨╡╨╖╤Г╨╗╤М╤В╨░╤В╤Л ╨▓ ╨╛╨┤╨╜╨╛ ╨╕ ╤В╨╛ ╨╢╨╡ ╤А╨░╤Б╨┐╨╛╨╗╨╛╨╢╨╡╨╜╨╕╨╡. ╨н╤В╨╛ ╨╝╨╛╨╢╨╡╤В ╤Б╤В╨░╤В╤М ╨┐╤А╨╕╤З╨╕╨╜╨╛╨╣ ╨╜╨╡╨▓╨╡╤А╨╜╨╛╨│╨╛ ╤А╨╡╨╖╤Г╨╗╤М╤В╨░╤В╨░ ╤Б╨▒╨╛╤А╨║╨╕.  ╨Т╨║╨╗╤О╤З╨╡╨╜╨╜╤Л╨╡ ╤Д╨░╨╣╨╗╤Л тАФ C:\Users\KusokMedi\Documents\GitHub\BetterShowcase\build\_deps\bindings-src\bindings\2.2081\inline\CCArrayForObjectSorting.cpp, C:\Users\KusokMedi\Documents\GitHub\BetterShowcase\build\bindings\bindings\Geode\source\CCArrayForObjectSorting.cpp. [C:\Users\KusokMedi\Documents\GitHub\BetterShowcase\build\bindings\GeodeBindings.vcxproj]
C:\Program Files (x86)\Microsoft Visual Studio\2022\BuildTools\MSBuild\Microsoft\VC\v170\Microsoft.CppBuild.targets(1129,5): warning MSB8027: ╨┤╨▓╨░ ╨╕╨╗╨╕ ╨▒╨╛╨╗╨╡╨╡ ╤Д╨░╨╣╨╗╨╛╨▓ ╤Б ╨╕╨╝╨╡╨╜╨╡╨╝ CCAtlasNode.cpp ╨▓╤Л╨▓╨╛╨┤╤П╤В ╤А╨╡╨╖╤Г╨╗╤М╤В╨░╤В╤Л ╨▓ ╨╛╨┤╨╜╨╛ ╨╕ ╤В╨╛ ╨╢╨╡ ╤А╨░╤Б╨┐╨╛╨╗╨╛╨╢╨╡╨╜╨╕╨╡. ╨н╤В╨╛ ╨╝╨╛╨╢╨╡╤В ╤Б╤В╨░╤В╤М ╨┐╤А╨╕╤З╨╕╨╜╨╛╨╣ ╨╜╨╡╨▓╨╡╤А╨╜╨╛╨│╨╛ ╤А╨╡╨╖╤Г╨╗╤М╤В╨░╤В╨░ ╤Б╨▒╨╛╤А╨║╨╕.  ╨Т╨║╨╗╤О╤З╨╡╨╜╨╜╤Л╨╡ ╤Д╨░╨╣╨╗╤Л тАФ C:\Users\KusokMedi\Documents\GitHub\BetterShowcase\build\_deps\bindings-src\bindings\2.2081\inline\CCAtlasNode.cpp, C:\Users\KusokMedi\Documents\GitHub\BetterShowcase\build\bindings\bindings\Geode\source\CCAtlasNode.cpp. [C:\Users\KusokMedi\Documents\GitHub\BetterShowcase\build\bindings\GeodeBindings.vcxproj]
C:\Program Files (x86)\Microsoft Visual Studio\2022\BuildTools\MSBuild\Microsoft\VC\v170\Microsoft.CppBuild.targets(1129,5): warning MSB8027: ╨┤╨▓╨░ ╨╕╨╗╨╕ ╨▒╨╛╨╗╨╡╨╡ ╤Д╨░╨╣╨╗╨╛╨▓ ╤Б ╨╕╨╝╨╡╨╜╨╡╨╝ CCAutoreleasePool.cpp ╨▓╤Л╨▓╨╛╨┤╤П╤В ╤А╨╡╨╖╤Г╨╗╤М╤В╨░╤В╤Л ╨▓ ╨╛╨┤╨╜╨╛ ╨╕ ╤В╨╛ ╨╢╨╡ ╤А╨░╤Б╨┐╨╛╨╗╨╛╨╢╨╡╨╜╨╕╨╡. ╨н╤В╨╛ ╨╝╨╛╨╢╨╡╤В ╤Б╤В╨░╤В╤М ╨┐╤А╨╕╤З╨╕╨╜╨╛╨╣ ╨╜╨╡╨▓╨╡╤А╨╜╨╛╨│╨╛ ╤А╨╡╨╖╤Г╨╗╤М╤В╨░╤В╨░ ╤Б╨▒╨╛╤А╨║╨╕.  ╨Т╨║╨╗╤О╤З╨╡╨╜╨╜╤Л╨╡ ╤Д╨░╨╣╨╗╤Л тАФ C:\Users\KusokMedi\Documents\GitHub\BetterShowcase\build\_deps\bindings-src\bindings\2.2081\inline\CCAutoreleasePool.cpp, C:\Users\KusokMedi\Documents\GitHub\BetterShowcase\build\bindings\bindings\Geode\source\CCAutoreleasePool.cpp. [C:\Users\KusokMedi\Documents\GitHub\BetterShowcase\build\bindings\GeodeBindings.vcxproj]
C:\Program Files (x86)\Microsoft Visual Studio\2022\BuildTools\MSBuild\Microsoft\VC\v170\Microsoft.CppBuild.targets(1129,5): warning MSB8027: ╨┤╨▓╨░ ╨╕╨╗╨╕ ╨▒╨╛╨╗╨╡╨╡ ╤Д╨░╨╣╨╗╨╛╨▓ ╤Б ╨╕╨╝╨╡╨╜╨╡╨╝ CCBMFontConfiguration.cpp ╨▓╤Л╨▓╨╛╨┤╤П╤В ╤А╨╡╨╖╤Г╨╗╤М╤В╨░╤В╤Л ╨▓ ╨╛╨┤╨╜╨╛ ╨╕ ╤В╨╛ ╨╢╨╡ ╤А╨░╤Б╨┐╨╛╨╗╨╛╨╢╨╡╨╜╨╕╨╡. ╨н╤В╨╛ ╨╝╨╛╨╢╨╡╤В ╤Б╤В╨░╤В╤М ╨┐╤А╨╕╤З╨╕╨╜╨╛╨╣ ╨╜╨╡╨▓╨╡╤А╨╜╨╛╨│╨╛ ╤А╨╡╨╖╤Г╨╗╤М╤В╨░╤В╨░ ╤Б╨▒╨╛╤А╨║╨╕.  ╨Т╨║╨╗╤О╤З╨╡╨╜╨╜╤Л╨╡ ╤Д╨░╨╣╨╗╤Л тАФ C:\Users\KusokMedi\Documents\GitHub\BetterShowcase\build\_deps\bindings-src\bindings\2.2081\inline\CCBMFontConfiguration.cpp, C:\Users\KusokMedi\Documents\GitHub\BetterShowcase\build\bindings\bindings\Geode\source\CCBMFontConfiguration.cpp. [C:\Users\KusokMedi\Documents\GitHub\BetterShowcase\build\bindings\GeodeBindings.vcxproj]
C:\Program Files (x86)\Microsoft Visual Studio\2022\BuildTools\MSBuild\Microsoft\VC\v170\Microsoft.CppBuild.targets(1129,5): warning MSB8027: ╨┤╨▓╨░ ╨╕╨╗╨╕ ╨▒╨╛╨╗╨╡╨╡ ╤Д╨░╨╣╨╗╨╛╨▓ ╤Б ╨╕╨╝╨╡╨╜╨╡╨╝ CCBezierBy.cpp ╨▓╤Л╨▓╨╛╨┤╤П╤В ╤А╨╡╨╖╤Г╨╗╤М╤В╨░╤В╤Л ╨▓ ╨╛╨┤╨╜╨╛ ╨╕ ╤В╨╛ ╨╢╨╡ ╤А╨░╤Б╨┐╨╛╨╗╨╛╨╢╨╡╨╜╨╕╨╡. ╨н╤В╨╛ ╨╝╨╛╨╢╨╡╤В ╤Б╤В╨░╤В╤М ╨┐╤А╨╕╤З╨╕╨╜╨╛╨╣ ╨╜╨╡╨▓╨╡╤А╨╜╨╛╨│╨╛ ╤А╨╡╨╖╤Г╨╗╤М╤В╨░╤В╨░ ╤Б╨▒╨╛╤А╨║╨╕.  ╨Т╨║╨╗╤О╤З╨╡╨╜╨╜╤Л╨╡ ╤Д╨░╨╣╨╗╤Л тАФ C:\Users\KusokMedi\Documents\GitHub\BetterShowcase\build\_deps\bindings-src\bindings\2.2081\inline\CCBezierBy.cpp, C:\Users\KusokMedi\Documents\GitHub\BetterShowcase\build\bindings\bindings\Geode\source\CCBezierBy.cpp. [C:\Users\KusokMedi\Documents\GitHub\BetterShowcase\build\bindings\GeodeBindings.vcxproj]
C:\Program Files (x86)\Microsoft Visual Studio\2022\BuildTools\MSBuild\Microsoft\VC\v170\Microsoft.CppBuild.targets(1129,5): warning MSB8027: ╨┤╨▓╨░ ╨╕╨╗╨╕ ╨▒╨╛╨╗╨╡╨╡ ╤Д╨░╨╣╨╗╨╛╨▓ ╤Б ╨╕╨╝╨╡╨╜╨╡╨╝ CCBezierTo.cpp ╨▓╤Л╨▓╨╛╨┤╤П╤В ╤А╨╡╨╖╤Г╨╗╤М╤В╨░╤В╤Л ╨▓ ╨╛╨┤╨╜╨╛ ╨╕ ╤В╨╛ ╨╢╨╡ ╤А╨░╤Б╨┐╨╛╨╗╨╛╨╢╨╡╨╜╨╕╨╡. ╨н╤В╨╛ ╨╝╨╛╨╢╨╡╤В ╤Б╤В╨░╤В╤М ╨┐╤А╨╕╤З╨╕╨╜╨╛╨╣ ╨╜╨╡╨▓╨╡╤А╨╜╨╛╨│╨╛ ╤А╨╡╨╖╤Г╨╗╤М╤В╨░╤В╨░ ╤Б╨▒╨╛╤А╨║╨╕.  ╨Т╨║╨╗╤О╤З╨╡╨╜╨╜╤Л╨╡ ╤Д╨░╨╣╨╗╤Л тАФ C:\Users\KusokMedi\Documents\GitHub\BetterShowcase\build\_deps\bindings-src\bindings\2.2081\inline\CCBezierTo.cpp, C:\Users\KusokMedi\Documents\GitHub\BetterShowcase\build\bindings\bindings\Geode\source\CCBezierTo.cpp. [C:\Users\KusokMedi\Documents\GitHub\BetterShowcase\build\bindings\GeodeBindings.vcxproj]
C:\Program Files (x86)\Microsoft Visual Studio\2022\BuildTools\MSBuild\Microsoft\VC\v170\Microsoft.CppBuild.targets(1129,5): warning MSB8027: ╨┤╨▓╨░ ╨╕╨╗╨╕ ╨▒╨╛╨╗╨╡╨╡ ╤Д╨░╨╣╨╗╨╛╨▓ ╤Б ╨╕╨╝╨╡╨╜╨╡╨╝ CCBlink.cpp ╨▓╤Л╨▓╨╛╨┤╤П╤В ╤А╨╡╨╖╤Г╨╗╤М╤В╨░╤В╤Л ╨▓ ╨╛╨┤╨╜╨╛ ╨╕ ╤В╨╛ ╨╢╨╡ ╤А╨░╤Б╨┐╨╛╨╗╨╛╨╢╨╡╨╜╨╕╨╡. ╨н╤В╨╛ ╨╝╨╛╨╢╨╡╤В ╤Б╤В╨░╤В╤М ╨┐╤А╨╕╤З╨╕╨╜╨╛╨╣ ╨╜╨╡╨▓╨╡╤А╨╜╨╛╨│╨╛ ╤А╨╡╨╖╤Г╨╗╤М╤В╨░╤В╨░ ╤Б╨▒╨╛╤А╨║╨╕.  ╨Т╨║╨╗╤О╤З╨╡╨╜╨╜╤Л╨╡ ╤Д╨░╨╣╨╗╤Л тАФ C:\Users\KusokMedi\Documents\GitHub\BetterShowcase\build\_deps\bindings-src\bindings\2.2081\inline\CCBlink.cpp, C:\Users\KusokMedi\Documents\GitHub\BetterShowcase\build\bindings\bindings\Geode\source\CCBlink.cpp. [C:\Users\KusokMedi\Documents\GitHub\BetterShowcase\build\bindings\GeodeBindings.vcxproj]
C:\Program Files (x86)\Microsoft Visual Studio\2022\BuildTools\MSBuild\Microsoft\VC\v170\Microsoft.CppBuild.targets(1129,5): warning MSB8027: ╨┤╨▓╨░ ╨╕╨╗╨╕ ╨▒╨╛╨╗╨╡╨╡ ╤Д╨░╨╣╨╗╨╛╨▓ ╤Б ╨╕╨╝╨╡╨╜╨╡╨╝ CCBlockLayer.cpp ╨▓╤Л╨▓╨╛╨┤╤П╤В ╤А╨╡╨╖╤Г╨╗╤М╤В╨░╤В╤Л ╨▓ ╨╛╨┤╨╜╨╛ ╨╕ ╤В╨╛ ╨╢╨╡ ╤А╨░╤Б╨┐╨╛╨╗╨╛╨╢╨╡╨╜╨╕╨╡. ╨н╤В╨╛ ╨╝╨╛╨╢╨╡╤В ╤Б╤В╨░╤В╤М ╨┐╤А╨╕╤З╨╕╨╜╨╛╨╣ ╨╜╨╡╨▓╨╡╤А╨╜╨╛╨│╨╛ ╤А╨╡╨╖╤Г╨╗╤М╤В╨░╤В╨░ ╤Б╨▒╨╛╤А╨║╨╕.  ╨Т╨║╨╗╤О╤З╨╡╨╜╨╜╤Л╨╡ ╤Д╨░╨╣╨╗╤Л тАФ C:\Users\KusokMedi\Documents\GitHub\BetterShowcase\build\_deps\bindings-src\bindings\2.2081\inline\CCBlockLayer.cpp, C:\Users\KusokMedi\Documents\GitHub\BetterShowcase\build\bindings\bindings\Geode\source\CCBlockLayer.cpp. [C:\Users\KusokMedi\Documents\GitHub\BetterShowcase\build\bindings\GeodeBindings.vcxproj]
C:\Program Files (x86)\Microsoft Visual Studio\2022\BuildTools\MSBuild\Microsoft\VC\v170\Microsoft.CppBuild.targets(1129,5): warning MSB8027: ╨┤╨▓╨░ ╨╕╨╗╨╕ ╨▒╨╛╨╗╨╡╨╡ ╤Д╨░╨╣╨╗╨╛╨▓ ╤Б ╨╕╨╝╨╡╨╜╨╡╨╝ CCCallFunc.cpp ╨▓╤Л╨▓╨╛╨┤╤П╤В ╤А╨╡╨╖╤Г╨╗╤М╤В╨░╤В╤Л ╨▓ ╨╛╨┤╨╜╨╛ ╨╕ ╤В╨╛ ╨╢╨╡ ╤А╨░╤Б╨┐╨╛╨╗╨╛╨╢╨╡╨╜╨╕╨╡. ╨н╤В╨╛ ╨╝╨╛╨╢╨╡╤В ╤Б╤В╨░╤В╤М ╨┐╤А╨╕╤З╨╕╨╜╨╛╨╣ ╨╜╨╡╨▓╨╡╤А╨╜╨╛╨│╨╛ ╤А╨╡╨╖╤Г╨╗╤М╤В╨░╤В╨░ ╤Б╨▒╨╛╤А╨║╨╕.  ╨Т╨║╨╗╤О╤З╨╡╨╜╨╜╤Л╨╡ ╤Д╨░╨╣╨╗╤Л тАФ C:\Users\KusokMedi\Documents\GitHub\BetterShowcase\build\_deps\bindings-src\bindings\2.2081\inline\CCCallFunc.cpp, C:\Users\KusokMedi\Documents\GitHub\BetterShowcase\build\bindings\bindings\Geode\source\CCCallFunc.cpp. [C:\Users\KusokMedi\Documents\GitHub\BetterShowcase\build\bindings\GeodeBindings.vcxproj]
C:\Program Files (x86)\Microsoft Visual Studio\2022\BuildTools\MSBuild\Microsoft\VC\v170\Microsoft.CppBuild.targets(1129,5): warning MSB8027: ╨┤╨▓╨░ ╨╕╨╗╨╕ ╨▒╨╛╨╗╨╡╨╡ ╤Д╨░╨╣╨╗╨╛╨▓ ╤Б ╨╕╨╝╨╡╨╜╨╡╨╝ CCCallFuncN.cpp ╨▓╤Л╨▓╨╛╨┤╤П╤В ╤А╨╡╨╖╤Г╨╗╤М╤В╨░╤В╤Л ╨▓ ╨╛╨┤╨╜╨╛ ╨╕ ╤В╨╛ ╨╢╨╡ ╤А╨░╤Б╨┐╨╛╨╗╨╛╨╢╨╡╨╜╨╕╨╡. ╨н╤В╨╛ ╨╝╨╛╨╢╨╡╤В ╤Б╤В╨░╤В╤М ╨┐╤А╨╕╤З╨╕╨╜╨╛╨╣ ╨╜╨╡╨▓╨╡╤А╨╜╨╛╨│╨╛ ╤А╨╡╨╖╤Г╨╗╤М╤В╨░╤В╨░ ╤Б╨▒╨╛╤А╨║╨╕.  ╨Т╨║╨╗╤О╤З╨╡╨╜╨╜╤Л╨╡ ╤Д╨░╨╣╨╗╤Л тАФ C:\Users\KusokMedi\Documents\GitHub\BetterShowcase\build\_deps\bindings-src\bindings\2.2081\inline\CCCallFuncN.cpp, C:\Users\KusokMedi\Documents\GitHub\BetterShowcase\build\bindings\bindings\Geode\source\CCCallFuncN.cpp. [C:\Users\KusokMedi\Documents\GitHub\BetterShowcase\build\bindings\GeodeBindings.vcxproj]
C:\Program Files (x86)\Microsoft Visual Studio\2022\BuildTools\MSBuild\Microsoft\VC\v170\Microsoft.CppBuild.targets(1129,5): warning MSB8027: ╨┤╨▓╨░ ╨╕╨╗╨╕ ╨▒╨╛╨╗╨╡╨╡ ╤Д╨░╨╣╨╗╨╛╨▓ ╤Б ╨╕╨╝╨╡╨╜╨╡╨╝ CCCallFuncND.cpp ╨▓╤Л╨▓╨╛╨┤╤П╤В ╤А╨╡╨╖╤Г╨╗╤М╤В╨░╤В╤Л ╨▓ ╨╛╨┤╨╜╨╛ ╨╕ ╤В╨╛ ╨╢╨╡ ╤А╨░╤Б╨┐╨╛╨╗╨╛╨╢╨╡╨╜╨╕╨╡. ╨н╤В╨╛ ╨╝╨╛╨╢╨╡╤В ╤Б╤В╨░╤В╤М ╨┐╤А╨╕╤З╨╕╨╜╨╛╨╣ ╨╜╨╡╨▓╨╡╤А╨╜╨╛╨│╨╛ ╤А╨╡╨╖╤Г╨╗╤М╤В╨░╤В╨░ ╤Б╨▒╨╛╤А╨║╨╕.  ╨Т╨║╨╗╤О╤З╨╡╨╜╨╜╤Л╨╡ ╤Д╨░╨╣╨╗╤Л тАФ C:\Users\KusokMedi\Documents\GitHub\BetterShowcase\build\_deps\bindings-src\bindings\2.2081\inline\CCCallFuncND.cpp, C:\Users\KusokMedi\Documents\GitHub\BetterShowcase\build\bindings\bindings\Geode\source\CCCallFuncND.cpp. [C:\Users\KusokMedi\Documents\GitHub\BetterShowcase\build\bindings\GeodeBindings.vcxproj]
C:\Program Files (x86)\Microsoft Visual Studio\2022\BuildTools\MSBuild\Microsoft\VC\v170\Microsoft.CppBuild.targets(1129,5): warning MSB8027: ╨┤╨▓╨░ ╨╕╨╗╨╕ ╨▒╨╛╨╗╨╡╨╡ ╤Д╨░╨╣╨╗╨╛╨▓ ╤Б ╨╕╨╝╨╡╨╜╨╡╨╝ CCCallFuncO.cpp ╨▓╤Л╨▓╨╛╨┤╤П╤В ╤А╨╡╨╖╤Г╨╗╤М╤В╨░╤В╤Л ╨▓ ╨╛╨┤╨╜╨╛ ╨╕ ╤В╨╛ ╨╢╨╡ ╤А╨░╤Б╨┐╨╛╨╗╨╛╨╢╨╡╨╜╨╕╨╡. ╨н╤В╨╛ ╨╝╨╛╨╢╨╡╤В ╤Б╤В╨░╤В╤М ╨┐╤А╨╕╤З╨╕╨╜╨╛╨╣ ╨╜╨╡╨▓╨╡╤А╨╜╨╛╨│╨╛ ╤А╨╡╨╖╤Г╨╗╤М╤В╨░╤В╨░ ╤Б╨▒╨╛╤А╨║╨╕.  ╨Т╨║╨╗╤О╤З╨╡╨╜╨╜╤Л╨╡ ╤Д╨░╨╣╨╗╤Л тАФ C:\Users\KusokMedi\Documents\GitHub\BetterShowcase\build\_deps\bindings-src\bindings\2.2081\inline\CCCallFuncO.cpp, C:\Users\KusokMedi\Documents\GitHub\BetterShowcase\build\bindings\bindings\Geode\source\CCCallFuncO.cpp. [C:\Users\KusokMedi\Documents\GitHub\BetterShowcase\build\bindings\GeodeBindings.vcxproj]
C:\Program Files (x86)\Microsoft Visual Studio\2022\BuildTools\MSBuild\Microsoft\VC\v170\Microsoft.CppBuild.targets(1129,5): warning MSB8027: ╨┤╨▓╨░ ╨╕╨╗╨╕ ╨▒╨╛╨╗╨╡╨╡ ╤Д╨░╨╣╨╗╨╛╨▓ ╤Б ╨╕╨╝╨╡╨╜╨╡╨╝ CCCamera.cpp ╨▓╤Л╨▓╨╛╨┤╤П╤В ╤А╨╡╨╖╤Г╨╗╤М╤В╨░╤В╤Л ╨▓ ╨╛╨┤╨╜╨╛ ╨╕ ╤В╨╛ ╨╢╨╡ ╤А╨░╤Б╨┐╨╛╨╗╨╛╨╢╨╡╨╜╨╕╨╡. ╨н╤В╨╛ ╨╝╨╛╨╢╨╡╤В ╤Б╤В╨░╤В╤М ╨┐╤А╨╕╤З╨╕╨╜╨╛╨╣ ╨╜╨╡╨▓╨╡╤А╨╜╨╛╨│╨╛ ╤А╨╡╨╖╤Г╨╗╤М╤В╨░╤В╨░ ╤Б╨▒╨╛╤А╨║╨╕.  ╨Т╨║╨╗╤О╤З╨╡╨╜╨╜╤Л╨╡ ╤Д╨░╨╣╨╗╤Л тАФ C:\Users\KusokMedi\Documents\GitHub\BetterShowcase\build\_deps\bindings-src\bindings\2.2081\inline\CCCamera.cpp, C:\Users\KusokMedi\Documents\GitHub\BetterShowcase\build\bindings\bindings\Geode\source\CCCamera.cpp. [C:\Users\KusokMedi\Documents\GitHub\BetterShowcase\build\bindings\GeodeBindings.vcxproj]
C:\Program Files (x86)\Microsoft Visual Studio\2022\BuildTools\MSBuild\Microsoft\VC\v170\Microsoft.CppBuild.targets(1129,5): warning MSB8027: ╨┤╨▓╨░ ╨╕╨╗╨╕ ╨▒╨╛╨╗╨╡╨╡ ╤Д╨░╨╣╨╗╨╛╨▓ ╤Б ╨╕╨╝╨╡╨╜╨╡╨╝ CCCardinalSplineBy.cpp ╨▓╤Л╨▓╨╛╨┤╤П╤В ╤А╨╡╨╖╤Г╨╗╤М╤В╨░╤В╤Л ╨▓ ╨╛╨┤╨╜╨╛ ╨╕ ╤В╨╛ ╨╢╨╡ ╤А╨░╤Б╨┐╨╛╨╗╨╛╨╢╨╡╨╜╨╕╨╡. ╨н╤В╨╛ ╨╝╨╛╨╢╨╡╤В ╤Б╤В╨░╤В╤М ╨┐╤А╨╕╤З╨╕╨╜╨╛╨╣ ╨╜╨╡╨▓╨╡╤А╨╜╨╛╨│╨╛ ╤А╨╡╨╖╤Г╨╗╤М╤В╨░╤В╨░ ╤Б╨▒╨╛╤А╨║╨╕.  ╨Т╨║╨╗╤О╤З╨╡╨╜╨╜╤Л╨╡ ╤Д╨░╨╣╨╗╤Л тАФ C:\Users\KusokMedi\Documents\GitHub\BetterShowcase\build\_deps\bindings-src\bindings\2.2081\inline\CCCardinalSplineBy.cpp, C:\Users\KusokMedi\Documents\GitHub\BetterShowcase\build\bindings\bindings\Geode\source\CCCardinalSplineBy.cpp. [C:\Users\KusokMedi\Documents\GitHub\BetterShowcase\build\bindings\GeodeBindings.vcxproj]
C:\Program Files (x86)\Microsoft Visual Studio\2022\BuildTools\MSBuild\Microsoft\VC\v170\Microsoft.CppBuild.targets(1129,5): warning MSB8027: ╨┤╨▓╨░ ╨╕╨╗╨╕ ╨▒╨╛╨╗╨╡╨╡ ╤Д╨░╨╣╨╗╨╛╨▓ ╤Б ╨╕╨╝╨╡╨╜╨╡╨╝ CCCardinalSplineTo.cpp ╨▓╤Л╨▓╨╛╨┤╤П╤В ╤А╨╡╨╖╤Г╨╗╤М╤В╨░╤В╤Л ╨▓ ╨╛╨┤╨╜╨╛ ╨╕ ╤В╨╛ ╨╢╨╡ ╤А╨░╤Б╨┐╨╛╨╗╨╛╨╢╨╡╨╜╨╕╨╡. ╨н╤В╨╛ ╨╝╨╛╨╢╨╡╤В ╤Б╤В╨░╤В╤М ╨┐╤А╨╕╤З╨╕╨╜╨╛╨╣ ╨╜╨╡╨▓╨╡╤А╨╜╨╛╨│╨╛ ╤А╨╡╨╖╤Г╨╗╤М╤В╨░╤В╨░ ╤Б╨▒╨╛╤А╨║╨╕.  ╨Т╨║╨╗╤О╤З╨╡╨╜╨╜╤Л╨╡ ╤Д╨░╨╣╨╗╤Л тАФ C:\Users\KusokMedi\Documents\GitHub\BetterShowcase\build\_deps\bindings-src\bindings\2.2081\inline\CCCardinalSplineTo.cpp, C:\Users\KusokMedi\Documents\GitHub\BetterShowcase\build\bindings\bindings\Geode\source\CCCardinalSplineTo.cpp. [C:\Users\KusokMedi\Documents\GitHub\BetterShowcase\build\bindings\GeodeBindings.vcxproj]
C:\Program Files (x86)\Microsoft Visual Studio\2022\BuildTools\MSBuild\Microsoft\VC\v170\Microsoft.CppBuild.targets(1129,5): warning MSB8027: ╨┤╨▓╨░ ╨╕╨╗╨╕ ╨▒╨╛╨╗╨╡╨╡ ╤Д╨░╨╣╨╗╨╛╨▓ ╤Б ╨╕╨╝╨╡╨╜╨╡╨╝ CCCatmullRomBy.cpp ╨▓╤Л╨▓╨╛╨┤╤П╤В ╤А╨╡╨╖╤Г╨╗╤М╤В╨░╤В╤Л ╨▓ ╨╛╨┤╨╜╨╛ ╨╕ ╤В╨╛ ╨╢╨╡ ╤А╨░╤Б╨┐╨╛╨╗╨╛╨╢╨╡╨╜╨╕╨╡. ╨н╤В╨╛ ╨╝╨╛╨╢╨╡╤В ╤Б╤В╨░╤В╤М ╨┐╤А╨╕╤З╨╕╨╜╨╛╨╣ ╨╜╨╡╨▓╨╡╤А╨╜╨╛╨│╨╛ ╤А╨╡╨╖╤Г╨╗╤М╤В╨░╤В╨░ ╤Б╨▒╨╛╤А╨║╨╕.  ╨Т╨║╨╗╤О╤З╨╡╨╜╨╜╤Л╨╡ ╤Д╨░╨╣╨╗╤Л тАФ C:\Users\KusokMedi\Documents\GitHub\BetterShowcase\build\_deps\bindings-src\bindings\2.2081\inline\CCCatmullRomBy.cpp, C:\Users\KusokMedi\Documents\GitHub\BetterShowcase\build\bindings\bindings\Geode\source\CCCatmullRomBy.cpp. [C:\Users\KusokMedi\Documents\GitHub\BetterShowcase\build\bindings\GeodeBindings.vcxproj]
C:\Program Files (x86)\Microsoft Visual Studio\2022\BuildTools\MSBuild\Microsoft\VC\v170\Microsoft.CppBuild.targets(1129,5): warning MSB8027: ╨┤╨▓╨░ ╨╕╨╗╨╕ ╨▒╨╛╨╗╨╡╨╡ ╤Д╨░╨╣╨╗╨╛╨▓ ╤Б ╨╕╨╝╨╡╨╜╨╡╨╝ CCCatmullRomTo.cpp ╨▓╤Л╨▓╨╛╨┤╤П╤В ╤А╨╡╨╖╤Г╨╗╤М╤В╨░╤В╤Л ╨▓ ╨╛╨┤╨╜╨╛ ╨╕ ╤В╨╛ ╨╢╨╡ ╤А╨░╤Б╨┐╨╛╨╗╨╛╨╢╨╡╨╜╨╕╨╡. ╨н╤В╨╛ ╨╝╨╛╨╢╨╡╤В ╤Б╤В╨░╤В╤М ╨┐╤А╨╕╤З╨╕╨╜╨╛╨╣ ╨╜╨╡╨▓╨╡╤А╨╜╨╛╨│╨╛ ╤А╨╡╨╖╤Г╨╗╤М╤В╨░╤В╨░ ╤Б╨▒╨╛╤А╨║╨╕.  ╨Т╨║╨╗╤О╤З╨╡╨╜╨╜╤Л╨╡ ╤Д╨░╨╣╨╗╤Л тАФ C:\Users\KusokMedi\Documents\GitHub\BetterShowcase\build\_deps\bindings-src\bindings\2.2081\inline\CCCatmullRomTo.cpp, C:\Users\KusokMedi\Documents\GitHub\BetterShowcase\build\bindings\bindings\Geode\source\CCCatmullRomTo.cpp. [C:\Users\KusokMedi\Documents\GitHub\BetterShowcase\build\bindings\GeodeBindings.vcxproj]
C:\Program Files (x86)\Microsoft Visual Studio\2022\BuildTools\MSBuild\Microsoft\VC\v170\Microsoft.CppBuild.targets(1129,5): warning MSB8027: ╨┤╨▓╨░ ╨╕╨╗╨╕ ╨▒╨╛╨╗╨╡╨╡ ╤Д╨░╨╣╨╗╨╛╨▓ ╤Б ╨╕╨╝╨╡╨╜╨╡╨╝ CCCircleAlert.cpp ╨▓╤Л╨▓╨╛╨┤╤П╤В ╤А╨╡╨╖╤Г╨╗╤М╤В╨░╤В╤Л ╨▓ ╨╛╨┤╨╜╨╛ ╨╕ ╤В╨╛ ╨╢╨╡ ╤А╨░╤Б╨┐╨╛╨╗╨╛╨╢╨╡╨╜╨╕╨╡. ╨н╤В╨╛ ╨╝╨╛╨╢╨╡╤В ╤Б╤В╨░╤В╤М ╨┐╤А╨╕╤З╨╕╨╜╨╛╨╣ ╨╜╨╡╨▓╨╡╤А╨╜╨╛╨│╨╛ ╤А╨╡╨╖╤Г╨╗╤М╤В╨░╤В╨░ ╤Б╨▒╨╛╤А╨║╨╕.  ╨Т╨║╨╗╤О╤З╨╡╨╜╨╜╤Л╨╡ ╤Д╨░╨╣╨╗╤Л тАФ C:\Users\KusokMedi\Documents\GitHub\BetterShowcase\build\_deps\bindings-src\bindings\2.2081\inline\CCCircleAlert.cpp, C:\Users\KusokMedi\Documents\GitHub\BetterShowcase\build\bindings\bindings\Geode\source\CCCircleAlert.cpp. [C:\Users\KusokMedi\Documents\GitHub\BetterShowcase\build\bindings\GeodeBindings.vcxproj]
C:\Program Files (x86)\Microsoft Visual Studio\2022\BuildTools\MSBuild\Microsoft\VC\v170\Microsoft.CppBuild.targets(1129,5): warning MSB8027: ╨┤╨▓╨░ ╨╕╨╗╨╕ ╨▒╨╛╨╗╨╡╨╡ ╤Д╨░╨╣╨╗╨╛╨▓ ╤Б ╨╕╨╝╨╡╨╜╨╡╨╝ CCCircleWave.cpp ╨▓╤Л╨▓╨╛╨┤╤П╤В ╤А╨╡╨╖╤Г╨╗╤М╤В╨░╤В╤Л ╨▓ ╨╛╨┤╨╜╨╛ ╨╕ ╤В╨╛ ╨╢╨╡ ╤А╨░╤Б╨┐╨╛╨╗╨╛╨╢╨╡╨╜╨╕╨╡. ╨н╤В╨╛ ╨╝╨╛╨╢╨╡╤В ╤Б╤В╨░╤В╤М ╨┐╤А╨╕╤З╨╕╨╜╨╛╨╣ ╨╜╨╡╨▓╨╡╤А╨╜╨╛╨│╨╛ ╤А╨╡╨╖╤Г╨╗╤М╤В╨░╤В╨░ ╤Б╨▒╨╛╤А╨║╨╕.  ╨Т╨║╨╗╤О╤З╨╡╨╜╨╜╤Л╨╡ ╤Д╨░╨╣╨╗╤Л тАФ C:\Users\KusokMedi\Documents\GitHub\BetterShowcase\build\_deps\bindings-src\bindings\2.2081\inline\CCCircleWave.cpp, C:\Users\KusokMedi\Documents\GitHub\BetterShowcase\build\bindings\bindings\Geode\source\CCCircleWave.cpp. [C:\Users\KusokMedi\Documents\GitHub\BetterShowcase\build\bindings\GeodeBindings.vcxproj]
C:\Program Files (x86)\Microsoft Visual Studio\2022\BuildTools\MSBuild\Microsoft\VC\v170\Microsoft.CppBuild.targets(1129,5): warning MSB8027: ╨┤╨▓╨░ ╨╕╨╗╨╕ ╨▒╨╛╨╗╨╡╨╡ ╤Д╨░╨╣╨╗╨╛╨▓ ╤Б ╨╕╨╝╨╡╨╜╨╡╨╝ CCCircleWaveDelegate.cpp ╨▓╤Л╨▓╨╛╨┤╤П╤В ╤А╨╡╨╖╤Г╨╗╤М╤В╨░╤В╤Л ╨▓ ╨╛╨┤╨╜╨╛ ╨╕ ╤В╨╛ ╨╢╨╡ ╤А╨░╤Б╨┐╨╛╨╗╨╛╨╢╨╡╨╜╨╕╨╡. ╨н╤В╨╛ ╨╝╨╛╨╢╨╡╤В ╤Б╤В╨░╤В╤М ╨┐╤А╨╕╤З╨╕╨╜╨╛╨╣ ╨╜╨╡╨▓╨╡╤А╨╜╨╛╨│╨╛ ╤А╨╡╨╖╤Г╨╗╤М╤В╨░╤В╨░ ╤Б╨▒╨╛╤А╨║╨╕.  ╨Т╨║╨╗╤О╤З╨╡╨╜╨╜╤Л╨╡ ╤Д╨░╨╣╨╗╤Л тАФ C:\Users\KusokMedi\Documents\GitHub\BetterShowcase\build\_deps\bindings-src\bindings\2.2081\inline\CCCircleWaveDelegate.cpp, C:\Users\KusokMedi\Documents\GitHub\BetterShowcase\build\bindings\bindings\Geode\source\CCCircleWaveDelegate.cpp. [C:\Users\KusokMedi\Documents\GitHub\BetterShowcase\build\bindings\GeodeBindings.vcxproj]
C:\Program Files (x86)\Microsoft Visual Studio\2022\BuildTools\MSBuild\Microsoft\VC\v170\Microsoft.CppBuild.targets(1129,5): warning MSB8027: ╨┤╨▓╨░ ╨╕╨╗╨╕ ╨▒╨╛╨╗╨╡╨╡ ╤Д╨░╨╣╨╗╨╛╨▓ ╤Б ╨╕╨╝╨╡╨╜╨╡╨╝ CCClippingNode.cpp ╨▓╤Л╨▓╨╛╨┤╤П╤В ╤А╨╡╨╖╤Г╨╗╤М╤В╨░╤В╤Л ╨▓ ╨╛╨┤╨╜╨╛ ╨╕ ╤В╨╛ ╨╢╨╡ ╤А╨░╤Б╨┐╨╛╨╗╨╛╨╢╨╡╨╜╨╕╨╡. ╨н╤В╨╛ ╨╝╨╛╨╢╨╡╤В ╤Б╤В╨░╤В╤М ╨┐╤А╨╕╤З╨╕╨╜╨╛╨╣ ╨╜╨╡╨▓╨╡╤А╨╜╨╛╨│╨╛ ╤А╨╡╨╖╤Г╨╗╤М╤В╨░╤В╨░ ╤Б╨▒╨╛╤А╨║╨╕.  ╨Т╨║╨╗╤О╤З╨╡╨╜╨╜╤Л╨╡ ╤Д╨░╨╣╨╗╤Л тАФ C:\Users\KusokMedi\Documents\GitHub\BetterShowcase\build\_deps\bindings-src\bindings\2.2081\inline\CCClippingNode.cpp, C:\Users\KusokMedi\Documents\GitHub\BetterShowcase\build\bindings\bindings\Geode\source\CCClippingNode.cpp. [C:\Users\KusokMedi\Documents\GitHub\BetterShowcase\build\bindings\GeodeBindings.vcxproj]
C:\Program Files (x86)\Microsoft Visual Studio\2022\BuildTools\MSBuild\Microsoft\VC\v170\Microsoft.CppBuild.targets(1129,5): warning MSB8027: ╨┤╨▓╨░ ╨╕╨╗╨╕ ╨▒╨╛╨╗╨╡╨╡ ╤Д╨░╨╣╨╗╨╛╨▓ ╤Б ╨╕╨╝╨╡╨╜╨╡╨╝ CCComponent.cpp ╨▓╤Л╨▓╨╛╨┤╤П╤В ╤А╨╡╨╖╤Г╨╗╤М╤В╨░╤В╤Л ╨▓ ╨╛╨┤╨╜╨╛ ╨╕ ╤В╨╛ ╨╢╨╡ ╤А╨░╤Б╨┐╨╛╨╗╨╛╨╢╨╡╨╜╨╕╨╡. ╨н╤В╨╛ ╨╝╨╛╨╢╨╡╤В ╤Б╤В╨░╤В╤М ╨┐╤А╨╕╤З╨╕╨╜╨╛╨╣ ╨╜╨╡╨▓╨╡╤А╨╜╨╛╨│╨╛ ╤А╨╡╨╖╤Г╨╗╤М╤В╨░╤В╨░ ╤Б╨▒╨╛╤А╨║╨╕.  ╨Т╨║╨╗╤О╤З╨╡╨╜╨╜╤Л╨╡ ╤Д╨░╨╣╨╗╤Л тАФ C:\Users\KusokMedi\Documents\GitHub\BetterShowcase\build\_deps\bindings-src\bindings\2.2081\inline\CCComponent.cpp, C:\Users\KusokMedi\Documents\GitHub\BetterShowcase\build\bindings\bindings\Geode\source\CCComponent.cpp. [C:\Users\KusokMedi\Documents\GitHub\BetterShowcase\build\bindings\GeodeBindings.vcxproj]
C:\Program Files (x86)\Microsoft Visual Studio\2022\BuildTools\MSBuild\Microsoft\VC\v170\Microsoft.CppBuild.targets(1129,5): warning MSB8027: ╨┤╨▓╨░ ╨╕╨╗╨╕ ╨▒╨╛╨╗╨╡╨╡ ╤Д╨░╨╣╨╗╨╛╨▓ ╤Б ╨╕╨╝╨╡╨╜╨╡╨╝ CCComponentContainer.cpp ╨▓╤Л╨▓╨╛╨┤╤П╤В ╤А╨╡╨╖╤Г╨╗╤М╤В╨░╤В╤Л ╨▓ ╨╛╨┤╨╜╨╛ ╨╕ ╤В╨╛ ╨╢╨╡ ╤А╨░╤Б╨┐╨╛╨╗╨╛╨╢╨╡╨╜╨╕╨╡. ╨н╤В╨╛ ╨╝╨╛╨╢╨╡╤В ╤Б╤В╨░╤В╤М ╨┐╤А╨╕╤З╨╕╨╜╨╛╨╣ ╨╜╨╡╨▓╨╡╤А╨╜╨╛╨│╨╛ ╤А╨╡╨╖╤Г╨╗╤М╤В╨░╤В╨░ ╤Б╨▒╨╛╤А╨║╨╕.  ╨Т╨║╨╗╤О╤З╨╡╨╜╨╜╤Л╨╡ ╤Д╨░╨╣╨╗╤Л тАФ C:\Users\KusokMedi\Documents\GitHub\BetterShowcase\build\_deps\bindings-src\bindings\2.2081\inline\CCComponentContainer.cpp, C:\Users\KusokMedi\Documents\GitHub\BetterShowcase\build\bindings\bindings\Geode\source\CCComponentContainer.cpp. [C:\Users\KusokMedi\Documents\GitHub\BetterShowcase\build\bindings\GeodeBindings.vcxproj]
C:\Program Files (x86)\Microsoft Visual Studio\2022\BuildTools\MSBuild\Microsoft\VC\v170\Microsoft.CppBuild.targets(1129,5): warning MSB8027: ╨┤╨▓╨░ ╨╕╨╗╨╕ ╨▒╨╛╨╗╨╡╨╡ ╤Д╨░╨╣╨╗╨╛╨▓ ╤Б ╨╕╨╝╨╡╨╜╨╡╨╝ CCConfiguration.cpp ╨▓╤Л╨▓╨╛╨┤╤П╤В ╤А╨╡╨╖╤Г╨╗╤М╤В╨░╤В╤Л ╨▓ ╨╛╨┤╨╜╨╛ ╨╕ ╤В╨╛ ╨╢╨╡ ╤А╨░╤Б╨┐╨╛╨╗╨╛╨╢╨╡╨╜╨╕╨╡. ╨н╤В╨╛ ╨╝╨╛╨╢╨╡╤В ╤Б╤В╨░╤В╤М ╨┐╤А╨╕╤З╨╕╨╜╨╛╨╣ ╨╜╨╡╨▓╨╡╤А╨╜╨╛╨│╨╛ ╤А╨╡╨╖╤Г╨╗╤М╤В╨░╤В╨░ ╤Б╨▒╨╛╤А╨║╨╕.  ╨Т╨║╨╗╤О╤З╨╡╨╜╨╜╤Л╨╡ ╤Д╨░╨╣╨╗╤Л тАФ C:\Users\KusokMedi\Documents\GitHub\BetterShowcase\build\_deps\bindings-src\bindings\2.2081\inline\CCConfiguration.cpp, C:\Users\KusokMedi\Documents\GitHub\BetterShowcase\build\bindings\bindings\Geode\source\CCConfiguration.cpp. [C:\Users\KusokMedi\Documents\GitHub\BetterShowcase\build\bindings\GeodeBindings.vcxproj]
C:\Program Files (x86)\Microsoft Visual Studio\2022\BuildTools\MSBuild\Microsoft\VC\v170\Microsoft.CppBuild.targets(1129,5): warning MSB8027: ╨┤╨▓╨░ ╨╕╨╗╨╕ ╨▒╨╛╨╗╨╡╨╡ ╤Д╨░╨╣╨╗╨╛╨▓ ╤Б ╨╕╨╝╨╡╨╜╨╡╨╝ CCContentLayer.cpp ╨▓╤Л╨▓╨╛╨┤╤П╤В ╤А╨╡╨╖╤Г╨╗╤М╤В╨░╤В╤Л ╨▓ ╨╛╨┤╨╜╨╛ ╨╕ ╤В╨╛ ╨╢╨╡ ╤А╨░╤Б╨┐╨╛╨╗╨╛╨╢╨╡╨╜╨╕╨╡. ╨н╤В╨╛ ╨╝╨╛╨╢╨╡╤В ╤Б╤В╨░╤В╤М ╨┐╤А╨╕╤З╨╕╨╜╨╛╨╣ ╨╜╨╡╨▓╨╡╤А╨╜╨╛╨│╨╛ ╤А╨╡╨╖╤Г╨╗╤М╤В╨░╤В╨░ ╤Б╨▒╨╛╤А╨║╨╕.  ╨Т╨║╨╗╤О╤З╨╡╨╜╨╜╤Л╨╡ ╤Д╨░╨╣╨╗╤Л тАФ C:\Users\KusokMedi\Documents\GitHub\BetterShowcase\build\_deps\bindings-src\bindings\2.2081\inline\CCContentLayer.cpp, C:\Users\KusokMedi\Documents\GitHub\BetterShowcase\build\bindings\bindings\Geode\source\CCContentLayer.cpp. [C:\Users\KusokMedi\Documents\GitHub\BetterShowcase\build\bindings\GeodeBindings.vcxproj]
C:\Program Files (x86)\Microsoft Visual Studio\2022\BuildTools\MSBuild\Microsoft\VC\v170\Microsoft.CppBuild.targets(1129,5): warning MSB8027: ╨┤╨▓╨░ ╨╕╨╗╨╕ ╨▒╨╛╨╗╨╡╨╡ ╤Д╨░╨╣╨╗╨╛╨▓ ╤Б ╨╕╨╝╨╡╨╜╨╡╨╝ CCContentManager.cpp ╨▓╤Л╨▓╨╛╨┤╤П╤В ╤А╨╡╨╖╤Г╨╗╤М╤В╨░╤В╤Л ╨▓ ╨╛╨┤╨╜╨╛ ╨╕ ╤В╨╛ ╨╢╨╡ ╤А╨░╤Б╨┐╨╛╨╗╨╛╨╢╨╡╨╜╨╕╨╡. ╨н╤В╨╛ ╨╝╨╛╨╢╨╡╤В ╤Б╤В╨░╤В╤М ╨┐╤А╨╕╤З╨╕╨╜╨╛╨╣ ╨╜╨╡╨▓╨╡╤А╨╜╨╛╨│╨╛ ╤А╨╡╨╖╤Г╨╗╤М╤В╨░╤В╨░ ╤Б╨▒╨╛╤А╨║╨╕.  ╨Т╨║╨╗╤О╤З╨╡╨╜╨╜╤Л╨╡ ╤Д╨░╨╣╨╗╤Л тАФ C:\Users\KusokMedi\Documents\GitHub\BetterShowcase\build\_deps\bindings-src\bindings\2.2081\inline\CCContentManager.cpp, C:\Users\KusokMedi\Documents\GitHub\BetterShowcase\build\bindings\bindings\Geode\source\CCContentManager.cpp. [C:\Users\KusokMedi\Documents\GitHub\BetterShowcase\build\bindings\GeodeBindings.vcxproj]
C:\Program Files (x86)\Microsoft Visual Studio\2022\BuildTools\MSBuild\Microsoft\VC\v170\Microsoft.CppBuild.targets(1129,5): warning MSB8027: ╨┤╨▓╨░ ╨╕╨╗╨╕ ╨▒╨╛╨╗╨╡╨╡ ╤Д╨░╨╣╨╗╨╛╨▓ ╤Б ╨╕╨╝╨╡╨╜╨╡╨╝ CCControl.cpp ╨▓╤Л╨▓╨╛╨┤╤П╤В ╤А╨╡╨╖╤Г╨╗╤М╤В╨░╤В╤Л ╨▓ ╨╛╨┤╨╜╨╛ ╨╕ ╤В╨╛ ╨╢╨╡ ╤А╨░╤Б╨┐╨╛╨╗╨╛╨╢╨╡╨╜╨╕╨╡. ╨н╤В╨╛ ╨╝╨╛╨╢╨╡╤В ╤Б╤В╨░╤В╤М ╨┐╤А╨╕╤З╨╕╨╜╨╛╨╣ ╨╜╨╡╨▓╨╡╤А╨╜╨╛╨│╨╛ ╤А╨╡╨╖╤Г╨╗╤М╤В╨░╤В╨░ ╤Б╨▒╨╛╤А╨║╨╕.  ╨Т╨║╨╗╤О╤З╨╡╨╜╨╜╤Л╨╡ ╤Д╨░╨╣╨╗╤Л тАФ C:\Users\KusokMedi\Documents\GitHub\BetterShowcase\build\_deps\bindings-src\bindings\2.2081\inline\CCControl.cpp, C:\Users\KusokMedi\Documents\GitHub\BetterShowcase\build\bindings\bindings\Geode\source\CCControl.cpp. [C:\Users\KusokMedi\Documents\GitHub\BetterShowcase\build\bindings\GeodeBindings.vcxproj]
C:\Program Files (x86)\Microsoft Visual Studio\2022\BuildTools\MSBuild\Microsoft\VC\v170\Microsoft.CppBuild.targets(1129,5): warning MSB8027: ╨┤╨▓╨░ ╨╕╨╗╨╕ ╨▒╨╛╨╗╨╡╨╡ ╤Д╨░╨╣╨╗╨╛╨▓ ╤Б ╨╕╨╝╨╡╨╜╨╡╨╝ CCControlButton.cpp ╨▓╤Л╨▓╨╛╨┤╤П╤В ╤А╨╡╨╖╤Г╨╗╤М╤В╨░╤В╤Л ╨▓ ╨╛╨┤╨╜╨╛ ╨╕ ╤В╨╛ ╨╢╨╡ ╤А╨░╤Б╨┐╨╛╨╗╨╛╨╢╨╡╨╜╨╕╨╡. ╨н╤В╨╛ ╨╝╨╛╨╢╨╡╤В ╤Б╤В╨░╤В╤М ╨┐╤А╨╕╤З╨╕╨╜╨╛╨╣ ╨╜╨╡╨▓╨╡╤А╨╜╨╛╨│╨╛ ╤А╨╡╨╖╤Г╨╗╤М╤В╨░╤В╨░ ╤Б╨▒╨╛╤А╨║╨╕.  ╨Т╨║╨╗╤О╤З╨╡╨╜╨╜╤Л╨╡ ╤Д╨░╨╣╨╗╤Л тАФ C:\Users\KusokMedi\Documents\GitHub\BetterShowcase\build\_deps\bindings-src\bindings\2.2081\inline\CCControlButton.cpp, C:\Users\KusokMedi\Documents\GitHub\BetterShowcase\build\bindings\bindings\Geode\source\CCControlButton.cpp. [C:\Users\KusokMedi\Documents\GitHub\BetterShowcase\build\bindings\GeodeBindings.vcxproj]
C:\Program Files (x86)\Microsoft Visual Studio\2022\BuildTools\MSBuild\Microsoft\VC\v170\Microsoft.CppBuild.targets(1129,5): warning MSB8027: ╨┤╨▓╨░ ╨╕╨╗╨╕ ╨▒╨╛╨╗╨╡╨╡ ╤Д╨░╨╣╨╗╨╛╨▓ ╤Б ╨╕╨╝╨╡╨╜╨╡╨╝ CCControlColourPicker.cpp ╨▓╤Л╨▓╨╛╨┤╤П╤В ╤А╨╡╨╖╤Г╨╗╤М╤В╨░╤В╤Л ╨▓ ╨╛╨┤╨╜╨╛ ╨╕ ╤В╨╛ ╨╢╨╡ ╤А╨░╤Б╨┐╨╛╨╗╨╛╨╢╨╡╨╜╨╕╨╡. ╨н╤В╨╛ ╨╝╨╛╨╢╨╡╤В ╤Б╤В╨░╤В╤М ╨┐╤А╨╕╤З╨╕╨╜╨╛╨╣ ╨╜╨╡╨▓╨╡╤А╨╜╨╛╨│╨╛ ╤А╨╡╨╖╤Г╨╗╤М╤В╨░╤В╨░ ╤Б╨▒╨╛╤А╨║╨╕.  ╨Т╨║╨╗╤О╤З╨╡╨╜╨╜╤Л╨╡ ╤Д╨░╨╣╨╗╤Л тАФ C:\Users\KusokMedi\Documents\GitHub\BetterShowcase\build\_deps\bindings-src\bindings\2.2081\inline\CCControlColourPicker.cpp, C:\Users\KusokMedi\Documents\GitHub\BetterShowcase\build\bindings\bindings\Geode\source\CCControlColourPicker.cpp. [C:\Users\KusokMedi\Documents\GitHub\BetterShowcase\build\bindings\GeodeBindings.vcxproj]
C:\Program Files (x86)\Microsoft Visual Studio\2022\BuildTools\MSBuild\Microsoft\VC\v170\Microsoft.CppBuild.targets(1129,5): warning MSB8027: ╨┤╨▓╨░ ╨╕╨╗╨╕ ╨▒╨╛╨╗╨╡╨╡ ╤Д╨░╨╣╨╗╨╛╨▓ ╤Б ╨╕╨╝╨╡╨╜╨╡╨╝ CCControlHuePicker.cpp ╨▓╤Л╨▓╨╛╨┤╤П╤В ╤А╨╡╨╖╤Г╨╗╤М╤В╨░╤В╤Л ╨▓ ╨╛╨┤╨╜╨╛ ╨╕ ╤В╨╛ ╨╢╨╡ ╤А╨░╤Б╨┐╨╛╨╗╨╛╨╢╨╡╨╜╨╕╨╡. ╨н╤В╨╛ ╨╝╨╛╨╢╨╡╤В ╤Б╤В╨░╤В╤М ╨┐╤А╨╕╤З╨╕╨╜╨╛╨╣ ╨╜╨╡╨▓╨╡╤А╨╜╨╛╨│╨╛ ╤А╨╡╨╖╤Г╨╗╤М╤В╨░╤В╨░ ╤Б╨▒╨╛╤А╨║╨╕.  ╨Т╨║╨╗╤О╤З╨╡╨╜╨╜╤Л╨╡ ╤Д╨░╨╣╨╗╤Л тАФ C:\Users\KusokMedi\Documents\GitHub\BetterShowcase\build\_deps\bindings-src\bindings\2.2081\inline\CCControlHuePicker.cpp, C:\Users\KusokMedi\Documents\GitHub\BetterShowcase\build\bindings\bindings\Geode\source\CCControlHuePicker.cpp. [C:\Users\KusokMedi\Documents\GitHub\BetterShowcase\build\bindings\GeodeBindings.vcxproj]
C:\Program Files (x86)\Microsoft Visual Studio\2022\BuildTools\MSBuild\Microsoft\VC\v170\Microsoft.CppBuild.targets(1129,5): warning MSB8027: ╨┤╨▓╨░ ╨╕╨╗╨╕ ╨▒╨╛╨╗╨╡╨╡ ╤Д╨░╨╣╨╗╨╛╨▓ ╤Б ╨╕╨╝╨╡╨╜╨╡╨╝ CCControlPotentiometer.cpp ╨▓╤Л╨▓╨╛╨┤╤П╤В ╤А╨╡╨╖╤Г╨╗╤М╤В╨░╤В╤Л ╨▓ ╨╛╨┤╨╜╨╛ ╨╕ ╤В╨╛ ╨╢╨╡ ╤А╨░╤Б╨┐╨╛╨╗╨╛╨╢╨╡╨╜╨╕╨╡. ╨н╤В╨╛ ╨╝╨╛╨╢╨╡╤В ╤Б╤В╨░╤В╤М ╨┐╤А╨╕╤З╨╕╨╜╨╛╨╣ ╨╜╨╡╨▓╨╡╤А╨╜╨╛╨│╨╛ ╤А╨╡╨╖╤Г╨╗╤М╤В╨░╤В╨░ ╤Б╨▒╨╛╤А╨║╨╕.  ╨Т╨║╨╗╤О╤З╨╡╨╜╨╜╤Л╨╡ ╤Д╨░╨╣╨╗╤Л тАФ C:\Users\KusokMedi\Documents\GitHub\BetterShowcase\build\_deps\bindings-src\bindings\2.2081\inline\CCControlPotentiometer.cpp, C:\Users\KusokMedi\Documents\GitHub\BetterShowcase\build\bindings\bindings\Geode\source\CCControlPotentiometer.cpp. [C:\Users\KusokMedi\Documents\GitHub\BetterShowcase\build\bindings\GeodeBindings.vcxproj]
C:\Program Files (x86)\Microsoft Visual Studio\2022\BuildTools\MSBuild\Microsoft\VC\v170\Microsoft.CppBuild.targets(1129,5): warning MSB8027: ╨┤╨▓╨░ ╨╕╨╗╨╕ ╨▒╨╛╨╗╨╡╨╡ ╤Д╨░╨╣╨╗╨╛╨▓ ╤Б ╨╕╨╝╨╡╨╜╨╡╨╝ CCControlSaturationBrightnessPicker.cpp ╨▓╤Л╨▓╨╛╨┤╤П╤В ╤А╨╡╨╖╤Г╨╗╤М╤В╨░╤В╤Л ╨▓ ╨╛╨┤╨╜╨╛ ╨╕ ╤В╨╛ ╨╢╨╡ ╤А╨░╤Б╨┐╨╛╨╗╨╛╨╢╨╡╨╜╨╕╨╡. ╨н╤В╨╛ ╨╝╨╛╨╢╨╡╤В ╤Б╤В╨░╤В╤М ╨┐╤А╨╕╤З╨╕╨╜╨╛╨╣ ╨╜╨╡╨▓╨╡╤А╨╜╨╛╨│╨╛ ╤А╨╡╨╖╤Г╨╗╤М╤В╨░╤В╨░ ╤Б╨▒╨╛╤А╨║╨╕.  ╨Т╨║╨╗╤О╤З╨╡╨╜╨╜╤Л╨╡ ╤Д╨░╨╣╨╗╤Л тАФ C:\Users\KusokMedi\Documents\GitHub\BetterShowcase\build\_deps\bindings-src\bindings\2.2081\inline\CCControlSaturationBrightnessPicker.cpp, C:\Users\KusokMedi\Documents\GitHub\BetterShowcase\build\bindings\bindings\Geode\source\CCControlSaturationBrightnessPicker.cpp. [C:\Users\KusokMedi\Documents\GitHub\BetterShowcase\build\bindings\GeodeBindings.vcxproj]
C:\Program Files (x86)\Microsoft Visual Studio\2022\BuildTools\MSBuild\Microsoft\VC\v170\Microsoft.CppBuild.targets(1129,5): warning MSB8027: ╨┤╨▓╨░ ╨╕╨╗╨╕ ╨▒╨╛╨╗╨╡╨╡ ╤Д╨░╨╣╨╗╨╛╨▓ ╤Б ╨╕╨╝╨╡╨╜╨╡╨╝ CCControlSlider.cpp ╨▓╤Л╨▓╨╛╨┤╤П╤В ╤А╨╡╨╖╤Г╨╗╤М╤В╨░╤В╤Л ╨▓ ╨╛╨┤╨╜╨╛ ╨╕ ╤В╨╛ ╨╢╨╡ ╤А╨░╤Б╨┐╨╛╨╗╨╛╨╢╨╡╨╜╨╕╨╡. ╨н╤В╨╛ ╨╝╨╛╨╢╨╡╤В ╤Б╤В╨░╤В╤М ╨┐╤А╨╕╤З╨╕╨╜╨╛╨╣ ╨╜╨╡╨▓╨╡╤А╨╜╨╛╨│╨╛ ╤А╨╡╨╖╤Г╨╗╤М╤В╨░╤В╨░ ╤Б╨▒╨╛╤А╨║╨╕.  ╨Т╨║╨╗╤О╤З╨╡╨╜╨╜╤Л╨╡ ╤Д╨░╨╣╨╗╤Л тАФ C:\Users\KusokMedi\Documents\GitHub\BetterShowcase\build\_deps\bindings-src\bindings\2.2081\inline\CCControlSlider.cpp, C:\Users\KusokMedi\Documents\GitHub\BetterShowcase\build\bindings\bindings\Geode\source\CCControlSlider.cpp. [C:\Users\KusokMedi\Documents\GitHub\BetterShowcase\build\bindings\GeodeBindings.vcxproj]
C:\Program Files (x86)\Microsoft Visual Studio\2022\BuildTools\MSBuild\Microsoft\VC\v170\Microsoft.CppBuild.targets(1129,5): warning MSB8027: ╨┤╨▓╨░ ╨╕╨╗╨╕ ╨▒╨╛╨╗╨╡╨╡ ╤Д╨░╨╣╨╗╨╛╨▓ ╤Б ╨╕╨╝╨╡╨╜╨╡╨╝ CCControlStepper.cpp ╨▓╤Л╨▓╨╛╨┤╤П╤В ╤А╨╡╨╖╤Г╨╗╤М╤В╨░╤В╤Л ╨▓ ╨╛╨┤╨╜╨╛ ╨╕ ╤В╨╛ ╨╢╨╡ ╤А╨░╤Б╨┐╨╛╨╗╨╛╨╢╨╡╨╜╨╕╨╡. ╨н╤В╨╛ ╨╝╨╛╨╢╨╡╤В ╤Б╤В╨░╤В╤М ╨┐╤А╨╕╤З╨╕╨╜╨╛╨╣ ╨╜╨╡╨▓╨╡╤А╨╜╨╛╨│╨╛ ╤А╨╡╨╖╤Г╨╗╤М╤В╨░╤В╨░ ╤Б╨▒╨╛╤А╨║╨╕.  ╨Т╨║╨╗╤О╤З╨╡╨╜╨╜╤Л╨╡ ╤Д╨░╨╣╨╗╤Л тАФ C:\Users\KusokMedi\Documents\GitHub\BetterShowcase\build\_deps\bindings-src\bindings\2.2081\inline\CCControlStepper.cpp, C:\Users\KusokMedi\Documents\GitHub\BetterShowcase\build\bindings\bindings\Geode\source\CCControlStepper.cpp. [C:\Users\KusokMedi\Documents\GitHub\BetterShowcase\build\bindings\GeodeBindings.vcxproj]
C:\Program Files (x86)\Microsoft Visual Studio\2022\BuildTools\MSBuild\Microsoft\VC\v170\Microsoft.CppBuild.targets(1129,5): warning MSB8027: ╨┤╨▓╨░ ╨╕╨╗╨╕ ╨▒╨╛╨╗╨╡╨╡ ╤Д╨░╨╣╨╗╨╛╨▓ ╤Б ╨╕╨╝╨╡╨╜╨╡╨╝ CCControlSwitch.cpp ╨▓╤Л╨▓╨╛╨┤╤П╤В ╤А╨╡╨╖╤Г╨╗╤М╤В╨░╤В╤Л ╨▓ ╨╛╨┤╨╜╨╛ ╨╕ ╤В╨╛ ╨╢╨╡ ╤А╨░╤Б╨┐╨╛╨╗╨╛╨╢╨╡╨╜╨╕╨╡. ╨н╤В╨╛ ╨╝╨╛╨╢╨╡╤В ╤Б╤В╨░╤В╤М ╨┐╤А╨╕╤З╨╕╨╜╨╛╨╣ ╨╜╨╡╨▓╨╡╤А╨╜╨╛╨│╨╛ ╤А╨╡╨╖╤Г╨╗╤М╤В╨░╤В╨░ ╤Б╨▒╨╛╤А╨║╨╕.  ╨Т╨║╨╗╤О╤З╨╡╨╜╨╜╤Л╨╡ ╤Д╨░╨╣╨╗╤Л тАФ C:\Users\KusokMedi\Documents\GitHub\BetterShowcase\build\_deps\bindings-src\bindings\2.2081\inline\CCControlSwitch.cpp, C:\Users\KusokMedi\Documents\GitHub\BetterShowcase\build\bindings\bindings\Geode\source\CCControlSwitch.cpp. [C:\Users\KusokMedi\Documents\GitHub\BetterShowcase\build\bindings\GeodeBindings.vcxproj]
C:\Program Files (x86)\Microsoft Visual Studio\2022\BuildTools\MSBuild\Microsoft\VC\v170\Microsoft.CppBuild.targets(1129,5): warning MSB8027: ╨┤╨▓╨░ ╨╕╨╗╨╕ ╨▒╨╛╨╗╨╡╨╡ ╤Д╨░╨╣╨╗╨╛╨▓ ╤Б ╨╕╨╝╨╡╨╜╨╡╨╝ CCControlUtils.cpp ╨▓╤Л╨▓╨╛╨┤╤П╤В ╤А╨╡╨╖╤Г╨╗╤М╤В╨░╤В╤Л ╨▓ ╨╛╨┤╨╜╨╛ ╨╕ ╤В╨╛ ╨╢╨╡ ╤А╨░╤Б╨┐╨╛╨╗╨╛╨╢╨╡╨╜╨╕╨╡. ╨н╤В╨╛ ╨╝╨╛╨╢╨╡╤В ╤Б╤В╨░╤В╤М ╨┐╤А╨╕╤З╨╕╨╜╨╛╨╣ ╨╜╨╡╨▓╨╡╤А╨╜╨╛╨│╨╛ ╤А╨╡╨╖╤Г╨╗╤М╤В╨░╤В╨░ ╤Б╨▒╨╛╤А╨║╨╕.  ╨Т╨║╨╗╤О╤З╨╡╨╜╨╜╤Л╨╡ ╤Д╨░╨╣╨╗╤Л тАФ C:\Users\KusokMedi\Documents\GitHub\BetterShowcase\build\_deps\bindings-src\bindings\2.2081\inline\CCControlUtils.cpp, C:\Users\KusokMedi\Documents\GitHub\BetterShowcase\build\bindings\bindings\Geode\source\CCControlUtils.cpp. [C:\Users\KusokMedi\Documents\GitHub\BetterShowcase\build\bindings\GeodeBindings.vcxproj]
C:\Program Files (x86)\Microsoft Visual Studio\2022\BuildTools\MSBuild\Microsoft\VC\v170\Microsoft.CppBuild.targets(1129,5): warning MSB8027: ╨┤╨▓╨░ ╨╕╨╗╨╕ ╨▒╨╛╨╗╨╡╨╡ ╤Д╨░╨╣╨╗╨╛╨▓ ╤Б ╨╕╨╝╨╡╨╜╨╡╨╝ CCCountdown.cpp ╨▓╤Л╨▓╨╛╨┤╤П╤В ╤А╨╡╨╖╤Г╨╗╤М╤В╨░╤В╤Л ╨▓ ╨╛╨┤╨╜╨╛ ╨╕ ╤В╨╛ ╨╢╨╡ ╤А╨░╤Б╨┐╨╛╨╗╨╛╨╢╨╡╨╜╨╕╨╡. ╨н╤В╨╛ ╨╝╨╛╨╢╨╡╤В ╤Б╤В╨░╤В╤М ╨┐╤А╨╕╤З╨╕╨╜╨╛╨╣ ╨╜╨╡╨▓╨╡╤А╨╜╨╛╨│╨╛ ╤А╨╡╨╖╤Г╨╗╤М╤В╨░╤В╨░ ╤Б╨▒╨╛╤А╨║╨╕.  ╨Т╨║╨╗╤О╤З╨╡╨╜╨╜╤Л╨╡ ╤Д╨░╨╣╨╗╤Л тАФ C:\Users\KusokMedi\Documents\GitHub\BetterShowcase\build\_deps\bindings-src\bindings\2.2081\inline\CCCountdown.cpp, C:\Users\KusokMedi\Documents\GitHub\BetterShowcase\build\bindings\bindings\Geode\source\CCCountdown.cpp. [C:\Users\KusokMedi\Documents\GitHub\BetterShowcase\build\bindings\GeodeBindings.vcxproj]
C:\Program Files (x86)\Microsoft Visual Studio\2022\BuildTools\MSBuild\Microsoft\VC\v170\Microsoft.CppBuild.targets(1129,5): warning MSB8027: ╨┤╨▓╨░ ╨╕╨╗╨╕ ╨▒╨╛╨╗╨╡╨╡ ╤Д╨░╨╣╨╗╨╛╨▓ ╤Б ╨╕╨╝╨╡╨╜╨╡╨╝ CCCounterLabel.cpp ╨▓╤Л╨▓╨╛╨┤╤П╤В ╤А╨╡╨╖╤Г╨╗╤М╤В╨░╤В╤Л ╨▓ ╨╛╨┤╨╜╨╛ ╨╕ ╤В╨╛ ╨╢╨╡ ╤А╨░╤Б╨┐╨╛╨╗╨╛╨╢╨╡╨╜╨╕╨╡. ╨н╤В╨╛ ╨╝╨╛╨╢╨╡╤В ╤Б╤В╨░╤В╤М ╨┐╤А╨╕╤З╨╕╨╜╨╛╨╣ ╨╜╨╡╨▓╨╡╤А╨╜╨╛╨│╨╛ ╤А╨╡╨╖╤Г╨╗╤М╤В╨░╤В╨░ ╤Б╨▒╨╛╤А╨║╨╕.  ╨Т╨║╨╗╤О╤З╨╡╨╜╨╜╤Л╨╡ ╤Д╨░╨╣╨╗╤Л тАФ C:\Users\KusokMedi\Documents\GitHub\BetterShowcase\build\_deps\bindings-src\bindings\2.2081\inline\CCCounterLabel.cpp, C:\Users\KusokMedi\Documents\GitHub\BetterShowcase\build\bindings\bindings\Geode\source\CCCounterLabel.cpp. [C:\Users\KusokMedi\Documents\GitHub\BetterShowcase\build\bindings\GeodeBindings.vcxproj]
C:\Program Files (x86)\Microsoft Visual Studio\2022\BuildTools\MSBuild\Microsoft\VC\v170\Microsoft.CppBuild.targets(1129,5): warning MSB8027: ╨┤╨▓╨░ ╨╕╨╗╨╕ ╨▒╨╛╨╗╨╡╨╡ ╤Д╨░╨╣╨╗╨╛╨▓ ╤Б ╨╕╨╝╨╡╨╜╨╡╨╝ CCDataVisitor.cpp ╨▓╤Л╨▓╨╛╨┤╤П╤В ╤А╨╡╨╖╤Г╨╗╤М╤В╨░╤В╤Л ╨▓ ╨╛╨┤╨╜╨╛ ╨╕ ╤В╨╛ ╨╢╨╡ ╤А╨░╤Б╨┐╨╛╨╗╨╛╨╢╨╡╨╜╨╕╨╡. ╨н╤В╨╛ ╨╝╨╛╨╢╨╡╤В ╤Б╤В╨░╤В╤М ╨┐╤А╨╕╤З╨╕╨╜╨╛╨╣ ╨╜╨╡╨▓╨╡╤А╨╜╨╛╨│╨╛ ╤А╨╡╨╖╤Г╨╗╤М╤В╨░╤В╨░ ╤Б╨▒╨╛╤А╨║╨╕.  ╨Т╨║╨╗╤О╤З╨╡╨╜╨╜╤Л╨╡ ╤Д╨░╨╣╨╗╤Л тАФ C:\Users\KusokMedi\Documents\GitHub\BetterShowcase\build\_deps\bindings-src\bindings\2.2081\inline\CCDataVisitor.cpp, C:\Users\KusokMedi\Documents\GitHub\BetterShowcase\build\bindings\bindings\Geode\source\CCDataVisitor.cpp. [C:\Users\KusokMedi\Documents\GitHub\BetterShowcase\build\bindings\GeodeBindings.vcxproj]
C:\Program Files (x86)\Microsoft Visual Studio\2022\BuildTools\MSBuild\Microsoft\VC\v170\Microsoft.CppBuild.targets(1129,5): warning MSB8027: ╨┤╨▓╨░ ╨╕╨╗╨╕ ╨▒╨╛╨╗╨╡╨╡ ╤Д╨░╨╣╨╗╨╛╨▓ ╤Б ╨╕╨╝╨╡╨╜╨╡╨╝ CCDeccelAmplitude.cpp ╨▓╤Л╨▓╨╛╨┤╤П╤В ╤А╨╡╨╖╤Г╨╗╤М╤В╨░╤В╤Л ╨▓ ╨╛╨┤╨╜╨╛ ╨╕ ╤В╨╛ ╨╢╨╡ ╤А╨░╤Б╨┐╨╛╨╗╨╛╨╢╨╡╨╜╨╕╨╡. ╨н╤В╨╛ ╨╝╨╛╨╢╨╡╤В ╤Б╤В╨░╤В╤М ╨┐╤А╨╕╤З╨╕╨╜╨╛╨╣ ╨╜╨╡╨▓╨╡╤А╨╜╨╛╨│╨╛ ╤А╨╡╨╖╤Г╨╗╤М╤В╨░╤В╨░ ╤Б╨▒╨╛╤А╨║╨╕.  ╨Т╨║╨╗╤О╤З╨╡╨╜╨╜╤Л╨╡ ╤Д╨░╨╣╨╗╤Л тАФ C:\Users\KusokMedi\Documents\GitHub\BetterShowcase\build\_deps\bindings-src\bindings\2.2081\inline\CCDeccelAmplitude.cpp, C:\Users\KusokMedi\Documents\GitHub\BetterShowcase\build\bindings\bindings\Geode\source\CCDeccelAmplitude.cpp. [C:\Users\KusokMedi\Documents\GitHub\BetterShowcase\build\bindings\GeodeBindings.vcxproj]
C:\Program Files (x86)\Microsoft Visual Studio\2022\BuildTools\MSBuild\Microsoft\VC\v170\Microsoft.CppBuild.targets(1129,5): warning MSB8027: ╨┤╨▓╨░ ╨╕╨╗╨╕ ╨▒╨╛╨╗╨╡╨╡ ╤Д╨░╨╣╨╗╨╛╨▓ ╤Б ╨╕╨╝╨╡╨╜╨╡╨╝ CCDelayTime.cpp ╨▓╤Л╨▓╨╛╨┤╤П╤В ╤А╨╡╨╖╤Г╨╗╤М╤В╨░╤В╤Л ╨▓ ╨╛╨┤╨╜╨╛ ╨╕ ╤В╨╛ ╨╢╨╡ ╤А╨░╤Б╨┐╨╛╨╗╨╛╨╢╨╡╨╜╨╕╨╡. ╨н╤В╨╛ ╨╝╨╛╨╢╨╡╤В ╤Б╤В╨░╤В╤М ╨┐╤А╨╕╤З╨╕╨╜╨╛╨╣ ╨╜╨╡╨▓╨╡╤А╨╜╨╛╨│╨╛ ╤А╨╡╨╖╤Г╨╗╤М╤В╨░╤В╨░ ╤Б╨▒╨╛╤А╨║╨╕.  ╨Т╨║╨╗╤О╤З╨╡╨╜╨╜╤Л╨╡ ╤Д╨░╨╣╨╗╤Л тАФ C:\Users\KusokMedi\Documents\GitHub\BetterShowcase\build\_deps\bindings-src\bindings\2.2081\inline\CCDelayTime.cpp, C:\Users\KusokMedi\Documents\GitHub\BetterShowcase\build\bindings\bindings\Geode\source\CCDelayTime.cpp. [C:\Users\KusokMedi\Documents\GitHub\BetterShowcase\build\bindings\GeodeBindings.vcxproj]
C:\Program Files (x86)\Microsoft Visual Studio\2022\BuildTools\MSBuild\Microsoft\VC\v170\Microsoft.CppBuild.targets(1129,5): warning MSB8027: ╨┤╨▓╨░ ╨╕╨╗╨╕ ╨▒╨╛╨╗╨╡╨╡ ╤Д╨░╨╣╨╗╨╛╨▓ ╤Б ╨╕╨╝╨╡╨╜╨╡╨╝ CCDevice.cpp ╨▓╤Л╨▓╨╛╨┤╤П╤В ╤А╨╡╨╖╤Г╨╗╤М╤В╨░╤В╤Л ╨▓ ╨╛╨┤╨╜╨╛ ╨╕ ╤В╨╛ ╨╢╨╡ ╤А╨░╤Б╨┐╨╛╨╗╨╛╨╢╨╡╨╜╨╕╨╡. ╨н╤В╨╛ ╨╝╨╛╨╢╨╡╤В ╤Б╤В╨░╤В╤М ╨┐╤А╨╕╤З╨╕╨╜╨╛╨╣ ╨╜╨╡╨▓╨╡╤А╨╜╨╛╨│╨╛ ╤А╨╡╨╖╤Г╨╗╤М╤В╨░╤В╨░ ╤Б╨▒╨╛╤А╨║╨╕.  ╨Т╨║╨╗╤О╤З╨╡╨╜╨╜╤Л╨╡ ╤Д╨░╨╣╨╗╤Л тАФ C:\Users\KusokMedi\Documents\GitHub\BetterShowcase\build\_deps\bindings-src\bindings\2.2081\inline\CCDevice.cpp, C:\Users\KusokMedi\Documents\GitHub\BetterShowcase\build\bindings\bindings\Geode\source\CCDevice.cpp. [C:\Users\KusokMedi\Documents\GitHub\BetterShowcase\build\bindings\GeodeBindings.vcxproj]
C:\Program Files (x86)\Microsoft Visual Studio\2022\BuildTools\MSBuild\Microsoft\VC\v170\Microsoft.CppBuild.targets(1129,5): warning MSB8027: ╨┤╨▓╨░ ╨╕╨╗╨╕ ╨▒╨╛╨╗╨╡╨╡ ╤Д╨░╨╣╨╗╨╛╨▓ ╤Б ╨╕╨╝╨╡╨╜╨╡╨╝ CCDictElement.cpp ╨▓╤Л╨▓╨╛╨┤╤П╤В ╤А╨╡╨╖╤Г╨╗╤М╤В╨░╤В╤Л ╨▓ ╨╛╨┤╨╜╨╛ ╨╕ ╤В╨╛ ╨╢╨╡ ╤А╨░╤Б╨┐╨╛╨╗╨╛╨╢╨╡╨╜╨╕╨╡. ╨н╤В╨╛ ╨╝╨╛╨╢╨╡╤В ╤Б╤В╨░╤В╤М ╨┐╤А╨╕╤З╨╕╨╜╨╛╨╣ ╨╜╨╡╨▓╨╡╤А╨╜╨╛╨│╨╛ ╤А╨╡╨╖╤Г╨╗╤М╤В╨░╤В╨░ ╤Б╨▒╨╛╤А╨║╨╕.  ╨Т╨║╨╗╤О╤З╨╡╨╜╨╜╤Л╨╡ ╤Д╨░╨╣╨╗╤Л тАФ C:\Users\KusokMedi\Documents\GitHub\BetterShowcase\build\_deps\bindings-src\bindings\2.2081\inline\CCDictElement.cpp, C:\Users\KusokMedi\Documents\GitHub\BetterShowcase\build\bindings\bindings\Geode\source\CCDictElement.cpp. [C:\Users\KusokMedi\Documents\GitHub\BetterShowcase\build\bindings\GeodeBindings.vcxproj]
C:\Program Files (x86)\Microsoft Visual Studio\2022\BuildTools\MSBuild\Microsoft\VC\v170\Microsoft.CppBuild.targets(1129,5): warning MSB8027: ╨┤╨▓╨░ ╨╕╨╗╨╕ ╨▒╨╛╨╗╨╡╨╡ ╤Д╨░╨╣╨╗╨╛╨▓ ╤Б ╨╕╨╝╨╡╨╜╨╡╨╝ CCDictionary.cpp ╨▓╤Л╨▓╨╛╨┤╤П╤В ╤А╨╡╨╖╤Г╨╗╤М╤В╨░╤В╤Л ╨▓ ╨╛╨┤╨╜╨╛ ╨╕ ╤В╨╛ ╨╢╨╡ ╤А╨░╤Б╨┐╨╛╨╗╨╛╨╢╨╡╨╜╨╕╨╡. ╨н╤В╨╛ ╨╝╨╛╨╢╨╡╤В ╤Б╤В╨░╤В╤М ╨┐╤А╨╕╤З╨╕╨╜╨╛╨╣ ╨╜╨╡╨▓╨╡╤А╨╜╨╛╨│╨╛ ╤А╨╡╨╖╤Г╨╗╤М╤В╨░╤В╨░ ╤Б╨▒╨╛╤А╨║╨╕.  ╨Т╨║╨╗╤О╤З╨╡╨╜╨╜╤Л╨╡ ╤Д╨░╨╣╨╗╤Л тАФ C:\Users\KusokMedi\Documents\GitHub\BetterShowcase\build\_deps\bindings-src\bindings\2.2081\inline\CCDictionary.cpp, C:\Users\KusokMedi\Documents\GitHub\BetterShowcase\build\bindings\bindings\Geode\source\CCDictionary.cpp. [C:\Users\KusokMedi\Documents\GitHub\BetterShowcase\build\bindings\GeodeBindings.vcxproj]
C:\Program Files (x86)\Microsoft Visual Studio\2022\BuildTools\MSBuild\Microsoft\VC\v170\Microsoft.CppBuild.targets(1129,5): warning MSB8027: ╨┤╨▓╨░ ╨╕╨╗╨╕ ╨▒╨╛╨╗╨╡╨╡ ╤Д╨░╨╣╨╗╨╛╨▓ ╤Б ╨╕╨╝╨╡╨╜╨╡╨╝ CCDirector.cpp ╨▓╤Л╨▓╨╛╨┤╤П╤В ╤А╨╡╨╖╤Г╨╗╤М╤В╨░╤В╤Л ╨▓ ╨╛╨┤╨╜╨╛ ╨╕ ╤В╨╛ ╨╢╨╡ ╤А╨░╤Б╨┐╨╛╨╗╨╛╨╢╨╡╨╜╨╕╨╡. ╨н╤В╨╛ ╨╝╨╛╨╢╨╡╤В ╤Б╤В╨░╤В╤М ╨┐╤А╨╕╤З╨╕╨╜╨╛╨╣ ╨╜╨╡╨▓╨╡╤А╨╜╨╛╨│╨╛ ╤А╨╡╨╖╤Г╨╗╤М╤В╨░╤В╨░ ╤Б╨▒╨╛╤А╨║╨╕.  ╨Т╨║╨╗╤О╤З╨╡╨╜╨╜╤Л╨╡ ╤Д╨░╨╣╨╗╤Л тАФ C:\Users\KusokMedi\Documents\GitHub\BetterShowcase\build\_deps\bindings-src\bindings\2.2081\inline\CCDirector.cpp, C:\Users\KusokMedi\Documents\GitHub\BetterShowcase\build\bindings\bindings\Geode\source\CCDirector.cpp. [C:\Users\KusokMedi\Documents\GitHub\BetterShowcase\build\bindings\GeodeBindings.vcxproj]
C:\Program Files (x86)\Microsoft Visual Studio\2022\BuildTools\MSBuild\Microsoft\VC\v170\Microsoft.CppBuild.targets(1129,5): warning MSB8027: ╨┤╨▓╨░ ╨╕╨╗╨╕ ╨▒╨╛╨╗╨╡╨╡ ╤Д╨░╨╣╨╗╨╛╨▓ ╤Б ╨╕╨╝╨╡╨╜╨╡╨╝ CCDisplayLinkDirector.cpp ╨▓╤Л╨▓╨╛╨┤╤П╤В ╤А╨╡╨╖╤Г╨╗╤М╤В╨░╤В╤Л ╨▓ ╨╛╨┤╨╜╨╛ ╨╕ ╤В╨╛ ╨╢╨╡ ╤А╨░╤Б╨┐╨╛╨╗╨╛╨╢╨╡╨╜╨╕╨╡. ╨н╤В╨╛ ╨╝╨╛╨╢╨╡╤В ╤Б╤В╨░╤В╤М ╨┐╤А╨╕╤З╨╕╨╜╨╛╨╣ ╨╜╨╡╨▓╨╡╤А╨╜╨╛╨│╨╛ ╤А╨╡╨╖╤Г╨╗╤М╤В╨░╤В╨░ ╤Б╨▒╨╛╤А╨║╨╕.  ╨Т╨║╨╗╤О╤З╨╡╨╜╨╜╤Л╨╡ ╤Д╨░╨╣╨╗╤Л тАФ C:\Users\KusokMedi\Documents\GitHub\BetterShowcase\build\_deps\bindings-src\bindings\2.2081\inline\CCDisplayLinkDirector.cpp, C:\Users\KusokMedi\Documents\GitHub\BetterShowcase\build\bindings\bindings\Geode\source\CCDisplayLinkDirector.cpp. [C:\Users\KusokMedi\Documents\GitHub\BetterShowcase\build\bindings\GeodeBindings.vcxproj]
C:\Program Files (x86)\Microsoft Visual Studio\2022\BuildTools\MSBuild\Microsoft\VC\v170\Microsoft.CppBuild.targets(1129,5): warning MSB8027: ╨┤╨▓╨░ ╨╕╨╗╨╕ ╨▒╨╛╨╗╨╡╨╡ ╤Д╨░╨╣╨╗╨╛╨▓ ╤Б ╨╕╨╝╨╡╨╜╨╡╨╝ CCDrawNode.cpp ╨▓╤Л╨▓╨╛╨┤╤П╤В ╤А╨╡╨╖╤Г╨╗╤М╤В╨░╤В╤Л ╨▓ ╨╛╨┤╨╜╨╛ ╨╕ ╤В╨╛ ╨╢╨╡ ╤А╨░╤Б╨┐╨╛╨╗╨╛╨╢╨╡╨╜╨╕╨╡. ╨н╤В╨╛ ╨╝╨╛╨╢╨╡╤В ╤Б╤В╨░╤В╤М ╨┐╤А╨╕╤З╨╕╨╜╨╛╨╣ ╨╜╨╡╨▓╨╡╤А╨╜╨╛╨│╨╛ ╤А╨╡╨╖╤Г╨╗╤М╤В╨░╤В╨░ ╤Б╨▒╨╛╤А╨║╨╕.  ╨Т╨║╨╗╤О╤З╨╡╨╜╨╜╤Л╨╡ ╤Д╨░╨╣╨╗╤Л тАФ C:\Users\KusokMedi\Documents\GitHub\BetterShowcase\build\_deps\bindings-src\bindings\2.2081\inline\CCDrawNode.cpp, C:\Users\KusokMedi\Documents\GitHub\BetterShowcase\build\bindings\bindings\Geode\source\CCDrawNode.cpp. [C:\Users\KusokMedi\Documents\GitHub\BetterShowcase\build\bindings\GeodeBindings.vcxproj]
C:\Program Files (x86)\Microsoft Visual Studio\2022\BuildTools\MSBuild\Microsoft\VC\v170\Microsoft.CppBuild.targets(1129,5): warning MSB8027: ╨┤╨▓╨░ ╨╕╨╗╨╕ ╨▒╨╛╨╗╨╡╨╡ ╤Д╨░╨╣╨╗╨╛╨▓ ╤Б ╨╕╨╝╨╡╨╜╨╡╨╝ CCEGLView.cpp ╨▓╤Л╨▓╨╛╨┤╤П╤В ╤А╨╡╨╖╤Г╨╗╤М╤В╨░╤В╤Л ╨▓ ╨╛╨┤╨╜╨╛ ╨╕ ╤В╨╛ ╨╢╨╡ ╤А╨░╤Б╨┐╨╛╨╗╨╛╨╢╨╡╨╜╨╕╨╡. ╨н╤В╨╛ ╨╝╨╛╨╢╨╡╤В ╤Б╤В╨░╤В╤М ╨┐╤А╨╕╤З╨╕╨╜╨╛╨╣ ╨╜╨╡╨▓╨╡╤А╨╜╨╛╨│╨╛ ╤А╨╡╨╖╤Г╨╗╤М╤В╨░╤В╨░ ╤Б╨▒╨╛╤А╨║╨╕.  ╨Т╨║╨╗╤О╤З╨╡╨╜╨╜╤Л╨╡ ╤Д╨░╨╣╨╗╤Л тАФ C:\Users\KusokMedi\Documents\GitHub\BetterShowcase\build\_deps\bindings-src\bindings\2.2081\inline\CCEGLView.cpp, C:\Users\KusokMedi\Documents\GitHub\BetterShowcase\build\bindings\bindings\Geode\source\CCEGLView.cpp. [C:\Users\KusokMedi\Documents\GitHub\BetterShowcase\build\bindings\GeodeBindings.vcxproj]
C:\Program Files (x86)\Microsoft Visual Studio\2022\BuildTools\MSBuild\Microsoft\VC\v170\Microsoft.CppBuild.targets(1129,5): warning MSB8027: ╨┤╨▓╨░ ╨╕╨╗╨╕ ╨▒╨╛╨╗╨╡╨╡ ╤Д╨░╨╣╨╗╨╛╨▓ ╤Б ╨╕╨╝╨╡╨╜╨╡╨╝ CCEGLViewProtocol.cpp ╨▓╤Л╨▓╨╛╨┤╤П╤В ╤А╨╡╨╖╤Г╨╗╤М╤В╨░╤В╤Л ╨▓ ╨╛╨┤╨╜╨╛ ╨╕ ╤В╨╛ ╨╢╨╡ ╤А╨░╤Б╨┐╨╛╨╗╨╛╨╢╨╡╨╜╨╕╨╡. ╨н╤В╨╛ ╨╝╨╛╨╢╨╡╤В ╤Б╤В╨░╤В╤М ╨┐╤А╨╕╤З╨╕╨╜╨╛╨╣ ╨╜╨╡╨▓╨╡╤А╨╜╨╛╨│╨╛ ╤А╨╡╨╖╤Г╨╗╤М╤В╨░╤В╨░ ╤Б╨▒╨╛╤А╨║╨╕.  ╨Т╨║╨╗╤О╤З╨╡╨╜╨╜╤Л╨╡ ╤Д╨░╨╣╨╗╤Л тАФ C:\Users\KusokMedi\Documents\GitHub\BetterShowcase\build\_deps\bindings-src\bindings\2.2081\inline\CCEGLViewProtocol.cpp, C:\Users\KusokMedi\Documents\GitHub\BetterShowcase\build\bindings\bindings\Geode\source\CCEGLViewProtocol.cpp. [C:\Users\KusokMedi\Documents\GitHub\BetterShowcase\build\bindings\GeodeBindings.vcxproj]
C:\Program Files (x86)\Microsoft Visual Studio\2022\BuildTools\MSBuild\Microsoft\VC\v170\Microsoft.CppBuild.targets(1129,5): warning MSB8027: ╨┤╨▓╨░ ╨╕╨╗╨╕ ╨▒╨╛╨╗╨╡╨╡ ╤Д╨░╨╣╨╗╨╛╨▓ ╤Б ╨╕╨╝╨╡╨╜╨╡╨╝ CCEaseBackIn.cpp ╨▓╤Л╨▓╨╛╨┤╤П╤В ╤А╨╡╨╖╤Г╨╗╤М╤В╨░╤В╤Л ╨▓ ╨╛╨┤╨╜╨╛ ╨╕ ╤В╨╛ ╨╢╨╡ ╤А╨░╤Б╨┐╨╛╨╗╨╛╨╢╨╡╨╜╨╕╨╡. ╨н╤В╨╛ ╨╝╨╛╨╢╨╡╤В ╤Б╤В╨░╤В╤М ╨┐╤А╨╕╤З╨╕╨╜╨╛╨╣ ╨╜╨╡╨▓╨╡╤А╨╜╨╛╨│╨╛ ╤А╨╡╨╖╤Г╨╗╤М╤В╨░╤В╨░ ╤Б╨▒╨╛╤А╨║╨╕.  ╨Т╨║╨╗╤О╤З╨╡╨╜╨╜╤Л╨╡ ╤Д╨░╨╣╨╗╤Л тАФ C:\Users\KusokMedi\Documents\GitHub\BetterShowcase\build\_deps\bindings-src\bindings\2.2081\inline\CCEaseBackIn.cpp, C:\Users\KusokMedi\Documents\GitHub\BetterShowcase\build\bindings\bindings\Geode\source\CCEaseBackIn.cpp. [C:\Users\KusokMedi\Documents\GitHub\BetterShowcase\build\bindings\GeodeBindings.vcxproj]
C:\Program Files (x86)\Microsoft Visual Studio\2022\BuildTools\MSBuild\Microsoft\VC\v170\Microsoft.CppBuild.targets(1129,5): warning MSB8027: ╨┤╨▓╨░ ╨╕╨╗╨╕ ╨▒╨╛╨╗╨╡╨╡ ╤Д╨░╨╣╨╗╨╛╨▓ ╤Б ╨╕╨╝╨╡╨╜╨╡╨╝ CCEaseBackInOut.cpp ╨▓╤Л╨▓╨╛╨┤╤П╤В ╤А╨╡╨╖╤Г╨╗╤М╤В╨░╤В╤Л ╨▓ ╨╛╨┤╨╜╨╛ ╨╕ ╤В╨╛ ╨╢╨╡ ╤А╨░╤Б╨┐╨╛╨╗╨╛╨╢╨╡╨╜╨╕╨╡. ╨н╤В╨╛ ╨╝╨╛╨╢╨╡╤В ╤Б╤В╨░╤В╤М ╨┐╤А╨╕╤З╨╕╨╜╨╛╨╣ ╨╜╨╡╨▓╨╡╤А╨╜╨╛╨│╨╛ ╤А╨╡╨╖╤Г╨╗╤М╤В╨░╤В╨░ ╤Б╨▒╨╛╤А╨║╨╕.  ╨Т╨║╨╗╤О╤З╨╡╨╜╨╜╤Л╨╡ ╤Д╨░╨╣╨╗╤Л тАФ C:\Users\KusokMedi\Documents\GitHub\BetterShowcase\build\_deps\bindings-src\bindings\2.2081\inline\CCEaseBackInOut.cpp, C:\Users\KusokMedi\Documents\GitHub\BetterShowcase\build\bindings\bindings\Geode\source\CCEaseBackInOut.cpp. [C:\Users\KusokMedi\Documents\GitHub\BetterShowcase\build\bindings\GeodeBindings.vcxproj]
C:\Program Files (x86)\Microsoft Visual Studio\2022\BuildTools\MSBuild\Microsoft\VC\v170\Microsoft.CppBuild.targets(1129,5): warning MSB8027: ╨┤╨▓╨░ ╨╕╨╗╨╕ ╨▒╨╛╨╗╨╡╨╡ ╤Д╨░╨╣╨╗╨╛╨▓ ╤Б ╨╕╨╝╨╡╨╜╨╡╨╝ CCEaseBackOut.cpp ╨▓╤Л╨▓╨╛╨┤╤П╤В ╤А╨╡╨╖╤Г╨╗╤М╤В╨░╤В╤Л ╨▓ ╨╛╨┤╨╜╨╛ ╨╕ ╤В╨╛ ╨╢╨╡ ╤А╨░╤Б╨┐╨╛╨╗╨╛╨╢╨╡╨╜╨╕╨╡. ╨н╤В╨╛ ╨╝╨╛╨╢╨╡╤В ╤Б╤В╨░╤В╤М ╨┐╤А╨╕╤З╨╕╨╜╨╛╨╣ ╨╜╨╡╨▓╨╡╤А╨╜╨╛╨│╨╛ ╤А╨╡╨╖╤Г╨╗╤М╤В╨░╤В╨░ ╤Б╨▒╨╛╤А╨║╨╕.  ╨Т╨║╨╗╤О╤З╨╡╨╜╨╜╤Л╨╡ ╤Д╨░╨╣╨╗╤Л тАФ C:\Users\KusokMedi\Documents\GitHub\BetterShowcase\build\_deps\bindings-src\bindings\2.2081\inline\CCEaseBackOut.cpp, C:\Users\KusokMedi\Documents\GitHub\BetterShowcase\build\bindings\bindings\Geode\source\CCEaseBackOut.cpp. [C:\Users\KusokMedi\Documents\GitHub\BetterShowcase\build\bindings\GeodeBindings.vcxproj]
C:\Program Files (x86)\Microsoft Visual Studio\2022\BuildTools\MSBuild\Microsoft\VC\v170\Microsoft.CppBuild.targets(1129,5): warning MSB8027: ╨┤╨▓╨░ ╨╕╨╗╨╕ ╨▒╨╛╨╗╨╡╨╡ ╤Д╨░╨╣╨╗╨╛╨▓ ╤Б ╨╕╨╝╨╡╨╜╨╡╨╝ CCEaseBounce.cpp ╨▓╤Л╨▓╨╛╨┤╤П╤В ╤А╨╡╨╖╤Г╨╗╤М╤В╨░╤В╤Л ╨▓ ╨╛╨┤╨╜╨╛ ╨╕ ╤В╨╛ ╨╢╨╡ ╤А╨░╤Б╨┐╨╛╨╗╨╛╨╢╨╡╨╜╨╕╨╡. ╨н╤В╨╛ ╨╝╨╛╨╢╨╡╤В ╤Б╤В╨░╤В╤М ╨┐╤А╨╕╤З╨╕╨╜╨╛╨╣ ╨╜╨╡╨▓╨╡╤А╨╜╨╛╨│╨╛ ╤А╨╡╨╖╤Г╨╗╤М╤В╨░╤В╨░ ╤Б╨▒╨╛╤А╨║╨╕.  ╨Т╨║╨╗╤О╤З╨╡╨╜╨╜╤Л╨╡ ╤Д╨░╨╣╨╗╤Л тАФ C:\Users\KusokMedi\Documents\GitHub\BetterShowcase\build\_deps\bindings-src\bindings\2.2081\inline\CCEaseBounce.cpp, C:\Users\KusokMedi\Documents\GitHub\BetterShowcase\build\bindings\bindings\Geode\source\CCEaseBounce.cpp. [C:\Users\KusokMedi\Documents\GitHub\BetterShowcase\build\bindings\GeodeBindings.vcxproj]
C:\Program Files (x86)\Microsoft Visual Studio\2022\BuildTools\MSBuild\Microsoft\VC\v170\Microsoft.CppBuild.targets(1129,5): warning MSB8027: ╨┤╨▓╨░ ╨╕╨╗╨╕ ╨▒╨╛╨╗╨╡╨╡ ╤Д╨░╨╣╨╗╨╛╨▓ ╤Б ╨╕╨╝╨╡╨╜╨╡╨╝ CCEaseBounceIn.cpp ╨▓╤Л╨▓╨╛╨┤╤П╤В ╤А╨╡╨╖╤Г╨╗╤М╤В╨░╤В╤Л ╨▓ ╨╛╨┤╨╜╨╛ ╨╕ ╤В╨╛ ╨╢╨╡ ╤А╨░╤Б╨┐╨╛╨╗╨╛╨╢╨╡╨╜╨╕╨╡. ╨н╤В╨╛ ╨╝╨╛╨╢╨╡╤В ╤Б╤В╨░╤В╤М ╨┐╤А╨╕╤З╨╕╨╜╨╛╨╣ ╨╜╨╡╨▓╨╡╤А╨╜╨╛╨│╨╛ ╤А╨╡╨╖╤Г╨╗╤М╤В╨░╤В╨░ ╤Б╨▒╨╛╤А╨║╨╕.  ╨Т╨║╨╗╤О╤З╨╡╨╜╨╜╤Л╨╡ ╤Д╨░╨╣╨╗╤Л тАФ C:\Users\KusokMedi\Documents\GitHub\BetterShowcase\build\_deps\bindings-src\bindings\2.2081\inline\CCEaseBounceIn.cpp, C:\Users\KusokMedi\Documents\GitHub\BetterShowcase\build\bindings\bindings\Geode\source\CCEaseBounceIn.cpp. [C:\Users\KusokMedi\Documents\GitHub\BetterShowcase\build\bindings\GeodeBindings.vcxproj]
C:\Program Files (x86)\Microsoft Visual Studio\2022\BuildTools\MSBuild\Microsoft\VC\v170\Microsoft.CppBuild.targets(1129,5): warning MSB8027: ╨┤╨▓╨░ ╨╕╨╗╨╕ ╨▒╨╛╨╗╨╡╨╡ ╤Д╨░╨╣╨╗╨╛╨▓ ╤Б ╨╕╨╝╨╡╨╜╨╡╨╝ CCEaseBounceInOut.cpp ╨▓╤Л╨▓╨╛╨┤╤П╤В ╤А╨╡╨╖╤Г╨╗╤М╤В╨░╤В╤Л ╨▓ ╨╛╨┤╨╜╨╛ ╨╕ ╤В╨╛ ╨╢╨╡ ╤А╨░╤Б╨┐╨╛╨╗╨╛╨╢╨╡╨╜╨╕╨╡. ╨н╤В╨╛ ╨╝╨╛╨╢╨╡╤В ╤Б╤В╨░╤В╤М ╨┐╤А╨╕╤З╨╕╨╜╨╛╨╣ ╨╜╨╡╨▓╨╡╤А╨╜╨╛╨│╨╛ ╤А╨╡╨╖╤Г╨╗╤М╤В╨░╤В╨░ ╤Б╨▒╨╛╤А╨║╨╕.  ╨Т╨║╨╗╤О╤З╨╡╨╜╨╜╤Л╨╡ ╤Д╨░╨╣╨╗╤Л тАФ C:\Users\KusokMedi\Documents\GitHub\BetterShowcase\build\_deps\bindings-src\bindings\2.2081\inline\CCEaseBounceInOut.cpp, C:\Users\KusokMedi\Documents\GitHub\BetterShowcase\build\bindings\bindings\Geode\source\CCEaseBounceInOut.cpp. [C:\Users\KusokMedi\Documents\GitHub\BetterShowcase\build\bindings\GeodeBindings.vcxproj]
C:\Program Files (x86)\Microsoft Visual Studio\2022\BuildTools\MSBuild\Microsoft\VC\v170\Microsoft.CppBuild.targets(1129,5): warning MSB8027: ╨┤╨▓╨░ ╨╕╨╗╨╕ ╨▒╨╛╨╗╨╡╨╡ ╤Д╨░╨╣╨╗╨╛╨▓ ╤Б ╨╕╨╝╨╡╨╜╨╡╨╝ CCEaseBounceOut.cpp ╨▓╤Л╨▓╨╛╨┤╤П╤В ╤А╨╡╨╖╤Г╨╗╤М╤В╨░╤В╤Л ╨▓ ╨╛╨┤╨╜╨╛ ╨╕ ╤В╨╛ ╨╢╨╡ ╤А╨░╤Б╨┐╨╛╨╗╨╛╨╢╨╡╨╜╨╕╨╡. ╨н╤В╨╛ ╨╝╨╛╨╢╨╡╤В ╤Б╤В╨░╤В╤М ╨┐╤А╨╕╤З╨╕╨╜╨╛╨╣ ╨╜╨╡╨▓╨╡╤А╨╜╨╛╨│╨╛ ╤А╨╡╨╖╤Г╨╗╤М╤В╨░╤В╨░ ╤Б╨▒╨╛╤А╨║╨╕.  ╨Т╨║╨╗╤О╤З╨╡╨╜╨╜╤Л╨╡ ╤Д╨░╨╣╨╗╤Л тАФ C:\Users\KusokMedi\Documents\GitHub\BetterShowcase\build\_deps\bindings-src\bindings\2.2081\inline\CCEaseBounceOut.cpp, C:\Users\KusokMedi\Documents\GitHub\BetterShowcase\build\bindings\bindings\Geode\source\CCEaseBounceOut.cpp. [C:\Users\KusokMedi\Documents\GitHub\BetterShowcase\build\bindings\GeodeBindings.vcxproj]
C:\Program Files (x86)\Microsoft Visual Studio\2022\BuildTools\MSBuild\Microsoft\VC\v170\Microsoft.CppBuild.targets(1129,5): warning MSB8027: ╨┤╨▓╨░ ╨╕╨╗╨╕ ╨▒╨╛╨╗╨╡╨╡ ╤Д╨░╨╣╨╗╨╛╨▓ ╤Б ╨╕╨╝╨╡╨╜╨╡╨╝ CCEaseElastic.cpp ╨▓╤Л╨▓╨╛╨┤╤П╤В ╤А╨╡╨╖╤Г╨╗╤М╤В╨░╤В╤Л ╨▓ ╨╛╨┤╨╜╨╛ ╨╕ ╤В╨╛ ╨╢╨╡ ╤А╨░╤Б╨┐╨╛╨╗╨╛╨╢╨╡╨╜╨╕╨╡. ╨н╤В╨╛ ╨╝╨╛╨╢╨╡╤В ╤Б╤В╨░╤В╤М ╨┐╤А╨╕╤З╨╕╨╜╨╛╨╣ ╨╜╨╡╨▓╨╡╤А╨╜╨╛╨│╨╛ ╤А╨╡╨╖╤Г╨╗╤М╤В╨░╤В╨░ ╤Б╨▒╨╛╤А╨║╨╕.  ╨Т╨║╨╗╤О╤З╨╡╨╜╨╜╤Л╨╡ ╤Д╨░╨╣╨╗╤Л тАФ C:\Users\KusokMedi\Documents\GitHub\BetterShowcase\build\_deps\bindings-src\bindings\2.2081\inline\CCEaseElastic.cpp, C:\Users\KusokMedi\Documents\GitHub\BetterShowcase\build\bindings\bindings\Geode\source\CCEaseElastic.cpp. [C:\Users\KusokMedi\Documents\GitHub\BetterShowcase\build\bindings\GeodeBindings.vcxproj]
C:\Program Files (x86)\Microsoft Visual Studio\2022\BuildTools\MSBuild\Microsoft\VC\v170\Microsoft.CppBuild.targets(1129,5): warning MSB8027: ╨┤╨▓╨░ ╨╕╨╗╨╕ ╨▒╨╛╨╗╨╡╨╡ ╤Д╨░╨╣╨╗╨╛╨▓ ╤Б ╨╕╨╝╨╡╨╜╨╡╨╝ CCEaseElasticIn.cpp ╨▓╤Л╨▓╨╛╨┤╤П╤В ╤А╨╡╨╖╤Г╨╗╤М╤В╨░╤В╤Л ╨▓ ╨╛╨┤╨╜╨╛ ╨╕ ╤В╨╛ ╨╢╨╡ ╤А╨░╤Б╨┐╨╛╨╗╨╛╨╢╨╡╨╜╨╕╨╡. ╨н╤В╨╛ ╨╝╨╛╨╢╨╡╤В ╤Б╤В╨░╤В╤М ╨┐╤А╨╕╤З╨╕╨╜╨╛╨╣ ╨╜╨╡╨▓╨╡╤А╨╜╨╛╨│╨╛ ╤А╨╡╨╖╤Г╨╗╤М╤В╨░╤В╨░ ╤Б╨▒╨╛╤А╨║╨╕.  ╨Т╨║╨╗╤О╤З╨╡╨╜╨╜╤Л╨╡ ╤Д╨░╨╣╨╗╤Л тАФ C:\Users\KusokMedi\Documents\GitHub\BetterShowcase\build\_deps\bindings-src\bindings\2.2081\inline\CCEaseElasticIn.cpp, C:\Users\KusokMedi\Documents\GitHub\BetterShowcase\build\bindings\bindings\Geode\source\CCEaseElasticIn.cpp. [C:\Users\KusokMedi\Documents\GitHub\BetterShowcase\build\bindings\GeodeBindings.vcxproj]
C:\Program Files (x86)\Microsoft Visual Studio\2022\BuildTools\MSBuild\Microsoft\VC\v170\Microsoft.CppBuild.targets(1129,5): warning MSB8027: ╨┤╨▓╨░ ╨╕╨╗╨╕ ╨▒╨╛╨╗╨╡╨╡ ╤Д╨░╨╣╨╗╨╛╨▓ ╤Б ╨╕╨╝╨╡╨╜╨╡╨╝ CCEaseElasticInOut.cpp ╨▓╤Л╨▓╨╛╨┤╤П╤В ╤А╨╡╨╖╤Г╨╗╤М╤В╨░╤В╤Л ╨▓ ╨╛╨┤╨╜╨╛ ╨╕ ╤В╨╛ ╨╢╨╡ ╤А╨░╤Б╨┐╨╛╨╗╨╛╨╢╨╡╨╜╨╕╨╡. ╨н╤В╨╛ ╨╝╨╛╨╢╨╡╤В ╤Б╤В╨░╤В╤М ╨┐╤А╨╕╤З╨╕╨╜╨╛╨╣ ╨╜╨╡╨▓╨╡╤А╨╜╨╛╨│╨╛ ╤А╨╡╨╖╤Г╨╗╤М╤В╨░╤В╨░ ╤Б╨▒╨╛╤А╨║╨╕.  ╨Т╨║╨╗╤О╤З╨╡╨╜╨╜╤Л╨╡ ╤Д╨░╨╣╨╗╤Л тАФ C:\Users\KusokMedi\Documents\GitHub\BetterShowcase\build\_deps\bindings-src\bindings\2.2081\inline\CCEaseElasticInOut.cpp, C:\Users\KusokMedi\Documents\GitHub\BetterShowcase\build\bindings\bindings\Geode\source\CCEaseElasticInOut.cpp. [C:\Users\KusokMedi\Documents\GitHub\BetterShowcase\build\bindings\GeodeBindings.vcxproj]
C:\Program Files (x86)\Microsoft Visual Studio\2022\BuildTools\MSBuild\Microsoft\VC\v170\Microsoft.CppBuild.targets(1129,5): warning MSB8027: ╨┤╨▓╨░ ╨╕╨╗╨╕ ╨▒╨╛╨╗╨╡╨╡ ╤Д╨░╨╣╨╗╨╛╨▓ ╤Б ╨╕╨╝╨╡╨╜╨╡╨╝ CCEaseElasticOut.cpp ╨▓╤Л╨▓╨╛╨┤╤П╤В ╤А╨╡╨╖╤Г╨╗╤М╤В╨░╤В╤Л ╨▓ ╨╛╨┤╨╜╨╛ ╨╕ ╤В╨╛ ╨╢╨╡ ╤А╨░╤Б╨┐╨╛╨╗╨╛╨╢╨╡╨╜╨╕╨╡. ╨н╤В╨╛ ╨╝╨╛╨╢╨╡╤В ╤Б╤В╨░╤В╤М ╨┐╤А╨╕╤З╨╕╨╜╨╛╨╣ ╨╜╨╡╨▓╨╡╤А╨╜╨╛╨│╨╛ ╤А╨╡╨╖╤Г╨╗╤М╤В╨░╤В╨░ ╤Б╨▒╨╛╤А╨║╨╕.  ╨Т╨║╨╗╤О╤З╨╡╨╜╨╜╤Л╨╡ ╤Д╨░╨╣╨╗╤Л тАФ C:\Users\KusokMedi\Documents\GitHub\BetterShowcase\build\_deps\bindings-src\bindings\2.2081\inline\CCEaseElasticOut.cpp, C:\Users\KusokMedi\Documents\GitHub\BetterShowcase\build\bindings\bindings\Geode\source\CCEaseElasticOut.cpp. [C:\Users\KusokMedi\Documents\GitHub\BetterShowcase\build\bindings\GeodeBindings.vcxproj]
C:\Program Files (x86)\Microsoft Visual Studio\2022\BuildTools\MSBuild\Microsoft\VC\v170\Microsoft.CppBuild.targets(1129,5): warning MSB8027: ╨┤╨▓╨░ ╨╕╨╗╨╕ ╨▒╨╛╨╗╨╡╨╡ ╤Д╨░╨╣╨╗╨╛╨▓ ╤Б ╨╕╨╝╨╡╨╜╨╡╨╝ CCEaseExponentialIn.cpp ╨▓╤Л╨▓╨╛╨┤╤П╤В ╤А╨╡╨╖╤Г╨╗╤М╤В╨░╤В╤Л ╨▓ ╨╛╨┤╨╜╨╛ ╨╕ ╤В╨╛ ╨╢╨╡ ╤А╨░╤Б╨┐╨╛╨╗╨╛╨╢╨╡╨╜╨╕╨╡. ╨н╤В╨╛ ╨╝╨╛╨╢╨╡╤В ╤Б╤В╨░╤В╤М ╨┐╤А╨╕╤З╨╕╨╜╨╛╨╣ ╨╜╨╡╨▓╨╡╤А╨╜╨╛╨│╨╛ ╤А╨╡╨╖╤Г╨╗╤М╤В╨░╤В╨░ ╤Б╨▒╨╛╤А╨║╨╕.  ╨Т╨║╨╗╤О╤З╨╡╨╜╨╜╤Л╨╡ ╤Д╨░╨╣╨╗╤Л тАФ C:\Users\KusokMedi\Documents\GitHub\BetterShowcase\build\_deps\bindings-src\bindings\2.2081\inline\CCEaseExponentialIn.cpp, C:\Users\KusokMedi\Documents\GitHub\BetterShowcase\build\bindings\bindings\Geode\source\CCEaseExponentialIn.cpp. [C:\Users\KusokMedi\Documents\GitHub\BetterShowcase\build\bindings\GeodeBindings.vcxproj]
C:\Program Files (x86)\Microsoft Visual Studio\2022\BuildTools\MSBuild\Microsoft\VC\v170\Microsoft.CppBuild.targets(1129,5): warning MSB8027: ╨┤╨▓╨░ ╨╕╨╗╨╕ ╨▒╨╛╨╗╨╡╨╡ ╤Д╨░╨╣╨╗╨╛╨▓ ╤Б ╨╕╨╝╨╡╨╜╨╡╨╝ CCEaseExponentialInOut.cpp ╨▓╤Л╨▓╨╛╨┤╤П╤В ╤А╨╡╨╖╤Г╨╗╤М╤В╨░╤В╤Л ╨▓ ╨╛╨┤╨╜╨╛ ╨╕ ╤В╨╛ ╨╢╨╡ ╤А╨░╤Б╨┐╨╛╨╗╨╛╨╢╨╡╨╜╨╕╨╡. ╨н╤В╨╛ ╨╝╨╛╨╢╨╡╤В ╤Б╤В╨░╤В╤М ╨┐╤А╨╕╤З╨╕╨╜╨╛╨╣ ╨╜╨╡╨▓╨╡╤А╨╜╨╛╨│╨╛ ╤А╨╡╨╖╤Г╨╗╤М╤В╨░╤В╨░ ╤Б╨▒╨╛╤А╨║╨╕.  ╨Т╨║╨╗╤О╤З╨╡╨╜╨╜╤Л╨╡ ╤Д╨░╨╣╨╗╤Л тАФ C:\Users\KusokMedi\Documents\GitHub\BetterShowcase\build\_deps\bindings-src\bindings\2.2081\inline\CCEaseExponentialInOut.cpp, C:\Users\KusokMedi\Documents\GitHub\BetterShowcase\build\bindings\bindings\Geode\source\CCEaseExponentialInOut.cpp. [C:\Users\KusokMedi\Documents\GitHub\BetterShowcase\build\bindings\GeodeBindings.vcxproj]
C:\Program Files (x86)\Microsoft Visual Studio\2022\BuildTools\MSBuild\Microsoft\VC\v170\Microsoft.CppBuild.targets(1129,5): warning MSB8027: ╨┤╨▓╨░ ╨╕╨╗╨╕ ╨▒╨╛╨╗╨╡╨╡ ╤Д╨░╨╣╨╗╨╛╨▓ ╤Б ╨╕╨╝╨╡╨╜╨╡╨╝ CCEaseExponentialOut.cpp ╨▓╤Л╨▓╨╛╨┤╤П╤В ╤А╨╡╨╖╤Г╨╗╤М╤В╨░╤В╤Л ╨▓ ╨╛╨┤╨╜╨╛ ╨╕ ╤В╨╛ ╨╢╨╡ ╤А╨░╤Б╨┐╨╛╨╗╨╛╨╢╨╡╨╜╨╕╨╡. ╨н╤В╨╛ ╨╝╨╛╨╢╨╡╤В ╤Б╤В╨░╤В╤М ╨┐╤А╨╕╤З╨╕╨╜╨╛╨╣ ╨╜╨╡╨▓╨╡╤А╨╜╨╛╨│╨╛ ╤А╨╡╨╖╤Г╨╗╤М╤В╨░╤В╨░ ╤Б╨▒╨╛╤А╨║╨╕.  ╨Т╨║╨╗╤О╤З╨╡╨╜╨╜╤Л╨╡ ╤Д╨░╨╣╨╗╤Л тАФ C:\Users\KusokMedi\Documents\GitHub\BetterShowcase\build\_deps\bindings-src\bindings\2.2081\inline\CCEaseExponentialOut.cpp, C:\Users\KusokMedi\Documents\GitHub\BetterShowcase\build\bindings\bindings\Geode\source\CCEaseExponentialOut.cpp. [C:\Users\KusokMedi\Documents\GitHub\BetterShowcase\build\bindings\GeodeBindings.vcxproj]
C:\Program Files (x86)\Microsoft Visual Studio\2022\BuildTools\MSBuild\Microsoft\VC\v170\Microsoft.CppBuild.targets(1129,5): warning MSB8027: ╨┤╨▓╨░ ╨╕╨╗╨╕ ╨▒╨╛╨╗╨╡╨╡ ╤Д╨░╨╣╨╗╨╛╨▓ ╤Б ╨╕╨╝╨╡╨╜╨╡╨╝ CCEaseIn.cpp ╨▓╤Л╨▓╨╛╨┤╤П╤В ╤А╨╡╨╖╤Г╨╗╤М╤В╨░╤В╤Л ╨▓ ╨╛╨┤╨╜╨╛ ╨╕ ╤В╨╛ ╨╢╨╡ ╤А╨░╤Б╨┐╨╛╨╗╨╛╨╢╨╡╨╜╨╕╨╡. ╨н╤В╨╛ ╨╝╨╛╨╢╨╡╤В ╤Б╤В╨░╤В╤М ╨┐╤А╨╕╤З╨╕╨╜╨╛╨╣ ╨╜╨╡╨▓╨╡╤А╨╜╨╛╨│╨╛ ╤А╨╡╨╖╤Г╨╗╤М╤В╨░╤В╨░ ╤Б╨▒╨╛╤А╨║╨╕.  ╨Т╨║╨╗╤О╤З╨╡╨╜╨╜╤Л╨╡ ╤Д╨░╨╣╨╗╤Л тАФ C:\Users\KusokMedi\Documents\GitHub\BetterShowcase\build\_deps\bindings-src\bindings\2.2081\inline\CCEaseIn.cpp, C:\Users\KusokMedi\Documents\GitHub\BetterShowcase\build\bindings\bindings\Geode\source\CCEaseIn.cpp. [C:\Users\KusokMedi\Documents\GitHub\BetterShowcase\build\bindings\GeodeBindings.vcxproj]
C:\Program Files (x86)\Microsoft Visual Studio\2022\BuildTools\MSBuild\Microsoft\VC\v170\Microsoft.CppBuild.targets(1129,5): warning MSB8027: ╨┤╨▓╨░ ╨╕╨╗╨╕ ╨▒╨╛╨╗╨╡╨╡ ╤Д╨░╨╣╨╗╨╛╨▓ ╤Б ╨╕╨╝╨╡╨╜╨╡╨╝ CCEaseInOut.cpp ╨▓╤Л╨▓╨╛╨┤╤П╤В ╤А╨╡╨╖╤Г╨╗╤М╤В╨░╤В╤Л ╨▓ ╨╛╨┤╨╜╨╛ ╨╕ ╤В╨╛ ╨╢╨╡ ╤А╨░╤Б╨┐╨╛╨╗╨╛╨╢╨╡╨╜╨╕╨╡. ╨н╤В╨╛ ╨╝╨╛╨╢╨╡╤В ╤Б╤В╨░╤В╤М ╨┐╤А╨╕╤З╨╕╨╜╨╛╨╣ ╨╜╨╡╨▓╨╡╤А╨╜╨╛╨│╨╛ ╤А╨╡╨╖╤Г╨╗╤М╤В╨░╤В╨░ ╤Б╨▒╨╛╤А╨║╨╕.  ╨Т╨║╨╗╤О╤З╨╡╨╜╨╜╤Л╨╡ ╤Д╨░╨╣╨╗╤Л тАФ C:\Users\KusokMedi\Documents\GitHub\BetterShowcase\build\_deps\bindings-src\bindings\2.2081\inline\CCEaseInOut.cpp, C:\Users\KusokMedi\Documents\GitHub\BetterShowcase\build\bindings\bindings\Geode\source\CCEaseInOut.cpp. [C:\Users\KusokMedi\Documents\GitHub\BetterShowcase\build\bindings\GeodeBindings.vcxproj]
C:\Program Files (x86)\Microsoft Visual Studio\2022\BuildTools\MSBuild\Microsoft\VC\v170\Microsoft.CppBuild.targets(1129,5): warning MSB8027: ╨┤╨▓╨░ ╨╕╨╗╨╕ ╨▒╨╛╨╗╨╡╨╡ ╤Д╨░╨╣╨╗╨╛╨▓ ╤Б ╨╕╨╝╨╡╨╜╨╡╨╝ CCEaseOut.cpp ╨▓╤Л╨▓╨╛╨┤╤П╤В ╤А╨╡╨╖╤Г╨╗╤М╤В╨░╤В╤Л ╨▓ ╨╛╨┤╨╜╨╛ ╨╕ ╤В╨╛ ╨╢╨╡ ╤А╨░╤Б╨┐╨╛╨╗╨╛╨╢╨╡╨╜╨╕╨╡. ╨н╤В╨╛ ╨╝╨╛╨╢╨╡╤В ╤Б╤В╨░╤В╤М ╨┐╤А╨╕╤З╨╕╨╜╨╛╨╣ ╨╜╨╡╨▓╨╡╤А╨╜╨╛╨│╨╛ ╤А╨╡╨╖╤Г╨╗╤М╤В╨░╤В╨░ ╤Б╨▒╨╛╤А╨║╨╕.  ╨Т╨║╨╗╤О╤З╨╡╨╜╨╜╤Л╨╡ ╤Д╨░╨╣╨╗╤Л тАФ C:\Users\KusokMedi\Documents\GitHub\BetterShowcase\build\_deps\bindings-src\bindings\2.2081\inline\CCEaseOut.cpp, C:\Users\KusokMedi\Documents\GitHub\BetterShowcase\build\bindings\bindings\Geode\source\CCEaseOut.cpp. [C:\Users\KusokMedi\Documents\GitHub\BetterShowcase\build\bindings\GeodeBindings.vcxproj]
C:\Program Files (x86)\Microsoft Visual Studio\2022\BuildTools\MSBuild\Microsoft\VC\v170\Microsoft.CppBuild.targets(1129,5): warning MSB8027: ╨┤╨▓╨░ ╨╕╨╗╨╕ ╨▒╨╛╨╗╨╡╨╡ ╤Д╨░╨╣╨╗╨╛╨▓ ╤Б ╨╕╨╝╨╡╨╜╨╡╨╝ CCEaseRateAction.cpp ╨▓╤Л╨▓╨╛╨┤╤П╤В ╤А╨╡╨╖╤Г╨╗╤М╤В╨░╤В╤Л ╨▓ ╨╛╨┤╨╜╨╛ ╨╕ ╤В╨╛ ╨╢╨╡ ╤А╨░╤Б╨┐╨╛╨╗╨╛╨╢╨╡╨╜╨╕╨╡. ╨н╤В╨╛ ╨╝╨╛╨╢╨╡╤В ╤Б╤В╨░╤В╤М ╨┐╤А╨╕╤З╨╕╨╜╨╛╨╣ ╨╜╨╡╨▓╨╡╤А╨╜╨╛╨│╨╛ ╤А╨╡╨╖╤Г╨╗╤М╤В╨░╤В╨░ ╤Б╨▒╨╛╤А╨║╨╕.  ╨Т╨║╨╗╤О╤З╨╡╨╜╨╜╤Л╨╡ ╤Д╨░╨╣╨╗╤Л тАФ C:\Users\KusokMedi\Documents\GitHub\BetterShowcase\build\_deps\bindings-src\bindings\2.2081\inline\CCEaseRateAction.cpp, C:\Users\KusokMedi\Documents\GitHub\BetterShowcase\build\bindings\bindings\Geode\source\CCEaseRateAction.cpp. [C:\Users\KusokMedi\Documents\GitHub\BetterShowcase\build\bindings\GeodeBindings.vcxproj]
C:\Program Files (x86)\Microsoft Visual Studio\2022\BuildTools\MSBuild\Microsoft\VC\v170\Microsoft.CppBuild.targets(1129,5): warning MSB8027: ╨┤╨▓╨░ ╨╕╨╗╨╕ ╨▒╨╛╨╗╨╡╨╡ ╤Д╨░╨╣╨╗╨╛╨▓ ╤Б ╨╕╨╝╨╡╨╜╨╡╨╝ CCEaseSineIn.cpp ╨▓╤Л╨▓╨╛╨┤╤П╤В ╤А╨╡╨╖╤Г╨╗╤М╤В╨░╤В╤Л ╨▓ ╨╛╨┤╨╜╨╛ ╨╕ ╤В╨╛ ╨╢╨╡ ╤А╨░╤Б╨┐╨╛╨╗╨╛╨╢╨╡╨╜╨╕╨╡. ╨н╤В╨╛ ╨╝╨╛╨╢╨╡╤В ╤Б╤В╨░╤В╤М ╨┐╤А╨╕╤З╨╕╨╜╨╛╨╣ ╨╜╨╡╨▓╨╡╤А╨╜╨╛╨│╨╛ ╤А╨╡╨╖╤Г╨╗╤М╤В╨░╤В╨░ ╤Б╨▒╨╛╤А╨║╨╕.  ╨Т╨║╨╗╤О╤З╨╡╨╜╨╜╤Л╨╡ ╤Д╨░╨╣╨╗╤Л тАФ C:\Users\KusokMedi\Documents\GitHub\BetterShowcase\build\_deps\bindings-src\bindings\2.2081\inline\CCEaseSineIn.cpp, C:\Users\KusokMedi\Documents\GitHub\BetterShowcase\build\bindings\bindings\Geode\source\CCEaseSineIn.cpp. [C:\Users\KusokMedi\Documents\GitHub\BetterShowcase\build\bindings\GeodeBindings.vcxproj]
C:\Program Files (x86)\Microsoft Visual Studio\2022\BuildTools\MSBuild\Microsoft\VC\v170\Microsoft.CppBuild.targets(1129,5): warning MSB8027: ╨┤╨▓╨░ ╨╕╨╗╨╕ ╨▒╨╛╨╗╨╡╨╡ ╤Д╨░╨╣╨╗╨╛╨▓ ╤Б ╨╕╨╝╨╡╨╜╨╡╨╝ CCEaseSineInOut.cpp ╨▓╤Л╨▓╨╛╨┤╤П╤В ╤А╨╡╨╖╤Г╨╗╤М╤В╨░╤В╤Л ╨▓ ╨╛╨┤╨╜╨╛ ╨╕ ╤В╨╛ ╨╢╨╡ ╤А╨░╤Б╨┐╨╛╨╗╨╛╨╢╨╡╨╜╨╕╨╡. ╨н╤В╨╛ ╨╝╨╛╨╢╨╡╤В ╤Б╤В╨░╤В╤М ╨┐╤А╨╕╤З╨╕╨╜╨╛╨╣ ╨╜╨╡╨▓╨╡╤А╨╜╨╛╨│╨╛ ╤А╨╡╨╖╤Г╨╗╤М╤В╨░╤В╨░ ╤Б╨▒╨╛╤А╨║╨╕.  ╨Т╨║╨╗╤О╤З╨╡╨╜╨╜╤Л╨╡ ╤Д╨░╨╣╨╗╤Л тАФ C:\Users\KusokMedi\Documents\GitHub\BetterShowcase\build\_deps\bindings-src\bindings\2.2081\inline\CCEaseSineInOut.cpp, C:\Users\KusokMedi\Documents\GitHub\BetterShowcase\build\bindings\bindings\Geode\source\CCEaseSineInOut.cpp. [C:\Users\KusokMedi\Documents\GitHub\BetterShowcase\build\bindings\GeodeBindings.vcxproj]
C:\Program Files (x86)\Microsoft Visual Studio\2022\BuildTools\MSBuild\Microsoft\VC\v170\Microsoft.CppBuild.targets(1129,5): warning MSB8027: ╨┤╨▓╨░ ╨╕╨╗╨╕ ╨▒╨╛╨╗╨╡╨╡ ╤Д╨░╨╣╨╗╨╛╨▓ ╤Б ╨╕╨╝╨╡╨╜╨╡╨╝ CCEaseSineOut.cpp ╨▓╤Л╨▓╨╛╨┤╤П╤В ╤А╨╡╨╖╤Г╨╗╤М╤В╨░╤В╤Л ╨▓ ╨╛╨┤╨╜╨╛ ╨╕ ╤В╨╛ ╨╢╨╡ ╤А╨░╤Б╨┐╨╛╨╗╨╛╨╢╨╡╨╜╨╕╨╡. ╨н╤В╨╛ ╨╝╨╛╨╢╨╡╤В ╤Б╤В╨░╤В╤М ╨┐╤А╨╕╤З╨╕╨╜╨╛╨╣ ╨╜╨╡╨▓╨╡╤А╨╜╨╛╨│╨╛ ╤А╨╡╨╖╤Г╨╗╤М╤В╨░╤В╨░ ╤Б╨▒╨╛╤А╨║╨╕.  ╨Т╨║╨╗╤О╤З╨╡╨╜╨╜╤Л╨╡ ╤Д╨░╨╣╨╗╤Л тАФ C:\Users\KusokMedi\Documents\GitHub\BetterShowcase\build\_deps\bindings-src\bindings\2.2081\inline\CCEaseSineOut.cpp, C:\Users\KusokMedi\Documents\GitHub\BetterShowcase\build\bindings\bindings\Geode\source\CCEaseSineOut.cpp. [C:\Users\KusokMedi\Documents\GitHub\BetterShowcase\build\bindings\GeodeBindings.vcxproj]
C:\Program Files (x86)\Microsoft Visual Studio\2022\BuildTools\MSBuild\Microsoft\VC\v170\Microsoft.CppBuild.targets(1129,5): warning MSB8027: ╨┤╨▓╨░ ╨╕╨╗╨╕ ╨▒╨╛╨╗╨╡╨╡ ╤Д╨░╨╣╨╗╨╛╨▓ ╤Б ╨╕╨╝╨╡╨╜╨╡╨╝ CCEditBox.cpp ╨▓╤Л╨▓╨╛╨┤╤П╤В ╤А╨╡╨╖╤Г╨╗╤М╤В╨░╤В╤Л ╨▓ ╨╛╨┤╨╜╨╛ ╨╕ ╤В╨╛ ╨╢╨╡ ╤А╨░╤Б╨┐╨╛╨╗╨╛╨╢╨╡╨╜╨╕╨╡. ╨н╤В╨╛ ╨╝╨╛╨╢╨╡╤В ╤Б╤В╨░╤В╤М ╨┐╤А╨╕╤З╨╕╨╜╨╛╨╣ ╨╜╨╡╨▓╨╡╤А╨╜╨╛╨│╨╛ ╤А╨╡╨╖╤Г╨╗╤М╤В╨░╤В╨░ ╤Б╨▒╨╛╤А╨║╨╕.  ╨Т╨║╨╗╤О╤З╨╡╨╜╨╜╤Л╨╡ ╤Д╨░╨╣╨╗╤Л тАФ C:\Users\KusokMedi\Documents\GitHub\BetterShowcase\build\_deps\bindings-src\bindings\2.2081\inline\CCEditBox.cpp, C:\Users\KusokMedi\Documents\GitHub\BetterShowcase\build\bindings\bindings\Geode\source\CCEditBox.cpp. [C:\Users\KusokMedi\Documents\GitHub\BetterShowcase\build\bindings\GeodeBindings.vcxproj]
C:\Program Files (x86)\Microsoft Visual Studio\2022\BuildTools\MSBuild\Microsoft\VC\v170\Microsoft.CppBuild.targets(1129,5): warning MSB8027: ╨┤╨▓╨░ ╨╕╨╗╨╕ ╨▒╨╛╨╗╨╡╨╡ ╤Д╨░╨╣╨╗╨╛╨▓ ╤Б ╨╕╨╝╨╡╨╜╨╡╨╝ CCExtenderNode.cpp ╨▓╤Л╨▓╨╛╨┤╤П╤В ╤А╨╡╨╖╤Г╨╗╤М╤В╨░╤В╤Л ╨▓ ╨╛╨┤╨╜╨╛ ╨╕ ╤В╨╛ ╨╢╨╡ ╤А╨░╤Б╨┐╨╛╨╗╨╛╨╢╨╡╨╜╨╕╨╡. ╨н╤В╨╛ ╨╝╨╛╨╢╨╡╤В ╤Б╤В╨░╤В╤М ╨┐╤А╨╕╤З╨╕╨╜╨╛╨╣ ╨╜╨╡╨▓╨╡╤А╨╜╨╛╨│╨╛ ╤А╨╡╨╖╤Г╨╗╤М╤В╨░╤В╨░ ╤Б╨▒╨╛╤А╨║╨╕.  ╨Т╨║╨╗╤О╤З╨╡╨╜╨╜╤Л╨╡ ╤Д╨░╨╣╨╗╤Л тАФ C:\Users\KusokMedi\Documents\GitHub\BetterShowcase\build\_deps\bindings-src\bindings\2.2081\inline\CCExtenderNode.cpp, C:\Users\KusokMedi\Documents\GitHub\BetterShowcase\build\bindings\bindings\Geode\source\CCExtenderNode.cpp. [C:\Users\KusokMedi\Documents\GitHub\BetterShowcase\build\bindings\GeodeBindings.vcxproj]
C:\Program Files (x86)\Microsoft Visual Studio\2022\BuildTools\MSBuild\Microsoft\VC\v170\Microsoft.CppBuild.targets(1129,5): warning MSB8027: ╨┤╨▓╨░ ╨╕╨╗╨╕ ╨▒╨╛╨╗╨╡╨╡ ╤Д╨░╨╣╨╗╨╛╨▓ ╤Б ╨╕╨╝╨╡╨╜╨╡╨╝ CCFadeIn.cpp ╨▓╤Л╨▓╨╛╨┤╤П╤В ╤А╨╡╨╖╤Г╨╗╤М╤В╨░╤В╤Л ╨▓ ╨╛╨┤╨╜╨╛ ╨╕ ╤В╨╛ ╨╢╨╡ ╤А╨░╤Б╨┐╨╛╨╗╨╛╨╢╨╡╨╜╨╕╨╡. ╨н╤В╨╛ ╨╝╨╛╨╢╨╡╤В ╤Б╤В╨░╤В╤М ╨┐╤А╨╕╤З╨╕╨╜╨╛╨╣ ╨╜╨╡╨▓╨╡╤А╨╜╨╛╨│╨╛ ╤А╨╡╨╖╤Г╨╗╤М╤В╨░╤В╨░ ╤Б╨▒╨╛╤А╨║╨╕.  ╨Т╨║╨╗╤О╤З╨╡╨╜╨╜╤Л╨╡ ╤Д╨░╨╣╨╗╤Л тАФ C:\Users\KusokMedi\Documents\GitHub\BetterShowcase\build\_deps\bindings-src\bindings\2.2081\inline\CCFadeIn.cpp, C:\Users\KusokMedi\Documents\GitHub\BetterShowcase\build\bindings\bindings\Geode\source\CCFadeIn.cpp. [C:\Users\KusokMedi\Documents\GitHub\BetterShowcase\build\bindings\GeodeBindings.vcxproj]
C:\Program Files (x86)\Microsoft Visual Studio\2022\BuildTools\MSBuild\Microsoft\VC\v170\Microsoft.CppBuild.targets(1129,5): warning MSB8027: ╨┤╨▓╨░ ╨╕╨╗╨╕ ╨▒╨╛╨╗╨╡╨╡ ╤Д╨░╨╣╨╗╨╛╨▓ ╤Б ╨╕╨╝╨╡╨╜╨╡╨╝ CCFadeOut.cpp ╨▓╤Л╨▓╨╛╨┤╤П╤В ╤А╨╡╨╖╤Г╨╗╤М╤В╨░╤В╤Л ╨▓ ╨╛╨┤╨╜╨╛ ╨╕ ╤В╨╛ ╨╢╨╡ ╤А╨░╤Б╨┐╨╛╨╗╨╛╨╢╨╡╨╜╨╕╨╡. ╨н╤В╨╛ ╨╝╨╛╨╢╨╡╤В ╤Б╤В╨░╤В╤М ╨┐╤А╨╕╤З╨╕╨╜╨╛╨╣ ╨╜╨╡╨▓╨╡╤А╨╜╨╛╨│╨╛ ╤А╨╡╨╖╤Г╨╗╤М╤В╨░╤В╨░ ╤Б╨▒╨╛╤А╨║╨╕.  ╨Т╨║╨╗╤О╤З╨╡╨╜╨╜╤Л╨╡ ╤Д╨░╨╣╨╗╤Л тАФ C:\Users\KusokMedi\Documents\GitHub\BetterShowcase\build\_deps\bindings-src\bindings\2.2081\inline\CCFadeOut.cpp, C:\Users\KusokMedi\Documents\GitHub\BetterShowcase\build\bindings\bindings\Geode\source\CCFadeOut.cpp. [C:\Users\KusokMedi\Documents\GitHub\BetterShowcase\build\bindings\GeodeBindings.vcxproj]
C:\Program Files (x86)\Microsoft Visual Studio\2022\BuildTools\MSBuild\Microsoft\VC\v170\Microsoft.CppBuild.targets(1129,5): warning MSB8027: ╨┤╨▓╨░ ╨╕╨╗╨╕ ╨▒╨╛╨╗╨╡╨╡ ╤Д╨░╨╣╨╗╨╛╨▓ ╤Б ╨╕╨╝╨╡╨╜╨╡╨╝ CCFadeOutBLTiles.cpp ╨▓╤Л╨▓╨╛╨┤╤П╤В ╤А╨╡╨╖╤Г╨╗╤М╤В╨░╤В╤Л ╨▓ ╨╛╨┤╨╜╨╛ ╨╕ ╤В╨╛ ╨╢╨╡ ╤А╨░╤Б╨┐╨╛╨╗╨╛╨╢╨╡╨╜╨╕╨╡. ╨н╤В╨╛ ╨╝╨╛╨╢╨╡╤В ╤Б╤В╨░╤В╤М ╨┐╤А╨╕╤З╨╕╨╜╨╛╨╣ ╨╜╨╡╨▓╨╡╤А╨╜╨╛╨│╨╛ ╤А╨╡╨╖╤Г╨╗╤М╤В╨░╤В╨░ ╤Б╨▒╨╛╤А╨║╨╕.  ╨Т╨║╨╗╤О╤З╨╡╨╜╨╜╤Л╨╡ ╤Д╨░╨╣╨╗╤Л тАФ C:\Users\KusokMedi\Documents\GitHub\BetterShowcase\build\_deps\bindings-src\bindings\2.2081\inline\CCFadeOutBLTiles.cpp, C:\Users\KusokMedi\Documents\GitHub\BetterShowcase\build\bindings\bindings\Geode\source\CCFadeOutBLTiles.cpp. [C:\Users\KusokMedi\Documents\GitHub\BetterShowcase\build\bindings\GeodeBindings.vcxproj]
C:\Program Files (x86)\Microsoft Visual Studio\2022\BuildTools\MSBuild\Microsoft\VC\v170\Microsoft.CppBuild.targets(1129,5): warning MSB8027: ╨┤╨▓╨░ ╨╕╨╗╨╕ ╨▒╨╛╨╗╨╡╨╡ ╤Д╨░╨╣╨╗╨╛╨▓ ╤Б ╨╕╨╝╨╡╨╜╨╡╨╝ CCFadeOutDownTiles.cpp ╨▓╤Л╨▓╨╛╨┤╤П╤В ╤А╨╡╨╖╤Г╨╗╤М╤В╨░╤В╤Л ╨▓ ╨╛╨┤╨╜╨╛ ╨╕ ╤В╨╛ ╨╢╨╡ ╤А╨░╤Б╨┐╨╛╨╗╨╛╨╢╨╡╨╜╨╕╨╡. ╨н╤В╨╛ ╨╝╨╛╨╢╨╡╤В ╤Б╤В╨░╤В╤М ╨┐╤А╨╕╤З╨╕╨╜╨╛╨╣ ╨╜╨╡╨▓╨╡╤А╨╜╨╛╨│╨╛ ╤А╨╡╨╖╤Г╨╗╤М╤В╨░╤В╨░ ╤Б╨▒╨╛╤А╨║╨╕.  ╨Т╨║╨╗╤О╤З╨╡╨╜╨╜╤Л╨╡ ╤Д╨░╨╣╨╗╤Л тАФ C:\Users\KusokMedi\Documents\GitHub\BetterShowcase\build\_deps\bindings-src\bindings\2.2081\inline\CCFadeOutDownTiles.cpp, C:\Users\KusokMedi\Documents\GitHub\BetterShowcase\build\bindings\bindings\Geode\source\CCFadeOutDownTiles.cpp. [C:\Users\KusokMedi\Documents\GitHub\BetterShowcase\build\bindings\GeodeBindings.vcxproj]
C:\Program Files (x86)\Microsoft Visual Studio\2022\BuildTools\MSBuild\Microsoft\VC\v170\Microsoft.CppBuild.targets(1129,5): warning MSB8027: ╨┤╨▓╨░ ╨╕╨╗╨╕ ╨▒╨╛╨╗╨╡╨╡ ╤Д╨░╨╣╨╗╨╛╨▓ ╤Б ╨╕╨╝╨╡╨╜╨╡╨╝ CCFadeOutTRTiles.cpp ╨▓╤Л╨▓╨╛╨┤╤П╤В ╤А╨╡╨╖╤Г╨╗╤М╤В╨░╤В╤Л ╨▓ ╨╛╨┤╨╜╨╛ ╨╕ ╤В╨╛ ╨╢╨╡ ╤А╨░╤Б╨┐╨╛╨╗╨╛╨╢╨╡╨╜╨╕╨╡. ╨н╤В╨╛ ╨╝╨╛╨╢╨╡╤В ╤Б╤В╨░╤В╤М ╨┐╤А╨╕╤З╨╕╨╜╨╛╨╣ ╨╜╨╡╨▓╨╡╤А╨╜╨╛╨│╨╛ ╤А╨╡╨╖╤Г╨╗╤М╤В╨░╤В╨░ ╤Б╨▒╨╛╤А╨║╨╕.  ╨Т╨║╨╗╤О╤З╨╡╨╜╨╜╤Л╨╡ ╤Д╨░╨╣╨╗╤Л тАФ C:\Users\KusokMedi\Documents\GitHub\BetterShowcase\build\_deps\bindings-src\bindings\2.2081\inline\CCFadeOutTRTiles.cpp, C:\Users\KusokMedi\Documents\GitHub\BetterShowcase\build\bindings\bindings\Geode\source\CCFadeOutTRTiles.cpp. [C:\Users\KusokMedi\Documents\GitHub\BetterShowcase\build\bindings\GeodeBindings.vcxproj]
C:\Program Files (x86)\Microsoft Visual Studio\2022\BuildTools\MSBuild\Microsoft\VC\v170\Microsoft.CppBuild.targets(1129,5): warning MSB8027: ╨┤╨▓╨░ ╨╕╨╗╨╕ ╨▒╨╛╨╗╨╡╨╡ ╤Д╨░╨╣╨╗╨╛╨▓ ╤Б ╨╕╨╝╨╡╨╜╨╡╨╝ CCFadeOutUpTiles.cpp ╨▓╤Л╨▓╨╛╨┤╤П╤В ╤А╨╡╨╖╤Г╨╗╤М╤В╨░╤В╤Л ╨▓ ╨╛╨┤╨╜╨╛ ╨╕ ╤В╨╛ ╨╢╨╡ ╤А╨░╤Б╨┐╨╛╨╗╨╛╨╢╨╡╨╜╨╕╨╡. ╨н╤В╨╛ ╨╝╨╛╨╢╨╡╤В ╤Б╤В╨░╤В╤М ╨┐╤А╨╕╤З╨╕╨╜╨╛╨╣ ╨╜╨╡╨▓╨╡╤А╨╜╨╛╨│╨╛ ╤А╨╡╨╖╤Г╨╗╤М╤В╨░╤В╨░ ╤Б╨▒╨╛╤А╨║╨╕.  ╨Т╨║╨╗╤О╤З╨╡╨╜╨╜╤Л╨╡ ╤Д╨░╨╣╨╗╤Л тАФ C:\Users\KusokMedi\Documents\GitHub\BetterShowcase\build\_deps\bindings-src\bindings\2.2081\inline\CCFadeOutUpTiles.cpp, C:\Users\KusokMedi\Documents\GitHub\BetterShowcase\build\bindings\bindings\Geode\source\CCFadeOutUpTiles.cpp. [C:\Users\KusokMedi\Documents\GitHub\BetterShowcase\build\bindings\GeodeBindings.vcxproj]
C:\Program Files (x86)\Microsoft Visual Studio\2022\BuildTools\MSBuild\Microsoft\VC\v170\Microsoft.CppBuild.targets(1129,5): warning MSB8027: ╨┤╨▓╨░ ╨╕╨╗╨╕ ╨▒╨╛╨╗╨╡╨╡ ╤Д╨░╨╣╨╗╨╛╨▓ ╤Б ╨╕╨╝╨╡╨╜╨╡╨╝ CCFadeTo.cpp ╨▓╤Л╨▓╨╛╨┤╤П╤В ╤А╨╡╨╖╤Г╨╗╤М╤В╨░╤В╤Л ╨▓ ╨╛╨┤╨╜╨╛ ╨╕ ╤В╨╛ ╨╢╨╡ ╤А╨░╤Б╨┐╨╛╨╗╨╛╨╢╨╡╨╜╨╕╨╡. ╨н╤В╨╛ ╨╝╨╛╨╢╨╡╤В ╤Б╤В╨░╤В╤М ╨┐╤А╨╕╤З╨╕╨╜╨╛╨╣ ╨╜╨╡╨▓╨╡╤А╨╜╨╛╨│╨╛ ╤А╨╡╨╖╤Г╨╗╤М╤В╨░╤В╨░ ╤Б╨▒╨╛╤А╨║╨╕.  ╨Т╨║╨╗╤О╤З╨╡╨╜╨╜╤Л╨╡ ╤Д╨░╨╣╨╗╤Л тАФ C:\Users\KusokMedi\Documents\GitHub\BetterShowcase\build\_deps\bindings-src\bindings\2.2081\inline\CCFadeTo.cpp, C:\Users\KusokMedi\Documents\GitHub\BetterShowcase\build\bindings\bindings\Geode\source\CCFadeTo.cpp. [C:\Users\KusokMedi\Documents\GitHub\BetterShowcase\build\bindings\GeodeBindings.vcxproj]
C:\Program Files (x86)\Microsoft Visual Studio\2022\BuildTools\MSBuild\Microsoft\VC\v170\Microsoft.CppBuild.targets(1129,5): warning MSB8027: ╨┤╨▓╨░ ╨╕╨╗╨╕ ╨▒╨╛╨╗╨╡╨╡ ╤Д╨░╨╣╨╗╨╛╨▓ ╤Б ╨╕╨╝╨╡╨╜╨╡╨╝ CCFileUtils.cpp ╨▓╤Л╨▓╨╛╨┤╤П╤В ╤А╨╡╨╖╤Г╨╗╤М╤В╨░╤В╤Л ╨▓ ╨╛╨┤╨╜╨╛ ╨╕ ╤В╨╛ ╨╢╨╡ ╤А╨░╤Б╨┐╨╛╨╗╨╛╨╢╨╡╨╜╨╕╨╡. ╨н╤В╨╛ ╨╝╨╛╨╢╨╡╤В ╤Б╤В╨░╤В╤М ╨┐╤А╨╕╤З╨╕╨╜╨╛╨╣ ╨╜╨╡╨▓╨╡╤А╨╜╨╛╨│╨╛ ╤А╨╡╨╖╤Г╨╗╤М╤В╨░╤В╨░ ╤Б╨▒╨╛╤А╨║╨╕.  ╨Т╨║╨╗╤О╤З╨╡╨╜╨╜╤Л╨╡ ╤Д╨░╨╣╨╗╤Л тАФ C:\Users\KusokMedi\Documents\GitHub\BetterShowcase\build\_deps\bindings-src\bindings\2.2081\inline\CCFileUtils.cpp, C:\Users\KusokMedi\Documents\GitHub\BetterShowcase\build\bindings\bindings\Geode\source\CCFileUtils.cpp. [C:\Users\KusokMedi\Documents\GitHub\BetterShowcase\build\bindings\GeodeBindings.vcxproj]
C:\Program Files (x86)\Microsoft Visual Studio\2022\BuildTools\MSBuild\Microsoft\VC\v170\Microsoft.CppBuild.targets(1129,5): warning MSB8027: ╨┤╨▓╨░ ╨╕╨╗╨╕ ╨▒╨╛╨╗╨╡╨╡ ╤Д╨░╨╣╨╗╨╛╨▓ ╤Б ╨╕╨╝╨╡╨╜╨╡╨╝ CCFiniteTimeAction.cpp ╨▓╤Л╨▓╨╛╨┤╤П╤В ╤А╨╡╨╖╤Г╨╗╤М╤В╨░╤В╤Л ╨▓ ╨╛╨┤╨╜╨╛ ╨╕ ╤В╨╛ ╨╢╨╡ ╤А╨░╤Б╨┐╨╛╨╗╨╛╨╢╨╡╨╜╨╕╨╡. ╨н╤В╨╛ ╨╝╨╛╨╢╨╡╤В ╤Б╤В╨░╤В╤М ╨┐╤А╨╕╤З╨╕╨╜╨╛╨╣ ╨╜╨╡╨▓╨╡╤А╨╜╨╛╨│╨╛ ╤А╨╡╨╖╤Г╨╗╤М╤В╨░╤В╨░ ╤Б╨▒╨╛╤А╨║╨╕.  ╨Т╨║╨╗╤О╤З╨╡╨╜╨╜╤Л╨╡ ╤Д╨░╨╣╨╗╤Л тАФ C:\Users\KusokMedi\Documents\GitHub\BetterShowcase\build\_deps\bindings-src\bindings\2.2081\inline\CCFiniteTimeAction.cpp, C:\Users\KusokMedi\Documents\GitHub\BetterShowcase\build\bindings\bindings\Geode\source\CCFiniteTimeAction.cpp. [C:\Users\KusokMedi\Documents\GitHub\BetterShowcase\build\bindings\GeodeBindings.vcxproj]
C:\Program Files (x86)\Microsoft Visual Studio\2022\BuildTools\MSBuild\Microsoft\VC\v170\Microsoft.CppBuild.targets(1129,5): warning MSB8027: ╨┤╨▓╨░ ╨╕╨╗╨╕ ╨▒╨╛╨╗╨╡╨╡ ╤Д╨░╨╣╨╗╨╛╨▓ ╤Б ╨╕╨╝╨╡╨╜╨╡╨╝ CCFlipX.cpp ╨▓╤Л╨▓╨╛╨┤╤П╤В ╤А╨╡╨╖╤Г╨╗╤М╤В╨░╤В╤Л ╨▓ ╨╛╨┤╨╜╨╛ ╨╕ ╤В╨╛ ╨╢╨╡ ╤А╨░╤Б╨┐╨╛╨╗╨╛╨╢╨╡╨╜╨╕╨╡. ╨н╤В╨╛ ╨╝╨╛╨╢╨╡╤В ╤Б╤В╨░╤В╤М ╨┐╤А╨╕╤З╨╕╨╜╨╛╨╣ ╨╜╨╡╨▓╨╡╤А╨╜╨╛╨│╨╛ ╤А╨╡╨╖╤Г╨╗╤М╤В╨░╤В╨░ ╤Б╨▒╨╛╤А╨║╨╕.  ╨Т╨║╨╗╤О╤З╨╡╨╜╨╜╤Л╨╡ ╤Д╨░╨╣╨╗╤Л тАФ C:\Users\KusokMedi\Documents\GitHub\BetterShowcase\build\_deps\bindings-src\bindings\2.2081\inline\CCFlipX.cpp, C:\Users\KusokMedi\Documents\GitHub\BetterShowcase\build\bindings\bindings\Geode\source\CCFlipX.cpp. [C:\Users\KusokMedi\Documents\GitHub\BetterShowcase\build\bindings\GeodeBindings.vcxproj]
C:\Program Files (x86)\Microsoft Visual Studio\2022\BuildTools\MSBuild\Microsoft\VC\v170\Microsoft.CppBuild.targets(1129,5): warning MSB8027: ╨┤╨▓╨░ ╨╕╨╗╨╕ ╨▒╨╛╨╗╨╡╨╡ ╤Д╨░╨╣╨╗╨╛╨▓ ╤Б ╨╕╨╝╨╡╨╜╨╡╨╝ CCFlipX3D.cpp ╨▓╤Л╨▓╨╛╨┤╤П╤В ╤А╨╡╨╖╤Г╨╗╤М╤В╨░╤В╤Л ╨▓ ╨╛╨┤╨╜╨╛ ╨╕ ╤В╨╛ ╨╢╨╡ ╤А╨░╤Б╨┐╨╛╨╗╨╛╨╢╨╡╨╜╨╕╨╡. ╨н╤В╨╛ ╨╝╨╛╨╢╨╡╤В ╤Б╤В╨░╤В╤М ╨┐╤А╨╕╤З╨╕╨╜╨╛╨╣ ╨╜╨╡╨▓╨╡╤А╨╜╨╛╨│╨╛ ╤А╨╡╨╖╤Г╨╗╤М╤В╨░╤В╨░ ╤Б╨▒╨╛╤А╨║╨╕.  ╨Т╨║╨╗╤О╤З╨╡╨╜╨╜╤Л╨╡ ╤Д╨░╨╣╨╗╤Л тАФ C:\Users\KusokMedi\Documents\GitHub\BetterShowcase\build\_deps\bindings-src\bindings\2.2081\inline\CCFlipX3D.cpp, C:\Users\KusokMedi\Documents\GitHub\BetterShowcase\build\bindings\bindings\Geode\source\CCFlipX3D.cpp. [C:\Users\KusokMedi\Documents\GitHub\BetterShowcase\build\bindings\GeodeBindings.vcxproj]
C:\Program Files (x86)\Microsoft Visual Studio\2022\BuildTools\MSBuild\Microsoft\VC\v170\Microsoft.CppBuild.targets(1129,5): warning MSB8027: ╨┤╨▓╨░ ╨╕╨╗╨╕ ╨▒╨╛╨╗╨╡╨╡ ╤Д╨░╨╣╨╗╨╛╨▓ ╤Б ╨╕╨╝╨╡╨╜╨╡╨╝ CCFlipY.cpp ╨▓╤Л╨▓╨╛╨┤╤П╤В ╤А╨╡╨╖╤Г╨╗╤М╤В╨░╤В╤Л ╨▓ ╨╛╨┤╨╜╨╛ ╨╕ ╤В╨╛ ╨╢╨╡ ╤А╨░╤Б╨┐╨╛╨╗╨╛╨╢╨╡╨╜╨╕╨╡. ╨н╤В╨╛ ╨╝╨╛╨╢╨╡╤В ╤Б╤В╨░╤В╤М ╨┐╤А╨╕╤З╨╕╨╜╨╛╨╣ ╨╜╨╡╨▓╨╡╤А╨╜╨╛╨│╨╛ ╤А╨╡╨╖╤Г╨╗╤М╤В╨░╤В╨░ ╤Б╨▒╨╛╤А╨║╨╕.  ╨Т╨║╨╗╤О╤З╨╡╨╜╨╜╤Л╨╡ ╤Д╨░╨╣╨╗╤Л тАФ C:\Users\KusokMedi\Documents\GitHub\BetterShowcase\build\_deps\bindings-src\bindings\2.2081\inline\CCFlipY.cpp, C:\Users\KusokMedi\Documents\GitHub\BetterShowcase\build\bindings\bindings\Geode\source\CCFlipY.cpp. [C:\Users\KusokMedi\Documents\GitHub\BetterShowcase\build\bindings\GeodeBindings.vcxproj]
C:\Program Files (x86)\Microsoft Visual Studio\2022\BuildTools\MSBuild\Microsoft\VC\v170\Microsoft.CppBuild.targets(1129,5): warning MSB8027: ╨┤╨▓╨░ ╨╕╨╗╨╕ ╨▒╨╛╨╗╨╡╨╡ ╤Д╨░╨╣╨╗╨╛╨▓ ╤Б ╨╕╨╝╨╡╨╜╨╡╨╝ CCFlipY3D.cpp ╨▓╤Л╨▓╨╛╨┤╤П╤В ╤А╨╡╨╖╤Г╨╗╤М╤В╨░╤В╤Л ╨▓ ╨╛╨┤╨╜╨╛ ╨╕ ╤В╨╛ ╨╢╨╡ ╤А╨░╤Б╨┐╨╛╨╗╨╛╨╢╨╡╨╜╨╕╨╡. ╨н╤В╨╛ ╨╝╨╛╨╢╨╡╤В ╤Б╤В╨░╤В╤М ╨┐╤А╨╕╤З╨╕╨╜╨╛╨╣ ╨╜╨╡╨▓╨╡╤А╨╜╨╛╨│╨╛ ╤А╨╡╨╖╤Г╨╗╤М╤В╨░╤В╨░ ╤Б╨▒╨╛╤А╨║╨╕.  ╨Т╨║╨╗╤О╤З╨╡╨╜╨╜╤Л╨╡ ╤Д╨░╨╣╨╗╤Л тАФ C:\Users\KusokMedi\Documents\GitHub\BetterShowcase\build\_deps\bindings-src\bindings\2.2081\inline\CCFlipY3D.cpp, C:\Users\KusokMedi\Documents\GitHub\BetterShowcase\build\bindings\bindings\Geode\source\CCFlipY3D.cpp. [C:\Users\KusokMedi\Documents\GitHub\BetterShowcase\build\bindings\GeodeBindings.vcxproj]
C:\Program Files (x86)\Microsoft Visual Studio\2022\BuildTools\MSBuild\Microsoft\VC\v170\Microsoft.CppBuild.targets(1129,5): warning MSB8027: ╨┤╨▓╨░ ╨╕╨╗╨╕ ╨▒╨╛╨╗╨╡╨╡ ╤Д╨░╨╣╨╗╨╛╨▓ ╤Б ╨╕╨╝╨╡╨╜╨╡╨╝ CCFollow.cpp ╨▓╤Л╨▓╨╛╨┤╤П╤В ╤А╨╡╨╖╤Г╨╗╤М╤В╨░╤В╤Л ╨▓ ╨╛╨┤╨╜╨╛ ╨╕ ╤В╨╛ ╨╢╨╡ ╤А╨░╤Б╨┐╨╛╨╗╨╛╨╢╨╡╨╜╨╕╨╡. ╨н╤В╨╛ ╨╝╨╛╨╢╨╡╤В ╤Б╤В╨░╤В╤М ╨┐╤А╨╕╤З╨╕╨╜╨╛╨╣ ╨╜╨╡╨▓╨╡╤А╨╜╨╛╨│╨╛ ╤А╨╡╨╖╤Г╨╗╤М╤В╨░╤В╨░ ╤Б╨▒╨╛╤А╨║╨╕.  ╨Т╨║╨╗╤О╤З╨╡╨╜╨╜╤Л╨╡ ╤Д╨░╨╣╨╗╤Л тАФ C:\Users\KusokMedi\Documents\GitHub\BetterShowcase\build\_deps\bindings-src\bindings\2.2081\inline\CCFollow.cpp, C:\Users\KusokMedi\Documents\GitHub\BetterShowcase\build\bindings\bindings\Geode\source\CCFollow.cpp. [C:\Users\KusokMedi\Documents\GitHub\BetterShowcase\build\bindings\GeodeBindings.vcxproj]
C:\Program Files (x86)\Microsoft Visual Studio\2022\BuildTools\MSBuild\Microsoft\VC\v170\Microsoft.CppBuild.targets(1129,5): warning MSB8027: ╨┤╨▓╨░ ╨╕╨╗╨╕ ╨▒╨╛╨╗╨╡╨╡ ╤Д╨░╨╣╨╗╨╛╨▓ ╤Б ╨╕╨╝╨╡╨╜╨╡╨╝ CCGLProgram.cpp ╨▓╤Л╨▓╨╛╨┤╤П╤В ╤А╨╡╨╖╤Г╨╗╤М╤В╨░╤В╤Л ╨▓ ╨╛╨┤╨╜╨╛ ╨╕ ╤В╨╛ ╨╢╨╡ ╤А╨░╤Б╨┐╨╛╨╗╨╛╨╢╨╡╨╜╨╕╨╡. ╨н╤В╨╛ ╨╝╨╛╨╢╨╡╤В ╤Б╤В╨░╤В╤М ╨┐╤А╨╕╤З╨╕╨╜╨╛╨╣ ╨╜╨╡╨▓╨╡╤А╨╜╨╛╨│╨╛ ╤А╨╡╨╖╤Г╨╗╤М╤В╨░╤В╨░ ╤Б╨▒╨╛╤А╨║╨╕.  ╨Т╨║╨╗╤О╤З╨╡╨╜╨╜╤Л╨╡ ╤Д╨░╨╣╨╗╤Л тАФ C:\Users\KusokMedi\Documents\GitHub\BetterShowcase\build\_deps\bindings-src\bindings\2.2081\inline\CCGLProgram.cpp, C:\Users\KusokMedi\Documents\GitHub\BetterShowcase\build\bindings\bindings\Geode\source\CCGLProgram.cpp. [C:\Users\KusokMedi\Documents\GitHub\BetterShowcase\build\bindings\GeodeBindings.vcxproj]
C:\Program Files (x86)\Microsoft Visual Studio\2022\BuildTools\MSBuild\Microsoft\VC\v170\Microsoft.CppBuild.targets(1129,5): warning MSB8027: ╨┤╨▓╨░ ╨╕╨╗╨╕ ╨▒╨╛╨╗╨╡╨╡ ╤Д╨░╨╣╨╗╨╛╨▓ ╤Б ╨╕╨╝╨╡╨╜╨╡╨╝ CCGrabber.cpp ╨▓╤Л╨▓╨╛╨┤╤П╤В ╤А╨╡╨╖╤Г╨╗╤М╤В╨░╤В╤Л ╨▓ ╨╛╨┤╨╜╨╛ ╨╕ ╤В╨╛ ╨╢╨╡ ╤А╨░╤Б╨┐╨╛╨╗╨╛╨╢╨╡╨╜╨╕╨╡. ╨н╤В╨╛ ╨╝╨╛╨╢╨╡╤В ╤Б╤В╨░╤В╤М ╨┐╤А╨╕╤З╨╕╨╜╨╛╨╣ ╨╜╨╡╨▓╨╡╤А╨╜╨╛╨│╨╛ ╤А╨╡╨╖╤Г╨╗╤М╤В╨░╤В╨░ ╤Б╨▒╨╛╤А╨║╨╕.  ╨Т╨║╨╗╤О╤З╨╡╨╜╨╜╤Л╨╡ ╤Д╨░╨╣╨╗╤Л тАФ C:\Users\KusokMedi\Documents\GitHub\BetterShowcase\build\_deps\bindings-src\bindings\2.2081\inline\CCGrabber.cpp, C:\Users\KusokMedi\Documents\GitHub\BetterShowcase\build\bindings\bindings\Geode\source\CCGrabber.cpp. [C:\Users\KusokMedi\Documents\GitHub\BetterShowcase\build\bindings\GeodeBindings.vcxproj]
C:\Program Files (x86)\Microsoft Visual Studio\2022\BuildTools\MSBuild\Microsoft\VC\v170\Microsoft.CppBuild.targets(1129,5): warning MSB8027: ╨┤╨▓╨░ ╨╕╨╗╨╕ ╨▒╨╛╨╗╨╡╨╡ ╤Д╨░╨╣╨╗╨╛╨▓ ╤Б ╨╕╨╝╨╡╨╜╨╡╨╝ CCGrid3D.cpp ╨▓╤Л╨▓╨╛╨┤╤П╤В ╤А╨╡╨╖╤Г╨╗╤М╤В╨░╤В╤Л ╨▓ ╨╛╨┤╨╜╨╛ ╨╕ ╤В╨╛ ╨╢╨╡ ╤А╨░╤Б╨┐╨╛╨╗╨╛╨╢╨╡╨╜╨╕╨╡. ╨н╤В╨╛ ╨╝╨╛╨╢╨╡╤В ╤Б╤В╨░╤В╤М ╨┐╤А╨╕╤З╨╕╨╜╨╛╨╣ ╨╜╨╡╨▓╨╡╤А╨╜╨╛╨│╨╛ ╤А╨╡╨╖╤Г╨╗╤М╤В╨░╤В╨░ ╤Б╨▒╨╛╤А╨║╨╕.  ╨Т╨║╨╗╤О╤З╨╡╨╜╨╜╤Л╨╡ ╤Д╨░╨╣╨╗╤Л тАФ C:\Users\KusokMedi\Documents\GitHub\BetterShowcase\build\_deps\bindings-src\bindings\2.2081\inline\CCGrid3D.cpp, C:\Users\KusokMedi\Documents\GitHub\BetterShowcase\build\bindings\bindings\Geode\source\CCGrid3D.cpp. [C:\Users\KusokMedi\Documents\GitHub\BetterShowcase\build\bindings\GeodeBindings.vcxproj]
C:\Program Files (x86)\Microsoft Visual Studio\2022\BuildTools\MSBuild\Microsoft\VC\v170\Microsoft.CppBuild.targets(1129,5): warning MSB8027: ╨┤╨▓╨░ ╨╕╨╗╨╕ ╨▒╨╛╨╗╨╡╨╡ ╤Д╨░╨╣╨╗╨╛╨▓ ╤Б ╨╕╨╝╨╡╨╜╨╡╨╝ CCGrid3DAction.cpp ╨▓╤Л╨▓╨╛╨┤╤П╤В ╤А╨╡╨╖╤Г╨╗╤М╤В╨░╤В╤Л ╨▓ ╨╛╨┤╨╜╨╛ ╨╕ ╤В╨╛ ╨╢╨╡ ╤А╨░╤Б╨┐╨╛╨╗╨╛╨╢╨╡╨╜╨╕╨╡. ╨н╤В╨╛ ╨╝╨╛╨╢╨╡╤В ╤Б╤В╨░╤В╤М ╨┐╤А╨╕╤З╨╕╨╜╨╛╨╣ ╨╜╨╡╨▓╨╡╤А╨╜╨╛╨│╨╛ ╤А╨╡╨╖╤Г╨╗╤М╤В╨░╤В╨░ ╤Б╨▒╨╛╤А╨║╨╕.  ╨Т╨║╨╗╤О╤З╨╡╨╜╨╜╤Л╨╡ ╤Д╨░╨╣╨╗╤Л тАФ C:\Users\KusokMedi\Documents\GitHub\BetterShowcase\build\_deps\bindings-src\bindings\2.2081\inline\CCGrid3DAction.cpp, C:\Users\KusokMedi\Documents\GitHub\BetterShowcase\build\bindings\bindings\Geode\source\CCGrid3DAction.cpp. [C:\Users\KusokMedi\Documents\GitHub\BetterShowcase\build\bindings\GeodeBindings.vcxproj]
C:\Program Files (x86)\Microsoft Visual Studio\2022\BuildTools\MSBuild\Microsoft\VC\v170\Microsoft.CppBuild.targets(1129,5): warning MSB8027: ╨┤╨▓╨░ ╨╕╨╗╨╕ ╨▒╨╛╨╗╨╡╨╡ ╤Д╨░╨╣╨╗╨╛╨▓ ╤Б ╨╕╨╝╨╡╨╜╨╡╨╝ CCGridAction.cpp ╨▓╤Л╨▓╨╛╨┤╤П╤В ╤А╨╡╨╖╤Г╨╗╤М╤В╨░╤В╤Л ╨▓ ╨╛╨┤╨╜╨╛ ╨╕ ╤В╨╛ ╨╢╨╡ ╤А╨░╤Б╨┐╨╛╨╗╨╛╨╢╨╡╨╜╨╕╨╡. ╨н╤В╨╛ ╨╝╨╛╨╢╨╡╤В ╤Б╤В╨░╤В╤М ╨┐╤А╨╕╤З╨╕╨╜╨╛╨╣ ╨╜╨╡╨▓╨╡╤А╨╜╨╛╨│╨╛ ╤А╨╡╨╖╤Г╨╗╤М╤В╨░╤В╨░ ╤Б╨▒╨╛╤А╨║╨╕.  ╨Т╨║╨╗╤О╤З╨╡╨╜╨╜╤Л╨╡ ╤Д╨░╨╣╨╗╤Л тАФ C:\Users\KusokMedi\Documents\GitHub\BetterShowcase\build\_deps\bindings-src\bindings\2.2081\inline\CCGridAction.cpp, C:\Users\KusokMedi\Documents\GitHub\BetterShowcase\build\bindings\bindings\Geode\source\CCGridAction.cpp. [C:\Users\KusokMedi\Documents\GitHub\BetterShowcase\build\bindings\GeodeBindings.vcxproj]
C:\Program Files (x86)\Microsoft Visual Studio\2022\BuildTools\MSBuild\Microsoft\VC\v170\Microsoft.CppBuild.targets(1129,5): warning MSB8027: ╨┤╨▓╨░ ╨╕╨╗╨╕ ╨▒╨╛╨╗╨╡╨╡ ╤Д╨░╨╣╨╗╨╛╨▓ ╤Б ╨╕╨╝╨╡╨╜╨╡╨╝ CCGridBase.cpp ╨▓╤Л╨▓╨╛╨┤╤П╤В ╤А╨╡╨╖╤Г╨╗╤М╤В╨░╤В╤Л ╨▓ ╨╛╨┤╨╜╨╛ ╨╕ ╤В╨╛ ╨╢╨╡ ╤А╨░╤Б╨┐╨╛╨╗╨╛╨╢╨╡╨╜╨╕╨╡. ╨н╤В╨╛ ╨╝╨╛╨╢╨╡╤В ╤Б╤В╨░╤В╤М ╨┐╤А╨╕╤З╨╕╨╜╨╛╨╣ ╨╜╨╡╨▓╨╡╤А╨╜╨╛╨│╨╛ ╤А╨╡╨╖╤Г╨╗╤М╤В╨░╤В╨░ ╤Б╨▒╨╛╤А╨║╨╕.  ╨Т╨║╨╗╤О╤З╨╡╨╜╨╜╤Л╨╡ ╤Д╨░╨╣╨╗╤Л тАФ C:\Users\KusokMedi\Documents\GitHub\BetterShowcase\build\_deps\bindings-src\bindings\2.2081\inline\CCGridBase.cpp, C:\Users\KusokMedi\Documents\GitHub\BetterShowcase\build\bindings\bindings\Geode\source\CCGridBase.cpp. [C:\Users\KusokMedi\Documents\GitHub\BetterShowcase\build\bindings\GeodeBindings.vcxproj]
C:\Program Files (x86)\Microsoft Visual Studio\2022\BuildTools\MSBuild\Microsoft\VC\v170\Microsoft.CppBuild.targets(1129,5): warning MSB8027: ╨┤╨▓╨░ ╨╕╨╗╨╕ ╨▒╨╛╨╗╨╡╨╡ ╤Д╨░╨╣╨╗╨╛╨▓ ╤Б ╨╕╨╝╨╡╨╜╨╡╨╝ CCHide.cpp ╨▓╤Л╨▓╨╛╨┤╤П╤В ╤А╨╡╨╖╤Г╨╗╤М╤В╨░╤В╤Л ╨▓ ╨╛╨┤╨╜╨╛ ╨╕ ╤В╨╛ ╨╢╨╡ ╤А╨░╤Б╨┐╨╛╨╗╨╛╨╢╨╡╨╜╨╕╨╡. ╨н╤В╨╛ ╨╝╨╛╨╢╨╡╤В ╤Б╤В╨░╤В╤М ╨┐╤А╨╕╤З╨╕╨╜╨╛╨╣ ╨╜╨╡╨▓╨╡╤А╨╜╨╛╨│╨╛ ╤А╨╡╨╖╤Г╨╗╤М╤В╨░╤В╨░ ╤Б╨▒╨╛╤А╨║╨╕.  ╨Т╨║╨╗╤О╤З╨╡╨╜╨╜╤Л╨╡ ╤Д╨░╨╣╨╗╤Л тАФ C:\Users\KusokMedi\Documents\GitHub\BetterShowcase\build\_deps\bindings-src\bindings\2.2081\inline\CCHide.cpp, C:\Users\KusokMedi\Documents\GitHub\BetterShowcase\build\bindings\bindings\Geode\source\CCHide.cpp. [C:\Users\KusokMedi\Documents\GitHub\BetterShowcase\build\bindings\GeodeBindings.vcxproj]
C:\Program Files (x86)\Microsoft Visual Studio\2022\BuildTools\MSBuild\Microsoft\VC\v170\Microsoft.CppBuild.targets(1129,5): warning MSB8027: ╨┤╨▓╨░ ╨╕╨╗╨╕ ╨▒╨╛╨╗╨╡╨╡ ╤Д╨░╨╣╨╗╨╛╨▓ ╤Б ╨╕╨╝╨╡╨╜╨╡╨╝ CCHttpClient.cpp ╨▓╤Л╨▓╨╛╨┤╤П╤В ╤А╨╡╨╖╤Г╨╗╤М╤В╨░╤В╤Л ╨▓ ╨╛╨┤╨╜╨╛ ╨╕ ╤В╨╛ ╨╢╨╡ ╤А╨░╤Б╨┐╨╛╨╗╨╛╨╢╨╡╨╜╨╕╨╡. ╨н╤В╨╛ ╨╝╨╛╨╢╨╡╤В ╤Б╤В╨░╤В╤М ╨┐╤А╨╕╤З╨╕╨╜╨╛╨╣ ╨╜╨╡╨▓╨╡╤А╨╜╨╛╨│╨╛ ╤А╨╡╨╖╤Г╨╗╤М╤В╨░╤В╨░ ╤Б╨▒╨╛╤А╨║╨╕.  ╨Т╨║╨╗╤О╤З╨╡╨╜╨╜╤Л╨╡ ╤Д╨░╨╣╨╗╤Л тАФ C:\Users\KusokMedi\Documents\GitHub\BetterShowcase\build\_deps\bindings-src\bindings\2.2081\inline\CCHttpClient.cpp, C:\Users\KusokMedi\Documents\GitHub\BetterShowcase\build\bindings\bindings\Geode\source\CCHttpClient.cpp. [C:\Users\KusokMedi\Documents\GitHub\BetterShowcase\build\bindings\GeodeBindings.vcxproj]
C:\Program Files (x86)\Microsoft Visual Studio\2022\BuildTools\MSBuild\Microsoft\VC\v170\Microsoft.CppBuild.targets(1129,5): warning MSB8027: ╨┤╨▓╨░ ╨╕╨╗╨╕ ╨▒╨╛╨╗╨╡╨╡ ╤Д╨░╨╣╨╗╨╛╨▓ ╤Б ╨╕╨╝╨╡╨╜╨╡╨╝ CCHttpRequest.cpp ╨▓╤Л╨▓╨╛╨┤╤П╤В ╤А╨╡╨╖╤Г╨╗╤М╤В╨░╤В╤Л ╨▓ ╨╛╨┤╨╜╨╛ ╨╕ ╤В╨╛ ╨╢╨╡ ╤А╨░╤Б╨┐╨╛╨╗╨╛╨╢╨╡╨╜╨╕╨╡. ╨н╤В╨╛ ╨╝╨╛╨╢╨╡╤В ╤Б╤В╨░╤В╤М ╨┐╤А╨╕╤З╨╕╨╜╨╛╨╣ ╨╜╨╡╨▓╨╡╤А╨╜╨╛╨│╨╛ ╤А╨╡╨╖╤Г╨╗╤М╤В╨░╤В╨░ ╤Б╨▒╨╛╤А╨║╨╕.  ╨Т╨║╨╗╤О╤З╨╡╨╜╨╜╤Л╨╡ ╤Д╨░╨╣╨╗╤Л тАФ C:\Users\KusokMedi\Documents\GitHub\BetterShowcase\build\_deps\bindings-src\bindings\2.2081\inline\CCHttpRequest.cpp, C:\Users\KusokMedi\Documents\GitHub\BetterShowcase\build\bindings\bindings\Geode\source\CCHttpRequest.cpp. [C:\Users\KusokMedi\Documents\GitHub\BetterShowcase\build\bindings\GeodeBindings.vcxproj]
C:\Program Files (x86)\Microsoft Visual Studio\2022\BuildTools\MSBuild\Microsoft\VC\v170\Microsoft.CppBuild.targets(1129,5): warning MSB8027: ╨┤╨▓╨░ ╨╕╨╗╨╕ ╨▒╨╛╨╗╨╡╨╡ ╤Д╨░╨╣╨╗╨╛╨▓ ╤Б ╨╕╨╝╨╡╨╜╨╡╨╝ CCHttpResponse.cpp ╨▓╤Л╨▓╨╛╨┤╤П╤В ╤А╨╡╨╖╤Г╨╗╤М╤В╨░╤В╤Л ╨▓ ╨╛╨┤╨╜╨╛ ╨╕ ╤В╨╛ ╨╢╨╡ ╤А╨░╤Б╨┐╨╛╨╗╨╛╨╢╨╡╨╜╨╕╨╡. ╨н╤В╨╛ ╨╝╨╛╨╢╨╡╤В ╤Б╤В╨░╤В╤М ╨┐╤А╨╕╤З╨╕╨╜╨╛╨╣ ╨╜╨╡╨▓╨╡╤А╨╜╨╛╨│╨╛ ╤А╨╡╨╖╤Г╨╗╤М╤В╨░╤В╨░ ╤Б╨▒╨╛╤А╨║╨╕.  ╨Т╨║╨╗╤О╤З╨╡╨╜╨╜╤Л╨╡ ╤Д╨░╨╣╨╗╤Л тАФ C:\Users\KusokMedi\Documents\GitHub\BetterShowcase\build\_deps\bindings-src\bindings\2.2081\inline\CCHttpResponse.cpp, C:\Users\KusokMedi\Documents\GitHub\BetterShowcase\build\bindings\bindings\Geode\source\CCHttpResponse.cpp. [C:\Users\KusokMedi\Documents\GitHub\BetterShowcase\build\bindings\GeodeBindings.vcxproj]
C:\Program Files (x86)\Microsoft Visual Studio\2022\BuildTools\MSBuild\Microsoft\VC\v170\Microsoft.CppBuild.targets(1129,5): warning MSB8027: ╨┤╨▓╨░ ╨╕╨╗╨╕ ╨▒╨╛╨╗╨╡╨╡ ╤Д╨░╨╣╨╗╨╛╨▓ ╤Б ╨╕╨╝╨╡╨╜╨╡╨╝ CCIMEDelegate.cpp ╨▓╤Л╨▓╨╛╨┤╤П╤В ╤А╨╡╨╖╤Г╨╗╤М╤В╨░╤В╤Л ╨▓ ╨╛╨┤╨╜╨╛ ╨╕ ╤В╨╛ ╨╢╨╡ ╤А╨░╤Б╨┐╨╛╨╗╨╛╨╢╨╡╨╜╨╕╨╡. ╨н╤В╨╛ ╨╝╨╛╨╢╨╡╤В ╤Б╤В╨░╤В╤М ╨┐╤А╨╕╤З╨╕╨╜╨╛╨╣ ╨╜╨╡╨▓╨╡╤А╨╜╨╛╨│╨╛ ╤А╨╡╨╖╤Г╨╗╤М╤В╨░╤В╨░ ╤Б╨▒╨╛╤А╨║╨╕.  ╨Т╨║╨╗╤О╤З╨╡╨╜╨╜╤Л╨╡ ╤Д╨░╨╣╨╗╤Л тАФ C:\Users\KusokMedi\Documents\GitHub\BetterShowcase\build\_deps\bindings-src\bindings\2.2081\inline\CCIMEDelegate.cpp, C:\Users\KusokMedi\Documents\GitHub\BetterShowcase\build\bindings\bindings\Geode\source\CCIMEDelegate.cpp. [C:\Users\KusokMedi\Documents\GitHub\BetterShowcase\build\bindings\GeodeBindings.vcxproj]
C:\Program Files (x86)\Microsoft Visual Studio\2022\BuildTools\MSBuild\Microsoft\VC\v170\Microsoft.CppBuild.targets(1129,5): warning MSB8027: ╨┤╨▓╨░ ╨╕╨╗╨╕ ╨▒╨╛╨╗╨╡╨╡ ╤Д╨░╨╣╨╗╨╛╨▓ ╤Б ╨╕╨╝╨╡╨╜╨╡╨╝ CCIMEDispatcher.cpp ╨▓╤Л╨▓╨╛╨┤╤П╤В ╤А╨╡╨╖╤Г╨╗╤М╤В╨░╤В╤Л ╨▓ ╨╛╨┤╨╜╨╛ ╨╕ ╤В╨╛ ╨╢╨╡ ╤А╨░╤Б╨┐╨╛╨╗╨╛╨╢╨╡╨╜╨╕╨╡. ╨н╤В╨╛ ╨╝╨╛╨╢╨╡╤В ╤Б╤В╨░╤В╤М ╨┐╤А╨╕╤З╨╕╨╜╨╛╨╣ ╨╜╨╡╨▓╨╡╤А╨╜╨╛╨│╨╛ ╤А╨╡╨╖╤Г╨╗╤М╤В╨░╤В╨░ ╤Б╨▒╨╛╤А╨║╨╕.  ╨Т╨║╨╗╤О╤З╨╡╨╜╨╜╤Л╨╡ ╤Д╨░╨╣╨╗╤Л тАФ C:\Users\KusokMedi\Documents\GitHub\BetterShowcase\build\_deps\bindings-src\bindings\2.2081\inline\CCIMEDispatcher.cpp, C:\Users\KusokMedi\Documents\GitHub\BetterShowcase\build\bindings\bindings\Geode\source\CCIMEDispatcher.cpp. [C:\Users\KusokMedi\Documents\GitHub\BetterShowcase\build\bindings\GeodeBindings.vcxproj]
C:\Program Files (x86)\Microsoft Visual Studio\2022\BuildTools\MSBuild\Microsoft\VC\v170\Microsoft.CppBuild.targets(1129,5): warning MSB8027: ╨┤╨▓╨░ ╨╕╨╗╨╕ ╨▒╨╛╨╗╨╡╨╡ ╤Д╨░╨╣╨╗╨╛╨▓ ╤Б ╨╕╨╝╨╡╨╜╨╡╨╝ CCImage.cpp ╨▓╤Л╨▓╨╛╨┤╤П╤В ╤А╨╡╨╖╤Г╨╗╤М╤В╨░╤В╤Л ╨▓ ╨╛╨┤╨╜╨╛ ╨╕ ╤В╨╛ ╨╢╨╡ ╤А╨░╤Б╨┐╨╛╨╗╨╛╨╢╨╡╨╜╨╕╨╡. ╨н╤В╨╛ ╨╝╨╛╨╢╨╡╤В ╤Б╤В╨░╤В╤М ╨┐╤А╨╕╤З╨╕╨╜╨╛╨╣ ╨╜╨╡╨▓╨╡╤А╨╜╨╛╨│╨╛ ╤А╨╡╨╖╤Г╨╗╤М╤В╨░╤В╨░ ╤Б╨▒╨╛╤А╨║╨╕.  ╨Т╨║╨╗╤О╤З╨╡╨╜╨╜╤Л╨╡ ╤Д╨░╨╣╨╗╤Л тАФ C:\Users\KusokMedi\Documents\GitHub\BetterShowcase\build\_deps\bindings-src\bindings\2.2081\inline\CCImage.cpp, C:\Users\KusokMedi\Documents\GitHub\BetterShowcase\build\bindings\bindings\Geode\source\CCImage.cpp. [C:\Users\KusokMedi\Documents\GitHub\BetterShowcase\build\bindings\GeodeBindings.vcxproj]
C:\Program Files (x86)\Microsoft Visual Studio\2022\BuildTools\MSBuild\Microsoft\VC\v170\Microsoft.CppBuild.targets(1129,5): warning MSB8027: ╨┤╨▓╨░ ╨╕╨╗╨╕ ╨▒╨╛╨╗╨╡╨╡ ╤Д╨░╨╣╨╗╨╛╨▓ ╤Б ╨╕╨╝╨╡╨╜╨╡╨╝ CCIndexPath.cpp ╨▓╤Л╨▓╨╛╨┤╤П╤В ╤А╨╡╨╖╤Г╨╗╤М╤В╨░╤В╤Л ╨▓ ╨╛╨┤╨╜╨╛ ╨╕ ╤В╨╛ ╨╢╨╡ ╤А╨░╤Б╨┐╨╛╨╗╨╛╨╢╨╡╨╜╨╕╨╡. ╨н╤В╨╛ ╨╝╨╛╨╢╨╡╤В ╤Б╤В╨░╤В╤М ╨┐╤А╨╕╤З╨╕╨╜╨╛╨╣ ╨╜╨╡╨▓╨╡╤А╨╜╨╛╨│╨╛ ╤А╨╡╨╖╤Г╨╗╤М╤В╨░╤В╨░ ╤Б╨▒╨╛╤А╨║╨╕.  ╨Т╨║╨╗╤О╤З╨╡╨╜╨╜╤Л╨╡ ╤Д╨░╨╣╨╗╤Л тАФ C:\Users\KusokMedi\Documents\GitHub\BetterShowcase\build\_deps\bindings-src\bindings\2.2081\inline\CCIndexPath.cpp, C:\Users\KusokMedi\Documents\GitHub\BetterShowcase\build\bindings\bindings\Geode\source\CCIndexPath.cpp. [C:\Users\KusokMedi\Documents\GitHub\BetterShowcase\build\bindings\GeodeBindings.vcxproj]
C:\Program Files (x86)\Microsoft Visual Studio\2022\BuildTools\MSBuild\Microsoft\VC\v170\Microsoft.CppBuild.targets(1129,5): warning MSB8027: ╨┤╨▓╨░ ╨╕╨╗╨╕ ╨▒╨╛╨╗╨╡╨╡ ╤Д╨░╨╣╨╗╨╛╨▓ ╤Б ╨╕╨╝╨╡╨╜╨╡╨╝ CCInvocation.cpp ╨▓╤Л╨▓╨╛╨┤╤П╤В ╤А╨╡╨╖╤Г╨╗╤М╤В╨░╤В╤Л ╨▓ ╨╛╨┤╨╜╨╛ ╨╕ ╤В╨╛ ╨╢╨╡ ╤А╨░╤Б╨┐╨╛╨╗╨╛╨╢╨╡╨╜╨╕╨╡. ╨н╤В╨╛ ╨╝╨╛╨╢╨╡╤В ╤Б╤В╨░╤В╤М ╨┐╤А╨╕╤З╨╕╨╜╨╛╨╣ ╨╜╨╡╨▓╨╡╤А╨╜╨╛╨│╨╛ ╤А╨╡╨╖╤Г╨╗╤М╤В╨░╤В╨░ ╤Б╨▒╨╛╤А╨║╨╕.  ╨Т╨║╨╗╤О╤З╨╡╨╜╨╜╤Л╨╡ ╤Д╨░╨╣╨╗╤Л тАФ C:\Users\KusokMedi\Documents\GitHub\BetterShowcase\build\_deps\bindings-src\bindings\2.2081\inline\CCInvocation.cpp, C:\Users\KusokMedi\Documents\GitHub\BetterShowcase\build\bindings\bindings\Geode\source\CCInvocation.cpp. [C:\Users\KusokMedi\Documents\GitHub\BetterShowcase\build\bindings\GeodeBindings.vcxproj]
C:\Program Files (x86)\Microsoft Visual Studio\2022\BuildTools\MSBuild\Microsoft\VC\v170\Microsoft.CppBuild.targets(1129,5): warning MSB8027: ╨┤╨▓╨░ ╨╕╨╗╨╕ ╨▒╨╛╨╗╨╡╨╡ ╤Д╨░╨╣╨╗╨╛╨▓ ╤Б ╨╕╨╝╨╡╨╜╨╡╨╝ CCJumpBy.cpp ╨▓╤Л╨▓╨╛╨┤╤П╤В ╤А╨╡╨╖╤Г╨╗╤М╤В╨░╤В╤Л ╨▓ ╨╛╨┤╨╜╨╛ ╨╕ ╤В╨╛ ╨╢╨╡ ╤А╨░╤Б╨┐╨╛╨╗╨╛╨╢╨╡╨╜╨╕╨╡. ╨н╤В╨╛ ╨╝╨╛╨╢╨╡╤В ╤Б╤В╨░╤В╤М ╨┐╤А╨╕╤З╨╕╨╜╨╛╨╣ ╨╜╨╡╨▓╨╡╤А╨╜╨╛╨│╨╛ ╤А╨╡╨╖╤Г╨╗╤М╤В╨░╤В╨░ ╤Б╨▒╨╛╤А╨║╨╕.  ╨Т╨║╨╗╤О╤З╨╡╨╜╨╜╤Л╨╡ ╤Д╨░╨╣╨╗╤Л тАФ C:\Users\KusokMedi\Documents\GitHub\BetterShowcase\build\_deps\bindings-src\bindings\2.2081\inline\CCJumpBy.cpp, C:\Users\KusokMedi\Documents\GitHub\BetterShowcase\build\bindings\bindings\Geode\source\CCJumpBy.cpp. [C:\Users\KusokMedi\Documents\GitHub\BetterShowcase\build\bindings\GeodeBindings.vcxproj]
C:\Program Files (x86)\Microsoft Visual Studio\2022\BuildTools\MSBuild\Microsoft\VC\v170\Microsoft.CppBuild.targets(1129,5): warning MSB8027: ╨┤╨▓╨░ ╨╕╨╗╨╕ ╨▒╨╛╨╗╨╡╨╡ ╤Д╨░╨╣╨╗╨╛╨▓ ╤Б ╨╕╨╝╨╡╨╜╨╡╨╝ CCJumpTiles3D.cpp ╨▓╤Л╨▓╨╛╨┤╤П╤В ╤А╨╡╨╖╤Г╨╗╤М╤В╨░╤В╤Л ╨▓ ╨╛╨┤╨╜╨╛ ╨╕ ╤В╨╛ ╨╢╨╡ ╤А╨░╤Б╨┐╨╛╨╗╨╛╨╢╨╡╨╜╨╕╨╡. ╨н╤В╨╛ ╨╝╨╛╨╢╨╡╤В ╤Б╤В╨░╤В╤М ╨┐╤А╨╕╤З╨╕╨╜╨╛╨╣ ╨╜╨╡╨▓╨╡╤А╨╜╨╛╨│╨╛ ╤А╨╡╨╖╤Г╨╗╤М╤В╨░╤В╨░ ╤Б╨▒╨╛╤А╨║╨╕.  ╨Т╨║╨╗╤О╤З╨╡╨╜╨╜╤Л╨╡ ╤Д╨░╨╣╨╗╤Л тАФ C:\Users\KusokMedi\Documents\GitHub\BetterShowcase\build\_deps\bindings-src\bindings\2.2081\inline\CCJumpTiles3D.cpp, C:\Users\KusokMedi\Documents\GitHub\BetterShowcase\build\bindings\bindings\Geode\source\CCJumpTiles3D.cpp. [C:\Users\KusokMedi\Documents\GitHub\BetterShowcase\build\bindings\GeodeBindings.vcxproj]
C:\Program Files (x86)\Microsoft Visual Studio\2022\BuildTools\MSBuild\Microsoft\VC\v170\Microsoft.CppBuild.targets(1129,5): warning MSB8027: ╨┤╨▓╨░ ╨╕╨╗╨╕ ╨▒╨╛╨╗╨╡╨╡ ╤Д╨░╨╣╨╗╨╛╨▓ ╤Б ╨╕╨╝╨╡╨╜╨╡╨╝ CCJumpTo.cpp ╨▓╤Л╨▓╨╛╨┤╤П╤В ╤А╨╡╨╖╤Г╨╗╤М╤В╨░╤В╤Л ╨▓ ╨╛╨┤╨╜╨╛ ╨╕ ╤В╨╛ ╨╢╨╡ ╤А╨░╤Б╨┐╨╛╨╗╨╛╨╢╨╡╨╜╨╕╨╡. ╨н╤В╨╛ ╨╝╨╛╨╢╨╡╤В ╤Б╤В╨░╤В╤М ╨┐╤А╨╕╤З╨╕╨╜╨╛╨╣ ╨╜╨╡╨▓╨╡╤А╨╜╨╛╨│╨╛ ╤А╨╡╨╖╤Г╨╗╤М╤В╨░╤В╨░ ╤Б╨▒╨╛╤А╨║╨╕.  ╨Т╨║╨╗╤О╤З╨╡╨╜╨╜╤Л╨╡ ╤Д╨░╨╣╨╗╤Л тАФ C:\Users\KusokMedi\Documents\GitHub\BetterShowcase\build\_deps\bindings-src\bindings\2.2081\inline\CCJumpTo.cpp, C:\Users\KusokMedi\Documents\GitHub\BetterShowcase\build\bindings\bindings\Geode\source\CCJumpTo.cpp. [C:\Users\KusokMedi\Documents\GitHub\BetterShowcase\build\bindings\GeodeBindings.vcxproj]
C:\Program Files (x86)\Microsoft Visual Studio\2022\BuildTools\MSBuild\Microsoft\VC\v170\Microsoft.CppBuild.targets(1129,5): warning MSB8027: ╨┤╨▓╨░ ╨╕╨╗╨╕ ╨▒╨╛╨╗╨╡╨╡ ╤Д╨░╨╣╨╗╨╛╨▓ ╤Б ╨╕╨╝╨╡╨╜╨╡╨╝ CCKeyboardDispatcher.cpp ╨▓╤Л╨▓╨╛╨┤╤П╤В ╤А╨╡╨╖╤Г╨╗╤М╤В╨░╤В╤Л ╨▓ ╨╛╨┤╨╜╨╛ ╨╕ ╤В╨╛ ╨╢╨╡ ╤А╨░╤Б╨┐╨╛╨╗╨╛╨╢╨╡╨╜╨╕╨╡. ╨н╤В╨╛ ╨╝╨╛╨╢╨╡╤В ╤Б╤В╨░╤В╤М ╨┐╤А╨╕╤З╨╕╨╜╨╛╨╣ ╨╜╨╡╨▓╨╡╤А╨╜╨╛╨│╨╛ ╤А╨╡╨╖╤Г╨╗╤М╤В╨░╤В╨░ ╤Б╨▒╨╛╤А╨║╨╕.  ╨Т╨║╨╗╤О╤З╨╡╨╜╨╜╤Л╨╡ ╤Д╨░╨╣╨╗╤Л тАФ C:\Users\KusokMedi\Documents\GitHub\BetterShowcase\build\_deps\bindings-src\bindings\2.2081\inline\CCKeyboardDispatcher.cpp, C:\Users\KusokMedi\Documents\GitHub\BetterShowcase\build\bindings\bindings\Geode\source\CCKeyboardDispatcher.cpp. [C:\Users\KusokMedi\Documents\GitHub\BetterShowcase\build\bindings\GeodeBindings.vcxproj]
C:\Program Files (x86)\Microsoft Visual Studio\2022\BuildTools\MSBuild\Microsoft\VC\v170\Microsoft.CppBuild.targets(1129,5): warning MSB8027: ╨┤╨▓╨░ ╨╕╨╗╨╕ ╨▒╨╛╨╗╨╡╨╡ ╤Д╨░╨╣╨╗╨╛╨▓ ╤Б ╨╕╨╝╨╡╨╜╨╡╨╝ CCKeyboardHandler.cpp ╨▓╤Л╨▓╨╛╨┤╤П╤В ╤А╨╡╨╖╤Г╨╗╤М╤В╨░╤В╤Л ╨▓ ╨╛╨┤╨╜╨╛ ╨╕ ╤В╨╛ ╨╢╨╡ ╤А╨░╤Б╨┐╨╛╨╗╨╛╨╢╨╡╨╜╨╕╨╡. ╨н╤В╨╛ ╨╝╨╛╨╢╨╡╤В ╤Б╤В╨░╤В╤М ╨┐╤А╨╕╤З╨╕╨╜╨╛╨╣ ╨╜╨╡╨▓╨╡╤А╨╜╨╛╨│╨╛ ╤А╨╡╨╖╤Г╨╗╤М╤В╨░╤В╨░ ╤Б╨▒╨╛╤А╨║╨╕.  ╨Т╨║╨╗╤О╤З╨╡╨╜╨╜╤Л╨╡ ╤Д╨░╨╣╨╗╤Л тАФ C:\Users\KusokMedi\Documents\GitHub\BetterShowcase\build\_deps\bindings-src\bindings\2.2081\inline\CCKeyboardHandler.cpp, C:\Users\KusokMedi\Documents\GitHub\BetterShowcase\build\bindings\bindings\Geode\source\CCKeyboardHandler.cpp. [C:\Users\KusokMedi\Documents\GitHub\BetterShowcase\build\bindings\GeodeBindings.vcxproj]
C:\Program Files (x86)\Microsoft Visual Studio\2022\BuildTools\MSBuild\Microsoft\VC\v170\Microsoft.CppBuild.targets(1129,5): warning MSB8027: ╨┤╨▓╨░ ╨╕╨╗╨╕ ╨▒╨╛╨╗╨╡╨╡ ╤Д╨░╨╣╨╗╨╛╨▓ ╤Б ╨╕╨╝╨╡╨╜╨╡╨╝ CCKeypadDispatcher.cpp ╨▓╤Л╨▓╨╛╨┤╤П╤В ╤А╨╡╨╖╤Г╨╗╤М╤В╨░╤В╤Л ╨▓ ╨╛╨┤╨╜╨╛ ╨╕ ╤В╨╛ ╨╢╨╡ ╤А╨░╤Б╨┐╨╛╨╗╨╛╨╢╨╡╨╜╨╕╨╡. ╨н╤В╨╛ ╨╝╨╛╨╢╨╡╤В ╤Б╤В╨░╤В╤М ╨┐╤А╨╕╤З╨╕╨╜╨╛╨╣ ╨╜╨╡╨▓╨╡╤А╨╜╨╛╨│╨╛ ╤А╨╡╨╖╤Г╨╗╤М╤В╨░╤В╨░ ╤Б╨▒╨╛╤А╨║╨╕.  ╨Т╨║╨╗╤О╤З╨╡╨╜╨╜╤Л╨╡ ╤Д╨░╨╣╨╗╤Л тАФ C:\Users\KusokMedi\Documents\GitHub\BetterShowcase\build\_deps\bindings-src\bindings\2.2081\inline\CCKeypadDispatcher.cpp, C:\Users\KusokMedi\Documents\GitHub\BetterShowcase\build\bindings\bindings\Geode\source\CCKeypadDispatcher.cpp. [C:\Users\KusokMedi\Documents\GitHub\BetterShowcase\build\bindings\GeodeBindings.vcxproj]
C:\Program Files (x86)\Microsoft Visual Studio\2022\BuildTools\MSBuild\Microsoft\VC\v170\Microsoft.CppBuild.targets(1129,5): warning MSB8027: ╨┤╨▓╨░ ╨╕╨╗╨╕ ╨▒╨╛╨╗╨╡╨╡ ╤Д╨░╨╣╨╗╨╛╨▓ ╤Б ╨╕╨╝╨╡╨╜╨╡╨╝ CCKeypadHandler.cpp ╨▓╤Л╨▓╨╛╨┤╤П╤В ╤А╨╡╨╖╤Г╨╗╤М╤В╨░╤В╤Л ╨▓ ╨╛╨┤╨╜╨╛ ╨╕ ╤В╨╛ ╨╢╨╡ ╤А╨░╤Б╨┐╨╛╨╗╨╛╨╢╨╡╨╜╨╕╨╡. ╨н╤В╨╛ ╨╝╨╛╨╢╨╡╤В ╤Б╤В╨░╤В╤М ╨┐╤А╨╕╤З╨╕╨╜╨╛╨╣ ╨╜╨╡╨▓╨╡╤А╨╜╨╛╨│╨╛ ╤А╨╡╨╖╤Г╨╗╤М╤В╨░╤В╨░ ╤Б╨▒╨╛╤А╨║╨╕.  ╨Т╨║╨╗╤О╤З╨╡╨╜╨╜╤Л╨╡ ╤Д╨░╨╣╨╗╤Л тАФ C:\Users\KusokMedi\Documents\GitHub\BetterShowcase\build\_deps\bindings-src\bindings\2.2081\inline\CCKeypadHandler.cpp, C:\Users\KusokMedi\Documents\GitHub\BetterShowcase\build\bindings\bindings\Geode\source\CCKeypadHandler.cpp. [C:\Users\KusokMedi\Documents\GitHub\BetterShowcase\build\bindings\GeodeBindings.vcxproj]
C:\Program Files (x86)\Microsoft Visual Studio\2022\BuildTools\MSBuild\Microsoft\VC\v170\Microsoft.CppBuild.targets(1129,5): warning MSB8027: ╨┤╨▓╨░ ╨╕╨╗╨╕ ╨▒╨╛╨╗╨╡╨╡ ╤Д╨░╨╣╨╗╨╛╨▓ ╤Б ╨╕╨╝╨╡╨╜╨╡╨╝ CCLabelAtlas.cpp ╨▓╤Л╨▓╨╛╨┤╤П╤В ╤А╨╡╨╖╤Г╨╗╤М╤В╨░╤В╤Л ╨▓ ╨╛╨┤╨╜╨╛ ╨╕ ╤В╨╛ ╨╢╨╡ ╤А╨░╤Б╨┐╨╛╨╗╨╛╨╢╨╡╨╜╨╕╨╡. ╨н╤В╨╛ ╨╝╨╛╨╢╨╡╤В ╤Б╤В╨░╤В╤М ╨┐╤А╨╕╤З╨╕╨╜╨╛╨╣ ╨╜╨╡╨▓╨╡╤А╨╜╨╛╨│╨╛ ╤А╨╡╨╖╤Г╨╗╤М╤В╨░╤В╨░ ╤Б╨▒╨╛╤А╨║╨╕.  ╨Т╨║╨╗╤О╤З╨╡╨╜╨╜╤Л╨╡ ╤Д╨░╨╣╨╗╤Л тАФ C:\Users\KusokMedi\Documents\GitHub\BetterShowcase\build\_deps\bindings-src\bindings\2.2081\inline\CCLabelAtlas.cpp, C:\Users\KusokMedi\Documents\GitHub\BetterShowcase\build\bindings\bindings\Geode\source\CCLabelAtlas.cpp. [C:\Users\KusokMedi\Documents\GitHub\BetterShowcase\build\bindings\GeodeBindings.vcxproj]
C:\Program Files (x86)\Microsoft Visual Studio\2022\BuildTools\MSBuild\Microsoft\VC\v170\Microsoft.CppBuild.targets(1129,5): warning MSB8027: ╨┤╨▓╨░ ╨╕╨╗╨╕ ╨▒╨╛╨╗╨╡╨╡ ╤Д╨░╨╣╨╗╨╛╨▓ ╤Б ╨╕╨╝╨╡╨╜╨╡╨╝ CCLabelBMFont.cpp ╨▓╤Л╨▓╨╛╨┤╤П╤В ╤А╨╡╨╖╤Г╨╗╤М╤В╨░╤В╤Л ╨▓ ╨╛╨┤╨╜╨╛ ╨╕ ╤В╨╛ ╨╢╨╡ ╤А╨░╤Б╨┐╨╛╨╗╨╛╨╢╨╡╨╜╨╕╨╡. ╨н╤В╨╛ ╨╝╨╛╨╢╨╡╤В ╤Б╤В╨░╤В╤М ╨┐╤А╨╕╤З╨╕╨╜╨╛╨╣ ╨╜╨╡╨▓╨╡╤А╨╜╨╛╨│╨╛ ╤А╨╡╨╖╤Г╨╗╤М╤В╨░╤В╨░ ╤Б╨▒╨╛╤А╨║╨╕.  ╨Т╨║╨╗╤О╤З╨╡╨╜╨╜╤Л╨╡ ╤Д╨░╨╣╨╗╤Л тАФ C:\Users\KusokMedi\Documents\GitHub\BetterShowcase\build\_deps\bindings-src\bindings\2.2081\inline\CCLabelBMFont.cpp, C:\Users\KusokMedi\Documents\GitHub\BetterShowcase\build\bindings\bindings\Geode\source\CCLabelBMFont.cpp. [C:\Users\KusokMedi\Documents\GitHub\BetterShowcase\build\bindings\GeodeBindings.vcxproj]
C:\Program Files (x86)\Microsoft Visual Studio\2022\BuildTools\MSBuild\Microsoft\VC\v170\Microsoft.CppBuild.targets(1129,5): warning MSB8027: ╨┤╨▓╨░ ╨╕╨╗╨╕ ╨▒╨╛╨╗╨╡╨╡ ╤Д╨░╨╣╨╗╨╛╨▓ ╤Б ╨╕╨╝╨╡╨╜╨╡╨╝ CCLabelTTF.cpp ╨▓╤Л╨▓╨╛╨┤╤П╤В ╤А╨╡╨╖╤Г╨╗╤М╤В╨░╤В╤Л ╨▓ ╨╛╨┤╨╜╨╛ ╨╕ ╤В╨╛ ╨╢╨╡ ╤А╨░╤Б╨┐╨╛╨╗╨╛╨╢╨╡╨╜╨╕╨╡. ╨н╤В╨╛ ╨╝╨╛╨╢╨╡╤В ╤Б╤В╨░╤В╤М ╨┐╤А╨╕╤З╨╕╨╜╨╛╨╣ ╨╜╨╡╨▓╨╡╤А╨╜╨╛╨│╨╛ ╤А╨╡╨╖╤Г╨╗╤М╤В╨░╤В╨░ ╤Б╨▒╨╛╤А╨║╨╕.  ╨Т╨║╨╗╤О╤З╨╡╨╜╨╜╤Л╨╡ ╤Д╨░╨╣╨╗╤Л тАФ C:\Users\KusokMedi\Documents\GitHub\BetterShowcase\build\_deps\bindings-src\bindings\2.2081\inline\CCLabelTTF.cpp, C:\Users\KusokMedi\Documents\GitHub\BetterShowcase\build\bindings\bindings\Geode\source\CCLabelTTF.cpp. [C:\Users\KusokMedi\Documents\GitHub\BetterShowcase\build\bindings\GeodeBindings.vcxproj]
C:\Program Files (x86)\Microsoft Visual Studio\2022\BuildTools\MSBuild\Microsoft\VC\v170\Microsoft.CppBuild.targets(1129,5): warning MSB8027: ╨┤╨▓╨░ ╨╕╨╗╨╕ ╨▒╨╛╨╗╨╡╨╡ ╤Д╨░╨╣╨╗╨╛╨▓ ╤Б ╨╕╨╝╨╡╨╜╨╡╨╝ CCLayer.cpp ╨▓╤Л╨▓╨╛╨┤╤П╤В ╤А╨╡╨╖╤Г╨╗╤М╤В╨░╤В╤Л ╨▓ ╨╛╨┤╨╜╨╛ ╨╕ ╤В╨╛ ╨╢╨╡ ╤А╨░╤Б╨┐╨╛╨╗╨╛╨╢╨╡╨╜╨╕╨╡. ╨н╤В╨╛ ╨╝╨╛╨╢╨╡╤В ╤Б╤В╨░╤В╤М ╨┐╤А╨╕╤З╨╕╨╜╨╛╨╣ ╨╜╨╡╨▓╨╡╤А╨╜╨╛╨│╨╛ ╤А╨╡╨╖╤Г╨╗╤М╤В╨░╤В╨░ ╤Б╨▒╨╛╤А╨║╨╕.  ╨Т╨║╨╗╤О╤З╨╡╨╜╨╜╤Л╨╡ ╤Д╨░╨╣╨╗╤Л тАФ C:\Users\KusokMedi\Documents\GitHub\BetterShowcase\build\_deps\bindings-src\bindings\2.2081\inline\CCLayer.cpp, C:\Users\KusokMedi\Documents\GitHub\BetterShowcase\build\bindings\bindings\Geode\source\CCLayer.cpp. [C:\Users\KusokMedi\Documents\GitHub\BetterShowcase\build\bindings\GeodeBindings.vcxproj]
C:\Program Files (x86)\Microsoft Visual Studio\2022\BuildTools\MSBuild\Microsoft\VC\v170\Microsoft.CppBuild.targets(1129,5): warning MSB8027: ╨┤╨▓╨░ ╨╕╨╗╨╕ ╨▒╨╛╨╗╨╡╨╡ ╤Д╨░╨╣╨╗╨╛╨▓ ╤Б ╨╕╨╝╨╡╨╜╨╡╨╝ CCLayerColor.cpp ╨▓╤Л╨▓╨╛╨┤╤П╤В ╤А╨╡╨╖╤Г╨╗╤М╤В╨░╤В╤Л ╨▓ ╨╛╨┤╨╜╨╛ ╨╕ ╤В╨╛ ╨╢╨╡ ╤А╨░╤Б╨┐╨╛╨╗╨╛╨╢╨╡╨╜╨╕╨╡. ╨н╤В╨╛ ╨╝╨╛╨╢╨╡╤В ╤Б╤В╨░╤В╤М ╨┐╤А╨╕╤З╨╕╨╜╨╛╨╣ ╨╜╨╡╨▓╨╡╤А╨╜╨╛╨│╨╛ ╤А╨╡╨╖╤Г╨╗╤М╤В╨░╤В╨░ ╤Б╨▒╨╛╤А╨║╨╕.  ╨Т╨║╨╗╤О╤З╨╡╨╜╨╜╤Л╨╡ ╤Д╨░╨╣╨╗╤Л тАФ C:\Users\KusokMedi\Documents\GitHub\BetterShowcase\build\_deps\bindings-src\bindings\2.2081\inline\CCLayerColor.cpp, C:\Users\KusokMedi\Documents\GitHub\BetterShowcase\build\bindings\bindings\Geode\source\CCLayerColor.cpp. [C:\Users\KusokMedi\Documents\GitHub\BetterShowcase\build\bindings\GeodeBindings.vcxproj]
C:\Program Files (x86)\Microsoft Visual Studio\2022\BuildTools\MSBuild\Microsoft\VC\v170\Microsoft.CppBuild.targets(1129,5): warning MSB8027: ╨┤╨▓╨░ ╨╕╨╗╨╕ ╨▒╨╛╨╗╨╡╨╡ ╤Д╨░╨╣╨╗╨╛╨▓ ╤Б ╨╕╨╝╨╡╨╜╨╡╨╝ CCLayerGradient.cpp ╨▓╤Л╨▓╨╛╨┤╤П╤В ╤А╨╡╨╖╤Г╨╗╤М╤В╨░╤В╤Л ╨▓ ╨╛╨┤╨╜╨╛ ╨╕ ╤В╨╛ ╨╢╨╡ ╤А╨░╤Б╨┐╨╛╨╗╨╛╨╢╨╡╨╜╨╕╨╡. ╨н╤В╨╛ ╨╝╨╛╨╢╨╡╤В ╤Б╤В╨░╤В╤М ╨┐╤А╨╕╤З╨╕╨╜╨╛╨╣ ╨╜╨╡╨▓╨╡╤А╨╜╨╛╨│╨╛ ╤А╨╡╨╖╤Г╨╗╤М╤В╨░╤В╨░ ╤Б╨▒╨╛╤А╨║╨╕.  ╨Т╨║╨╗╤О╤З╨╡╨╜╨╜╤Л╨╡ ╤Д╨░╨╣╨╗╤Л тАФ C:\Users\KusokMedi\Documents\GitHub\BetterShowcase\build\_deps\bindings-src\bindings\2.2081\inline\CCLayerGradient.cpp, C:\Users\KusokMedi\Documents\GitHub\BetterShowcase\build\bindings\bindings\Geode\source\CCLayerGradient.cpp. [C:\Users\KusokMedi\Documents\GitHub\BetterShowcase\build\bindings\GeodeBindings.vcxproj]
C:\Program Files (x86)\Microsoft Visual Studio\2022\BuildTools\MSBuild\Microsoft\VC\v170\Microsoft.CppBuild.targets(1129,5): warning MSB8027: ╨┤╨▓╨░ ╨╕╨╗╨╕ ╨▒╨╛╨╗╨╡╨╡ ╤Д╨░╨╣╨╗╨╛╨▓ ╤Б ╨╕╨╝╨╡╨╜╨╡╨╝ CCLayerMultiplex.cpp ╨▓╤Л╨▓╨╛╨┤╤П╤В ╤А╨╡╨╖╤Г╨╗╤М╤В╨░╤В╤Л ╨▓ ╨╛╨┤╨╜╨╛ ╨╕ ╤В╨╛ ╨╢╨╡ ╤А╨░╤Б╨┐╨╛╨╗╨╛╨╢╨╡╨╜╨╕╨╡. ╨н╤В╨╛ ╨╝╨╛╨╢╨╡╤В ╤Б╤В╨░╤В╤М ╨┐╤А╨╕╤З╨╕╨╜╨╛╨╣ ╨╜╨╡╨▓╨╡╤А╨╜╨╛╨│╨╛ ╤А╨╡╨╖╤Г╨╗╤М╤В╨░╤В╨░ ╤Б╨▒╨╛╤А╨║╨╕.  ╨Т╨║╨╗╤О╤З╨╡╨╜╨╜╤Л╨╡ ╤Д╨░╨╣╨╗╤Л тАФ C:\Users\KusokMedi\Documents\GitHub\BetterShowcase\build\_deps\bindings-src\bindings\2.2081\inline\CCLayerMultiplex.cpp, C:\Users\KusokMedi\Documents\GitHub\BetterShowcase\build\bindings\bindings\Geode\source\CCLayerMultiplex.cpp. [C:\Users\KusokMedi\Documents\GitHub\BetterShowcase\build\bindings\GeodeBindings.vcxproj]
C:\Program Files (x86)\Microsoft Visual Studio\2022\BuildTools\MSBuild\Microsoft\VC\v170\Microsoft.CppBuild.targets(1129,5): warning MSB8027: ╨┤╨▓╨░ ╨╕╨╗╨╕ ╨▒╨╛╨╗╨╡╨╡ ╤Д╨░╨╣╨╗╨╛╨▓ ╤Б ╨╕╨╝╨╡╨╜╨╡╨╝ CCLayerRGBA.cpp ╨▓╤Л╨▓╨╛╨┤╤П╤В ╤А╨╡╨╖╤Г╨╗╤М╤В╨░╤В╤Л ╨▓ ╨╛╨┤╨╜╨╛ ╨╕ ╤В╨╛ ╨╢╨╡ ╤А╨░╤Б╨┐╨╛╨╗╨╛╨╢╨╡╨╜╨╕╨╡. ╨н╤В╨╛ ╨╝╨╛╨╢╨╡╤В ╤Б╤В╨░╤В╤М ╨┐╤А╨╕╤З╨╕╨╜╨╛╨╣ ╨╜╨╡╨▓╨╡╤А╨╜╨╛╨│╨╛ ╤А╨╡╨╖╤Г╨╗╤М╤В╨░╤В╨░ ╤Б╨▒╨╛╤А╨║╨╕.  ╨Т╨║╨╗╤О╤З╨╡╨╜╨╜╤Л╨╡ ╤Д╨░╨╣╨╗╤Л тАФ C:\Users\KusokMedi\Documents\GitHub\BetterShowcase\build\_deps\bindings-src\bindings\2.2081\inline\CCLayerRGBA.cpp, C:\Users\KusokMedi\Documents\GitHub\BetterShowcase\build\bindings\bindings\Geode\source\CCLayerRGBA.cpp. [C:\Users\KusokMedi\Documents\GitHub\BetterShowcase\build\bindings\GeodeBindings.vcxproj]
C:\Program Files (x86)\Microsoft Visual Studio\2022\BuildTools\MSBuild\Microsoft\VC\v170\Microsoft.CppBuild.targets(1129,5): warning MSB8027: ╨┤╨▓╨░ ╨╕╨╗╨╕ ╨▒╨╛╨╗╨╡╨╡ ╤Д╨░╨╣╨╗╨╛╨▓ ╤Б ╨╕╨╝╨╡╨╜╨╡╨╝ CCLens3D.cpp ╨▓╤Л╨▓╨╛╨┤╤П╤В ╤А╨╡╨╖╤Г╨╗╤М╤В╨░╤В╤Л ╨▓ ╨╛╨┤╨╜╨╛ ╨╕ ╤В╨╛ ╨╢╨╡ ╤А╨░╤Б╨┐╨╛╨╗╨╛╨╢╨╡╨╜╨╕╨╡. ╨н╤В╨╛ ╨╝╨╛╨╢╨╡╤В ╤Б╤В╨░╤В╤М ╨┐╤А╨╕╤З╨╕╨╜╨╛╨╣ ╨╜╨╡╨▓╨╡╤А╨╜╨╛╨│╨╛ ╤А╨╡╨╖╤Г╨╗╤М╤В╨░╤В╨░ ╤Б╨▒╨╛╤А╨║╨╕.  ╨Т╨║╨╗╤О╤З╨╡╨╜╨╜╤Л╨╡ ╤Д╨░╨╣╨╗╤Л тАФ C:\Users\KusokMedi\Documents\GitHub\BetterShowcase\build\_deps\bindings-src\bindings\2.2081\inline\CCLens3D.cpp, C:\Users\KusokMedi\Documents\GitHub\BetterShowcase\build\bindings\bindings\Geode\source\CCLens3D.cpp. [C:\Users\KusokMedi\Documents\GitHub\BetterShowcase\build\bindings\GeodeBindings.vcxproj]
C:\Program Files (x86)\Microsoft Visual Studio\2022\BuildTools\MSBuild\Microsoft\VC\v170\Microsoft.CppBuild.targets(1129,5): warning MSB8027: ╨┤╨▓╨░ ╨╕╨╗╨╕ ╨▒╨╛╨╗╨╡╨╡ ╤Д╨░╨╣╨╗╨╛╨▓ ╤Б ╨╕╨╝╨╡╨╜╨╡╨╝ CCLightFlash.cpp ╨▓╤Л╨▓╨╛╨┤╤П╤В ╤А╨╡╨╖╤Г╨╗╤М╤В╨░╤В╤Л ╨▓ ╨╛╨┤╨╜╨╛ ╨╕ ╤В╨╛ ╨╢╨╡ ╤А╨░╤Б╨┐╨╛╨╗╨╛╨╢╨╡╨╜╨╕╨╡. ╨н╤В╨╛ ╨╝╨╛╨╢╨╡╤В ╤Б╤В╨░╤В╤М ╨┐╤А╨╕╤З╨╕╨╜╨╛╨╣ ╨╜╨╡╨▓╨╡╤А╨╜╨╛╨│╨╛ ╤А╨╡╨╖╤Г╨╗╤М╤В╨░╤В╨░ ╤Б╨▒╨╛╤А╨║╨╕.  ╨Т╨║╨╗╤О╤З╨╡╨╜╨╜╤Л╨╡ ╤Д╨░╨╣╨╗╤Л тАФ C:\Users\KusokMedi\Documents\GitHub\BetterShowcase\build\_deps\bindings-src\bindings\2.2081\inline\CCLightFlash.cpp, C:\Users\KusokMedi\Documents\GitHub\BetterShowcase\build\bindings\bindings\Geode\source\CCLightFlash.cpp. [C:\Users\KusokMedi\Documents\GitHub\BetterShowcase\build\bindings\GeodeBindings.vcxproj]
C:\Program Files (x86)\Microsoft Visual Studio\2022\BuildTools\MSBuild\Microsoft\VC\v170\Microsoft.CppBuild.targets(1129,5): warning MSB8027: ╨┤╨▓╨░ ╨╕╨╗╨╕ ╨▒╨╛╨╗╨╡╨╡ ╤Д╨░╨╣╨╗╨╛╨▓ ╤Б ╨╕╨╝╨╡╨╜╨╡╨╝ CCLightStrip.cpp ╨▓╤Л╨▓╨╛╨┤╤П╤В ╤А╨╡╨╖╤Г╨╗╤М╤В╨░╤В╤Л ╨▓ ╨╛╨┤╨╜╨╛ ╨╕ ╤В╨╛ ╨╢╨╡ ╤А╨░╤Б╨┐╨╛╨╗╨╛╨╢╨╡╨╜╨╕╨╡. ╨н╤В╨╛ ╨╝╨╛╨╢╨╡╤В ╤Б╤В╨░╤В╤М ╨┐╤А╨╕╤З╨╕╨╜╨╛╨╣ ╨╜╨╡╨▓╨╡╤А╨╜╨╛╨│╨╛ ╤А╨╡╨╖╤Г╨╗╤М╤В╨░╤В╨░ ╤Б╨▒╨╛╤А╨║╨╕.  ╨Т╨║╨╗╤О╤З╨╡╨╜╨╜╤Л╨╡ ╤Д╨░╨╣╨╗╤Л тАФ C:\Users\KusokMedi\Documents\GitHub\BetterShowcase\build\_deps\bindings-src\bindings\2.2081\inline\CCLightStrip.cpp, C:\Users\KusokMedi\Documents\GitHub\BetterShowcase\build\bindings\bindings\Geode\source\CCLightStrip.cpp. [C:\Users\KusokMedi\Documents\GitHub\BetterShowcase\build\bindings\GeodeBindings.vcxproj]
C:\Program Files (x86)\Microsoft Visual Studio\2022\BuildTools\MSBuild\Microsoft\VC\v170\Microsoft.CppBuild.targets(1129,5): warning MSB8027: ╨┤╨▓╨░ ╨╕╨╗╨╕ ╨▒╨╛╨╗╨╡╨╡ ╤Д╨░╨╣╨╗╨╛╨▓ ╤Б ╨╕╨╝╨╡╨╜╨╡╨╝ CCLightning.cpp ╨▓╤Л╨▓╨╛╨┤╤П╤В ╤А╨╡╨╖╤Г╨╗╤М╤В╨░╤В╤Л ╨▓ ╨╛╨┤╨╜╨╛ ╨╕ ╤В╨╛ ╨╢╨╡ ╤А╨░╤Б╨┐╨╛╨╗╨╛╨╢╨╡╨╜╨╕╨╡. ╨н╤В╨╛ ╨╝╨╛╨╢╨╡╤В ╤Б╤В╨░╤В╤М ╨┐╤А╨╕╤З╨╕╨╜╨╛╨╣ ╨╜╨╡╨▓╨╡╤А╨╜╨╛╨│╨╛ ╤А╨╡╨╖╤Г╨╗╤М╤В╨░╤В╨░ ╤Б╨▒╨╛╤А╨║╨╕.  ╨Т╨║╨╗╤О╤З╨╡╨╜╨╜╤Л╨╡ ╤Д╨░╨╣╨╗╤Л тАФ C:\Users\KusokMedi\Documents\GitHub\BetterShowcase\build\_deps\bindings-src\bindings\2.2081\inline\CCLightning.cpp, C:\Users\KusokMedi\Documents\GitHub\BetterShowcase\build\bindings\bindings\Geode\source\CCLightning.cpp. [C:\Users\KusokMedi\Documents\GitHub\BetterShowcase\build\bindings\GeodeBindings.vcxproj]
C:\Program Files (x86)\Microsoft Visual Studio\2022\BuildTools\MSBuild\Microsoft\VC\v170\Microsoft.CppBuild.targets(1129,5): warning MSB8027: ╨┤╨▓╨░ ╨╕╨╗╨╕ ╨▒╨╛╨╗╨╡╨╡ ╤Д╨░╨╣╨╗╨╛╨▓ ╤Б ╨╕╨╝╨╡╨╜╨╡╨╝ CCLiquid.cpp ╨▓╤Л╨▓╨╛╨┤╤П╤В ╤А╨╡╨╖╤Г╨╗╤М╤В╨░╤В╤Л ╨▓ ╨╛╨┤╨╜╨╛ ╨╕ ╤В╨╛ ╨╢╨╡ ╤А╨░╤Б╨┐╨╛╨╗╨╛╨╢╨╡╨╜╨╕╨╡. ╨н╤В╨╛ ╨╝╨╛╨╢╨╡╤В ╤Б╤В╨░╤В╤М ╨┐╤А╨╕╤З╨╕╨╜╨╛╨╣ ╨╜╨╡╨▓╨╡╤А╨╜╨╛╨│╨╛ ╤А╨╡╨╖╤Г╨╗╤М╤В╨░╤В╨░ ╤Б╨▒╨╛╤А╨║╨╕.  ╨Т╨║╨╗╤О╤З╨╡╨╜╨╜╤Л╨╡ ╤Д╨░╨╣╨╗╤Л тАФ C:\Users\KusokMedi\Documents\GitHub\BetterShowcase\build\_deps\bindings-src\bindings\2.2081\inline\CCLiquid.cpp, C:\Users\KusokMedi\Documents\GitHub\BetterShowcase\build\bindings\bindings\Geode\source\CCLiquid.cpp. [C:\Users\KusokMedi\Documents\GitHub\BetterShowcase\build\bindings\GeodeBindings.vcxproj]
C:\Program Files (x86)\Microsoft Visual Studio\2022\BuildTools\MSBuild\Microsoft\VC\v170\Microsoft.CppBuild.targets(1129,5): warning MSB8027: ╨┤╨▓╨░ ╨╕╨╗╨╕ ╨▒╨╛╨╗╨╡╨╡ ╤Д╨░╨╣╨╗╨╛╨▓ ╤Б ╨╕╨╝╨╡╨╜╨╡╨╝ CCMenu.cpp ╨▓╤Л╨▓╨╛╨┤╤П╤В ╤А╨╡╨╖╤Г╨╗╤М╤В╨░╤В╤Л ╨▓ ╨╛╨┤╨╜╨╛ ╨╕ ╤В╨╛ ╨╢╨╡ ╤А╨░╤Б╨┐╨╛╨╗╨╛╨╢╨╡╨╜╨╕╨╡. ╨н╤В╨╛ ╨╝╨╛╨╢╨╡╤В ╤Б╤В╨░╤В╤М ╨┐╤А╨╕╤З╨╕╨╜╨╛╨╣ ╨╜╨╡╨▓╨╡╤А╨╜╨╛╨│╨╛ ╤А╨╡╨╖╤Г╨╗╤М╤В╨░╤В╨░ ╤Б╨▒╨╛╤А╨║╨╕.  ╨Т╨║╨╗╤О╤З╨╡╨╜╨╜╤Л╨╡ ╤Д╨░╨╣╨╗╤Л тАФ C:\Users\KusokMedi\Documents\GitHub\BetterShowcase\build\_deps\bindings-src\bindings\2.2081\inline\CCMenu.cpp, C:\Users\KusokMedi\Documents\GitHub\BetterShowcase\build\bindings\bindings\Geode\source\CCMenu.cpp. [C:\Users\KusokMedi\Documents\GitHub\BetterShowcase\build\bindings\GeodeBindings.vcxproj]
C:\Program Files (x86)\Microsoft Visual Studio\2022\BuildTools\MSBuild\Microsoft\VC\v170\Microsoft.CppBuild.targets(1129,5): warning MSB8027: ╨┤╨▓╨░ ╨╕╨╗╨╕ ╨▒╨╛╨╗╨╡╨╡ ╤Д╨░╨╣╨╗╨╛╨▓ ╤Б ╨╕╨╝╨╡╨╜╨╡╨╝ CCMenuItem.cpp ╨▓╤Л╨▓╨╛╨┤╤П╤В ╤А╨╡╨╖╤Г╨╗╤М╤В╨░╤В╤Л ╨▓ ╨╛╨┤╨╜╨╛ ╨╕ ╤В╨╛ ╨╢╨╡ ╤А╨░╤Б╨┐╨╛╨╗╨╛╨╢╨╡╨╜╨╕╨╡. ╨н╤В╨╛ ╨╝╨╛╨╢╨╡╤В ╤Б╤В╨░╤В╤М ╨┐╤А╨╕╤З╨╕╨╜╨╛╨╣ ╨╜╨╡╨▓╨╡╤А╨╜╨╛╨│╨╛ ╤А╨╡╨╖╤Г╨╗╤М╤В╨░╤В╨░ ╤Б╨▒╨╛╤А╨║╨╕.  ╨Т╨║╨╗╤О╤З╨╡╨╜╨╜╤Л╨╡ ╤Д╨░╨╣╨╗╤Л тАФ C:\Users\KusokMedi\Documents\GitHub\BetterShowcase\build\_deps\bindings-src\bindings\2.2081\inline\CCMenuItem.cpp, C:\Users\KusokMedi\Documents\GitHub\BetterShowcase\build\bindings\bindings\Geode\source\CCMenuItem.cpp. [C:\Users\KusokMedi\Documents\GitHub\BetterShowcase\build\bindings\GeodeBindings.vcxproj]
C:\Program Files (x86)\Microsoft Visual Studio\2022\BuildTools\MSBuild\Microsoft\VC\v170\Microsoft.CppBuild.targets(1129,5): warning MSB8027: ╨┤╨▓╨░ ╨╕╨╗╨╕ ╨▒╨╛╨╗╨╡╨╡ ╤Д╨░╨╣╨╗╨╛╨▓ ╤Б ╨╕╨╝╨╡╨╜╨╡╨╝ CCMenuItemAtlasFont.cpp ╨▓╤Л╨▓╨╛╨┤╤П╤В ╤А╨╡╨╖╤Г╨╗╤М╤В╨░╤В╤Л ╨▓ ╨╛╨┤╨╜╨╛ ╨╕ ╤В╨╛ ╨╢╨╡ ╤А╨░╤Б╨┐╨╛╨╗╨╛╨╢╨╡╨╜╨╕╨╡. ╨н╤В╨╛ ╨╝╨╛╨╢╨╡╤В ╤Б╤В╨░╤В╤М ╨┐╤А╨╕╤З╨╕╨╜╨╛╨╣ ╨╜╨╡╨▓╨╡╤А╨╜╨╛╨│╨╛ ╤А╨╡╨╖╤Г╨╗╤М╤В╨░╤В╨░ ╤Б╨▒╨╛╤А╨║╨╕.  ╨Т╨║╨╗╤О╤З╨╡╨╜╨╜╤Л╨╡ ╤Д╨░╨╣╨╗╤Л тАФ C:\Users\KusokMedi\Documents\GitHub\BetterShowcase\build\_deps\bindings-src\bindings\2.2081\inline\CCMenuItemAtlasFont.cpp, C:\Users\KusokMedi\Documents\GitHub\BetterShowcase\build\bindings\bindings\Geode\source\CCMenuItemAtlasFont.cpp. [C:\Users\KusokMedi\Documents\GitHub\BetterShowcase\build\bindings\GeodeBindings.vcxproj]
C:\Program Files (x86)\Microsoft Visual Studio\2022\BuildTools\MSBuild\Microsoft\VC\v170\Microsoft.CppBuild.targets(1129,5): warning MSB8027: ╨┤╨▓╨░ ╨╕╨╗╨╕ ╨▒╨╛╨╗╨╡╨╡ ╤Д╨░╨╣╨╗╨╛╨▓ ╤Б ╨╕╨╝╨╡╨╜╨╡╨╝ CCMenuItemFont.cpp ╨▓╤Л╨▓╨╛╨┤╤П╤В ╤А╨╡╨╖╤Г╨╗╤М╤В╨░╤В╤Л ╨▓ ╨╛╨┤╨╜╨╛ ╨╕ ╤В╨╛ ╨╢╨╡ ╤А╨░╤Б╨┐╨╛╨╗╨╛╨╢╨╡╨╜╨╕╨╡. ╨н╤В╨╛ ╨╝╨╛╨╢╨╡╤В ╤Б╤В╨░╤В╤М ╨┐╤А╨╕╤З╨╕╨╜╨╛╨╣ ╨╜╨╡╨▓╨╡╤А╨╜╨╛╨│╨╛ ╤А╨╡╨╖╤Г╨╗╤М╤В╨░╤В╨░ ╤Б╨▒╨╛╤А╨║╨╕.  ╨Т╨║╨╗╤О╤З╨╡╨╜╨╜╤Л╨╡ ╤Д╨░╨╣╨╗╤Л тАФ C:\Users\KusokMedi\Documents\GitHub\BetterShowcase\build\_deps\bindings-src\bindings\2.2081\inline\CCMenuItemFont.cpp, C:\Users\KusokMedi\Documents\GitHub\BetterShowcase\build\bindings\bindings\Geode\source\CCMenuItemFont.cpp. [C:\Users\KusokMedi\Documents\GitHub\BetterShowcase\build\bindings\GeodeBindings.vcxproj]
C:\Program Files (x86)\Microsoft Visual Studio\2022\BuildTools\MSBuild\Microsoft\VC\v170\Microsoft.CppBuild.targets(1129,5): warning MSB8027: ╨┤╨▓╨░ ╨╕╨╗╨╕ ╨▒╨╛╨╗╨╡╨╡ ╤Д╨░╨╣╨╗╨╛╨▓ ╤Б ╨╕╨╝╨╡╨╜╨╡╨╝ CCMenuItemImage.cpp ╨▓╤Л╨▓╨╛╨┤╤П╤В ╤А╨╡╨╖╤Г╨╗╤М╤В╨░╤В╤Л ╨▓ ╨╛╨┤╨╜╨╛ ╨╕ ╤В╨╛ ╨╢╨╡ ╤А╨░╤Б╨┐╨╛╨╗╨╛╨╢╨╡╨╜╨╕╨╡. ╨н╤В╨╛ ╨╝╨╛╨╢╨╡╤В ╤Б╤В╨░╤В╤М ╨┐╤А╨╕╤З╨╕╨╜╨╛╨╣ ╨╜╨╡╨▓╨╡╤А╨╜╨╛╨│╨╛ ╤А╨╡╨╖╤Г╨╗╤М╤В╨░╤В╨░ ╤Б╨▒╨╛╤А╨║╨╕.  ╨Т╨║╨╗╤О╤З╨╡╨╜╨╜╤Л╨╡ ╤Д╨░╨╣╨╗╤Л тАФ C:\Users\KusokMedi\Documents\GitHub\BetterShowcase\build\_deps\bindings-src\bindings\2.2081\inline\CCMenuItemImage.cpp, C:\Users\KusokMedi\Documents\GitHub\BetterShowcase\build\bindings\bindings\Geode\source\CCMenuItemImage.cpp. [C:\Users\KusokMedi\Documents\GitHub\BetterShowcase\build\bindings\GeodeBindings.vcxproj]
C:\Program Files (x86)\Microsoft Visual Studio\2022\BuildTools\MSBuild\Microsoft\VC\v170\Microsoft.CppBuild.targets(1129,5): warning MSB8027: ╨┤╨▓╨░ ╨╕╨╗╨╕ ╨▒╨╛╨╗╨╡╨╡ ╤Д╨░╨╣╨╗╨╛╨▓ ╤Б ╨╕╨╝╨╡╨╜╨╡╨╝ CCMenuItemLabel.cpp ╨▓╤Л╨▓╨╛╨┤╤П╤В ╤А╨╡╨╖╤Г╨╗╤М╤В╨░╤В╤Л ╨▓ ╨╛╨┤╨╜╨╛ ╨╕ ╤В╨╛ ╨╢╨╡ ╤А╨░╤Б╨┐╨╛╨╗╨╛╨╢╨╡╨╜╨╕╨╡. ╨н╤В╨╛ ╨╝╨╛╨╢╨╡╤В ╤Б╤В╨░╤В╤М ╨┐╤А╨╕╤З╨╕╨╜╨╛╨╣ ╨╜╨╡╨▓╨╡╤А╨╜╨╛╨│╨╛ ╤А╨╡╨╖╤Г╨╗╤М╤В╨░╤В╨░ ╤Б╨▒╨╛╤А╨║╨╕.  ╨Т╨║╨╗╤О╤З╨╡╨╜╨╜╤Л╨╡ ╤Д╨░╨╣╨╗╤Л тАФ C:\Users\KusokMedi\Documents\GitHub\BetterShowcase\build\_deps\bindings-src\bindings\2.2081\inline\CCMenuItemLabel.cpp, C:\Users\KusokMedi\Documents\GitHub\BetterShowcase\build\bindings\bindings\Geode\source\CCMenuItemLabel.cpp. [C:\Users\KusokMedi\Documents\GitHub\BetterShowcase\build\bindings\GeodeBindings.vcxproj]
C:\Program Files (x86)\Microsoft Visual Studio\2022\BuildTools\MSBuild\Microsoft\VC\v170\Microsoft.CppBuild.targets(1129,5): warning MSB8027: ╨┤╨▓╨░ ╨╕╨╗╨╕ ╨▒╨╛╨╗╨╡╨╡ ╤Д╨░╨╣╨╗╨╛╨▓ ╤Б ╨╕╨╝╨╡╨╜╨╡╨╝ CCMenuItemSprite.cpp ╨▓╤Л╨▓╨╛╨┤╤П╤В ╤А╨╡╨╖╤Г╨╗╤М╤В╨░╤В╤Л ╨▓ ╨╛╨┤╨╜╨╛ ╨╕ ╤В╨╛ ╨╢╨╡ ╤А╨░╤Б╨┐╨╛╨╗╨╛╨╢╨╡╨╜╨╕╨╡. ╨н╤В╨╛ ╨╝╨╛╨╢╨╡╤В ╤Б╤В╨░╤В╤М ╨┐╤А╨╕╤З╨╕╨╜╨╛╨╣ ╨╜╨╡╨▓╨╡╤А╨╜╨╛╨│╨╛ ╤А╨╡╨╖╤Г╨╗╤М╤В╨░╤В╨░ ╤Б╨▒╨╛╤А╨║╨╕.  ╨Т╨║╨╗╤О╤З╨╡╨╜╨╜╤Л╨╡ ╤Д╨░╨╣╨╗╤Л тАФ C:\Users\KusokMedi\Documents\GitHub\BetterShowcase\build\_deps\bindings-src\bindings\2.2081\inline\CCMenuItemSprite.cpp, C:\Users\KusokMedi\Documents\GitHub\BetterShowcase\build\bindings\bindings\Geode\source\CCMenuItemSprite.cpp. [C:\Users\KusokMedi\Documents\GitHub\BetterShowcase\build\bindings\GeodeBindings.vcxproj]
C:\Program Files (x86)\Microsoft Visual Studio\2022\BuildTools\MSBuild\Microsoft\VC\v170\Microsoft.CppBuild.targets(1129,5): warning MSB8027: ╨┤╨▓╨░ ╨╕╨╗╨╕ ╨▒╨╛╨╗╨╡╨╡ ╤Д╨░╨╣╨╗╨╛╨▓ ╤Б ╨╕╨╝╨╡╨╜╨╡╨╝ CCMenuItemSpriteExtra.cpp ╨▓╤Л╨▓╨╛╨┤╤П╤В ╤А╨╡╨╖╤Г╨╗╤М╤В╨░╤В╤Л ╨▓ ╨╛╨┤╨╜╨╛ ╨╕ ╤В╨╛ ╨╢╨╡ ╤А╨░╤Б╨┐╨╛╨╗╨╛╨╢╨╡╨╜╨╕╨╡. ╨н╤В╨╛ ╨╝╨╛╨╢╨╡╤В ╤Б╤В╨░╤В╤М ╨┐╤А╨╕╤З╨╕╨╜╨╛╨╣ ╨╜╨╡╨▓╨╡╤А╨╜╨╛╨│╨╛ ╤А╨╡╨╖╤Г╨╗╤М╤В╨░╤В╨░ ╤Б╨▒╨╛╤А╨║╨╕.  ╨Т╨║╨╗╤О╤З╨╡╨╜╨╜╤Л╨╡ ╤Д╨░╨╣╨╗╤Л тАФ C:\Users\KusokMedi\Documents\GitHub\BetterShowcase\build\_deps\bindings-src\bindings\2.2081\inline\CCMenuItemSpriteExtra.cpp, C:\Users\KusokMedi\Documents\GitHub\BetterShowcase\build\bindings\bindings\Geode\source\CCMenuItemSpriteExtra.cpp. [C:\Users\KusokMedi\Documents\GitHub\BetterShowcase\build\bindings\GeodeBindings.vcxproj]
C:\Program Files (x86)\Microsoft Visual Studio\2022\BuildTools\MSBuild\Microsoft\VC\v170\Microsoft.CppBuild.targets(1129,5): warning MSB8027: ╨┤╨▓╨░ ╨╕╨╗╨╕ ╨▒╨╛╨╗╨╡╨╡ ╤Д╨░╨╣╨╗╨╛╨▓ ╤Б ╨╕╨╝╨╡╨╜╨╡╨╝ CCMenuItemToggle.cpp ╨▓╤Л╨▓╨╛╨┤╤П╤В ╤А╨╡╨╖╤Г╨╗╤М╤В╨░╤В╤Л ╨▓ ╨╛╨┤╨╜╨╛ ╨╕ ╤В╨╛ ╨╢╨╡ ╤А╨░╤Б╨┐╨╛╨╗╨╛╨╢╨╡╨╜╨╕╨╡. ╨н╤В╨╛ ╨╝╨╛╨╢╨╡╤В ╤Б╤В╨░╤В╤М ╨┐╤А╨╕╤З╨╕╨╜╨╛╨╣ ╨╜╨╡╨▓╨╡╤А╨╜╨╛╨│╨╛ ╤А╨╡╨╖╤Г╨╗╤М╤В╨░╤В╨░ ╤Б╨▒╨╛╤А╨║╨╕.  ╨Т╨║╨╗╤О╤З╨╡╨╜╨╜╤Л╨╡ ╤Д╨░╨╣╨╗╤Л тАФ C:\Users\KusokMedi\Documents\GitHub\BetterShowcase\build\_deps\bindings-src\bindings\2.2081\inline\CCMenuItemToggle.cpp, C:\Users\KusokMedi\Documents\GitHub\BetterShowcase\build\bindings\bindings\Geode\source\CCMenuItemToggle.cpp. [C:\Users\KusokMedi\Documents\GitHub\BetterShowcase\build\bindings\GeodeBindings.vcxproj]
C:\Program Files (x86)\Microsoft Visual Studio\2022\BuildTools\MSBuild\Microsoft\VC\v170\Microsoft.CppBuild.targets(1129,5): warning MSB8027: ╨┤╨▓╨░ ╨╕╨╗╨╕ ╨▒╨╛╨╗╨╡╨╡ ╤Д╨░╨╣╨╗╨╛╨▓ ╤Б ╨╕╨╝╨╡╨╜╨╡╨╝ CCMenuItemToggler.cpp ╨▓╤Л╨▓╨╛╨┤╤П╤В ╤А╨╡╨╖╤Г╨╗╤М╤В╨░╤В╤Л ╨▓ ╨╛╨┤╨╜╨╛ ╨╕ ╤В╨╛ ╨╢╨╡ ╤А╨░╤Б╨┐╨╛╨╗╨╛╨╢╨╡╨╜╨╕╨╡. ╨н╤В╨╛ ╨╝╨╛╨╢╨╡╤В ╤Б╤В╨░╤В╤М ╨┐╤А╨╕╤З╨╕╨╜╨╛╨╣ ╨╜╨╡╨▓╨╡╤А╨╜╨╛╨│╨╛ ╤А╨╡╨╖╤Г╨╗╤М╤В╨░╤В╨░ ╤Б╨▒╨╛╤А╨║╨╕.  ╨Т╨║╨╗╤О╤З╨╡╨╜╨╜╤Л╨╡ ╤Д╨░╨╣╨╗╤Л тАФ C:\Users\KusokMedi\Documents\GitHub\BetterShowcase\build\_deps\bindings-src\bindings\2.2081\inline\CCMenuItemToggler.cpp, C:\Users\KusokMedi\Documents\GitHub\BetterShowcase\build\bindings\bindings\Geode\source\CCMenuItemToggler.cpp. [C:\Users\KusokMedi\Documents\GitHub\BetterShowcase\build\bindings\GeodeBindings.vcxproj]
C:\Program Files (x86)\Microsoft Visual Studio\2022\BuildTools\MSBuild\Microsoft\VC\v170\Microsoft.CppBuild.targets(1129,5): warning MSB8027: ╨┤╨▓╨░ ╨╕╨╗╨╕ ╨▒╨╛╨╗╨╡╨╡ ╤Д╨░╨╣╨╗╨╛╨▓ ╤Б ╨╕╨╝╨╡╨╜╨╡╨╝ CCMotionStreak.cpp ╨▓╤Л╨▓╨╛╨┤╤П╤В ╤А╨╡╨╖╤Г╨╗╤М╤В╨░╤В╤Л ╨▓ ╨╛╨┤╨╜╨╛ ╨╕ ╤В╨╛ ╨╢╨╡ ╤А╨░╤Б╨┐╨╛╨╗╨╛╨╢╨╡╨╜╨╕╨╡. ╨н╤В╨╛ ╨╝╨╛╨╢╨╡╤В ╤Б╤В╨░╤В╤М ╨┐╤А╨╕╤З╨╕╨╜╨╛╨╣ ╨╜╨╡╨▓╨╡╤А╨╜╨╛╨│╨╛ ╤А╨╡╨╖╤Г╨╗╤М╤В╨░╤В╨░ ╤Б╨▒╨╛╤А╨║╨╕.  ╨Т╨║╨╗╤О╤З╨╡╨╜╨╜╤Л╨╡ ╤Д╨░╨╣╨╗╤Л тАФ C:\Users\KusokMedi\Documents\GitHub\BetterShowcase\build\_deps\bindings-src\bindings\2.2081\inline\CCMotionStreak.cpp, C:\Users\KusokMedi\Documents\GitHub\BetterShowcase\build\bindings\bindings\Geode\source\CCMotionStreak.cpp. [C:\Users\KusokMedi\Documents\GitHub\BetterShowcase\build\bindings\GeodeBindings.vcxproj]
C:\Program Files (x86)\Microsoft Visual Studio\2022\BuildTools\MSBuild\Microsoft\VC\v170\Microsoft.CppBuild.targets(1129,5): warning MSB8027: ╨┤╨▓╨░ ╨╕╨╗╨╕ ╨▒╨╛╨╗╨╡╨╡ ╤Д╨░╨╣╨╗╨╛╨▓ ╤Б ╨╕╨╝╨╡╨╜╨╡╨╝ CCMouseDispatcher.cpp ╨▓╤Л╨▓╨╛╨┤╤П╤В ╤А╨╡╨╖╤Г╨╗╤М╤В╨░╤В╤Л ╨▓ ╨╛╨┤╨╜╨╛ ╨╕ ╤В╨╛ ╨╢╨╡ ╤А╨░╤Б╨┐╨╛╨╗╨╛╨╢╨╡╨╜╨╕╨╡. ╨н╤В╨╛ ╨╝╨╛╨╢╨╡╤В ╤Б╤В╨░╤В╤М ╨┐╤А╨╕╤З╨╕╨╜╨╛╨╣ ╨╜╨╡╨▓╨╡╤А╨╜╨╛╨│╨╛ ╤А╨╡╨╖╤Г╨╗╤М╤В╨░╤В╨░ ╤Б╨▒╨╛╤А╨║╨╕.  ╨Т╨║╨╗╤О╤З╨╡╨╜╨╜╤Л╨╡ ╤Д╨░╨╣╨╗╤Л тАФ C:\Users\KusokMedi\Documents\GitHub\BetterShowcase\build\_deps\bindings-src\bindings\2.2081\inline\CCMouseDispatcher.cpp, C:\Users\KusokMedi\Documents\GitHub\BetterShowcase\build\bindings\bindings\Geode\source\CCMouseDispatcher.cpp. [C:\Users\KusokMedi\Documents\GitHub\BetterShowcase\build\bindings\GeodeBindings.vcxproj]
C:\Program Files (x86)\Microsoft Visual Studio\2022\BuildTools\MSBuild\Microsoft\VC\v170\Microsoft.CppBuild.targets(1129,5): warning MSB8027: ╨┤╨▓╨░ ╨╕╨╗╨╕ ╨▒╨╛╨╗╨╡╨╡ ╤Д╨░╨╣╨╗╨╛╨▓ ╤Б ╨╕╨╝╨╡╨╜╨╡╨╝ CCMouseHandler.cpp ╨▓╤Л╨▓╨╛╨┤╤П╤В ╤А╨╡╨╖╤Г╨╗╤М╤В╨░╤В╤Л ╨▓ ╨╛╨┤╨╜╨╛ ╨╕ ╤В╨╛ ╨╢╨╡ ╤А╨░╤Б╨┐╨╛╨╗╨╛╨╢╨╡╨╜╨╕╨╡. ╨н╤В╨╛ ╨╝╨╛╨╢╨╡╤В ╤Б╤В╨░╤В╤М ╨┐╤А╨╕╤З╨╕╨╜╨╛╨╣ ╨╜╨╡╨▓╨╡╤А╨╜╨╛╨│╨╛ ╤А╨╡╨╖╤Г╨╗╤М╤В╨░╤В╨░ ╤Б╨▒╨╛╤А╨║╨╕.  ╨Т╨║╨╗╤О╤З╨╡╨╜╨╜╤Л╨╡ ╤Д╨░╨╣╨╗╤Л тАФ C:\Users\KusokMedi\Documents\GitHub\BetterShowcase\build\_deps\bindings-src\bindings\2.2081\inline\CCMouseHandler.cpp, C:\Users\KusokMedi\Documents\GitHub\BetterShowcase\build\bindings\bindings\Geode\source\CCMouseHandler.cpp. [C:\Users\KusokMedi\Documents\GitHub\BetterShowcase\build\bindings\GeodeBindings.vcxproj]
C:\Program Files (x86)\Microsoft Visual Studio\2022\BuildTools\MSBuild\Microsoft\VC\v170\Microsoft.CppBuild.targets(1129,5): warning MSB8027: ╨┤╨▓╨░ ╨╕╨╗╨╕ ╨▒╨╛╨╗╨╡╨╡ ╤Д╨░╨╣╨╗╨╛╨▓ ╤Б ╨╕╨╝╨╡╨╜╨╡╨╝ CCMoveBy.cpp ╨▓╤Л╨▓╨╛╨┤╤П╤В ╤А╨╡╨╖╤Г╨╗╤М╤В╨░╤В╤Л ╨▓ ╨╛╨┤╨╜╨╛ ╨╕ ╤В╨╛ ╨╢╨╡ ╤А╨░╤Б╨┐╨╛╨╗╨╛╨╢╨╡╨╜╨╕╨╡. ╨н╤В╨╛ ╨╝╨╛╨╢╨╡╤В ╤Б╤В╨░╤В╤М ╨┐╤А╨╕╤З╨╕╨╜╨╛╨╣ ╨╜╨╡╨▓╨╡╤А╨╜╨╛╨│╨╛ ╤А╨╡╨╖╤Г╨╗╤М╤В╨░╤В╨░ ╤Б╨▒╨╛╤А╨║╨╕.  ╨Т╨║╨╗╤О╤З╨╡╨╜╨╜╤Л╨╡ ╤Д╨░╨╣╨╗╤Л тАФ C:\Users\KusokMedi\Documents\GitHub\BetterShowcase\build\_deps\bindings-src\bindings\2.2081\inline\CCMoveBy.cpp, C:\Users\KusokMedi\Documents\GitHub\BetterShowcase\build\bindings\bindings\Geode\source\CCMoveBy.cpp. [C:\Users\KusokMedi\Documents\GitHub\BetterShowcase\build\bindings\GeodeBindings.vcxproj]
C:\Program Files (x86)\Microsoft Visual Studio\2022\BuildTools\MSBuild\Microsoft\VC\v170\Microsoft.CppBuild.targets(1129,5): warning MSB8027: ╨┤╨▓╨░ ╨╕╨╗╨╕ ╨▒╨╛╨╗╨╡╨╡ ╤Д╨░╨╣╨╗╨╛╨▓ ╤Б ╨╕╨╝╨╡╨╜╨╡╨╝ CCMoveCNode.cpp ╨▓╤Л╨▓╨╛╨┤╤П╤В ╤А╨╡╨╖╤Г╨╗╤М╤В╨░╤В╤Л ╨▓ ╨╛╨┤╨╜╨╛ ╨╕ ╤В╨╛ ╨╢╨╡ ╤А╨░╤Б╨┐╨╛╨╗╨╛╨╢╨╡╨╜╨╕╨╡. ╨н╤В╨╛ ╨╝╨╛╨╢╨╡╤В ╤Б╤В╨░╤В╤М ╨┐╤А╨╕╤З╨╕╨╜╨╛╨╣ ╨╜╨╡╨▓╨╡╤А╨╜╨╛╨│╨╛ ╤А╨╡╨╖╤Г╨╗╤М╤В╨░╤В╨░ ╤Б╨▒╨╛╤А╨║╨╕.  ╨Т╨║╨╗╤О╤З╨╡╨╜╨╜╤Л╨╡ ╤Д╨░╨╣╨╗╤Л тАФ C:\Users\KusokMedi\Documents\GitHub\BetterShowcase\build\_deps\bindings-src\bindings\2.2081\inline\CCMoveCNode.cpp, C:\Users\KusokMedi\Documents\GitHub\BetterShowcase\build\bindings\bindings\Geode\source\CCMoveCNode.cpp. [C:\Users\KusokMedi\Documents\GitHub\BetterShowcase\build\bindings\GeodeBindings.vcxproj]
C:\Program Files (x86)\Microsoft Visual Studio\2022\BuildTools\MSBuild\Microsoft\VC\v170\Microsoft.CppBuild.targets(1129,5): warning MSB8027: ╨┤╨▓╨░ ╨╕╨╗╨╕ ╨▒╨╛╨╗╨╡╨╡ ╤Д╨░╨╣╨╗╨╛╨▓ ╤Б ╨╕╨╝╨╡╨╜╨╡╨╝ CCMoveTo.cpp ╨▓╤Л╨▓╨╛╨┤╤П╤В ╤А╨╡╨╖╤Г╨╗╤М╤В╨░╤В╤Л ╨▓ ╨╛╨┤╨╜╨╛ ╨╕ ╤В╨╛ ╨╢╨╡ ╤А╨░╤Б╨┐╨╛╨╗╨╛╨╢╨╡╨╜╨╕╨╡. ╨н╤В╨╛ ╨╝╨╛╨╢╨╡╤В ╤Б╤В╨░╤В╤М ╨┐╤А╨╕╤З╨╕╨╜╨╛╨╣ ╨╜╨╡╨▓╨╡╤А╨╜╨╛╨│╨╛ ╤А╨╡╨╖╤Г╨╗╤М╤В╨░╤В╨░ ╤Б╨▒╨╛╤А╨║╨╕.  ╨Т╨║╨╗╤О╤З╨╡╨╜╨╜╤Л╨╡ ╤Д╨░╨╣╨╗╤Л тАФ C:\Users\KusokMedi\Documents\GitHub\BetterShowcase\build\_deps\bindings-src\bindings\2.2081\inline\CCMoveTo.cpp, C:\Users\KusokMedi\Documents\GitHub\BetterShowcase\build\bindings\bindings\Geode\source\CCMoveTo.cpp. [C:\Users\KusokMedi\Documents\GitHub\BetterShowcase\build\bindings\GeodeBindings.vcxproj]
C:\Program Files (x86)\Microsoft Visual Studio\2022\BuildTools\MSBuild\Microsoft\VC\v170\Microsoft.CppBuild.targets(1129,5): warning MSB8027: ╨┤╨▓╨░ ╨╕╨╗╨╕ ╨▒╨╛╨╗╨╡╨╡ ╤Д╨░╨╣╨╗╨╛╨▓ ╤Б ╨╕╨╝╨╡╨╜╨╡╨╝ CCNode.cpp ╨▓╤Л╨▓╨╛╨┤╤П╤В ╤А╨╡╨╖╤Г╨╗╤М╤В╨░╤В╤Л ╨▓ ╨╛╨┤╨╜╨╛ ╨╕ ╤В╨╛ ╨╢╨╡ ╤А╨░╤Б╨┐╨╛╨╗╨╛╨╢╨╡╨╜╨╕╨╡. ╨н╤В╨╛ ╨╝╨╛╨╢╨╡╤В ╤Б╤В╨░╤В╤М ╨┐╤А╨╕╤З╨╕╨╜╨╛╨╣ ╨╜╨╡╨▓╨╡╤А╨╜╨╛╨│╨╛ ╤А╨╡╨╖╤Г╨╗╤М╤В╨░╤В╨░ ╤Б╨▒╨╛╤А╨║╨╕.  ╨Т╨║╨╗╤О╤З╨╡╨╜╨╜╤Л╨╡ ╤Д╨░╨╣╨╗╤Л тАФ C:\Users\KusokMedi\Documents\GitHub\BetterShowcase\build\_deps\bindings-src\bindings\2.2081\inline\CCNode.cpp, C:\Users\KusokMedi\Documents\GitHub\BetterShowcase\build\bindings\bindings\Geode\source\CCNode.cpp. [C:\Users\KusokMedi\Documents\GitHub\BetterShowcase\build\bindings\GeodeBindings.vcxproj]
C:\Program Files (x86)\Microsoft Visual Studio\2022\BuildTools\MSBuild\Microsoft\VC\v170\Microsoft.CppBuild.targets(1129,5): warning MSB8027: ╨┤╨▓╨░ ╨╕╨╗╨╕ ╨▒╨╛╨╗╨╡╨╡ ╤Д╨░╨╣╨╗╨╛╨▓ ╤Б ╨╕╨╝╨╡╨╜╨╡╨╝ CCNodeContainer.cpp ╨▓╤Л╨▓╨╛╨┤╤П╤В ╤А╨╡╨╖╤Г╨╗╤М╤В╨░╤В╤Л ╨▓ ╨╛╨┤╨╜╨╛ ╨╕ ╤В╨╛ ╨╢╨╡ ╤А╨░╤Б╨┐╨╛╨╗╨╛╨╢╨╡╨╜╨╕╨╡. ╨н╤В╨╛ ╨╝╨╛╨╢╨╡╤В ╤Б╤В╨░╤В╤М ╨┐╤А╨╕╤З╨╕╨╜╨╛╨╣ ╨╜╨╡╨▓╨╡╤А╨╜╨╛╨│╨╛ ╤А╨╡╨╖╤Г╨╗╤М╤В╨░╤В╨░ ╤Б╨▒╨╛╤А╨║╨╕.  ╨Т╨║╨╗╤О╤З╨╡╨╜╨╜╤Л╨╡ ╤Д╨░╨╣╨╗╤Л тАФ C:\Users\KusokMedi\Documents\GitHub\BetterShowcase\build\_deps\bindings-src\bindings\2.2081\inline\CCNodeContainer.cpp, C:\Users\KusokMedi\Documents\GitHub\BetterShowcase\build\bindings\bindings\Geode\source\CCNodeContainer.cpp. [C:\Users\KusokMedi\Documents\GitHub\BetterShowcase\build\bindings\GeodeBindings.vcxproj]
C:\Program Files (x86)\Microsoft Visual Studio\2022\BuildTools\MSBuild\Microsoft\VC\v170\Microsoft.CppBuild.targets(1129,5): warning MSB8027: ╨┤╨▓╨░ ╨╕╨╗╨╕ ╨▒╨╛╨╗╨╡╨╡ ╤Д╨░╨╣╨╗╨╛╨▓ ╤Б ╨╕╨╝╨╡╨╜╨╡╨╝ CCNodeRGBA.cpp ╨▓╤Л╨▓╨╛╨┤╤П╤В ╤А╨╡╨╖╤Г╨╗╤М╤В╨░╤В╤Л ╨▓ ╨╛╨┤╨╜╨╛ ╨╕ ╤В╨╛ ╨╢╨╡ ╤А╨░╤Б╨┐╨╛╨╗╨╛╨╢╨╡╨╜╨╕╨╡. ╨н╤В╨╛ ╨╝╨╛╨╢╨╡╤В ╤Б╤В╨░╤В╤М ╨┐╤А╨╕╤З╨╕╨╜╨╛╨╣ ╨╜╨╡╨▓╨╡╤А╨╜╨╛╨│╨╛ ╤А╨╡╨╖╤Г╨╗╤М╤В╨░╤В╨░ ╤Б╨▒╨╛╤А╨║╨╕.  ╨Т╨║╨╗╤О╤З╨╡╨╜╨╜╤Л╨╡ ╤Д╨░╨╣╨╗╤Л тАФ C:\Users\KusokMedi\Documents\GitHub\BetterShowcase\build\_deps\bindings-src\bindings\2.2081\inline\CCNodeRGBA.cpp, C:\Users\KusokMedi\Documents\GitHub\BetterShowcase\build\bindings\bindings\Geode\source\CCNodeRGBA.cpp. [C:\Users\KusokMedi\Documents\GitHub\BetterShowcase\build\bindings\GeodeBindings.vcxproj]
C:\Program Files (x86)\Microsoft Visual Studio\2022\BuildTools\MSBuild\Microsoft\VC\v170\Microsoft.CppBuild.targets(1129,5): warning MSB8027: ╨┤╨▓╨░ ╨╕╨╗╨╕ ╨▒╨╛╨╗╨╡╨╡ ╤Д╨░╨╣╨╗╨╛╨▓ ╤Б ╨╕╨╝╨╡╨╜╨╡╨╝ CCNotificationCenter.cpp ╨▓╤Л╨▓╨╛╨┤╤П╤В ╤А╨╡╨╖╤Г╨╗╤М╤В╨░╤В╤Л ╨▓ ╨╛╨┤╨╜╨╛ ╨╕ ╤В╨╛ ╨╢╨╡ ╤А╨░╤Б╨┐╨╛╨╗╨╛╨╢╨╡╨╜╨╕╨╡. ╨н╤В╨╛ ╨╝╨╛╨╢╨╡╤В ╤Б╤В╨░╤В╤М ╨┐╤А╨╕╤З╨╕╨╜╨╛╨╣ ╨╜╨╡╨▓╨╡╤А╨╜╨╛╨│╨╛ ╤А╨╡╨╖╤Г╨╗╤М╤В╨░╤В╨░ ╤Б╨▒╨╛╤А╨║╨╕.  ╨Т╨║╨╗╤О╤З╨╡╨╜╨╜╤Л╨╡ ╤Д╨░╨╣╨╗╤Л тАФ C:\Users\KusokMedi\Documents\GitHub\BetterShowcase\build\_deps\bindings-src\bindings\2.2081\inline\CCNotificationCenter.cpp, C:\Users\KusokMedi\Documents\GitHub\BetterShowcase\build\bindings\bindings\Geode\source\CCNotificationCenter.cpp. [C:\Users\KusokMedi\Documents\GitHub\BetterShowcase\build\bindings\GeodeBindings.vcxproj]
C:\Program Files (x86)\Microsoft Visual Studio\2022\BuildTools\MSBuild\Microsoft\VC\v170\Microsoft.CppBuild.targets(1129,5): warning MSB8027: ╨┤╨▓╨░ ╨╕╨╗╨╕ ╨▒╨╛╨╗╨╡╨╡ ╤Д╨░╨╣╨╗╨╛╨▓ ╤Б ╨╕╨╝╨╡╨╜╨╡╨╝ CCNotificationObserver.cpp ╨▓╤Л╨▓╨╛╨┤╤П╤В ╤А╨╡╨╖╤Г╨╗╤М╤В╨░╤В╤Л ╨▓ ╨╛╨┤╨╜╨╛ ╨╕ ╤В╨╛ ╨╢╨╡ ╤А╨░╤Б╨┐╨╛╨╗╨╛╨╢╨╡╨╜╨╕╨╡. ╨н╤В╨╛ ╨╝╨╛╨╢╨╡╤В ╤Б╤В╨░╤В╤М ╨┐╤А╨╕╤З╨╕╨╜╨╛╨╣ ╨╜╨╡╨▓╨╡╤А╨╜╨╛╨│╨╛ ╤А╨╡╨╖╤Г╨╗╤М╤В╨░╤В╨░ ╤Б╨▒╨╛╤А╨║╨╕.  ╨Т╨║╨╗╤О╤З╨╡╨╜╨╜╤Л╨╡ ╤Д╨░╨╣╨╗╤Л тАФ C:\Users\KusokMedi\Documents\GitHub\BetterShowcase\build\_deps\bindings-src\bindings\2.2081\inline\CCNotificationObserver.cpp, C:\Users\KusokMedi\Documents\GitHub\BetterShowcase\build\bindings\bindings\Geode\source\CCNotificationObserver.cpp. [C:\Users\KusokMedi\Documents\GitHub\BetterShowcase\build\bindings\GeodeBindings.vcxproj]
C:\Program Files (x86)\Microsoft Visual Studio\2022\BuildTools\MSBuild\Microsoft\VC\v170\Microsoft.CppBuild.targets(1129,5): warning MSB8027: ╨┤╨▓╨░ ╨╕╨╗╨╕ ╨▒╨╛╨╗╨╡╨╡ ╤Д╨░╨╣╨╗╨╛╨▓ ╤Б ╨╕╨╝╨╡╨╜╨╡╨╝ CCObject.cpp ╨▓╤Л╨▓╨╛╨┤╤П╤В ╤А╨╡╨╖╤Г╨╗╤М╤В╨░╤В╤Л ╨▓ ╨╛╨┤╨╜╨╛ ╨╕ ╤В╨╛ ╨╢╨╡ ╤А╨░╤Б╨┐╨╛╨╗╨╛╨╢╨╡╨╜╨╕╨╡. ╨н╤В╨╛ ╨╝╨╛╨╢╨╡╤В ╤Б╤В╨░╤В╤М ╨┐╤А╨╕╤З╨╕╨╜╨╛╨╣ ╨╜╨╡╨▓╨╡╤А╨╜╨╛╨│╨╛ ╤А╨╡╨╖╤Г╨╗╤М╤В╨░╤В╨░ ╤Б╨▒╨╛╤А╨║╨╕.  ╨Т╨║╨╗╤О╤З╨╡╨╜╨╜╤Л╨╡ ╤Д╨░╨╣╨╗╤Л тАФ C:\Users\KusokMedi\Documents\GitHub\BetterShowcase\build\_deps\bindings-src\bindings\2.2081\inline\CCObject.cpp, C:\Users\KusokMedi\Documents\GitHub\BetterShowcase\build\bindings\bindings\Geode\source\CCObject.cpp. [C:\Users\KusokMedi\Documents\GitHub\BetterShowcase\build\bindings\GeodeBindings.vcxproj]
C:\Program Files (x86)\Microsoft Visual Studio\2022\BuildTools\MSBuild\Microsoft\VC\v170\Microsoft.CppBuild.targets(1129,5): warning MSB8027: ╨┤╨▓╨░ ╨╕╨╗╨╕ ╨▒╨╛╨╗╨╡╨╡ ╤Д╨░╨╣╨╗╨╛╨▓ ╤Б ╨╕╨╝╨╡╨╜╨╡╨╝ CCOrbitCamera.cpp ╨▓╤Л╨▓╨╛╨┤╤П╤В ╤А╨╡╨╖╤Г╨╗╤М╤В╨░╤В╤Л ╨▓ ╨╛╨┤╨╜╨╛ ╨╕ ╤В╨╛ ╨╢╨╡ ╤А╨░╤Б╨┐╨╛╨╗╨╛╨╢╨╡╨╜╨╕╨╡. ╨н╤В╨╛ ╨╝╨╛╨╢╨╡╤В ╤Б╤В╨░╤В╤М ╨┐╤А╨╕╤З╨╕╨╜╨╛╨╣ ╨╜╨╡╨▓╨╡╤А╨╜╨╛╨│╨╛ ╤А╨╡╨╖╤Г╨╗╤М╤В╨░╤В╨░ ╤Б╨▒╨╛╤А╨║╨╕.  ╨Т╨║╨╗╤О╤З╨╡╨╜╨╜╤Л╨╡ ╤Д╨░╨╣╨╗╤Л тАФ C:\Users\KusokMedi\Documents\GitHub\BetterShowcase\build\_deps\bindings-src\bindings\2.2081\inline\CCOrbitCamera.cpp, C:\Users\KusokMedi\Documents\GitHub\BetterShowcase\build\bindings\bindings\Geode\source\CCOrbitCamera.cpp. [C:\Users\KusokMedi\Documents\GitHub\BetterShowcase\build\bindings\GeodeBindings.vcxproj]
C:\Program Files (x86)\Microsoft Visual Studio\2022\BuildTools\MSBuild\Microsoft\VC\v170\Microsoft.CppBuild.targets(1129,5): warning MSB8027: ╨┤╨▓╨░ ╨╕╨╗╨╕ ╨▒╨╛╨╗╨╡╨╡ ╤Д╨░╨╣╨╗╨╛╨▓ ╤Б ╨╕╨╝╨╡╨╜╨╡╨╝ CCPageTurn3D.cpp ╨▓╤Л╨▓╨╛╨┤╤П╤В ╤А╨╡╨╖╤Г╨╗╤М╤В╨░╤В╤Л ╨▓ ╨╛╨┤╨╜╨╛ ╨╕ ╤В╨╛ ╨╢╨╡ ╤А╨░╤Б╨┐╨╛╨╗╨╛╨╢╨╡╨╜╨╕╨╡. ╨н╤В╨╛ ╨╝╨╛╨╢╨╡╤В ╤Б╤В╨░╤В╤М ╨┐╤А╨╕╤З╨╕╨╜╨╛╨╣ ╨╜╨╡╨▓╨╡╤А╨╜╨╛╨│╨╛ ╤А╨╡╨╖╤Г╨╗╤М╤В╨░╤В╨░ ╤Б╨▒╨╛╤А╨║╨╕.  ╨Т╨║╨╗╤О╤З╨╡╨╜╨╜╤Л╨╡ ╤Д╨░╨╣╨╗╤Л тАФ C:\Users\KusokMedi\Documents\GitHub\BetterShowcase\build\_deps\bindings-src\bindings\2.2081\inline\CCPageTurn3D.cpp, C:\Users\KusokMedi\Documents\GitHub\BetterShowcase\build\bindings\bindings\Geode\source\CCPageTurn3D.cpp. [C:\Users\KusokMedi\Documents\GitHub\BetterShowcase\build\bindings\GeodeBindings.vcxproj]
C:\Program Files (x86)\Microsoft Visual Studio\2022\BuildTools\MSBuild\Microsoft\VC\v170\Microsoft.CppBuild.targets(1129,5): warning MSB8027: ╨┤╨▓╨░ ╨╕╨╗╨╕ ╨▒╨╛╨╗╨╡╨╡ ╤Д╨░╨╣╨╗╨╛╨▓ ╤Б ╨╕╨╝╨╡╨╜╨╡╨╝ CCParallaxNode.cpp ╨▓╤Л╨▓╨╛╨┤╤П╤В ╤А╨╡╨╖╤Г╨╗╤М╤В╨░╤В╤Л ╨▓ ╨╛╨┤╨╜╨╛ ╨╕ ╤В╨╛ ╨╢╨╡ ╤А╨░╤Б╨┐╨╛╨╗╨╛╨╢╨╡╨╜╨╕╨╡. ╨н╤В╨╛ ╨╝╨╛╨╢╨╡╤В ╤Б╤В╨░╤В╤М ╨┐╤А╨╕╤З╨╕╨╜╨╛╨╣ ╨╜╨╡╨▓╨╡╤А╨╜╨╛╨│╨╛ ╤А╨╡╨╖╤Г╨╗╤М╤В╨░╤В╨░ ╤Б╨▒╨╛╤А╨║╨╕.  ╨Т╨║╨╗╤О╤З╨╡╨╜╨╜╤Л╨╡ ╤Д╨░╨╣╨╗╤Л тАФ C:\Users\KusokMedi\Documents\GitHub\BetterShowcase\build\_deps\bindings-src\bindings\2.2081\inline\CCParallaxNode.cpp, C:\Users\KusokMedi\Documents\GitHub\BetterShowcase\build\bindings\bindings\Geode\source\CCParallaxNode.cpp. [C:\Users\KusokMedi\Documents\GitHub\BetterShowcase\build\bindings\GeodeBindings.vcxproj]
C:\Program Files (x86)\Microsoft Visual Studio\2022\BuildTools\MSBuild\Microsoft\VC\v170\Microsoft.CppBuild.targets(1129,5): warning MSB8027: ╨┤╨▓╨░ ╨╕╨╗╨╕ ╨▒╨╛╨╗╨╡╨╡ ╤Д╨░╨╣╨╗╨╛╨▓ ╤Б ╨╕╨╝╨╡╨╜╨╡╨╝ CCPartAnimSprite.cpp ╨▓╤Л╨▓╨╛╨┤╤П╤В ╤А╨╡╨╖╤Г╨╗╤М╤В╨░╤В╤Л ╨▓ ╨╛╨┤╨╜╨╛ ╨╕ ╤В╨╛ ╨╢╨╡ ╤А╨░╤Б╨┐╨╛╨╗╨╛╨╢╨╡╨╜╨╕╨╡. ╨н╤В╨╛ ╨╝╨╛╨╢╨╡╤В ╤Б╤В╨░╤В╤М ╨┐╤А╨╕╤З╨╕╨╜╨╛╨╣ ╨╜╨╡╨▓╨╡╤А╨╜╨╛╨│╨╛ ╤А╨╡╨╖╤Г╨╗╤М╤В╨░╤В╨░ ╤Б╨▒╨╛╤А╨║╨╕.  ╨Т╨║╨╗╤О╤З╨╡╨╜╨╜╤Л╨╡ ╤Д╨░╨╣╨╗╤Л тАФ C:\Users\KusokMedi\Documents\GitHub\BetterShowcase\build\_deps\bindings-src\bindings\2.2081\inline\CCPartAnimSprite.cpp, C:\Users\KusokMedi\Documents\GitHub\BetterShowcase\build\bindings\bindings\Geode\source\CCPartAnimSprite.cpp. [C:\Users\KusokMedi\Documents\GitHub\BetterShowcase\build\bindings\GeodeBindings.vcxproj]
C:\Program Files (x86)\Microsoft Visual Studio\2022\BuildTools\MSBuild\Microsoft\VC\v170\Microsoft.CppBuild.targets(1129,5): warning MSB8027: ╨┤╨▓╨░ ╨╕╨╗╨╕ ╨▒╨╛╨╗╨╡╨╡ ╤Д╨░╨╣╨╗╨╛╨▓ ╤Б ╨╕╨╝╨╡╨╜╨╡╨╝ CCParticleBatchNode.cpp ╨▓╤Л╨▓╨╛╨┤╤П╤В ╤А╨╡╨╖╤Г╨╗╤М╤В╨░╤В╤Л ╨▓ ╨╛╨┤╨╜╨╛ ╨╕ ╤В╨╛ ╨╢╨╡ ╤А╨░╤Б╨┐╨╛╨╗╨╛╨╢╨╡╨╜╨╕╨╡. ╨н╤В╨╛ ╨╝╨╛╨╢╨╡╤В ╤Б╤В╨░╤В╤М ╨┐╤А╨╕╤З╨╕╨╜╨╛╨╣ ╨╜╨╡╨▓╨╡╤А╨╜╨╛╨│╨╛ ╤А╨╡╨╖╤Г╨╗╤М╤В╨░╤В╨░ ╤Б╨▒╨╛╤А╨║╨╕.  ╨Т╨║╨╗╤О╤З╨╡╨╜╨╜╤Л╨╡ ╤Д╨░╨╣╨╗╤Л тАФ C:\Users\KusokMedi\Documents\GitHub\BetterShowcase\build\_deps\bindings-src\bindings\2.2081\inline\CCParticleBatchNode.cpp, C:\Users\KusokMedi\Documents\GitHub\BetterShowcase\build\bindings\bindings\Geode\source\CCParticleBatchNode.cpp. [C:\Users\KusokMedi\Documents\GitHub\BetterShowcase\build\bindings\GeodeBindings.vcxproj]
C:\Program Files (x86)\Microsoft Visual Studio\2022\BuildTools\MSBuild\Microsoft\VC\v170\Microsoft.CppBuild.targets(1129,5): warning MSB8027: ╨┤╨▓╨░ ╨╕╨╗╨╕ ╨▒╨╛╨╗╨╡╨╡ ╤Д╨░╨╣╨╗╨╛╨▓ ╤Б ╨╕╨╝╨╡╨╜╨╡╨╝ CCParticleExplosion.cpp ╨▓╤Л╨▓╨╛╨┤╤П╤В ╤А╨╡╨╖╤Г╨╗╤М╤В╨░╤В╤Л ╨▓ ╨╛╨┤╨╜╨╛ ╨╕ ╤В╨╛ ╨╢╨╡ ╤А╨░╤Б╨┐╨╛╨╗╨╛╨╢╨╡╨╜╨╕╨╡. ╨н╤В╨╛ ╨╝╨╛╨╢╨╡╤В ╤Б╤В╨░╤В╤М ╨┐╤А╨╕╤З╨╕╨╜╨╛╨╣ ╨╜╨╡╨▓╨╡╤А╨╜╨╛╨│╨╛ ╤А╨╡╨╖╤Г╨╗╤М╤В╨░╤В╨░ ╤Б╨▒╨╛╤А╨║╨╕.  ╨Т╨║╨╗╤О╤З╨╡╨╜╨╜╤Л╨╡ ╤Д╨░╨╣╨╗╤Л тАФ C:\Users\KusokMedi\Documents\GitHub\BetterShowcase\build\_deps\bindings-src\bindings\2.2081\inline\CCParticleExplosion.cpp, C:\Users\KusokMedi\Documents\GitHub\BetterShowcase\build\bindings\bindings\Geode\source\CCParticleExplosion.cpp. [C:\Users\KusokMedi\Documents\GitHub\BetterShowcase\build\bindings\GeodeBindings.vcxproj]
C:\Program Files (x86)\Microsoft Visual Studio\2022\BuildTools\MSBuild\Microsoft\VC\v170\Microsoft.CppBuild.targets(1129,5): warning MSB8027: ╨┤╨▓╨░ ╨╕╨╗╨╕ ╨▒╨╛╨╗╨╡╨╡ ╤Д╨░╨╣╨╗╨╛╨▓ ╤Б ╨╕╨╝╨╡╨╜╨╡╨╝ CCParticleFire.cpp ╨▓╤Л╨▓╨╛╨┤╤П╤В ╤А╨╡╨╖╤Г╨╗╤М╤В╨░╤В╤Л ╨▓ ╨╛╨┤╨╜╨╛ ╨╕ ╤В╨╛ ╨╢╨╡ ╤А╨░╤Б╨┐╨╛╨╗╨╛╨╢╨╡╨╜╨╕╨╡. ╨н╤В╨╛ ╨╝╨╛╨╢╨╡╤В ╤Б╤В╨░╤В╤М ╨┐╤А╨╕╤З╨╕╨╜╨╛╨╣ ╨╜╨╡╨▓╨╡╤А╨╜╨╛╨│╨╛ ╤А╨╡╨╖╤Г╨╗╤М╤В╨░╤В╨░ ╤Б╨▒╨╛╤А╨║╨╕.  ╨Т╨║╨╗╤О╤З╨╡╨╜╨╜╤Л╨╡ ╤Д╨░╨╣╨╗╤Л тАФ C:\Users\KusokMedi\Documents\GitHub\BetterShowcase\build\_deps\bindings-src\bindings\2.2081\inline\CCParticleFire.cpp, C:\Users\KusokMedi\Documents\GitHub\BetterShowcase\build\bindings\bindings\Geode\source\CCParticleFire.cpp. [C:\Users\KusokMedi\Documents\GitHub\BetterShowcase\build\bindings\GeodeBindings.vcxproj]
C:\Program Files (x86)\Microsoft Visual Studio\2022\BuildTools\MSBuild\Microsoft\VC\v170\Microsoft.CppBuild.targets(1129,5): warning MSB8027: ╨┤╨▓╨░ ╨╕╨╗╨╕ ╨▒╨╛╨╗╨╡╨╡ ╤Д╨░╨╣╨╗╨╛╨▓ ╤Б ╨╕╨╝╨╡╨╜╨╡╨╝ CCParticleFireworks.cpp ╨▓╤Л╨▓╨╛╨┤╤П╤В ╤А╨╡╨╖╤Г╨╗╤М╤В╨░╤В╤Л ╨▓ ╨╛╨┤╨╜╨╛ ╨╕ ╤В╨╛ ╨╢╨╡ ╤А╨░╤Б╨┐╨╛╨╗╨╛╨╢╨╡╨╜╨╕╨╡. ╨н╤В╨╛ ╨╝╨╛╨╢╨╡╤В ╤Б╤В╨░╤В╤М ╨┐╤А╨╕╤З╨╕╨╜╨╛╨╣ ╨╜╨╡╨▓╨╡╤А╨╜╨╛╨│╨╛ ╤А╨╡╨╖╤Г╨╗╤М╤В╨░╤В╨░ ╤Б╨▒╨╛╤А╨║╨╕.  ╨Т╨║╨╗╤О╤З╨╡╨╜╨╜╤Л╨╡ ╤Д╨░╨╣╨╗╤Л тАФ C:\Users\KusokMedi\Documents\GitHub\BetterShowcase\build\_deps\bindings-src\bindings\2.2081\inline\CCParticleFireworks.cpp, C:\Users\KusokMedi\Documents\GitHub\BetterShowcase\build\bindings\bindings\Geode\source\CCParticleFireworks.cpp. [C:\Users\KusokMedi\Documents\GitHub\BetterShowcase\build\bindings\GeodeBindings.vcxproj]
C:\Program Files (x86)\Microsoft Visual Studio\2022\BuildTools\MSBuild\Microsoft\VC\v170\Microsoft.CppBuild.targets(1129,5): warning MSB8027: ╨┤╨▓╨░ ╨╕╨╗╨╕ ╨▒╨╛╨╗╨╡╨╡ ╤Д╨░╨╣╨╗╨╛╨▓ ╤Б ╨╕╨╝╨╡╨╜╨╡╨╝ CCParticleFlower.cpp ╨▓╤Л╨▓╨╛╨┤╤П╤В ╤А╨╡╨╖╤Г╨╗╤М╤В╨░╤В╤Л ╨▓ ╨╛╨┤╨╜╨╛ ╨╕ ╤В╨╛ ╨╢╨╡ ╤А╨░╤Б╨┐╨╛╨╗╨╛╨╢╨╡╨╜╨╕╨╡. ╨н╤В╨╛ ╨╝╨╛╨╢╨╡╤В ╤Б╤В╨░╤В╤М ╨┐╤А╨╕╤З╨╕╨╜╨╛╨╣ ╨╜╨╡╨▓╨╡╤А╨╜╨╛╨│╨╛ ╤А╨╡╨╖╤Г╨╗╤М╤В╨░╤В╨░ ╤Б╨▒╨╛╤А╨║╨╕.  ╨Т╨║╨╗╤О╤З╨╡╨╜╨╜╤Л╨╡ ╤Д╨░╨╣╨╗╤Л тАФ C:\Users\KusokMedi\Documents\GitHub\BetterShowcase\build\_deps\bindings-src\bindings\2.2081\inline\CCParticleFlower.cpp, C:\Users\KusokMedi\Documents\GitHub\BetterShowcase\build\bindings\bindings\Geode\source\CCParticleFlower.cpp. [C:\Users\KusokMedi\Documents\GitHub\BetterShowcase\build\bindings\GeodeBindings.vcxproj]
C:\Program Files (x86)\Microsoft Visual Studio\2022\BuildTools\MSBuild\Microsoft\VC\v170\Microsoft.CppBuild.targets(1129,5): warning MSB8027: ╨┤╨▓╨░ ╨╕╨╗╨╕ ╨▒╨╛╨╗╨╡╨╡ ╤Д╨░╨╣╨╗╨╛╨▓ ╤Б ╨╕╨╝╨╡╨╜╨╡╨╝ CCParticleGalaxy.cpp ╨▓╤Л╨▓╨╛╨┤╤П╤В ╤А╨╡╨╖╤Г╨╗╤М╤В╨░╤В╤Л ╨▓ ╨╛╨┤╨╜╨╛ ╨╕ ╤В╨╛ ╨╢╨╡ ╤А╨░╤Б╨┐╨╛╨╗╨╛╨╢╨╡╨╜╨╕╨╡. ╨н╤В╨╛ ╨╝╨╛╨╢╨╡╤В ╤Б╤В╨░╤В╤М ╨┐╤А╨╕╤З╨╕╨╜╨╛╨╣ ╨╜╨╡╨▓╨╡╤А╨╜╨╛╨│╨╛ ╤А╨╡╨╖╤Г╨╗╤М╤В╨░╤В╨░ ╤Б╨▒╨╛╤А╨║╨╕.  ╨Т╨║╨╗╤О╤З╨╡╨╜╨╜╤Л╨╡ ╤Д╨░╨╣╨╗╤Л тАФ C:\Users\KusokMedi\Documents\GitHub\BetterShowcase\build\_deps\bindings-src\bindings\2.2081\inline\CCParticleGalaxy.cpp, C:\Users\KusokMedi\Documents\GitHub\BetterShowcase\build\bindings\bindings\Geode\source\CCParticleGalaxy.cpp. [C:\Users\KusokMedi\Documents\GitHub\BetterShowcase\build\bindings\GeodeBindings.vcxproj]
C:\Program Files (x86)\Microsoft Visual Studio\2022\BuildTools\MSBuild\Microsoft\VC\v170\Microsoft.CppBuild.targets(1129,5): warning MSB8027: ╨┤╨▓╨░ ╨╕╨╗╨╕ ╨▒╨╛╨╗╨╡╨╡ ╤Д╨░╨╣╨╗╨╛╨▓ ╤Б ╨╕╨╝╨╡╨╜╨╡╨╝ CCParticleMeteor.cpp ╨▓╤Л╨▓╨╛╨┤╤П╤В ╤А╨╡╨╖╤Г╨╗╤М╤В╨░╤В╤Л ╨▓ ╨╛╨┤╨╜╨╛ ╨╕ ╤В╨╛ ╨╢╨╡ ╤А╨░╤Б╨┐╨╛╨╗╨╛╨╢╨╡╨╜╨╕╨╡. ╨н╤В╨╛ ╨╝╨╛╨╢╨╡╤В ╤Б╤В╨░╤В╤М ╨┐╤А╨╕╤З╨╕╨╜╨╛╨╣ ╨╜╨╡╨▓╨╡╤А╨╜╨╛╨│╨╛ ╤А╨╡╨╖╤Г╨╗╤М╤В╨░╤В╨░ ╤Б╨▒╨╛╤А╨║╨╕.  ╨Т╨║╨╗╤О╤З╨╡╨╜╨╜╤Л╨╡ ╤Д╨░╨╣╨╗╤Л тАФ C:\Users\KusokMedi\Documents\GitHub\BetterShowcase\build\_deps\bindings-src\bindings\2.2081\inline\CCParticleMeteor.cpp, C:\Users\KusokMedi\Documents\GitHub\BetterShowcase\build\bindings\bindings\Geode\source\CCParticleMeteor.cpp. [C:\Users\KusokMedi\Documents\GitHub\BetterShowcase\build\bindings\GeodeBindings.vcxproj]
C:\Program Files (x86)\Microsoft Visual Studio\2022\BuildTools\MSBuild\Microsoft\VC\v170\Microsoft.CppBuild.targets(1129,5): warning MSB8027: ╨┤╨▓╨░ ╨╕╨╗╨╕ ╨▒╨╛╨╗╨╡╨╡ ╤Д╨░╨╣╨╗╨╛╨▓ ╤Б ╨╕╨╝╨╡╨╜╨╡╨╝ CCParticleRain.cpp ╨▓╤Л╨▓╨╛╨┤╤П╤В ╤А╨╡╨╖╤Г╨╗╤М╤В╨░╤В╤Л ╨▓ ╨╛╨┤╨╜╨╛ ╨╕ ╤В╨╛ ╨╢╨╡ ╤А╨░╤Б╨┐╨╛╨╗╨╛╨╢╨╡╨╜╨╕╨╡. ╨н╤В╨╛ ╨╝╨╛╨╢╨╡╤В ╤Б╤В╨░╤В╤М ╨┐╤А╨╕╤З╨╕╨╜╨╛╨╣ ╨╜╨╡╨▓╨╡╤А╨╜╨╛╨│╨╛ ╤А╨╡╨╖╤Г╨╗╤М╤В╨░╤В╨░ ╤Б╨▒╨╛╤А╨║╨╕.  ╨Т╨║╨╗╤О╤З╨╡╨╜╨╜╤Л╨╡ ╤Д╨░╨╣╨╗╤Л тАФ C:\Users\KusokMedi\Documents\GitHub\BetterShowcase\build\_deps\bindings-src\bindings\2.2081\inline\CCParticleRain.cpp, C:\Users\KusokMedi\Documents\GitHub\BetterShowcase\build\bindings\bindings\Geode\source\CCParticleRain.cpp. [C:\Users\KusokMedi\Documents\GitHub\BetterShowcase\build\bindings\GeodeBindings.vcxproj]
C:\Program Files (x86)\Microsoft Visual Studio\2022\BuildTools\MSBuild\Microsoft\VC\v170\Microsoft.CppBuild.targets(1129,5): warning MSB8027: ╨┤╨▓╨░ ╨╕╨╗╨╕ ╨▒╨╛╨╗╨╡╨╡ ╤Д╨░╨╣╨╗╨╛╨▓ ╤Б ╨╕╨╝╨╡╨╜╨╡╨╝ CCParticleSmoke.cpp ╨▓╤Л╨▓╨╛╨┤╤П╤В ╤А╨╡╨╖╤Г╨╗╤М╤В╨░╤В╤Л ╨▓ ╨╛╨┤╨╜╨╛ ╨╕ ╤В╨╛ ╨╢╨╡ ╤А╨░╤Б╨┐╨╛╨╗╨╛╨╢╨╡╨╜╨╕╨╡. ╨н╤В╨╛ ╨╝╨╛╨╢╨╡╤В ╤Б╤В╨░╤В╤М ╨┐╤А╨╕╤З╨╕╨╜╨╛╨╣ ╨╜╨╡╨▓╨╡╤А╨╜╨╛╨│╨╛ ╤А╨╡╨╖╤Г╨╗╤М╤В╨░╤В╨░ ╤Б╨▒╨╛╤А╨║╨╕.  ╨Т╨║╨╗╤О╤З╨╡╨╜╨╜╤Л╨╡ ╤Д╨░╨╣╨╗╤Л тАФ C:\Users\KusokMedi\Documents\GitHub\BetterShowcase\build\_deps\bindings-src\bindings\2.2081\inline\CCParticleSmoke.cpp, C:\Users\KusokMedi\Documents\GitHub\BetterShowcase\build\bindings\bindings\Geode\source\CCParticleSmoke.cpp. [C:\Users\KusokMedi\Documents\GitHub\BetterShowcase\build\bindings\GeodeBindings.vcxproj]
C:\Program Files (x86)\Microsoft Visual Studio\2022\BuildTools\MSBuild\Microsoft\VC\v170\Microsoft.CppBuild.targets(1129,5): warning MSB8027: ╨┤╨▓╨░ ╨╕╨╗╨╕ ╨▒╨╛╨╗╨╡╨╡ ╤Д╨░╨╣╨╗╨╛╨▓ ╤Б ╨╕╨╝╨╡╨╜╨╡╨╝ CCParticleSnow.cpp ╨▓╤Л╨▓╨╛╨┤╤П╤В ╤А╨╡╨╖╤Г╨╗╤М╤В╨░╤В╤Л ╨▓ ╨╛╨┤╨╜╨╛ ╨╕ ╤В╨╛ ╨╢╨╡ ╤А╨░╤Б╨┐╨╛╨╗╨╛╨╢╨╡╨╜╨╕╨╡. ╨н╤В╨╛ ╨╝╨╛╨╢╨╡╤В ╤Б╤В╨░╤В╤М ╨┐╤А╨╕╤З╨╕╨╜╨╛╨╣ ╨╜╨╡╨▓╨╡╤А╨╜╨╛╨│╨╛ ╤А╨╡╨╖╤Г╨╗╤М╤В╨░╤В╨░ ╤Б╨▒╨╛╤А╨║╨╕.  ╨Т╨║╨╗╤О╤З╨╡╨╜╨╜╤Л╨╡ ╤Д╨░╨╣╨╗╤Л тАФ C:\Users\KusokMedi\Documents\GitHub\BetterShowcase\build\_deps\bindings-src\bindings\2.2081\inline\CCParticleSnow.cpp, C:\Users\KusokMedi\Documents\GitHub\BetterShowcase\build\bindings\bindings\Geode\source\CCParticleSnow.cpp. [C:\Users\KusokMedi\Documents\GitHub\BetterShowcase\build\bindings\GeodeBindings.vcxproj]
C:\Program Files (x86)\Microsoft Visual Studio\2022\BuildTools\MSBuild\Microsoft\VC\v170\Microsoft.CppBuild.targets(1129,5): warning MSB8027: ╨┤╨▓╨░ ╨╕╨╗╨╕ ╨▒╨╛╨╗╨╡╨╡ ╤Д╨░╨╣╨╗╨╛╨▓ ╤Б ╨╕╨╝╨╡╨╜╨╡╨╝ CCParticleSpiral.cpp ╨▓╤Л╨▓╨╛╨┤╤П╤В ╤А╨╡╨╖╤Г╨╗╤М╤В╨░╤В╤Л ╨▓ ╨╛╨┤╨╜╨╛ ╨╕ ╤В╨╛ ╨╢╨╡ ╤А╨░╤Б╨┐╨╛╨╗╨╛╨╢╨╡╨╜╨╕╨╡. ╨н╤В╨╛ ╨╝╨╛╨╢╨╡╤В ╤Б╤В╨░╤В╤М ╨┐╤А╨╕╤З╨╕╨╜╨╛╨╣ ╨╜╨╡╨▓╨╡╤А╨╜╨╛╨│╨╛ ╤А╨╡╨╖╤Г╨╗╤М╤В╨░╤В╨░ ╤Б╨▒╨╛╤А╨║╨╕.  ╨Т╨║╨╗╤О╤З╨╡╨╜╨╜╤Л╨╡ ╤Д╨░╨╣╨╗╤Л тАФ C:\Users\KusokMedi\Documents\GitHub\BetterShowcase\build\_deps\bindings-src\bindings\2.2081\inline\CCParticleSpiral.cpp, C:\Users\KusokMedi\Documents\GitHub\BetterShowcase\build\bindings\bindings\Geode\source\CCParticleSpiral.cpp. [C:\Users\KusokMedi\Documents\GitHub\BetterShowcase\build\bindings\GeodeBindings.vcxproj]
C:\Program Files (x86)\Microsoft Visual Studio\2022\BuildTools\MSBuild\Microsoft\VC\v170\Microsoft.CppBuild.targets(1129,5): warning MSB8027: ╨┤╨▓╨░ ╨╕╨╗╨╕ ╨▒╨╛╨╗╨╡╨╡ ╤Д╨░╨╣╨╗╨╛╨▓ ╤Б ╨╕╨╝╨╡╨╜╨╡╨╝ CCParticleSun.cpp ╨▓╤Л╨▓╨╛╨┤╤П╤В ╤А╨╡╨╖╤Г╨╗╤М╤В╨░╤В╤Л ╨▓ ╨╛╨┤╨╜╨╛ ╨╕ ╤В╨╛ ╨╢╨╡ ╤А╨░╤Б╨┐╨╛╨╗╨╛╨╢╨╡╨╜╨╕╨╡. ╨н╤В╨╛ ╨╝╨╛╨╢╨╡╤В ╤Б╤В╨░╤В╤М ╨┐╤А╨╕╤З╨╕╨╜╨╛╨╣ ╨╜╨╡╨▓╨╡╤А╨╜╨╛╨│╨╛ ╤А╨╡╨╖╤Г╨╗╤М╤В╨░╤В╨░ ╤Б╨▒╨╛╤А╨║╨╕.  ╨Т╨║╨╗╤О╤З╨╡╨╜╨╜╤Л╨╡ ╤Д╨░╨╣╨╗╤Л тАФ C:\Users\KusokMedi\Documents\GitHub\BetterShowcase\build\_deps\bindings-src\bindings\2.2081\inline\CCParticleSun.cpp, C:\Users\KusokMedi\Documents\GitHub\BetterShowcase\build\bindings\bindings\Geode\source\CCParticleSun.cpp. [C:\Users\KusokMedi\Documents\GitHub\BetterShowcase\build\bindings\GeodeBindings.vcxproj]
C:\Program Files (x86)\Microsoft Visual Studio\2022\BuildTools\MSBuild\Microsoft\VC\v170\Microsoft.CppBuild.targets(1129,5): warning MSB8027: ╨┤╨▓╨░ ╨╕╨╗╨╕ ╨▒╨╛╨╗╨╡╨╡ ╤Д╨░╨╣╨╗╨╛╨▓ ╤Б ╨╕╨╝╨╡╨╜╨╡╨╝ CCParticleSystem.cpp ╨▓╤Л╨▓╨╛╨┤╤П╤В ╤А╨╡╨╖╤Г╨╗╤М╤В╨░╤В╤Л ╨▓ ╨╛╨┤╨╜╨╛ ╨╕ ╤В╨╛ ╨╢╨╡ ╤А╨░╤Б╨┐╨╛╨╗╨╛╨╢╨╡╨╜╨╕╨╡. ╨н╤В╨╛ ╨╝╨╛╨╢╨╡╤В ╤Б╤В╨░╤В╤М ╨┐╤А╨╕╤З╨╕╨╜╨╛╨╣ ╨╜╨╡╨▓╨╡╤А╨╜╨╛╨│╨╛ ╤А╨╡╨╖╤Г╨╗╤М╤В╨░╤В╨░ ╤Б╨▒╨╛╤А╨║╨╕.  ╨Т╨║╨╗╤О╤З╨╡╨╜╨╜╤Л╨╡ ╤Д╨░╨╣╨╗╤Л тАФ C:\Users\KusokMedi\Documents\GitHub\BetterShowcase\build\_deps\bindings-src\bindings\2.2081\inline\CCParticleSystem.cpp, C:\Users\KusokMedi\Documents\GitHub\BetterShowcase\build\bindings\bindings\Geode\source\CCParticleSystem.cpp. [C:\Users\KusokMedi\Documents\GitHub\BetterShowcase\build\bindings\GeodeBindings.vcxproj]
C:\Program Files (x86)\Microsoft Visual Studio\2022\BuildTools\MSBuild\Microsoft\VC\v170\Microsoft.CppBuild.targets(1129,5): warning MSB8027: ╨┤╨▓╨░ ╨╕╨╗╨╕ ╨▒╨╛╨╗╨╡╨╡ ╤Д╨░╨╣╨╗╨╛╨▓ ╤Б ╨╕╨╝╨╡╨╜╨╡╨╝ CCParticleSystemQuad.cpp ╨▓╤Л╨▓╨╛╨┤╤П╤В ╤А╨╡╨╖╤Г╨╗╤М╤В╨░╤В╤Л ╨▓ ╨╛╨┤╨╜╨╛ ╨╕ ╤В╨╛ ╨╢╨╡ ╤А╨░╤Б╨┐╨╛╨╗╨╛╨╢╨╡╨╜╨╕╨╡. ╨н╤В╨╛ ╨╝╨╛╨╢╨╡╤В ╤Б╤В╨░╤В╤М ╨┐╤А╨╕╤З╨╕╨╜╨╛╨╣ ╨╜╨╡╨▓╨╡╤А╨╜╨╛╨│╨╛ ╤А╨╡╨╖╤Г╨╗╤М╤В╨░╤В╨░ ╤Б╨▒╨╛╤А╨║╨╕.  ╨Т╨║╨╗╤О╤З╨╡╨╜╨╜╤Л╨╡ ╤Д╨░╨╣╨╗╤Л тАФ C:\Users\KusokMedi\Documents\GitHub\BetterShowcase\build\_deps\bindings-src\bindings\2.2081\inline\CCParticleSystemQuad.cpp, C:\Users\KusokMedi\Documents\GitHub\BetterShowcase\build\bindings\bindings\Geode\source\CCParticleSystemQuad.cpp. [C:\Users\KusokMedi\Documents\GitHub\BetterShowcase\build\bindings\GeodeBindings.vcxproj]
C:\Program Files (x86)\Microsoft Visual Studio\2022\BuildTools\MSBuild\Microsoft\VC\v170\Microsoft.CppBuild.targets(1129,5): warning MSB8027: ╨┤╨▓╨░ ╨╕╨╗╨╕ ╨▒╨╛╨╗╨╡╨╡ ╤Д╨░╨╣╨╗╨╛╨▓ ╤Б ╨╕╨╝╨╡╨╜╨╡╨╝ CCPlace.cpp ╨▓╤Л╨▓╨╛╨┤╤П╤В ╤А╨╡╨╖╤Г╨╗╤М╤В╨░╤В╤Л ╨▓ ╨╛╨┤╨╜╨╛ ╨╕ ╤В╨╛ ╨╢╨╡ ╤А╨░╤Б╨┐╨╛╨╗╨╛╨╢╨╡╨╜╨╕╨╡. ╨н╤В╨╛ ╨╝╨╛╨╢╨╡╤В ╤Б╤В╨░╤В╤М ╨┐╤А╨╕╤З╨╕╨╜╨╛╨╣ ╨╜╨╡╨▓╨╡╤А╨╜╨╛╨│╨╛ ╤А╨╡╨╖╤Г╨╗╤М╤В╨░╤В╨░ ╤Б╨▒╨╛╤А╨║╨╕.  ╨Т╨║╨╗╤О╤З╨╡╨╜╨╜╤Л╨╡ ╤Д╨░╨╣╨╗╤Л тАФ C:\Users\KusokMedi\Documents\GitHub\BetterShowcase\build\_deps\bindings-src\bindings\2.2081\inline\CCPlace.cpp, C:\Users\KusokMedi\Documents\GitHub\BetterShowcase\build\bindings\bindings\Geode\source\CCPlace.cpp. [C:\Users\KusokMedi\Documents\GitHub\BetterShowcase\build\bindings\GeodeBindings.vcxproj]
C:\Program Files (x86)\Microsoft Visual Studio\2022\BuildTools\MSBuild\Microsoft\VC\v170\Microsoft.CppBuild.targets(1129,5): warning MSB8027: ╨┤╨▓╨░ ╨╕╨╗╨╕ ╨▒╨╛╨╗╨╡╨╡ ╤Д╨░╨╣╨╗╨╛╨▓ ╤Б ╨╕╨╝╨╡╨╜╨╡╨╝ CCPointArray.cpp ╨▓╤Л╨▓╨╛╨┤╤П╤В ╤А╨╡╨╖╤Г╨╗╤М╤В╨░╤В╤Л ╨▓ ╨╛╨┤╨╜╨╛ ╨╕ ╤В╨╛ ╨╢╨╡ ╤А╨░╤Б╨┐╨╛╨╗╨╛╨╢╨╡╨╜╨╕╨╡. ╨н╤В╨╛ ╨╝╨╛╨╢╨╡╤В ╤Б╤В╨░╤В╤М ╨┐╤А╨╕╤З╨╕╨╜╨╛╨╣ ╨╜╨╡╨▓╨╡╤А╨╜╨╛╨│╨╛ ╤А╨╡╨╖╤Г╨╗╤М╤В╨░╤В╨░ ╤Б╨▒╨╛╤А╨║╨╕.  ╨Т╨║╨╗╤О╤З╨╡╨╜╨╜╤Л╨╡ ╤Д╨░╨╣╨╗╤Л тАФ C:\Users\KusokMedi\Documents\GitHub\BetterShowcase\build\_deps\bindings-src\bindings\2.2081\inline\CCPointArray.cpp, C:\Users\KusokMedi\Documents\GitHub\BetterShowcase\build\bindings\bindings\Geode\source\CCPointArray.cpp. [C:\Users\KusokMedi\Documents\GitHub\BetterShowcase\build\bindings\GeodeBindings.vcxproj]
C:\Program Files (x86)\Microsoft Visual Studio\2022\BuildTools\MSBuild\Microsoft\VC\v170\Microsoft.CppBuild.targets(1129,5): warning MSB8027: ╨┤╨▓╨░ ╨╕╨╗╨╕ ╨▒╨╛╨╗╨╡╨╡ ╤Д╨░╨╣╨╗╨╛╨▓ ╤Б ╨╕╨╝╨╡╨╜╨╡╨╝ CCPoolManager.cpp ╨▓╤Л╨▓╨╛╨┤╤П╤В ╤А╨╡╨╖╤Г╨╗╤М╤В╨░╤В╤Л ╨▓ ╨╛╨┤╨╜╨╛ ╨╕ ╤В╨╛ ╨╢╨╡ ╤А╨░╤Б╨┐╨╛╨╗╨╛╨╢╨╡╨╜╨╕╨╡. ╨н╤В╨╛ ╨╝╨╛╨╢╨╡╤В ╤Б╤В╨░╤В╤М ╨┐╤А╨╕╤З╨╕╨╜╨╛╨╣ ╨╜╨╡╨▓╨╡╤А╨╜╨╛╨│╨╛ ╤А╨╡╨╖╤Г╨╗╤М╤В╨░╤В╨░ ╤Б╨▒╨╛╤А╨║╨╕.  ╨Т╨║╨╗╤О╤З╨╡╨╜╨╜╤Л╨╡ ╤Д╨░╨╣╨╗╤Л тАФ C:\Users\KusokMedi\Documents\GitHub\BetterShowcase\build\_deps\bindings-src\bindings\2.2081\inline\CCPoolManager.cpp, C:\Users\KusokMedi\Documents\GitHub\BetterShowcase\build\bindings\bindings\Geode\source\CCPoolManager.cpp. [C:\Users\KusokMedi\Documents\GitHub\BetterShowcase\build\bindings\GeodeBindings.vcxproj]
C:\Program Files (x86)\Microsoft Visual Studio\2022\BuildTools\MSBuild\Microsoft\VC\v170\Microsoft.CppBuild.targets(1129,5): warning MSB8027: ╨┤╨▓╨░ ╨╕╨╗╨╕ ╨▒╨╛╨╗╨╡╨╡ ╤Д╨░╨╣╨╗╨╛╨▓ ╤Б ╨╕╨╝╨╡╨╜╨╡╨╝ CCPrettyPrinter.cpp ╨▓╤Л╨▓╨╛╨┤╤П╤В ╤А╨╡╨╖╤Г╨╗╤М╤В╨░╤В╤Л ╨▓ ╨╛╨┤╨╜╨╛ ╨╕ ╤В╨╛ ╨╢╨╡ ╤А╨░╤Б╨┐╨╛╨╗╨╛╨╢╨╡╨╜╨╕╨╡. ╨н╤В╨╛ ╨╝╨╛╨╢╨╡╤В ╤Б╤В╨░╤В╤М ╨┐╤А╨╕╤З╨╕╨╜╨╛╨╣ ╨╜╨╡╨▓╨╡╤А╨╜╨╛╨│╨╛ ╤А╨╡╨╖╤Г╨╗╤М╤В╨░╤В╨░ ╤Б╨▒╨╛╤А╨║╨╕.  ╨Т╨║╨╗╤О╤З╨╡╨╜╨╜╤Л╨╡ ╤Д╨░╨╣╨╗╤Л тАФ C:\Users\KusokMedi\Documents\GitHub\BetterShowcase\build\_deps\bindings-src\bindings\2.2081\inline\CCPrettyPrinter.cpp, C:\Users\KusokMedi\Documents\GitHub\BetterShowcase\build\bindings\bindings\Geode\source\CCPrettyPrinter.cpp. [C:\Users\KusokMedi\Documents\GitHub\BetterShowcase\build\bindings\GeodeBindings.vcxproj]
C:\Program Files (x86)\Microsoft Visual Studio\2022\BuildTools\MSBuild\Microsoft\VC\v170\Microsoft.CppBuild.targets(1129,5): warning MSB8027: ╨┤╨▓╨░ ╨╕╨╗╨╕ ╨▒╨╛╨╗╨╡╨╡ ╤Д╨░╨╣╨╗╨╛╨▓ ╤Б ╨╕╨╝╨╡╨╜╨╡╨╝ CCProfiler.cpp ╨▓╤Л╨▓╨╛╨┤╤П╤В ╤А╨╡╨╖╤Г╨╗╤М╤В╨░╤В╤Л ╨▓ ╨╛╨┤╨╜╨╛ ╨╕ ╤В╨╛ ╨╢╨╡ ╤А╨░╤Б╨┐╨╛╨╗╨╛╨╢╨╡╨╜╨╕╨╡. ╨н╤В╨╛ ╨╝╨╛╨╢╨╡╤В ╤Б╤В╨░╤В╤М ╨┐╤А╨╕╤З╨╕╨╜╨╛╨╣ ╨╜╨╡╨▓╨╡╤А╨╜╨╛╨│╨╛ ╤А╨╡╨╖╤Г╨╗╤М╤В╨░╤В╨░ ╤Б╨▒╨╛╤А╨║╨╕.  ╨Т╨║╨╗╤О╤З╨╡╨╜╨╜╤Л╨╡ ╤Д╨░╨╣╨╗╤Л тАФ C:\Users\KusokMedi\Documents\GitHub\BetterShowcase\build\_deps\bindings-src\bindings\2.2081\inline\CCProfiler.cpp, C:\Users\KusokMedi\Documents\GitHub\BetterShowcase\build\bindings\bindings\Geode\source\CCProfiler.cpp. [C:\Users\KusokMedi\Documents\GitHub\BetterShowcase\build\bindings\GeodeBindings.vcxproj]
C:\Program Files (x86)\Microsoft Visual Studio\2022\BuildTools\MSBuild\Microsoft\VC\v170\Microsoft.CppBuild.targets(1129,5): warning MSB8027: ╨┤╨▓╨░ ╨╕╨╗╨╕ ╨▒╨╛╨╗╨╡╨╡ ╤Д╨░╨╣╨╗╨╛╨▓ ╤Б ╨╕╨╝╨╡╨╜╨╡╨╝ CCProfilingTimer.cpp ╨▓╤Л╨▓╨╛╨┤╤П╤В ╤А╨╡╨╖╤Г╨╗╤М╤В╨░╤В╤Л ╨▓ ╨╛╨┤╨╜╨╛ ╨╕ ╤В╨╛ ╨╢╨╡ ╤А╨░╤Б╨┐╨╛╨╗╨╛╨╢╨╡╨╜╨╕╨╡. ╨н╤В╨╛ ╨╝╨╛╨╢╨╡╤В ╤Б╤В╨░╤В╤М ╨┐╤А╨╕╤З╨╕╨╜╨╛╨╣ ╨╜╨╡╨▓╨╡╤А╨╜╨╛╨│╨╛ ╤А╨╡╨╖╤Г╨╗╤М╤В╨░╤В╨░ ╤Б╨▒╨╛╤А╨║╨╕.  ╨Т╨║╨╗╤О╤З╨╡╨╜╨╜╤Л╨╡ ╤Д╨░╨╣╨╗╤Л тАФ C:\Users\KusokMedi\Documents\GitHub\BetterShowcase\build\_deps\bindings-src\bindings\2.2081\inline\CCProfilingTimer.cpp, C:\Users\KusokMedi\Documents\GitHub\BetterShowcase\build\bindings\bindings\Geode\source\CCProfilingTimer.cpp. [C:\Users\KusokMedi\Documents\GitHub\BetterShowcase\build\bindings\GeodeBindings.vcxproj]
C:\Program Files (x86)\Microsoft Visual Studio\2022\BuildTools\MSBuild\Microsoft\VC\v170\Microsoft.CppBuild.targets(1129,5): warning MSB8027: ╨┤╨▓╨░ ╨╕╨╗╨╕ ╨▒╨╛╨╗╨╡╨╡ ╤Д╨░╨╣╨╗╨╛╨▓ ╤Б ╨╕╨╝╨╡╨╜╨╡╨╝ CCProgressFromTo.cpp ╨▓╤Л╨▓╨╛╨┤╤П╤В ╤А╨╡╨╖╤Г╨╗╤М╤В╨░╤В╤Л ╨▓ ╨╛╨┤╨╜╨╛ ╨╕ ╤В╨╛ ╨╢╨╡ ╤А╨░╤Б╨┐╨╛╨╗╨╛╨╢╨╡╨╜╨╕╨╡. ╨н╤В╨╛ ╨╝╨╛╨╢╨╡╤В ╤Б╤В╨░╤В╤М ╨┐╤А╨╕╤З╨╕╨╜╨╛╨╣ ╨╜╨╡╨▓╨╡╤А╨╜╨╛╨│╨╛ ╤А╨╡╨╖╤Г╨╗╤М╤В╨░╤В╨░ ╤Б╨▒╨╛╤А╨║╨╕.  ╨Т╨║╨╗╤О╤З╨╡╨╜╨╜╤Л╨╡ ╤Д╨░╨╣╨╗╤Л тАФ C:\Users\KusokMedi\Documents\GitHub\BetterShowcase\build\_deps\bindings-src\bindings\2.2081\inline\CCProgressFromTo.cpp, C:\Users\KusokMedi\Documents\GitHub\BetterShowcase\build\bindings\bindings\Geode\source\CCProgressFromTo.cpp. [C:\Users\KusokMedi\Documents\GitHub\BetterShowcase\build\bindings\GeodeBindings.vcxproj]
C:\Program Files (x86)\Microsoft Visual Studio\2022\BuildTools\MSBuild\Microsoft\VC\v170\Microsoft.CppBuild.targets(1129,5): warning MSB8027: ╨┤╨▓╨░ ╨╕╨╗╨╕ ╨▒╨╛╨╗╨╡╨╡ ╤Д╨░╨╣╨╗╨╛╨▓ ╤Б ╨╕╨╝╨╡╨╜╨╡╨╝ CCProgressTimer.cpp ╨▓╤Л╨▓╨╛╨┤╤П╤В ╤А╨╡╨╖╤Г╨╗╤М╤В╨░╤В╤Л ╨▓ ╨╛╨┤╨╜╨╛ ╨╕ ╤В╨╛ ╨╢╨╡ ╤А╨░╤Б╨┐╨╛╨╗╨╛╨╢╨╡╨╜╨╕╨╡. ╨н╤В╨╛ ╨╝╨╛╨╢╨╡╤В ╤Б╤В╨░╤В╤М ╨┐╤А╨╕╤З╨╕╨╜╨╛╨╣ ╨╜╨╡╨▓╨╡╤А╨╜╨╛╨│╨╛ ╤А╨╡╨╖╤Г╨╗╤М╤В╨░╤В╨░ ╤Б╨▒╨╛╤А╨║╨╕.  ╨Т╨║╨╗╤О╤З╨╡╨╜╨╜╤Л╨╡ ╤Д╨░╨╣╨╗╤Л тАФ C:\Users\KusokMedi\Documents\GitHub\BetterShowcase\build\_deps\bindings-src\bindings\2.2081\inline\CCProgressTimer.cpp, C:\Users\KusokMedi\Documents\GitHub\BetterShowcase\build\bindings\bindings\Geode\source\CCProgressTimer.cpp. [C:\Users\KusokMedi\Documents\GitHub\BetterShowcase\build\bindings\GeodeBindings.vcxproj]
C:\Program Files (x86)\Microsoft Visual Studio\2022\BuildTools\MSBuild\Microsoft\VC\v170\Microsoft.CppBuild.targets(1129,5): warning MSB8027: ╨┤╨▓╨░ ╨╕╨╗╨╕ ╨▒╨╛╨╗╨╡╨╡ ╤Д╨░╨╣╨╗╨╛╨▓ ╤Б ╨╕╨╝╨╡╨╜╨╡╨╝ CCProgressTo.cpp ╨▓╤Л╨▓╨╛╨┤╤П╤В ╤А╨╡╨╖╤Г╨╗╤М╤В╨░╤В╤Л ╨▓ ╨╛╨┤╨╜╨╛ ╨╕ ╤В╨╛ ╨╢╨╡ ╤А╨░╤Б╨┐╨╛╨╗╨╛╨╢╨╡╨╜╨╕╨╡. ╨н╤В╨╛ ╨╝╨╛╨╢╨╡╤В ╤Б╤В╨░╤В╤М ╨┐╤А╨╕╤З╨╕╨╜╨╛╨╣ ╨╜╨╡╨▓╨╡╤А╨╜╨╛╨│╨╛ ╤А╨╡╨╖╤Г╨╗╤М╤В╨░╤В╨░ ╤Б╨▒╨╛╤А╨║╨╕.  ╨Т╨║╨╗╤О╤З╨╡╨╜╨╜╤Л╨╡ ╤Д╨░╨╣╨╗╤Л тАФ C:\Users\KusokMedi\Documents\GitHub\BetterShowcase\build\_deps\bindings-src\bindings\2.2081\inline\CCProgressTo.cpp, C:\Users\KusokMedi\Documents\GitHub\BetterShowcase\build\bindings\bindings\Geode\source\CCProgressTo.cpp. [C:\Users\KusokMedi\Documents\GitHub\BetterShowcase\build\bindings\GeodeBindings.vcxproj]
C:\Program Files (x86)\Microsoft Visual Studio\2022\BuildTools\MSBuild\Microsoft\VC\v170\Microsoft.CppBuild.targets(1129,5): warning MSB8027: ╨┤╨▓╨░ ╨╕╨╗╨╕ ╨▒╨╛╨╗╨╡╨╡ ╤Д╨░╨╣╨╗╨╛╨▓ ╤Б ╨╕╨╝╨╡╨╜╨╡╨╝ CCRemoveSelf.cpp ╨▓╤Л╨▓╨╛╨┤╤П╤В ╤А╨╡╨╖╤Г╨╗╤М╤В╨░╤В╤Л ╨▓ ╨╛╨┤╨╜╨╛ ╨╕ ╤В╨╛ ╨╢╨╡ ╤А╨░╤Б╨┐╨╛╨╗╨╛╨╢╨╡╨╜╨╕╨╡. ╨н╤В╨╛ ╨╝╨╛╨╢╨╡╤В ╤Б╤В╨░╤В╤М ╨┐╤А╨╕╤З╨╕╨╜╨╛╨╣ ╨╜╨╡╨▓╨╡╤А╨╜╨╛╨│╨╛ ╤А╨╡╨╖╤Г╨╗╤М╤В╨░╤В╨░ ╤Б╨▒╨╛╤А╨║╨╕.  ╨Т╨║╨╗╤О╤З╨╡╨╜╨╜╤Л╨╡ ╤Д╨░╨╣╨╗╤Л тАФ C:\Users\KusokMedi\Documents\GitHub\BetterShowcase\build\_deps\bindings-src\bindings\2.2081\inline\CCRemoveSelf.cpp, C:\Users\KusokMedi\Documents\GitHub\BetterShowcase\build\bindings\bindings\Geode\source\CCRemoveSelf.cpp. [C:\Users\KusokMedi\Documents\GitHub\BetterShowcase\build\bindings\GeodeBindings.vcxproj]
C:\Program Files (x86)\Microsoft Visual Studio\2022\BuildTools\MSBuild\Microsoft\VC\v170\Microsoft.CppBuild.targets(1129,5): warning MSB8027: ╨┤╨▓╨░ ╨╕╨╗╨╕ ╨▒╨╛╨╗╨╡╨╡ ╤Д╨░╨╣╨╗╨╛╨▓ ╤Б ╨╕╨╝╨╡╨╜╨╡╨╝ CCRenderTexture.cpp ╨▓╤Л╨▓╨╛╨┤╤П╤В ╤А╨╡╨╖╤Г╨╗╤М╤В╨░╤В╤Л ╨▓ ╨╛╨┤╨╜╨╛ ╨╕ ╤В╨╛ ╨╢╨╡ ╤А╨░╤Б╨┐╨╛╨╗╨╛╨╢╨╡╨╜╨╕╨╡. ╨н╤В╨╛ ╨╝╨╛╨╢╨╡╤В ╤Б╤В╨░╤В╤М ╨┐╤А╨╕╤З╨╕╨╜╨╛╨╣ ╨╜╨╡╨▓╨╡╤А╨╜╨╛╨│╨╛ ╤А╨╡╨╖╤Г╨╗╤М╤В╨░╤В╨░ ╤Б╨▒╨╛╤А╨║╨╕.  ╨Т╨║╨╗╤О╤З╨╡╨╜╨╜╤Л╨╡ ╤Д╨░╨╣╨╗╤Л тАФ C:\Users\KusokMedi\Documents\GitHub\BetterShowcase\build\_deps\bindings-src\bindings\2.2081\inline\CCRenderTexture.cpp, C:\Users\KusokMedi\Documents\GitHub\BetterShowcase\build\bindings\bindings\Geode\source\CCRenderTexture.cpp. [C:\Users\KusokMedi\Documents\GitHub\BetterShowcase\build\bindings\GeodeBindings.vcxproj]
C:\Program Files (x86)\Microsoft Visual Studio\2022\BuildTools\MSBuild\Microsoft\VC\v170\Microsoft.CppBuild.targets(1129,5): warning MSB8027: ╨┤╨▓╨░ ╨╕╨╗╨╕ ╨▒╨╛╨╗╨╡╨╡ ╤Д╨░╨╣╨╗╨╛╨▓ ╤Б ╨╕╨╝╨╡╨╜╨╡╨╝ CCRepeat.cpp ╨▓╤Л╨▓╨╛╨┤╤П╤В ╤А╨╡╨╖╤Г╨╗╤М╤В╨░╤В╤Л ╨▓ ╨╛╨┤╨╜╨╛ ╨╕ ╤В╨╛ ╨╢╨╡ ╤А╨░╤Б╨┐╨╛╨╗╨╛╨╢╨╡╨╜╨╕╨╡. ╨н╤В╨╛ ╨╝╨╛╨╢╨╡╤В ╤Б╤В╨░╤В╤М ╨┐╤А╨╕╤З╨╕╨╜╨╛╨╣ ╨╜╨╡╨▓╨╡╤А╨╜╨╛╨│╨╛ ╤А╨╡╨╖╤Г╨╗╤М╤В╨░╤В╨░ ╤Б╨▒╨╛╤А╨║╨╕.  ╨Т╨║╨╗╤О╤З╨╡╨╜╨╜╤Л╨╡ ╤Д╨░╨╣╨╗╤Л тАФ C:\Users\KusokMedi\Documents\GitHub\BetterShowcase\build\_deps\bindings-src\bindings\2.2081\inline\CCRepeat.cpp, C:\Users\KusokMedi\Documents\GitHub\BetterShowcase\build\bindings\bindings\Geode\source\CCRepeat.cpp. [C:\Users\KusokMedi\Documents\GitHub\BetterShowcase\build\bindings\GeodeBindings.vcxproj]
C:\Program Files (x86)\Microsoft Visual Studio\2022\BuildTools\MSBuild\Microsoft\VC\v170\Microsoft.CppBuild.targets(1129,5): warning MSB8027: ╨┤╨▓╨░ ╨╕╨╗╨╕ ╨▒╨╛╨╗╨╡╨╡ ╤Д╨░╨╣╨╗╨╛╨▓ ╤Б ╨╕╨╝╨╡╨╜╨╡╨╝ CCRepeatForever.cpp ╨▓╤Л╨▓╨╛╨┤╤П╤В ╤А╨╡╨╖╤Г╨╗╤М╤В╨░╤В╤Л ╨▓ ╨╛╨┤╨╜╨╛ ╨╕ ╤В╨╛ ╨╢╨╡ ╤А╨░╤Б╨┐╨╛╨╗╨╛╨╢╨╡╨╜╨╕╨╡. ╨н╤В╨╛ ╨╝╨╛╨╢╨╡╤В ╤Б╤В╨░╤В╤М ╨┐╤А╨╕╤З╨╕╨╜╨╛╨╣ ╨╜╨╡╨▓╨╡╤А╨╜╨╛╨│╨╛ ╤А╨╡╨╖╤Г╨╗╤М╤В╨░╤В╨░ ╤Б╨▒╨╛╤А╨║╨╕.  ╨Т╨║╨╗╤О╤З╨╡╨╜╨╜╤Л╨╡ ╤Д╨░╨╣╨╗╤Л тАФ C:\Users\KusokMedi\Documents\GitHub\BetterShowcase\build\_deps\bindings-src\bindings\2.2081\inline\CCRepeatForever.cpp, C:\Users\KusokMedi\Documents\GitHub\BetterShowcase\build\bindings\bindings\Geode\source\CCRepeatForever.cpp. [C:\Users\KusokMedi\Documents\GitHub\BetterShowcase\build\bindings\GeodeBindings.vcxproj]
C:\Program Files (x86)\Microsoft Visual Studio\2022\BuildTools\MSBuild\Microsoft\VC\v170\Microsoft.CppBuild.targets(1129,5): warning MSB8027: ╨┤╨▓╨░ ╨╕╨╗╨╕ ╨▒╨╛╨╗╨╡╨╡ ╤Д╨░╨╣╨╗╨╛╨▓ ╤Б ╨╕╨╝╨╡╨╜╨╡╨╝ CCReuseGrid.cpp ╨▓╤Л╨▓╨╛╨┤╤П╤В ╤А╨╡╨╖╤Г╨╗╤М╤В╨░╤В╤Л ╨▓ ╨╛╨┤╨╜╨╛ ╨╕ ╤В╨╛ ╨╢╨╡ ╤А╨░╤Б╨┐╨╛╨╗╨╛╨╢╨╡╨╜╨╕╨╡. ╨н╤В╨╛ ╨╝╨╛╨╢╨╡╤В ╤Б╤В╨░╤В╤М ╨┐╤А╨╕╤З╨╕╨╜╨╛╨╣ ╨╜╨╡╨▓╨╡╤А╨╜╨╛╨│╨╛ ╤А╨╡╨╖╤Г╨╗╤М╤В╨░╤В╨░ ╤Б╨▒╨╛╤А╨║╨╕.  ╨Т╨║╨╗╤О╤З╨╡╨╜╨╜╤Л╨╡ ╤Д╨░╨╣╨╗╤Л тАФ C:\Users\KusokMedi\Documents\GitHub\BetterShowcase\build\_deps\bindings-src\bindings\2.2081\inline\CCReuseGrid.cpp, C:\Users\KusokMedi\Documents\GitHub\BetterShowcase\build\bindings\bindings\Geode\source\CCReuseGrid.cpp. [C:\Users\KusokMedi\Documents\GitHub\BetterShowcase\build\bindings\GeodeBindings.vcxproj]
C:\Program Files (x86)\Microsoft Visual Studio\2022\BuildTools\MSBuild\Microsoft\VC\v170\Microsoft.CppBuild.targets(1129,5): warning MSB8027: ╨┤╨▓╨░ ╨╕╨╗╨╕ ╨▒╨╛╨╗╨╡╨╡ ╤Д╨░╨╣╨╗╨╛╨▓ ╤Б ╨╕╨╝╨╡╨╜╨╡╨╝ CCReverseTime.cpp ╨▓╤Л╨▓╨╛╨┤╤П╤В ╤А╨╡╨╖╤Г╨╗╤М╤В╨░╤В╤Л ╨▓ ╨╛╨┤╨╜╨╛ ╨╕ ╤В╨╛ ╨╢╨╡ ╤А╨░╤Б╨┐╨╛╨╗╨╛╨╢╨╡╨╜╨╕╨╡. ╨н╤В╨╛ ╨╝╨╛╨╢╨╡╤В ╤Б╤В╨░╤В╤М ╨┐╤А╨╕╤З╨╕╨╜╨╛╨╣ ╨╜╨╡╨▓╨╡╤А╨╜╨╛╨│╨╛ ╤А╨╡╨╖╤Г╨╗╤М╤В╨░╤В╨░ ╤Б╨▒╨╛╤А╨║╨╕.  ╨Т╨║╨╗╤О╤З╨╡╨╜╨╜╤Л╨╡ ╤Д╨░╨╣╨╗╤Л тАФ C:\Users\KusokMedi\Documents\GitHub\BetterShowcase\build\_deps\bindings-src\bindings\2.2081\inline\CCReverseTime.cpp, C:\Users\KusokMedi\Documents\GitHub\BetterShowcase\build\bindings\bindings\Geode\source\CCReverseTime.cpp. [C:\Users\KusokMedi\Documents\GitHub\BetterShowcase\build\bindings\GeodeBindings.vcxproj]
C:\Program Files (x86)\Microsoft Visual Studio\2022\BuildTools\MSBuild\Microsoft\VC\v170\Microsoft.CppBuild.targets(1129,5): warning MSB8027: ╨┤╨▓╨░ ╨╕╨╗╨╕ ╨▒╨╛╨╗╨╡╨╡ ╤Д╨░╨╣╨╗╨╛╨▓ ╤Б ╨╕╨╝╨╡╨╜╨╡╨╝ CCRipple3D.cpp ╨▓╤Л╨▓╨╛╨┤╤П╤В ╤А╨╡╨╖╤Г╨╗╤М╤В╨░╤В╤Л ╨▓ ╨╛╨┤╨╜╨╛ ╨╕ ╤В╨╛ ╨╢╨╡ ╤А╨░╤Б╨┐╨╛╨╗╨╛╨╢╨╡╨╜╨╕╨╡. ╨н╤В╨╛ ╨╝╨╛╨╢╨╡╤В ╤Б╤В╨░╤В╤М ╨┐╤А╨╕╤З╨╕╨╜╨╛╨╣ ╨╜╨╡╨▓╨╡╤А╨╜╨╛╨│╨╛ ╤А╨╡╨╖╤Г╨╗╤М╤В╨░╤В╨░ ╤Б╨▒╨╛╤А╨║╨╕.  ╨Т╨║╨╗╤О╤З╨╡╨╜╨╜╤Л╨╡ ╤Д╨░╨╣╨╗╤Л тАФ C:\Users\KusokMedi\Documents\GitHub\BetterShowcase\build\_deps\bindings-src\bindings\2.2081\inline\CCRipple3D.cpp, C:\Users\KusokMedi\Documents\GitHub\BetterShowcase\build\bindings\bindings\Geode\source\CCRipple3D.cpp. [C:\Users\KusokMedi\Documents\GitHub\BetterShowcase\build\bindings\GeodeBindings.vcxproj]
C:\Program Files (x86)\Microsoft Visual Studio\2022\BuildTools\MSBuild\Microsoft\VC\v170\Microsoft.CppBuild.targets(1129,5): warning MSB8027: ╨┤╨▓╨░ ╨╕╨╗╨╕ ╨▒╨╛╨╗╨╡╨╡ ╤Д╨░╨╣╨╗╨╛╨▓ ╤Б ╨╕╨╝╨╡╨╜╨╡╨╝ CCRotateBy.cpp ╨▓╤Л╨▓╨╛╨┤╤П╤В ╤А╨╡╨╖╤Г╨╗╤М╤В╨░╤В╤Л ╨▓ ╨╛╨┤╨╜╨╛ ╨╕ ╤В╨╛ ╨╢╨╡ ╤А╨░╤Б╨┐╨╛╨╗╨╛╨╢╨╡╨╜╨╕╨╡. ╨н╤В╨╛ ╨╝╨╛╨╢╨╡╤В ╤Б╤В╨░╤В╤М ╨┐╤А╨╕╤З╨╕╨╜╨╛╨╣ ╨╜╨╡╨▓╨╡╤А╨╜╨╛╨│╨╛ ╤А╨╡╨╖╤Г╨╗╤М╤В╨░╤В╨░ ╤Б╨▒╨╛╤А╨║╨╕.  ╨Т╨║╨╗╤О╤З╨╡╨╜╨╜╤Л╨╡ ╤Д╨░╨╣╨╗╤Л тАФ C:\Users\KusokMedi\Documents\GitHub\BetterShowcase\build\_deps\bindings-src\bindings\2.2081\inline\CCRotateBy.cpp, C:\Users\KusokMedi\Documents\GitHub\BetterShowcase\build\bindings\bindings\Geode\source\CCRotateBy.cpp. [C:\Users\KusokMedi\Documents\GitHub\BetterShowcase\build\bindings\GeodeBindings.vcxproj]
C:\Program Files (x86)\Microsoft Visual Studio\2022\BuildTools\MSBuild\Microsoft\VC\v170\Microsoft.CppBuild.targets(1129,5): warning MSB8027: ╨┤╨▓╨░ ╨╕╨╗╨╕ ╨▒╨╛╨╗╨╡╨╡ ╤Д╨░╨╣╨╗╨╛╨▓ ╤Б ╨╕╨╝╨╡╨╜╨╡╨╝ CCRotateTo.cpp ╨▓╤Л╨▓╨╛╨┤╤П╤В ╤А╨╡╨╖╤Г╨╗╤М╤В╨░╤В╤Л ╨▓ ╨╛╨┤╨╜╨╛ ╨╕ ╤В╨╛ ╨╢╨╡ ╤А╨░╤Б╨┐╨╛╨╗╨╛╨╢╨╡╨╜╨╕╨╡. ╨н╤В╨╛ ╨╝╨╛╨╢╨╡╤В ╤Б╤В╨░╤В╤М ╨┐╤А╨╕╤З╨╕╨╜╨╛╨╣ ╨╜╨╡╨▓╨╡╤А╨╜╨╛╨│╨╛ ╤А╨╡╨╖╤Г╨╗╤М╤В╨░╤В╨░ ╤Б╨▒╨╛╤А╨║╨╕.  ╨Т╨║╨╗╤О╤З╨╡╨╜╨╜╤Л╨╡ ╤Д╨░╨╣╨╗╤Л тАФ C:\Users\KusokMedi\Documents\GitHub\BetterShowcase\build\_deps\bindings-src\bindings\2.2081\inline\CCRotateTo.cpp, C:\Users\KusokMedi\Documents\GitHub\BetterShowcase\build\bindings\bindings\Geode\source\CCRotateTo.cpp. [C:\Users\KusokMedi\Documents\GitHub\BetterShowcase\build\bindings\GeodeBindings.vcxproj]
C:\Program Files (x86)\Microsoft Visual Studio\2022\BuildTools\MSBuild\Microsoft\VC\v170\Microsoft.CppBuild.targets(1129,5): warning MSB8027: ╨┤╨▓╨░ ╨╕╨╗╨╕ ╨▒╨╛╨╗╨╡╨╡ ╤Д╨░╨╣╨╗╨╛╨▓ ╤Б ╨╕╨╝╨╡╨╜╨╡╨╝ CCSAXParser.cpp ╨▓╤Л╨▓╨╛╨┤╤П╤В ╤А╨╡╨╖╤Г╨╗╤М╤В╨░╤В╤Л ╨▓ ╨╛╨┤╨╜╨╛ ╨╕ ╤В╨╛ ╨╢╨╡ ╤А╨░╤Б╨┐╨╛╨╗╨╛╨╢╨╡╨╜╨╕╨╡. ╨н╤В╨╛ ╨╝╨╛╨╢╨╡╤В ╤Б╤В╨░╤В╤М ╨┐╤А╨╕╤З╨╕╨╜╨╛╨╣ ╨╜╨╡╨▓╨╡╤А╨╜╨╛╨│╨╛ ╤А╨╡╨╖╤Г╨╗╤М╤В╨░╤В╨░ ╤Б╨▒╨╛╤А╨║╨╕.  ╨Т╨║╨╗╤О╤З╨╡╨╜╨╜╤Л╨╡ ╤Д╨░╨╣╨╗╤Л тАФ C:\Users\KusokMedi\Documents\GitHub\BetterShowcase\build\_deps\bindings-src\bindings\2.2081\inline\CCSAXParser.cpp, C:\Users\KusokMedi\Documents\GitHub\BetterShowcase\build\bindings\bindings\Geode\source\CCSAXParser.cpp. [C:\Users\KusokMedi\Documents\GitHub\BetterShowcase\build\bindings\GeodeBindings.vcxproj]
C:\Program Files (x86)\Microsoft Visual Studio\2022\BuildTools\MSBuild\Microsoft\VC\v170\Microsoft.CppBuild.targets(1129,5): warning MSB8027: ╨┤╨▓╨░ ╨╕╨╗╨╕ ╨▒╨╛╨╗╨╡╨╡ ╤Д╨░╨╣╨╗╨╛╨▓ ╤Б ╨╕╨╝╨╡╨╜╨╡╨╝ CCScale9Sprite.cpp ╨▓╤Л╨▓╨╛╨┤╤П╤В ╤А╨╡╨╖╤Г╨╗╤М╤В╨░╤В╤Л ╨▓ ╨╛╨┤╨╜╨╛ ╨╕ ╤В╨╛ ╨╢╨╡ ╤А╨░╤Б╨┐╨╛╨╗╨╛╨╢╨╡╨╜╨╕╨╡. ╨н╤В╨╛ ╨╝╨╛╨╢╨╡╤В ╤Б╤В╨░╤В╤М ╨┐╤А╨╕╤З╨╕╨╜╨╛╨╣ ╨╜╨╡╨▓╨╡╤А╨╜╨╛╨│╨╛ ╤А╨╡╨╖╤Г╨╗╤М╤В╨░╤В╨░ ╤Б╨▒╨╛╤А╨║╨╕.  ╨Т╨║╨╗╤О╤З╨╡╨╜╨╜╤Л╨╡ ╤Д╨░╨╣╨╗╤Л тАФ C:\Users\KusokMedi\Documents\GitHub\BetterShowcase\build\_deps\bindings-src\bindings\2.2081\inline\CCScale9Sprite.cpp, C:\Users\KusokMedi\Documents\GitHub\BetterShowcase\build\bindings\bindings\Geode\source\CCScale9Sprite.cpp. [C:\Users\KusokMedi\Documents\GitHub\BetterShowcase\build\bindings\GeodeBindings.vcxproj]
C:\Program Files (x86)\Microsoft Visual Studio\2022\BuildTools\MSBuild\Microsoft\VC\v170\Microsoft.CppBuild.targets(1129,5): warning MSB8027: ╨┤╨▓╨░ ╨╕╨╗╨╕ ╨▒╨╛╨╗╨╡╨╡ ╤Д╨░╨╣╨╗╨╛╨▓ ╤Б ╨╕╨╝╨╡╨╜╨╡╨╝ CCScaleBy.cpp ╨▓╤Л╨▓╨╛╨┤╤П╤В ╤А╨╡╨╖╤Г╨╗╤М╤В╨░╤В╤Л ╨▓ ╨╛╨┤╨╜╨╛ ╨╕ ╤В╨╛ ╨╢╨╡ ╤А╨░╤Б╨┐╨╛╨╗╨╛╨╢╨╡╨╜╨╕╨╡. ╨н╤В╨╛ ╨╝╨╛╨╢╨╡╤В ╤Б╤В╨░╤В╤М ╨┐╤А╨╕╤З╨╕╨╜╨╛╨╣ ╨╜╨╡╨▓╨╡╤А╨╜╨╛╨│╨╛ ╤А╨╡╨╖╤Г╨╗╤М╤В╨░╤В╨░ ╤Б╨▒╨╛╤А╨║╨╕.  ╨Т╨║╨╗╤О╤З╨╡╨╜╨╜╤Л╨╡ ╤Д╨░╨╣╨╗╤Л тАФ C:\Users\KusokMedi\Documents\GitHub\BetterShowcase\build\_deps\bindings-src\bindings\2.2081\inline\CCScaleBy.cpp, C:\Users\KusokMedi\Documents\GitHub\BetterShowcase\build\bindings\bindings\Geode\source\CCScaleBy.cpp. [C:\Users\KusokMedi\Documents\GitHub\BetterShowcase\build\bindings\GeodeBindings.vcxproj]
C:\Program Files (x86)\Microsoft Visual Studio\2022\BuildTools\MSBuild\Microsoft\VC\v170\Microsoft.CppBuild.targets(1129,5): warning MSB8027: ╨┤╨▓╨░ ╨╕╨╗╨╕ ╨▒╨╛╨╗╨╡╨╡ ╤Д╨░╨╣╨╗╨╛╨▓ ╤Б ╨╕╨╝╨╡╨╜╨╡╨╝ CCScaleTo.cpp ╨▓╤Л╨▓╨╛╨┤╤П╤В ╤А╨╡╨╖╤Г╨╗╤М╤В╨░╤В╤Л ╨▓ ╨╛╨┤╨╜╨╛ ╨╕ ╤В╨╛ ╨╢╨╡ ╤А╨░╤Б╨┐╨╛╨╗╨╛╨╢╨╡╨╜╨╕╨╡. ╨н╤В╨╛ ╨╝╨╛╨╢╨╡╤В ╤Б╤В╨░╤В╤М ╨┐╤А╨╕╤З╨╕╨╜╨╛╨╣ ╨╜╨╡╨▓╨╡╤А╨╜╨╛╨│╨╛ ╤А╨╡╨╖╤Г╨╗╤М╤В╨░╤В╨░ ╤Б╨▒╨╛╤А╨║╨╕.  ╨Т╨║╨╗╤О╤З╨╡╨╜╨╜╤Л╨╡ ╤Д╨░╨╣╨╗╤Л тАФ C:\Users\KusokMedi\Documents\GitHub\BetterShowcase\build\_deps\bindings-src\bindings\2.2081\inline\CCScaleTo.cpp, C:\Users\KusokMedi\Documents\GitHub\BetterShowcase\build\bindings\bindings\Geode\source\CCScaleTo.cpp. [C:\Users\KusokMedi\Documents\GitHub\BetterShowcase\build\bindings\GeodeBindings.vcxproj]
C:\Program Files (x86)\Microsoft Visual Studio\2022\BuildTools\MSBuild\Microsoft\VC\v170\Microsoft.CppBuild.targets(1129,5): warning MSB8027: ╨┤╨▓╨░ ╨╕╨╗╨╕ ╨▒╨╛╨╗╨╡╨╡ ╤Д╨░╨╣╨╗╨╛╨▓ ╤Б ╨╕╨╝╨╡╨╜╨╡╨╝ CCScene.cpp ╨▓╤Л╨▓╨╛╨┤╤П╤В ╤А╨╡╨╖╤Г╨╗╤М╤В╨░╤В╤Л ╨▓ ╨╛╨┤╨╜╨╛ ╨╕ ╤В╨╛ ╨╢╨╡ ╤А╨░╤Б╨┐╨╛╨╗╨╛╨╢╨╡╨╜╨╕╨╡. ╨н╤В╨╛ ╨╝╨╛╨╢╨╡╤В ╤Б╤В╨░╤В╤М ╨┐╤А╨╕╤З╨╕╨╜╨╛╨╣ ╨╜╨╡╨▓╨╡╤А╨╜╨╛╨│╨╛ ╤А╨╡╨╖╤Г╨╗╤М╤В╨░╤В╨░ ╤Б╨▒╨╛╤А╨║╨╕.  ╨Т╨║╨╗╤О╤З╨╡╨╜╨╜╤Л╨╡ ╤Д╨░╨╣╨╗╤Л тАФ C:\Users\KusokMedi\Documents\GitHub\BetterShowcase\build\_deps\bindings-src\bindings\2.2081\inline\CCScene.cpp, C:\Users\KusokMedi\Documents\GitHub\BetterShowcase\build\bindings\bindings\Geode\source\CCScene.cpp. [C:\Users\KusokMedi\Documents\GitHub\BetterShowcase\build\bindings\GeodeBindings.vcxproj]
C:\Program Files (x86)\Microsoft Visual Studio\2022\BuildTools\MSBuild\Microsoft\VC\v170\Microsoft.CppBuild.targets(1129,5): warning MSB8027: ╨┤╨▓╨░ ╨╕╨╗╨╕ ╨▒╨╛╨╗╨╡╨╡ ╤Д╨░╨╣╨╗╨╛╨▓ ╤Б ╨╕╨╝╨╡╨╜╨╡╨╝ CCScheduler.cpp ╨▓╤Л╨▓╨╛╨┤╤П╤В ╤А╨╡╨╖╤Г╨╗╤М╤В╨░╤В╤Л ╨▓ ╨╛╨┤╨╜╨╛ ╨╕ ╤В╨╛ ╨╢╨╡ ╤А╨░╤Б╨┐╨╛╨╗╨╛╨╢╨╡╨╜╨╕╨╡. ╨н╤В╨╛ ╨╝╨╛╨╢╨╡╤В ╤Б╤В╨░╤В╤М ╨┐╤А╨╕╤З╨╕╨╜╨╛╨╣ ╨╜╨╡╨▓╨╡╤А╨╜╨╛╨│╨╛ ╤А╨╡╨╖╤Г╨╗╤М╤В╨░╤В╨░ ╤Б╨▒╨╛╤А╨║╨╕.  ╨Т╨║╨╗╤О╤З╨╡╨╜╨╜╤Л╨╡ ╤Д╨░╨╣╨╗╤Л тАФ C:\Users\KusokMedi\Documents\GitHub\BetterShowcase\build\_deps\bindings-src\bindings\2.2081\inline\CCScheduler.cpp, C:\Users\KusokMedi\Documents\GitHub\BetterShowcase\build\bindings\bindings\Geode\source\CCScheduler.cpp. [C:\Users\KusokMedi\Documents\GitHub\BetterShowcase\build\bindings\GeodeBindings.vcxproj]
C:\Program Files (x86)\Microsoft Visual Studio\2022\BuildTools\MSBuild\Microsoft\VC\v170\Microsoft.CppBuild.targets(1129,5): warning MSB8027: ╨┤╨▓╨░ ╨╕╨╗╨╕ ╨▒╨╛╨╗╨╡╨╡ ╤Д╨░╨╣╨╗╨╛╨▓ ╤Б ╨╕╨╝╨╡╨╜╨╡╨╝ CCSchedulerScriptHandlerEntry.cpp ╨▓╤Л╨▓╨╛╨┤╤П╤В ╤А╨╡╨╖╤Г╨╗╤М╤В╨░╤В╤Л ╨▓ ╨╛╨┤╨╜╨╛ ╨╕ ╤В╨╛ ╨╢╨╡ ╤А╨░╤Б╨┐╨╛╨╗╨╛╨╢╨╡╨╜╨╕╨╡. ╨н╤В╨╛ ╨╝╨╛╨╢╨╡╤В ╤Б╤В╨░╤В╤М ╨┐╤А╨╕╤З╨╕╨╜╨╛╨╣ ╨╜╨╡╨▓╨╡╤А╨╜╨╛╨│╨╛ ╤А╨╡╨╖╤Г╨╗╤М╤В╨░╤В╨░ ╤Б╨▒╨╛╤А╨║╨╕.  ╨Т╨║╨╗╤О╤З╨╡╨╜╨╜╤Л╨╡ ╤Д╨░╨╣╨╗╤Л тАФ C:\Users\KusokMedi\Documents\GitHub\BetterShowcase\build\_deps\bindings-src\bindings\2.2081\inline\CCSchedulerScriptHandlerEntry.cpp, C:\Users\KusokMedi\Documents\GitHub\BetterShowcase\build\bindings\bindings\Geode\source\CCSchedulerScriptHandlerEntry.cpp. [C:\Users\KusokMedi\Documents\GitHub\BetterShowcase\build\bindings\GeodeBindings.vcxproj]
C:\Program Files (x86)\Microsoft Visual Studio\2022\BuildTools\MSBuild\Microsoft\VC\v170\Microsoft.CppBuild.targets(1129,5): warning MSB8027: ╨┤╨▓╨░ ╨╕╨╗╨╕ ╨▒╨╛╨╗╨╡╨╡ ╤Д╨░╨╣╨╗╨╛╨▓ ╤Б ╨╕╨╝╨╡╨╜╨╡╨╝ CCScriptEngineManager.cpp ╨▓╤Л╨▓╨╛╨┤╤П╤В ╤А╨╡╨╖╤Г╨╗╤М╤В╨░╤В╤Л ╨▓ ╨╛╨┤╨╜╨╛ ╨╕ ╤В╨╛ ╨╢╨╡ ╤А╨░╤Б╨┐╨╛╨╗╨╛╨╢╨╡╨╜╨╕╨╡. ╨н╤В╨╛ ╨╝╨╛╨╢╨╡╤В ╤Б╤В╨░╤В╤М ╨┐╤А╨╕╤З╨╕╨╜╨╛╨╣ ╨╜╨╡╨▓╨╡╤А╨╜╨╛╨│╨╛ ╤А╨╡╨╖╤Г╨╗╤М╤В╨░╤В╨░ ╤Б╨▒╨╛╤А╨║╨╕.  ╨Т╨║╨╗╤О╤З╨╡╨╜╨╜╤Л╨╡ ╤Д╨░╨╣╨╗╤Л тАФ C:\Users\KusokMedi\Documents\GitHub\BetterShowcase\build\_deps\bindings-src\bindings\2.2081\inline\CCScriptEngineManager.cpp, C:\Users\KusokMedi\Documents\GitHub\BetterShowcase\build\bindings\bindings\Geode\source\CCScriptEngineManager.cpp. [C:\Users\KusokMedi\Documents\GitHub\BetterShowcase\build\bindings\GeodeBindings.vcxproj]
C:\Program Files (x86)\Microsoft Visual Studio\2022\BuildTools\MSBuild\Microsoft\VC\v170\Microsoft.CppBuild.targets(1129,5): warning MSB8027: ╨┤╨▓╨░ ╨╕╨╗╨╕ ╨▒╨╛╨╗╨╡╨╡ ╤Д╨░╨╣╨╗╨╛╨▓ ╤Б ╨╕╨╝╨╡╨╜╨╡╨╝ CCScriptHandlerEntry.cpp ╨▓╤Л╨▓╨╛╨┤╤П╤В ╤А╨╡╨╖╤Г╨╗╤М╤В╨░╤В╤Л ╨▓ ╨╛╨┤╨╜╨╛ ╨╕ ╤В╨╛ ╨╢╨╡ ╤А╨░╤Б╨┐╨╛╨╗╨╛╨╢╨╡╨╜╨╕╨╡. ╨н╤В╨╛ ╨╝╨╛╨╢╨╡╤В ╤Б╤В╨░╤В╤М ╨┐╤А╨╕╤З╨╕╨╜╨╛╨╣ ╨╜╨╡╨▓╨╡╤А╨╜╨╛╨│╨╛ ╤А╨╡╨╖╤Г╨╗╤М╤В╨░╤В╨░ ╤Б╨▒╨╛╤А╨║╨╕.  ╨Т╨║╨╗╤О╤З╨╡╨╜╨╜╤Л╨╡ ╤Д╨░╨╣╨╗╤Л тАФ C:\Users\KusokMedi\Documents\GitHub\BetterShowcase\build\_deps\bindings-src\bindings\2.2081\inline\CCScriptHandlerEntry.cpp, C:\Users\KusokMedi\Documents\GitHub\BetterShowcase\build\bindings\bindings\Geode\source\CCScriptHandlerEntry.cpp. [C:\Users\KusokMedi\Documents\GitHub\BetterShowcase\build\bindings\GeodeBindings.vcxproj]
C:\Program Files (x86)\Microsoft Visual Studio\2022\BuildTools\MSBuild\Microsoft\VC\v170\Microsoft.CppBuild.targets(1129,5): warning MSB8027: ╨┤╨▓╨░ ╨╕╨╗╨╕ ╨▒╨╛╨╗╨╡╨╡ ╤Д╨░╨╣╨╗╨╛╨▓ ╤Б ╨╕╨╝╨╡╨╜╨╡╨╝ CCScrollLayerExt.cpp ╨▓╤Л╨▓╨╛╨┤╤П╤В ╤А╨╡╨╖╤Г╨╗╤М╤В╨░╤В╤Л ╨▓ ╨╛╨┤╨╜╨╛ ╨╕ ╤В╨╛ ╨╢╨╡ ╤А╨░╤Б╨┐╨╛╨╗╨╛╨╢╨╡╨╜╨╕╨╡. ╨н╤В╨╛ ╨╝╨╛╨╢╨╡╤В ╤Б╤В╨░╤В╤М ╨┐╤А╨╕╤З╨╕╨╜╨╛╨╣ ╨╜╨╡╨▓╨╡╤А╨╜╨╛╨│╨╛ ╤А╨╡╨╖╤Г╨╗╤М╤В╨░╤В╨░ ╤Б╨▒╨╛╤А╨║╨╕.  ╨Т╨║╨╗╤О╤З╨╡╨╜╨╜╤Л╨╡ ╤Д╨░╨╣╨╗╤Л тАФ C:\Users\KusokMedi\Documents\GitHub\BetterShowcase\build\_deps\bindings-src\bindings\2.2081\inline\CCScrollLayerExt.cpp, C:\Users\KusokMedi\Documents\GitHub\BetterShowcase\build\bindings\bindings\Geode\source\CCScrollLayerExt.cpp. [C:\Users\KusokMedi\Documents\GitHub\BetterShowcase\build\bindings\GeodeBindings.vcxproj]
C:\Program Files (x86)\Microsoft Visual Studio\2022\BuildTools\MSBuild\Microsoft\VC\v170\Microsoft.CppBuild.targets(1129,5): warning MSB8027: ╨┤╨▓╨░ ╨╕╨╗╨╕ ╨▒╨╛╨╗╨╡╨╡ ╤Д╨░╨╣╨╗╨╛╨▓ ╤Б ╨╕╨╝╨╡╨╜╨╡╨╝ CCScrollLayerExtDelegate.cpp ╨▓╤Л╨▓╨╛╨┤╤П╤В ╤А╨╡╨╖╤Г╨╗╤М╤В╨░╤В╤Л ╨▓ ╨╛╨┤╨╜╨╛ ╨╕ ╤В╨╛ ╨╢╨╡ ╤А╨░╤Б╨┐╨╛╨╗╨╛╨╢╨╡╨╜╨╕╨╡. ╨н╤В╨╛ ╨╝╨╛╨╢╨╡╤В ╤Б╤В╨░╤В╤М ╨┐╤А╨╕╤З╨╕╨╜╨╛╨╣ ╨╜╨╡╨▓╨╡╤А╨╜╨╛╨│╨╛ ╤А╨╡╨╖╤Г╨╗╤М╤В╨░╤В╨░ ╤Б╨▒╨╛╤А╨║╨╕.  ╨Т╨║╨╗╤О╤З╨╡╨╜╨╜╤Л╨╡ ╤Д╨░╨╣╨╗╤Л тАФ C:\Users\KusokMedi\Documents\GitHub\BetterShowcase\build\_deps\bindings-src\bindings\2.2081\inline\CCScrollLayerExtDelegate.cpp, C:\Users\KusokMedi\Documents\GitHub\BetterShowcase\build\bindings\bindings\Geode\source\CCScrollLayerExtDelegate.cpp. [C:\Users\KusokMedi\Documents\GitHub\BetterShowcase\build\bindings\GeodeBindings.vcxproj]
C:\Program Files (x86)\Microsoft Visual Studio\2022\BuildTools\MSBuild\Microsoft\VC\v170\Microsoft.CppBuild.targets(1129,5): warning MSB8027: ╨┤╨▓╨░ ╨╕╨╗╨╕ ╨▒╨╛╨╗╨╡╨╡ ╤Д╨░╨╣╨╗╨╛╨▓ ╤Б ╨╕╨╝╨╡╨╜╨╡╨╝ CCScrollView.cpp ╨▓╤Л╨▓╨╛╨┤╤П╤В ╤А╨╡╨╖╤Г╨╗╤М╤В╨░╤В╤Л ╨▓ ╨╛╨┤╨╜╨╛ ╨╕ ╤В╨╛ ╨╢╨╡ ╤А╨░╤Б╨┐╨╛╨╗╨╛╨╢╨╡╨╜╨╕╨╡. ╨н╤В╨╛ ╨╝╨╛╨╢╨╡╤В ╤Б╤В╨░╤В╤М ╨┐╤А╨╕╤З╨╕╨╜╨╛╨╣ ╨╜╨╡╨▓╨╡╤А╨╜╨╛╨│╨╛ ╤А╨╡╨╖╤Г╨╗╤М╤В╨░╤В╨░ ╤Б╨▒╨╛╤А╨║╨╕.  ╨Т╨║╨╗╤О╤З╨╡╨╜╨╜╤Л╨╡ ╤Д╨░╨╣╨╗╤Л тАФ C:\Users\KusokMedi\Documents\GitHub\BetterShowcase\build\_deps\bindings-src\bindings\2.2081\inline\CCScrollView.cpp, C:\Users\KusokMedi\Documents\GitHub\BetterShowcase\build\bindings\bindings\Geode\source\CCScrollView.cpp. [C:\Users\KusokMedi\Documents\GitHub\BetterShowcase\build\bindings\GeodeBindings.vcxproj]
C:\Program Files (x86)\Microsoft Visual Studio\2022\BuildTools\MSBuild\Microsoft\VC\v170\Microsoft.CppBuild.targets(1129,5): warning MSB8027: ╨┤╨▓╨░ ╨╕╨╗╨╕ ╨▒╨╛╨╗╨╡╨╡ ╤Д╨░╨╣╨╗╨╛╨▓ ╤Б ╨╕╨╝╨╡╨╜╨╡╨╝ CCSequence.cpp ╨▓╤Л╨▓╨╛╨┤╤П╤В ╤А╨╡╨╖╤Г╨╗╤М╤В╨░╤В╤Л ╨▓ ╨╛╨┤╨╜╨╛ ╨╕ ╤В╨╛ ╨╢╨╡ ╤А╨░╤Б╨┐╨╛╨╗╨╛╨╢╨╡╨╜╨╕╨╡. ╨н╤В╨╛ ╨╝╨╛╨╢╨╡╤В ╤Б╤В╨░╤В╤М ╨┐╤А╨╕╤З╨╕╨╜╨╛╨╣ ╨╜╨╡╨▓╨╡╤А╨╜╨╛╨│╨╛ ╤А╨╡╨╖╤Г╨╗╤М╤В╨░╤В╨░ ╤Б╨▒╨╛╤А╨║╨╕.  ╨Т╨║╨╗╤О╤З╨╡╨╜╨╜╤Л╨╡ ╤Д╨░╨╣╨╗╤Л тАФ C:\Users\KusokMedi\Documents\GitHub\BetterShowcase\build\_deps\bindings-src\bindings\2.2081\inline\CCSequence.cpp, C:\Users\KusokMedi\Documents\GitHub\BetterShowcase\build\bindings\bindings\Geode\source\CCSequence.cpp. [C:\Users\KusokMedi\Documents\GitHub\BetterShowcase\build\bindings\GeodeBindings.vcxproj]
C:\Program Files (x86)\Microsoft Visual Studio\2022\BuildTools\MSBuild\Microsoft\VC\v170\Microsoft.CppBuild.targets(1129,5): warning MSB8027: ╨┤╨▓╨░ ╨╕╨╗╨╕ ╨▒╨╛╨╗╨╡╨╡ ╤Д╨░╨╣╨╗╨╛╨▓ ╤Б ╨╕╨╝╨╡╨╜╨╡╨╝ CCSet.cpp ╨▓╤Л╨▓╨╛╨┤╤П╤В ╤А╨╡╨╖╤Г╨╗╤М╤В╨░╤В╤Л ╨▓ ╨╛╨┤╨╜╨╛ ╨╕ ╤В╨╛ ╨╢╨╡ ╤А╨░╤Б╨┐╨╛╨╗╨╛╨╢╨╡╨╜╨╕╨╡. ╨н╤В╨╛ ╨╝╨╛╨╢╨╡╤В ╤Б╤В╨░╤В╤М ╨┐╤А╨╕╤З╨╕╨╜╨╛╨╣ ╨╜╨╡╨▓╨╡╤А╨╜╨╛╨│╨╛ ╤А╨╡╨╖╤Г╨╗╤М╤В╨░╤В╨░ ╤Б╨▒╨╛╤А╨║╨╕.  ╨Т╨║╨╗╤О╤З╨╡╨╜╨╜╤Л╨╡ ╤Д╨░╨╣╨╗╤Л тАФ C:\Users\KusokMedi\Documents\GitHub\BetterShowcase\build\_deps\bindings-src\bindings\2.2081\inline\CCSet.cpp, C:\Users\KusokMedi\Documents\GitHub\BetterShowcase\build\bindings\bindings\Geode\source\CCSet.cpp. [C:\Users\KusokMedi\Documents\GitHub\BetterShowcase\build\bindings\GeodeBindings.vcxproj]
C:\Program Files (x86)\Microsoft Visual Studio\2022\BuildTools\MSBuild\Microsoft\VC\v170\Microsoft.CppBuild.targets(1129,5): warning MSB8027: ╨┤╨▓╨░ ╨╕╨╗╨╕ ╨▒╨╛╨╗╨╡╨╡ ╤Д╨░╨╣╨╗╨╛╨▓ ╤Б ╨╕╨╝╨╡╨╜╨╡╨╝ CCShaderCache.cpp ╨▓╤Л╨▓╨╛╨┤╤П╤В ╤А╨╡╨╖╤Г╨╗╤М╤В╨░╤В╤Л ╨▓ ╨╛╨┤╨╜╨╛ ╨╕ ╤В╨╛ ╨╢╨╡ ╤А╨░╤Б╨┐╨╛╨╗╨╛╨╢╨╡╨╜╨╕╨╡. ╨н╤В╨╛ ╨╝╨╛╨╢╨╡╤В ╤Б╤В╨░╤В╤М ╨┐╤А╨╕╤З╨╕╨╜╨╛╨╣ ╨╜╨╡╨▓╨╡╤А╨╜╨╛╨│╨╛ ╤А╨╡╨╖╤Г╨╗╤М╤В╨░╤В╨░ ╤Б╨▒╨╛╤А╨║╨╕.  ╨Т╨║╨╗╤О╤З╨╡╨╜╨╜╤Л╨╡ ╤Д╨░╨╣╨╗╤Л тАФ C:\Users\KusokMedi\Documents\GitHub\BetterShowcase\build\_deps\bindings-src\bindings\2.2081\inline\CCShaderCache.cpp, C:\Users\KusokMedi\Documents\GitHub\BetterShowcase\build\bindings\bindings\Geode\source\CCShaderCache.cpp. [C:\Users\KusokMedi\Documents\GitHub\BetterShowcase\build\bindings\GeodeBindings.vcxproj]
C:\Program Files (x86)\Microsoft Visual Studio\2022\BuildTools\MSBuild\Microsoft\VC\v170\Microsoft.CppBuild.targets(1129,5): warning MSB8027: ╨┤╨▓╨░ ╨╕╨╗╨╕ ╨▒╨╛╨╗╨╡╨╡ ╤Д╨░╨╣╨╗╨╛╨▓ ╤Б ╨╕╨╝╨╡╨╜╨╡╨╝ CCShaky3D.cpp ╨▓╤Л╨▓╨╛╨┤╤П╤В ╤А╨╡╨╖╤Г╨╗╤М╤В╨░╤В╤Л ╨▓ ╨╛╨┤╨╜╨╛ ╨╕ ╤В╨╛ ╨╢╨╡ ╤А╨░╤Б╨┐╨╛╨╗╨╛╨╢╨╡╨╜╨╕╨╡. ╨н╤В╨╛ ╨╝╨╛╨╢╨╡╤В ╤Б╤В╨░╤В╤М ╨┐╤А╨╕╤З╨╕╨╜╨╛╨╣ ╨╜╨╡╨▓╨╡╤А╨╜╨╛╨│╨╛ ╤А╨╡╨╖╤Г╨╗╤М╤В╨░╤В╨░ ╤Б╨▒╨╛╤А╨║╨╕.  ╨Т╨║╨╗╤О╤З╨╡╨╜╨╜╤Л╨╡ ╤Д╨░╨╣╨╗╤Л тАФ C:\Users\KusokMedi\Documents\GitHub\BetterShowcase\build\_deps\bindings-src\bindings\2.2081\inline\CCShaky3D.cpp, C:\Users\KusokMedi\Documents\GitHub\BetterShowcase\build\bindings\bindings\Geode\source\CCShaky3D.cpp. [C:\Users\KusokMedi\Documents\GitHub\BetterShowcase\build\bindings\GeodeBindings.vcxproj]
C:\Program Files (x86)\Microsoft Visual Studio\2022\BuildTools\MSBuild\Microsoft\VC\v170\Microsoft.CppBuild.targets(1129,5): warning MSB8027: ╨┤╨▓╨░ ╨╕╨╗╨╕ ╨▒╨╛╨╗╨╡╨╡ ╤Д╨░╨╣╨╗╨╛╨▓ ╤Б ╨╕╨╝╨╡╨╜╨╡╨╝ CCShakyTiles3D.cpp ╨▓╤Л╨▓╨╛╨┤╤П╤В ╤А╨╡╨╖╤Г╨╗╤М╤В╨░╤В╤Л ╨▓ ╨╛╨┤╨╜╨╛ ╨╕ ╤В╨╛ ╨╢╨╡ ╤А╨░╤Б╨┐╨╛╨╗╨╛╨╢╨╡╨╜╨╕╨╡. ╨н╤В╨╛ ╨╝╨╛╨╢╨╡╤В ╤Б╤В╨░╤В╤М ╨┐╤А╨╕╤З╨╕╨╜╨╛╨╣ ╨╜╨╡╨▓╨╡╤А╨╜╨╛╨│╨╛ ╤А╨╡╨╖╤Г╨╗╤М╤В╨░╤В╨░ ╤Б╨▒╨╛╤А╨║╨╕.  ╨Т╨║╨╗╤О╤З╨╡╨╜╨╜╤Л╨╡ ╤Д╨░╨╣╨╗╤Л тАФ C:\Users\KusokMedi\Documents\GitHub\BetterShowcase\build\_deps\bindings-src\bindings\2.2081\inline\CCShakyTiles3D.cpp, C:\Users\KusokMedi\Documents\GitHub\BetterShowcase\build\bindings\bindings\Geode\source\CCShakyTiles3D.cpp. [C:\Users\KusokMedi\Documents\GitHub\BetterShowcase\build\bindings\GeodeBindings.vcxproj]
C:\Program Files (x86)\Microsoft Visual Studio\2022\BuildTools\MSBuild\Microsoft\VC\v170\Microsoft.CppBuild.targets(1129,5): warning MSB8027: ╨┤╨▓╨░ ╨╕╨╗╨╕ ╨▒╨╛╨╗╨╡╨╡ ╤Д╨░╨╣╨╗╨╛╨▓ ╤Б ╨╕╨╝╨╡╨╜╨╡╨╝ CCShatteredTiles3D.cpp ╨▓╤Л╨▓╨╛╨┤╤П╤В ╤А╨╡╨╖╤Г╨╗╤М╤В╨░╤В╤Л ╨▓ ╨╛╨┤╨╜╨╛ ╨╕ ╤В╨╛ ╨╢╨╡ ╤А╨░╤Б╨┐╨╛╨╗╨╛╨╢╨╡╨╜╨╕╨╡. ╨н╤В╨╛ ╨╝╨╛╨╢╨╡╤В ╤Б╤В╨░╤В╤М ╨┐╤А╨╕╤З╨╕╨╜╨╛╨╣ ╨╜╨╡╨▓╨╡╤А╨╜╨╛╨│╨╛ ╤А╨╡╨╖╤Г╨╗╤М╤В╨░╤В╨░ ╤Б╨▒╨╛╤А╨║╨╕.  ╨Т╨║╨╗╤О╤З╨╡╨╜╨╜╤Л╨╡ ╤Д╨░╨╣╨╗╤Л тАФ C:\Users\KusokMedi\Documents\GitHub\BetterShowcase\build\_deps\bindings-src\bindings\2.2081\inline\CCShatteredTiles3D.cpp, C:\Users\KusokMedi\Documents\GitHub\BetterShowcase\build\bindings\bindings\Geode\source\CCShatteredTiles3D.cpp. [C:\Users\KusokMedi\Documents\GitHub\BetterShowcase\build\bindings\GeodeBindings.vcxproj]
C:\Program Files (x86)\Microsoft Visual Studio\2022\BuildTools\MSBuild\Microsoft\VC\v170\Microsoft.CppBuild.targets(1129,5): warning MSB8027: ╨┤╨▓╨░ ╨╕╨╗╨╕ ╨▒╨╛╨╗╨╡╨╡ ╤Д╨░╨╣╨╗╨╛╨▓ ╤Б ╨╕╨╝╨╡╨╜╨╡╨╝ CCShow.cpp ╨▓╤Л╨▓╨╛╨┤╤П╤В ╤А╨╡╨╖╤Г╨╗╤М╤В╨░╤В╤Л ╨▓ ╨╛╨┤╨╜╨╛ ╨╕ ╤В╨╛ ╨╢╨╡ ╤А╨░╤Б╨┐╨╛╨╗╨╛╨╢╨╡╨╜╨╕╨╡. ╨н╤В╨╛ ╨╝╨╛╨╢╨╡╤В ╤Б╤В╨░╤В╤М ╨┐╤А╨╕╤З╨╕╨╜╨╛╨╣ ╨╜╨╡╨▓╨╡╤А╨╜╨╛╨│╨╛ ╤А╨╡╨╖╤Г╨╗╤М╤В╨░╤В╨░ ╤Б╨▒╨╛╤А╨║╨╕.  ╨Т╨║╨╗╤О╤З╨╡╨╜╨╜╤Л╨╡ ╤Д╨░╨╣╨╗╤Л тАФ C:\Users\KusokMedi\Documents\GitHub\BetterShowcase\build\_deps\bindings-src\bindings\2.2081\inline\CCShow.cpp, C:\Users\KusokMedi\Documents\GitHub\BetterShowcase\build\bindings\bindings\Geode\source\CCShow.cpp. [C:\Users\KusokMedi\Documents\GitHub\BetterShowcase\build\bindings\GeodeBindings.vcxproj]
C:\Program Files (x86)\Microsoft Visual Studio\2022\BuildTools\MSBuild\Microsoft\VC\v170\Microsoft.CppBuild.targets(1129,5): warning MSB8027: ╨┤╨▓╨░ ╨╕╨╗╨╕ ╨▒╨╛╨╗╨╡╨╡ ╤Д╨░╨╣╨╗╨╛╨▓ ╤Б ╨╕╨╝╨╡╨╜╨╡╨╝ CCShuffleTiles.cpp ╨▓╤Л╨▓╨╛╨┤╤П╤В ╤А╨╡╨╖╤Г╨╗╤М╤В╨░╤В╤Л ╨▓ ╨╛╨┤╨╜╨╛ ╨╕ ╤В╨╛ ╨╢╨╡ ╤А╨░╤Б╨┐╨╛╨╗╨╛╨╢╨╡╨╜╨╕╨╡. ╨н╤В╨╛ ╨╝╨╛╨╢╨╡╤В ╤Б╤В╨░╤В╤М ╨┐╤А╨╕╤З╨╕╨╜╨╛╨╣ ╨╜╨╡╨▓╨╡╤А╨╜╨╛╨│╨╛ ╤А╨╡╨╖╤Г╨╗╤М╤В╨░╤В╨░ ╤Б╨▒╨╛╤А╨║╨╕.  ╨Т╨║╨╗╤О╤З╨╡╨╜╨╜╤Л╨╡ ╤Д╨░╨╣╨╗╤Л тАФ C:\Users\KusokMedi\Documents\GitHub\BetterShowcase\build\_deps\bindings-src\bindings\2.2081\inline\CCShuffleTiles.cpp, C:\Users\KusokMedi\Documents\GitHub\BetterShowcase\build\bindings\bindings\Geode\source\CCShuffleTiles.cpp. [C:\Users\KusokMedi\Documents\GitHub\BetterShowcase\build\bindings\GeodeBindings.vcxproj]
C:\Program Files (x86)\Microsoft Visual Studio\2022\BuildTools\MSBuild\Microsoft\VC\v170\Microsoft.CppBuild.targets(1129,5): warning MSB8027: ╨┤╨▓╨░ ╨╕╨╗╨╕ ╨▒╨╛╨╗╨╡╨╡ ╤Д╨░╨╣╨╗╨╛╨▓ ╤Б ╨╕╨╝╨╡╨╜╨╡╨╝ CCSkewBy.cpp ╨▓╤Л╨▓╨╛╨┤╤П╤В ╤А╨╡╨╖╤Г╨╗╤М╤В╨░╤В╤Л ╨▓ ╨╛╨┤╨╜╨╛ ╨╕ ╤В╨╛ ╨╢╨╡ ╤А╨░╤Б╨┐╨╛╨╗╨╛╨╢╨╡╨╜╨╕╨╡. ╨н╤В╨╛ ╨╝╨╛╨╢╨╡╤В ╤Б╤В╨░╤В╤М ╨┐╤А╨╕╤З╨╕╨╜╨╛╨╣ ╨╜╨╡╨▓╨╡╤А╨╜╨╛╨│╨╛ ╤А╨╡╨╖╤Г╨╗╤М╤В╨░╤В╨░ ╤Б╨▒╨╛╤А╨║╨╕.  ╨Т╨║╨╗╤О╤З╨╡╨╜╨╜╤Л╨╡ ╤Д╨░╨╣╨╗╤Л тАФ C:\Users\KusokMedi\Documents\GitHub\BetterShowcase\build\_deps\bindings-src\bindings\2.2081\inline\CCSkewBy.cpp, C:\Users\KusokMedi\Documents\GitHub\BetterShowcase\build\bindings\bindings\Geode\source\CCSkewBy.cpp. [C:\Users\KusokMedi\Documents\GitHub\BetterShowcase\build\bindings\GeodeBindings.vcxproj]
C:\Program Files (x86)\Microsoft Visual Studio\2022\BuildTools\MSBuild\Microsoft\VC\v170\Microsoft.CppBuild.targets(1129,5): warning MSB8027: ╨┤╨▓╨░ ╨╕╨╗╨╕ ╨▒╨╛╨╗╨╡╨╡ ╤Д╨░╨╣╨╗╨╛╨▓ ╤Б ╨╕╨╝╨╡╨╜╨╡╨╝ CCSkewTo.cpp ╨▓╤Л╨▓╨╛╨┤╤П╤В ╤А╨╡╨╖╤Г╨╗╤М╤В╨░╤В╤Л ╨▓ ╨╛╨┤╨╜╨╛ ╨╕ ╤В╨╛ ╨╢╨╡ ╤А╨░╤Б╨┐╨╛╨╗╨╛╨╢╨╡╨╜╨╕╨╡. ╨н╤В╨╛ ╨╝╨╛╨╢╨╡╤В ╤Б╤В╨░╤В╤М ╨┐╤А╨╕╤З╨╕╨╜╨╛╨╣ ╨╜╨╡╨▓╨╡╤А╨╜╨╛╨│╨╛ ╤А╨╡╨╖╤Г╨╗╤М╤В╨░╤В╨░ ╤Б╨▒╨╛╤А╨║╨╕.  ╨Т╨║╨╗╤О╤З╨╡╨╜╨╜╤Л╨╡ ╤Д╨░╨╣╨╗╤Л тАФ C:\Users\KusokMedi\Documents\GitHub\BetterShowcase\build\_deps\bindings-src\bindings\2.2081\inline\CCSkewTo.cpp, C:\Users\KusokMedi\Documents\GitHub\BetterShowcase\build\bindings\bindings\Geode\source\CCSkewTo.cpp. [C:\Users\KusokMedi\Documents\GitHub\BetterShowcase\build\bindings\GeodeBindings.vcxproj]
C:\Program Files (x86)\Microsoft Visual Studio\2022\BuildTools\MSBuild\Microsoft\VC\v170\Microsoft.CppBuild.targets(1129,5): warning MSB8027: ╨┤╨▓╨░ ╨╕╨╗╨╕ ╨▒╨╛╨╗╨╡╨╡ ╤Д╨░╨╣╨╗╨╛╨▓ ╤Б ╨╕╨╝╨╡╨╜╨╡╨╝ CCSpawn.cpp ╨▓╤Л╨▓╨╛╨┤╤П╤В ╤А╨╡╨╖╤Г╨╗╤М╤В╨░╤В╤Л ╨▓ ╨╛╨┤╨╜╨╛ ╨╕ ╤В╨╛ ╨╢╨╡ ╤А╨░╤Б╨┐╨╛╨╗╨╛╨╢╨╡╨╜╨╕╨╡. ╨н╤В╨╛ ╨╝╨╛╨╢╨╡╤В ╤Б╤В╨░╤В╤М ╨┐╤А╨╕╤З╨╕╨╜╨╛╨╣ ╨╜╨╡╨▓╨╡╤А╨╜╨╛╨│╨╛ ╤А╨╡╨╖╤Г╨╗╤М╤В╨░╤В╨░ ╤Б╨▒╨╛╤А╨║╨╕.  ╨Т╨║╨╗╤О╤З╨╡╨╜╨╜╤Л╨╡ ╤Д╨░╨╣╨╗╤Л тАФ C:\Users\KusokMedi\Documents\GitHub\BetterShowcase\build\_deps\bindings-src\bindings\2.2081\inline\CCSpawn.cpp, C:\Users\KusokMedi\Documents\GitHub\BetterShowcase\build\bindings\bindings\Geode\source\CCSpawn.cpp. [C:\Users\KusokMedi\Documents\GitHub\BetterShowcase\build\bindings\GeodeBindings.vcxproj]
C:\Program Files (x86)\Microsoft Visual Studio\2022\BuildTools\MSBuild\Microsoft\VC\v170\Microsoft.CppBuild.targets(1129,5): warning MSB8027: ╨┤╨▓╨░ ╨╕╨╗╨╕ ╨▒╨╛╨╗╨╡╨╡ ╤Д╨░╨╣╨╗╨╛╨▓ ╤Б ╨╕╨╝╨╡╨╜╨╡╨╝ CCSpeed.cpp ╨▓╤Л╨▓╨╛╨┤╤П╤В ╤А╨╡╨╖╤Г╨╗╤М╤В╨░╤В╤Л ╨▓ ╨╛╨┤╨╜╨╛ ╨╕ ╤В╨╛ ╨╢╨╡ ╤А╨░╤Б╨┐╨╛╨╗╨╛╨╢╨╡╨╜╨╕╨╡. ╨н╤В╨╛ ╨╝╨╛╨╢╨╡╤В ╤Б╤В╨░╤В╤М ╨┐╤А╨╕╤З╨╕╨╜╨╛╨╣ ╨╜╨╡╨▓╨╡╤А╨╜╨╛╨│╨╛ ╤А╨╡╨╖╤Г╨╗╤М╤В╨░╤В╨░ ╤Б╨▒╨╛╤А╨║╨╕.  ╨Т╨║╨╗╤О╤З╨╡╨╜╨╜╤Л╨╡ ╤Д╨░╨╣╨╗╤Л тАФ C:\Users\KusokMedi\Documents\GitHub\BetterShowcase\build\_deps\bindings-src\bindings\2.2081\inline\CCSpeed.cpp, C:\Users\KusokMedi\Documents\GitHub\BetterShowcase\build\bindings\bindings\Geode\source\CCSpeed.cpp. [C:\Users\KusokMedi\Documents\GitHub\BetterShowcase\build\bindings\GeodeBindings.vcxproj]
C:\Program Files (x86)\Microsoft Visual Studio\2022\BuildTools\MSBuild\Microsoft\VC\v170\Microsoft.CppBuild.targets(1129,5): warning MSB8027: ╨┤╨▓╨░ ╨╕╨╗╨╕ ╨▒╨╛╨╗╨╡╨╡ ╤Д╨░╨╣╨╗╨╛╨▓ ╤Б ╨╕╨╝╨╡╨╜╨╡╨╝ CCSplitCols.cpp ╨▓╤Л╨▓╨╛╨┤╤П╤В ╤А╨╡╨╖╤Г╨╗╤М╤В╨░╤В╤Л ╨▓ ╨╛╨┤╨╜╨╛ ╨╕ ╤В╨╛ ╨╢╨╡ ╤А╨░╤Б╨┐╨╛╨╗╨╛╨╢╨╡╨╜╨╕╨╡. ╨н╤В╨╛ ╨╝╨╛╨╢╨╡╤В ╤Б╤В╨░╤В╤М ╨┐╤А╨╕╤З╨╕╨╜╨╛╨╣ ╨╜╨╡╨▓╨╡╤А╨╜╨╛╨│╨╛ ╤А╨╡╨╖╤Г╨╗╤М╤В╨░╤В╨░ ╤Б╨▒╨╛╤А╨║╨╕.  ╨Т╨║╨╗╤О╤З╨╡╨╜╨╜╤Л╨╡ ╤Д╨░╨╣╨╗╤Л тАФ C:\Users\KusokMedi\Documents\GitHub\BetterShowcase\build\_deps\bindings-src\bindings\2.2081\inline\CCSplitCols.cpp, C:\Users\KusokMedi\Documents\GitHub\BetterShowcase\build\bindings\bindings\Geode\source\CCSplitCols.cpp. [C:\Users\KusokMedi\Documents\GitHub\BetterShowcase\build\bindings\GeodeBindings.vcxproj]
C:\Program Files (x86)\Microsoft Visual Studio\2022\BuildTools\MSBuild\Microsoft\VC\v170\Microsoft.CppBuild.targets(1129,5): warning MSB8027: ╨┤╨▓╨░ ╨╕╨╗╨╕ ╨▒╨╛╨╗╨╡╨╡ ╤Д╨░╨╣╨╗╨╛╨▓ ╤Б ╨╕╨╝╨╡╨╜╨╡╨╝ CCSplitRows.cpp ╨▓╤Л╨▓╨╛╨┤╤П╤В ╤А╨╡╨╖╤Г╨╗╤М╤В╨░╤В╤Л ╨▓ ╨╛╨┤╨╜╨╛ ╨╕ ╤В╨╛ ╨╢╨╡ ╤А╨░╤Б╨┐╨╛╨╗╨╛╨╢╨╡╨╜╨╕╨╡. ╨н╤В╨╛ ╨╝╨╛╨╢╨╡╤В ╤Б╤В╨░╤В╤М ╨┐╤А╨╕╤З╨╕╨╜╨╛╨╣ ╨╜╨╡╨▓╨╡╤А╨╜╨╛╨│╨╛ ╤А╨╡╨╖╤Г╨╗╤М╤В╨░╤В╨░ ╤Б╨▒╨╛╤А╨║╨╕.  ╨Т╨║╨╗╤О╤З╨╡╨╜╨╜╤Л╨╡ ╤Д╨░╨╣╨╗╤Л тАФ C:\Users\KusokMedi\Documents\GitHub\BetterShowcase\build\_deps\bindings-src\bindings\2.2081\inline\CCSplitRows.cpp, C:\Users\KusokMedi\Documents\GitHub\BetterShowcase\build\bindings\bindings\Geode\source\CCSplitRows.cpp. [C:\Users\KusokMedi\Documents\GitHub\BetterShowcase\build\bindings\GeodeBindings.vcxproj]
C:\Program Files (x86)\Microsoft Visual Studio\2022\BuildTools\MSBuild\Microsoft\VC\v170\Microsoft.CppBuild.targets(1129,5): warning MSB8027: ╨┤╨▓╨░ ╨╕╨╗╨╕ ╨▒╨╛╨╗╨╡╨╡ ╤Д╨░╨╣╨╗╨╛╨▓ ╤Б ╨╕╨╝╨╡╨╜╨╡╨╝ CCSprite.cpp ╨▓╤Л╨▓╨╛╨┤╤П╤В ╤А╨╡╨╖╤Г╨╗╤М╤В╨░╤В╤Л ╨▓ ╨╛╨┤╨╜╨╛ ╨╕ ╤В╨╛ ╨╢╨╡ ╤А╨░╤Б╨┐╨╛╨╗╨╛╨╢╨╡╨╜╨╕╨╡. ╨н╤В╨╛ ╨╝╨╛╨╢╨╡╤В ╤Б╤В╨░╤В╤М ╨┐╤А╨╕╤З╨╕╨╜╨╛╨╣ ╨╜╨╡╨▓╨╡╤А╨╜╨╛╨│╨╛ ╤А╨╡╨╖╤Г╨╗╤М╤В╨░╤В╨░ ╤Б╨▒╨╛╤А╨║╨╕.  ╨Т╨║╨╗╤О╤З╨╡╨╜╨╜╤Л╨╡ ╤Д╨░╨╣╨╗╤Л тАФ C:\Users\KusokMedi\Documents\GitHub\BetterShowcase\build\_deps\bindings-src\bindings\2.2081\inline\CCSprite.cpp, C:\Users\KusokMedi\Documents\GitHub\BetterShowcase\build\bindings\bindings\Geode\source\CCSprite.cpp. [C:\Users\KusokMedi\Documents\GitHub\BetterShowcase\build\bindings\GeodeBindings.vcxproj]
C:\Program Files (x86)\Microsoft Visual Studio\2022\BuildTools\MSBuild\Microsoft\VC\v170\Microsoft.CppBuild.targets(1129,5): warning MSB8027: ╨┤╨▓╨░ ╨╕╨╗╨╕ ╨▒╨╛╨╗╨╡╨╡ ╤Д╨░╨╣╨╗╨╛╨▓ ╤Б ╨╕╨╝╨╡╨╜╨╡╨╝ CCSpriteBatchNode.cpp ╨▓╤Л╨▓╨╛╨┤╤П╤В ╤А╨╡╨╖╤Г╨╗╤М╤В╨░╤В╤Л ╨▓ ╨╛╨┤╨╜╨╛ ╨╕ ╤В╨╛ ╨╢╨╡ ╤А╨░╤Б╨┐╨╛╨╗╨╛╨╢╨╡╨╜╨╕╨╡. ╨н╤В╨╛ ╨╝╨╛╨╢╨╡╤В ╤Б╤В╨░╤В╤М ╨┐╤А╨╕╤З╨╕╨╜╨╛╨╣ ╨╜╨╡╨▓╨╡╤А╨╜╨╛╨│╨╛ ╤А╨╡╨╖╤Г╨╗╤М╤В╨░╤В╨░ ╤Б╨▒╨╛╤А╨║╨╕.  ╨Т╨║╨╗╤О╤З╨╡╨╜╨╜╤Л╨╡ ╤Д╨░╨╣╨╗╤Л тАФ C:\Users\KusokMedi\Documents\GitHub\BetterShowcase\build\_deps\bindings-src\bindings\2.2081\inline\CCSpriteBatchNode.cpp, C:\Users\KusokMedi\Documents\GitHub\BetterShowcase\build\bindings\bindings\Geode\source\CCSpriteBatchNode.cpp. [C:\Users\KusokMedi\Documents\GitHub\BetterShowcase\build\bindings\GeodeBindings.vcxproj]
C:\Program Files (x86)\Microsoft Visual Studio\2022\BuildTools\MSBuild\Microsoft\VC\v170\Microsoft.CppBuild.targets(1129,5): warning MSB8027: ╨┤╨▓╨░ ╨╕╨╗╨╕ ╨▒╨╛╨╗╨╡╨╡ ╤Д╨░╨╣╨╗╨╛╨▓ ╤Б ╨╕╨╝╨╡╨╜╨╡╨╝ CCSpriteCOpacity.cpp ╨▓╤Л╨▓╨╛╨┤╤П╤В ╤А╨╡╨╖╤Г╨╗╤М╤В╨░╤В╤Л ╨▓ ╨╛╨┤╨╜╨╛ ╨╕ ╤В╨╛ ╨╢╨╡ ╤А╨░╤Б╨┐╨╛╨╗╨╛╨╢╨╡╨╜╨╕╨╡. ╨н╤В╨╛ ╨╝╨╛╨╢╨╡╤В ╤Б╤В╨░╤В╤М ╨┐╤А╨╕╤З╨╕╨╜╨╛╨╣ ╨╜╨╡╨▓╨╡╤А╨╜╨╛╨│╨╛ ╤А╨╡╨╖╤Г╨╗╤М╤В╨░╤В╨░ ╤Б╨▒╨╛╤А╨║╨╕.  ╨Т╨║╨╗╤О╤З╨╡╨╜╨╜╤Л╨╡ ╤Д╨░╨╣╨╗╤Л тАФ C:\Users\KusokMedi\Documents\GitHub\BetterShowcase\build\_deps\bindings-src\bindings\2.2081\inline\CCSpriteCOpacity.cpp, C:\Users\KusokMedi\Documents\GitHub\BetterShowcase\build\bindings\bindings\Geode\source\CCSpriteCOpacity.cpp. [C:\Users\KusokMedi\Documents\GitHub\BetterShowcase\build\bindings\GeodeBindings.vcxproj]
C:\Program Files (x86)\Microsoft Visual Studio\2022\BuildTools\MSBuild\Microsoft\VC\v170\Microsoft.CppBuild.targets(1129,5): warning MSB8027: ╨┤╨▓╨░ ╨╕╨╗╨╕ ╨▒╨╛╨╗╨╡╨╡ ╤Д╨░╨╣╨╗╨╛╨▓ ╤Б ╨╕╨╝╨╡╨╜╨╡╨╝ CCSpriteFrame.cpp ╨▓╤Л╨▓╨╛╨┤╤П╤В ╤А╨╡╨╖╤Г╨╗╤М╤В╨░╤В╤Л ╨▓ ╨╛╨┤╨╜╨╛ ╨╕ ╤В╨╛ ╨╢╨╡ ╤А╨░╤Б╨┐╨╛╨╗╨╛╨╢╨╡╨╜╨╕╨╡. ╨н╤В╨╛ ╨╝╨╛╨╢╨╡╤В ╤Б╤В╨░╤В╤М ╨┐╤А╨╕╤З╨╕╨╜╨╛╨╣ ╨╜╨╡╨▓╨╡╤А╨╜╨╛╨│╨╛ ╤А╨╡╨╖╤Г╨╗╤М╤В╨░╤В╨░ ╤Б╨▒╨╛╤А╨║╨╕.  ╨Т╨║╨╗╤О╤З╨╡╨╜╨╜╤Л╨╡ ╤Д╨░╨╣╨╗╤Л тАФ C:\Users\KusokMedi\Documents\GitHub\BetterShowcase\build\_deps\bindings-src\bindings\2.2081\inline\CCSpriteFrame.cpp, C:\Users\KusokMedi\Documents\GitHub\BetterShowcase\build\bindings\bindings\Geode\source\CCSpriteFrame.cpp. [C:\Users\KusokMedi\Documents\GitHub\BetterShowcase\build\bindings\GeodeBindings.vcxproj]
C:\Program Files (x86)\Microsoft Visual Studio\2022\BuildTools\MSBuild\Microsoft\VC\v170\Microsoft.CppBuild.targets(1129,5): warning MSB8027: ╨┤╨▓╨░ ╨╕╨╗╨╕ ╨▒╨╛╨╗╨╡╨╡ ╤Д╨░╨╣╨╗╨╛╨▓ ╤Б ╨╕╨╝╨╡╨╜╨╡╨╝ CCSpriteFrameCache.cpp ╨▓╤Л╨▓╨╛╨┤╤П╤В ╤А╨╡╨╖╤Г╨╗╤М╤В╨░╤В╤Л ╨▓ ╨╛╨┤╨╜╨╛ ╨╕ ╤В╨╛ ╨╢╨╡ ╤А╨░╤Б╨┐╨╛╨╗╨╛╨╢╨╡╨╜╨╕╨╡. ╨н╤В╨╛ ╨╝╨╛╨╢╨╡╤В ╤Б╤В╨░╤В╤М ╨┐╤А╨╕╤З╨╕╨╜╨╛╨╣ ╨╜╨╡╨▓╨╡╤А╨╜╨╛╨│╨╛ ╤А╨╡╨╖╤Г╨╗╤М╤В╨░╤В╨░ ╤Б╨▒╨╛╤А╨║╨╕.  ╨Т╨║╨╗╤О╤З╨╡╨╜╨╜╤Л╨╡ ╤Д╨░╨╣╨╗╤Л тАФ C:\Users\KusokMedi\Documents\GitHub\BetterShowcase\build\_deps\bindings-src\bindings\2.2081\inline\CCSpriteFrameCache.cpp, C:\Users\KusokMedi\Documents\GitHub\BetterShowcase\build\bindings\bindings\Geode\source\CCSpriteFrameCache.cpp. [C:\Users\KusokMedi\Documents\GitHub\BetterShowcase\build\bindings\GeodeBindings.vcxproj]
C:\Program Files (x86)\Microsoft Visual Studio\2022\BuildTools\MSBuild\Microsoft\VC\v170\Microsoft.CppBuild.targets(1129,5): warning MSB8027: ╨┤╨▓╨░ ╨╕╨╗╨╕ ╨▒╨╛╨╗╨╡╨╡ ╤Д╨░╨╣╨╗╨╛╨▓ ╤Б ╨╕╨╝╨╡╨╜╨╡╨╝ CCSpriteGrayscale.cpp ╨▓╤Л╨▓╨╛╨┤╤П╤В ╤А╨╡╨╖╤Г╨╗╤М╤В╨░╤В╤Л ╨▓ ╨╛╨┤╨╜╨╛ ╨╕ ╤В╨╛ ╨╢╨╡ ╤А╨░╤Б╨┐╨╛╨╗╨╛╨╢╨╡╨╜╨╕╨╡. ╨н╤В╨╛ ╨╝╨╛╨╢╨╡╤В ╤Б╤В╨░╤В╤М ╨┐╤А╨╕╤З╨╕╨╜╨╛╨╣ ╨╜╨╡╨▓╨╡╤А╨╜╨╛╨│╨╛ ╤А╨╡╨╖╤Г╨╗╤М╤В╨░╤В╨░ ╤Б╨▒╨╛╤А╨║╨╕.  ╨Т╨║╨╗╤О╤З╨╡╨╜╨╜╤Л╨╡ ╤Д╨░╨╣╨╗╤Л тАФ C:\Users\KusokMedi\Documents\GitHub\BetterShowcase\build\_deps\bindings-src\bindings\2.2081\inline\CCSpriteGrayscale.cpp, C:\Users\KusokMedi\Documents\GitHub\BetterShowcase\build\bindings\bindings\Geode\source\CCSpriteGrayscale.cpp. [C:\Users\KusokMedi\Documents\GitHub\BetterShowcase\build\bindings\GeodeBindings.vcxproj]
C:\Program Files (x86)\Microsoft Visual Studio\2022\BuildTools\MSBuild\Microsoft\VC\v170\Microsoft.CppBuild.targets(1129,5): warning MSB8027: ╨┤╨▓╨░ ╨╕╨╗╨╕ ╨▒╨╛╨╗╨╡╨╡ ╤Д╨░╨╣╨╗╨╛╨▓ ╤Б ╨╕╨╝╨╡╨╜╨╡╨╝ CCSpritePart.cpp ╨▓╤Л╨▓╨╛╨┤╤П╤В ╤А╨╡╨╖╤Г╨╗╤М╤В╨░╤В╤Л ╨▓ ╨╛╨┤╨╜╨╛ ╨╕ ╤В╨╛ ╨╢╨╡ ╤А╨░╤Б╨┐╨╛╨╗╨╛╨╢╨╡╨╜╨╕╨╡. ╨н╤В╨╛ ╨╝╨╛╨╢╨╡╤В ╤Б╤В╨░╤В╤М ╨┐╤А╨╕╤З╨╕╨╜╨╛╨╣ ╨╜╨╡╨▓╨╡╤А╨╜╨╛╨│╨╛ ╤А╨╡╨╖╤Г╨╗╤М╤В╨░╤В╨░ ╤Б╨▒╨╛╤А╨║╨╕.  ╨Т╨║╨╗╤О╤З╨╡╨╜╨╜╤Л╨╡ ╤Д╨░╨╣╨╗╤Л тАФ C:\Users\KusokMedi\Documents\GitHub\BetterShowcase\build\_deps\bindings-src\bindings\2.2081\inline\CCSpritePart.cpp, C:\Users\KusokMedi\Documents\GitHub\BetterShowcase\build\bindings\bindings\Geode\source\CCSpritePart.cpp. [C:\Users\KusokMedi\Documents\GitHub\BetterShowcase\build\bindings\GeodeBindings.vcxproj]
C:\Program Files (x86)\Microsoft Visual Studio\2022\BuildTools\MSBuild\Microsoft\VC\v170\Microsoft.CppBuild.targets(1129,5): warning MSB8027: ╨┤╨▓╨░ ╨╕╨╗╨╕ ╨▒╨╛╨╗╨╡╨╡ ╤Д╨░╨╣╨╗╨╛╨▓ ╤Б ╨╕╨╝╨╡╨╜╨╡╨╝ CCSpritePlus.cpp ╨▓╤Л╨▓╨╛╨┤╤П╤В ╤А╨╡╨╖╤Г╨╗╤М╤В╨░╤В╤Л ╨▓ ╨╛╨┤╨╜╨╛ ╨╕ ╤В╨╛ ╨╢╨╡ ╤А╨░╤Б╨┐╨╛╨╗╨╛╨╢╨╡╨╜╨╕╨╡. ╨н╤В╨╛ ╨╝╨╛╨╢╨╡╤В ╤Б╤В╨░╤В╤М ╨┐╤А╨╕╤З╨╕╨╜╨╛╨╣ ╨╜╨╡╨▓╨╡╤А╨╜╨╛╨│╨╛ ╤А╨╡╨╖╤Г╨╗╤М╤В╨░╤В╨░ ╤Б╨▒╨╛╤А╨║╨╕.  ╨Т╨║╨╗╤О╤З╨╡╨╜╨╜╤Л╨╡ ╤Д╨░╨╣╨╗╤Л тАФ C:\Users\KusokMedi\Documents\GitHub\BetterShowcase\build\_deps\bindings-src\bindings\2.2081\inline\CCSpritePlus.cpp, C:\Users\KusokMedi\Documents\GitHub\BetterShowcase\build\bindings\bindings\Geode\source\CCSpritePlus.cpp. [C:\Users\KusokMedi\Documents\GitHub\BetterShowcase\build\bindings\GeodeBindings.vcxproj]
C:\Program Files (x86)\Microsoft Visual Studio\2022\BuildTools\MSBuild\Microsoft\VC\v170\Microsoft.CppBuild.targets(1129,5): warning MSB8027: ╨┤╨▓╨░ ╨╕╨╗╨╕ ╨▒╨╛╨╗╨╡╨╡ ╤Д╨░╨╣╨╗╨╛╨▓ ╤Б ╨╕╨╝╨╡╨╜╨╡╨╝ CCSpriteWithHue.cpp ╨▓╤Л╨▓╨╛╨┤╤П╤В ╤А╨╡╨╖╤Г╨╗╤М╤В╨░╤В╤Л ╨▓ ╨╛╨┤╨╜╨╛ ╨╕ ╤В╨╛ ╨╢╨╡ ╤А╨░╤Б╨┐╨╛╨╗╨╛╨╢╨╡╨╜╨╕╨╡. ╨н╤В╨╛ ╨╝╨╛╨╢╨╡╤В ╤Б╤В╨░╤В╤М ╨┐╤А╨╕╤З╨╕╨╜╨╛╨╣ ╨╜╨╡╨▓╨╡╤А╨╜╨╛╨│╨╛ ╤А╨╡╨╖╤Г╨╗╤М╤В╨░╤В╨░ ╤Б╨▒╨╛╤А╨║╨╕.  ╨Т╨║╨╗╤О╤З╨╡╨╜╨╜╤Л╨╡ ╤Д╨░╨╣╨╗╤Л тАФ C:\Users\KusokMedi\Documents\GitHub\BetterShowcase\build\_deps\bindings-src\bindings\2.2081\inline\CCSpriteWithHue.cpp, C:\Users\KusokMedi\Documents\GitHub\BetterShowcase\build\bindings\bindings\Geode\source\CCSpriteWithHue.cpp. [C:\Users\KusokMedi\Documents\GitHub\BetterShowcase\build\bindings\GeodeBindings.vcxproj]
C:\Program Files (x86)\Microsoft Visual Studio\2022\BuildTools\MSBuild\Microsoft\VC\v170\Microsoft.CppBuild.targets(1129,5): warning MSB8027: ╨┤╨▓╨░ ╨╕╨╗╨╕ ╨▒╨╛╨╗╨╡╨╡ ╤Д╨░╨╣╨╗╨╛╨▓ ╤Б ╨╕╨╝╨╡╨╜╨╡╨╝ CCStandardTouchHandler.cpp ╨▓╤Л╨▓╨╛╨┤╤П╤В ╤А╨╡╨╖╤Г╨╗╤М╤В╨░╤В╤Л ╨▓ ╨╛╨┤╨╜╨╛ ╨╕ ╤В╨╛ ╨╢╨╡ ╤А╨░╤Б╨┐╨╛╨╗╨╛╨╢╨╡╨╜╨╕╨╡. ╨н╤В╨╛ ╨╝╨╛╨╢╨╡╤В ╤Б╤В╨░╤В╤М ╨┐╤А╨╕╤З╨╕╨╜╨╛╨╣ ╨╜╨╡╨▓╨╡╤А╨╜╨╛╨│╨╛ ╤А╨╡╨╖╤Г╨╗╤М╤В╨░╤В╨░ ╤Б╨▒╨╛╤А╨║╨╕.  ╨Т╨║╨╗╤О╤З╨╡╨╜╨╜╤Л╨╡ ╤Д╨░╨╣╨╗╤Л тАФ C:\Users\KusokMedi\Documents\GitHub\BetterShowcase\build\_deps\bindings-src\bindings\2.2081\inline\CCStandardTouchHandler.cpp, C:\Users\KusokMedi\Documents\GitHub\BetterShowcase\build\bindings\bindings\Geode\source\CCStandardTouchHandler.cpp. [C:\Users\KusokMedi\Documents\GitHub\BetterShowcase\build\bindings\GeodeBindings.vcxproj]
C:\Program Files (x86)\Microsoft Visual Studio\2022\BuildTools\MSBuild\Microsoft\VC\v170\Microsoft.CppBuild.targets(1129,5): warning MSB8027: ╨┤╨▓╨░ ╨╕╨╗╨╕ ╨▒╨╛╨╗╨╡╨╡ ╤Д╨░╨╣╨╗╨╛╨▓ ╤Б ╨╕╨╝╨╡╨╜╨╡╨╝ CCStopGrid.cpp ╨▓╤Л╨▓╨╛╨┤╤П╤В ╤А╨╡╨╖╤Г╨╗╤М╤В╨░╤В╤Л ╨▓ ╨╛╨┤╨╜╨╛ ╨╕ ╤В╨╛ ╨╢╨╡ ╤А╨░╤Б╨┐╨╛╨╗╨╛╨╢╨╡╨╜╨╕╨╡. ╨н╤В╨╛ ╨╝╨╛╨╢╨╡╤В ╤Б╤В╨░╤В╤М ╨┐╤А╨╕╤З╨╕╨╜╨╛╨╣ ╨╜╨╡╨▓╨╡╤А╨╜╨╛╨│╨╛ ╤А╨╡╨╖╤Г╨╗╤М╤В╨░╤В╨░ ╤Б╨▒╨╛╤А╨║╨╕.  ╨Т╨║╨╗╤О╤З╨╡╨╜╨╜╤Л╨╡ ╤Д╨░╨╣╨╗╤Л тАФ C:\Users\KusokMedi\Documents\GitHub\BetterShowcase\build\_deps\bindings-src\bindings\2.2081\inline\CCStopGrid.cpp, C:\Users\KusokMedi\Documents\GitHub\BetterShowcase\build\bindings\bindings\Geode\source\CCStopGrid.cpp. [C:\Users\KusokMedi\Documents\GitHub\BetterShowcase\build\bindings\GeodeBindings.vcxproj]
C:\Program Files (x86)\Microsoft Visual Studio\2022\BuildTools\MSBuild\Microsoft\VC\v170\Microsoft.CppBuild.targets(1129,5): warning MSB8027: ╨┤╨▓╨░ ╨╕╨╗╨╕ ╨▒╨╛╨╗╨╡╨╡ ╤Д╨░╨╣╨╗╨╛╨▓ ╤Б ╨╕╨╝╨╡╨╜╨╡╨╝ CCString.cpp ╨▓╤Л╨▓╨╛╨┤╤П╤В ╤А╨╡╨╖╤Г╨╗╤М╤В╨░╤В╤Л ╨▓ ╨╛╨┤╨╜╨╛ ╨╕ ╤В╨╛ ╨╢╨╡ ╤А╨░╤Б╨┐╨╛╨╗╨╛╨╢╨╡╨╜╨╕╨╡. ╨н╤В╨╛ ╨╝╨╛╨╢╨╡╤В ╤Б╤В╨░╤В╤М ╨┐╤А╨╕╤З╨╕╨╜╨╛╨╣ ╨╜╨╡╨▓╨╡╤А╨╜╨╛╨│╨╛ ╤А╨╡╨╖╤Г╨╗╤М╤В╨░╤В╨░ ╤Б╨▒╨╛╤А╨║╨╕.  ╨Т╨║╨╗╤О╤З╨╡╨╜╨╜╤Л╨╡ ╤Д╨░╨╣╨╗╤Л тАФ C:\Users\KusokMedi\Documents\GitHub\BetterShowcase\build\_deps\bindings-src\bindings\2.2081\inline\CCString.cpp, C:\Users\KusokMedi\Documents\GitHub\BetterShowcase\build\bindings\bindings\Geode\source\CCString.cpp. [C:\Users\KusokMedi\Documents\GitHub\BetterShowcase\build\bindings\GeodeBindings.vcxproj]
C:\Program Files (x86)\Microsoft Visual Studio\2022\BuildTools\MSBuild\Microsoft\VC\v170\Microsoft.CppBuild.targets(1129,5): warning MSB8027: ╨┤╨▓╨░ ╨╕╨╗╨╕ ╨▒╨╛╨╗╨╡╨╡ ╤Д╨░╨╣╨╗╨╛╨▓ ╤Б ╨╕╨╝╨╡╨╜╨╡╨╝ CCTMXLayer.cpp ╨▓╤Л╨▓╨╛╨┤╤П╤В ╤А╨╡╨╖╤Г╨╗╤М╤В╨░╤В╤Л ╨▓ ╨╛╨┤╨╜╨╛ ╨╕ ╤В╨╛ ╨╢╨╡ ╤А╨░╤Б╨┐╨╛╨╗╨╛╨╢╨╡╨╜╨╕╨╡. ╨н╤В╨╛ ╨╝╨╛╨╢╨╡╤В ╤Б╤В╨░╤В╤М ╨┐╤А╨╕╤З╨╕╨╜╨╛╨╣ ╨╜╨╡╨▓╨╡╤А╨╜╨╛╨│╨╛ ╤А╨╡╨╖╤Г╨╗╤М╤В╨░╤В╨░ ╤Б╨▒╨╛╤А╨║╨╕.  ╨Т╨║╨╗╤О╤З╨╡╨╜╨╜╤Л╨╡ ╤Д╨░╨╣╨╗╤Л тАФ C:\Users\KusokMedi\Documents\GitHub\BetterShowcase\build\_deps\bindings-src\bindings\2.2081\inline\CCTMXLayer.cpp, C:\Users\KusokMedi\Documents\GitHub\BetterShowcase\build\bindings\bindings\Geode\source\CCTMXLayer.cpp. [C:\Users\KusokMedi\Documents\GitHub\BetterShowcase\build\bindings\GeodeBindings.vcxproj]
C:\Program Files (x86)\Microsoft Visual Studio\2022\BuildTools\MSBuild\Microsoft\VC\v170\Microsoft.CppBuild.targets(1129,5): warning MSB8027: ╨┤╨▓╨░ ╨╕╨╗╨╕ ╨▒╨╛╨╗╨╡╨╡ ╤Д╨░╨╣╨╗╨╛╨▓ ╤Б ╨╕╨╝╨╡╨╜╨╡╨╝ CCTMXLayerInfo.cpp ╨▓╤Л╨▓╨╛╨┤╤П╤В ╤А╨╡╨╖╤Г╨╗╤М╤В╨░╤В╤Л ╨▓ ╨╛╨┤╨╜╨╛ ╨╕ ╤В╨╛ ╨╢╨╡ ╤А╨░╤Б╨┐╨╛╨╗╨╛╨╢╨╡╨╜╨╕╨╡. ╨н╤В╨╛ ╨╝╨╛╨╢╨╡╤В ╤Б╤В╨░╤В╤М ╨┐╤А╨╕╤З╨╕╨╜╨╛╨╣ ╨╜╨╡╨▓╨╡╤А╨╜╨╛╨│╨╛ ╤А╨╡╨╖╤Г╨╗╤М╤В╨░╤В╨░ ╤Б╨▒╨╛╤А╨║╨╕.  ╨Т╨║╨╗╤О╤З╨╡╨╜╨╜╤Л╨╡ ╤Д╨░╨╣╨╗╤Л тАФ C:\Users\KusokMedi\Documents\GitHub\BetterShowcase\build\_deps\bindings-src\bindings\2.2081\inline\CCTMXLayerInfo.cpp, C:\Users\KusokMedi\Documents\GitHub\BetterShowcase\build\bindings\bindings\Geode\source\CCTMXLayerInfo.cpp. [C:\Users\KusokMedi\Documents\GitHub\BetterShowcase\build\bindings\GeodeBindings.vcxproj]
C:\Program Files (x86)\Microsoft Visual Studio\2022\BuildTools\MSBuild\Microsoft\VC\v170\Microsoft.CppBuild.targets(1129,5): warning MSB8027: ╨┤╨▓╨░ ╨╕╨╗╨╕ ╨▒╨╛╨╗╨╡╨╡ ╤Д╨░╨╣╨╗╨╛╨▓ ╤Б ╨╕╨╝╨╡╨╜╨╡╨╝ CCTMXMapInfo.cpp ╨▓╤Л╨▓╨╛╨┤╤П╤В ╤А╨╡╨╖╤Г╨╗╤М╤В╨░╤В╤Л ╨▓ ╨╛╨┤╨╜╨╛ ╨╕ ╤В╨╛ ╨╢╨╡ ╤А╨░╤Б╨┐╨╛╨╗╨╛╨╢╨╡╨╜╨╕╨╡. ╨н╤В╨╛ ╨╝╨╛╨╢╨╡╤В ╤Б╤В╨░╤В╤М ╨┐╤А╨╕╤З╨╕╨╜╨╛╨╣ ╨╜╨╡╨▓╨╡╤А╨╜╨╛╨│╨╛ ╤А╨╡╨╖╤Г╨╗╤М╤В╨░╤В╨░ ╤Б╨▒╨╛╤А╨║╨╕.  ╨Т╨║╨╗╤О╤З╨╡╨╜╨╜╤Л╨╡ ╤Д╨░╨╣╨╗╤Л тАФ C:\Users\KusokMedi\Documents\GitHub\BetterShowcase\build\_deps\bindings-src\bindings\2.2081\inline\CCTMXMapInfo.cpp, C:\Users\KusokMedi\Documents\GitHub\BetterShowcase\build\bindings\bindings\Geode\source\CCTMXMapInfo.cpp. [C:\Users\KusokMedi\Documents\GitHub\BetterShowcase\build\bindings\GeodeBindings.vcxproj]
C:\Program Files (x86)\Microsoft Visual Studio\2022\BuildTools\MSBuild\Microsoft\VC\v170\Microsoft.CppBuild.targets(1129,5): warning MSB8027: ╨┤╨▓╨░ ╨╕╨╗╨╕ ╨▒╨╛╨╗╨╡╨╡ ╤Д╨░╨╣╨╗╨╛╨▓ ╤Б ╨╕╨╝╨╡╨╜╨╡╨╝ CCTMXObjectGroup.cpp ╨▓╤Л╨▓╨╛╨┤╤П╤В ╤А╨╡╨╖╤Г╨╗╤М╤В╨░╤В╤Л ╨▓ ╨╛╨┤╨╜╨╛ ╨╕ ╤В╨╛ ╨╢╨╡ ╤А╨░╤Б╨┐╨╛╨╗╨╛╨╢╨╡╨╜╨╕╨╡. ╨н╤В╨╛ ╨╝╨╛╨╢╨╡╤В ╤Б╤В╨░╤В╤М ╨┐╤А╨╕╤З╨╕╨╜╨╛╨╣ ╨╜╨╡╨▓╨╡╤А╨╜╨╛╨│╨╛ ╤А╨╡╨╖╤Г╨╗╤М╤В╨░╤В╨░ ╤Б╨▒╨╛╤А╨║╨╕.  ╨Т╨║╨╗╤О╤З╨╡╨╜╨╜╤Л╨╡ ╤Д╨░╨╣╨╗╤Л тАФ C:\Users\KusokMedi\Documents\GitHub\BetterShowcase\build\_deps\bindings-src\bindings\2.2081\inline\CCTMXObjectGroup.cpp, C:\Users\KusokMedi\Documents\GitHub\BetterShowcase\build\bindings\bindings\Geode\source\CCTMXObjectGroup.cpp. [C:\Users\KusokMedi\Documents\GitHub\BetterShowcase\build\bindings\GeodeBindings.vcxproj]
C:\Program Files (x86)\Microsoft Visual Studio\2022\BuildTools\MSBuild\Microsoft\VC\v170\Microsoft.CppBuild.targets(1129,5): warning MSB8027: ╨┤╨▓╨░ ╨╕╨╗╨╕ ╨▒╨╛╨╗╨╡╨╡ ╤Д╨░╨╣╨╗╨╛╨▓ ╤Б ╨╕╨╝╨╡╨╜╨╡╨╝ CCTMXTiledMap.cpp ╨▓╤Л╨▓╨╛╨┤╤П╤В ╤А╨╡╨╖╤Г╨╗╤М╤В╨░╤В╤Л ╨▓ ╨╛╨┤╨╜╨╛ ╨╕ ╤В╨╛ ╨╢╨╡ ╤А╨░╤Б╨┐╨╛╨╗╨╛╨╢╨╡╨╜╨╕╨╡. ╨н╤В╨╛ ╨╝╨╛╨╢╨╡╤В ╤Б╤В╨░╤В╤М ╨┐╤А╨╕╤З╨╕╨╜╨╛╨╣ ╨╜╨╡╨▓╨╡╤А╨╜╨╛╨│╨╛ ╤А╨╡╨╖╤Г╨╗╤М╤В╨░╤В╨░ ╤Б╨▒╨╛╤А╨║╨╕.  ╨Т╨║╨╗╤О╤З╨╡╨╜╨╜╤Л╨╡ ╤Д╨░╨╣╨╗╤Л тАФ C:\Users\KusokMedi\Documents\GitHub\BetterShowcase\build\_deps\bindings-src\bindings\2.2081\inline\CCTMXTiledMap.cpp, C:\Users\KusokMedi\Documents\GitHub\BetterShowcase\build\bindings\bindings\Geode\source\CCTMXTiledMap.cpp. [C:\Users\KusokMedi\Documents\GitHub\BetterShowcase\build\bindings\GeodeBindings.vcxproj]
C:\Program Files (x86)\Microsoft Visual Studio\2022\BuildTools\MSBuild\Microsoft\VC\v170\Microsoft.CppBuild.targets(1129,5): warning MSB8027: ╨┤╨▓╨░ ╨╕╨╗╨╕ ╨▒╨╛╨╗╨╡╨╡ ╤Д╨░╨╣╨╗╨╛╨▓ ╤Б ╨╕╨╝╨╡╨╜╨╡╨╝ CCTMXTilesetInfo.cpp ╨▓╤Л╨▓╨╛╨┤╤П╤В ╤А╨╡╨╖╤Г╨╗╤М╤В╨░╤В╤Л ╨▓ ╨╛╨┤╨╜╨╛ ╨╕ ╤В╨╛ ╨╢╨╡ ╤А╨░╤Б╨┐╨╛╨╗╨╛╨╢╨╡╨╜╨╕╨╡. ╨н╤В╨╛ ╨╝╨╛╨╢╨╡╤В ╤Б╤В╨░╤В╤М ╨┐╤А╨╕╤З╨╕╨╜╨╛╨╣ ╨╜╨╡╨▓╨╡╤А╨╜╨╛╨│╨╛ ╤А╨╡╨╖╤Г╨╗╤М╤В╨░╤В╨░ ╤Б╨▒╨╛╤А╨║╨╕.  ╨Т╨║╨╗╤О╤З╨╡╨╜╨╜╤Л╨╡ ╤Д╨░╨╣╨╗╤Л тАФ C:\Users\KusokMedi\Documents\GitHub\BetterShowcase\build\_deps\bindings-src\bindings\2.2081\inline\CCTMXTilesetInfo.cpp, C:\Users\KusokMedi\Documents\GitHub\BetterShowcase\build\bindings\bindings\Geode\source\CCTMXTilesetInfo.cpp. [C:\Users\KusokMedi\Documents\GitHub\BetterShowcase\build\bindings\GeodeBindings.vcxproj]
C:\Program Files (x86)\Microsoft Visual Studio\2022\BuildTools\MSBuild\Microsoft\VC\v170\Microsoft.CppBuild.targets(1129,5): warning MSB8027: ╨┤╨▓╨░ ╨╕╨╗╨╕ ╨▒╨╛╨╗╨╡╨╡ ╤Д╨░╨╣╨╗╨╛╨▓ ╤Б ╨╕╨╝╨╡╨╜╨╡╨╝ CCTableView.cpp ╨▓╤Л╨▓╨╛╨┤╤П╤В ╤А╨╡╨╖╤Г╨╗╤М╤В╨░╤В╤Л ╨▓ ╨╛╨┤╨╜╨╛ ╨╕ ╤В╨╛ ╨╢╨╡ ╤А╨░╤Б╨┐╨╛╨╗╨╛╨╢╨╡╨╜╨╕╨╡. ╨н╤В╨╛ ╨╝╨╛╨╢╨╡╤В ╤Б╤В╨░╤В╤М ╨┐╤А╨╕╤З╨╕╨╜╨╛╨╣ ╨╜╨╡╨▓╨╡╤А╨╜╨╛╨│╨╛ ╤А╨╡╨╖╤Г╨╗╤М╤В╨░╤В╨░ ╤Б╨▒╨╛╤А╨║╨╕.  ╨Т╨║╨╗╤О╤З╨╡╨╜╨╜╤Л╨╡ ╤Д╨░╨╣╨╗╤Л тАФ C:\Users\KusokMedi\Documents\GitHub\BetterShowcase\build\_deps\bindings-src\bindings\2.2081\inline\CCTableView.cpp, C:\Users\KusokMedi\Documents\GitHub\BetterShowcase\build\bindings\bindings\Geode\source\CCTableView.cpp. [C:\Users\KusokMedi\Documents\GitHub\BetterShowcase\build\bindings\GeodeBindings.vcxproj]
C:\Program Files (x86)\Microsoft Visual Studio\2022\BuildTools\MSBuild\Microsoft\VC\v170\Microsoft.CppBuild.targets(1129,5): warning MSB8027: ╨┤╨▓╨░ ╨╕╨╗╨╕ ╨▒╨╛╨╗╨╡╨╡ ╤Д╨░╨╣╨╗╨╛╨▓ ╤Б ╨╕╨╝╨╡╨╜╨╡╨╝ CCTableViewCell.cpp ╨▓╤Л╨▓╨╛╨┤╤П╤В ╤А╨╡╨╖╤Г╨╗╤М╤В╨░╤В╤Л ╨▓ ╨╛╨┤╨╜╨╛ ╨╕ ╤В╨╛ ╨╢╨╡ ╤А╨░╤Б╨┐╨╛╨╗╨╛╨╢╨╡╨╜╨╕╨╡. ╨н╤В╨╛ ╨╝╨╛╨╢╨╡╤В ╤Б╤В╨░╤В╤М ╨┐╤А╨╕╤З╨╕╨╜╨╛╨╣ ╨╜╨╡╨▓╨╡╤А╨╜╨╛╨│╨╛ ╤А╨╡╨╖╤Г╨╗╤М╤В╨░╤В╨░ ╤Б╨▒╨╛╤А╨║╨╕.  ╨Т╨║╨╗╤О╤З╨╡╨╜╨╜╤Л╨╡ ╤Д╨░╨╣╨╗╤Л тАФ C:\Users\KusokMedi\Documents\GitHub\BetterShowcase\build\_deps\bindings-src\bindings\2.2081\inline\CCTableViewCell.cpp, C:\Users\KusokMedi\Documents\GitHub\BetterShowcase\build\bindings\bindings\Geode\source\CCTableViewCell.cpp. [C:\Users\KusokMedi\Documents\GitHub\BetterShowcase\build\bindings\GeodeBindings.vcxproj]
C:\Program Files (x86)\Microsoft Visual Studio\2022\BuildTools\MSBuild\Microsoft\VC\v170\Microsoft.CppBuild.targets(1129,5): warning MSB8027: ╨┤╨▓╨░ ╨╕╨╗╨╕ ╨▒╨╛╨╗╨╡╨╡ ╤Д╨░╨╣╨╗╨╛╨▓ ╤Б ╨╕╨╝╨╡╨╜╨╡╨╝ CCTargetedAction.cpp ╨▓╤Л╨▓╨╛╨┤╤П╤В ╤А╨╡╨╖╤Г╨╗╤М╤В╨░╤В╤Л ╨▓ ╨╛╨┤╨╜╨╛ ╨╕ ╤В╨╛ ╨╢╨╡ ╤А╨░╤Б╨┐╨╛╨╗╨╛╨╢╨╡╨╜╨╕╨╡. ╨н╤В╨╛ ╨╝╨╛╨╢╨╡╤В ╤Б╤В╨░╤В╤М ╨┐╤А╨╕╤З╨╕╨╜╨╛╨╣ ╨╜╨╡╨▓╨╡╤А╨╜╨╛╨│╨╛ ╤А╨╡╨╖╤Г╨╗╤М╤В╨░╤В╨░ ╤Б╨▒╨╛╤А╨║╨╕.  ╨Т╨║╨╗╤О╤З╨╡╨╜╨╜╤Л╨╡ ╤Д╨░╨╣╨╗╤Л тАФ C:\Users\KusokMedi\Documents\GitHub\BetterShowcase\build\_deps\bindings-src\bindings\2.2081\inline\CCTargetedAction.cpp, C:\Users\KusokMedi\Documents\GitHub\BetterShowcase\build\bindings\bindings\Geode\source\CCTargetedAction.cpp. [C:\Users\KusokMedi\Documents\GitHub\BetterShowcase\build\bindings\GeodeBindings.vcxproj]
C:\Program Files (x86)\Microsoft Visual Studio\2022\BuildTools\MSBuild\Microsoft\VC\v170\Microsoft.CppBuild.targets(1129,5): warning MSB8027: ╨┤╨▓╨░ ╨╕╨╗╨╕ ╨▒╨╛╨╗╨╡╨╡ ╤Д╨░╨╣╨╗╨╛╨▓ ╤Б ╨╕╨╝╨╡╨╜╨╡╨╝ CCTargetedTouchHandler.cpp ╨▓╤Л╨▓╨╛╨┤╤П╤В ╤А╨╡╨╖╤Г╨╗╤М╤В╨░╤В╤Л ╨▓ ╨╛╨┤╨╜╨╛ ╨╕ ╤В╨╛ ╨╢╨╡ ╤А╨░╤Б╨┐╨╛╨╗╨╛╨╢╨╡╨╜╨╕╨╡. ╨н╤В╨╛ ╨╝╨╛╨╢╨╡╤В ╤Б╤В╨░╤В╤М ╨┐╤А╨╕╤З╨╕╨╜╨╛╨╣ ╨╜╨╡╨▓╨╡╤А╨╜╨╛╨│╨╛ ╤А╨╡╨╖╤Г╨╗╤М╤В╨░╤В╨░ ╤Б╨▒╨╛╤А╨║╨╕.  ╨Т╨║╨╗╤О╤З╨╡╨╜╨╜╤Л╨╡ ╤Д╨░╨╣╨╗╤Л тАФ C:\Users\KusokMedi\Documents\GitHub\BetterShowcase\build\_deps\bindings-src\bindings\2.2081\inline\CCTargetedTouchHandler.cpp, C:\Users\KusokMedi\Documents\GitHub\BetterShowcase\build\bindings\bindings\Geode\source\CCTargetedTouchHandler.cpp. [C:\Users\KusokMedi\Documents\GitHub\BetterShowcase\build\bindings\GeodeBindings.vcxproj]
C:\Program Files (x86)\Microsoft Visual Studio\2022\BuildTools\MSBuild\Microsoft\VC\v170\Microsoft.CppBuild.targets(1129,5): warning MSB8027: ╨┤╨▓╨░ ╨╕╨╗╨╕ ╨▒╨╛╨╗╨╡╨╡ ╤Д╨░╨╣╨╗╨╛╨▓ ╤Б ╨╕╨╝╨╡╨╜╨╡╨╝ CCTextFieldTTF.cpp ╨▓╤Л╨▓╨╛╨┤╤П╤В ╤А╨╡╨╖╤Г╨╗╤М╤В╨░╤В╤Л ╨▓ ╨╛╨┤╨╜╨╛ ╨╕ ╤В╨╛ ╨╢╨╡ ╤А╨░╤Б╨┐╨╛╨╗╨╛╨╢╨╡╨╜╨╕╨╡. ╨н╤В╨╛ ╨╝╨╛╨╢╨╡╤В ╤Б╤В╨░╤В╤М ╨┐╤А╨╕╤З╨╕╨╜╨╛╨╣ ╨╜╨╡╨▓╨╡╤А╨╜╨╛╨│╨╛ ╤А╨╡╨╖╤Г╨╗╤М╤В╨░╤В╨░ ╤Б╨▒╨╛╤А╨║╨╕.  ╨Т╨║╨╗╤О╤З╨╡╨╜╨╜╤Л╨╡ ╤Д╨░╨╣╨╗╤Л тАФ C:\Users\KusokMedi\Documents\GitHub\BetterShowcase\build\_deps\bindings-src\bindings\2.2081\inline\CCTextFieldTTF.cpp, C:\Users\KusokMedi\Documents\GitHub\BetterShowcase\build\bindings\bindings\Geode\source\CCTextFieldTTF.cpp. [C:\Users\KusokMedi\Documents\GitHub\BetterShowcase\build\bindings\GeodeBindings.vcxproj]
C:\Program Files (x86)\Microsoft Visual Studio\2022\BuildTools\MSBuild\Microsoft\VC\v170\Microsoft.CppBuild.targets(1129,5): warning MSB8027: ╨┤╨▓╨░ ╨╕╨╗╨╕ ╨▒╨╛╨╗╨╡╨╡ ╤Д╨░╨╣╨╗╨╛╨▓ ╤Б ╨╕╨╝╨╡╨╜╨╡╨╝ CCTextInputNode.cpp ╨▓╤Л╨▓╨╛╨┤╤П╤В ╤А╨╡╨╖╤Г╨╗╤М╤В╨░╤В╤Л ╨▓ ╨╛╨┤╨╜╨╛ ╨╕ ╤В╨╛ ╨╢╨╡ ╤А╨░╤Б╨┐╨╛╨╗╨╛╨╢╨╡╨╜╨╕╨╡. ╨н╤В╨╛ ╨╝╨╛╨╢╨╡╤В ╤Б╤В╨░╤В╤М ╨┐╤А╨╕╤З╨╕╨╜╨╛╨╣ ╨╜╨╡╨▓╨╡╤А╨╜╨╛╨│╨╛ ╤А╨╡╨╖╤Г╨╗╤М╤В╨░╤В╨░ ╤Б╨▒╨╛╤А╨║╨╕.  ╨Т╨║╨╗╤О╤З╨╡╨╜╨╜╤Л╨╡ ╤Д╨░╨╣╨╗╤Л тАФ C:\Users\KusokMedi\Documents\GitHub\BetterShowcase\build\_deps\bindings-src\bindings\2.2081\inline\CCTextInputNode.cpp, C:\Users\KusokMedi\Documents\GitHub\BetterShowcase\build\bindings\bindings\Geode\source\CCTextInputNode.cpp. [C:\Users\KusokMedi\Documents\GitHub\BetterShowcase\build\bindings\GeodeBindings.vcxproj]
C:\Program Files (x86)\Microsoft Visual Studio\2022\BuildTools\MSBuild\Microsoft\VC\v170\Microsoft.CppBuild.targets(1129,5): warning MSB8027: ╨┤╨▓╨░ ╨╕╨╗╨╕ ╨▒╨╛╨╗╨╡╨╡ ╤Д╨░╨╣╨╗╨╛╨▓ ╤Б ╨╕╨╝╨╡╨╜╨╡╨╝ CCTexture2D.cpp ╨▓╤Л╨▓╨╛╨┤╤П╤В ╤А╨╡╨╖╤Г╨╗╤М╤В╨░╤В╤Л ╨▓ ╨╛╨┤╨╜╨╛ ╨╕ ╤В╨╛ ╨╢╨╡ ╤А╨░╤Б╨┐╨╛╨╗╨╛╨╢╨╡╨╜╨╕╨╡. ╨н╤В╨╛ ╨╝╨╛╨╢╨╡╤В ╤Б╤В╨░╤В╤М ╨┐╤А╨╕╤З╨╕╨╜╨╛╨╣ ╨╜╨╡╨▓╨╡╤А╨╜╨╛╨│╨╛ ╤А╨╡╨╖╤Г╨╗╤М╤В╨░╤В╨░ ╤Б╨▒╨╛╤А╨║╨╕.  ╨Т╨║╨╗╤О╤З╨╡╨╜╨╜╤Л╨╡ ╤Д╨░╨╣╨╗╤Л тАФ C:\Users\KusokMedi\Documents\GitHub\BetterShowcase\build\_deps\bindings-src\bindings\2.2081\inline\CCTexture2D.cpp, C:\Users\KusokMedi\Documents\GitHub\BetterShowcase\build\bindings\bindings\Geode\source\CCTexture2D.cpp. [C:\Users\KusokMedi\Documents\GitHub\BetterShowcase\build\bindings\GeodeBindings.vcxproj]
C:\Program Files (x86)\Microsoft Visual Studio\2022\BuildTools\MSBuild\Microsoft\VC\v170\Microsoft.CppBuild.targets(1129,5): warning MSB8027: ╨┤╨▓╨░ ╨╕╨╗╨╕ ╨▒╨╛╨╗╨╡╨╡ ╤Д╨░╨╣╨╗╨╛╨▓ ╤Б ╨╕╨╝╨╡╨╜╨╡╨╝ CCTextureAtlas.cpp ╨▓╤Л╨▓╨╛╨┤╤П╤В ╤А╨╡╨╖╤Г╨╗╤М╤В╨░╤В╤Л ╨▓ ╨╛╨┤╨╜╨╛ ╨╕ ╤В╨╛ ╨╢╨╡ ╤А╨░╤Б╨┐╨╛╨╗╨╛╨╢╨╡╨╜╨╕╨╡. ╨н╤В╨╛ ╨╝╨╛╨╢╨╡╤В ╤Б╤В╨░╤В╤М ╨┐╤А╨╕╤З╨╕╨╜╨╛╨╣ ╨╜╨╡╨▓╨╡╤А╨╜╨╛╨│╨╛ ╤А╨╡╨╖╤Г╨╗╤М╤В╨░╤В╨░ ╤Б╨▒╨╛╤А╨║╨╕.  ╨Т╨║╨╗╤О╤З╨╡╨╜╨╜╤Л╨╡ ╤Д╨░╨╣╨╗╤Л тАФ C:\Users\KusokMedi\Documents\GitHub\BetterShowcase\build\_deps\bindings-src\bindings\2.2081\inline\CCTextureAtlas.cpp, C:\Users\KusokMedi\Documents\GitHub\BetterShowcase\build\bindings\bindings\Geode\source\CCTextureAtlas.cpp. [C:\Users\KusokMedi\Documents\GitHub\BetterShowcase\build\bindings\GeodeBindings.vcxproj]
C:\Program Files (x86)\Microsoft Visual Studio\2022\BuildTools\MSBuild\Microsoft\VC\v170\Microsoft.CppBuild.targets(1129,5): warning MSB8027: ╨┤╨▓╨░ ╨╕╨╗╨╕ ╨▒╨╛╨╗╨╡╨╡ ╤Д╨░╨╣╨╗╨╛╨▓ ╤Б ╨╕╨╝╨╡╨╜╨╡╨╝ CCTextureCache.cpp ╨▓╤Л╨▓╨╛╨┤╤П╤В ╤А╨╡╨╖╤Г╨╗╤М╤В╨░╤В╤Л ╨▓ ╨╛╨┤╨╜╨╛ ╨╕ ╤В╨╛ ╨╢╨╡ ╤А╨░╤Б╨┐╨╛╨╗╨╛╨╢╨╡╨╜╨╕╨╡. ╨н╤В╨╛ ╨╝╨╛╨╢╨╡╤В ╤Б╤В╨░╤В╤М ╨┐╤А╨╕╤З╨╕╨╜╨╛╨╣ ╨╜╨╡╨▓╨╡╤А╨╜╨╛╨│╨╛ ╤А╨╡╨╖╤Г╨╗╤М╤В╨░╤В╨░ ╤Б╨▒╨╛╤А╨║╨╕.  ╨Т╨║╨╗╤О╤З╨╡╨╜╨╜╤Л╨╡ ╤Д╨░╨╣╨╗╤Л тАФ C:\Users\KusokMedi\Documents\GitHub\BetterShowcase\build\_deps\bindings-src\bindings\2.2081\inline\CCTextureCache.cpp, C:\Users\KusokMedi\Documents\GitHub\BetterShowcase\build\bindings\bindings\Geode\source\CCTextureCache.cpp. [C:\Users\KusokMedi\Documents\GitHub\BetterShowcase\build\bindings\GeodeBindings.vcxproj]
C:\Program Files (x86)\Microsoft Visual Studio\2022\BuildTools\MSBuild\Microsoft\VC\v170\Microsoft.CppBuild.targets(1129,5): warning MSB8027: ╨┤╨▓╨░ ╨╕╨╗╨╕ ╨▒╨╛╨╗╨╡╨╡ ╤Д╨░╨╣╨╗╨╛╨▓ ╤Б ╨╕╨╝╨╡╨╜╨╡╨╝ CCTextureETC.cpp ╨▓╤Л╨▓╨╛╨┤╤П╤В ╤А╨╡╨╖╤Г╨╗╤М╤В╨░╤В╤Л ╨▓ ╨╛╨┤╨╜╨╛ ╨╕ ╤В╨╛ ╨╢╨╡ ╤А╨░╤Б╨┐╨╛╨╗╨╛╨╢╨╡╨╜╨╕╨╡. ╨н╤В╨╛ ╨╝╨╛╨╢╨╡╤В ╤Б╤В╨░╤В╤М ╨┐╤А╨╕╤З╨╕╨╜╨╛╨╣ ╨╜╨╡╨▓╨╡╤А╨╜╨╛╨│╨╛ ╤А╨╡╨╖╤Г╨╗╤М╤В╨░╤В╨░ ╤Б╨▒╨╛╤А╨║╨╕.  ╨Т╨║╨╗╤О╤З╨╡╨╜╨╜╤Л╨╡ ╤Д╨░╨╣╨╗╤Л тАФ C:\Users\KusokMedi\Documents\GitHub\BetterShowcase\build\_deps\bindings-src\bindings\2.2081\inline\CCTextureETC.cpp, C:\Users\KusokMedi\Documents\GitHub\BetterShowcase\build\bindings\bindings\Geode\source\CCTextureETC.cpp. [C:\Users\KusokMedi\Documents\GitHub\BetterShowcase\build\bindings\GeodeBindings.vcxproj]
C:\Program Files (x86)\Microsoft Visual Studio\2022\BuildTools\MSBuild\Microsoft\VC\v170\Microsoft.CppBuild.targets(1129,5): warning MSB8027: ╨┤╨▓╨░ ╨╕╨╗╨╕ ╨▒╨╛╨╗╨╡╨╡ ╤Д╨░╨╣╨╗╨╛╨▓ ╤Б ╨╕╨╝╨╡╨╜╨╡╨╝ CCTexturePVR.cpp ╨▓╤Л╨▓╨╛╨┤╤П╤В ╤А╨╡╨╖╤Г╨╗╤М╤В╨░╤В╤Л ╨▓ ╨╛╨┤╨╜╨╛ ╨╕ ╤В╨╛ ╨╢╨╡ ╤А╨░╤Б╨┐╨╛╨╗╨╛╨╢╨╡╨╜╨╕╨╡. ╨н╤В╨╛ ╨╝╨╛╨╢╨╡╤В ╤Б╤В╨░╤В╤М ╨┐╤А╨╕╤З╨╕╨╜╨╛╨╣ ╨╜╨╡╨▓╨╡╤А╨╜╨╛╨│╨╛ ╤А╨╡╨╖╤Г╨╗╤М╤В╨░╤В╨░ ╤Б╨▒╨╛╤А╨║╨╕.  ╨Т╨║╨╗╤О╤З╨╡╨╜╨╜╤Л╨╡ ╤Д╨░╨╣╨╗╤Л тАФ C:\Users\KusokMedi\Documents\GitHub\BetterShowcase\build\_deps\bindings-src\bindings\2.2081\inline\CCTexturePVR.cpp, C:\Users\KusokMedi\Documents\GitHub\BetterShowcase\build\bindings\bindings\Geode\source\CCTexturePVR.cpp. [C:\Users\KusokMedi\Documents\GitHub\BetterShowcase\build\bindings\GeodeBindings.vcxproj]
C:\Program Files (x86)\Microsoft Visual Studio\2022\BuildTools\MSBuild\Microsoft\VC\v170\Microsoft.CppBuild.targets(1129,5): warning MSB8027: ╨┤╨▓╨░ ╨╕╨╗╨╕ ╨▒╨╛╨╗╨╡╨╡ ╤Д╨░╨╣╨╗╨╛╨▓ ╤Б ╨╕╨╝╨╡╨╜╨╡╨╝ CCThread.cpp ╨▓╤Л╨▓╨╛╨┤╤П╤В ╤А╨╡╨╖╤Г╨╗╤М╤В╨░╤В╤Л ╨▓ ╨╛╨┤╨╜╨╛ ╨╕ ╤В╨╛ ╨╢╨╡ ╤А╨░╤Б╨┐╨╛╨╗╨╛╨╢╨╡╨╜╨╕╨╡. ╨н╤В╨╛ ╨╝╨╛╨╢╨╡╤В ╤Б╤В╨░╤В╤М ╨┐╤А╨╕╤З╨╕╨╜╨╛╨╣ ╨╜╨╡╨▓╨╡╤А╨╜╨╛╨│╨╛ ╤А╨╡╨╖╤Г╨╗╤М╤В╨░╤В╨░ ╤Б╨▒╨╛╤А╨║╨╕.  ╨Т╨║╨╗╤О╤З╨╡╨╜╨╜╤Л╨╡ ╤Д╨░╨╣╨╗╤Л тАФ C:\Users\KusokMedi\Documents\GitHub\BetterShowcase\build\_deps\bindings-src\bindings\2.2081\inline\CCThread.cpp, C:\Users\KusokMedi\Documents\GitHub\BetterShowcase\build\bindings\bindings\Geode\source\CCThread.cpp. [C:\Users\KusokMedi\Documents\GitHub\BetterShowcase\build\bindings\GeodeBindings.vcxproj]
C:\Program Files (x86)\Microsoft Visual Studio\2022\BuildTools\MSBuild\Microsoft\VC\v170\Microsoft.CppBuild.targets(1129,5): warning MSB8027: ╨┤╨▓╨░ ╨╕╨╗╨╕ ╨▒╨╛╨╗╨╡╨╡ ╤Д╨░╨╣╨╗╨╛╨▓ ╤Б ╨╕╨╝╨╡╨╜╨╡╨╝ CCTileMapAtlas.cpp ╨▓╤Л╨▓╨╛╨┤╤П╤В ╤А╨╡╨╖╤Г╨╗╤М╤В╨░╤В╤Л ╨▓ ╨╛╨┤╨╜╨╛ ╨╕ ╤В╨╛ ╨╢╨╡ ╤А╨░╤Б╨┐╨╛╨╗╨╛╨╢╨╡╨╜╨╕╨╡. ╨н╤В╨╛ ╨╝╨╛╨╢╨╡╤В ╤Б╤В╨░╤В╤М ╨┐╤А╨╕╤З╨╕╨╜╨╛╨╣ ╨╜╨╡╨▓╨╡╤А╨╜╨╛╨│╨╛ ╤А╨╡╨╖╤Г╨╗╤М╤В╨░╤В╨░ ╤Б╨▒╨╛╤А╨║╨╕.  ╨Т╨║╨╗╤О╤З╨╡╨╜╨╜╤Л╨╡ ╤Д╨░╨╣╨╗╤Л тАФ C:\Users\KusokMedi\Documents\GitHub\BetterShowcase\build\_deps\bindings-src\bindings\2.2081\inline\CCTileMapAtlas.cpp, C:\Users\KusokMedi\Documents\GitHub\BetterShowcase\build\bindings\bindings\Geode\source\CCTileMapAtlas.cpp. [C:\Users\KusokMedi\Documents\GitHub\BetterShowcase\build\bindings\GeodeBindings.vcxproj]
C:\Program Files (x86)\Microsoft Visual Studio\2022\BuildTools\MSBuild\Microsoft\VC\v170\Microsoft.CppBuild.targets(1129,5): warning MSB8027: ╨┤╨▓╨░ ╨╕╨╗╨╕ ╨▒╨╛╨╗╨╡╨╡ ╤Д╨░╨╣╨╗╨╛╨▓ ╤Б ╨╕╨╝╨╡╨╜╨╡╨╝ CCTiledGrid3D.cpp ╨▓╤Л╨▓╨╛╨┤╤П╤В ╤А╨╡╨╖╤Г╨╗╤М╤В╨░╤В╤Л ╨▓ ╨╛╨┤╨╜╨╛ ╨╕ ╤В╨╛ ╨╢╨╡ ╤А╨░╤Б╨┐╨╛╨╗╨╛╨╢╨╡╨╜╨╕╨╡. ╨н╤В╨╛ ╨╝╨╛╨╢╨╡╤В ╤Б╤В╨░╤В╤М ╨┐╤А╨╕╤З╨╕╨╜╨╛╨╣ ╨╜╨╡╨▓╨╡╤А╨╜╨╛╨│╨╛ ╤А╨╡╨╖╤Г╨╗╤М╤В╨░╤В╨░ ╤Б╨▒╨╛╤А╨║╨╕.  ╨Т╨║╨╗╤О╤З╨╡╨╜╨╜╤Л╨╡ ╤Д╨░╨╣╨╗╤Л тАФ C:\Users\KusokMedi\Documents\GitHub\BetterShowcase\build\_deps\bindings-src\bindings\2.2081\inline\CCTiledGrid3D.cpp, C:\Users\KusokMedi\Documents\GitHub\BetterShowcase\build\bindings\bindings\Geode\source\CCTiledGrid3D.cpp. [C:\Users\KusokMedi\Documents\GitHub\BetterShowcase\build\bindings\GeodeBindings.vcxproj]
C:\Program Files (x86)\Microsoft Visual Studio\2022\BuildTools\MSBuild\Microsoft\VC\v170\Microsoft.CppBuild.targets(1129,5): warning MSB8027: ╨┤╨▓╨░ ╨╕╨╗╨╕ ╨▒╨╛╨╗╨╡╨╡ ╤Д╨░╨╣╨╗╨╛╨▓ ╤Б ╨╕╨╝╨╡╨╜╨╡╨╝ CCTiledGrid3DAction.cpp ╨▓╤Л╨▓╨╛╨┤╤П╤В ╤А╨╡╨╖╤Г╨╗╤М╤В╨░╤В╤Л ╨▓ ╨╛╨┤╨╜╨╛ ╨╕ ╤В╨╛ ╨╢╨╡ ╤А╨░╤Б╨┐╨╛╨╗╨╛╨╢╨╡╨╜╨╕╨╡. ╨н╤В╨╛ ╨╝╨╛╨╢╨╡╤В ╤Б╤В╨░╤В╤М ╨┐╤А╨╕╤З╨╕╨╜╨╛╨╣ ╨╜╨╡╨▓╨╡╤А╨╜╨╛╨│╨╛ ╤А╨╡╨╖╤Г╨╗╤М╤В╨░╤В╨░ ╤Б╨▒╨╛╤А╨║╨╕.  ╨Т╨║╨╗╤О╤З╨╡╨╜╨╜╤Л╨╡ ╤Д╨░╨╣╨╗╤Л тАФ C:\Users\KusokMedi\Documents\GitHub\BetterShowcase\build\_deps\bindings-src\bindings\2.2081\inline\CCTiledGrid3DAction.cpp, C:\Users\KusokMedi\Documents\GitHub\BetterShowcase\build\bindings\bindings\Geode\source\CCTiledGrid3DAction.cpp. [C:\Users\KusokMedi\Documents\GitHub\BetterShowcase\build\bindings\GeodeBindings.vcxproj]
C:\Program Files (x86)\Microsoft Visual Studio\2022\BuildTools\MSBuild\Microsoft\VC\v170\Microsoft.CppBuild.targets(1129,5): warning MSB8027: ╨┤╨▓╨░ ╨╕╨╗╨╕ ╨▒╨╛╨╗╨╡╨╡ ╤Д╨░╨╣╨╗╨╛╨▓ ╤Б ╨╕╨╝╨╡╨╜╨╡╨╝ CCTime.cpp ╨▓╤Л╨▓╨╛╨┤╤П╤В ╤А╨╡╨╖╤Г╨╗╤М╤В╨░╤В╤Л ╨▓ ╨╛╨┤╨╜╨╛ ╨╕ ╤В╨╛ ╨╢╨╡ ╤А╨░╤Б╨┐╨╛╨╗╨╛╨╢╨╡╨╜╨╕╨╡. ╨н╤В╨╛ ╨╝╨╛╨╢╨╡╤В ╤Б╤В╨░╤В╤М ╨┐╤А╨╕╤З╨╕╨╜╨╛╨╣ ╨╜╨╡╨▓╨╡╤А╨╜╨╛╨│╨╛ ╤А╨╡╨╖╤Г╨╗╤М╤В╨░╤В╨░ ╤Б╨▒╨╛╤А╨║╨╕.  ╨Т╨║╨╗╤О╤З╨╡╨╜╨╜╤Л╨╡ ╤Д╨░╨╣╨╗╤Л тАФ C:\Users\KusokMedi\Documents\GitHub\BetterShowcase\build\_deps\bindings-src\bindings\2.2081\inline\CCTime.cpp, C:\Users\KusokMedi\Documents\GitHub\BetterShowcase\build\bindings\bindings\Geode\source\CCTime.cpp. [C:\Users\KusokMedi\Documents\GitHub\BetterShowcase\build\bindings\GeodeBindings.vcxproj]
C:\Program Files (x86)\Microsoft Visual Studio\2022\BuildTools\MSBuild\Microsoft\VC\v170\Microsoft.CppBuild.targets(1129,5): warning MSB8027: ╨┤╨▓╨░ ╨╕╨╗╨╕ ╨▒╨╛╨╗╨╡╨╡ ╤Д╨░╨╣╨╗╨╛╨▓ ╤Б ╨╕╨╝╨╡╨╜╨╡╨╝ CCTimer.cpp ╨▓╤Л╨▓╨╛╨┤╤П╤В ╤А╨╡╨╖╤Г╨╗╤М╤В╨░╤В╤Л ╨▓ ╨╛╨┤╨╜╨╛ ╨╕ ╤В╨╛ ╨╢╨╡ ╤А╨░╤Б╨┐╨╛╨╗╨╛╨╢╨╡╨╜╨╕╨╡. ╨н╤В╨╛ ╨╝╨╛╨╢╨╡╤В ╤Б╤В╨░╤В╤М ╨┐╤А╨╕╤З╨╕╨╜╨╛╨╣ ╨╜╨╡╨▓╨╡╤А╨╜╨╛╨│╨╛ ╤А╨╡╨╖╤Г╨╗╤М╤В╨░╤В╨░ ╤Б╨▒╨╛╤А╨║╨╕.  ╨Т╨║╨╗╤О╤З╨╡╨╜╨╜╤Л╨╡ ╤Д╨░╨╣╨╗╤Л тАФ C:\Users\KusokMedi\Documents\GitHub\BetterShowcase\build\_deps\bindings-src\bindings\2.2081\inline\CCTimer.cpp, C:\Users\KusokMedi\Documents\GitHub\BetterShowcase\build\bindings\bindings\Geode\source\CCTimer.cpp. [C:\Users\KusokMedi\Documents\GitHub\BetterShowcase\build\bindings\GeodeBindings.vcxproj]
C:\Program Files (x86)\Microsoft Visual Studio\2022\BuildTools\MSBuild\Microsoft\VC\v170\Microsoft.CppBuild.targets(1129,5): warning MSB8027: ╨┤╨▓╨░ ╨╕╨╗╨╕ ╨▒╨╛╨╗╨╡╨╡ ╤Д╨░╨╣╨╗╨╛╨▓ ╤Б ╨╕╨╝╨╡╨╜╨╡╨╝ CCTintBy.cpp ╨▓╤Л╨▓╨╛╨┤╤П╤В ╤А╨╡╨╖╤Г╨╗╤М╤В╨░╤В╤Л ╨▓ ╨╛╨┤╨╜╨╛ ╨╕ ╤В╨╛ ╨╢╨╡ ╤А╨░╤Б╨┐╨╛╨╗╨╛╨╢╨╡╨╜╨╕╨╡. ╨н╤В╨╛ ╨╝╨╛╨╢╨╡╤В ╤Б╤В╨░╤В╤М ╨┐╤А╨╕╤З╨╕╨╜╨╛╨╣ ╨╜╨╡╨▓╨╡╤А╨╜╨╛╨│╨╛ ╤А╨╡╨╖╤Г╨╗╤М╤В╨░╤В╨░ ╤Б╨▒╨╛╤А╨║╨╕.  ╨Т╨║╨╗╤О╤З╨╡╨╜╨╜╤Л╨╡ ╤Д╨░╨╣╨╗╤Л тАФ C:\Users\KusokMedi\Documents\GitHub\BetterShowcase\build\_deps\bindings-src\bindings\2.2081\inline\CCTintBy.cpp, C:\Users\KusokMedi\Documents\GitHub\BetterShowcase\build\bindings\bindings\Geode\source\CCTintBy.cpp. [C:\Users\KusokMedi\Documents\GitHub\BetterShowcase\build\bindings\GeodeBindings.vcxproj]
C:\Program Files (x86)\Microsoft Visual Studio\2022\BuildTools\MSBuild\Microsoft\VC\v170\Microsoft.CppBuild.targets(1129,5): warning MSB8027: ╨┤╨▓╨░ ╨╕╨╗╨╕ ╨▒╨╛╨╗╨╡╨╡ ╤Д╨░╨╣╨╗╨╛╨▓ ╤Б ╨╕╨╝╨╡╨╜╨╡╨╝ CCTintTo.cpp ╨▓╤Л╨▓╨╛╨┤╤П╤В ╤А╨╡╨╖╤Г╨╗╤М╤В╨░╤В╤Л ╨▓ ╨╛╨┤╨╜╨╛ ╨╕ ╤В╨╛ ╨╢╨╡ ╤А╨░╤Б╨┐╨╛╨╗╨╛╨╢╨╡╨╜╨╕╨╡. ╨н╤В╨╛ ╨╝╨╛╨╢╨╡╤В ╤Б╤В╨░╤В╤М ╨┐╤А╨╕╤З╨╕╨╜╨╛╨╣ ╨╜╨╡╨▓╨╡╤А╨╜╨╛╨│╨╛ ╤А╨╡╨╖╤Г╨╗╤М╤В╨░╤В╨░ ╤Б╨▒╨╛╤А╨║╨╕.  ╨Т╨║╨╗╤О╤З╨╡╨╜╨╜╤Л╨╡ ╤Д╨░╨╣╨╗╤Л тАФ C:\Users\KusokMedi\Documents\GitHub\BetterShowcase\build\_deps\bindings-src\bindings\2.2081\inline\CCTintTo.cpp, C:\Users\KusokMedi\Documents\GitHub\BetterShowcase\build\bindings\bindings\Geode\source\CCTintTo.cpp. [C:\Users\KusokMedi\Documents\GitHub\BetterShowcase\build\bindings\GeodeBindings.vcxproj]
C:\Program Files (x86)\Microsoft Visual Studio\2022\BuildTools\MSBuild\Microsoft\VC\v170\Microsoft.CppBuild.targets(1129,5): warning MSB8027: ╨┤╨▓╨░ ╨╕╨╗╨╕ ╨▒╨╛╨╗╨╡╨╡ ╤Д╨░╨╣╨╗╨╛╨▓ ╤Б ╨╕╨╝╨╡╨╜╨╡╨╝ CCToggleVisibility.cpp ╨▓╤Л╨▓╨╛╨┤╤П╤В ╤А╨╡╨╖╤Г╨╗╤М╤В╨░╤В╤Л ╨▓ ╨╛╨┤╨╜╨╛ ╨╕ ╤В╨╛ ╨╢╨╡ ╤А╨░╤Б╨┐╨╛╨╗╨╛╨╢╨╡╨╜╨╕╨╡. ╨н╤В╨╛ ╨╝╨╛╨╢╨╡╤В ╤Б╤В╨░╤В╤М ╨┐╤А╨╕╤З╨╕╨╜╨╛╨╣ ╨╜╨╡╨▓╨╡╤А╨╜╨╛╨│╨╛ ╤А╨╡╨╖╤Г╨╗╤М╤В╨░╤В╨░ ╤Б╨▒╨╛╤А╨║╨╕.  ╨Т╨║╨╗╤О╤З╨╡╨╜╨╜╤Л╨╡ ╤Д╨░╨╣╨╗╤Л тАФ C:\Users\KusokMedi\Documents\GitHub\BetterShowcase\build\_deps\bindings-src\bindings\2.2081\inline\CCToggleVisibility.cpp, C:\Users\KusokMedi\Documents\GitHub\BetterShowcase\build\bindings\bindings\Geode\source\CCToggleVisibility.cpp. [C:\Users\KusokMedi\Documents\GitHub\BetterShowcase\build\bindings\GeodeBindings.vcxproj]
C:\Program Files (x86)\Microsoft Visual Studio\2022\BuildTools\MSBuild\Microsoft\VC\v170\Microsoft.CppBuild.targets(1129,5): warning MSB8027: ╨┤╨▓╨░ ╨╕╨╗╨╕ ╨▒╨╛╨╗╨╡╨╡ ╤Д╨░╨╣╨╗╨╛╨▓ ╤Б ╨╕╨╝╨╡╨╜╨╡╨╝ CCTouch.cpp ╨▓╤Л╨▓╨╛╨┤╤П╤В ╤А╨╡╨╖╤Г╨╗╤М╤В╨░╤В╤Л ╨▓ ╨╛╨┤╨╜╨╛ ╨╕ ╤В╨╛ ╨╢╨╡ ╤А╨░╤Б╨┐╨╛╨╗╨╛╨╢╨╡╨╜╨╕╨╡. ╨н╤В╨╛ ╨╝╨╛╨╢╨╡╤В ╤Б╤В╨░╤В╤М ╨┐╤А╨╕╤З╨╕╨╜╨╛╨╣ ╨╜╨╡╨▓╨╡╤А╨╜╨╛╨│╨╛ ╤А╨╡╨╖╤Г╨╗╤М╤В╨░╤В╨░ ╤Б╨▒╨╛╤А╨║╨╕.  ╨Т╨║╨╗╤О╤З╨╡╨╜╨╜╤Л╨╡ ╤Д╨░╨╣╨╗╤Л тАФ C:\Users\KusokMedi\Documents\GitHub\BetterShowcase\build\_deps\bindings-src\bindings\2.2081\inline\CCTouch.cpp, C:\Users\KusokMedi\Documents\GitHub\BetterShowcase\build\bindings\bindings\Geode\source\CCTouch.cpp. [C:\Users\KusokMedi\Documents\GitHub\BetterShowcase\build\bindings\GeodeBindings.vcxproj]
C:\Program Files (x86)\Microsoft Visual Studio\2022\BuildTools\MSBuild\Microsoft\VC\v170\Microsoft.CppBuild.targets(1129,5): warning MSB8027: ╨┤╨▓╨░ ╨╕╨╗╨╕ ╨▒╨╛╨╗╨╡╨╡ ╤Д╨░╨╣╨╗╨╛╨▓ ╤Б ╨╕╨╝╨╡╨╜╨╡╨╝ CCTouchDelegate.cpp ╨▓╤Л╨▓╨╛╨┤╤П╤В ╤А╨╡╨╖╤Г╨╗╤М╤В╨░╤В╤Л ╨▓ ╨╛╨┤╨╜╨╛ ╨╕ ╤В╨╛ ╨╢╨╡ ╤А╨░╤Б╨┐╨╛╨╗╨╛╨╢╨╡╨╜╨╕╨╡. ╨н╤В╨╛ ╨╝╨╛╨╢╨╡╤В ╤Б╤В╨░╤В╤М ╨┐╤А╨╕╤З╨╕╨╜╨╛╨╣ ╨╜╨╡╨▓╨╡╤А╨╜╨╛╨│╨╛ ╤А╨╡╨╖╤Г╨╗╤М╤В╨░╤В╨░ ╤Б╨▒╨╛╤А╨║╨╕.  ╨Т╨║╨╗╤О╤З╨╡╨╜╨╜╤Л╨╡ ╤Д╨░╨╣╨╗╤Л тАФ C:\Users\KusokMedi\Documents\GitHub\BetterShowcase\build\_deps\bindings-src\bindings\2.2081\inline\CCTouchDelegate.cpp, C:\Users\KusokMedi\Documents\GitHub\BetterShowcase\build\bindings\bindings\Geode\source\CCTouchDelegate.cpp. [C:\Users\KusokMedi\Documents\GitHub\BetterShowcase\build\bindings\GeodeBindings.vcxproj]
C:\Program Files (x86)\Microsoft Visual Studio\2022\BuildTools\MSBuild\Microsoft\VC\v170\Microsoft.CppBuild.targets(1129,5): warning MSB8027: ╨┤╨▓╨░ ╨╕╨╗╨╕ ╨▒╨╛╨╗╨╡╨╡ ╤Д╨░╨╣╨╗╨╛╨▓ ╤Б ╨╕╨╝╨╡╨╜╨╡╨╝ CCTouchDispatcher.cpp ╨▓╤Л╨▓╨╛╨┤╤П╤В ╤А╨╡╨╖╤Г╨╗╤М╤В╨░╤В╤Л ╨▓ ╨╛╨┤╨╜╨╛ ╨╕ ╤В╨╛ ╨╢╨╡ ╤А╨░╤Б╨┐╨╛╨╗╨╛╨╢╨╡╨╜╨╕╨╡. ╨н╤В╨╛ ╨╝╨╛╨╢╨╡╤В ╤Б╤В╨░╤В╤М ╨┐╤А╨╕╤З╨╕╨╜╨╛╨╣ ╨╜╨╡╨▓╨╡╤А╨╜╨╛╨│╨╛ ╤А╨╡╨╖╤Г╨╗╤М╤В╨░╤В╨░ ╤Б╨▒╨╛╤А╨║╨╕.  ╨Т╨║╨╗╤О╤З╨╡╨╜╨╜╤Л╨╡ ╤Д╨░╨╣╨╗╤Л тАФ C:\Users\KusokMedi\Documents\GitHub\BetterShowcase\build\_deps\bindings-src\bindings\2.2081\inline\CCTouchDispatcher.cpp, C:\Users\KusokMedi\Documents\GitHub\BetterShowcase\build\bindings\bindings\Geode\source\CCTouchDispatcher.cpp. [C:\Users\KusokMedi\Documents\GitHub\BetterShowcase\build\bindings\GeodeBindings.vcxproj]
C:\Program Files (x86)\Microsoft Visual Studio\2022\BuildTools\MSBuild\Microsoft\VC\v170\Microsoft.CppBuild.targets(1129,5): warning MSB8027: ╨┤╨▓╨░ ╨╕╨╗╨╕ ╨▒╨╛╨╗╨╡╨╡ ╤Д╨░╨╣╨╗╨╛╨▓ ╤Б ╨╕╨╝╨╡╨╜╨╡╨╝ CCTouchHandler.cpp ╨▓╤Л╨▓╨╛╨┤╤П╤В ╤А╨╡╨╖╤Г╨╗╤М╤В╨░╤В╤Л ╨▓ ╨╛╨┤╨╜╨╛ ╨╕ ╤В╨╛ ╨╢╨╡ ╤А╨░╤Б╨┐╨╛╨╗╨╛╨╢╨╡╨╜╨╕╨╡. ╨н╤В╨╛ ╨╝╨╛╨╢╨╡╤В ╤Б╤В╨░╤В╤М ╨┐╤А╨╕╤З╨╕╨╜╨╛╨╣ ╨╜╨╡╨▓╨╡╤А╨╜╨╛╨│╨╛ ╤А╨╡╨╖╤Г╨╗╤М╤В╨░╤В╨░ ╤Б╨▒╨╛╤А╨║╨╕.  ╨Т╨║╨╗╤О╤З╨╡╨╜╨╜╤Л╨╡ ╤Д╨░╨╣╨╗╤Л тАФ C:\Users\KusokMedi\Documents\GitHub\BetterShowcase\build\_deps\bindings-src\bindings\2.2081\inline\CCTouchHandler.cpp, C:\Users\KusokMedi\Documents\GitHub\BetterShowcase\build\bindings\bindings\Geode\source\CCTouchHandler.cpp. [C:\Users\KusokMedi\Documents\GitHub\BetterShowcase\build\bindings\GeodeBindings.vcxproj]
C:\Program Files (x86)\Microsoft Visual Studio\2022\BuildTools\MSBuild\Microsoft\VC\v170\Microsoft.CppBuild.targets(1129,5): warning MSB8027: ╨┤╨▓╨░ ╨╕╨╗╨╕ ╨▒╨╛╨╗╨╡╨╡ ╤Д╨░╨╣╨╗╨╛╨▓ ╤Б ╨╕╨╝╨╡╨╜╨╡╨╝ CCTouchScriptHandlerEntry.cpp ╨▓╤Л╨▓╨╛╨┤╤П╤В ╤А╨╡╨╖╤Г╨╗╤М╤В╨░╤В╤Л ╨▓ ╨╛╨┤╨╜╨╛ ╨╕ ╤В╨╛ ╨╢╨╡ ╤А╨░╤Б╨┐╨╛╨╗╨╛╨╢╨╡╨╜╨╕╨╡. ╨н╤В╨╛ ╨╝╨╛╨╢╨╡╤В ╤Б╤В╨░╤В╤М ╨┐╤А╨╕╤З╨╕╨╜╨╛╨╣ ╨╜╨╡╨▓╨╡╤А╨╜╨╛╨│╨╛ ╤А╨╡╨╖╤Г╨╗╤М╤В╨░╤В╨░ ╤Б╨▒╨╛╤А╨║╨╕.  ╨Т╨║╨╗╤О╤З╨╡╨╜╨╜╤Л╨╡ ╤Д╨░╨╣╨╗╤Л тАФ C:\Users\KusokMedi\Documents\GitHub\BetterShowcase\build\_deps\bindings-src\bindings\2.2081\inline\CCTouchScriptHandlerEntry.cpp, C:\Users\KusokMedi\Documents\GitHub\BetterShowcase\build\bindings\bindings\Geode\source\CCTouchScriptHandlerEntry.cpp. [C:\Users\KusokMedi\Documents\GitHub\BetterShowcase\build\bindings\GeodeBindings.vcxproj]
C:\Program Files (x86)\Microsoft Visual Studio\2022\BuildTools\MSBuild\Microsoft\VC\v170\Microsoft.CppBuild.targets(1129,5): warning MSB8027: ╨┤╨▓╨░ ╨╕╨╗╨╕ ╨▒╨╛╨╗╨╡╨╡ ╤Д╨░╨╣╨╗╨╛╨▓ ╤Б ╨╕╨╝╨╡╨╜╨╡╨╝ CCTransitionCrossFade.cpp ╨▓╤Л╨▓╨╛╨┤╤П╤В ╤А╨╡╨╖╤Г╨╗╤М╤В╨░╤В╤Л ╨▓ ╨╛╨┤╨╜╨╛ ╨╕ ╤В╨╛ ╨╢╨╡ ╤А╨░╤Б╨┐╨╛╨╗╨╛╨╢╨╡╨╜╨╕╨╡. ╨н╤В╨╛ ╨╝╨╛╨╢╨╡╤В ╤Б╤В╨░╤В╤М ╨┐╤А╨╕╤З╨╕╨╜╨╛╨╣ ╨╜╨╡╨▓╨╡╤А╨╜╨╛╨│╨╛ ╤А╨╡╨╖╤Г╨╗╤М╤В╨░╤В╨░ ╤Б╨▒╨╛╤А╨║╨╕.  ╨Т╨║╨╗╤О╤З╨╡╨╜╨╜╤Л╨╡ ╤Д╨░╨╣╨╗╤Л тАФ C:\Users\KusokMedi\Documents\GitHub\BetterShowcase\build\_deps\bindings-src\bindings\2.2081\inline\CCTransitionCrossFade.cpp, C:\Users\KusokMedi\Documents\GitHub\BetterShowcase\build\bindings\bindings\Geode\source\CCTransitionCrossFade.cpp. [C:\Users\KusokMedi\Documents\GitHub\BetterShowcase\build\bindings\GeodeBindings.vcxproj]
C:\Program Files (x86)\Microsoft Visual Studio\2022\BuildTools\MSBuild\Microsoft\VC\v170\Microsoft.CppBuild.targets(1129,5): warning MSB8027: ╨┤╨▓╨░ ╨╕╨╗╨╕ ╨▒╨╛╨╗╨╡╨╡ ╤Д╨░╨╣╨╗╨╛╨▓ ╤Б ╨╕╨╝╨╡╨╜╨╡╨╝ CCTransitionFade.cpp ╨▓╤Л╨▓╨╛╨┤╤П╤В ╤А╨╡╨╖╤Г╨╗╤М╤В╨░╤В╤Л ╨▓ ╨╛╨┤╨╜╨╛ ╨╕ ╤В╨╛ ╨╢╨╡ ╤А╨░╤Б╨┐╨╛╨╗╨╛╨╢╨╡╨╜╨╕╨╡. ╨н╤В╨╛ ╨╝╨╛╨╢╨╡╤В ╤Б╤В╨░╤В╤М ╨┐╤А╨╕╤З╨╕╨╜╨╛╨╣ ╨╜╨╡╨▓╨╡╤А╨╜╨╛╨│╨╛ ╤А╨╡╨╖╤Г╨╗╤М╤В╨░╤В╨░ ╤Б╨▒╨╛╤А╨║╨╕.  ╨Т╨║╨╗╤О╤З╨╡╨╜╨╜╤Л╨╡ ╤Д╨░╨╣╨╗╤Л тАФ C:\Users\KusokMedi\Documents\GitHub\BetterShowcase\build\_deps\bindings-src\bindings\2.2081\inline\CCTransitionFade.cpp, C:\Users\KusokMedi\Documents\GitHub\BetterShowcase\build\bindings\bindings\Geode\source\CCTransitionFade.cpp. [C:\Users\KusokMedi\Documents\GitHub\BetterShowcase\build\bindings\GeodeBindings.vcxproj]
C:\Program Files (x86)\Microsoft Visual Studio\2022\BuildTools\MSBuild\Microsoft\VC\v170\Microsoft.CppBuild.targets(1129,5): warning MSB8027: ╨┤╨▓╨░ ╨╕╨╗╨╕ ╨▒╨╛╨╗╨╡╨╡ ╤Д╨░╨╣╨╗╨╛╨▓ ╤Б ╨╕╨╝╨╡╨╜╨╡╨╝ CCTransitionFadeBL.cpp ╨▓╤Л╨▓╨╛╨┤╤П╤В ╤А╨╡╨╖╤Г╨╗╤М╤В╨░╤В╤Л ╨▓ ╨╛╨┤╨╜╨╛ ╨╕ ╤В╨╛ ╨╢╨╡ ╤А╨░╤Б╨┐╨╛╨╗╨╛╨╢╨╡╨╜╨╕╨╡. ╨н╤В╨╛ ╨╝╨╛╨╢╨╡╤В ╤Б╤В╨░╤В╤М ╨┐╤А╨╕╤З╨╕╨╜╨╛╨╣ ╨╜╨╡╨▓╨╡╤А╨╜╨╛╨│╨╛ ╤А╨╡╨╖╤Г╨╗╤М╤В╨░╤В╨░ ╤Б╨▒╨╛╤А╨║╨╕.  ╨Т╨║╨╗╤О╤З╨╡╨╜╨╜╤Л╨╡ ╤Д╨░╨╣╨╗╤Л тАФ C:\Users\KusokMedi\Documents\GitHub\BetterShowcase\build\_deps\bindings-src\bindings\2.2081\inline\CCTransitionFadeBL.cpp, C:\Users\KusokMedi\Documents\GitHub\BetterShowcase\build\bindings\bindings\Geode\source\CCTransitionFadeBL.cpp. [C:\Users\KusokMedi\Documents\GitHub\BetterShowcase\build\bindings\GeodeBindings.vcxproj]
C:\Program Files (x86)\Microsoft Visual Studio\2022\BuildTools\MSBuild\Microsoft\VC\v170\Microsoft.CppBuild.targets(1129,5): warning MSB8027: ╨┤╨▓╨░ ╨╕╨╗╨╕ ╨▒╨╛╨╗╨╡╨╡ ╤Д╨░╨╣╨╗╨╛╨▓ ╤Б ╨╕╨╝╨╡╨╜╨╡╨╝ CCTransitionFadeDown.cpp ╨▓╤Л╨▓╨╛╨┤╤П╤В ╤А╨╡╨╖╤Г╨╗╤М╤В╨░╤В╤Л ╨▓ ╨╛╨┤╨╜╨╛ ╨╕ ╤В╨╛ ╨╢╨╡ ╤А╨░╤Б╨┐╨╛╨╗╨╛╨╢╨╡╨╜╨╕╨╡. ╨н╤В╨╛ ╨╝╨╛╨╢╨╡╤В ╤Б╤В╨░╤В╤М ╨┐╤А╨╕╤З╨╕╨╜╨╛╨╣ ╨╜╨╡╨▓╨╡╤А╨╜╨╛╨│╨╛ ╤А╨╡╨╖╤Г╨╗╤М╤В╨░╤В╨░ ╤Б╨▒╨╛╤А╨║╨╕.  ╨Т╨║╨╗╤О╤З╨╡╨╜╨╜╤Л╨╡ ╤Д╨░╨╣╨╗╤Л тАФ C:\Users\KusokMedi\Documents\GitHub\BetterShowcase\build\_deps\bindings-src\bindings\2.2081\inline\CCTransitionFadeDown.cpp, C:\Users\KusokMedi\Documents\GitHub\BetterShowcase\build\bindings\bindings\Geode\source\CCTransitionFadeDown.cpp. [C:\Users\KusokMedi\Documents\GitHub\BetterShowcase\build\bindings\GeodeBindings.vcxproj]
C:\Program Files (x86)\Microsoft Visual Studio\2022\BuildTools\MSBuild\Microsoft\VC\v170\Microsoft.CppBuild.targets(1129,5): warning MSB8027: ╨┤╨▓╨░ ╨╕╨╗╨╕ ╨▒╨╛╨╗╨╡╨╡ ╤Д╨░╨╣╨╗╨╛╨▓ ╤Б ╨╕╨╝╨╡╨╜╨╡╨╝ CCTransitionFadeTR.cpp ╨▓╤Л╨▓╨╛╨┤╤П╤В ╤А╨╡╨╖╤Г╨╗╤М╤В╨░╤В╤Л ╨▓ ╨╛╨┤╨╜╨╛ ╨╕ ╤В╨╛ ╨╢╨╡ ╤А╨░╤Б╨┐╨╛╨╗╨╛╨╢╨╡╨╜╨╕╨╡. ╨н╤В╨╛ ╨╝╨╛╨╢╨╡╤В ╤Б╤В╨░╤В╤М ╨┐╤А╨╕╤З╨╕╨╜╨╛╨╣ ╨╜╨╡╨▓╨╡╤А╨╜╨╛╨│╨╛ ╤А╨╡╨╖╤Г╨╗╤М╤В╨░╤В╨░ ╤Б╨▒╨╛╤А╨║╨╕.  ╨Т╨║╨╗╤О╤З╨╡╨╜╨╜╤Л╨╡ ╤Д╨░╨╣╨╗╤Л тАФ C:\Users\KusokMedi\Documents\GitHub\BetterShowcase\build\_deps\bindings-src\bindings\2.2081\inline\CCTransitionFadeTR.cpp, C:\Users\KusokMedi\Documents\GitHub\BetterShowcase\build\bindings\bindings\Geode\source\CCTransitionFadeTR.cpp. [C:\Users\KusokMedi\Documents\GitHub\BetterShowcase\build\bindings\GeodeBindings.vcxproj]
C:\Program Files (x86)\Microsoft Visual Studio\2022\BuildTools\MSBuild\Microsoft\VC\v170\Microsoft.CppBuild.targets(1129,5): warning MSB8027: ╨┤╨▓╨░ ╨╕╨╗╨╕ ╨▒╨╛╨╗╨╡╨╡ ╤Д╨░╨╣╨╗╨╛╨▓ ╤Б ╨╕╨╝╨╡╨╜╨╡╨╝ CCTransitionFadeUp.cpp ╨▓╤Л╨▓╨╛╨┤╤П╤В ╤А╨╡╨╖╤Г╨╗╤М╤В╨░╤В╤Л ╨▓ ╨╛╨┤╨╜╨╛ ╨╕ ╤В╨╛ ╨╢╨╡ ╤А╨░╤Б╨┐╨╛╨╗╨╛╨╢╨╡╨╜╨╕╨╡. ╨н╤В╨╛ ╨╝╨╛╨╢╨╡╤В ╤Б╤В╨░╤В╤М ╨┐╤А╨╕╤З╨╕╨╜╨╛╨╣ ╨╜╨╡╨▓╨╡╤А╨╜╨╛╨│╨╛ ╤А╨╡╨╖╤Г╨╗╤М╤В╨░╤В╨░ ╤Б╨▒╨╛╤А╨║╨╕.  ╨Т╨║╨╗╤О╤З╨╡╨╜╨╜╤Л╨╡ ╤Д╨░╨╣╨╗╤Л тАФ C:\Users\KusokMedi\Documents\GitHub\BetterShowcase\build\_deps\bindings-src\bindings\2.2081\inline\CCTransitionFadeUp.cpp, C:\Users\KusokMedi\Documents\GitHub\BetterShowcase\build\bindings\bindings\Geode\source\CCTransitionFadeUp.cpp. [C:\Users\KusokMedi\Documents\GitHub\BetterShowcase\build\bindings\GeodeBindings.vcxproj]
C:\Program Files (x86)\Microsoft Visual Studio\2022\BuildTools\MSBuild\Microsoft\VC\v170\Microsoft.CppBuild.targets(1129,5): warning MSB8027: ╨┤╨▓╨░ ╨╕╨╗╨╕ ╨▒╨╛╨╗╨╡╨╡ ╤Д╨░╨╣╨╗╨╛╨▓ ╤Б ╨╕╨╝╨╡╨╜╨╡╨╝ CCTransitionFlipAngular.cpp ╨▓╤Л╨▓╨╛╨┤╤П╤В ╤А╨╡╨╖╤Г╨╗╤М╤В╨░╤В╤Л ╨▓ ╨╛╨┤╨╜╨╛ ╨╕ ╤В╨╛ ╨╢╨╡ ╤А╨░╤Б╨┐╨╛╨╗╨╛╨╢╨╡╨╜╨╕╨╡. ╨н╤В╨╛ ╨╝╨╛╨╢╨╡╤В ╤Б╤В╨░╤В╤М ╨┐╤А╨╕╤З╨╕╨╜╨╛╨╣ ╨╜╨╡╨▓╨╡╤А╨╜╨╛╨│╨╛ ╤А╨╡╨╖╤Г╨╗╤М╤В╨░╤В╨░ ╤Б╨▒╨╛╤А╨║╨╕.  ╨Т╨║╨╗╤О╤З╨╡╨╜╨╜╤Л╨╡ ╤Д╨░╨╣╨╗╤Л тАФ C:\Users\KusokMedi\Documents\GitHub\BetterShowcase\build\_deps\bindings-src\bindings\2.2081\inline\CCTransitionFlipAngular.cpp, C:\Users\KusokMedi\Documents\GitHub\BetterShowcase\build\bindings\bindings\Geode\source\CCTransitionFlipAngular.cpp. [C:\Users\KusokMedi\Documents\GitHub\BetterShowcase\build\bindings\GeodeBindings.vcxproj]
C:\Program Files (x86)\Microsoft Visual Studio\2022\BuildTools\MSBuild\Microsoft\VC\v170\Microsoft.CppBuild.targets(1129,5): warning MSB8027: ╨┤╨▓╨░ ╨╕╨╗╨╕ ╨▒╨╛╨╗╨╡╨╡ ╤Д╨░╨╣╨╗╨╛╨▓ ╤Б ╨╕╨╝╨╡╨╜╨╡╨╝ CCTransitionFlipX.cpp ╨▓╤Л╨▓╨╛╨┤╤П╤В ╤А╨╡╨╖╤Г╨╗╤М╤В╨░╤В╤Л ╨▓ ╨╛╨┤╨╜╨╛ ╨╕ ╤В╨╛ ╨╢╨╡ ╤А╨░╤Б╨┐╨╛╨╗╨╛╨╢╨╡╨╜╨╕╨╡. ╨н╤В╨╛ ╨╝╨╛╨╢╨╡╤В ╤Б╤В╨░╤В╤М ╨┐╤А╨╕╤З╨╕╨╜╨╛╨╣ ╨╜╨╡╨▓╨╡╤А╨╜╨╛╨│╨╛ ╤А╨╡╨╖╤Г╨╗╤М╤В╨░╤В╨░ ╤Б╨▒╨╛╤А╨║╨╕.  ╨Т╨║╨╗╤О╤З╨╡╨╜╨╜╤Л╨╡ ╤Д╨░╨╣╨╗╤Л тАФ C:\Users\KusokMedi\Documents\GitHub\BetterShowcase\build\_deps\bindings-src\bindings\2.2081\inline\CCTransitionFlipX.cpp, C:\Users\KusokMedi\Documents\GitHub\BetterShowcase\build\bindings\bindings\Geode\source\CCTransitionFlipX.cpp. [C:\Users\KusokMedi\Documents\GitHub\BetterShowcase\build\bindings\GeodeBindings.vcxproj]
C:\Program Files (x86)\Microsoft Visual Studio\2022\BuildTools\MSBuild\Microsoft\VC\v170\Microsoft.CppBuild.targets(1129,5): warning MSB8027: ╨┤╨▓╨░ ╨╕╨╗╨╕ ╨▒╨╛╨╗╨╡╨╡ ╤Д╨░╨╣╨╗╨╛╨▓ ╤Б ╨╕╨╝╨╡╨╜╨╡╨╝ CCTransitionFlipY.cpp ╨▓╤Л╨▓╨╛╨┤╤П╤В ╤А╨╡╨╖╤Г╨╗╤М╤В╨░╤В╤Л ╨▓ ╨╛╨┤╨╜╨╛ ╨╕ ╤В╨╛ ╨╢╨╡ ╤А╨░╤Б╨┐╨╛╨╗╨╛╨╢╨╡╨╜╨╕╨╡. ╨н╤В╨╛ ╨╝╨╛╨╢╨╡╤В ╤Б╤В╨░╤В╤М ╨┐╤А╨╕╤З╨╕╨╜╨╛╨╣ ╨╜╨╡╨▓╨╡╤А╨╜╨╛╨│╨╛ ╤А╨╡╨╖╤Г╨╗╤М╤В╨░╤В╨░ ╤Б╨▒╨╛╤А╨║╨╕.  ╨Т╨║╨╗╤О╤З╨╡╨╜╨╜╤Л╨╡ ╤Д╨░╨╣╨╗╤Л тАФ C:\Users\KusokMedi\Documents\GitHub\BetterShowcase\build\_deps\bindings-src\bindings\2.2081\inline\CCTransitionFlipY.cpp, C:\Users\KusokMedi\Documents\GitHub\BetterShowcase\build\bindings\bindings\Geode\source\CCTransitionFlipY.cpp. [C:\Users\KusokMedi\Documents\GitHub\BetterShowcase\build\bindings\GeodeBindings.vcxproj]
C:\Program Files (x86)\Microsoft Visual Studio\2022\BuildTools\MSBuild\Microsoft\VC\v170\Microsoft.CppBuild.targets(1129,5): warning MSB8027: ╨┤╨▓╨░ ╨╕╨╗╨╕ ╨▒╨╛╨╗╨╡╨╡ ╤Д╨░╨╣╨╗╨╛╨▓ ╤Б ╨╕╨╝╨╡╨╜╨╡╨╝ CCTransitionJumpZoom.cpp ╨▓╤Л╨▓╨╛╨┤╤П╤В ╤А╨╡╨╖╤Г╨╗╤М╤В╨░╤В╤Л ╨▓ ╨╛╨┤╨╜╨╛ ╨╕ ╤В╨╛ ╨╢╨╡ ╤А╨░╤Б╨┐╨╛╨╗╨╛╨╢╨╡╨╜╨╕╨╡. ╨н╤В╨╛ ╨╝╨╛╨╢╨╡╤В ╤Б╤В╨░╤В╤М ╨┐╤А╨╕╤З╨╕╨╜╨╛╨╣ ╨╜╨╡╨▓╨╡╤А╨╜╨╛╨│╨╛ ╤А╨╡╨╖╤Г╨╗╤М╤В╨░╤В╨░ ╤Б╨▒╨╛╤А╨║╨╕.  ╨Т╨║╨╗╤О╤З╨╡╨╜╨╜╤Л╨╡ ╤Д╨░╨╣╨╗╤Л тАФ C:\Users\KusokMedi\Documents\GitHub\BetterShowcase\build\_deps\bindings-src\bindings\2.2081\inline\CCTransitionJumpZoom.cpp, C:\Users\KusokMedi\Documents\GitHub\BetterShowcase\build\bindings\bindings\Geode\source\CCTransitionJumpZoom.cpp. [C:\Users\KusokMedi\Documents\GitHub\BetterShowcase\build\bindings\GeodeBindings.vcxproj]
C:\Program Files (x86)\Microsoft Visual Studio\2022\BuildTools\MSBuild\Microsoft\VC\v170\Microsoft.CppBuild.targets(1129,5): warning MSB8027: ╨┤╨▓╨░ ╨╕╨╗╨╕ ╨▒╨╛╨╗╨╡╨╡ ╤Д╨░╨╣╨╗╨╛╨▓ ╤Б ╨╕╨╝╨╡╨╜╨╡╨╝ CCTransitionMoveInB.cpp ╨▓╤Л╨▓╨╛╨┤╤П╤В ╤А╨╡╨╖╤Г╨╗╤М╤В╨░╤В╤Л ╨▓ ╨╛╨┤╨╜╨╛ ╨╕ ╤В╨╛ ╨╢╨╡ ╤А╨░╤Б╨┐╨╛╨╗╨╛╨╢╨╡╨╜╨╕╨╡. ╨н╤В╨╛ ╨╝╨╛╨╢╨╡╤В ╤Б╤В╨░╤В╤М ╨┐╤А╨╕╤З╨╕╨╜╨╛╨╣ ╨╜╨╡╨▓╨╡╤А╨╜╨╛╨│╨╛ ╤А╨╡╨╖╤Г╨╗╤М╤В╨░╤В╨░ ╤Б╨▒╨╛╤А╨║╨╕.  ╨Т╨║╨╗╤О╤З╨╡╨╜╨╜╤Л╨╡ ╤Д╨░╨╣╨╗╤Л тАФ C:\Users\KusokMedi\Documents\GitHub\BetterShowcase\build\_deps\bindings-src\bindings\2.2081\inline\CCTransitionMoveInB.cpp, C:\Users\KusokMedi\Documents\GitHub\BetterShowcase\build\bindings\bindings\Geode\source\CCTransitionMoveInB.cpp. [C:\Users\KusokMedi\Documents\GitHub\BetterShowcase\build\bindings\GeodeBindings.vcxproj]
C:\Program Files (x86)\Microsoft Visual Studio\2022\BuildTools\MSBuild\Microsoft\VC\v170\Microsoft.CppBuild.targets(1129,5): warning MSB8027: ╨┤╨▓╨░ ╨╕╨╗╨╕ ╨▒╨╛╨╗╨╡╨╡ ╤Д╨░╨╣╨╗╨╛╨▓ ╤Б ╨╕╨╝╨╡╨╜╨╡╨╝ CCTransitionMoveInL.cpp ╨▓╤Л╨▓╨╛╨┤╤П╤В ╤А╨╡╨╖╤Г╨╗╤М╤В╨░╤В╤Л ╨▓ ╨╛╨┤╨╜╨╛ ╨╕ ╤В╨╛ ╨╢╨╡ ╤А╨░╤Б╨┐╨╛╨╗╨╛╨╢╨╡╨╜╨╕╨╡. ╨н╤В╨╛ ╨╝╨╛╨╢╨╡╤В ╤Б╤В╨░╤В╤М ╨┐╤А╨╕╤З╨╕╨╜╨╛╨╣ ╨╜╨╡╨▓╨╡╤А╨╜╨╛╨│╨╛ ╤А╨╡╨╖╤Г╨╗╤М╤В╨░╤В╨░ ╤Б╨▒╨╛╤А╨║╨╕.  ╨Т╨║╨╗╤О╤З╨╡╨╜╨╜╤Л╨╡ ╤Д╨░╨╣╨╗╤Л тАФ C:\Users\KusokMedi\Documents\GitHub\BetterShowcase\build\_deps\bindings-src\bindings\2.2081\inline\CCTransitionMoveInL.cpp, C:\Users\KusokMedi\Documents\GitHub\BetterShowcase\build\bindings\bindings\Geode\source\CCTransitionMoveInL.cpp. [C:\Users\KusokMedi\Documents\GitHub\BetterShowcase\build\bindings\GeodeBindings.vcxproj]
C:\Program Files (x86)\Microsoft Visual Studio\2022\BuildTools\MSBuild\Microsoft\VC\v170\Microsoft.CppBuild.targets(1129,5): warning MSB8027: ╨┤╨▓╨░ ╨╕╨╗╨╕ ╨▒╨╛╨╗╨╡╨╡ ╤Д╨░╨╣╨╗╨╛╨▓ ╤Б ╨╕╨╝╨╡╨╜╨╡╨╝ CCTransitionMoveInR.cpp ╨▓╤Л╨▓╨╛╨┤╤П╤В ╤А╨╡╨╖╤Г╨╗╤М╤В╨░╤В╤Л ╨▓ ╨╛╨┤╨╜╨╛ ╨╕ ╤В╨╛ ╨╢╨╡ ╤А╨░╤Б╨┐╨╛╨╗╨╛╨╢╨╡╨╜╨╕╨╡. ╨н╤В╨╛ ╨╝╨╛╨╢╨╡╤В ╤Б╤В╨░╤В╤М ╨┐╤А╨╕╤З╨╕╨╜╨╛╨╣ ╨╜╨╡╨▓╨╡╤А╨╜╨╛╨│╨╛ ╤А╨╡╨╖╤Г╨╗╤М╤В╨░╤В╨░ ╤Б╨▒╨╛╤А╨║╨╕.  ╨Т╨║╨╗╤О╤З╨╡╨╜╨╜╤Л╨╡ ╤Д╨░╨╣╨╗╤Л тАФ C:\Users\KusokMedi\Documents\GitHub\BetterShowcase\build\_deps\bindings-src\bindings\2.2081\inline\CCTransitionMoveInR.cpp, C:\Users\KusokMedi\Documents\GitHub\BetterShowcase\build\bindings\bindings\Geode\source\CCTransitionMoveInR.cpp. [C:\Users\KusokMedi\Documents\GitHub\BetterShowcase\build\bindings\GeodeBindings.vcxproj]
C:\Program Files (x86)\Microsoft Visual Studio\2022\BuildTools\MSBuild\Microsoft\VC\v170\Microsoft.CppBuild.targets(1129,5): warning MSB8027: ╨┤╨▓╨░ ╨╕╨╗╨╕ ╨▒╨╛╨╗╨╡╨╡ ╤Д╨░╨╣╨╗╨╛╨▓ ╤Б ╨╕╨╝╨╡╨╜╨╡╨╝ CCTransitionMoveInT.cpp ╨▓╤Л╨▓╨╛╨┤╤П╤В ╤А╨╡╨╖╤Г╨╗╤М╤В╨░╤В╤Л ╨▓ ╨╛╨┤╨╜╨╛ ╨╕ ╤В╨╛ ╨╢╨╡ ╤А╨░╤Б╨┐╨╛╨╗╨╛╨╢╨╡╨╜╨╕╨╡. ╨н╤В╨╛ ╨╝╨╛╨╢╨╡╤В ╤Б╤В╨░╤В╤М ╨┐╤А╨╕╤З╨╕╨╜╨╛╨╣ ╨╜╨╡╨▓╨╡╤А╨╜╨╛╨│╨╛ ╤А╨╡╨╖╤Г╨╗╤М╤В╨░╤В╨░ ╤Б╨▒╨╛╤А╨║╨╕.  ╨Т╨║╨╗╤О╤З╨╡╨╜╨╜╤Л╨╡ ╤Д╨░╨╣╨╗╤Л тАФ C:\Users\KusokMedi\Documents\GitHub\BetterShowcase\build\_deps\bindings-src\bindings\2.2081\inline\CCTransitionMoveInT.cpp, C:\Users\KusokMedi\Documents\GitHub\BetterShowcase\build\bindings\bindings\Geode\source\CCTransitionMoveInT.cpp. [C:\Users\KusokMedi\Documents\GitHub\BetterShowcase\build\bindings\GeodeBindings.vcxproj]
C:\Program Files (x86)\Microsoft Visual Studio\2022\BuildTools\MSBuild\Microsoft\VC\v170\Microsoft.CppBuild.targets(1129,5): warning MSB8027: ╨┤╨▓╨░ ╨╕╨╗╨╕ ╨▒╨╛╨╗╨╡╨╡ ╤Д╨░╨╣╨╗╨╛╨▓ ╤Б ╨╕╨╝╨╡╨╜╨╡╨╝ CCTransitionPageTurn.cpp ╨▓╤Л╨▓╨╛╨┤╤П╤В ╤А╨╡╨╖╤Г╨╗╤М╤В╨░╤В╤Л ╨▓ ╨╛╨┤╨╜╨╛ ╨╕ ╤В╨╛ ╨╢╨╡ ╤А╨░╤Б╨┐╨╛╨╗╨╛╨╢╨╡╨╜╨╕╨╡. ╨н╤В╨╛ ╨╝╨╛╨╢╨╡╤В ╤Б╤В╨░╤В╤М ╨┐╤А╨╕╤З╨╕╨╜╨╛╨╣ ╨╜╨╡╨▓╨╡╤А╨╜╨╛╨│╨╛ ╤А╨╡╨╖╤Г╨╗╤М╤В╨░╤В╨░ ╤Б╨▒╨╛╤А╨║╨╕.  ╨Т╨║╨╗╤О╤З╨╡╨╜╨╜╤Л╨╡ ╤Д╨░╨╣╨╗╤Л тАФ C:\Users\KusokMedi\Documents\GitHub\BetterShowcase\build\_deps\bindings-src\bindings\2.2081\inline\CCTransitionPageTurn.cpp, C:\Users\KusokMedi\Documents\GitHub\BetterShowcase\build\bindings\bindings\Geode\source\CCTransitionPageTurn.cpp. [C:\Users\KusokMedi\Documents\GitHub\BetterShowcase\build\bindings\GeodeBindings.vcxproj]
C:\Program Files (x86)\Microsoft Visual Studio\2022\BuildTools\MSBuild\Microsoft\VC\v170\Microsoft.CppBuild.targets(1129,5): warning MSB8027: ╨┤╨▓╨░ ╨╕╨╗╨╕ ╨▒╨╛╨╗╨╡╨╡ ╤Д╨░╨╣╨╗╨╛╨▓ ╤Б ╨╕╨╝╨╡╨╜╨╡╨╝ CCTransitionProgress.cpp ╨▓╤Л╨▓╨╛╨┤╤П╤В ╤А╨╡╨╖╤Г╨╗╤М╤В╨░╤В╤Л ╨▓ ╨╛╨┤╨╜╨╛ ╨╕ ╤В╨╛ ╨╢╨╡ ╤А╨░╤Б╨┐╨╛╨╗╨╛╨╢╨╡╨╜╨╕╨╡. ╨н╤В╨╛ ╨╝╨╛╨╢╨╡╤В ╤Б╤В╨░╤В╤М ╨┐╤А╨╕╤З╨╕╨╜╨╛╨╣ ╨╜╨╡╨▓╨╡╤А╨╜╨╛╨│╨╛ ╤А╨╡╨╖╤Г╨╗╤М╤В╨░╤В╨░ ╤Б╨▒╨╛╤А╨║╨╕.  ╨Т╨║╨╗╤О╤З╨╡╨╜╨╜╤Л╨╡ ╤Д╨░╨╣╨╗╤Л тАФ C:\Users\KusokMedi\Documents\GitHub\BetterShowcase\build\_deps\bindings-src\bindings\2.2081\inline\CCTransitionProgress.cpp, C:\Users\KusokMedi\Documents\GitHub\BetterShowcase\build\bindings\bindings\Geode\source\CCTransitionProgress.cpp. [C:\Users\KusokMedi\Documents\GitHub\BetterShowcase\build\bindings\GeodeBindings.vcxproj]
C:\Program Files (x86)\Microsoft Visual Studio\2022\BuildTools\MSBuild\Microsoft\VC\v170\Microsoft.CppBuild.targets(1129,5): warning MSB8027: ╨┤╨▓╨░ ╨╕╨╗╨╕ ╨▒╨╛╨╗╨╡╨╡ ╤Д╨░╨╣╨╗╨╛╨▓ ╤Б ╨╕╨╝╨╡╨╜╨╡╨╝ CCTransitionProgressHorizontal.cpp ╨▓╤Л╨▓╨╛╨┤╤П╤В ╤А╨╡╨╖╤Г╨╗╤М╤В╨░╤В╤Л ╨▓ ╨╛╨┤╨╜╨╛ ╨╕ ╤В╨╛ ╨╢╨╡ ╤А╨░╤Б╨┐╨╛╨╗╨╛╨╢╨╡╨╜╨╕╨╡. ╨н╤В╨╛ ╨╝╨╛╨╢╨╡╤В ╤Б╤В╨░╤В╤М ╨┐╤А╨╕╤З╨╕╨╜╨╛╨╣ ╨╜╨╡╨▓╨╡╤А╨╜╨╛╨│╨╛ ╤А╨╡╨╖╤Г╨╗╤М╤В╨░╤В╨░ ╤Б╨▒╨╛╤А╨║╨╕.  ╨Т╨║╨╗╤О╤З╨╡╨╜╨╜╤Л╨╡ ╤Д╨░╨╣╨╗╤Л тАФ C:\Users\KusokMedi\Documents\GitHub\BetterShowcase\build\_deps\bindings-src\bindings\2.2081\inline\CCTransitionProgressHorizontal.cpp, C:\Users\KusokMedi\Documents\GitHub\BetterShowcase\build\bindings\bindings\Geode\source\CCTransitionProgressHorizontal.cpp. [C:\Users\KusokMedi\Documents\GitHub\BetterShowcase\build\bindings\GeodeBindings.vcxproj]
C:\Program Files (x86)\Microsoft Visual Studio\2022\BuildTools\MSBuild\Microsoft\VC\v170\Microsoft.CppBuild.targets(1129,5): warning MSB8027: ╨┤╨▓╨░ ╨╕╨╗╨╕ ╨▒╨╛╨╗╨╡╨╡ ╤Д╨░╨╣╨╗╨╛╨▓ ╤Б ╨╕╨╝╨╡╨╜╨╡╨╝ CCTransitionProgressInOut.cpp ╨▓╤Л╨▓╨╛╨┤╤П╤В ╤А╨╡╨╖╤Г╨╗╤М╤В╨░╤В╤Л ╨▓ ╨╛╨┤╨╜╨╛ ╨╕ ╤В╨╛ ╨╢╨╡ ╤А╨░╤Б╨┐╨╛╨╗╨╛╨╢╨╡╨╜╨╕╨╡. ╨н╤В╨╛ ╨╝╨╛╨╢╨╡╤В ╤Б╤В╨░╤В╤М ╨┐╤А╨╕╤З╨╕╨╜╨╛╨╣ ╨╜╨╡╨▓╨╡╤А╨╜╨╛╨│╨╛ ╤А╨╡╨╖╤Г╨╗╤М╤В╨░╤В╨░ ╤Б╨▒╨╛╤А╨║╨╕.  ╨Т╨║╨╗╤О╤З╨╡╨╜╨╜╤Л╨╡ ╤Д╨░╨╣╨╗╤Л тАФ C:\Users\KusokMedi\Documents\GitHub\BetterShowcase\build\_deps\bindings-src\bindings\2.2081\inline\CCTransitionProgressInOut.cpp, C:\Users\KusokMedi\Documents\GitHub\BetterShowcase\build\bindings\bindings\Geode\source\CCTransitionProgressInOut.cpp. [C:\Users\KusokMedi\Documents\GitHub\BetterShowcase\build\bindings\GeodeBindings.vcxproj]
C:\Program Files (x86)\Microsoft Visual Studio\2022\BuildTools\MSBuild\Microsoft\VC\v170\Microsoft.CppBuild.targets(1129,5): warning MSB8027: ╨┤╨▓╨░ ╨╕╨╗╨╕ ╨▒╨╛╨╗╨╡╨╡ ╤Д╨░╨╣╨╗╨╛╨▓ ╤Б ╨╕╨╝╨╡╨╜╨╡╨╝ CCTransitionProgressOutIn.cpp ╨▓╤Л╨▓╨╛╨┤╤П╤В ╤А╨╡╨╖╤Г╨╗╤М╤В╨░╤В╤Л ╨▓ ╨╛╨┤╨╜╨╛ ╨╕ ╤В╨╛ ╨╢╨╡ ╤А╨░╤Б╨┐╨╛╨╗╨╛╨╢╨╡╨╜╨╕╨╡. ╨н╤В╨╛ ╨╝╨╛╨╢╨╡╤В ╤Б╤В╨░╤В╤М ╨┐╤А╨╕╤З╨╕╨╜╨╛╨╣ ╨╜╨╡╨▓╨╡╤А╨╜╨╛╨│╨╛ ╤А╨╡╨╖╤Г╨╗╤М╤В╨░╤В╨░ ╤Б╨▒╨╛╤А╨║╨╕.  ╨Т╨║╨╗╤О╤З╨╡╨╜╨╜╤Л╨╡ ╤Д╨░╨╣╨╗╤Л тАФ C:\Users\KusokMedi\Documents\GitHub\BetterShowcase\build\_deps\bindings-src\bindings\2.2081\inline\CCTransitionProgressOutIn.cpp, C:\Users\KusokMedi\Documents\GitHub\BetterShowcase\build\bindings\bindings\Geode\source\CCTransitionProgressOutIn.cpp. [C:\Users\KusokMedi\Documents\GitHub\BetterShowcase\build\bindings\GeodeBindings.vcxproj]
C:\Program Files (x86)\Microsoft Visual Studio\2022\BuildTools\MSBuild\Microsoft\VC\v170\Microsoft.CppBuild.targets(1129,5): warning MSB8027: ╨┤╨▓╨░ ╨╕╨╗╨╕ ╨▒╨╛╨╗╨╡╨╡ ╤Д╨░╨╣╨╗╨╛╨▓ ╤Б ╨╕╨╝╨╡╨╜╨╡╨╝ CCTransitionProgressRadialCCW.cpp ╨▓╤Л╨▓╨╛╨┤╤П╤В ╤А╨╡╨╖╤Г╨╗╤М╤В╨░╤В╤Л ╨▓ ╨╛╨┤╨╜╨╛ ╨╕ ╤В╨╛ ╨╢╨╡ ╤А╨░╤Б╨┐╨╛╨╗╨╛╨╢╨╡╨╜╨╕╨╡. ╨н╤В╨╛ ╨╝╨╛╨╢╨╡╤В ╤Б╤В╨░╤В╤М ╨┐╤А╨╕╤З╨╕╨╜╨╛╨╣ ╨╜╨╡╨▓╨╡╤А╨╜╨╛╨│╨╛ ╤А╨╡╨╖╤Г╨╗╤М╤В╨░╤В╨░ ╤Б╨▒╨╛╤А╨║╨╕.  ╨Т╨║╨╗╤О╤З╨╡╨╜╨╜╤Л╨╡ ╤Д╨░╨╣╨╗╤Л тАФ C:\Users\KusokMedi\Documents\GitHub\BetterShowcase\build\_deps\bindings-src\bindings\2.2081\inline\CCTransitionProgressRadialCCW.cpp, C:\Users\KusokMedi\Documents\GitHub\BetterShowcase\build\bindings\bindings\Geode\source\CCTransitionProgressRadialCCW.cpp. [C:\Users\KusokMedi\Documents\GitHub\BetterShowcase\build\bindings\GeodeBindings.vcxproj]
C:\Program Files (x86)\Microsoft Visual Studio\2022\BuildTools\MSBuild\Microsoft\VC\v170\Microsoft.CppBuild.targets(1129,5): warning MSB8027: ╨┤╨▓╨░ ╨╕╨╗╨╕ ╨▒╨╛╨╗╨╡╨╡ ╤Д╨░╨╣╨╗╨╛╨▓ ╤Б ╨╕╨╝╨╡╨╜╨╡╨╝ CCTransitionProgressRadialCW.cpp ╨▓╤Л╨▓╨╛╨┤╤П╤В ╤А╨╡╨╖╤Г╨╗╤М╤В╨░╤В╤Л ╨▓ ╨╛╨┤╨╜╨╛ ╨╕ ╤В╨╛ ╨╢╨╡ ╤А╨░╤Б╨┐╨╛╨╗╨╛╨╢╨╡╨╜╨╕╨╡. ╨н╤В╨╛ ╨╝╨╛╨╢╨╡╤В ╤Б╤В╨░╤В╤М ╨┐╤А╨╕╤З╨╕╨╜╨╛╨╣ ╨╜╨╡╨▓╨╡╤А╨╜╨╛╨│╨╛ ╤А╨╡╨╖╤Г╨╗╤М╤В╨░╤В╨░ ╤Б╨▒╨╛╤А╨║╨╕.  ╨Т╨║╨╗╤О╤З╨╡╨╜╨╜╤Л╨╡ ╤Д╨░╨╣╨╗╤Л тАФ C:\Users\KusokMedi\Documents\GitHub\BetterShowcase\build\_deps\bindings-src\bindings\2.2081\inline\CCTransitionProgressRadialCW.cpp, C:\Users\KusokMedi\Documents\GitHub\BetterShowcase\build\bindings\bindings\Geode\source\CCTransitionProgressRadialCW.cpp. [C:\Users\KusokMedi\Documents\GitHub\BetterShowcase\build\bindings\GeodeBindings.vcxproj]
C:\Program Files (x86)\Microsoft Visual Studio\2022\BuildTools\MSBuild\Microsoft\VC\v170\Microsoft.CppBuild.targets(1129,5): warning MSB8027: ╨┤╨▓╨░ ╨╕╨╗╨╕ ╨▒╨╛╨╗╨╡╨╡ ╤Д╨░╨╣╨╗╨╛╨▓ ╤Б ╨╕╨╝╨╡╨╜╨╡╨╝ CCTransitionProgressVertical.cpp ╨▓╤Л╨▓╨╛╨┤╤П╤В ╤А╨╡╨╖╤Г╨╗╤М╤В╨░╤В╤Л ╨▓ ╨╛╨┤╨╜╨╛ ╨╕ ╤В╨╛ ╨╢╨╡ ╤А╨░╤Б╨┐╨╛╨╗╨╛╨╢╨╡╨╜╨╕╨╡. ╨н╤В╨╛ ╨╝╨╛╨╢╨╡╤В ╤Б╤В╨░╤В╤М ╨┐╤А╨╕╤З╨╕╨╜╨╛╨╣ ╨╜╨╡╨▓╨╡╤А╨╜╨╛╨│╨╛ ╤А╨╡╨╖╤Г╨╗╤М╤В╨░╤В╨░ ╤Б╨▒╨╛╤А╨║╨╕.  ╨Т╨║╨╗╤О╤З╨╡╨╜╨╜╤Л╨╡ ╤Д╨░╨╣╨╗╤Л тАФ C:\Users\KusokMedi\Documents\GitHub\BetterShowcase\build\_deps\bindings-src\bindings\2.2081\inline\CCTransitionProgressVertical.cpp, C:\Users\KusokMedi\Documents\GitHub\BetterShowcase\build\bindings\bindings\Geode\source\CCTransitionProgressVertical.cpp. [C:\Users\KusokMedi\Documents\GitHub\BetterShowcase\build\bindings\GeodeBindings.vcxproj]
C:\Program Files (x86)\Microsoft Visual Studio\2022\BuildTools\MSBuild\Microsoft\VC\v170\Microsoft.CppBuild.targets(1129,5): warning MSB8027: ╨┤╨▓╨░ ╨╕╨╗╨╕ ╨▒╨╛╨╗╨╡╨╡ ╤Д╨░╨╣╨╗╨╛╨▓ ╤Б ╨╕╨╝╨╡╨╜╨╡╨╝ CCTransitionRotoZoom.cpp ╨▓╤Л╨▓╨╛╨┤╤П╤В ╤А╨╡╨╖╤Г╨╗╤М╤В╨░╤В╤Л ╨▓ ╨╛╨┤╨╜╨╛ ╨╕ ╤В╨╛ ╨╢╨╡ ╤А╨░╤Б╨┐╨╛╨╗╨╛╨╢╨╡╨╜╨╕╨╡. ╨н╤В╨╛ ╨╝╨╛╨╢╨╡╤В ╤Б╤В╨░╤В╤М ╨┐╤А╨╕╤З╨╕╨╜╨╛╨╣ ╨╜╨╡╨▓╨╡╤А╨╜╨╛╨│╨╛ ╤А╨╡╨╖╤Г╨╗╤М╤В╨░╤В╨░ ╤Б╨▒╨╛╤А╨║╨╕.  ╨Т╨║╨╗╤О╤З╨╡╨╜╨╜╤Л╨╡ ╤Д╨░╨╣╨╗╤Л тАФ C:\Users\KusokMedi\Documents\GitHub\BetterShowcase\build\_deps\bindings-src\bindings\2.2081\inline\CCTransitionRotoZoom.cpp, C:\Users\KusokMedi\Documents\GitHub\BetterShowcase\build\bindings\bindings\Geode\source\CCTransitionRotoZoom.cpp. [C:\Users\KusokMedi\Documents\GitHub\BetterShowcase\build\bindings\GeodeBindings.vcxproj]
C:\Program Files (x86)\Microsoft Visual Studio\2022\BuildTools\MSBuild\Microsoft\VC\v170\Microsoft.CppBuild.targets(1129,5): warning MSB8027: ╨┤╨▓╨░ ╨╕╨╗╨╕ ╨▒╨╛╨╗╨╡╨╡ ╤Д╨░╨╣╨╗╨╛╨▓ ╤Б ╨╕╨╝╨╡╨╜╨╡╨╝ CCTransitionScene.cpp ╨▓╤Л╨▓╨╛╨┤╤П╤В ╤А╨╡╨╖╤Г╨╗╤М╤В╨░╤В╤Л ╨▓ ╨╛╨┤╨╜╨╛ ╨╕ ╤В╨╛ ╨╢╨╡ ╤А╨░╤Б╨┐╨╛╨╗╨╛╨╢╨╡╨╜╨╕╨╡. ╨н╤В╨╛ ╨╝╨╛╨╢╨╡╤В ╤Б╤В╨░╤В╤М ╨┐╤А╨╕╤З╨╕╨╜╨╛╨╣ ╨╜╨╡╨▓╨╡╤А╨╜╨╛╨│╨╛ ╤А╨╡╨╖╤Г╨╗╤М╤В╨░╤В╨░ ╤Б╨▒╨╛╤А╨║╨╕.  ╨Т╨║╨╗╤О╤З╨╡╨╜╨╜╤Л╨╡ ╤Д╨░╨╣╨╗╤Л тАФ C:\Users\KusokMedi\Documents\GitHub\BetterShowcase\build\_deps\bindings-src\bindings\2.2081\inline\CCTransitionScene.cpp, C:\Users\KusokMedi\Documents\GitHub\BetterShowcase\build\bindings\bindings\Geode\source\CCTransitionScene.cpp. [C:\Users\KusokMedi\Documents\GitHub\BetterShowcase\build\bindings\GeodeBindings.vcxproj]
C:\Program Files (x86)\Microsoft Visual Studio\2022\BuildTools\MSBuild\Microsoft\VC\v170\Microsoft.CppBuild.targets(1129,5): warning MSB8027: ╨┤╨▓╨░ ╨╕╨╗╨╕ ╨▒╨╛╨╗╨╡╨╡ ╤Д╨░╨╣╨╗╨╛╨▓ ╤Б ╨╕╨╝╨╡╨╜╨╡╨╝ CCTransitionSceneOriented.cpp ╨▓╤Л╨▓╨╛╨┤╤П╤В ╤А╨╡╨╖╤Г╨╗╤М╤В╨░╤В╤Л ╨▓ ╨╛╨┤╨╜╨╛ ╨╕ ╤В╨╛ ╨╢╨╡ ╤А╨░╤Б╨┐╨╛╨╗╨╛╨╢╨╡╨╜╨╕╨╡. ╨н╤В╨╛ ╨╝╨╛╨╢╨╡╤В ╤Б╤В╨░╤В╤М ╨┐╤А╨╕╤З╨╕╨╜╨╛╨╣ ╨╜╨╡╨▓╨╡╤А╨╜╨╛╨│╨╛ ╤А╨╡╨╖╤Г╨╗╤М╤В╨░╤В╨░ ╤Б╨▒╨╛╤А╨║╨╕.  ╨Т╨║╨╗╤О╤З╨╡╨╜╨╜╤Л╨╡ ╤Д╨░╨╣╨╗╤Л тАФ C:\Users\KusokMedi\Documents\GitHub\BetterShowcase\build\_deps\bindings-src\bindings\2.2081\inline\CCTransitionSceneOriented.cpp, C:\Users\KusokMedi\Documents\GitHub\BetterShowcase\build\bindings\bindings\Geode\source\CCTransitionSceneOriented.cpp. [C:\Users\KusokMedi\Documents\GitHub\BetterShowcase\build\bindings\GeodeBindings.vcxproj]
C:\Program Files (x86)\Microsoft Visual Studio\2022\BuildTools\MSBuild\Microsoft\VC\v170\Microsoft.CppBuild.targets(1129,5): warning MSB8027: ╨┤╨▓╨░ ╨╕╨╗╨╕ ╨▒╨╛╨╗╨╡╨╡ ╤Д╨░╨╣╨╗╨╛╨▓ ╤Б ╨╕╨╝╨╡╨╜╨╡╨╝ CCTransitionShrinkGrow.cpp ╨▓╤Л╨▓╨╛╨┤╤П╤В ╤А╨╡╨╖╤Г╨╗╤М╤В╨░╤В╤Л ╨▓ ╨╛╨┤╨╜╨╛ ╨╕ ╤В╨╛ ╨╢╨╡ ╤А╨░╤Б╨┐╨╛╨╗╨╛╨╢╨╡╨╜╨╕╨╡. ╨н╤В╨╛ ╨╝╨╛╨╢╨╡╤В ╤Б╤В╨░╤В╤М ╨┐╤А╨╕╤З╨╕╨╜╨╛╨╣ ╨╜╨╡╨▓╨╡╤А╨╜╨╛╨│╨╛ ╤А╨╡╨╖╤Г╨╗╤М╤В╨░╤В╨░ ╤Б╨▒╨╛╤А╨║╨╕.  ╨Т╨║╨╗╤О╤З╨╡╨╜╨╜╤Л╨╡ ╤Д╨░╨╣╨╗╤Л тАФ C:\Users\KusokMedi\Documents\GitHub\BetterShowcase\build\_deps\bindings-src\bindings\2.2081\inline\CCTransitionShrinkGrow.cpp, C:\Users\KusokMedi\Documents\GitHub\BetterShowcase\build\bindings\bindings\Geode\source\CCTransitionShrinkGrow.cpp. [C:\Users\KusokMedi\Documents\GitHub\BetterShowcase\build\bindings\GeodeBindings.vcxproj]
C:\Program Files (x86)\Microsoft Visual Studio\2022\BuildTools\MSBuild\Microsoft\VC\v170\Microsoft.CppBuild.targets(1129,5): warning MSB8027: ╨┤╨▓╨░ ╨╕╨╗╨╕ ╨▒╨╛╨╗╨╡╨╡ ╤Д╨░╨╣╨╗╨╛╨▓ ╤Б ╨╕╨╝╨╡╨╜╨╡╨╝ CCTransitionSlideInB.cpp ╨▓╤Л╨▓╨╛╨┤╤П╤В ╤А╨╡╨╖╤Г╨╗╤М╤В╨░╤В╤Л ╨▓ ╨╛╨┤╨╜╨╛ ╨╕ ╤В╨╛ ╨╢╨╡ ╤А╨░╤Б╨┐╨╛╨╗╨╛╨╢╨╡╨╜╨╕╨╡. ╨н╤В╨╛ ╨╝╨╛╨╢╨╡╤В ╤Б╤В╨░╤В╤М ╨┐╤А╨╕╤З╨╕╨╜╨╛╨╣ ╨╜╨╡╨▓╨╡╤А╨╜╨╛╨│╨╛ ╤А╨╡╨╖╤Г╨╗╤М╤В╨░╤В╨░ ╤Б╨▒╨╛╤А╨║╨╕.  ╨Т╨║╨╗╤О╤З╨╡╨╜╨╜╤Л╨╡ ╤Д╨░╨╣╨╗╤Л тАФ C:\Users\KusokMedi\Documents\GitHub\BetterShowcase\build\_deps\bindings-src\bindings\2.2081\inline\CCTransitionSlideInB.cpp, C:\Users\KusokMedi\Documents\GitHub\BetterShowcase\build\bindings\bindings\Geode\source\CCTransitionSlideInB.cpp. [C:\Users\KusokMedi\Documents\GitHub\BetterShowcase\build\bindings\GeodeBindings.vcxproj]
C:\Program Files (x86)\Microsoft Visual Studio\2022\BuildTools\MSBuild\Microsoft\VC\v170\Microsoft.CppBuild.targets(1129,5): warning MSB8027: ╨┤╨▓╨░ ╨╕╨╗╨╕ ╨▒╨╛╨╗╨╡╨╡ ╤Д╨░╨╣╨╗╨╛╨▓ ╤Б ╨╕╨╝╨╡╨╜╨╡╨╝ CCTransitionSlideInL.cpp ╨▓╤Л╨▓╨╛╨┤╤П╤В ╤А╨╡╨╖╤Г╨╗╤М╤В╨░╤В╤Л ╨▓ ╨╛╨┤╨╜╨╛ ╨╕ ╤В╨╛ ╨╢╨╡ ╤А╨░╤Б╨┐╨╛╨╗╨╛╨╢╨╡╨╜╨╕╨╡. ╨н╤В╨╛ ╨╝╨╛╨╢╨╡╤В ╤Б╤В╨░╤В╤М ╨┐╤А╨╕╤З╨╕╨╜╨╛╨╣ ╨╜╨╡╨▓╨╡╤А╨╜╨╛╨│╨╛ ╤А╨╡╨╖╤Г╨╗╤М╤В╨░╤В╨░ ╤Б╨▒╨╛╤А╨║╨╕.  ╨Т╨║╨╗╤О╤З╨╡╨╜╨╜╤Л╨╡ ╤Д╨░╨╣╨╗╤Л тАФ C:\Users\KusokMedi\Documents\GitHub\BetterShowcase\build\_deps\bindings-src\bindings\2.2081\inline\CCTransitionSlideInL.cpp, C:\Users\KusokMedi\Documents\GitHub\BetterShowcase\build\bindings\bindings\Geode\source\CCTransitionSlideInL.cpp. [C:\Users\KusokMedi\Documents\GitHub\BetterShowcase\build\bindings\GeodeBindings.vcxproj]
C:\Program Files (x86)\Microsoft Visual Studio\2022\BuildTools\MSBuild\Microsoft\VC\v170\Microsoft.CppBuild.targets(1129,5): warning MSB8027: ╨┤╨▓╨░ ╨╕╨╗╨╕ ╨▒╨╛╨╗╨╡╨╡ ╤Д╨░╨╣╨╗╨╛╨▓ ╤Б ╨╕╨╝╨╡╨╜╨╡╨╝ CCTransitionSlideInR.cpp ╨▓╤Л╨▓╨╛╨┤╤П╤В ╤А╨╡╨╖╤Г╨╗╤М╤В╨░╤В╤Л ╨▓ ╨╛╨┤╨╜╨╛ ╨╕ ╤В╨╛ ╨╢╨╡ ╤А╨░╤Б╨┐╨╛╨╗╨╛╨╢╨╡╨╜╨╕╨╡. ╨н╤В╨╛ ╨╝╨╛╨╢╨╡╤В ╤Б╤В╨░╤В╤М ╨┐╤А╨╕╤З╨╕╨╜╨╛╨╣ ╨╜╨╡╨▓╨╡╤А╨╜╨╛╨│╨╛ ╤А╨╡╨╖╤Г╨╗╤М╤В╨░╤В╨░ ╤Б╨▒╨╛╤А╨║╨╕.  ╨Т╨║╨╗╤О╤З╨╡╨╜╨╜╤Л╨╡ ╤Д╨░╨╣╨╗╤Л тАФ C:\Users\KusokMedi\Documents\GitHub\BetterShowcase\build\_deps\bindings-src\bindings\2.2081\inline\CCTransitionSlideInR.cpp, C:\Users\KusokMedi\Documents\GitHub\BetterShowcase\build\bindings\bindings\Geode\source\CCTransitionSlideInR.cpp. [C:\Users\KusokMedi\Documents\GitHub\BetterShowcase\build\bindings\GeodeBindings.vcxproj]
C:\Program Files (x86)\Microsoft Visual Studio\2022\BuildTools\MSBuild\Microsoft\VC\v170\Microsoft.CppBuild.targets(1129,5): warning MSB8027: ╨┤╨▓╨░ ╨╕╨╗╨╕ ╨▒╨╛╨╗╨╡╨╡ ╤Д╨░╨╣╨╗╨╛╨▓ ╤Б ╨╕╨╝╨╡╨╜╨╡╨╝ CCTransitionSlideInT.cpp ╨▓╤Л╨▓╨╛╨┤╤П╤В ╤А╨╡╨╖╤Г╨╗╤М╤В╨░╤В╤Л ╨▓ ╨╛╨┤╨╜╨╛ ╨╕ ╤В╨╛ ╨╢╨╡ ╤А╨░╤Б╨┐╨╛╨╗╨╛╨╢╨╡╨╜╨╕╨╡. ╨н╤В╨╛ ╨╝╨╛╨╢╨╡╤В ╤Б╤В╨░╤В╤М ╨┐╤А╨╕╤З╨╕╨╜╨╛╨╣ ╨╜╨╡╨▓╨╡╤А╨╜╨╛╨│╨╛ ╤А╨╡╨╖╤Г╨╗╤М╤В╨░╤В╨░ ╤Б╨▒╨╛╤А╨║╨╕.  ╨Т╨║╨╗╤О╤З╨╡╨╜╨╜╤Л╨╡ ╤Д╨░╨╣╨╗╤Л тАФ C:\Users\KusokMedi\Documents\GitHub\BetterShowcase\build\_deps\bindings-src\bindings\2.2081\inline\CCTransitionSlideInT.cpp, C:\Users\KusokMedi\Documents\GitHub\BetterShowcase\build\bindings\bindings\Geode\source\CCTransitionSlideInT.cpp. [C:\Users\KusokMedi\Documents\GitHub\BetterShowcase\build\bindings\GeodeBindings.vcxproj]
C:\Program Files (x86)\Microsoft Visual Studio\2022\BuildTools\MSBuild\Microsoft\VC\v170\Microsoft.CppBuild.targets(1129,5): warning MSB8027: ╨┤╨▓╨░ ╨╕╨╗╨╕ ╨▒╨╛╨╗╨╡╨╡ ╤Д╨░╨╣╨╗╨╛╨▓ ╤Б ╨╕╨╝╨╡╨╜╨╡╨╝ CCTransitionSplitCols.cpp ╨▓╤Л╨▓╨╛╨┤╤П╤В ╤А╨╡╨╖╤Г╨╗╤М╤В╨░╤В╤Л ╨▓ ╨╛╨┤╨╜╨╛ ╨╕ ╤В╨╛ ╨╢╨╡ ╤А╨░╤Б╨┐╨╛╨╗╨╛╨╢╨╡╨╜╨╕╨╡. ╨н╤В╨╛ ╨╝╨╛╨╢╨╡╤В ╤Б╤В╨░╤В╤М ╨┐╤А╨╕╤З╨╕╨╜╨╛╨╣ ╨╜╨╡╨▓╨╡╤А╨╜╨╛╨│╨╛ ╤А╨╡╨╖╤Г╨╗╤М╤В╨░╤В╨░ ╤Б╨▒╨╛╤А╨║╨╕.  ╨Т╨║╨╗╤О╤З╨╡╨╜╨╜╤Л╨╡ ╤Д╨░╨╣╨╗╤Л тАФ C:\Users\KusokMedi\Documents\GitHub\BetterShowcase\build\_deps\bindings-src\bindings\2.2081\inline\CCTransitionSplitCols.cpp, C:\Users\KusokMedi\Documents\GitHub\BetterShowcase\build\bindings\bindings\Geode\source\CCTransitionSplitCols.cpp. [C:\Users\KusokMedi\Documents\GitHub\BetterShowcase\build\bindings\GeodeBindings.vcxproj]
C:\Program Files (x86)\Microsoft Visual Studio\2022\BuildTools\MSBuild\Microsoft\VC\v170\Microsoft.CppBuild.targets(1129,5): warning MSB8027: ╨┤╨▓╨░ ╨╕╨╗╨╕ ╨▒╨╛╨╗╨╡╨╡ ╤Д╨░╨╣╨╗╨╛╨▓ ╤Б ╨╕╨╝╨╡╨╜╨╡╨╝ CCTransitionSplitRows.cpp ╨▓╤Л╨▓╨╛╨┤╤П╤В ╤А╨╡╨╖╤Г╨╗╤М╤В╨░╤В╤Л ╨▓ ╨╛╨┤╨╜╨╛ ╨╕ ╤В╨╛ ╨╢╨╡ ╤А╨░╤Б╨┐╨╛╨╗╨╛╨╢╨╡╨╜╨╕╨╡. ╨н╤В╨╛ ╨╝╨╛╨╢╨╡╤В ╤Б╤В╨░╤В╤М ╨┐╤А╨╕╤З╨╕╨╜╨╛╨╣ ╨╜╨╡╨▓╨╡╤А╨╜╨╛╨│╨╛ ╤А╨╡╨╖╤Г╨╗╤М╤В╨░╤В╨░ ╤Б╨▒╨╛╤А╨║╨╕.  ╨Т╨║╨╗╤О╤З╨╡╨╜╨╜╤Л╨╡ ╤Д╨░╨╣╨╗╤Л тАФ C:\Users\KusokMedi\Documents\GitHub\BetterShowcase\build\_deps\bindings-src\bindings\2.2081\inline\CCTransitionSplitRows.cpp, C:\Users\KusokMedi\Documents\GitHub\BetterShowcase\build\bindings\bindings\Geode\source\CCTransitionSplitRows.cpp. [C:\Users\KusokMedi\Documents\GitHub\BetterShowcase\build\bindings\GeodeBindings.vcxproj]
C:\Program Files (x86)\Microsoft Visual Studio\2022\BuildTools\MSBuild\Microsoft\VC\v170\Microsoft.CppBuild.targets(1129,5): warning MSB8027: ╨┤╨▓╨░ ╨╕╨╗╨╕ ╨▒╨╛╨╗╨╡╨╡ ╤Д╨░╨╣╨╗╨╛╨▓ ╤Б ╨╕╨╝╨╡╨╜╨╡╨╝ CCTransitionTurnOffTiles.cpp ╨▓╤Л╨▓╨╛╨┤╤П╤В ╤А╨╡╨╖╤Г╨╗╤М╤В╨░╤В╤Л ╨▓ ╨╛╨┤╨╜╨╛ ╨╕ ╤В╨╛ ╨╢╨╡ ╤А╨░╤Б╨┐╨╛╨╗╨╛╨╢╨╡╨╜╨╕╨╡. ╨н╤В╨╛ ╨╝╨╛╨╢╨╡╤В ╤Б╤В╨░╤В╤М ╨┐╤А╨╕╤З╨╕╨╜╨╛╨╣ ╨╜╨╡╨▓╨╡╤А╨╜╨╛╨│╨╛ ╤А╨╡╨╖╤Г╨╗╤М╤В╨░╤В╨░ ╤Б╨▒╨╛╤А╨║╨╕.  ╨Т╨║╨╗╤О╤З╨╡╨╜╨╜╤Л╨╡ ╤Д╨░╨╣╨╗╤Л тАФ C:\Users\KusokMedi\Documents\GitHub\BetterShowcase\build\_deps\bindings-src\bindings\2.2081\inline\CCTransitionTurnOffTiles.cpp, C:\Users\KusokMedi\Documents\GitHub\BetterShowcase\build\bindings\bindings\Geode\source\CCTransitionTurnOffTiles.cpp. [C:\Users\KusokMedi\Documents\GitHub\BetterShowcase\build\bindings\GeodeBindings.vcxproj]
C:\Program Files (x86)\Microsoft Visual Studio\2022\BuildTools\MSBuild\Microsoft\VC\v170\Microsoft.CppBuild.targets(1129,5): warning MSB8027: ╨┤╨▓╨░ ╨╕╨╗╨╕ ╨▒╨╛╨╗╨╡╨╡ ╤Д╨░╨╣╨╗╨╛╨▓ ╤Б ╨╕╨╝╨╡╨╜╨╡╨╝ CCTransitionZoomFlipAngular.cpp ╨▓╤Л╨▓╨╛╨┤╤П╤В ╤А╨╡╨╖╤Г╨╗╤М╤В╨░╤В╤Л ╨▓ ╨╛╨┤╨╜╨╛ ╨╕ ╤В╨╛ ╨╢╨╡ ╤А╨░╤Б╨┐╨╛╨╗╨╛╨╢╨╡╨╜╨╕╨╡. ╨н╤В╨╛ ╨╝╨╛╨╢╨╡╤В ╤Б╤В╨░╤В╤М ╨┐╤А╨╕╤З╨╕╨╜╨╛╨╣ ╨╜╨╡╨▓╨╡╤А╨╜╨╛╨│╨╛ ╤А╨╡╨╖╤Г╨╗╤М╤В╨░╤В╨░ ╤Б╨▒╨╛╤А╨║╨╕.  ╨Т╨║╨╗╤О╤З╨╡╨╜╨╜╤Л╨╡ ╤Д╨░╨╣╨╗╤Л тАФ C:\Users\KusokMedi\Documents\GitHub\BetterShowcase\build\_deps\bindings-src\bindings\2.2081\inline\CCTransitionZoomFlipAngular.cpp, C:\Users\KusokMedi\Documents\GitHub\BetterShowcase\build\bindings\bindings\Geode\source\CCTransitionZoomFlipAngular.cpp. [C:\Users\KusokMedi\Documents\GitHub\BetterShowcase\build\bindings\GeodeBindings.vcxproj]
C:\Program Files (x86)\Microsoft Visual Studio\2022\BuildTools\MSBuild\Microsoft\VC\v170\Microsoft.CppBuild.targets(1129,5): warning MSB8027: ╨┤╨▓╨░ ╨╕╨╗╨╕ ╨▒╨╛╨╗╨╡╨╡ ╤Д╨░╨╣╨╗╨╛╨▓ ╤Б ╨╕╨╝╨╡╨╜╨╡╨╝ CCTransitionZoomFlipX.cpp ╨▓╤Л╨▓╨╛╨┤╤П╤В ╤А╨╡╨╖╤Г╨╗╤М╤В╨░╤В╤Л ╨▓ ╨╛╨┤╨╜╨╛ ╨╕ ╤В╨╛ ╨╢╨╡ ╤А╨░╤Б╨┐╨╛╨╗╨╛╨╢╨╡╨╜╨╕╨╡. ╨н╤В╨╛ ╨╝╨╛╨╢╨╡╤В ╤Б╤В╨░╤В╤М ╨┐╤А╨╕╤З╨╕╨╜╨╛╨╣ ╨╜╨╡╨▓╨╡╤А╨╜╨╛╨│╨╛ ╤А╨╡╨╖╤Г╨╗╤М╤В╨░╤В╨░ ╤Б╨▒╨╛╤А╨║╨╕.  ╨Т╨║╨╗╤О╤З╨╡╨╜╨╜╤Л╨╡ ╤Д╨░╨╣╨╗╤Л тАФ C:\Users\KusokMedi\Documents\GitHub\BetterShowcase\build\_deps\bindings-src\bindings\2.2081\inline\CCTransitionZoomFlipX.cpp, C:\Users\KusokMedi\Documents\GitHub\BetterShowcase\build\bindings\bindings\Geode\source\CCTransitionZoomFlipX.cpp. [C:\Users\KusokMedi\Documents\GitHub\BetterShowcase\build\bindings\GeodeBindings.vcxproj]
C:\Program Files (x86)\Microsoft Visual Studio\2022\BuildTools\MSBuild\Microsoft\VC\v170\Microsoft.CppBuild.targets(1129,5): warning MSB8027: ╨┤╨▓╨░ ╨╕╨╗╨╕ ╨▒╨╛╨╗╨╡╨╡ ╤Д╨░╨╣╨╗╨╛╨▓ ╤Б ╨╕╨╝╨╡╨╜╨╡╨╝ CCTransitionZoomFlipY.cpp ╨▓╤Л╨▓╨╛╨┤╤П╤В ╤А╨╡╨╖╤Г╨╗╤М╤В╨░╤В╤Л ╨▓ ╨╛╨┤╨╜╨╛ ╨╕ ╤В╨╛ ╨╢╨╡ ╤А╨░╤Б╨┐╨╛╨╗╨╛╨╢╨╡╨╜╨╕╨╡. ╨н╤В╨╛ ╨╝╨╛╨╢╨╡╤В ╤Б╤В╨░╤В╤М ╨┐╤А╨╕╤З╨╕╨╜╨╛╨╣ ╨╜╨╡╨▓╨╡╤А╨╜╨╛╨│╨╛ ╤А╨╡╨╖╤Г╨╗╤М╤В╨░╤В╨░ ╤Б╨▒╨╛╤А╨║╨╕.  ╨Т╨║╨╗╤О╤З╨╡╨╜╨╜╤Л╨╡ ╤Д╨░╨╣╨╗╤Л тАФ C:\Users\KusokMedi\Documents\GitHub\BetterShowcase\build\_deps\bindings-src\bindings\2.2081\inline\CCTransitionZoomFlipY.cpp, C:\Users\KusokMedi\Documents\GitHub\BetterShowcase\build\bindings\bindings\Geode\source\CCTransitionZoomFlipY.cpp. [C:\Users\KusokMedi\Documents\GitHub\BetterShowcase\build\bindings\GeodeBindings.vcxproj]
C:\Program Files (x86)\Microsoft Visual Studio\2022\BuildTools\MSBuild\Microsoft\VC\v170\Microsoft.CppBuild.targets(1129,5): warning MSB8027: ╨┤╨▓╨░ ╨╕╨╗╨╕ ╨▒╨╛╨╗╨╡╨╡ ╤Д╨░╨╣╨╗╨╛╨▓ ╤Б ╨╕╨╝╨╡╨╜╨╡╨╝ CCTurnOffTiles.cpp ╨▓╤Л╨▓╨╛╨┤╤П╤В ╤А╨╡╨╖╤Г╨╗╤М╤В╨░╤В╤Л ╨▓ ╨╛╨┤╨╜╨╛ ╨╕ ╤В╨╛ ╨╢╨╡ ╤А╨░╤Б╨┐╨╛╨╗╨╛╨╢╨╡╨╜╨╕╨╡. ╨н╤В╨╛ ╨╝╨╛╨╢╨╡╤В ╤Б╤В╨░╤В╤М ╨┐╤А╨╕╤З╨╕╨╜╨╛╨╣ ╨╜╨╡╨▓╨╡╤А╨╜╨╛╨│╨╛ ╤А╨╡╨╖╤Г╨╗╤М╤В╨░╤В╨░ ╤Б╨▒╨╛╤А╨║╨╕.  ╨Т╨║╨╗╤О╤З╨╡╨╜╨╜╤Л╨╡ ╤Д╨░╨╣╨╗╤Л тАФ C:\Users\KusokMedi\Documents\GitHub\BetterShowcase\build\_deps\bindings-src\bindings\2.2081\inline\CCTurnOffTiles.cpp, C:\Users\KusokMedi\Documents\GitHub\BetterShowcase\build\bindings\bindings\Geode\source\CCTurnOffTiles.cpp. [C:\Users\KusokMedi\Documents\GitHub\BetterShowcase\build\bindings\GeodeBindings.vcxproj]
C:\Program Files (x86)\Microsoft Visual Studio\2022\BuildTools\MSBuild\Microsoft\VC\v170\Microsoft.CppBuild.targets(1129,5): warning MSB8027: ╨┤╨▓╨░ ╨╕╨╗╨╕ ╨▒╨╛╨╗╨╡╨╡ ╤Д╨░╨╣╨╗╨╛╨▓ ╤Б ╨╕╨╝╨╡╨╜╨╡╨╝ CCTwirl.cpp ╨▓╤Л╨▓╨╛╨┤╤П╤В ╤А╨╡╨╖╤Г╨╗╤М╤В╨░╤В╤Л ╨▓ ╨╛╨┤╨╜╨╛ ╨╕ ╤В╨╛ ╨╢╨╡ ╤А╨░╤Б╨┐╨╛╨╗╨╛╨╢╨╡╨╜╨╕╨╡. ╨н╤В╨╛ ╨╝╨╛╨╢╨╡╤В ╤Б╤В╨░╤В╤М ╨┐╤А╨╕╤З╨╕╨╜╨╛╨╣ ╨╜╨╡╨▓╨╡╤А╨╜╨╛╨│╨╛ ╤А╨╡╨╖╤Г╨╗╤М╤В╨░╤В╨░ ╤Б╨▒╨╛╤А╨║╨╕.  ╨Т╨║╨╗╤О╤З╨╡╨╜╨╜╤Л╨╡ ╤Д╨░╨╣╨╗╤Л тАФ C:\Users\KusokMedi\Documents\GitHub\BetterShowcase\build\_deps\bindings-src\bindings\2.2081\inline\CCTwirl.cpp, C:\Users\KusokMedi\Documents\GitHub\BetterShowcase\build\bindings\bindings\Geode\source\CCTwirl.cpp. [C:\Users\KusokMedi\Documents\GitHub\BetterShowcase\build\bindings\GeodeBindings.vcxproj]
C:\Program Files (x86)\Microsoft Visual Studio\2022\BuildTools\MSBuild\Microsoft\VC\v170\Microsoft.CppBuild.targets(1129,5): warning MSB8027: ╨┤╨▓╨░ ╨╕╨╗╨╕ ╨▒╨╛╨╗╨╡╨╡ ╤Д╨░╨╣╨╗╨╛╨▓ ╤Б ╨╕╨╝╨╡╨╜╨╡╨╝ CCURLObject.cpp ╨▓╤Л╨▓╨╛╨┤╤П╤В ╤А╨╡╨╖╤Г╨╗╤М╤В╨░╤В╤Л ╨▓ ╨╛╨┤╨╜╨╛ ╨╕ ╤В╨╛ ╨╢╨╡ ╤А╨░╤Б╨┐╨╛╨╗╨╛╨╢╨╡╨╜╨╕╨╡. ╨н╤В╨╛ ╨╝╨╛╨╢╨╡╤В ╤Б╤В╨░╤В╤М ╨┐╤А╨╕╤З╨╕╨╜╨╛╨╣ ╨╜╨╡╨▓╨╡╤А╨╜╨╛╨│╨╛ ╤А╨╡╨╖╤Г╨╗╤М╤В╨░╤В╨░ ╤Б╨▒╨╛╤А╨║╨╕.  ╨Т╨║╨╗╤О╤З╨╡╨╜╨╜╤Л╨╡ ╤Д╨░╨╣╨╗╤Л тАФ C:\Users\KusokMedi\Documents\GitHub\BetterShowcase\build\_deps\bindings-src\bindings\2.2081\inline\CCURLObject.cpp, C:\Users\KusokMedi\Documents\GitHub\BetterShowcase\build\bindings\bindings\Geode\source\CCURLObject.cpp. [C:\Users\KusokMedi\Documents\GitHub\BetterShowcase\build\bindings\GeodeBindings.vcxproj]
C:\Program Files (x86)\Microsoft Visual Studio\2022\BuildTools\MSBuild\Microsoft\VC\v170\Microsoft.CppBuild.targets(1129,5): warning MSB8027: ╨┤╨▓╨░ ╨╕╨╗╨╕ ╨▒╨╛╨╗╨╡╨╡ ╤Д╨░╨╣╨╗╨╛╨▓ ╤Б ╨╕╨╝╨╡╨╜╨╡╨╝ CCUserDefault.cpp ╨▓╤Л╨▓╨╛╨┤╤П╤В ╤А╨╡╨╖╤Г╨╗╤М╤В╨░╤В╤Л ╨▓ ╨╛╨┤╨╜╨╛ ╨╕ ╤В╨╛ ╨╢╨╡ ╤А╨░╤Б╨┐╨╛╨╗╨╛╨╢╨╡╨╜╨╕╨╡. ╨н╤В╨╛ ╨╝╨╛╨╢╨╡╤В ╤Б╤В╨░╤В╤М ╨┐╤А╨╕╤З╨╕╨╜╨╛╨╣ ╨╜╨╡╨▓╨╡╤А╨╜╨╛╨│╨╛ ╤А╨╡╨╖╤Г╨╗╤М╤В╨░╤В╨░ ╤Б╨▒╨╛╤А╨║╨╕.  ╨Т╨║╨╗╤О╤З╨╡╨╜╨╜╤Л╨╡ ╤Д╨░╨╣╨╗╤Л тАФ C:\Users\KusokMedi\Documents\GitHub\BetterShowcase\build\_deps\bindings-src\bindings\2.2081\inline\CCUserDefault.cpp, C:\Users\KusokMedi\Documents\GitHub\BetterShowcase\build\bindings\bindings\Geode\source\CCUserDefault.cpp. [C:\Users\KusokMedi\Documents\GitHub\BetterShowcase\build\bindings\GeodeBindings.vcxproj]
C:\Program Files (x86)\Microsoft Visual Studio\2022\BuildTools\MSBuild\Microsoft\VC\v170\Microsoft.CppBuild.targets(1129,5): warning MSB8027: ╨┤╨▓╨░ ╨╕╨╗╨╕ ╨▒╨╛╨╗╨╡╨╡ ╤Д╨░╨╣╨╗╨╛╨▓ ╤Б ╨╕╨╝╨╡╨╜╨╡╨╝ CCWaves.cpp ╨▓╤Л╨▓╨╛╨┤╤П╤В ╤А╨╡╨╖╤Г╨╗╤М╤В╨░╤В╤Л ╨▓ ╨╛╨┤╨╜╨╛ ╨╕ ╤В╨╛ ╨╢╨╡ ╤А╨░╤Б╨┐╨╛╨╗╨╛╨╢╨╡╨╜╨╕╨╡. ╨н╤В╨╛ ╨╝╨╛╨╢╨╡╤В ╤Б╤В╨░╤В╤М ╨┐╤А╨╕╤З╨╕╨╜╨╛╨╣ ╨╜╨╡╨▓╨╡╤А╨╜╨╛╨│╨╛ ╤А╨╡╨╖╤Г╨╗╤М╤В╨░╤В╨░ ╤Б╨▒╨╛╤А╨║╨╕.  ╨Т╨║╨╗╤О╤З╨╡╨╜╨╜╤Л╨╡ ╤Д╨░╨╣╨╗╤Л тАФ C:\Users\KusokMedi\Documents\GitHub\BetterShowcase\build\_deps\bindings-src\bindings\2.2081\inline\CCWaves.cpp, C:\Users\KusokMedi\Documents\GitHub\BetterShowcase\build\bindings\bindings\Geode\source\CCWaves.cpp. [C:\Users\KusokMedi\Documents\GitHub\BetterShowcase\build\bindings\GeodeBindings.vcxproj]
C:\Program Files (x86)\Microsoft Visual Studio\2022\BuildTools\MSBuild\Microsoft\VC\v170\Microsoft.CppBuild.targets(1129,5): warning MSB8027: ╨┤╨▓╨░ ╨╕╨╗╨╕ ╨▒╨╛╨╗╨╡╨╡ ╤Д╨░╨╣╨╗╨╛╨▓ ╤Б ╨╕╨╝╨╡╨╜╨╡╨╝ CCWaves3D.cpp ╨▓╤Л╨▓╨╛╨┤╤П╤В ╤А╨╡╨╖╤Г╨╗╤М╤В╨░╤В╤Л ╨▓ ╨╛╨┤╨╜╨╛ ╨╕ ╤В╨╛ ╨╢╨╡ ╤А╨░╤Б╨┐╨╛╨╗╨╛╨╢╨╡╨╜╨╕╨╡. ╨н╤В╨╛ ╨╝╨╛╨╢╨╡╤В ╤Б╤В╨░╤В╤М ╨┐╤А╨╕╤З╨╕╨╜╨╛╨╣ ╨╜╨╡╨▓╨╡╤А╨╜╨╛╨│╨╛ ╤А╨╡╨╖╤Г╨╗╤М╤В╨░╤В╨░ ╤Б╨▒╨╛╤А╨║╨╕.  ╨Т╨║╨╗╤О╤З╨╡╨╜╨╜╤Л╨╡ ╤Д╨░╨╣╨╗╤Л тАФ C:\Users\KusokMedi\Documents\GitHub\BetterShowcase\build\_deps\bindings-src\bindings\2.2081\inline\CCWaves3D.cpp, C:\Users\KusokMedi\Documents\GitHub\BetterShowcase\build\bindings\bindings\Geode\source\CCWaves3D.cpp. [C:\Users\KusokMedi\Documents\GitHub\BetterShowcase\build\bindings\GeodeBindings.vcxproj]
C:\Program Files (x86)\Microsoft Visual Studio\2022\BuildTools\MSBuild\Microsoft\VC\v170\Microsoft.CppBuild.targets(1129,5): warning MSB8027: ╨┤╨▓╨░ ╨╕╨╗╨╕ ╨▒╨╛╨╗╨╡╨╡ ╤Д╨░╨╣╨╗╨╛╨▓ ╤Б ╨╕╨╝╨╡╨╜╨╡╨╝ CCWavesTiles3D.cpp ╨▓╤Л╨▓╨╛╨┤╤П╤В ╤А╨╡╨╖╤Г╨╗╤М╤В╨░╤В╤Л ╨▓ ╨╛╨┤╨╜╨╛ ╨╕ ╤В╨╛ ╨╢╨╡ ╤А╨░╤Б╨┐╨╛╨╗╨╛╨╢╨╡╨╜╨╕╨╡. ╨н╤В╨╛ ╨╝╨╛╨╢╨╡╤В ╤Б╤В╨░╤В╤М ╨┐╤А╨╕╤З╨╕╨╜╨╛╨╣ ╨╜╨╡╨▓╨╡╤А╨╜╨╛╨│╨╛ ╤А╨╡╨╖╤Г╨╗╤М╤В╨░╤В╨░ ╤Б╨▒╨╛╤А╨║╨╕.  ╨Т╨║╨╗╤О╤З╨╡╨╜╨╜╤Л╨╡ ╤Д╨░╨╣╨╗╤Л тАФ C:\Users\KusokMedi\Documents\GitHub\BetterShowcase\build\_deps\bindings-src\bindings\2.2081\inline\CCWavesTiles3D.cpp, C:\Users\KusokMedi\Documents\GitHub\BetterShowcase\build\bindings\bindings\Geode\source\CCWavesTiles3D.cpp. [C:\Users\KusokMedi\Documents\GitHub\BetterShowcase\build\bindings\GeodeBindings.vcxproj]
C:\Program Files (x86)\Microsoft Visual Studio\2022\BuildTools\MSBuild\Microsoft\VC\v170\Microsoft.CppBuild.targets(1129,5): warning MSB8027: ╨┤╨▓╨░ ╨╕╨╗╨╕ ╨▒╨╛╨╗╨╡╨╡ ╤Д╨░╨╣╨╗╨╛╨▓ ╤Б ╨╕╨╝╨╡╨╜╨╡╨╝ CCZone.cpp ╨▓╤Л╨▓╨╛╨┤╤П╤В ╤А╨╡╨╖╤Г╨╗╤М╤В╨░╤В╤Л ╨▓ ╨╛╨┤╨╜╨╛ ╨╕ ╤В╨╛ ╨╢╨╡ ╤А╨░╤Б╨┐╨╛╨╗╨╛╨╢╨╡╨╜╨╕╨╡. ╨н╤В╨╛ ╨╝╨╛╨╢╨╡╤В ╤Б╤В╨░╤В╤М ╨┐╤А╨╕╤З╨╕╨╜╨╛╨╣ ╨╜╨╡╨▓╨╡╤А╨╜╨╛╨│╨╛ ╤А╨╡╨╖╤Г╨╗╤М╤В╨░╤В╨░ ╤Б╨▒╨╛╤А╨║╨╕.  ╨Т╨║╨╗╤О╤З╨╡╨╜╨╜╤Л╨╡ ╤Д╨░╨╣╨╗╤Л тАФ C:\Users\KusokMedi\Documents\GitHub\BetterShowcase\build\_deps\bindings-src\bindings\2.2081\inline\CCZone.cpp, C:\Users\KusokMedi\Documents\GitHub\BetterShowcase\build\bindings\bindings\Geode\source\CCZone.cpp. [C:\Users\KusokMedi\Documents\GitHub\BetterShowcase\build\bindings\GeodeBindings.vcxproj]
C:\Program Files (x86)\Microsoft Visual Studio\2022\BuildTools\MSBuild\Microsoft\VC\v170\Microsoft.CppBuild.targets(1129,5): warning MSB8027: ╨┤╨▓╨░ ╨╕╨╗╨╕ ╨▒╨╛╨╗╨╡╨╡ ╤Д╨░╨╣╨╗╨╛╨▓ ╤Б ╨╕╨╝╨╡╨╜╨╡╨╝ CameraTriggerGameObject.cpp ╨▓╤Л╨▓╨╛╨┤╤П╤В ╤А╨╡╨╖╤Г╨╗╤М╤В╨░╤В╤Л ╨▓ ╨╛╨┤╨╜╨╛ ╨╕ ╤В╨╛ ╨╢╨╡ ╤А╨░╤Б╨┐╨╛╨╗╨╛╨╢╨╡╨╜╨╕╨╡. ╨н╤В╨╛ ╨╝╨╛╨╢╨╡╤В ╤Б╤В╨░╤В╤М ╨┐╤А╨╕╤З╨╕╨╜╨╛╨╣ ╨╜╨╡╨▓╨╡╤А╨╜╨╛╨│╨╛ ╤А╨╡╨╖╤Г╨╗╤М╤В╨░╤В╨░ ╤Б╨▒╨╛╤А╨║╨╕.  ╨Т╨║╨╗╤О╤З╨╡╨╜╨╜╤Л╨╡ ╤Д╨░╨╣╨╗╤Л тАФ C:\Users\KusokMedi\Documents\GitHub\BetterShowcase\build\_deps\bindings-src\bindings\2.2081\inline\CameraTriggerGameObject.cpp, C:\Users\KusokMedi\Documents\GitHub\BetterShowcase\build\bindings\bindings\Geode\source\CameraTriggerGameObject.cpp. [C:\Users\KusokMedi\Documents\GitHub\BetterShowcase\build\bindings\GeodeBindings.vcxproj]
C:\Program Files (x86)\Microsoft Visual Studio\2022\BuildTools\MSBuild\Microsoft\VC\v170\Microsoft.CppBuild.targets(1129,5): warning MSB8027: ╨┤╨▓╨░ ╨╕╨╗╨╕ ╨▒╨╛╨╗╨╡╨╡ ╤Д╨░╨╣╨╗╨╛╨▓ ╤Б ╨╕╨╝╨╡╨╜╨╡╨╝ ChallengeNode.cpp ╨▓╤Л╨▓╨╛╨┤╤П╤В ╤А╨╡╨╖╤Г╨╗╤М╤В╨░╤В╤Л ╨▓ ╨╛╨┤╨╜╨╛ ╨╕ ╤В╨╛ ╨╢╨╡ ╤А╨░╤Б╨┐╨╛╨╗╨╛╨╢╨╡╨╜╨╕╨╡. ╨н╤В╨╛ ╨╝╨╛╨╢╨╡╤В ╤Б╤В╨░╤В╤М ╨┐╤А╨╕╤З╨╕╨╜╨╛╨╣ ╨╜╨╡╨▓╨╡╤А╨╜╨╛╨│╨╛ ╤А╨╡╨╖╤Г╨╗╤М╤В╨░╤В╨░ ╤Б╨▒╨╛╤А╨║╨╕.  ╨Т╨║╨╗╤О╤З╨╡╨╜╨╜╤Л╨╡ ╤Д╨░╨╣╨╗╤Л тАФ C:\Users\KusokMedi\Documents\GitHub\BetterShowcase\build\_deps\bindings-src\bindings\2.2081\inline\ChallengeNode.cpp, C:\Users\KusokMedi\Documents\GitHub\BetterShowcase\build\bindings\bindings\Geode\source\ChallengeNode.cpp. [C:\Users\KusokMedi\Documents\GitHub\BetterShowcase\build\bindings\GeodeBindings.vcxproj]
C:\Program Files (x86)\Microsoft Visual Studio\2022\BuildTools\MSBuild\Microsoft\VC\v170\Microsoft.CppBuild.targets(1129,5): warning MSB8027: ╨┤╨▓╨░ ╨╕╨╗╨╕ ╨▒╨╛╨╗╨╡╨╡ ╤Д╨░╨╣╨╗╨╛╨▓ ╤Б ╨╕╨╝╨╡╨╜╨╡╨╝ ChallengesPage.cpp ╨▓╤Л╨▓╨╛╨┤╤П╤В ╤А╨╡╨╖╤Г╨╗╤М╤В╨░╤В╤Л ╨▓ ╨╛╨┤╨╜╨╛ ╨╕ ╤В╨╛ ╨╢╨╡ ╤А╨░╤Б╨┐╨╛╨╗╨╛╨╢╨╡╨╜╨╕╨╡. ╨н╤В╨╛ ╨╝╨╛╨╢╨╡╤В ╤Б╤В╨░╤В╤М ╨┐╤А╨╕╤З╨╕╨╜╨╛╨╣ ╨╜╨╡╨▓╨╡╤А╨╜╨╛╨│╨╛ ╤А╨╡╨╖╤Г╨╗╤М╤В╨░╤В╨░ ╤Б╨▒╨╛╤А╨║╨╕.  ╨Т╨║╨╗╤О╤З╨╡╨╜╨╜╤Л╨╡ ╤Д╨░╨╣╨╗╤Л тАФ C:\Users\KusokMedi\Documents\GitHub\BetterShowcase\build\_deps\bindings-src\bindings\2.2081\inline\ChallengesPage.cpp, C:\Users\KusokMedi\Documents\GitHub\BetterShowcase\build\bindings\bindings\Geode\source\ChallengesPage.cpp. [C:\Users\KusokMedi\Documents\GitHub\BetterShowcase\build\bindings\GeodeBindings.vcxproj]
C:\Program Files (x86)\Microsoft Visual Studio\2022\BuildTools\MSBuild\Microsoft\VC\v170\Microsoft.CppBuild.targets(1129,5): warning MSB8027: ╨┤╨▓╨░ ╨╕╨╗╨╕ ╨▒╨╛╨╗╨╡╨╡ ╤Д╨░╨╣╨╗╨╛╨▓ ╤Б ╨╕╨╝╨╡╨╜╨╡╨╝ ChanceObject.cpp ╨▓╤Л╨▓╨╛╨┤╤П╤В ╤А╨╡╨╖╤Г╨╗╤М╤В╨░╤В╤Л ╨▓ ╨╛╨┤╨╜╨╛ ╨╕ ╤В╨╛ ╨╢╨╡ ╤А╨░╤Б╨┐╨╛╨╗╨╛╨╢╨╡╨╜╨╕╨╡. ╨н╤В╨╛ ╨╝╨╛╨╢╨╡╤В ╤Б╤В╨░╤В╤М ╨┐╤А╨╕╤З╨╕╨╜╨╛╨╣ ╨╜╨╡╨▓╨╡╤А╨╜╨╛╨│╨╛ ╤А╨╡╨╖╤Г╨╗╤М╤В╨░╤В╨░ ╤Б╨▒╨╛╤А╨║╨╕.  ╨Т╨║╨╗╤О╤З╨╡╨╜╨╜╤Л╨╡ ╤Д╨░╨╣╨╗╤Л тАФ C:\Users\KusokMedi\Documents\GitHub\BetterShowcase\build\_deps\bindings-src\bindings\2.2081\inline\ChanceObject.cpp, C:\Users\KusokMedi\Documents\GitHub\BetterShowcase\build\bindings\bindings\Geode\source\ChanceObject.cpp. [C:\Users\KusokMedi\Documents\GitHub\BetterShowcase\build\bindings\GeodeBindings.vcxproj]
C:\Program Files (x86)\Microsoft Visual Studio\2022\BuildTools\MSBuild\Microsoft\VC\v170\Microsoft.CppBuild.targets(1129,5): warning MSB8027: ╨┤╨▓╨░ ╨╕╨╗╨╕ ╨▒╨╛╨╗╨╡╨╡ ╤Д╨░╨╣╨╗╨╛╨▓ ╤Б ╨╕╨╝╨╡╨╜╨╡╨╝ ChanceTriggerGameObject.cpp ╨▓╤Л╨▓╨╛╨┤╤П╤В ╤А╨╡╨╖╤Г╨╗╤М╤В╨░╤В╤Л ╨▓ ╨╛╨┤╨╜╨╛ ╨╕ ╤В╨╛ ╨╢╨╡ ╤А╨░╤Б╨┐╨╛╨╗╨╛╨╢╨╡╨╜╨╕╨╡. ╨н╤В╨╛ ╨╝╨╛╨╢╨╡╤В ╤Б╤В╨░╤В╤М ╨┐╤А╨╕╤З╨╕╨╜╨╛╨╣ ╨╜╨╡╨▓╨╡╤А╨╜╨╛╨│╨╛ ╤А╨╡╨╖╤Г╨╗╤М╤В╨░╤В╨░ ╤Б╨▒╨╛╤А╨║╨╕.  ╨Т╨║╨╗╤О╤З╨╡╨╜╨╜╤Л╨╡ ╤Д╨░╨╣╨╗╤Л тАФ C:\Users\KusokMedi\Documents\GitHub\BetterShowcase\build\_deps\bindings-src\bindings\2.2081\inline\ChanceTriggerGameObject.cpp, C:\Users\KusokMedi\Documents\GitHub\BetterShowcase\build\bindings\bindings\Geode\source\ChanceTriggerGameObject.cpp. [C:\Users\KusokMedi\Documents\GitHub\BetterShowcase\build\bindings\GeodeBindings.vcxproj]
C:\Program Files (x86)\Microsoft Visual Studio\2022\BuildTools\MSBuild\Microsoft\VC\v170\Microsoft.CppBuild.targets(1129,5): warning MSB8027: ╨┤╨▓╨░ ╨╕╨╗╨╕ ╨▒╨╛╨╗╨╡╨╡ ╤Д╨░╨╣╨╗╨╛╨▓ ╤Б ╨╕╨╝╨╡╨╜╨╡╨╝ Channel.cpp ╨▓╤Л╨▓╨╛╨┤╤П╤В ╤А╨╡╨╖╤Г╨╗╤М╤В╨░╤В╤Л ╨▓ ╨╛╨┤╨╜╨╛ ╨╕ ╤В╨╛ ╨╢╨╡ ╤А╨░╤Б╨┐╨╛╨╗╨╛╨╢╨╡╨╜╨╕╨╡. ╨н╤В╨╛ ╨╝╨╛╨╢╨╡╤В ╤Б╤В╨░╤В╤М ╨┐╤А╨╕╤З╨╕╨╜╨╛╨╣ ╨╜╨╡╨▓╨╡╤А╨╜╨╛╨│╨╛ ╤А╨╡╨╖╤Г╨╗╤М╤В╨░╤В╨░ ╤Б╨▒╨╛╤А╨║╨╕.  ╨Т╨║╨╗╤О╤З╨╡╨╜╨╜╤Л╨╡ ╤Д╨░╨╣╨╗╤Л тАФ C:\Users\KusokMedi\Documents\GitHub\BetterShowcase\build\_deps\bindings-src\bindings\2.2081\inline\Channel.cpp, C:\Users\KusokMedi\Documents\GitHub\BetterShowcase\build\bindings\bindings\Geode\source\Channel.cpp. [C:\Users\KusokMedi\Documents\GitHub\BetterShowcase\build\bindings\GeodeBindings.vcxproj]
C:\Program Files (x86)\Microsoft Visual Studio\2022\BuildTools\MSBuild\Microsoft\VC\v170\Microsoft.CppBuild.targets(1129,5): warning MSB8027: ╨┤╨▓╨░ ╨╕╨╗╨╕ ╨▒╨╛╨╗╨╡╨╡ ╤Д╨░╨╣╨╗╨╛╨▓ ╤Б ╨╕╨╝╨╡╨╜╨╡╨╝ ChannelControl.cpp ╨▓╤Л╨▓╨╛╨┤╤П╤В ╤А╨╡╨╖╤Г╨╗╤М╤В╨░╤В╤Л ╨▓ ╨╛╨┤╨╜╨╛ ╨╕ ╤В╨╛ ╨╢╨╡ ╤А╨░╤Б╨┐╨╛╨╗╨╛╨╢╨╡╨╜╨╕╨╡. ╨н╤В╨╛ ╨╝╨╛╨╢╨╡╤В ╤Б╤В╨░╤В╤М ╨┐╤А╨╕╤З╨╕╨╜╨╛╨╣ ╨╜╨╡╨▓╨╡╤А╨╜╨╛╨│╨╛ ╤А╨╡╨╖╤Г╨╗╤М╤В╨░╤В╨░ ╤Б╨▒╨╛╤А╨║╨╕.  ╨Т╨║╨╗╤О╤З╨╡╨╜╨╜╤Л╨╡ ╤Д╨░╨╣╨╗╤Л тАФ C:\Users\KusokMedi\Documents\GitHub\BetterShowcase\build\_deps\bindings-src\bindings\2.2081\inline\ChannelControl.cpp, C:\Users\KusokMedi\Documents\GitHub\BetterShowcase\build\bindings\bindings\Geode\source\ChannelControl.cpp. [C:\Users\KusokMedi\Documents\GitHub\BetterShowcase\build\bindings\GeodeBindings.vcxproj]
C:\Program Files (x86)\Microsoft Visual Studio\2022\BuildTools\MSBuild\Microsoft\VC\v170\Microsoft.CppBuild.targets(1129,5): warning MSB8027: ╨┤╨▓╨░ ╨╕╨╗╨╕ ╨▒╨╛╨╗╨╡╨╡ ╤Д╨░╨╣╨╗╨╛╨▓ ╤Б ╨╕╨╝╨╡╨╜╨╡╨╝ ChannelGroup.cpp ╨▓╤Л╨▓╨╛╨┤╤П╤В ╤А╨╡╨╖╤Г╨╗╤М╤В╨░╤В╤Л ╨▓ ╨╛╨┤╨╜╨╛ ╨╕ ╤В╨╛ ╨╢╨╡ ╤А╨░╤Б╨┐╨╛╨╗╨╛╨╢╨╡╨╜╨╕╨╡. ╨н╤В╨╛ ╨╝╨╛╨╢╨╡╤В ╤Б╤В╨░╤В╤М ╨┐╤А╨╕╤З╨╕╨╜╨╛╨╣ ╨╜╨╡╨▓╨╡╤А╨╜╨╛╨│╨╛ ╤А╨╡╨╖╤Г╨╗╤М╤В╨░╤В╨░ ╤Б╨▒╨╛╤А╨║╨╕.  ╨Т╨║╨╗╤О╤З╨╡╨╜╨╜╤Л╨╡ ╤Д╨░╨╣╨╗╤Л тАФ C:\Users\KusokMedi\Documents\GitHub\BetterShowcase\build\_deps\bindings-src\bindings\2.2081\inline\ChannelGroup.cpp, C:\Users\KusokMedi\Documents\GitHub\BetterShowcase\build\bindings\bindings\Geode\source\ChannelGroup.cpp. [C:\Users\KusokMedi\Documents\GitHub\BetterShowcase\build\bindings\GeodeBindings.vcxproj]
C:\Program Files (x86)\Microsoft Visual Studio\2022\BuildTools\MSBuild\Microsoft\VC\v170\Microsoft.CppBuild.targets(1129,5): warning MSB8027: ╨┤╨▓╨░ ╨╕╨╗╨╕ ╨▒╨╛╨╗╨╡╨╡ ╤Д╨░╨╣╨╗╨╛╨▓ ╤Б ╨╕╨╝╨╡╨╜╨╡╨╝ CharacterColorDelegate.cpp ╨▓╤Л╨▓╨╛╨┤╤П╤В ╤А╨╡╨╖╤Г╨╗╤М╤В╨░╤В╤Л ╨▓ ╨╛╨┤╨╜╨╛ ╨╕ ╤В╨╛ ╨╢╨╡ ╤А╨░╤Б╨┐╨╛╨╗╨╛╨╢╨╡╨╜╨╕╨╡. ╨н╤В╨╛ ╨╝╨╛╨╢╨╡╤В ╤Б╤В╨░╤В╤М ╨┐╤А╨╕╤З╨╕╨╜╨╛╨╣ ╨╜╨╡╨▓╨╡╤А╨╜╨╛╨│╨╛ ╤А╨╡╨╖╤Г╨╗╤М╤В╨░╤В╨░ ╤Б╨▒╨╛╤А╨║╨╕.  ╨Т╨║╨╗╤О╤З╨╡╨╜╨╜╤Л╨╡ ╤Д╨░╨╣╨╗╤Л тАФ C:\Users\KusokMedi\Documents\GitHub\BetterShowcase\build\_deps\bindings-src\bindings\2.2081\inline\CharacterColorDelegate.cpp, C:\Users\KusokMedi\Documents\GitHub\BetterShowcase\build\bindings\bindings\Geode\source\CharacterColorDelegate.cpp. [C:\Users\KusokMedi\Documents\GitHub\BetterShowcase\build\bindings\GeodeBindings.vcxproj]
C:\Program Files (x86)\Microsoft Visual Studio\2022\BuildTools\MSBuild\Microsoft\VC\v170\Microsoft.CppBuild.targets(1129,5): warning MSB8027: ╨┤╨▓╨░ ╨╕╨╗╨╕ ╨▒╨╛╨╗╨╡╨╡ ╤Д╨░╨╣╨╗╨╛╨▓ ╤Б ╨╕╨╝╨╡╨╜╨╡╨╝ CharacterColorPage.cpp ╨▓╤Л╨▓╨╛╨┤╤П╤В ╤А╨╡╨╖╤Г╨╗╤М╤В╨░╤В╤Л ╨▓ ╨╛╨┤╨╜╨╛ ╨╕ ╤В╨╛ ╨╢╨╡ ╤А╨░╤Б╨┐╨╛╨╗╨╛╨╢╨╡╨╜╨╕╨╡. ╨н╤В╨╛ ╨╝╨╛╨╢╨╡╤В ╤Б╤В╨░╤В╤М ╨┐╤А╨╕╤З╨╕╨╜╨╛╨╣ ╨╜╨╡╨▓╨╡╤А╨╜╨╛╨│╨╛ ╤А╨╡╨╖╤Г╨╗╤М╤В╨░╤В╨░ ╤Б╨▒╨╛╤А╨║╨╕.  ╨Т╨║╨╗╤О╤З╨╡╨╜╨╜╤Л╨╡ ╤Д╨░╨╣╨╗╤Л тАФ C:\Users\KusokMedi\Documents\GitHub\BetterShowcase\build\_deps\bindings-src\bindings\2.2081\inline\CharacterColorPage.cpp, C:\Users\KusokMedi\Documents\GitHub\BetterShowcase\build\bindings\bindings\Geode\source\CharacterColorPage.cpp. [C:\Users\KusokMedi\Documents\GitHub\BetterShowcase\build\bindings\GeodeBindings.vcxproj]
C:\Program Files (x86)\Microsoft Visual Studio\2022\BuildTools\MSBuild\Microsoft\VC\v170\Microsoft.CppBuild.targets(1129,5): warning MSB8027: ╨┤╨▓╨░ ╨╕╨╗╨╕ ╨▒╨╛╨╗╨╡╨╡ ╤Д╨░╨╣╨╗╨╛╨▓ ╤Б ╨╕╨╝╨╡╨╜╨╡╨╝ CheckpointGameObject.cpp ╨▓╤Л╨▓╨╛╨┤╤П╤В ╤А╨╡╨╖╤Г╨╗╤М╤В╨░╤В╤Л ╨▓ ╨╛╨┤╨╜╨╛ ╨╕ ╤В╨╛ ╨╢╨╡ ╤А╨░╤Б╨┐╨╛╨╗╨╛╨╢╨╡╨╜╨╕╨╡. ╨н╤В╨╛ ╨╝╨╛╨╢╨╡╤В ╤Б╤В╨░╤В╤М ╨┐╤А╨╕╤З╨╕╨╜╨╛╨╣ ╨╜╨╡╨▓╨╡╤А╨╜╨╛╨│╨╛ ╤А╨╡╨╖╤Г╨╗╤М╤В╨░╤В╨░ ╤Б╨▒╨╛╤А╨║╨╕.  ╨Т╨║╨╗╤О╤З╨╡╨╜╨╜╤Л╨╡ ╤Д╨░╨╣╨╗╤Л тАФ C:\Users\KusokMedi\Documents\GitHub\BetterShowcase\build\_deps\bindings-src\bindings\2.2081\inline\CheckpointGameObject.cpp, C:\Users\KusokMedi\Documents\GitHub\BetterShowcase\build\bindings\bindings\Geode\source\CheckpointGameObject.cpp. [C:\Users\KusokMedi\Documents\GitHub\BetterShowcase\build\bindings\GeodeBindings.vcxproj]
C:\Program Files (x86)\Microsoft Visual Studio\2022\BuildTools\MSBuild\Microsoft\VC\v170\Microsoft.CppBuild.targets(1129,5): warning MSB8027: ╨┤╨▓╨░ ╨╕╨╗╨╕ ╨▒╨╛╨╗╨╡╨╡ ╤Д╨░╨╣╨╗╨╛╨▓ ╤Б ╨╕╨╝╨╡╨╜╨╡╨╝ CheckpointObject.cpp ╨▓╤Л╨▓╨╛╨┤╤П╤В ╤А╨╡╨╖╤Г╨╗╤М╤В╨░╤В╤Л ╨▓ ╨╛╨┤╨╜╨╛ ╨╕ ╤В╨╛ ╨╢╨╡ ╤А╨░╤Б╨┐╨╛╨╗╨╛╨╢╨╡╨╜╨╕╨╡. ╨н╤В╨╛ ╨╝╨╛╨╢╨╡╤В ╤Б╤В╨░╤В╤М ╨┐╤А╨╕╤З╨╕╨╜╨╛╨╣ ╨╜╨╡╨▓╨╡╤А╨╜╨╛╨│╨╛ ╤А╨╡╨╖╤Г╨╗╤М╤В╨░╤В╨░ ╤Б╨▒╨╛╤А╨║╨╕.  ╨Т╨║╨╗╤О╤З╨╡╨╜╨╜╤Л╨╡ ╤Д╨░╨╣╨╗╤Л тАФ C:\Users\KusokMedi\Documents\GitHub\BetterShowcase\build\_deps\bindings-src\bindings\2.2081\inline\CheckpointObject.cpp, C:\Users\KusokMedi\Documents\GitHub\BetterShowcase\build\bindings\bindings\Geode\source\CheckpointObject.cpp. [C:\Users\KusokMedi\Documents\GitHub\BetterShowcase\build\bindings\GeodeBindings.vcxproj]
C:\Program Files (x86)\Microsoft Visual Studio\2022\BuildTools\MSBuild\Microsoft\VC\v170\Microsoft.CppBuild.targets(1129,5): warning MSB8027: ╨┤╨▓╨░ ╨╕╨╗╨╕ ╨▒╨╛╨╗╨╡╨╡ ╤Д╨░╨╣╨╗╨╛╨▓ ╤Б ╨╕╨╝╨╡╨╜╨╡╨╝ CollisionBlockPopup.cpp ╨▓╤Л╨▓╨╛╨┤╤П╤В ╤А╨╡╨╖╤Г╨╗╤М╤В╨░╤В╤Л ╨▓ ╨╛╨┤╨╜╨╛ ╨╕ ╤В╨╛ ╨╢╨╡ ╤А╨░╤Б╨┐╨╛╨╗╨╛╨╢╨╡╨╜╨╕╨╡. ╨н╤В╨╛ ╨╝╨╛╨╢╨╡╤В ╤Б╤В╨░╤В╤М ╨┐╤А╨╕╤З╨╕╨╜╨╛╨╣ ╨╜╨╡╨▓╨╡╤А╨╜╨╛╨│╨╛ ╤А╨╡╨╖╤Г╨╗╤М╤В╨░╤В╨░ ╤Б╨▒╨╛╤А╨║╨╕.  ╨Т╨║╨╗╤О╤З╨╡╨╜╨╜╤Л╨╡ ╤Д╨░╨╣╨╗╤Л тАФ C:\Users\KusokMedi\Documents\GitHub\BetterShowcase\build\_deps\bindings-src\bindings\2.2081\inline\CollisionBlockPopup.cpp, C:\Users\KusokMedi\Documents\GitHub\BetterShowcase\build\bindings\bindings\Geode\source\CollisionBlockPopup.cpp. [C:\Users\KusokMedi\Documents\GitHub\BetterShowcase\build\bindings\GeodeBindings.vcxproj]
C:\Program Files (x86)\Microsoft Visual Studio\2022\BuildTools\MSBuild\Microsoft\VC\v170\Microsoft.CppBuild.targets(1129,5): warning MSB8027: ╨┤╨▓╨░ ╨╕╨╗╨╕ ╨▒╨╛╨╗╨╡╨╡ ╤Д╨░╨╣╨╗╨╛╨▓ ╤Б ╨╕╨╝╨╡╨╜╨╡╨╝ CollisionTriggerAction.cpp ╨▓╤Л╨▓╨╛╨┤╤П╤В ╤А╨╡╨╖╤Г╨╗╤М╤В╨░╤В╤Л ╨▓ ╨╛╨┤╨╜╨╛ ╨╕ ╤В╨╛ ╨╢╨╡ ╤А╨░╤Б╨┐╨╛╨╗╨╛╨╢╨╡╨╜╨╕╨╡. ╨н╤В╨╛ ╨╝╨╛╨╢╨╡╤В ╤Б╤В╨░╤В╤М ╨┐╤А╨╕╤З╨╕╨╜╨╛╨╣ ╨╜╨╡╨▓╨╡╤А╨╜╨╛╨│╨╛ ╤А╨╡╨╖╤Г╨╗╤М╤В╨░╤В╨░ ╤Б╨▒╨╛╤А╨║╨╕.  ╨Т╨║╨╗╤О╤З╨╡╨╜╨╜╤Л╨╡ ╤Д╨░╨╣╨╗╤Л тАФ C:\Users\KusokMedi\Documents\GitHub\BetterShowcase\build\_deps\bindings-src\bindings\2.2081\inline\CollisionTriggerAction.cpp, C:\Users\KusokMedi\Documents\GitHub\BetterShowcase\build\bindings\bindings\Geode\source\CollisionTriggerAction.cpp. [C:\Users\KusokMedi\Documents\GitHub\BetterShowcase\build\bindings\GeodeBindings.vcxproj]
C:\Program Files (x86)\Microsoft Visual Studio\2022\BuildTools\MSBuild\Microsoft\VC\v170\Microsoft.CppBuild.targets(1129,5): warning MSB8027: ╨┤╨▓╨░ ╨╕╨╗╨╕ ╨▒╨╛╨╗╨╡╨╡ ╤Д╨░╨╣╨╗╨╛╨▓ ╤Б ╨╕╨╝╨╡╨╜╨╡╨╝ ColorAction.cpp ╨▓╤Л╨▓╨╛╨┤╤П╤В ╤А╨╡╨╖╤Г╨╗╤М╤В╨░╤В╤Л ╨▓ ╨╛╨┤╨╜╨╛ ╨╕ ╤В╨╛ ╨╢╨╡ ╤А╨░╤Б╨┐╨╛╨╗╨╛╨╢╨╡╨╜╨╕╨╡. ╨н╤В╨╛ ╨╝╨╛╨╢╨╡╤В ╤Б╤В╨░╤В╤М ╨┐╤А╨╕╤З╨╕╨╜╨╛╨╣ ╨╜╨╡╨▓╨╡╤А╨╜╨╛╨│╨╛ ╤А╨╡╨╖╤Г╨╗╤М╤В╨░╤В╨░ ╤Б╨▒╨╛╤А╨║╨╕.  ╨Т╨║╨╗╤О╤З╨╡╨╜╨╜╤Л╨╡ ╤Д╨░╨╣╨╗╤Л тАФ C:\Users\KusokMedi\Documents\GitHub\BetterShowcase\build\_deps\bindings-src\bindings\2.2081\inline\ColorAction.cpp, C:\Users\KusokMedi\Documents\GitHub\BetterShowcase\build\bindings\bindings\Geode\source\ColorAction.cpp. [C:\Users\KusokMedi\Documents\GitHub\BetterShowcase\build\bindings\GeodeBindings.vcxproj]
C:\Program Files (x86)\Microsoft Visual Studio\2022\BuildTools\MSBuild\Microsoft\VC\v170\Microsoft.CppBuild.targets(1129,5): warning MSB8027: ╨┤╨▓╨░ ╨╕╨╗╨╕ ╨▒╨╛╨╗╨╡╨╡ ╤Д╨░╨╣╨╗╨╛╨▓ ╤Б ╨╕╨╝╨╡╨╜╨╡╨╝ ColorAction2.cpp ╨▓╤Л╨▓╨╛╨┤╤П╤В ╤А╨╡╨╖╤Г╨╗╤М╤В╨░╤В╤Л ╨▓ ╨╛╨┤╨╜╨╛ ╨╕ ╤В╨╛ ╨╢╨╡ ╤А╨░╤Б╨┐╨╛╨╗╨╛╨╢╨╡╨╜╨╕╨╡. ╨н╤В╨╛ ╨╝╨╛╨╢╨╡╤В ╤Б╤В╨░╤В╤М ╨┐╤А╨╕╤З╨╕╨╜╨╛╨╣ ╨╜╨╡╨▓╨╡╤А╨╜╨╛╨│╨╛ ╤А╨╡╨╖╤Г╨╗╤М╤В╨░╤В╨░ ╤Б╨▒╨╛╤А╨║╨╕.  ╨Т╨║╨╗╤О╤З╨╡╨╜╨╜╤Л╨╡ ╤Д╨░╨╣╨╗╤Л тАФ C:\Users\KusokMedi\Documents\GitHub\BetterShowcase\build\_deps\bindings-src\bindings\2.2081\inline\ColorAction2.cpp, C:\Users\KusokMedi\Documents\GitHub\BetterShowcase\build\bindings\bindings\Geode\source\ColorAction2.cpp. [C:\Users\KusokMedi\Documents\GitHub\BetterShowcase\build\bindings\GeodeBindings.vcxproj]
C:\Program Files (x86)\Microsoft Visual Studio\2022\BuildTools\MSBuild\Microsoft\VC\v170\Microsoft.CppBuild.targets(1129,5): warning MSB8027: ╨┤╨▓╨░ ╨╕╨╗╨╕ ╨▒╨╛╨╗╨╡╨╡ ╤Д╨░╨╣╨╗╨╛╨▓ ╤Б ╨╕╨╝╨╡╨╜╨╡╨╝ ColorActionSprite.cpp ╨▓╤Л╨▓╨╛╨┤╤П╤В ╤А╨╡╨╖╤Г╨╗╤М╤В╨░╤В╤Л ╨▓ ╨╛╨┤╨╜╨╛ ╨╕ ╤В╨╛ ╨╢╨╡ ╤А╨░╤Б╨┐╨╛╨╗╨╛╨╢╨╡╨╜╨╕╨╡. ╨н╤В╨╛ ╨╝╨╛╨╢╨╡╤В ╤Б╤В╨░╤В╤М ╨┐╤А╨╕╤З╨╕╨╜╨╛╨╣ ╨╜╨╡╨▓╨╡╤А╨╜╨╛╨│╨╛ ╤А╨╡╨╖╤Г╨╗╤М╤В╨░╤В╨░ ╤Б╨▒╨╛╤А╨║╨╕.  ╨Т╨║╨╗╤О╤З╨╡╨╜╨╜╤Л╨╡ ╤Д╨░╨╣╨╗╤Л тАФ C:\Users\KusokMedi\Documents\GitHub\BetterShowcase\build\_deps\bindings-src\bindings\2.2081\inline\ColorActionSprite.cpp, C:\Users\KusokMedi\Documents\GitHub\BetterShowcase\build\bindings\bindings\Geode\source\ColorActionSprite.cpp. [C:\Users\KusokMedi\Documents\GitHub\BetterShowcase\build\bindings\GeodeBindings.vcxproj]
C:\Program Files (x86)\Microsoft Visual Studio\2022\BuildTools\MSBuild\Microsoft\VC\v170\Microsoft.CppBuild.targets(1129,5): warning MSB8027: ╨┤╨▓╨░ ╨╕╨╗╨╕ ╨▒╨╛╨╗╨╡╨╡ ╤Д╨░╨╣╨╗╨╛╨▓ ╤Б ╨╕╨╝╨╡╨╜╨╡╨╝ ColorChannelSprite.cpp ╨▓╤Л╨▓╨╛╨┤╤П╤В ╤А╨╡╨╖╤Г╨╗╤М╤В╨░╤В╤Л ╨▓ ╨╛╨┤╨╜╨╛ ╨╕ ╤В╨╛ ╨╢╨╡ ╤А╨░╤Б╨┐╨╛╨╗╨╛╨╢╨╡╨╜╨╕╨╡. ╨н╤В╨╛ ╨╝╨╛╨╢╨╡╤В ╤Б╤В╨░╤В╤М ╨┐╤А╨╕╤З╨╕╨╜╨╛╨╣ ╨╜╨╡╨▓╨╡╤А╨╜╨╛╨│╨╛ ╤А╨╡╨╖╤Г╨╗╤М╤В╨░╤В╨░ ╤Б╨▒╨╛╤А╨║╨╕.  ╨Т╨║╨╗╤О╤З╨╡╨╜╨╜╤Л╨╡ ╤Д╨░╨╣╨╗╤Л тАФ C:\Users\KusokMedi\Documents\GitHub\BetterShowcase\build\_deps\bindings-src\bindings\2.2081\inline\ColorChannelSprite.cpp, C:\Users\KusokMedi\Documents\GitHub\BetterShowcase\build\bindings\bindings\Geode\source\ColorChannelSprite.cpp. [C:\Users\KusokMedi\Documents\GitHub\BetterShowcase\build\bindings\GeodeBindings.vcxproj]
C:\Program Files (x86)\Microsoft Visual Studio\2022\BuildTools\MSBuild\Microsoft\VC\v170\Microsoft.CppBuild.targets(1129,5): warning MSB8027: ╨┤╨▓╨░ ╨╕╨╗╨╕ ╨▒╨╛╨╗╨╡╨╡ ╤Д╨░╨╣╨╗╨╛╨▓ ╤Б ╨╕╨╝╨╡╨╜╨╡╨╝ ColorSelectDelegate.cpp ╨▓╤Л╨▓╨╛╨┤╤П╤В ╤А╨╡╨╖╤Г╨╗╤М╤В╨░╤В╤Л ╨▓ ╨╛╨┤╨╜╨╛ ╨╕ ╤В╨╛ ╨╢╨╡ ╤А╨░╤Б╨┐╨╛╨╗╨╛╨╢╨╡╨╜╨╕╨╡. ╨н╤В╨╛ ╨╝╨╛╨╢╨╡╤В ╤Б╤В╨░╤В╤М ╨┐╤А╨╕╤З╨╕╨╜╨╛╨╣ ╨╜╨╡╨▓╨╡╤А╨╜╨╛╨│╨╛ ╤А╨╡╨╖╤Г╨╗╤М╤В╨░╤В╨░ ╤Б╨▒╨╛╤А╨║╨╕.  ╨Т╨║╨╗╤О╤З╨╡╨╜╨╜╤Л╨╡ ╤Д╨░╨╣╨╗╤Л тАФ C:\Users\KusokMedi\Documents\GitHub\BetterShowcase\build\_deps\bindings-src\bindings\2.2081\inline\ColorSelectDelegate.cpp, C:\Users\KusokMedi\Documents\GitHub\BetterShowcase\build\bindings\bindings\Geode\source\ColorSelectDelegate.cpp. [C:\Users\KusokMedi\Documents\GitHub\BetterShowcase\build\bindings\GeodeBindings.vcxproj]
C:\Program Files (x86)\Microsoft Visual Studio\2022\BuildTools\MSBuild\Microsoft\VC\v170\Microsoft.CppBuild.targets(1129,5): warning MSB8027: ╨┤╨▓╨░ ╨╕╨╗╨╕ ╨▒╨╛╨╗╨╡╨╡ ╤Д╨░╨╣╨╗╨╛╨▓ ╤Б ╨╕╨╝╨╡╨╜╨╡╨╝ ColorSelectLiveOverlay.cpp ╨▓╤Л╨▓╨╛╨┤╤П╤В ╤А╨╡╨╖╤Г╨╗╤М╤В╨░╤В╤Л ╨▓ ╨╛╨┤╨╜╨╛ ╨╕ ╤В╨╛ ╨╢╨╡ ╤А╨░╤Б╨┐╨╛╨╗╨╛╨╢╨╡╨╜╨╕╨╡. ╨н╤В╨╛ ╨╝╨╛╨╢╨╡╤В ╤Б╤В╨░╤В╤М ╨┐╤А╨╕╤З╨╕╨╜╨╛╨╣ ╨╜╨╡╨▓╨╡╤А╨╜╨╛╨│╨╛ ╤А╨╡╨╖╤Г╨╗╤М╤В╨░╤В╨░ ╤Б╨▒╨╛╤А╨║╨╕.  ╨Т╨║╨╗╤О╤З╨╡╨╜╨╜╤Л╨╡ ╤Д╨░╨╣╨╗╤Л тАФ C:\Users\KusokMedi\Documents\GitHub\BetterShowcase\build\_deps\bindings-src\bindings\2.2081\inline\ColorSelectLiveOverlay.cpp, C:\Users\KusokMedi\Documents\GitHub\BetterShowcase\build\bindings\bindings\Geode\source\ColorSelectLiveOverlay.cpp. [C:\Users\KusokMedi\Documents\GitHub\BetterShowcase\build\bindings\GeodeBindings.vcxproj]
C:\Program Files (x86)\Microsoft Visual Studio\2022\BuildTools\MSBuild\Microsoft\VC\v170\Microsoft.CppBuild.targets(1129,5): warning MSB8027: ╨┤╨▓╨░ ╨╕╨╗╨╕ ╨▒╨╛╨╗╨╡╨╡ ╤Д╨░╨╣╨╗╨╛╨▓ ╤Б ╨╕╨╝╨╡╨╜╨╡╨╝ ColorSelectPopup.cpp ╨▓╤Л╨▓╨╛╨┤╤П╤В ╤А╨╡╨╖╤Г╨╗╤М╤В╨░╤В╤Л ╨▓ ╨╛╨┤╨╜╨╛ ╨╕ ╤В╨╛ ╨╢╨╡ ╤А╨░╤Б╨┐╨╛╨╗╨╛╨╢╨╡╨╜╨╕╨╡. ╨н╤В╨╛ ╨╝╨╛╨╢╨╡╤В ╤Б╤В╨░╤В╤М ╨┐╤А╨╕╤З╨╕╨╜╨╛╨╣ ╨╜╨╡╨▓╨╡╤А╨╜╨╛╨│╨╛ ╤А╨╡╨╖╤Г╨╗╤М╤В╨░╤В╨░ ╤Б╨▒╨╛╤А╨║╨╕.  ╨Т╨║╨╗╤О╤З╨╡╨╜╨╜╤Л╨╡ ╤Д╨░╨╣╨╗╤Л тАФ C:\Users\KusokMedi\Documents\GitHub\BetterShowcase\build\_deps\bindings-src\bindings\2.2081\inline\ColorSelectPopup.cpp, C:\Users\KusokMedi\Documents\GitHub\BetterShowcase\build\bindings\bindings\Geode\source\ColorSelectPopup.cpp. [C:\Users\KusokMedi\Documents\GitHub\BetterShowcase\build\bindings\GeodeBindings.vcxproj]
C:\Program Files (x86)\Microsoft Visual Studio\2022\BuildTools\MSBuild\Microsoft\VC\v170\Microsoft.CppBuild.targets(1129,5): warning MSB8027: ╨┤╨▓╨░ ╨╕╨╗╨╕ ╨▒╨╛╨╗╨╡╨╡ ╤Д╨░╨╣╨╗╨╛╨▓ ╤Б ╨╕╨╝╨╡╨╜╨╡╨╝ ColorSetupDelegate.cpp ╨▓╤Л╨▓╨╛╨┤╤П╤В ╤А╨╡╨╖╤Г╨╗╤М╤В╨░╤В╤Л ╨▓ ╨╛╨┤╨╜╨╛ ╨╕ ╤В╨╛ ╨╢╨╡ ╤А╨░╤Б╨┐╨╛╨╗╨╛╨╢╨╡╨╜╨╕╨╡. ╨н╤В╨╛ ╨╝╨╛╨╢╨╡╤В ╤Б╤В╨░╤В╤М ╨┐╤А╨╕╤З╨╕╨╜╨╛╨╣ ╨╜╨╡╨▓╨╡╤А╨╜╨╛╨│╨╛ ╤А╨╡╨╖╤Г╨╗╤М╤В╨░╤В╨░ ╤Б╨▒╨╛╤А╨║╨╕.  ╨Т╨║╨╗╤О╤З╨╡╨╜╨╜╤Л╨╡ ╤Д╨░╨╣╨╗╤Л тАФ C:\Users\KusokMedi\Documents\GitHub\BetterShowcase\build\_deps\bindings-src\bindings\2.2081\inline\ColorSetupDelegate.cpp, C:\Users\KusokMedi\Documents\GitHub\BetterShowcase\build\bindings\bindings\Geode\source\ColorSetupDelegate.cpp. [C:\Users\KusokMedi\Documents\GitHub\BetterShowcase\build\bindings\GeodeBindings.vcxproj]
C:\Program Files (x86)\Microsoft Visual Studio\2022\BuildTools\MSBuild\Microsoft\VC\v170\Microsoft.CppBuild.targets(1129,5): warning MSB8027: ╨┤╨▓╨░ ╨╕╨╗╨╕ ╨▒╨╛╨╗╨╡╨╡ ╤Д╨░╨╣╨╗╨╛╨▓ ╤Б ╨╕╨╝╨╡╨╜╨╡╨╝ CommentCell.cpp ╨▓╤Л╨▓╨╛╨┤╤П╤В ╤А╨╡╨╖╤Г╨╗╤М╤В╨░╤В╤Л ╨▓ ╨╛╨┤╨╜╨╛ ╨╕ ╤В╨╛ ╨╢╨╡ ╤А╨░╤Б╨┐╨╛╨╗╨╛╨╢╨╡╨╜╨╕╨╡. ╨н╤В╨╛ ╨╝╨╛╨╢╨╡╤В ╤Б╤В╨░╤В╤М ╨┐╤А╨╕╤З╨╕╨╜╨╛╨╣ ╨╜╨╡╨▓╨╡╤А╨╜╨╛╨│╨╛ ╤А╨╡╨╖╤Г╨╗╤М╤В╨░╤В╨░ ╤Б╨▒╨╛╤А╨║╨╕.  ╨Т╨║╨╗╤О╤З╨╡╨╜╨╜╤Л╨╡ ╤Д╨░╨╣╨╗╤Л тАФ C:\Users\KusokMedi\Documents\GitHub\BetterShowcase\build\_deps\bindings-src\bindings\2.2081\inline\CommentCell.cpp, C:\Users\KusokMedi\Documents\GitHub\BetterShowcase\build\bindings\bindings\Geode\source\CommentCell.cpp. [C:\Users\KusokMedi\Documents\GitHub\BetterShowcase\build\bindings\GeodeBindings.vcxproj]
C:\Program Files (x86)\Microsoft Visual Studio\2022\BuildTools\MSBuild\Microsoft\VC\v170\Microsoft.CppBuild.targets(1129,5): warning MSB8027: ╨┤╨▓╨░ ╨╕╨╗╨╕ ╨▒╨╛╨╗╨╡╨╡ ╤Д╨░╨╣╨╗╨╛╨▓ ╤Б ╨╕╨╝╨╡╨╜╨╡╨╝ CommentUploadDelegate.cpp ╨▓╤Л╨▓╨╛╨┤╤П╤В ╤А╨╡╨╖╤Г╨╗╤М╤В╨░╤В╤Л ╨▓ ╨╛╨┤╨╜╨╛ ╨╕ ╤В╨╛ ╨╢╨╡ ╤А╨░╤Б╨┐╨╛╨╗╨╛╨╢╨╡╨╜╨╕╨╡. ╨н╤В╨╛ ╨╝╨╛╨╢╨╡╤В ╤Б╤В╨░╤В╤М ╨┐╤А╨╕╤З╨╕╨╜╨╛╨╣ ╨╜╨╡╨▓╨╡╤А╨╜╨╛╨│╨╛ ╤А╨╡╨╖╤Г╨╗╤М╤В╨░╤В╨░ ╤Б╨▒╨╛╤А╨║╨╕.  ╨Т╨║╨╗╤О╤З╨╡╨╜╨╜╤Л╨╡ ╤Д╨░╨╣╨╗╤Л тАФ C:\Users\KusokMedi\Documents\GitHub\BetterShowcase\build\_deps\bindings-src\bindings\2.2081\inline\CommentUploadDelegate.cpp, C:\Users\KusokMedi\Documents\GitHub\BetterShowcase\build\bindings\bindings\Geode\source\CommentUploadDelegate.cpp. [C:\Users\KusokMedi\Documents\GitHub\BetterShowcase\build\bindings\GeodeBindings.vcxproj]
C:\Program Files (x86)\Microsoft Visual Studio\2022\BuildTools\MSBuild\Microsoft\VC\v170\Microsoft.CppBuild.targets(1129,5): warning MSB8027: ╨┤╨▓╨░ ╨╕╨╗╨╕ ╨▒╨╛╨╗╨╡╨╡ ╤Д╨░╨╣╨╗╨╛╨▓ ╤Б ╨╕╨╝╨╡╨╜╨╡╨╝ CommunityCreditNode.cpp ╨▓╤Л╨▓╨╛╨┤╤П╤В ╤А╨╡╨╖╤Г╨╗╤М╤В╨░╤В╤Л ╨▓ ╨╛╨┤╨╜╨╛ ╨╕ ╤В╨╛ ╨╢╨╡ ╤А╨░╤Б╨┐╨╛╨╗╨╛╨╢╨╡╨╜╨╕╨╡. ╨н╤В╨╛ ╨╝╨╛╨╢╨╡╤В ╤Б╤В╨░╤В╤М ╨┐╤А╨╕╤З╨╕╨╜╨╛╨╣ ╨╜╨╡╨▓╨╡╤А╨╜╨╛╨│╨╛ ╤А╨╡╨╖╤Г╨╗╤М╤В╨░╤В╨░ ╤Б╨▒╨╛╤А╨║╨╕.  ╨Т╨║╨╗╤О╤З╨╡╨╜╨╜╤Л╨╡ ╤Д╨░╨╣╨╗╤Л тАФ C:\Users\KusokMedi\Documents\GitHub\BetterShowcase\build\_deps\bindings-src\bindings\2.2081\inline\CommunityCreditNode.cpp, C:\Users\KusokMedi\Documents\GitHub\BetterShowcase\build\bindings\bindings\Geode\source\CommunityCreditNode.cpp. [C:\Users\KusokMedi\Documents\GitHub\BetterShowcase\build\bindings\GeodeBindings.vcxproj]
C:\Program Files (x86)\Microsoft Visual Studio\2022\BuildTools\MSBuild\Microsoft\VC\v170\Microsoft.CppBuild.targets(1129,5): warning MSB8027: ╨┤╨▓╨░ ╨╕╨╗╨╕ ╨▒╨╛╨╗╨╡╨╡ ╤Д╨░╨╣╨╗╨╛╨▓ ╤Б ╨╕╨╝╨╡╨╜╨╡╨╝ CommunityCreditsPage.cpp ╨▓╤Л╨▓╨╛╨┤╤П╤В ╤А╨╡╨╖╤Г╨╗╤М╤В╨░╤В╤Л ╨▓ ╨╛╨┤╨╜╨╛ ╨╕ ╤В╨╛ ╨╢╨╡ ╤А╨░╤Б╨┐╨╛╨╗╨╛╨╢╨╡╨╜╨╕╨╡. ╨н╤В╨╛ ╨╝╨╛╨╢╨╡╤В ╤Б╤В╨░╤В╤М ╨┐╤А╨╕╤З╨╕╨╜╨╛╨╣ ╨╜╨╡╨▓╨╡╤А╨╜╨╛╨│╨╛ ╤А╨╡╨╖╤Г╨╗╤М╤В╨░╤В╨░ ╤Б╨▒╨╛╤А╨║╨╕.  ╨Т╨║╨╗╤О╤З╨╡╨╜╨╜╤Л╨╡ ╤Д╨░╨╣╨╗╤Л тАФ C:\Users\KusokMedi\Documents\GitHub\BetterShowcase\build\_deps\bindings-src\bindings\2.2081\inline\CommunityCreditsPage.cpp, C:\Users\KusokMedi\Documents\GitHub\BetterShowcase\build\bindings\bindings\Geode\source\CommunityCreditsPage.cpp. [C:\Users\KusokMedi\Documents\GitHub\BetterShowcase\build\bindings\GeodeBindings.vcxproj]
C:\Program Files (x86)\Microsoft Visual Studio\2022\BuildTools\MSBuild\Microsoft\VC\v170\Microsoft.CppBuild.targets(1129,5): warning MSB8027: ╨┤╨▓╨░ ╨╕╨╗╨╕ ╨▒╨╛╨╗╨╡╨╡ ╤Д╨░╨╣╨╗╨╛╨▓ ╤Б ╨╕╨╝╨╡╨╜╨╡╨╝ ConfigureHSVWidget.cpp ╨▓╤Л╨▓╨╛╨┤╤П╤В ╤А╨╡╨╖╤Г╨╗╤М╤В╨░╤В╤Л ╨▓ ╨╛╨┤╨╜╨╛ ╨╕ ╤В╨╛ ╨╢╨╡ ╤А╨░╤Б╨┐╨╛╨╗╨╛╨╢╨╡╨╜╨╕╨╡. ╨н╤В╨╛ ╨╝╨╛╨╢╨╡╤В ╤Б╤В╨░╤В╤М ╨┐╤А╨╕╤З╨╕╨╜╨╛╨╣ ╨╜╨╡╨▓╨╡╤А╨╜╨╛╨│╨╛ ╤А╨╡╨╖╤Г╨╗╤М╤В╨░╤В╨░ ╤Б╨▒╨╛╤А╨║╨╕.  ╨Т╨║╨╗╤О╤З╨╡╨╜╨╜╤Л╨╡ ╤Д╨░╨╣╨╗╤Л тАФ C:\Users\KusokMedi\Documents\GitHub\BetterShowcase\build\_deps\bindings-src\bindings\2.2081\inline\ConfigureHSVWidget.cpp, C:\Users\KusokMedi\Documents\GitHub\BetterShowcase\build\bindings\bindings\Geode\source\ConfigureHSVWidget.cpp. [C:\Users\KusokMedi\Documents\GitHub\BetterShowcase\build\bindings\GeodeBindings.vcxproj]
C:\Program Files (x86)\Microsoft Visual Studio\2022\BuildTools\MSBuild\Microsoft\VC\v170\Microsoft.CppBuild.targets(1129,5): warning MSB8027: ╨┤╨▓╨░ ╨╕╨╗╨╕ ╨▒╨╛╨╗╨╡╨╡ ╤Д╨░╨╣╨╗╨╛╨▓ ╤Б ╨╕╨╝╨╡╨╜╨╡╨╝ ConfigureValuePopup.cpp ╨▓╤Л╨▓╨╛╨┤╤П╤В ╤А╨╡╨╖╤Г╨╗╤М╤В╨░╤В╤Л ╨▓ ╨╛╨┤╨╜╨╛ ╨╕ ╤В╨╛ ╨╢╨╡ ╤А╨░╤Б╨┐╨╛╨╗╨╛╨╢╨╡╨╜╨╕╨╡. ╨н╤В╨╛ ╨╝╨╛╨╢╨╡╤В ╤Б╤В╨░╤В╤М ╨┐╤А╨╕╤З╨╕╨╜╨╛╨╣ ╨╜╨╡╨▓╨╡╤А╨╜╨╛╨│╨╛ ╤А╨╡╨╖╤Г╨╗╤М╤В╨░╤В╨░ ╤Б╨▒╨╛╤А╨║╨╕.  ╨Т╨║╨╗╤О╤З╨╡╨╜╨╜╤Л╨╡ ╤Д╨░╨╣╨╗╤Л тАФ C:\Users\KusokMedi\Documents\GitHub\BetterShowcase\build\_deps\bindings-src\bindings\2.2081\inline\ConfigureValuePopup.cpp, C:\Users\KusokMedi\Documents\GitHub\BetterShowcase\build\bindings\bindings\Geode\source\ConfigureValuePopup.cpp. [C:\Users\KusokMedi\Documents\GitHub\BetterShowcase\build\bindings\GeodeBindings.vcxproj]
C:\Program Files (x86)\Microsoft Visual Studio\2022\BuildTools\MSBuild\Microsoft\VC\v170\Microsoft.CppBuild.targets(1129,5): warning MSB8027: ╨┤╨▓╨░ ╨╕╨╗╨╕ ╨▒╨╛╨╗╨╡╨╡ ╤Д╨░╨╣╨╗╨╛╨▓ ╤Б ╨╕╨╝╨╡╨╜╨╡╨╝ ConfigureValuePopupDelegate.cpp ╨▓╤Л╨▓╨╛╨┤╤П╤В ╤А╨╡╨╖╤Г╨╗╤М╤В╨░╤В╤Л ╨▓ ╨╛╨┤╨╜╨╛ ╨╕ ╤В╨╛ ╨╢╨╡ ╤А╨░╤Б╨┐╨╛╨╗╨╛╨╢╨╡╨╜╨╕╨╡. ╨н╤В╨╛ ╨╝╨╛╨╢╨╡╤В ╤Б╤В╨░╤В╤М ╨┐╤А╨╕╤З╨╕╨╜╨╛╨╣ ╨╜╨╡╨▓╨╡╤А╨╜╨╛╨│╨╛ ╤А╨╡╨╖╤Г╨╗╤М╤В╨░╤В╨░ ╤Б╨▒╨╛╤А╨║╨╕.  ╨Т╨║╨╗╤О╤З╨╡╨╜╨╜╤Л╨╡ ╤Д╨░╨╣╨╗╤Л тАФ C:\Users\KusokMedi\Documents\GitHub\BetterShowcase\build\_deps\bindings-src\bindings\2.2081\inline\ConfigureValuePopupDelegate.cpp, C:\Users\KusokMedi\Documents\GitHub\BetterShowcase\build\bindings\bindings\Geode\source\ConfigureValuePopupDelegate.cpp. [C:\Users\KusokMedi\Documents\GitHub\BetterShowcase\build\bindings\GeodeBindings.vcxproj]
C:\Program Files (x86)\Microsoft Visual Studio\2022\BuildTools\MSBuild\Microsoft\VC\v170\Microsoft.CppBuild.targets(1129,5): warning MSB8027: ╨┤╨▓╨░ ╨╕╨╗╨╕ ╨▒╨╛╨╗╨╡╨╡ ╤Д╨░╨╣╨╗╨╛╨▓ ╤Б ╨╕╨╝╨╡╨╜╨╡╨╝ CountTriggerAction.cpp ╨▓╤Л╨▓╨╛╨┤╤П╤В ╤А╨╡╨╖╤Г╨╗╤М╤В╨░╤В╤Л ╨▓ ╨╛╨┤╨╜╨╛ ╨╕ ╤В╨╛ ╨╢╨╡ ╤А╨░╤Б╨┐╨╛╨╗╨╛╨╢╨╡╨╜╨╕╨╡. ╨н╤В╨╛ ╨╝╨╛╨╢╨╡╤В ╤Б╤В╨░╤В╤М ╨┐╤А╨╕╤З╨╕╨╜╨╛╨╣ ╨╜╨╡╨▓╨╡╤А╨╜╨╛╨│╨╛ ╤А╨╡╨╖╤Г╨╗╤М╤В╨░╤В╨░ ╤Б╨▒╨╛╤А╨║╨╕.  ╨Т╨║╨╗╤О╤З╨╡╨╜╨╜╤Л╨╡ ╤Д╨░╨╣╨╗╤Л тАФ C:\Users\KusokMedi\Documents\GitHub\BetterShowcase\build\_deps\bindings-src\bindings\2.2081\inline\CountTriggerAction.cpp, C:\Users\KusokMedi\Documents\GitHub\BetterShowcase\build\bindings\bindings\Geode\source\CountTriggerAction.cpp. [C:\Users\KusokMedi\Documents\GitHub\BetterShowcase\build\bindings\GeodeBindings.vcxproj]
C:\Program Files (x86)\Microsoft Visual Studio\2022\BuildTools\MSBuild\Microsoft\VC\v170\Microsoft.CppBuild.targets(1129,5): warning MSB8027: ╨┤╨▓╨░ ╨╕╨╗╨╕ ╨▒╨╛╨╗╨╡╨╡ ╤Д╨░╨╣╨╗╨╛╨▓ ╤Б ╨╕╨╝╨╡╨╜╨╡╨╝ CountTriggerGameObject.cpp ╨▓╤Л╨▓╨╛╨┤╤П╤В ╤А╨╡╨╖╤Г╨╗╤М╤В╨░╤В╤Л ╨▓ ╨╛╨┤╨╜╨╛ ╨╕ ╤В╨╛ ╨╢╨╡ ╤А╨░╤Б╨┐╨╛╨╗╨╛╨╢╨╡╨╜╨╕╨╡. ╨н╤В╨╛ ╨╝╨╛╨╢╨╡╤В ╤Б╤В╨░╤В╤М ╨┐╤А╨╕╤З╨╕╨╜╨╛╨╣ ╨╜╨╡╨▓╨╡╤А╨╜╨╛╨│╨╛ ╤А╨╡╨╖╤Г╨╗╤М╤В╨░╤В╨░ ╤Б╨▒╨╛╤А╨║╨╕.  ╨Т╨║╨╗╤О╤З╨╡╨╜╨╜╤Л╨╡ ╤Д╨░╨╣╨╗╤Л тАФ C:\Users\KusokMedi\Documents\GitHub\BetterShowcase\build\_deps\bindings-src\bindings\2.2081\inline\CountTriggerGameObject.cpp, C:\Users\KusokMedi\Documents\GitHub\BetterShowcase\build\bindings\bindings\Geode\source\CountTriggerGameObject.cpp. [C:\Users\KusokMedi\Documents\GitHub\BetterShowcase\build\bindings\GeodeBindings.vcxproj]
C:\Program Files (x86)\Microsoft Visual Studio\2022\BuildTools\MSBuild\Microsoft\VC\v170\Microsoft.CppBuild.targets(1129,5): warning MSB8027: ╨┤╨▓╨░ ╨╕╨╗╨╕ ╨▒╨╛╨╗╨╡╨╡ ╤Д╨░╨╣╨╗╨╛╨▓ ╤Б ╨╕╨╝╨╡╨╜╨╡╨╝ CreateGuidelinesLayer.cpp ╨▓╤Л╨▓╨╛╨┤╤П╤В ╤А╨╡╨╖╤Г╨╗╤М╤В╨░╤В╤Л ╨▓ ╨╛╨┤╨╜╨╛ ╨╕ ╤В╨╛ ╨╢╨╡ ╤А╨░╤Б╨┐╨╛╨╗╨╛╨╢╨╡╨╜╨╕╨╡. ╨н╤В╨╛ ╨╝╨╛╨╢╨╡╤В ╤Б╤В╨░╤В╤М ╨┐╤А╨╕╤З╨╕╨╜╨╛╨╣ ╨╜╨╡╨▓╨╡╤А╨╜╨╛╨│╨╛ ╤А╨╡╨╖╤Г╨╗╤М╤В╨░╤В╨░ ╤Б╨▒╨╛╤А╨║╨╕.  ╨Т╨║╨╗╤О╤З╨╡╨╜╨╜╤Л╨╡ ╤Д╨░╨╣╨╗╤Л тАФ C:\Users\KusokMedi\Documents\GitHub\BetterShowcase\build\_deps\bindings-src\bindings\2.2081\inline\CreateGuidelinesLayer.cpp, C:\Users\KusokMedi\Documents\GitHub\BetterShowcase\build\bindings\bindings\Geode\source\CreateGuidelinesLayer.cpp. [C:\Users\KusokMedi\Documents\GitHub\BetterShowcase\build\bindings\GeodeBindings.vcxproj]
C:\Program Files (x86)\Microsoft Visual Studio\2022\BuildTools\MSBuild\Microsoft\VC\v170\Microsoft.CppBuild.targets(1129,5): warning MSB8027: ╨┤╨▓╨░ ╨╕╨╗╨╕ ╨▒╨╛╨╗╨╡╨╡ ╤Д╨░╨╣╨╗╨╛╨▓ ╤Б ╨╕╨╝╨╡╨╜╨╡╨╝ CreateMenuItem.cpp ╨▓╤Л╨▓╨╛╨┤╤П╤В ╤А╨╡╨╖╤Г╨╗╤М╤В╨░╤В╤Л ╨▓ ╨╛╨┤╨╜╨╛ ╨╕ ╤В╨╛ ╨╢╨╡ ╤А╨░╤Б╨┐╨╛╨╗╨╛╨╢╨╡╨╜╨╕╨╡. ╨н╤В╨╛ ╨╝╨╛╨╢╨╡╤В ╤Б╤В╨░╤В╤М ╨┐╤А╨╕╤З╨╕╨╜╨╛╨╣ ╨╜╨╡╨▓╨╡╤А╨╜╨╛╨│╨╛ ╤А╨╡╨╖╤Г╨╗╤М╤В╨░╤В╨░ ╤Б╨▒╨╛╤А╨║╨╕.  ╨Т╨║╨╗╤О╤З╨╡╨╜╨╜╤Л╨╡ ╤Д╨░╨╣╨╗╤Л тАФ C:\Users\KusokMedi\Documents\GitHub\BetterShowcase\build\_deps\bindings-src\bindings\2.2081\inline\CreateMenuItem.cpp, C:\Users\KusokMedi\Documents\GitHub\BetterShowcase\build\bindings\bindings\Geode\source\CreateMenuItem.cpp. [C:\Users\KusokMedi\Documents\GitHub\BetterShowcase\build\bindings\GeodeBindings.vcxproj]
C:\Program Files (x86)\Microsoft Visual Studio\2022\BuildTools\MSBuild\Microsoft\VC\v170\Microsoft.CppBuild.targets(1129,5): warning MSB8027: ╨┤╨▓╨░ ╨╕╨╗╨╕ ╨▒╨╛╨╗╨╡╨╡ ╤Д╨░╨╣╨╗╨╛╨▓ ╤Б ╨╕╨╝╨╡╨╜╨╡╨╝ CreateParticlePopup.cpp ╨▓╤Л╨▓╨╛╨┤╤П╤В ╤А╨╡╨╖╤Г╨╗╤М╤В╨░╤В╤Л ╨▓ ╨╛╨┤╨╜╨╛ ╨╕ ╤В╨╛ ╨╢╨╡ ╤А╨░╤Б╨┐╨╛╨╗╨╛╨╢╨╡╨╜╨╕╨╡. ╨н╤В╨╛ ╨╝╨╛╨╢╨╡╤В ╤Б╤В╨░╤В╤М ╨┐╤А╨╕╤З╨╕╨╜╨╛╨╣ ╨╜╨╡╨▓╨╡╤А╨╜╨╛╨│╨╛ ╤А╨╡╨╖╤Г╨╗╤М╤В╨░╤В╨░ ╤Б╨▒╨╛╤А╨║╨╕.  ╨Т╨║╨╗╤О╤З╨╡╨╜╨╜╤Л╨╡ ╤Д╨░╨╣╨╗╤Л тАФ C:\Users\KusokMedi\Documents\GitHub\BetterShowcase\build\_deps\bindings-src\bindings\2.2081\inline\CreateParticlePopup.cpp, C:\Users\KusokMedi\Documents\GitHub\BetterShowcase\build\bindings\bindings\Geode\source\CreateParticlePopup.cpp. [C:\Users\KusokMedi\Documents\GitHub\BetterShowcase\build\bindings\GeodeBindings.vcxproj]
C:\Program Files (x86)\Microsoft Visual Studio\2022\BuildTools\MSBuild\Microsoft\VC\v170\Microsoft.CppBuild.targets(1129,5): warning MSB8027: ╨┤╨▓╨░ ╨╕╨╗╨╕ ╨▒╨╛╨╗╨╡╨╡ ╤Д╨░╨╣╨╗╨╛╨▓ ╤Б ╨╕╨╝╨╡╨╜╨╡╨╝ CreatorLayer.cpp ╨▓╤Л╨▓╨╛╨┤╤П╤В ╤А╨╡╨╖╤Г╨╗╤М╤В╨░╤В╤Л ╨▓ ╨╛╨┤╨╜╨╛ ╨╕ ╤В╨╛ ╨╢╨╡ ╤А╨░╤Б╨┐╨╛╨╗╨╛╨╢╨╡╨╜╨╕╨╡. ╨н╤В╨╛ ╨╝╨╛╨╢╨╡╤В ╤Б╤В╨░╤В╤М ╨┐╤А╨╕╤З╨╕╨╜╨╛╨╣ ╨╜╨╡╨▓╨╡╤А╨╜╨╛╨│╨╛ ╤А╨╡╨╖╤Г╨╗╤М╤В╨░╤В╨░ ╤Б╨▒╨╛╤А╨║╨╕.  ╨Т╨║╨╗╤О╤З╨╡╨╜╨╜╤Л╨╡ ╤Д╨░╨╣╨╗╤Л тАФ C:\Users\KusokMedi\Documents\GitHub\BetterShowcase\build\_deps\bindings-src\bindings\2.2081\inline\CreatorLayer.cpp, C:\Users\KusokMedi\Documents\GitHub\BetterShowcase\build\bindings\bindings\Geode\source\CreatorLayer.cpp. [C:\Users\KusokMedi\Documents\GitHub\BetterShowcase\build\bindings\GeodeBindings.vcxproj]
C:\Program Files (x86)\Microsoft Visual Studio\2022\BuildTools\MSBuild\Microsoft\VC\v170\Microsoft.CppBuild.targets(1129,5): warning MSB8027: ╨┤╨▓╨░ ╨╕╨╗╨╕ ╨▒╨╛╨╗╨╡╨╡ ╤Д╨░╨╣╨╗╨╛╨▓ ╤Б ╨╕╨╝╨╡╨╜╨╡╨╝ CurrencyRewardDelegate.cpp ╨▓╤Л╨▓╨╛╨┤╤П╤В ╤А╨╡╨╖╤Г╨╗╤М╤В╨░╤В╤Л ╨▓ ╨╛╨┤╨╜╨╛ ╨╕ ╤В╨╛ ╨╢╨╡ ╤А╨░╤Б╨┐╨╛╨╗╨╛╨╢╨╡╨╜╨╕╨╡. ╨н╤В╨╛ ╨╝╨╛╨╢╨╡╤В ╤Б╤В╨░╤В╤М ╨┐╤А╨╕╤З╨╕╨╜╨╛╨╣ ╨╜╨╡╨▓╨╡╤А╨╜╨╛╨│╨╛ ╤А╨╡╨╖╤Г╨╗╤М╤В╨░╤В╨░ ╤Б╨▒╨╛╤А╨║╨╕.  ╨Т╨║╨╗╤О╤З╨╡╨╜╨╜╤Л╨╡ ╤Д╨░╨╣╨╗╤Л тАФ C:\Users\KusokMedi\Documents\GitHub\BetterShowcase\build\_deps\bindings-src\bindings\2.2081\inline\CurrencyRewardDelegate.cpp, C:\Users\KusokMedi\Documents\GitHub\BetterShowcase\build\bindings\bindings\Geode\source\CurrencyRewardDelegate.cpp. [C:\Users\KusokMedi\Documents\GitHub\BetterShowcase\build\bindings\GeodeBindings.vcxproj]
C:\Program Files (x86)\Microsoft Visual Studio\2022\BuildTools\MSBuild\Microsoft\VC\v170\Microsoft.CppBuild.targets(1129,5): warning MSB8027: ╨┤╨▓╨░ ╨╕╨╗╨╕ ╨▒╨╛╨╗╨╡╨╡ ╤Д╨░╨╣╨╗╨╛╨▓ ╤Б ╨╕╨╝╨╡╨╜╨╡╨╝ CurrencyRewardLayer.cpp ╨▓╤Л╨▓╨╛╨┤╤П╤В ╤А╨╡╨╖╤Г╨╗╤М╤В╨░╤В╤Л ╨▓ ╨╛╨┤╨╜╨╛ ╨╕ ╤В╨╛ ╨╢╨╡ ╤А╨░╤Б╨┐╨╛╨╗╨╛╨╢╨╡╨╜╨╕╨╡. ╨н╤В╨╛ ╨╝╨╛╨╢╨╡╤В ╤Б╤В╨░╤В╤М ╨┐╤А╨╕╤З╨╕╨╜╨╛╨╣ ╨╜╨╡╨▓╨╡╤А╨╜╨╛╨│╨╛ ╤А╨╡╨╖╤Г╨╗╤М╤В╨░╤В╨░ ╤Б╨▒╨╛╤А╨║╨╕.  ╨Т╨║╨╗╤О╤З╨╡╨╜╨╜╤Л╨╡ ╤Д╨░╨╣╨╗╤Л тАФ C:\Users\KusokMedi\Documents\GitHub\BetterShowcase\build\_deps\bindings-src\bindings\2.2081\inline\CurrencyRewardLayer.cpp, C:\Users\KusokMedi\Documents\GitHub\BetterShowcase\build\bindings\bindings\Geode\source\CurrencyRewardLayer.cpp. [C:\Users\KusokMedi\Documents\GitHub\BetterShowcase\build\bindings\GeodeBindings.vcxproj]
C:\Program Files (x86)\Microsoft Visual Studio\2022\BuildTools\MSBuild\Microsoft\VC\v170\Microsoft.CppBuild.targets(1129,5): warning MSB8027: ╨┤╨▓╨░ ╨╕╨╗╨╕ ╨▒╨╛╨╗╨╡╨╡ ╤Д╨░╨╣╨╗╨╛╨▓ ╤Б ╨╕╨╝╨╡╨╜╨╡╨╝ CurrencySprite.cpp ╨▓╤Л╨▓╨╛╨┤╤П╤В ╤А╨╡╨╖╤Г╨╗╤М╤В╨░╤В╤Л ╨▓ ╨╛╨┤╨╜╨╛ ╨╕ ╤В╨╛ ╨╢╨╡ ╤А╨░╤Б╨┐╨╛╨╗╨╛╨╢╨╡╨╜╨╕╨╡. ╨н╤В╨╛ ╨╝╨╛╨╢╨╡╤В ╤Б╤В╨░╤В╤М ╨┐╤А╨╕╤З╨╕╨╜╨╛╨╣ ╨╜╨╡╨▓╨╡╤А╨╜╨╛╨│╨╛ ╤А╨╡╨╖╤Г╨╗╤М╤В╨░╤В╨░ ╤Б╨▒╨╛╤А╨║╨╕.  ╨Т╨║╨╗╤О╤З╨╡╨╜╨╜╤Л╨╡ ╤Д╨░╨╣╨╗╤Л тАФ C:\Users\KusokMedi\Documents\GitHub\BetterShowcase\build\_deps\bindings-src\bindings\2.2081\inline\CurrencySprite.cpp, C:\Users\KusokMedi\Documents\GitHub\BetterShowcase\build\bindings\bindings\Geode\source\CurrencySprite.cpp. [C:\Users\KusokMedi\Documents\GitHub\BetterShowcase\build\bindings\GeodeBindings.vcxproj]
C:\Program Files (x86)\Microsoft Visual Studio\2022\BuildTools\MSBuild\Microsoft\VC\v170\Microsoft.CppBuild.targets(1129,5): warning MSB8027: ╨┤╨▓╨░ ╨╕╨╗╨╕ ╨▒╨╛╨╗╨╡╨╡ ╤Д╨░╨╣╨╗╨╛╨▓ ╤Б ╨╕╨╝╨╡╨╜╨╡╨╝ CustomListView.cpp ╨▓╤Л╨▓╨╛╨┤╤П╤В ╤А╨╡╨╖╤Г╨╗╤М╤В╨░╤В╤Л ╨▓ ╨╛╨┤╨╜╨╛ ╨╕ ╤В╨╛ ╨╢╨╡ ╤А╨░╤Б╨┐╨╛╨╗╨╛╨╢╨╡╨╜╨╕╨╡. ╨н╤В╨╛ ╨╝╨╛╨╢╨╡╤В ╤Б╤В╨░╤В╤М ╨┐╤А╨╕╤З╨╕╨╜╨╛╨╣ ╨╜╨╡╨▓╨╡╤А╨╜╨╛╨│╨╛ ╤А╨╡╨╖╤Г╨╗╤М╤В╨░╤В╨░ ╤Б╨▒╨╛╤А╨║╨╕.  ╨Т╨║╨╗╤О╤З╨╡╨╜╨╜╤Л╨╡ ╤Д╨░╨╣╨╗╤Л тАФ C:\Users\KusokMedi\Documents\GitHub\BetterShowcase\build\_deps\bindings-src\bindings\2.2081\inline\CustomListView.cpp, C:\Users\KusokMedi\Documents\GitHub\BetterShowcase\build\bindings\bindings\Geode\source\CustomListView.cpp. [C:\Users\KusokMedi\Documents\GitHub\BetterShowcase\build\bindings\GeodeBindings.vcxproj]
C:\Program Files (x86)\Microsoft Visual Studio\2022\BuildTools\MSBuild\Microsoft\VC\v170\Microsoft.CppBuild.targets(1129,5): warning MSB8027: ╨┤╨▓╨░ ╨╕╨╗╨╕ ╨▒╨╛╨╗╨╡╨╡ ╤Д╨░╨╣╨╗╨╛╨▓ ╤Б ╨╕╨╝╨╡╨╜╨╡╨╝ CustomMusicCell.cpp ╨▓╤Л╨▓╨╛╨┤╤П╤В ╤А╨╡╨╖╤Г╨╗╤М╤В╨░╤В╤Л ╨▓ ╨╛╨┤╨╜╨╛ ╨╕ ╤В╨╛ ╨╢╨╡ ╤А╨░╤Б╨┐╨╛╨╗╨╛╨╢╨╡╨╜╨╕╨╡. ╨н╤В╨╛ ╨╝╨╛╨╢╨╡╤В ╤Б╤В╨░╤В╤М ╨┐╤А╨╕╤З╨╕╨╜╨╛╨╣ ╨╜╨╡╨▓╨╡╤А╨╜╨╛╨│╨╛ ╤А╨╡╨╖╤Г╨╗╤М╤В╨░╤В╨░ ╤Б╨▒╨╛╤А╨║╨╕.  ╨Т╨║╨╗╤О╤З╨╡╨╜╨╜╤Л╨╡ ╤Д╨░╨╣╨╗╤Л тАФ C:\Users\KusokMedi\Documents\GitHub\BetterShowcase\build\_deps\bindings-src\bindings\2.2081\inline\CustomMusicCell.cpp, C:\Users\KusokMedi\Documents\GitHub\BetterShowcase\build\bindings\bindings\Geode\source\CustomMusicCell.cpp. [C:\Users\KusokMedi\Documents\GitHub\BetterShowcase\build\bindings\GeodeBindings.vcxproj]
C:\Program Files (x86)\Microsoft Visual Studio\2022\BuildTools\MSBuild\Microsoft\VC\v170\Microsoft.CppBuild.targets(1129,5): warning MSB8027: ╨┤╨▓╨░ ╨╕╨╗╨╕ ╨▒╨╛╨╗╨╡╨╡ ╤Д╨░╨╣╨╗╨╛╨▓ ╤Б ╨╕╨╝╨╡╨╜╨╡╨╝ CustomSFXCell.cpp ╨▓╤Л╨▓╨╛╨┤╤П╤В ╤А╨╡╨╖╤Г╨╗╤М╤В╨░╤В╤Л ╨▓ ╨╛╨┤╨╜╨╛ ╨╕ ╤В╨╛ ╨╢╨╡ ╤А╨░╤Б╨┐╨╛╨╗╨╛╨╢╨╡╨╜╨╕╨╡. ╨н╤В╨╛ ╨╝╨╛╨╢╨╡╤В ╤Б╤В╨░╤В╤М ╨┐╤А╨╕╤З╨╕╨╜╨╛╨╣ ╨╜╨╡╨▓╨╡╤А╨╜╨╛╨│╨╛ ╤А╨╡╨╖╤Г╨╗╤М╤В╨░╤В╨░ ╤Б╨▒╨╛╤А╨║╨╕.  ╨Т╨║╨╗╤О╤З╨╡╨╜╨╜╤Л╨╡ ╤Д╨░╨╣╨╗╤Л тАФ C:\Users\KusokMedi\Documents\GitHub\BetterShowcase\build\_deps\bindings-src\bindings\2.2081\inline\CustomSFXCell.cpp, C:\Users\KusokMedi\Documents\GitHub\BetterShowcase\build\bindings\bindings\Geode\source\CustomSFXCell.cpp. [C:\Users\KusokMedi\Documents\GitHub\BetterShowcase\build\bindings\GeodeBindings.vcxproj]
C:\Program Files (x86)\Microsoft Visual Studio\2022\BuildTools\MSBuild\Microsoft\VC\v170\Microsoft.CppBuild.targets(1129,5): warning MSB8027: ╨┤╨▓╨░ ╨╕╨╗╨╕ ╨▒╨╛╨╗╨╡╨╡ ╤Д╨░╨╣╨╗╨╛╨▓ ╤Б ╨╕╨╝╨╡╨╜╨╡╨╝ CustomSFXDelegate.cpp ╨▓╤Л╨▓╨╛╨┤╤П╤В ╤А╨╡╨╖╤Г╨╗╤М╤В╨░╤В╤Л ╨▓ ╨╛╨┤╨╜╨╛ ╨╕ ╤В╨╛ ╨╢╨╡ ╤А╨░╤Б╨┐╨╛╨╗╨╛╨╢╨╡╨╜╨╕╨╡. ╨н╤В╨╛ ╨╝╨╛╨╢╨╡╤В ╤Б╤В╨░╤В╤М ╨┐╤А╨╕╤З╨╕╨╜╨╛╨╣ ╨╜╨╡╨▓╨╡╤А╨╜╨╛╨│╨╛ ╤А╨╡╨╖╤Г╨╗╤М╤В╨░╤В╨░ ╤Б╨▒╨╛╤А╨║╨╕.  ╨Т╨║╨╗╤О╤З╨╡╨╜╨╜╤Л╨╡ ╤Д╨░╨╣╨╗╤Л тАФ C:\Users\KusokMedi\Documents\GitHub\BetterShowcase\build\_deps\bindings-src\bindings\2.2081\inline\CustomSFXDelegate.cpp, C:\Users\KusokMedi\Documents\GitHub\BetterShowcase\build\bindings\bindings\Geode\source\CustomSFXDelegate.cpp. [C:\Users\KusokMedi\Documents\GitHub\BetterShowcase\build\bindings\GeodeBindings.vcxproj]
C:\Program Files (x86)\Microsoft Visual Studio\2022\BuildTools\MSBuild\Microsoft\VC\v170\Microsoft.CppBuild.targets(1129,5): warning MSB8027: ╨┤╨▓╨░ ╨╕╨╗╨╕ ╨▒╨╛╨╗╨╡╨╡ ╤Д╨░╨╣╨╗╨╛╨▓ ╤Б ╨╕╨╝╨╡╨╜╨╡╨╝ CustomSFXWidget.cpp ╨▓╤Л╨▓╨╛╨┤╤П╤В ╤А╨╡╨╖╤Г╨╗╤М╤В╨░╤В╤Л ╨▓ ╨╛╨┤╨╜╨╛ ╨╕ ╤В╨╛ ╨╢╨╡ ╤А╨░╤Б╨┐╨╛╨╗╨╛╨╢╨╡╨╜╨╕╨╡. ╨н╤В╨╛ ╨╝╨╛╨╢╨╡╤В ╤Б╤В╨░╤В╤М ╨┐╤А╨╕╤З╨╕╨╜╨╛╨╣ ╨╜╨╡╨▓╨╡╤А╨╜╨╛╨│╨╛ ╤А╨╡╨╖╤Г╨╗╤М╤В╨░╤В╨░ ╤Б╨▒╨╛╤А╨║╨╕.  ╨Т╨║╨╗╤О╤З╨╡╨╜╨╜╤Л╨╡ ╤Д╨░╨╣╨╗╤Л тАФ C:\Users\KusokMedi\Documents\GitHub\BetterShowcase\build\_deps\bindings-src\bindings\2.2081\inline\CustomSFXWidget.cpp, C:\Users\KusokMedi\Documents\GitHub\BetterShowcase\build\bindings\bindings\Geode\source\CustomSFXWidget.cpp. [C:\Users\KusokMedi\Documents\GitHub\BetterShowcase\build\bindings\GeodeBindings.vcxproj]
C:\Program Files (x86)\Microsoft Visual Studio\2022\BuildTools\MSBuild\Microsoft\VC\v170\Microsoft.CppBuild.targets(1129,5): warning MSB8027: ╨┤╨▓╨░ ╨╕╨╗╨╕ ╨▒╨╛╨╗╨╡╨╡ ╤Д╨░╨╣╨╗╨╛╨▓ ╤Б ╨╕╨╝╨╡╨╜╨╡╨╝ CustomSongCell.cpp ╨▓╤Л╨▓╨╛╨┤╤П╤В ╤А╨╡╨╖╤Г╨╗╤М╤В╨░╤В╤Л ╨▓ ╨╛╨┤╨╜╨╛ ╨╕ ╤В╨╛ ╨╢╨╡ ╤А╨░╤Б╨┐╨╛╨╗╨╛╨╢╨╡╨╜╨╕╨╡. ╨н╤В╨╛ ╨╝╨╛╨╢╨╡╤В ╤Б╤В╨░╤В╤М ╨┐╤А╨╕╤З╨╕╨╜╨╛╨╣ ╨╜╨╡╨▓╨╡╤А╨╜╨╛╨│╨╛ ╤А╨╡╨╖╤Г╨╗╤М╤В╨░╤В╨░ ╤Б╨▒╨╛╤А╨║╨╕.  ╨Т╨║╨╗╤О╤З╨╡╨╜╨╜╤Л╨╡ ╤Д╨░╨╣╨╗╤Л тАФ C:\Users\KusokMedi\Documents\GitHub\BetterShowcase\build\_deps\bindings-src\bindings\2.2081\inline\CustomSongCell.cpp, C:\Users\KusokMedi\Documents\GitHub\BetterShowcase\build\bindings\bindings\Geode\source\CustomSongCell.cpp. [C:\Users\KusokMedi\Documents\GitHub\BetterShowcase\build\bindings\GeodeBindings.vcxproj]
C:\Program Files (x86)\Microsoft Visual Studio\2022\BuildTools\MSBuild\Microsoft\VC\v170\Microsoft.CppBuild.targets(1129,5): warning MSB8027: ╨┤╨▓╨░ ╨╕╨╗╨╕ ╨▒╨╛╨╗╨╡╨╡ ╤Д╨░╨╣╨╗╨╛╨▓ ╤Б ╨╕╨╝╨╡╨╜╨╡╨╝ CustomSongDelegate.cpp ╨▓╤Л╨▓╨╛╨┤╤П╤В ╤А╨╡╨╖╤Г╨╗╤М╤В╨░╤В╤Л ╨▓ ╨╛╨┤╨╜╨╛ ╨╕ ╤В╨╛ ╨╢╨╡ ╤А╨░╤Б╨┐╨╛╨╗╨╛╨╢╨╡╨╜╨╕╨╡. ╨н╤В╨╛ ╨╝╨╛╨╢╨╡╤В ╤Б╤В╨░╤В╤М ╨┐╤А╨╕╤З╨╕╨╜╨╛╨╣ ╨╜╨╡╨▓╨╡╤А╨╜╨╛╨│╨╛ ╤А╨╡╨╖╤Г╨╗╤М╤В╨░╤В╨░ ╤Б╨▒╨╛╤А╨║╨╕.  ╨Т╨║╨╗╤О╤З╨╡╨╜╨╜╤Л╨╡ ╤Д╨░╨╣╨╗╤Л тАФ C:\Users\KusokMedi\Documents\GitHub\BetterShowcase\build\_deps\bindings-src\bindings\2.2081\inline\CustomSongDelegate.cpp, C:\Users\KusokMedi\Documents\GitHub\BetterShowcase\build\bindings\bindings\Geode\source\CustomSongDelegate.cpp. [C:\Users\KusokMedi\Documents\GitHub\BetterShowcase\build\bindings\GeodeBindings.vcxproj]
C:\Program Files (x86)\Microsoft Visual Studio\2022\BuildTools\MSBuild\Microsoft\VC\v170\Microsoft.CppBuild.targets(1129,5): warning MSB8027: ╨┤╨▓╨░ ╨╕╨╗╨╕ ╨▒╨╛╨╗╨╡╨╡ ╤Д╨░╨╣╨╗╨╛╨▓ ╤Б ╨╕╨╝╨╡╨╜╨╡╨╝ CustomSongLayer.cpp ╨▓╤Л╨▓╨╛╨┤╤П╤В ╤А╨╡╨╖╤Г╨╗╤М╤В╨░╤В╤Л ╨▓ ╨╛╨┤╨╜╨╛ ╨╕ ╤В╨╛ ╨╢╨╡ ╤А╨░╤Б╨┐╨╛╨╗╨╛╨╢╨╡╨╜╨╕╨╡. ╨н╤В╨╛ ╨╝╨╛╨╢╨╡╤В ╤Б╤В╨░╤В╤М ╨┐╤А╨╕╤З╨╕╨╜╨╛╨╣ ╨╜╨╡╨▓╨╡╤А╨╜╨╛╨│╨╛ ╤А╨╡╨╖╤Г╨╗╤М╤В╨░╤В╨░ ╤Б╨▒╨╛╤А╨║╨╕.  ╨Т╨║╨╗╤О╤З╨╡╨╜╨╜╤Л╨╡ ╤Д╨░╨╣╨╗╤Л тАФ C:\Users\KusokMedi\Documents\GitHub\BetterShowcase\build\_deps\bindings-src\bindings\2.2081\inline\CustomSongLayer.cpp, C:\Users\KusokMedi\Documents\GitHub\BetterShowcase\build\bindings\bindings\Geode\source\CustomSongLayer.cpp. [C:\Users\KusokMedi\Documents\GitHub\BetterShowcase\build\bindings\GeodeBindings.vcxproj]
C:\Program Files (x86)\Microsoft Visual Studio\2022\BuildTools\MSBuild\Microsoft\VC\v170\Microsoft.CppBuild.targets(1129,5): warning MSB8027: ╨┤╨▓╨░ ╨╕╨╗╨╕ ╨▒╨╛╨╗╨╡╨╡ ╤Д╨░╨╣╨╗╨╛╨▓ ╤Б ╨╕╨╝╨╡╨╜╨╡╨╝ CustomSongLayerDelegate.cpp ╨▓╤Л╨▓╨╛╨┤╤П╤В ╤А╨╡╨╖╤Г╨╗╤М╤В╨░╤В╤Л ╨▓ ╨╛╨┤╨╜╨╛ ╨╕ ╤В╨╛ ╨╢╨╡ ╤А╨░╤Б╨┐╨╛╨╗╨╛╨╢╨╡╨╜╨╕╨╡. ╨н╤В╨╛ ╨╝╨╛╨╢╨╡╤В ╤Б╤В╨░╤В╤М ╨┐╤А╨╕╤З╨╕╨╜╨╛╨╣ ╨╜╨╡╨▓╨╡╤А╨╜╨╛╨│╨╛ ╤А╨╡╨╖╤Г╨╗╤М╤В╨░╤В╨░ ╤Б╨▒╨╛╤А╨║╨╕.  ╨Т╨║╨╗╤О╤З╨╡╨╜╨╜╤Л╨╡ ╤Д╨░╨╣╨╗╤Л тАФ C:\Users\KusokMedi\Documents\GitHub\BetterShowcase\build\_deps\bindings-src\bindings\2.2081\inline\CustomSongLayerDelegate.cpp, C:\Users\KusokMedi\Documents\GitHub\BetterShowcase\build\bindings\bindings\Geode\source\CustomSongLayerDelegate.cpp. [C:\Users\KusokMedi\Documents\GitHub\BetterShowcase\build\bindings\GeodeBindings.vcxproj]
C:\Program Files (x86)\Microsoft Visual Studio\2022\BuildTools\MSBuild\Microsoft\VC\v170\Microsoft.CppBuild.targets(1129,5): warning MSB8027: ╨┤╨▓╨░ ╨╕╨╗╨╕ ╨▒╨╛╨╗╨╡╨╡ ╤Д╨░╨╣╨╗╨╛╨▓ ╤Б ╨╕╨╝╨╡╨╜╨╡╨╝ CustomSongWidget.cpp ╨▓╤Л╨▓╨╛╨┤╤П╤В ╤А╨╡╨╖╤Г╨╗╤М╤В╨░╤В╤Л ╨▓ ╨╛╨┤╨╜╨╛ ╨╕ ╤В╨╛ ╨╢╨╡ ╤А╨░╤Б╨┐╨╛╨╗╨╛╨╢╨╡╨╜╨╕╨╡. ╨н╤В╨╛ ╨╝╨╛╨╢╨╡╤В ╤Б╤В╨░╤В╤М ╨┐╤А╨╕╤З╨╕╨╜╨╛╨╣ ╨╜╨╡╨▓╨╡╤А╨╜╨╛╨│╨╛ ╤А╨╡╨╖╤Г╨╗╤М╤В╨░╤В╨░ ╤Б╨▒╨╛╤А╨║╨╕.  ╨Т╨║╨╗╤О╤З╨╡╨╜╨╜╤Л╨╡ ╤Д╨░╨╣╨╗╤Л тАФ C:\Users\KusokMedi\Documents\GitHub\BetterShowcase\build\_deps\bindings-src\bindings\2.2081\inline\CustomSongWidget.cpp, C:\Users\KusokMedi\Documents\GitHub\BetterShowcase\build\bindings\bindings\Geode\source\CustomSongWidget.cpp. [C:\Users\KusokMedi\Documents\GitHub\BetterShowcase\build\bindings\GeodeBindings.vcxproj]
C:\Program Files (x86)\Microsoft Visual Studio\2022\BuildTools\MSBuild\Microsoft\VC\v170\Microsoft.CppBuild.targets(1129,5): warning MSB8027: ╨┤╨▓╨░ ╨╕╨╗╨╕ ╨▒╨╛╨╗╨╡╨╡ ╤Д╨░╨╣╨╗╨╛╨▓ ╤Б ╨╕╨╝╨╡╨╜╨╡╨╝ CustomizeObjectLayer.cpp ╨▓╤Л╨▓╨╛╨┤╤П╤В ╤А╨╡╨╖╤Г╨╗╤М╤В╨░╤В╤Л ╨▓ ╨╛╨┤╨╜╨╛ ╨╕ ╤В╨╛ ╨╢╨╡ ╤А╨░╤Б╨┐╨╛╨╗╨╛╨╢╨╡╨╜╨╕╨╡. ╨н╤В╨╛ ╨╝╨╛╨╢╨╡╤В ╤Б╤В╨░╤В╤М ╨┐╤А╨╕╤З╨╕╨╜╨╛╨╣ ╨╜╨╡╨▓╨╡╤А╨╜╨╛╨│╨╛ ╤А╨╡╨╖╤Г╨╗╤М╤В╨░╤В╨░ ╤Б╨▒╨╛╤А╨║╨╕.  ╨Т╨║╨╗╤О╤З╨╡╨╜╨╜╤Л╨╡ ╤Д╨░╨╣╨╗╤Л тАФ C:\Users\KusokMedi\Documents\GitHub\BetterShowcase\build\_deps\bindings-src\bindings\2.2081\inline\CustomizeObjectLayer.cpp, C:\Users\KusokMedi\Documents\GitHub\BetterShowcase\build\bindings\bindings\Geode\source\CustomizeObjectLayer.cpp. [C:\Users\KusokMedi\Documents\GitHub\BetterShowcase\build\bindings\GeodeBindings.vcxproj]
C:\Program Files (x86)\Microsoft Visual Studio\2022\BuildTools\MSBuild\Microsoft\VC\v170\Microsoft.CppBuild.targets(1129,5): warning MSB8027: ╨┤╨▓╨░ ╨╕╨╗╨╕ ╨▒╨╛╨╗╨╡╨╡ ╤Д╨░╨╣╨╗╨╛╨▓ ╤Б ╨╕╨╝╨╡╨╜╨╡╨╝ CustomizeObjectSettingsPopup.cpp ╨▓╤Л╨▓╨╛╨┤╤П╤В ╤А╨╡╨╖╤Г╨╗╤М╤В╨░╤В╤Л ╨▓ ╨╛╨┤╨╜╨╛ ╨╕ ╤В╨╛ ╨╢╨╡ ╤А╨░╤Б╨┐╨╛╨╗╨╛╨╢╨╡╨╜╨╕╨╡. ╨н╤В╨╛ ╨╝╨╛╨╢╨╡╤В ╤Б╤В╨░╤В╤М ╨┐╤А╨╕╤З╨╕╨╜╨╛╨╣ ╨╜╨╡╨▓╨╡╤А╨╜╨╛╨│╨╛ ╤А╨╡╨╖╤Г╨╗╤М╤В╨░╤В╨░ ╤Б╨▒╨╛╤А╨║╨╕.  ╨Т╨║╨╗╤О╤З╨╡╨╜╨╜╤Л╨╡ ╤Д╨░╨╣╨╗╤Л тАФ C:\Users\KusokMedi\Documents\GitHub\BetterShowcase\build\_deps\bindings-src\bindings\2.2081\inline\CustomizeObjectSettingsPopup.cpp, C:\Users\KusokMedi\Documents\GitHub\BetterShowcase\build\bindings\bindings\Geode\source\CustomizeObjectSettingsPopup.cpp. [C:\Users\KusokMedi\Documents\GitHub\BetterShowcase\build\bindings\GeodeBindings.vcxproj]
C:\Program Files (x86)\Microsoft Visual Studio\2022\BuildTools\MSBuild\Microsoft\VC\v170\Microsoft.CppBuild.targets(1129,5): warning MSB8027: ╨┤╨▓╨░ ╨╕╨╗╨╕ ╨▒╨╛╨╗╨╡╨╡ ╤Д╨░╨╣╨╗╨╛╨▓ ╤Б ╨╕╨╝╨╡╨╜╨╡╨╝ DSP.cpp ╨▓╤Л╨▓╨╛╨┤╤П╤В ╤А╨╡╨╖╤Г╨╗╤М╤В╨░╤В╤Л ╨▓ ╨╛╨┤╨╜╨╛ ╨╕ ╤В╨╛ ╨╢╨╡ ╤А╨░╤Б╨┐╨╛╨╗╨╛╨╢╨╡╨╜╨╕╨╡. ╨н╤В╨╛ ╨╝╨╛╨╢╨╡╤В ╤Б╤В╨░╤В╤М ╨┐╤А╨╕╤З╨╕╨╜╨╛╨╣ ╨╜╨╡╨▓╨╡╤А╨╜╨╛╨│╨╛ ╤А╨╡╨╖╤Г╨╗╤М╤В╨░╤В╨░ ╤Б╨▒╨╛╤А╨║╨╕.  ╨Т╨║╨╗╤О╤З╨╡╨╜╨╜╤Л╨╡ ╤Д╨░╨╣╨╗╤Л тАФ C:\Users\KusokMedi\Documents\GitHub\BetterShowcase\build\_deps\bindings-src\bindings\2.2081\inline\DSP.cpp, C:\Users\KusokMedi\Documents\GitHub\BetterShowcase\build\bindings\bindings\Geode\source\DSP.cpp. [C:\Users\KusokMedi\Documents\GitHub\BetterShowcase\build\bindings\GeodeBindings.vcxproj]
C:\Program Files (x86)\Microsoft Visual Studio\2022\BuildTools\MSBuild\Microsoft\VC\v170\Microsoft.CppBuild.targets(1129,5): warning MSB8027: ╨┤╨▓╨░ ╨╕╨╗╨╕ ╨▒╨╛╨╗╨╡╨╡ ╤Д╨░╨╣╨╗╨╛╨▓ ╤Б ╨╕╨╝╨╡╨╜╨╡╨╝ DSPConnection.cpp ╨▓╤Л╨▓╨╛╨┤╤П╤В ╤А╨╡╨╖╤Г╨╗╤М╤В╨░╤В╤Л ╨▓ ╨╛╨┤╨╜╨╛ ╨╕ ╤В╨╛ ╨╢╨╡ ╤А╨░╤Б╨┐╨╛╨╗╨╛╨╢╨╡╨╜╨╕╨╡. ╨н╤В╨╛ ╨╝╨╛╨╢╨╡╤В ╤Б╤В╨░╤В╤М ╨┐╤А╨╕╤З╨╕╨╜╨╛╨╣ ╨╜╨╡╨▓╨╡╤А╨╜╨╛╨│╨╛ ╤А╨╡╨╖╤Г╨╗╤М╤В╨░╤В╨░ ╤Б╨▒╨╛╤А╨║╨╕.  ╨Т╨║╨╗╤О╤З╨╡╨╜╨╜╤Л╨╡ ╤Д╨░╨╣╨╗╤Л тАФ C:\Users\KusokMedi\Documents\GitHub\BetterShowcase\build\_deps\bindings-src\bindings\2.2081\inline\DSPConnection.cpp, C:\Users\KusokMedi\Documents\GitHub\BetterShowcase\build\bindings\bindings\Geode\source\DSPConnection.cpp. [C:\Users\KusokMedi\Documents\GitHub\BetterShowcase\build\bindings\GeodeBindings.vcxproj]
C:\Program Files (x86)\Microsoft Visual Studio\2022\BuildTools\MSBuild\Microsoft\VC\v170\Microsoft.CppBuild.targets(1129,5): warning MSB8027: ╨┤╨▓╨░ ╨╕╨╗╨╕ ╨▒╨╛╨╗╨╡╨╡ ╤Д╨░╨╣╨╗╨╛╨▓ ╤Б ╨╕╨╝╨╡╨╜╨╡╨╝ DS_Dictionary.cpp ╨▓╤Л╨▓╨╛╨┤╤П╤В ╤А╨╡╨╖╤Г╨╗╤М╤В╨░╤В╤Л ╨▓ ╨╛╨┤╨╜╨╛ ╨╕ ╤В╨╛ ╨╢╨╡ ╤А╨░╤Б╨┐╨╛╨╗╨╛╨╢╨╡╨╜╨╕╨╡. ╨н╤В╨╛ ╨╝╨╛╨╢╨╡╤В ╤Б╤В╨░╤В╤М ╨┐╤А╨╕╤З╨╕╨╜╨╛╨╣ ╨╜╨╡╨▓╨╡╤А╨╜╨╛╨│╨╛ ╤А╨╡╨╖╤Г╨╗╤М╤В╨░╤В╨░ ╤Б╨▒╨╛╤А╨║╨╕.  ╨Т╨║╨╗╤О╤З╨╡╨╜╨╜╤Л╨╡ ╤Д╨░╨╣╨╗╤Л тАФ C:\Users\KusokMedi\Documents\GitHub\BetterShowcase\build\_deps\bindings-src\bindings\2.2081\inline\DS_Dictionary.cpp, C:\Users\KusokMedi\Documents\GitHub\BetterShowcase\build\bindings\bindings\Geode\source\DS_Dictionary.cpp. [C:\Users\KusokMedi\Documents\GitHub\BetterShowcase\build\bindings\GeodeBindings.vcxproj]
C:\Program Files (x86)\Microsoft Visual Studio\2022\BuildTools\MSBuild\Microsoft\VC\v170\Microsoft.CppBuild.targets(1129,5): warning MSB8027: ╨┤╨▓╨░ ╨╕╨╗╨╕ ╨▒╨╛╨╗╨╡╨╡ ╤Д╨░╨╣╨╗╨╛╨▓ ╤Б ╨╕╨╝╨╡╨╜╨╡╨╝ DailyLevelNode.cpp ╨▓╤Л╨▓╨╛╨┤╤П╤В ╤А╨╡╨╖╤Г╨╗╤М╤В╨░╤В╤Л ╨▓ ╨╛╨┤╨╜╨╛ ╨╕ ╤В╨╛ ╨╢╨╡ ╤А╨░╤Б╨┐╨╛╨╗╨╛╨╢╨╡╨╜╨╕╨╡. ╨н╤В╨╛ ╨╝╨╛╨╢╨╡╤В ╤Б╤В╨░╤В╤М ╨┐╤А╨╕╤З╨╕╨╜╨╛╨╣ ╨╜╨╡╨▓╨╡╤А╨╜╨╛╨│╨╛ ╤А╨╡╨╖╤Г╨╗╤М╤В╨░╤В╨░ ╤Б╨▒╨╛╤А╨║╨╕.  ╨Т╨║╨╗╤О╤З╨╡╨╜╨╜╤Л╨╡ ╤Д╨░╨╣╨╗╤Л тАФ C:\Users\KusokMedi\Documents\GitHub\BetterShowcase\build\_deps\bindings-src\bindings\2.2081\inline\DailyLevelNode.cpp, C:\Users\KusokMedi\Documents\GitHub\BetterShowcase\build\bindings\bindings\Geode\source\DailyLevelNode.cpp. [C:\Users\KusokMedi\Documents\GitHub\BetterShowcase\build\bindings\GeodeBindings.vcxproj]
C:\Program Files (x86)\Microsoft Visual Studio\2022\BuildTools\MSBuild\Microsoft\VC\v170\Microsoft.CppBuild.targets(1129,5): warning MSB8027: ╨┤╨▓╨░ ╨╕╨╗╨╕ ╨▒╨╛╨╗╨╡╨╡ ╤Д╨░╨╣╨╗╨╛╨▓ ╤Б ╨╕╨╝╨╡╨╜╨╡╨╝ DailyLevelPage.cpp ╨▓╤Л╨▓╨╛╨┤╤П╤В ╤А╨╡╨╖╤Г╨╗╤М╤В╨░╤В╤Л ╨▓ ╨╛╨┤╨╜╨╛ ╨╕ ╤В╨╛ ╨╢╨╡ ╤А╨░╤Б╨┐╨╛╨╗╨╛╨╢╨╡╨╜╨╕╨╡. ╨н╤В╨╛ ╨╝╨╛╨╢╨╡╤В ╤Б╤В╨░╤В╤М ╨┐╤А╨╕╤З╨╕╨╜╨╛╨╣ ╨╜╨╡╨▓╨╡╤А╨╜╨╛╨│╨╛ ╤А╨╡╨╖╤Г╨╗╤М╤В╨░╤В╨░ ╤Б╨▒╨╛╤А╨║╨╕.  ╨Т╨║╨╗╤О╤З╨╡╨╜╨╜╤Л╨╡ ╤Д╨░╨╣╨╗╤Л тАФ C:\Users\KusokMedi\Documents\GitHub\BetterShowcase\build\_deps\bindings-src\bindings\2.2081\inline\DailyLevelPage.cpp, C:\Users\KusokMedi\Documents\GitHub\BetterShowcase\build\bindings\bindings\Geode\source\DailyLevelPage.cpp. [C:\Users\KusokMedi\Documents\GitHub\BetterShowcase\build\bindings\GeodeBindings.vcxproj]
C:\Program Files (x86)\Microsoft Visual Studio\2022\BuildTools\MSBuild\Microsoft\VC\v170\Microsoft.CppBuild.targets(1129,5): warning MSB8027: ╨┤╨▓╨░ ╨╕╨╗╨╕ ╨▒╨╛╨╗╨╡╨╡ ╤Д╨░╨╣╨╗╨╛╨▓ ╤Б ╨╕╨╝╨╡╨╜╨╡╨╝ DashRingObject.cpp ╨▓╤Л╨▓╨╛╨┤╤П╤В ╤А╨╡╨╖╤Г╨╗╤М╤В╨░╤В╤Л ╨▓ ╨╛╨┤╨╜╨╛ ╨╕ ╤В╨╛ ╨╢╨╡ ╤А╨░╤Б╨┐╨╛╨╗╨╛╨╢╨╡╨╜╨╕╨╡. ╨н╤В╨╛ ╨╝╨╛╨╢╨╡╤В ╤Б╤В╨░╤В╤М ╨┐╤А╨╕╤З╨╕╨╜╨╛╨╣ ╨╜╨╡╨▓╨╡╤А╨╜╨╛╨│╨╛ ╤А╨╡╨╖╤Г╨╗╤М╤В╨░╤В╨░ ╤Б╨▒╨╛╤А╨║╨╕.  ╨Т╨║╨╗╤О╤З╨╡╨╜╨╜╤Л╨╡ ╤Д╨░╨╣╨╗╤Л тАФ C:\Users\KusokMedi\Documents\GitHub\BetterShowcase\build\_deps\bindings-src\bindings\2.2081\inline\DashRingObject.cpp, C:\Users\KusokMedi\Documents\GitHub\BetterShowcase\build\bindings\bindings\Geode\source\DashRingObject.cpp. [C:\Users\KusokMedi\Documents\GitHub\BetterShowcase\build\bindings\GeodeBindings.vcxproj]
C:\Program Files (x86)\Microsoft Visual Studio\2022\BuildTools\MSBuild\Microsoft\VC\v170\Microsoft.CppBuild.targets(1129,5): warning MSB8027: ╨┤╨▓╨░ ╨╕╨╗╨╕ ╨▒╨╛╨╗╨╡╨╡ ╤Д╨░╨╣╨╗╨╛╨▓ ╤Б ╨╕╨╝╨╡╨╜╨╡╨╝ DelayedSpawnNode.cpp ╨▓╤Л╨▓╨╛╨┤╤П╤В ╤А╨╡╨╖╤Г╨╗╤М╤В╨░╤В╤Л ╨▓ ╨╛╨┤╨╜╨╛ ╨╕ ╤В╨╛ ╨╢╨╡ ╤А╨░╤Б╨┐╨╛╨╗╨╛╨╢╨╡╨╜╨╕╨╡. ╨н╤В╨╛ ╨╝╨╛╨╢╨╡╤В ╤Б╤В╨░╤В╤М ╨┐╤А╨╕╤З╨╕╨╜╨╛╨╣ ╨╜╨╡╨▓╨╡╤А╨╜╨╛╨│╨╛ ╤А╨╡╨╖╤Г╨╗╤М╤В╨░╤В╨░ ╤Б╨▒╨╛╤А╨║╨╕.  ╨Т╨║╨╗╤О╤З╨╡╨╜╨╜╤Л╨╡ ╤Д╨░╨╣╨╗╤Л тАФ C:\Users\KusokMedi\Documents\GitHub\BetterShowcase\build\_deps\bindings-src\bindings\2.2081\inline\DelayedSpawnNode.cpp, C:\Users\KusokMedi\Documents\GitHub\BetterShowcase\build\bindings\bindings\Geode\source\DelayedSpawnNode.cpp. [C:\Users\KusokMedi\Documents\GitHub\BetterShowcase\build\bindings\GeodeBindings.vcxproj]
C:\Program Files (x86)\Microsoft Visual Studio\2022\BuildTools\MSBuild\Microsoft\VC\v170\Microsoft.CppBuild.targets(1129,5): warning MSB8027: ╨┤╨▓╨░ ╨╕╨╗╨╕ ╨▒╨╛╨╗╨╡╨╡ ╤Д╨░╨╣╨╗╨╛╨▓ ╤Б ╨╕╨╝╨╡╨╜╨╡╨╝ DemonFilterDelegate.cpp ╨▓╤Л╨▓╨╛╨┤╤П╤В ╤А╨╡╨╖╤Г╨╗╤М╤В╨░╤В╤Л ╨▓ ╨╛╨┤╨╜╨╛ ╨╕ ╤В╨╛ ╨╢╨╡ ╤А╨░╤Б╨┐╨╛╨╗╨╛╨╢╨╡╨╜╨╕╨╡. ╨н╤В╨╛ ╨╝╨╛╨╢╨╡╤В ╤Б╤В╨░╤В╤М ╨┐╤А╨╕╤З╨╕╨╜╨╛╨╣ ╨╜╨╡╨▓╨╡╤А╨╜╨╛╨│╨╛ ╤А╨╡╨╖╤Г╨╗╤М╤В╨░╤В╨░ ╤Б╨▒╨╛╤А╨║╨╕.  ╨Т╨║╨╗╤О╤З╨╡╨╜╨╜╤Л╨╡ ╤Д╨░╨╣╨╗╤Л тАФ C:\Users\KusokMedi\Documents\GitHub\BetterShowcase\build\_deps\bindings-src\bindings\2.2081\inline\DemonFilterDelegate.cpp, C:\Users\KusokMedi\Documents\GitHub\BetterShowcase\build\bindings\bindings\Geode\source\DemonFilterDelegate.cpp. [C:\Users\KusokMedi\Documents\GitHub\BetterShowcase\build\bindings\GeodeBindings.vcxproj]
C:\Program Files (x86)\Microsoft Visual Studio\2022\BuildTools\MSBuild\Microsoft\VC\v170\Microsoft.CppBuild.targets(1129,5): warning MSB8027: ╨┤╨▓╨░ ╨╕╨╗╨╕ ╨▒╨╛╨╗╨╡╨╡ ╤Д╨░╨╣╨╗╨╛╨▓ ╤Б ╨╕╨╝╨╡╨╜╨╡╨╝ DemonFilterSelectLayer.cpp ╨▓╤Л╨▓╨╛╨┤╤П╤В ╤А╨╡╨╖╤Г╨╗╤М╤В╨░╤В╤Л ╨▓ ╨╛╨┤╨╜╨╛ ╨╕ ╤В╨╛ ╨╢╨╡ ╤А╨░╤Б╨┐╨╛╨╗╨╛╨╢╨╡╨╜╨╕╨╡. ╨н╤В╨╛ ╨╝╨╛╨╢╨╡╤В ╤Б╤В╨░╤В╤М ╨┐╤А╨╕╤З╨╕╨╜╨╛╨╣ ╨╜╨╡╨▓╨╡╤А╨╜╨╛╨│╨╛ ╤А╨╡╨╖╤Г╨╗╤М╤В╨░╤В╨░ ╤Б╨▒╨╛╤А╨║╨╕.  ╨Т╨║╨╗╤О╤З╨╡╨╜╨╜╤Л╨╡ ╤Д╨░╨╣╨╗╤Л тАФ C:\Users\KusokMedi\Documents\GitHub\BetterShowcase\build\_deps\bindings-src\bindings\2.2081\inline\DemonFilterSelectLayer.cpp, C:\Users\KusokMedi\Documents\GitHub\BetterShowcase\build\bindings\bindings\Geode\source\DemonFilterSelectLayer.cpp. [C:\Users\KusokMedi\Documents\GitHub\BetterShowcase\build\bindings\GeodeBindings.vcxproj]
C:\Program Files (x86)\Microsoft Visual Studio\2022\BuildTools\MSBuild\Microsoft\VC\v170\Microsoft.CppBuild.targets(1129,5): warning MSB8027: ╨┤╨▓╨░ ╨╕╨╗╨╕ ╨▒╨╛╨╗╨╡╨╡ ╤Д╨░╨╣╨╗╨╛╨▓ ╤Б ╨╕╨╝╨╡╨╜╨╡╨╝ DemonInfoPopup.cpp ╨▓╤Л╨▓╨╛╨┤╤П╤В ╤А╨╡╨╖╤Г╨╗╤М╤В╨░╤В╤Л ╨▓ ╨╛╨┤╨╜╨╛ ╨╕ ╤В╨╛ ╨╢╨╡ ╤А╨░╤Б╨┐╨╛╨╗╨╛╨╢╨╡╨╜╨╕╨╡. ╨н╤В╨╛ ╨╝╨╛╨╢╨╡╤В ╤Б╤В╨░╤В╤М ╨┐╤А╨╕╤З╨╕╨╜╨╛╨╣ ╨╜╨╡╨▓╨╡╤А╨╜╨╛╨│╨╛ ╤А╨╡╨╖╤Г╨╗╤М╤В╨░╤В╨░ ╤Б╨▒╨╛╤А╨║╨╕.  ╨Т╨║╨╗╤О╤З╨╡╨╜╨╜╤Л╨╡ ╤Д╨░╨╣╨╗╤Л тАФ C:\Users\KusokMedi\Documents\GitHub\BetterShowcase\build\_deps\bindings-src\bindings\2.2081\inline\DemonInfoPopup.cpp, C:\Users\KusokMedi\Documents\GitHub\BetterShowcase\build\bindings\bindings\Geode\source\DemonInfoPopup.cpp. [C:\Users\KusokMedi\Documents\GitHub\BetterShowcase\build\bindings\GeodeBindings.vcxproj]
C:\Program Files (x86)\Microsoft Visual Studio\2022\BuildTools\MSBuild\Microsoft\VC\v170\Microsoft.CppBuild.targets(1129,5): warning MSB8027: ╨┤╨▓╨░ ╨╕╨╗╨╕ ╨▒╨╛╨╗╨╡╨╡ ╤Д╨░╨╣╨╗╨╛╨▓ ╤Б ╨╕╨╝╨╡╨╜╨╡╨╝ DialogDelegate.cpp ╨▓╤Л╨▓╨╛╨┤╤П╤В ╤А╨╡╨╖╤Г╨╗╤М╤В╨░╤В╤Л ╨▓ ╨╛╨┤╨╜╨╛ ╨╕ ╤В╨╛ ╨╢╨╡ ╤А╨░╤Б╨┐╨╛╨╗╨╛╨╢╨╡╨╜╨╕╨╡. ╨н╤В╨╛ ╨╝╨╛╨╢╨╡╤В ╤Б╤В╨░╤В╤М ╨┐╤А╨╕╤З╨╕╨╜╨╛╨╣ ╨╜╨╡╨▓╨╡╤А╨╜╨╛╨│╨╛ ╤А╨╡╨╖╤Г╨╗╤М╤В╨░╤В╨░ ╤Б╨▒╨╛╤А╨║╨╕.  ╨Т╨║╨╗╤О╤З╨╡╨╜╨╜╤Л╨╡ ╤Д╨░╨╣╨╗╤Л тАФ C:\Users\KusokMedi\Documents\GitHub\BetterShowcase\build\_deps\bindings-src\bindings\2.2081\inline\DialogDelegate.cpp, C:\Users\KusokMedi\Documents\GitHub\BetterShowcase\build\bindings\bindings\Geode\source\DialogDelegate.cpp. [C:\Users\KusokMedi\Documents\GitHub\BetterShowcase\build\bindings\GeodeBindings.vcxproj]
C:\Program Files (x86)\Microsoft Visual Studio\2022\BuildTools\MSBuild\Microsoft\VC\v170\Microsoft.CppBuild.targets(1129,5): warning MSB8027: ╨┤╨▓╨░ ╨╕╨╗╨╕ ╨▒╨╛╨╗╨╡╨╡ ╤Д╨░╨╣╨╗╨╛╨▓ ╤Б ╨╕╨╝╨╡╨╜╨╡╨╝ DialogLayer.cpp ╨▓╤Л╨▓╨╛╨┤╤П╤В ╤А╨╡╨╖╤Г╨╗╤М╤В╨░╤В╤Л ╨▓ ╨╛╨┤╨╜╨╛ ╨╕ ╤В╨╛ ╨╢╨╡ ╤А╨░╤Б╨┐╨╛╨╗╨╛╨╢╨╡╨╜╨╕╨╡. ╨н╤В╨╛ ╨╝╨╛╨╢╨╡╤В ╤Б╤В╨░╤В╤М ╨┐╤А╨╕╤З╨╕╨╜╨╛╨╣ ╨╜╨╡╨▓╨╡╤А╨╜╨╛╨│╨╛ ╤А╨╡╨╖╤Г╨╗╤М╤В╨░╤В╨░ ╤Б╨▒╨╛╤А╨║╨╕.  ╨Т╨║╨╗╤О╤З╨╡╨╜╨╜╤Л╨╡ ╤Д╨░╨╣╨╗╤Л тАФ C:\Users\KusokMedi\Documents\GitHub\BetterShowcase\build\_deps\bindings-src\bindings\2.2081\inline\DialogLayer.cpp, C:\Users\KusokMedi\Documents\GitHub\BetterShowcase\build\bindings\bindings\Geode\source\DialogLayer.cpp. [C:\Users\KusokMedi\Documents\GitHub\BetterShowcase\build\bindings\GeodeBindings.vcxproj]
C:\Program Files (x86)\Microsoft Visual Studio\2022\BuildTools\MSBuild\Microsoft\VC\v170\Microsoft.CppBuild.targets(1129,5): warning MSB8027: ╨┤╨▓╨░ ╨╕╨╗╨╕ ╨▒╨╛╨╗╨╡╨╡ ╤Д╨░╨╣╨╗╨╛╨▓ ╤Б ╨╕╨╝╨╡╨╜╨╡╨╝ DialogObject.cpp ╨▓╤Л╨▓╨╛╨┤╤П╤В ╤А╨╡╨╖╤Г╨╗╤М╤В╨░╤В╤Л ╨▓ ╨╛╨┤╨╜╨╛ ╨╕ ╤В╨╛ ╨╢╨╡ ╤А╨░╤Б╨┐╨╛╨╗╨╛╨╢╨╡╨╜╨╕╨╡. ╨н╤В╨╛ ╨╝╨╛╨╢╨╡╤В ╤Б╤В╨░╤В╤М ╨┐╤А╨╕╤З╨╕╨╜╨╛╨╣ ╨╜╨╡╨▓╨╡╤А╨╜╨╛╨│╨╛ ╤А╨╡╨╖╤Г╨╗╤М╤В╨░╤В╨░ ╤Б╨▒╨╛╤А╨║╨╕.  ╨Т╨║╨╗╤О╤З╨╡╨╜╨╜╤Л╨╡ ╤Д╨░╨╣╨╗╤Л тАФ C:\Users\KusokMedi\Documents\GitHub\BetterShowcase\build\_deps\bindings-src\bindings\2.2081\inline\DialogObject.cpp, C:\Users\KusokMedi\Documents\GitHub\BetterShowcase\build\bindings\bindings\Geode\source\DialogObject.cpp. [C:\Users\KusokMedi\Documents\GitHub\BetterShowcase\build\bindings\GeodeBindings.vcxproj]
C:\Program Files (x86)\Microsoft Visual Studio\2022\BuildTools\MSBuild\Microsoft\VC\v170\Microsoft.CppBuild.targets(1129,5): warning MSB8027: ╨┤╨▓╨░ ╨╕╨╗╨╕ ╨▒╨╛╨╗╨╡╨╡ ╤Д╨░╨╣╨╗╨╛╨▓ ╤Б ╨╕╨╝╨╡╨╜╨╡╨╝ DownloadMessageDelegate.cpp ╨▓╤Л╨▓╨╛╨┤╤П╤В ╤А╨╡╨╖╤Г╨╗╤М╤В╨░╤В╤Л ╨▓ ╨╛╨┤╨╜╨╛ ╨╕ ╤В╨╛ ╨╢╨╡ ╤А╨░╤Б╨┐╨╛╨╗╨╛╨╢╨╡╨╜╨╕╨╡. ╨н╤В╨╛ ╨╝╨╛╨╢╨╡╤В ╤Б╤В╨░╤В╤М ╨┐╤А╨╕╤З╨╕╨╜╨╛╨╣ ╨╜╨╡╨▓╨╡╤А╨╜╨╛╨│╨╛ ╤А╨╡╨╖╤Г╨╗╤М╤В╨░╤В╨░ ╤Б╨▒╨╛╤А╨║╨╕.  ╨Т╨║╨╗╤О╤З╨╡╨╜╨╜╤Л╨╡ ╤Д╨░╨╣╨╗╤Л тАФ C:\Users\KusokMedi\Documents\GitHub\BetterShowcase\build\_deps\bindings-src\bindings\2.2081\inline\DownloadMessageDelegate.cpp, C:\Users\KusokMedi\Documents\GitHub\BetterShowcase\build\bindings\bindings\Geode\source\DownloadMessageDelegate.cpp. [C:\Users\KusokMedi\Documents\GitHub\BetterShowcase\build\bindings\GeodeBindings.vcxproj]
C:\Program Files (x86)\Microsoft Visual Studio\2022\BuildTools\MSBuild\Microsoft\VC\v170\Microsoft.CppBuild.targets(1129,5): warning MSB8027: ╨┤╨▓╨░ ╨╕╨╗╨╕ ╨▒╨╛╨╗╨╡╨╡ ╤Д╨░╨╣╨╗╨╛╨▓ ╤Б ╨╕╨╝╨╡╨╜╨╡╨╝ DrawGridLayer.cpp ╨▓╤Л╨▓╨╛╨┤╤П╤В ╤А╨╡╨╖╤Г╨╗╤М╤В╨░╤В╤Л ╨▓ ╨╛╨┤╨╜╨╛ ╨╕ ╤В╨╛ ╨╢╨╡ ╤А╨░╤Б╨┐╨╛╨╗╨╛╨╢╨╡╨╜╨╕╨╡. ╨н╤В╨╛ ╨╝╨╛╨╢╨╡╤В ╤Б╤В╨░╤В╤М ╨┐╤А╨╕╤З╨╕╨╜╨╛╨╣ ╨╜╨╡╨▓╨╡╤А╨╜╨╛╨│╨╛ ╤А╨╡╨╖╤Г╨╗╤М╤В╨░╤В╨░ ╤Б╨▒╨╛╤А╨║╨╕.  ╨Т╨║╨╗╤О╤З╨╡╨╜╨╜╤Л╨╡ ╤Д╨░╨╣╨╗╤Л тАФ C:\Users\KusokMedi\Documents\GitHub\BetterShowcase\build\_deps\bindings-src\bindings\2.2081\inline\DrawGridLayer.cpp, C:\Users\KusokMedi\Documents\GitHub\BetterShowcase\build\bindings\bindings\Geode\source\DrawGridLayer.cpp. [C:\Users\KusokMedi\Documents\GitHub\BetterShowcase\build\bindings\GeodeBindings.vcxproj]
C:\Program Files (x86)\Microsoft Visual Studio\2022\BuildTools\MSBuild\Microsoft\VC\v170\Microsoft.CppBuild.targets(1129,5): warning MSB8027: ╨┤╨▓╨░ ╨╕╨╗╨╕ ╨▒╨╛╨╗╨╡╨╡ ╤Д╨░╨╣╨╗╨╛╨▓ ╤Б ╨╕╨╝╨╡╨╜╨╡╨╝ DungeonBarsSprite.cpp ╨▓╤Л╨▓╨╛╨┤╤П╤В ╤А╨╡╨╖╤Г╨╗╤М╤В╨░╤В╤Л ╨▓ ╨╛╨┤╨╜╨╛ ╨╕ ╤В╨╛ ╨╢╨╡ ╤А╨░╤Б╨┐╨╛╨╗╨╛╨╢╨╡╨╜╨╕╨╡. ╨н╤В╨╛ ╨╝╨╛╨╢╨╡╤В ╤Б╤В╨░╤В╤М ╨┐╤А╨╕╤З╨╕╨╜╨╛╨╣ ╨╜╨╡╨▓╨╡╤А╨╜╨╛╨│╨╛ ╤А╨╡╨╖╤Г╨╗╤М╤В╨░╤В╨░ ╤Б╨▒╨╛╤А╨║╨╕.  ╨Т╨║╨╗╤О╤З╨╡╨╜╨╜╤Л╨╡ ╤Д╨░╨╣╨╗╤Л тАФ C:\Users\KusokMedi\Documents\GitHub\BetterShowcase\build\_deps\bindings-src\bindings\2.2081\inline\DungeonBarsSprite.cpp, C:\Users\KusokMedi\Documents\GitHub\BetterShowcase\build\bindings\bindings\Geode\source\DungeonBarsSprite.cpp. [C:\Users\KusokMedi\Documents\GitHub\BetterShowcase\build\bindings\GeodeBindings.vcxproj]
C:\Program Files (x86)\Microsoft Visual Studio\2022\BuildTools\MSBuild\Microsoft\VC\v170\Microsoft.CppBuild.targets(1129,5): warning MSB8027: ╨┤╨▓╨░ ╨╕╨╗╨╕ ╨▒╨╛╨╗╨╡╨╡ ╤Д╨░╨╣╨╗╨╛╨▓ ╤Б ╨╕╨╝╨╡╨╜╨╡╨╝ DynamicBitset.cpp ╨▓╤Л╨▓╨╛╨┤╤П╤В ╤А╨╡╨╖╤Г╨╗╤М╤В╨░╤В╤Л ╨▓ ╨╛╨┤╨╜╨╛ ╨╕ ╤В╨╛ ╨╢╨╡ ╤А╨░╤Б╨┐╨╛╨╗╨╛╨╢╨╡╨╜╨╕╨╡. ╨н╤В╨╛ ╨╝╨╛╨╢╨╡╤В ╤Б╤В╨░╤В╤М ╨┐╤А╨╕╤З╨╕╨╜╨╛╨╣ ╨╜╨╡╨▓╨╡╤А╨╜╨╛╨│╨╛ ╤А╨╡╨╖╤Г╨╗╤М╤В╨░╤В╨░ ╤Б╨▒╨╛╤А╨║╨╕.  ╨Т╨║╨╗╤О╤З╨╡╨╜╨╜╤Л╨╡ ╤Д╨░╨╣╨╗╤Л тАФ C:\Users\KusokMedi\Documents\GitHub\BetterShowcase\build\_deps\bindings-src\bindings\2.2081\inline\DynamicBitset.cpp, C:\Users\KusokMedi\Documents\GitHub\BetterShowcase\build\bindings\bindings\Geode\source\DynamicBitset.cpp. [C:\Users\KusokMedi\Documents\GitHub\BetterShowcase\build\bindings\GeodeBindings.vcxproj]
C:\Program Files (x86)\Microsoft Visual Studio\2022\BuildTools\MSBuild\Microsoft\VC\v170\Microsoft.CppBuild.targets(1129,5): warning MSB8027: ╨┤╨▓╨░ ╨╕╨╗╨╕ ╨▒╨╛╨╗╨╡╨╡ ╤Д╨░╨╣╨╗╨╛╨▓ ╤Б ╨╕╨╝╨╡╨╜╨╡╨╝ DynamicMoveCalculation.cpp ╨▓╤Л╨▓╨╛╨┤╤П╤В ╤А╨╡╨╖╤Г╨╗╤М╤В╨░╤В╤Л ╨▓ ╨╛╨┤╨╜╨╛ ╨╕ ╤В╨╛ ╨╢╨╡ ╤А╨░╤Б╨┐╨╛╨╗╨╛╨╢╨╡╨╜╨╕╨╡. ╨н╤В╨╛ ╨╝╨╛╨╢╨╡╤В ╤Б╤В╨░╤В╤М ╨┐╤А╨╕╤З╨╕╨╜╨╛╨╣ ╨╜╨╡╨▓╨╡╤А╨╜╨╛╨│╨╛ ╤А╨╡╨╖╤Г╨╗╤М╤В╨░╤В╨░ ╤Б╨▒╨╛╤А╨║╨╕.  ╨Т╨║╨╗╤О╤З╨╡╨╜╨╜╤Л╨╡ ╤Д╨░╨╣╨╗╤Л тАФ C:\Users\KusokMedi\Documents\GitHub\BetterShowcase\build\_deps\bindings-src\bindings\2.2081\inline\DynamicMoveCalculation.cpp, C:\Users\KusokMedi\Documents\GitHub\BetterShowcase\build\bindings\bindings\Geode\source\DynamicMoveCalculation.cpp. [C:\Users\KusokMedi\Documents\GitHub\BetterShowcase\build\bindings\GeodeBindings.vcxproj]
C:\Program Files (x86)\Microsoft Visual Studio\2022\BuildTools\MSBuild\Microsoft\VC\v170\Microsoft.CppBuild.targets(1129,5): warning MSB8027: ╨┤╨▓╨░ ╨╕╨╗╨╕ ╨▒╨╛╨╗╨╡╨╡ ╤Д╨░╨╣╨╗╨╛╨▓ ╤Б ╨╕╨╝╨╡╨╜╨╡╨╝ DynamicObjectAction.cpp ╨▓╤Л╨▓╨╛╨┤╤П╤В ╤А╨╡╨╖╤Г╨╗╤М╤В╨░╤В╤Л ╨▓ ╨╛╨┤╨╜╨╛ ╨╕ ╤В╨╛ ╨╢╨╡ ╤А╨░╤Б╨┐╨╛╨╗╨╛╨╢╨╡╨╜╨╕╨╡. ╨н╤В╨╛ ╨╝╨╛╨╢╨╡╤В ╤Б╤В╨░╤В╤М ╨┐╤А╨╕╤З╨╕╨╜╨╛╨╣ ╨╜╨╡╨▓╨╡╤А╨╜╨╛╨│╨╛ ╤А╨╡╨╖╤Г╨╗╤М╤В╨░╤В╨░ ╤Б╨▒╨╛╤А╨║╨╕.  ╨Т╨║╨╗╤О╤З╨╡╨╜╨╜╤Л╨╡ ╤Д╨░╨╣╨╗╤Л тАФ C:\Users\KusokMedi\Documents\GitHub\BetterShowcase\build\_deps\bindings-src\bindings\2.2081\inline\DynamicObjectAction.cpp, C:\Users\KusokMedi\Documents\GitHub\BetterShowcase\build\bindings\bindings\Geode\source\DynamicObjectAction.cpp. [C:\Users\KusokMedi\Documents\GitHub\BetterShowcase\build\bindings\GeodeBindings.vcxproj]
C:\Program Files (x86)\Microsoft Visual Studio\2022\BuildTools\MSBuild\Microsoft\VC\v170\Microsoft.CppBuild.targets(1129,5): warning MSB8027: ╨┤╨▓╨░ ╨╕╨╗╨╕ ╨▒╨╛╨╗╨╡╨╡ ╤Д╨░╨╣╨╗╨╛╨▓ ╤Б ╨╕╨╝╨╡╨╜╨╡╨╝ DynamicScrollDelegate.cpp ╨▓╤Л╨▓╨╛╨┤╤П╤В ╤А╨╡╨╖╤Г╨╗╤М╤В╨░╤В╤Л ╨▓ ╨╛╨┤╨╜╨╛ ╨╕ ╤В╨╛ ╨╢╨╡ ╤А╨░╤Б╨┐╨╛╨╗╨╛╨╢╨╡╨╜╨╕╨╡. ╨н╤В╨╛ ╨╝╨╛╨╢╨╡╤В ╤Б╤В╨░╤В╤М ╨┐╤А╨╕╤З╨╕╨╜╨╛╨╣ ╨╜╨╡╨▓╨╡╤А╨╜╨╛╨│╨╛ ╤А╨╡╨╖╤Г╨╗╤М╤В╨░╤В╨░ ╤Б╨▒╨╛╤А╨║╨╕.  ╨Т╨║╨╗╤О╤З╨╡╨╜╨╜╤Л╨╡ ╤Д╨░╨╣╨╗╤Л тАФ C:\Users\KusokMedi\Documents\GitHub\BetterShowcase\build\_deps\bindings-src\bindings\2.2081\inline\DynamicScrollDelegate.cpp, C:\Users\KusokMedi\Documents\GitHub\BetterShowcase\build\bindings\bindings\Geode\source\DynamicScrollDelegate.cpp. [C:\Users\KusokMedi\Documents\GitHub\BetterShowcase\build\bindings\GeodeBindings.vcxproj]
C:\Program Files (x86)\Microsoft Visual Studio\2022\BuildTools\MSBuild\Microsoft\VC\v170\Microsoft.CppBuild.targets(1129,5): warning MSB8027: ╨┤╨▓╨░ ╨╕╨╗╨╕ ╨▒╨╛╨╗╨╡╨╡ ╤Д╨░╨╣╨╗╨╛╨▓ ╤Б ╨╕╨╝╨╡╨╜╨╡╨╝ EditButtonBar.cpp ╨▓╤Л╨▓╨╛╨┤╤П╤В ╤А╨╡╨╖╤Г╨╗╤М╤В╨░╤В╤Л ╨▓ ╨╛╨┤╨╜╨╛ ╨╕ ╤В╨╛ ╨╢╨╡ ╤А╨░╤Б╨┐╨╛╨╗╨╛╨╢╨╡╨╜╨╕╨╡. ╨н╤В╨╛ ╨╝╨╛╨╢╨╡╤В ╤Б╤В╨░╤В╤М ╨┐╤А╨╕╤З╨╕╨╜╨╛╨╣ ╨╜╨╡╨▓╨╡╤А╨╜╨╛╨│╨╛ ╤А╨╡╨╖╤Г╨╗╤М╤В╨░╤В╨░ ╤Б╨▒╨╛╤А╨║╨╕.  ╨Т╨║╨╗╤О╤З╨╡╨╜╨╜╤Л╨╡ ╤Д╨░╨╣╨╗╤Л тАФ C:\Users\KusokMedi\Documents\GitHub\BetterShowcase\build\_deps\bindings-src\bindings\2.2081\inline\EditButtonBar.cpp, C:\Users\KusokMedi\Documents\GitHub\BetterShowcase\build\bindings\bindings\Geode\source\EditButtonBar.cpp. [C:\Users\KusokMedi\Documents\GitHub\BetterShowcase\build\bindings\GeodeBindings.vcxproj]
C:\Program Files (x86)\Microsoft Visual Studio\2022\BuildTools\MSBuild\Microsoft\VC\v170\Microsoft.CppBuild.targets(1129,5): warning MSB8027: ╨┤╨▓╨░ ╨╕╨╗╨╕ ╨▒╨╛╨╗╨╡╨╡ ╤Д╨░╨╣╨╗╨╛╨▓ ╤Б ╨╕╨╝╨╡╨╜╨╡╨╝ EditGameObjectPopup.cpp ╨▓╤Л╨▓╨╛╨┤╤П╤В ╤А╨╡╨╖╤Г╨╗╤М╤В╨░╤В╤Л ╨▓ ╨╛╨┤╨╜╨╛ ╨╕ ╤В╨╛ ╨╢╨╡ ╤А╨░╤Б╨┐╨╛╨╗╨╛╨╢╨╡╨╜╨╕╨╡. ╨н╤В╨╛ ╨╝╨╛╨╢╨╡╤В ╤Б╤В╨░╤В╤М ╨┐╤А╨╕╤З╨╕╨╜╨╛╨╣ ╨╜╨╡╨▓╨╡╤А╨╜╨╛╨│╨╛ ╤А╨╡╨╖╤Г╨╗╤М╤В╨░╤В╨░ ╤Б╨▒╨╛╤А╨║╨╕.  ╨Т╨║╨╗╤О╤З╨╡╨╜╨╜╤Л╨╡ ╤Д╨░╨╣╨╗╤Л тАФ C:\Users\KusokMedi\Documents\GitHub\BetterShowcase\build\_deps\bindings-src\bindings\2.2081\inline\EditGameObjectPopup.cpp, C:\Users\KusokMedi\Documents\GitHub\BetterShowcase\build\bindings\bindings\Geode\source\EditGameObjectPopup.cpp. [C:\Users\KusokMedi\Documents\GitHub\BetterShowcase\build\bindings\GeodeBindings.vcxproj]
C:\Program Files (x86)\Microsoft Visual Studio\2022\BuildTools\MSBuild\Microsoft\VC\v170\Microsoft.CppBuild.targets(1129,5): warning MSB8027: ╨┤╨▓╨░ ╨╕╨╗╨╕ ╨▒╨╛╨╗╨╡╨╡ ╤Д╨░╨╣╨╗╨╛╨▓ ╤Б ╨╕╨╝╨╡╨╜╨╡╨╝ EditLevelLayer.cpp ╨▓╤Л╨▓╨╛╨┤╤П╤В ╤А╨╡╨╖╤Г╨╗╤М╤В╨░╤В╤Л ╨▓ ╨╛╨┤╨╜╨╛ ╨╕ ╤В╨╛ ╨╢╨╡ ╤А╨░╤Б╨┐╨╛╨╗╨╛╨╢╨╡╨╜╨╕╨╡. ╨н╤В╨╛ ╨╝╨╛╨╢╨╡╤В ╤Б╤В╨░╤В╤М ╨┐╤А╨╕╤З╨╕╨╜╨╛╨╣ ╨╜╨╡╨▓╨╡╤А╨╜╨╛╨│╨╛ ╤А╨╡╨╖╤Г╨╗╤М╤В╨░╤В╨░ ╤Б╨▒╨╛╤А╨║╨╕.  ╨Т╨║╨╗╤О╤З╨╡╨╜╨╜╤Л╨╡ ╤Д╨░╨╣╨╗╤Л тАФ C:\Users\KusokMedi\Documents\GitHub\BetterShowcase\build\_deps\bindings-src\bindings\2.2081\inline\EditLevelLayer.cpp, C:\Users\KusokMedi\Documents\GitHub\BetterShowcase\build\bindings\bindings\Geode\source\EditLevelLayer.cpp. [C:\Users\KusokMedi\Documents\GitHub\BetterShowcase\build\bindings\GeodeBindings.vcxproj]
C:\Program Files (x86)\Microsoft Visual Studio\2022\BuildTools\MSBuild\Microsoft\VC\v170\Microsoft.CppBuild.targets(1129,5): warning MSB8027: ╨┤╨▓╨░ ╨╕╨╗╨╕ ╨▒╨╛╨╗╨╡╨╡ ╤Д╨░╨╣╨╗╨╛╨▓ ╤Б ╨╕╨╝╨╡╨╜╨╡╨╝ EditTriggersPopup.cpp ╨▓╤Л╨▓╨╛╨┤╤П╤В ╤А╨╡╨╖╤Г╨╗╤М╤В╨░╤В╤Л ╨▓ ╨╛╨┤╨╜╨╛ ╨╕ ╤В╨╛ ╨╢╨╡ ╤А╨░╤Б╨┐╨╛╨╗╨╛╨╢╨╡╨╜╨╕╨╡. ╨н╤В╨╛ ╨╝╨╛╨╢╨╡╤В ╤Б╤В╨░╤В╤М ╨┐╤А╨╕╤З╨╕╨╜╨╛╨╣ ╨╜╨╡╨▓╨╡╤А╨╜╨╛╨│╨╛ ╤А╨╡╨╖╤Г╨╗╤М╤В╨░╤В╨░ ╤Б╨▒╨╛╤А╨║╨╕.  ╨Т╨║╨╗╤О╤З╨╡╨╜╨╜╤Л╨╡ ╤Д╨░╨╣╨╗╤Л тАФ C:\Users\KusokMedi\Documents\GitHub\BetterShowcase\build\_deps\bindings-src\bindings\2.2081\inline\EditTriggersPopup.cpp, C:\Users\KusokMedi\Documents\GitHub\BetterShowcase\build\bindings\bindings\Geode\source\EditTriggersPopup.cpp. [C:\Users\KusokMedi\Documents\GitHub\BetterShowcase\build\bindings\GeodeBindings.vcxproj]
C:\Program Files (x86)\Microsoft Visual Studio\2022\BuildTools\MSBuild\Microsoft\VC\v170\Microsoft.CppBuild.targets(1129,5): warning MSB8027: ╨┤╨▓╨░ ╨╕╨╗╨╕ ╨▒╨╛╨╗╨╡╨╡ ╤Д╨░╨╣╨╗╨╛╨▓ ╤Б ╨╕╨╝╨╡╨╜╨╡╨╝ EditorOptionsLayer.cpp ╨▓╤Л╨▓╨╛╨┤╤П╤В ╤А╨╡╨╖╤Г╨╗╤М╤В╨░╤В╤Л ╨▓ ╨╛╨┤╨╜╨╛ ╨╕ ╤В╨╛ ╨╢╨╡ ╤А╨░╤Б╨┐╨╛╨╗╨╛╨╢╨╡╨╜╨╕╨╡. ╨н╤В╨╛ ╨╝╨╛╨╢╨╡╤В ╤Б╤В╨░╤В╤М ╨┐╤А╨╕╤З╨╕╨╜╨╛╨╣ ╨╜╨╡╨▓╨╡╤А╨╜╨╛╨│╨╛ ╤А╨╡╨╖╤Г╨╗╤М╤В╨░╤В╨░ ╤Б╨▒╨╛╤А╨║╨╕.  ╨Т╨║╨╗╤О╤З╨╡╨╜╨╜╤Л╨╡ ╤Д╨░╨╣╨╗╤Л тАФ C:\Users\KusokMedi\Documents\GitHub\BetterShowcase\build\_deps\bindings-src\bindings\2.2081\inline\EditorOptionsLayer.cpp, C:\Users\KusokMedi\Documents\GitHub\BetterShowcase\build\bindings\bindings\Geode\source\EditorOptionsLayer.cpp. [C:\Users\KusokMedi\Documents\GitHub\BetterShowcase\build\bindings\GeodeBindings.vcxproj]
C:\Program Files (x86)\Microsoft Visual Studio\2022\BuildTools\MSBuild\Microsoft\VC\v170\Microsoft.CppBuild.targets(1129,5): warning MSB8027: ╨┤╨▓╨░ ╨╕╨╗╨╕ ╨▒╨╛╨╗╨╡╨╡ ╤Д╨░╨╣╨╗╨╛╨▓ ╤Б ╨╕╨╝╨╡╨╜╨╡╨╝ EditorPauseLayer.cpp ╨▓╤Л╨▓╨╛╨┤╤П╤В ╤А╨╡╨╖╤Г╨╗╤М╤В╨░╤В╤Л ╨▓ ╨╛╨┤╨╜╨╛ ╨╕ ╤В╨╛ ╨╢╨╡ ╤А╨░╤Б╨┐╨╛╨╗╨╛╨╢╨╡╨╜╨╕╨╡. ╨н╤В╨╛ ╨╝╨╛╨╢╨╡╤В ╤Б╤В╨░╤В╤М ╨┐╤А╨╕╤З╨╕╨╜╨╛╨╣ ╨╜╨╡╨▓╨╡╤А╨╜╨╛╨│╨╛ ╤А╨╡╨╖╤Г╨╗╤М╤В╨░╤В╨░ ╤Б╨▒╨╛╤А╨║╨╕.  ╨Т╨║╨╗╤О╤З╨╡╨╜╨╜╤Л╨╡ ╤Д╨░╨╣╨╗╤Л тАФ C:\Users\KusokMedi\Documents\GitHub\BetterShowcase\build\_deps\bindings-src\bindings\2.2081\inline\EditorPauseLayer.cpp, C:\Users\KusokMedi\Documents\GitHub\BetterShowcase\build\bindings\bindings\Geode\source\EditorPauseLayer.cpp. [C:\Users\KusokMedi\Documents\GitHub\BetterShowcase\build\bindings\GeodeBindings.vcxproj]
C:\Program Files (x86)\Microsoft Visual Studio\2022\BuildTools\MSBuild\Microsoft\VC\v170\Microsoft.CppBuild.targets(1129,5): warning MSB8027: ╨┤╨▓╨░ ╨╕╨╗╨╕ ╨▒╨╛╨╗╨╡╨╡ ╤Д╨░╨╣╨╗╨╛╨▓ ╤Б ╨╕╨╝╨╡╨╜╨╡╨╝ EditorUI.cpp ╨▓╤Л╨▓╨╛╨┤╤П╤В ╤А╨╡╨╖╤Г╨╗╤М╤В╨░╤В╤Л ╨▓ ╨╛╨┤╨╜╨╛ ╨╕ ╤В╨╛ ╨╢╨╡ ╤А╨░╤Б╨┐╨╛╨╗╨╛╨╢╨╡╨╜╨╕╨╡. ╨н╤В╨╛ ╨╝╨╛╨╢╨╡╤В ╤Б╤В╨░╤В╤М ╨┐╤А╨╕╤З╨╕╨╜╨╛╨╣ ╨╜╨╡╨▓╨╡╤А╨╜╨╛╨│╨╛ ╤А╨╡╨╖╤Г╨╗╤М╤В╨░╤В╨░ ╤Б╨▒╨╛╤А╨║╨╕.  ╨Т╨║╨╗╤О╤З╨╡╨╜╨╜╤Л╨╡ ╤Д╨░╨╣╨╗╤Л тАФ C:\Users\KusokMedi\Documents\GitHub\BetterShowcase\build\_deps\bindings-src\bindings\2.2081\inline\EditorUI.cpp, C:\Users\KusokMedi\Documents\GitHub\BetterShowcase\build\bindings\bindings\Geode\source\EditorUI.cpp. [C:\Users\KusokMedi\Documents\GitHub\BetterShowcase\build\bindings\GeodeBindings.vcxproj]
C:\Program Files (x86)\Microsoft Visual Studio\2022\BuildTools\MSBuild\Microsoft\VC\v170\Microsoft.CppBuild.targets(1129,5): warning MSB8027: ╨┤╨▓╨░ ╨╕╨╗╨╕ ╨▒╨╛╨╗╨╡╨╡ ╤Д╨░╨╣╨╗╨╛╨▓ ╤Б ╨╕╨╝╨╡╨╜╨╡╨╝ EffectGameObject.cpp ╨▓╤Л╨▓╨╛╨┤╤П╤В ╤А╨╡╨╖╤Г╨╗╤М╤В╨░╤В╤Л ╨▓ ╨╛╨┤╨╜╨╛ ╨╕ ╤В╨╛ ╨╢╨╡ ╤А╨░╤Б╨┐╨╛╨╗╨╛╨╢╨╡╨╜╨╕╨╡. ╨н╤В╨╛ ╨╝╨╛╨╢╨╡╤В ╤Б╤В╨░╤В╤М ╨┐╤А╨╕╤З╨╕╨╜╨╛╨╣ ╨╜╨╡╨▓╨╡╤А╨╜╨╛╨│╨╛ ╤А╨╡╨╖╤Г╨╗╤М╤В╨░╤В╨░ ╤Б╨▒╨╛╤А╨║╨╕.  ╨Т╨║╨╗╤О╤З╨╡╨╜╨╜╤Л╨╡ ╤Д╨░╨╣╨╗╤Л тАФ C:\Users\KusokMedi\Documents\GitHub\BetterShowcase\build\_deps\bindings-src\bindings\2.2081\inline\EffectGameObject.cpp, C:\Users\KusokMedi\Documents\GitHub\BetterShowcase\build\bindings\bindings\Geode\source\EffectGameObject.cpp. [C:\Users\KusokMedi\Documents\GitHub\BetterShowcase\build\bindings\GeodeBindings.vcxproj]
C:\Program Files (x86)\Microsoft Visual Studio\2022\BuildTools\MSBuild\Microsoft\VC\v170\Microsoft.CppBuild.targets(1129,5): warning MSB8027: ╨┤╨▓╨░ ╨╕╨╗╨╕ ╨▒╨╛╨╗╨╡╨╡ ╤Д╨░╨╣╨╗╨╛╨▓ ╤Б ╨╕╨╝╨╡╨╜╨╡╨╝ EffectManagerState.cpp ╨▓╤Л╨▓╨╛╨┤╤П╤В ╤А╨╡╨╖╤Г╨╗╤М╤В╨░╤В╤Л ╨▓ ╨╛╨┤╨╜╨╛ ╨╕ ╤В╨╛ ╨╢╨╡ ╤А╨░╤Б╨┐╨╛╨╗╨╛╨╢╨╡╨╜╨╕╨╡. ╨н╤В╨╛ ╨╝╨╛╨╢╨╡╤В ╤Б╤В╨░╤В╤М ╨┐╤А╨╕╤З╨╕╨╜╨╛╨╣ ╨╜╨╡╨▓╨╡╤А╨╜╨╛╨│╨╛ ╤А╨╡╨╖╤Г╨╗╤М╤В╨░╤В╨░ ╤Б╨▒╨╛╤А╨║╨╕.  ╨Т╨║╨╗╤О╤З╨╡╨╜╨╜╤Л╨╡ ╤Д╨░╨╣╨╗╤Л тАФ C:\Users\KusokMedi\Documents\GitHub\BetterShowcase\build\_deps\bindings-src\bindings\2.2081\inline\EffectManagerState.cpp, C:\Users\KusokMedi\Documents\GitHub\BetterShowcase\build\bindings\bindings\Geode\source\EffectManagerState.cpp. [C:\Users\KusokMedi\Documents\GitHub\BetterShowcase\build\bindings\GeodeBindings.vcxproj]
C:\Program Files (x86)\Microsoft Visual Studio\2022\BuildTools\MSBuild\Microsoft\VC\v170\Microsoft.CppBuild.targets(1129,5): warning MSB8027: ╨┤╨▓╨░ ╨╕╨╗╨╕ ╨▒╨╛╨╗╨╡╨╡ ╤Д╨░╨╣╨╗╨╛╨▓ ╤Б ╨╕╨╝╨╡╨╜╨╡╨╝ EndLevelLayer.cpp ╨▓╤Л╨▓╨╛╨┤╤П╤В ╤А╨╡╨╖╤Г╨╗╤М╤В╨░╤В╤Л ╨▓ ╨╛╨┤╨╜╨╛ ╨╕ ╤В╨╛ ╨╢╨╡ ╤А╨░╤Б╨┐╨╛╨╗╨╛╨╢╨╡╨╜╨╕╨╡. ╨н╤В╨╛ ╨╝╨╛╨╢╨╡╤В ╤Б╤В╨░╤В╤М ╨┐╤А╨╕╤З╨╕╨╜╨╛╨╣ ╨╜╨╡╨▓╨╡╤А╨╜╨╛╨│╨╛ ╤А╨╡╨╖╤Г╨╗╤М╤В╨░╤В╨░ ╤Б╨▒╨╛╤А╨║╨╕.  ╨Т╨║╨╗╤О╤З╨╡╨╜╨╜╤Л╨╡ ╤Д╨░╨╣╨╗╤Л тАФ C:\Users\KusokMedi\Documents\GitHub\BetterShowcase\build\_deps\bindings-src\bindings\2.2081\inline\EndLevelLayer.cpp, C:\Users\KusokMedi\Documents\GitHub\BetterShowcase\build\bindings\bindings\Geode\source\EndLevelLayer.cpp. [C:\Users\KusokMedi\Documents\GitHub\BetterShowcase\build\bindings\GeodeBindings.vcxproj]
C:\Program Files (x86)\Microsoft Visual Studio\2022\BuildTools\MSBuild\Microsoft\VC\v170\Microsoft.CppBuild.targets(1129,5): warning MSB8027: ╨┤╨▓╨░ ╨╕╨╗╨╕ ╨▒╨╛╨╗╨╡╨╡ ╤Д╨░╨╣╨╗╨╛╨▓ ╤Б ╨╕╨╝╨╡╨╜╨╡╨╝ EndPortalObject.cpp ╨▓╤Л╨▓╨╛╨┤╤П╤В ╤А╨╡╨╖╤Г╨╗╤М╤В╨░╤В╤Л ╨▓ ╨╛╨┤╨╜╨╛ ╨╕ ╤В╨╛ ╨╢╨╡ ╤А╨░╤Б╨┐╨╛╨╗╨╛╨╢╨╡╨╜╨╕╨╡. ╨н╤В╨╛ ╨╝╨╛╨╢╨╡╤В ╤Б╤В╨░╤В╤М ╨┐╤А╨╕╤З╨╕╨╜╨╛╨╣ ╨╜╨╡╨▓╨╡╤А╨╜╨╛╨│╨╛ ╤А╨╡╨╖╤Г╨╗╤М╤В╨░╤В╨░ ╤Б╨▒╨╛╤А╨║╨╕.  ╨Т╨║╨╗╤О╤З╨╡╨╜╨╜╤Л╨╡ ╤Д╨░╨╣╨╗╤Л тАФ C:\Users\KusokMedi\Documents\GitHub\BetterShowcase\build\_deps\bindings-src\bindings\2.2081\inline\EndPortalObject.cpp, C:\Users\KusokMedi\Documents\GitHub\BetterShowcase\build\bindings\bindings\Geode\source\EndPortalObject.cpp. [C:\Users\KusokMedi\Documents\GitHub\BetterShowcase\build\bindings\GeodeBindings.vcxproj]
C:\Program Files (x86)\Microsoft Visual Studio\2022\BuildTools\MSBuild\Microsoft\VC\v170\Microsoft.CppBuild.targets(1129,5): warning MSB8027: ╨┤╨▓╨░ ╨╕╨╗╨╕ ╨▒╨╛╨╗╨╡╨╡ ╤Д╨░╨╣╨╗╨╛╨▓ ╤Б ╨╕╨╝╨╡╨╜╨╡╨╝ EndTriggerGameObject.cpp ╨▓╤Л╨▓╨╛╨┤╤П╤В ╤А╨╡╨╖╤Г╨╗╤М╤В╨░╤В╤Л ╨▓ ╨╛╨┤╨╜╨╛ ╨╕ ╤В╨╛ ╨╢╨╡ ╤А╨░╤Б╨┐╨╛╨╗╨╛╨╢╨╡╨╜╨╕╨╡. ╨н╤В╨╛ ╨╝╨╛╨╢╨╡╤В ╤Б╤В╨░╤В╤М ╨┐╤А╨╕╤З╨╕╨╜╨╛╨╣ ╨╜╨╡╨▓╨╡╤А╨╜╨╛╨│╨╛ ╤А╨╡╨╖╤Г╨╗╤М╤В╨░╤В╨░ ╤Б╨▒╨╛╤А╨║╨╕.  ╨Т╨║╨╗╤О╤З╨╡╨╜╨╜╤Л╨╡ ╤Д╨░╨╣╨╗╤Л тАФ C:\Users\KusokMedi\Documents\GitHub\BetterShowcase\build\_deps\bindings-src\bindings\2.2081\inline\EndTriggerGameObject.cpp, C:\Users\KusokMedi\Documents\GitHub\BetterShowcase\build\bindings\bindings\Geode\source\EndTriggerGameObject.cpp. [C:\Users\KusokMedi\Documents\GitHub\BetterShowcase\build\bindings\GeodeBindings.vcxproj]
C:\Program Files (x86)\Microsoft Visual Studio\2022\BuildTools\MSBuild\Microsoft\VC\v170\Microsoft.CppBuild.targets(1129,5): warning MSB8027: ╨┤╨▓╨░ ╨╕╨╗╨╕ ╨▒╨╛╨╗╨╡╨╡ ╤Д╨░╨╣╨╗╨╛╨▓ ╤Б ╨╕╨╝╨╡╨╜╨╡╨╝ EnhancedGameObject.cpp ╨▓╤Л╨▓╨╛╨┤╤П╤В ╤А╨╡╨╖╤Г╨╗╤М╤В╨░╤В╤Л ╨▓ ╨╛╨┤╨╜╨╛ ╨╕ ╤В╨╛ ╨╢╨╡ ╤А╨░╤Б╨┐╨╛╨╗╨╛╨╢╨╡╨╜╨╕╨╡. ╨н╤В╨╛ ╨╝╨╛╨╢╨╡╤В ╤Б╤В╨░╤В╤М ╨┐╤А╨╕╤З╨╕╨╜╨╛╨╣ ╨╜╨╡╨▓╨╡╤А╨╜╨╛╨│╨╛ ╤А╨╡╨╖╤Г╨╗╤М╤В╨░╤В╨░ ╤Б╨▒╨╛╤А╨║╨╕.  ╨Т╨║╨╗╤О╤З╨╡╨╜╨╜╤Л╨╡ ╤Д╨░╨╣╨╗╤Л тАФ C:\Users\KusokMedi\Documents\GitHub\BetterShowcase\build\_deps\bindings-src\bindings\2.2081\inline\EnhancedGameObject.cpp, C:\Users\KusokMedi\Documents\GitHub\BetterShowcase\build\bindings\bindings\Geode\source\EnhancedGameObject.cpp. [C:\Users\KusokMedi\Documents\GitHub\BetterShowcase\build\bindings\GeodeBindings.vcxproj]
C:\Program Files (x86)\Microsoft Visual Studio\2022\BuildTools\MSBuild\Microsoft\VC\v170\Microsoft.CppBuild.targets(1129,5): warning MSB8027: ╨┤╨▓╨░ ╨╕╨╗╨╕ ╨▒╨╛╨╗╨╡╨╡ ╤Д╨░╨╣╨╗╨╛╨▓ ╤Б ╨╕╨╝╨╡╨╜╨╡╨╝ EnhancedTriggerObject.cpp ╨▓╤Л╨▓╨╛╨┤╤П╤В ╤А╨╡╨╖╤Г╨╗╤М╤В╨░╤В╤Л ╨▓ ╨╛╨┤╨╜╨╛ ╨╕ ╤В╨╛ ╨╢╨╡ ╤А╨░╤Б╨┐╨╛╨╗╨╛╨╢╨╡╨╜╨╕╨╡. ╨н╤В╨╛ ╨╝╨╛╨╢╨╡╤В ╤Б╤В╨░╤В╤М ╨┐╤А╨╕╤З╨╕╨╜╨╛╨╣ ╨╜╨╡╨▓╨╡╤А╨╜╨╛╨│╨╛ ╤А╨╡╨╖╤Г╨╗╤М╤В╨░╤В╨░ ╤Б╨▒╨╛╤А╨║╨╕.  ╨Т╨║╨╗╤О╤З╨╡╨╜╨╜╤Л╨╡ ╤Д╨░╨╣╨╗╤Л тАФ C:\Users\KusokMedi\Documents\GitHub\BetterShowcase\build\_deps\bindings-src\bindings\2.2081\inline\EnhancedTriggerObject.cpp, C:\Users\KusokMedi\Documents\GitHub\BetterShowcase\build\bindings\bindings\Geode\source\EnhancedTriggerObject.cpp. [C:\Users\KusokMedi\Documents\GitHub\BetterShowcase\build\bindings\GeodeBindings.vcxproj]
C:\Program Files (x86)\Microsoft Visual Studio\2022\BuildTools\MSBuild\Microsoft\VC\v170\Microsoft.CppBuild.targets(1129,5): warning MSB8027: ╨┤╨▓╨░ ╨╕╨╗╨╕ ╨▒╨╛╨╗╨╡╨╡ ╤Д╨░╨╣╨╗╨╛╨▓ ╤Б ╨╕╨╝╨╡╨╜╨╡╨╝ EnterEffectAnimValue.cpp ╨▓╤Л╨▓╨╛╨┤╤П╤В ╤А╨╡╨╖╤Г╨╗╤М╤В╨░╤В╤Л ╨▓ ╨╛╨┤╨╜╨╛ ╨╕ ╤В╨╛ ╨╢╨╡ ╤А╨░╤Б╨┐╨╛╨╗╨╛╨╢╨╡╨╜╨╕╨╡. ╨н╤В╨╛ ╨╝╨╛╨╢╨╡╤В ╤Б╤В╨░╤В╤М ╨┐╤А╨╕╤З╨╕╨╜╨╛╨╣ ╨╜╨╡╨▓╨╡╤А╨╜╨╛╨│╨╛ ╤А╨╡╨╖╤Г╨╗╤М╤В╨░╤В╨░ ╤Б╨▒╨╛╤А╨║╨╕.  ╨Т╨║╨╗╤О╤З╨╡╨╜╨╜╤Л╨╡ ╤Д╨░╨╣╨╗╤Л тАФ C:\Users\KusokMedi\Documents\GitHub\BetterShowcase\build\_deps\bindings-src\bindings\2.2081\inline\EnterEffectAnimValue.cpp, C:\Users\KusokMedi\Documents\GitHub\BetterShowcase\build\bindings\bindings\Geode\source\EnterEffectAnimValue.cpp. [C:\Users\KusokMedi\Documents\GitHub\BetterShowcase\build\bindings\GeodeBindings.vcxproj]
C:\Program Files (x86)\Microsoft Visual Studio\2022\BuildTools\MSBuild\Microsoft\VC\v170\Microsoft.CppBuild.targets(1129,5): warning MSB8027: ╨┤╨▓╨░ ╨╕╨╗╨╕ ╨▒╨╛╨╗╨╡╨╡ ╤Д╨░╨╣╨╗╨╛╨▓ ╤Б ╨╕╨╝╨╡╨╜╨╡╨╝ EnterEffectInstance.cpp ╨▓╤Л╨▓╨╛╨┤╤П╤В ╤А╨╡╨╖╤Г╨╗╤М╤В╨░╤В╤Л ╨▓ ╨╛╨┤╨╜╨╛ ╨╕ ╤В╨╛ ╨╢╨╡ ╤А╨░╤Б╨┐╨╛╨╗╨╛╨╢╨╡╨╜╨╕╨╡. ╨н╤В╨╛ ╨╝╨╛╨╢╨╡╤В ╤Б╤В╨░╤В╤М ╨┐╤А╨╕╤З╨╕╨╜╨╛╨╣ ╨╜╨╡╨▓╨╡╤А╨╜╨╛╨│╨╛ ╤А╨╡╨╖╤Г╨╗╤М╤В╨░╤В╨░ ╤Б╨▒╨╛╤А╨║╨╕.  ╨Т╨║╨╗╤О╤З╨╡╨╜╨╜╤Л╨╡ ╤Д╨░╨╣╨╗╤Л тАФ C:\Users\KusokMedi\Documents\GitHub\BetterShowcase\build\_deps\bindings-src\bindings\2.2081\inline\EnterEffectInstance.cpp, C:\Users\KusokMedi\Documents\GitHub\BetterShowcase\build\bindings\bindings\Geode\source\EnterEffectInstance.cpp. [C:\Users\KusokMedi\Documents\GitHub\BetterShowcase\build\bindings\GeodeBindings.vcxproj]
C:\Program Files (x86)\Microsoft Visual Studio\2022\BuildTools\MSBuild\Microsoft\VC\v170\Microsoft.CppBuild.targets(1129,5): warning MSB8027: ╨┤╨▓╨░ ╨╕╨╗╨╕ ╨▒╨╛╨╗╨╡╨╡ ╤Д╨░╨╣╨╗╨╛╨▓ ╤Б ╨╕╨╝╨╡╨╜╨╡╨╝ EnterEffectObject.cpp ╨▓╤Л╨▓╨╛╨┤╤П╤В ╤А╨╡╨╖╤Г╨╗╤М╤В╨░╤В╤Л ╨▓ ╨╛╨┤╨╜╨╛ ╨╕ ╤В╨╛ ╨╢╨╡ ╤А╨░╤Б╨┐╨╛╨╗╨╛╨╢╨╡╨╜╨╕╨╡. ╨н╤В╨╛ ╨╝╨╛╨╢╨╡╤В ╤Б╤В╨░╤В╤М ╨┐╤А╨╕╤З╨╕╨╜╨╛╨╣ ╨╜╨╡╨▓╨╡╤А╨╜╨╛╨│╨╛ ╤А╨╡╨╖╤Г╨╗╤М╤В╨░╤В╨░ ╤Б╨▒╨╛╤А╨║╨╕.  ╨Т╨║╨╗╤О╤З╨╡╨╜╨╜╤Л╨╡ ╤Д╨░╨╣╨╗╤Л тАФ C:\Users\KusokMedi\Documents\GitHub\BetterShowcase\build\_deps\bindings-src\bindings\2.2081\inline\EnterEffectObject.cpp, C:\Users\KusokMedi\Documents\GitHub\BetterShowcase\build\bindings\bindings\Geode\source\EnterEffectObject.cpp. [C:\Users\KusokMedi\Documents\GitHub\BetterShowcase\build\bindings\GeodeBindings.vcxproj]
C:\Program Files (x86)\Microsoft Visual Studio\2022\BuildTools\MSBuild\Microsoft\VC\v170\Microsoft.CppBuild.targets(1129,5): warning MSB8027: ╨┤╨▓╨░ ╨╕╨╗╨╕ ╨▒╨╛╨╗╨╡╨╡ ╤Д╨░╨╣╨╗╨╛╨▓ ╤Б ╨╕╨╝╨╡╨╜╨╡╨╝ EventLinkTrigger.cpp ╨▓╤Л╨▓╨╛╨┤╤П╤В ╤А╨╡╨╖╤Г╨╗╤М╤В╨░╤В╤Л ╨▓ ╨╛╨┤╨╜╨╛ ╨╕ ╤В╨╛ ╨╢╨╡ ╤А╨░╤Б╨┐╨╛╨╗╨╛╨╢╨╡╨╜╨╕╨╡. ╨н╤В╨╛ ╨╝╨╛╨╢╨╡╤В ╤Б╤В╨░╤В╤М ╨┐╤А╨╕╤З╨╕╨╜╨╛╨╣ ╨╜╨╡╨▓╨╡╤А╨╜╨╛╨│╨╛ ╤А╨╡╨╖╤Г╨╗╤М╤В╨░╤В╨░ ╤Б╨▒╨╛╤А╨║╨╕.  ╨Т╨║╨╗╤О╤З╨╡╨╜╨╜╤Л╨╡ ╤Д╨░╨╣╨╗╤Л тАФ C:\Users\KusokMedi\Documents\GitHub\BetterShowcase\build\_deps\bindings-src\bindings\2.2081\inline\EventLinkTrigger.cpp, C:\Users\KusokMedi\Documents\GitHub\BetterShowcase\build\bindings\bindings\Geode\source\EventLinkTrigger.cpp. [C:\Users\KusokMedi\Documents\GitHub\BetterShowcase\build\bindings\GeodeBindings.vcxproj]
C:\Program Files (x86)\Microsoft Visual Studio\2022\BuildTools\MSBuild\Microsoft\VC\v170\Microsoft.CppBuild.targets(1129,5): warning MSB8027: ╨┤╨▓╨░ ╨╕╨╗╨╕ ╨▒╨╛╨╗╨╡╨╡ ╤Д╨░╨╣╨╗╨╛╨▓ ╤Б ╨╕╨╝╨╡╨╜╨╡╨╝ EventTriggerInstance.cpp ╨▓╤Л╨▓╨╛╨┤╤П╤В ╤А╨╡╨╖╤Г╨╗╤М╤В╨░╤В╤Л ╨▓ ╨╛╨┤╨╜╨╛ ╨╕ ╤В╨╛ ╨╢╨╡ ╤А╨░╤Б╨┐╨╛╨╗╨╛╨╢╨╡╨╜╨╕╨╡. ╨н╤В╨╛ ╨╝╨╛╨╢╨╡╤В ╤Б╤В╨░╤В╤М ╨┐╤А╨╕╤З╨╕╨╜╨╛╨╣ ╨╜╨╡╨▓╨╡╤А╨╜╨╛╨│╨╛ ╤А╨╡╨╖╤Г╨╗╤М╤В╨░╤В╨░ ╤Б╨▒╨╛╤А╨║╨╕.  ╨Т╨║╨╗╤О╤З╨╡╨╜╨╜╤Л╨╡ ╤Д╨░╨╣╨╗╤Л тАФ C:\Users\KusokMedi\Documents\GitHub\BetterShowcase\build\_deps\bindings-src\bindings\2.2081\inline\EventTriggerInstance.cpp, C:\Users\KusokMedi\Documents\GitHub\BetterShowcase\build\bindings\bindings\Geode\source\EventTriggerInstance.cpp. [C:\Users\KusokMedi\Documents\GitHub\BetterShowcase\build\bindings\GeodeBindings.vcxproj]
C:\Program Files (x86)\Microsoft Visual Studio\2022\BuildTools\MSBuild\Microsoft\VC\v170\Microsoft.CppBuild.targets(1129,5): warning MSB8027: ╨┤╨▓╨░ ╨╕╨╗╨╕ ╨▒╨╛╨╗╨╡╨╡ ╤Д╨░╨╣╨╗╨╛╨▓ ╤Б ╨╕╨╝╨╡╨╜╨╡╨╝ ExplodeItemNode.cpp ╨▓╤Л╨▓╨╛╨┤╤П╤В ╤А╨╡╨╖╤Г╨╗╤М╤В╨░╤В╤Л ╨▓ ╨╛╨┤╨╜╨╛ ╨╕ ╤В╨╛ ╨╢╨╡ ╤А╨░╤Б╨┐╨╛╨╗╨╛╨╢╨╡╨╜╨╕╨╡. ╨н╤В╨╛ ╨╝╨╛╨╢╨╡╤В ╤Б╤В╨░╤В╤М ╨┐╤А╨╕╤З╨╕╨╜╨╛╨╣ ╨╜╨╡╨▓╨╡╤А╨╜╨╛╨│╨╛ ╤А╨╡╨╖╤Г╨╗╤М╤В╨░╤В╨░ ╤Б╨▒╨╛╤А╨║╨╕.  ╨Т╨║╨╗╤О╤З╨╡╨╜╨╜╤Л╨╡ ╤Д╨░╨╣╨╗╤Л тАФ C:\Users\KusokMedi\Documents\GitHub\BetterShowcase\build\_deps\bindings-src\bindings\2.2081\inline\ExplodeItemNode.cpp, C:\Users\KusokMedi\Documents\GitHub\BetterShowcase\build\bindings\bindings\Geode\source\ExplodeItemNode.cpp. [C:\Users\KusokMedi\Documents\GitHub\BetterShowcase\build\bindings\GeodeBindings.vcxproj]
C:\Program Files (x86)\Microsoft Visual Studio\2022\BuildTools\MSBuild\Microsoft\VC\v170\Microsoft.CppBuild.targets(1129,5): warning MSB8027: ╨┤╨▓╨░ ╨╕╨╗╨╕ ╨▒╨╛╨╗╨╡╨╡ ╤Д╨░╨╣╨╗╨╛╨▓ ╤Б ╨╕╨╝╨╡╨╜╨╡╨╝ ExplodeItemSprite.cpp ╨▓╤Л╨▓╨╛╨┤╤П╤В ╤А╨╡╨╖╤Г╨╗╤М╤В╨░╤В╤Л ╨▓ ╨╛╨┤╨╜╨╛ ╨╕ ╤В╨╛ ╨╢╨╡ ╤А╨░╤Б╨┐╨╛╨╗╨╛╨╢╨╡╨╜╨╕╨╡. ╨н╤В╨╛ ╨╝╨╛╨╢╨╡╤В ╤Б╤В╨░╤В╤М ╨┐╤А╨╕╤З╨╕╨╜╨╛╨╣ ╨╜╨╡╨▓╨╡╤А╨╜╨╛╨│╨╛ ╤А╨╡╨╖╤Г╨╗╤М╤В╨░╤В╨░ ╤Б╨▒╨╛╤А╨║╨╕.  ╨Т╨║╨╗╤О╤З╨╡╨╜╨╜╤Л╨╡ ╤Д╨░╨╣╨╗╤Л тАФ C:\Users\KusokMedi\Documents\GitHub\BetterShowcase\build\_deps\bindings-src\bindings\2.2081\inline\ExplodeItemSprite.cpp, C:\Users\KusokMedi\Documents\GitHub\BetterShowcase\build\bindings\bindings\Geode\source\ExplodeItemSprite.cpp. [C:\Users\KusokMedi\Documents\GitHub\BetterShowcase\build\bindings\GeodeBindings.vcxproj]
C:\Program Files (x86)\Microsoft Visual Studio\2022\BuildTools\MSBuild\Microsoft\VC\v170\Microsoft.CppBuild.targets(1129,5): warning MSB8027: ╨┤╨▓╨░ ╨╕╨╗╨╕ ╨▒╨╛╨╗╨╡╨╡ ╤Д╨░╨╣╨╗╨╛╨▓ ╤Б ╨╕╨╝╨╡╨╜╨╡╨╝ ExtendedLayer.cpp ╨▓╤Л╨▓╨╛╨┤╤П╤В ╤А╨╡╨╖╤Г╨╗╤М╤В╨░╤В╤Л ╨▓ ╨╛╨┤╨╜╨╛ ╨╕ ╤В╨╛ ╨╢╨╡ ╤А╨░╤Б╨┐╨╛╨╗╨╛╨╢╨╡╨╜╨╕╨╡. ╨н╤В╨╛ ╨╝╨╛╨╢╨╡╤В ╤Б╤В╨░╤В╤М ╨┐╤А╨╕╤З╨╕╨╜╨╛╨╣ ╨╜╨╡╨▓╨╡╤А╨╜╨╛╨│╨╛ ╤А╨╡╨╖╤Г╨╗╤М╤В╨░╤В╨░ ╤Б╨▒╨╛╤А╨║╨╕.  ╨Т╨║╨╗╤О╤З╨╡╨╜╨╜╤Л╨╡ ╤Д╨░╨╣╨╗╤Л тАФ C:\Users\KusokMedi\Documents\GitHub\BetterShowcase\build\_deps\bindings-src\bindings\2.2081\inline\ExtendedLayer.cpp, C:\Users\KusokMedi\Documents\GitHub\BetterShowcase\build\bindings\bindings\Geode\source\ExtendedLayer.cpp. [C:\Users\KusokMedi\Documents\GitHub\BetterShowcase\build\bindings\GeodeBindings.vcxproj]
C:\Program Files (x86)\Microsoft Visual Studio\2022\BuildTools\MSBuild\Microsoft\VC\v170\Microsoft.CppBuild.targets(1129,5): warning MSB8027: ╨┤╨▓╨░ ╨╕╨╗╨╕ ╨▒╨╛╨╗╨╡╨╡ ╤Д╨░╨╣╨╗╨╛╨▓ ╤Б ╨╕╨╝╨╡╨╜╨╡╨╝ FLAlertLayer.cpp ╨▓╤Л╨▓╨╛╨┤╤П╤В ╤А╨╡╨╖╤Г╨╗╤М╤В╨░╤В╤Л ╨▓ ╨╛╨┤╨╜╨╛ ╨╕ ╤В╨╛ ╨╢╨╡ ╤А╨░╤Б╨┐╨╛╨╗╨╛╨╢╨╡╨╜╨╕╨╡. ╨н╤В╨╛ ╨╝╨╛╨╢╨╡╤В ╤Б╤В╨░╤В╤М ╨┐╤А╨╕╤З╨╕╨╜╨╛╨╣ ╨╜╨╡╨▓╨╡╤А╨╜╨╛╨│╨╛ ╤А╨╡╨╖╤Г╨╗╤М╤В╨░╤В╨░ ╤Б╨▒╨╛╤А╨║╨╕.  ╨Т╨║╨╗╤О╤З╨╡╨╜╨╜╤Л╨╡ ╤Д╨░╨╣╨╗╤Л тАФ C:\Users\KusokMedi\Documents\GitHub\BetterShowcase\build\_deps\bindings-src\bindings\2.2081\inline\FLAlertLayer.cpp, C:\Users\KusokMedi\Documents\GitHub\BetterShowcase\build\bindings\bindings\Geode\source\FLAlertLayer.cpp. [C:\Users\KusokMedi\Documents\GitHub\BetterShowcase\build\bindings\GeodeBindings.vcxproj]
C:\Program Files (x86)\Microsoft Visual Studio\2022\BuildTools\MSBuild\Microsoft\VC\v170\Microsoft.CppBuild.targets(1129,5): warning MSB8027: ╨┤╨▓╨░ ╨╕╨╗╨╕ ╨▒╨╛╨╗╨╡╨╡ ╤Д╨░╨╣╨╗╨╛╨▓ ╤Б ╨╕╨╝╨╡╨╜╨╡╨╝ FLAlertLayerProtocol.cpp ╨▓╤Л╨▓╨╛╨┤╤П╤В ╤А╨╡╨╖╤Г╨╗╤М╤В╨░╤В╤Л ╨▓ ╨╛╨┤╨╜╨╛ ╨╕ ╤В╨╛ ╨╢╨╡ ╤А╨░╤Б╨┐╨╛╨╗╨╛╨╢╨╡╨╜╨╕╨╡. ╨н╤В╨╛ ╨╝╨╛╨╢╨╡╤В ╤Б╤В╨░╤В╤М ╨┐╤А╨╕╤З╨╕╨╜╨╛╨╣ ╨╜╨╡╨▓╨╡╤А╨╜╨╛╨│╨╛ ╤А╨╡╨╖╤Г╨╗╤М╤В╨░╤В╨░ ╤Б╨▒╨╛╤А╨║╨╕.  ╨Т╨║╨╗╤О╤З╨╡╨╜╨╜╤Л╨╡ ╤Д╨░╨╣╨╗╤Л тАФ C:\Users\KusokMedi\Documents\GitHub\BetterShowcase\build\_deps\bindings-src\bindings\2.2081\inline\FLAlertLayerProtocol.cpp, C:\Users\KusokMedi\Documents\GitHub\BetterShowcase\build\bindings\bindings\Geode\source\FLAlertLayerProtocol.cpp. [C:\Users\KusokMedi\Documents\GitHub\BetterShowcase\build\bindings\GeodeBindings.vcxproj]
C:\Program Files (x86)\Microsoft Visual Studio\2022\BuildTools\MSBuild\Microsoft\VC\v170\Microsoft.CppBuild.targets(1129,5): warning MSB8027: ╨┤╨▓╨░ ╨╕╨╗╨╕ ╨▒╨╛╨╗╨╡╨╡ ╤Д╨░╨╣╨╗╨╛╨▓ ╤Б ╨╕╨╝╨╡╨╜╨╡╨╝ FMODAudioEngine.cpp ╨▓╤Л╨▓╨╛╨┤╤П╤В ╤А╨╡╨╖╤Г╨╗╤М╤В╨░╤В╤Л ╨▓ ╨╛╨┤╨╜╨╛ ╨╕ ╤В╨╛ ╨╢╨╡ ╤А╨░╤Б╨┐╨╛╨╗╨╛╨╢╨╡╨╜╨╕╨╡. ╨н╤В╨╛ ╨╝╨╛╨╢╨╡╤В ╤Б╤В╨░╤В╤М ╨┐╤А╨╕╤З╨╕╨╜╨╛╨╣ ╨╜╨╡╨▓╨╡╤А╨╜╨╛╨│╨╛ ╤А╨╡╨╖╤Г╨╗╤М╤В╨░╤В╨░ ╤Б╨▒╨╛╤А╨║╨╕.  ╨Т╨║╨╗╤О╤З╨╡╨╜╨╜╤Л╨╡ ╤Д╨░╨╣╨╗╤Л тАФ C:\Users\KusokMedi\Documents\GitHub\BetterShowcase\build\_deps\bindings-src\bindings\2.2081\inline\FMODAudioEngine.cpp, C:\Users\KusokMedi\Documents\GitHub\BetterShowcase\build\bindings\bindings\Geode\source\FMODAudioEngine.cpp. [C:\Users\KusokMedi\Documents\GitHub\BetterShowcase\build\bindings\GeodeBindings.vcxproj]
C:\Program Files (x86)\Microsoft Visual Studio\2022\BuildTools\MSBuild\Microsoft\VC\v170\Microsoft.CppBuild.targets(1129,5): warning MSB8027: ╨┤╨▓╨░ ╨╕╨╗╨╕ ╨▒╨╛╨╗╨╡╨╡ ╤Д╨░╨╣╨╗╨╛╨▓ ╤Б ╨╕╨╝╨╡╨╜╨╡╨╝ FMODAudioState.cpp ╨▓╤Л╨▓╨╛╨┤╤П╤В ╤А╨╡╨╖╤Г╨╗╤М╤В╨░╤В╤Л ╨▓ ╨╛╨┤╨╜╨╛ ╨╕ ╤В╨╛ ╨╢╨╡ ╤А╨░╤Б╨┐╨╛╨╗╨╛╨╢╨╡╨╜╨╕╨╡. ╨н╤В╨╛ ╨╝╨╛╨╢╨╡╤В ╤Б╤В╨░╤В╤М ╨┐╤А╨╕╤З╨╕╨╜╨╛╨╣ ╨╜╨╡╨▓╨╡╤А╨╜╨╛╨│╨╛ ╤А╨╡╨╖╤Г╨╗╤М╤В╨░╤В╨░ ╤Б╨▒╨╛╤А╨║╨╕.  ╨Т╨║╨╗╤О╤З╨╡╨╜╨╜╤Л╨╡ ╤Д╨░╨╣╨╗╤Л тАФ C:\Users\KusokMedi\Documents\GitHub\BetterShowcase\build\_deps\bindings-src\bindings\2.2081\inline\FMODAudioState.cpp, C:\Users\KusokMedi\Documents\GitHub\BetterShowcase\build\bindings\bindings\Geode\source\FMODAudioState.cpp. [C:\Users\KusokMedi\Documents\GitHub\BetterShowcase\build\bindings\GeodeBindings.vcxproj]
C:\Program Files (x86)\Microsoft Visual Studio\2022\BuildTools\MSBuild\Microsoft\VC\v170\Microsoft.CppBuild.targets(1129,5): warning MSB8027: ╨┤╨▓╨░ ╨╕╨╗╨╕ ╨▒╨╛╨╗╨╡╨╡ ╤Д╨░╨╣╨╗╨╛╨▓ ╤Б ╨╕╨╝╨╡╨╜╨╡╨╝ FMODLevelVisualizer.cpp ╨▓╤Л╨▓╨╛╨┤╤П╤В ╤А╨╡╨╖╤Г╨╗╤М╤В╨░╤В╤Л ╨▓ ╨╛╨┤╨╜╨╛ ╨╕ ╤В╨╛ ╨╢╨╡ ╤А╨░╤Б╨┐╨╛╨╗╨╛╨╢╨╡╨╜╨╕╨╡. ╨н╤В╨╛ ╨╝╨╛╨╢╨╡╤В ╤Б╤В╨░╤В╤М ╨┐╤А╨╕╤З╨╕╨╜╨╛╨╣ ╨╜╨╡╨▓╨╡╤А╨╜╨╛╨│╨╛ ╤А╨╡╨╖╤Г╨╗╤М╤В╨░╤В╨░ ╤Б╨▒╨╛╤А╨║╨╕.  ╨Т╨║╨╗╤О╤З╨╡╨╜╨╜╤Л╨╡ ╤Д╨░╨╣╨╗╤Л тАФ C:\Users\KusokMedi\Documents\GitHub\BetterShowcase\build\_deps\bindings-src\bindings\2.2081\inline\FMODLevelVisualizer.cpp, C:\Users\KusokMedi\Documents\GitHub\BetterShowcase\build\bindings\bindings\Geode\source\FMODLevelVisualizer.cpp. [C:\Users\KusokMedi\Documents\GitHub\BetterShowcase\build\bindings\GeodeBindings.vcxproj]
C:\Program Files (x86)\Microsoft Visual Studio\2022\BuildTools\MSBuild\Microsoft\VC\v170\Microsoft.CppBuild.targets(1129,5): warning MSB8027: ╨┤╨▓╨░ ╨╕╨╗╨╕ ╨▒╨╛╨╗╨╡╨╡ ╤Д╨░╨╣╨╗╨╛╨▓ ╤Б ╨╕╨╝╨╡╨╜╨╡╨╝ FMODMusic.cpp ╨▓╤Л╨▓╨╛╨┤╤П╤В ╤А╨╡╨╖╤Г╨╗╤М╤В╨░╤В╤Л ╨▓ ╨╛╨┤╨╜╨╛ ╨╕ ╤В╨╛ ╨╢╨╡ ╤А╨░╤Б╨┐╨╛╨╗╨╛╨╢╨╡╨╜╨╕╨╡. ╨н╤В╨╛ ╨╝╨╛╨╢╨╡╤В ╤Б╤В╨░╤В╤М ╨┐╤А╨╕╤З╨╕╨╜╨╛╨╣ ╨╜╨╡╨▓╨╡╤А╨╜╨╛╨│╨╛ ╤А╨╡╨╖╤Г╨╗╤М╤В╨░╤В╨░ ╤Б╨▒╨╛╤А╨║╨╕.  ╨Т╨║╨╗╤О╤З╨╡╨╜╨╜╤Л╨╡ ╤Д╨░╨╣╨╗╤Л тАФ C:\Users\KusokMedi\Documents\GitHub\BetterShowcase\build\_deps\bindings-src\bindings\2.2081\inline\FMODMusic.cpp, C:\Users\KusokMedi\Documents\GitHub\BetterShowcase\build\bindings\bindings\Geode\source\FMODMusic.cpp. [C:\Users\KusokMedi\Documents\GitHub\BetterShowcase\build\bindings\GeodeBindings.vcxproj]
C:\Program Files (x86)\Microsoft Visual Studio\2022\BuildTools\MSBuild\Microsoft\VC\v170\Microsoft.CppBuild.targets(1129,5): warning MSB8027: ╨┤╨▓╨░ ╨╕╨╗╨╕ ╨▒╨╛╨╗╨╡╨╡ ╤Д╨░╨╣╨╗╨╛╨▓ ╤Б ╨╕╨╝╨╡╨╜╨╡╨╝ FMODQueuedEffect.cpp ╨▓╤Л╨▓╨╛╨┤╤П╤В ╤А╨╡╨╖╤Г╨╗╤М╤В╨░╤В╤Л ╨▓ ╨╛╨┤╨╜╨╛ ╨╕ ╤В╨╛ ╨╢╨╡ ╤А╨░╤Б╨┐╨╛╨╗╨╛╨╢╨╡╨╜╨╕╨╡. ╨н╤В╨╛ ╨╝╨╛╨╢╨╡╤В ╤Б╤В╨░╤В╤М ╨┐╤А╨╕╤З╨╕╨╜╨╛╨╣ ╨╜╨╡╨▓╨╡╤А╨╜╨╛╨│╨╛ ╤А╨╡╨╖╤Г╨╗╤М╤В╨░╤В╨░ ╤Б╨▒╨╛╤А╨║╨╕.  ╨Т╨║╨╗╤О╤З╨╡╨╜╨╜╤Л╨╡ ╤Д╨░╨╣╨╗╤Л тАФ C:\Users\KusokMedi\Documents\GitHub\BetterShowcase\build\_deps\bindings-src\bindings\2.2081\inline\FMODQueuedEffect.cpp, C:\Users\KusokMedi\Documents\GitHub\BetterShowcase\build\bindings\bindings\Geode\source\FMODQueuedEffect.cpp. [C:\Users\KusokMedi\Documents\GitHub\BetterShowcase\build\bindings\GeodeBindings.vcxproj]
C:\Program Files (x86)\Microsoft Visual Studio\2022\BuildTools\MSBuild\Microsoft\VC\v170\Microsoft.CppBuild.targets(1129,5): warning MSB8027: ╨┤╨▓╨░ ╨╕╨╗╨╕ ╨▒╨╛╨╗╨╡╨╡ ╤Д╨░╨╣╨╗╨╛╨▓ ╤Б ╨╕╨╝╨╡╨╜╨╡╨╝ FMODQueuedMusic.cpp ╨▓╤Л╨▓╨╛╨┤╤П╤В ╤А╨╡╨╖╤Г╨╗╤М╤В╨░╤В╤Л ╨▓ ╨╛╨┤╨╜╨╛ ╨╕ ╤В╨╛ ╨╢╨╡ ╤А╨░╤Б╨┐╨╛╨╗╨╛╨╢╨╡╨╜╨╕╨╡. ╨н╤В╨╛ ╨╝╨╛╨╢╨╡╤В ╤Б╤В╨░╤В╤М ╨┐╤А╨╕╤З╨╕╨╜╨╛╨╣ ╨╜╨╡╨▓╨╡╤А╨╜╨╛╨│╨╛ ╤А╨╡╨╖╤Г╨╗╤М╤В╨░╤В╨░ ╤Б╨▒╨╛╤А╨║╨╕.  ╨Т╨║╨╗╤О╤З╨╡╨╜╨╜╤Л╨╡ ╤Д╨░╨╣╨╗╤Л тАФ C:\Users\KusokMedi\Documents\GitHub\BetterShowcase\build\_deps\bindings-src\bindings\2.2081\inline\FMODQueuedMusic.cpp, C:\Users\KusokMedi\Documents\GitHub\BetterShowcase\build\bindings\bindings\Geode\source\FMODQueuedMusic.cpp. [C:\Users\KusokMedi\Documents\GitHub\BetterShowcase\build\bindings\GeodeBindings.vcxproj]
C:\Program Files (x86)\Microsoft Visual Studio\2022\BuildTools\MSBuild\Microsoft\VC\v170\Microsoft.CppBuild.targets(1129,5): warning MSB8027: ╨┤╨▓╨░ ╨╕╨╗╨╕ ╨▒╨╛╨╗╨╡╨╡ ╤Д╨░╨╣╨╗╨╛╨▓ ╤Б ╨╕╨╝╨╡╨╜╨╡╨╝ FMODSound.cpp ╨▓╤Л╨▓╨╛╨┤╤П╤В ╤А╨╡╨╖╤Г╨╗╤М╤В╨░╤В╤Л ╨▓ ╨╛╨┤╨╜╨╛ ╨╕ ╤В╨╛ ╨╢╨╡ ╤А╨░╤Б╨┐╨╛╨╗╨╛╨╢╨╡╨╜╨╕╨╡. ╨н╤В╨╛ ╨╝╨╛╨╢╨╡╤В ╤Б╤В╨░╤В╤М ╨┐╤А╨╕╤З╨╕╨╜╨╛╨╣ ╨╜╨╡╨▓╨╡╤А╨╜╨╛╨│╨╛ ╤А╨╡╨╖╤Г╨╗╤М╤В╨░╤В╨░ ╤Б╨▒╨╛╤А╨║╨╕.  ╨Т╨║╨╗╤О╤З╨╡╨╜╨╜╤Л╨╡ ╤Д╨░╨╣╨╗╤Л тАФ C:\Users\KusokMedi\Documents\GitHub\BetterShowcase\build\_deps\bindings-src\bindings\2.2081\inline\FMODSound.cpp, C:\Users\KusokMedi\Documents\GitHub\BetterShowcase\build\bindings\bindings\Geode\source\FMODSound.cpp. [C:\Users\KusokMedi\Documents\GitHub\BetterShowcase\build\bindings\GeodeBindings.vcxproj]
C:\Program Files (x86)\Microsoft Visual Studio\2022\BuildTools\MSBuild\Microsoft\VC\v170\Microsoft.CppBuild.targets(1129,5): warning MSB8027: ╨┤╨▓╨░ ╨╕╨╗╨╕ ╨▒╨╛╨╗╨╡╨╡ ╤Д╨░╨╣╨╗╨╛╨▓ ╤Б ╨╕╨╝╨╡╨╜╨╡╨╝ FMODSoundState.cpp ╨▓╤Л╨▓╨╛╨┤╤П╤В ╤А╨╡╨╖╤Г╨╗╤М╤В╨░╤В╤Л ╨▓ ╨╛╨┤╨╜╨╛ ╨╕ ╤В╨╛ ╨╢╨╡ ╤А╨░╤Б╨┐╨╛╨╗╨╛╨╢╨╡╨╜╨╕╨╡. ╨н╤В╨╛ ╨╝╨╛╨╢╨╡╤В ╤Б╤В╨░╤В╤М ╨┐╤А╨╕╤З╨╕╨╜╨╛╨╣ ╨╜╨╡╨▓╨╡╤А╨╜╨╛╨│╨╛ ╤А╨╡╨╖╤Г╨╗╤М╤В╨░╤В╨░ ╤Б╨▒╨╛╤А╨║╨╕.  ╨Т╨║╨╗╤О╤З╨╡╨╜╨╜╤Л╨╡ ╤Д╨░╨╣╨╗╤Л тАФ C:\Users\KusokMedi\Documents\GitHub\BetterShowcase\build\_deps\bindings-src\bindings\2.2081\inline\FMODSoundState.cpp, C:\Users\KusokMedi\Documents\GitHub\BetterShowcase\build\bindings\bindings\Geode\source\FMODSoundState.cpp. [C:\Users\KusokMedi\Documents\GitHub\BetterShowcase\build\bindings\GeodeBindings.vcxproj]
C:\Program Files (x86)\Microsoft Visual Studio\2022\BuildTools\MSBuild\Microsoft\VC\v170\Microsoft.CppBuild.targets(1129,5): warning MSB8027: ╨┤╨▓╨░ ╨╕╨╗╨╕ ╨▒╨╛╨╗╨╡╨╡ ╤Д╨░╨╣╨╗╨╛╨▓ ╤Б ╨╕╨╝╨╡╨╜╨╡╨╝ FMODSoundTween.cpp ╨▓╤Л╨▓╨╛╨┤╤П╤В ╤А╨╡╨╖╤Г╨╗╤М╤В╨░╤В╤Л ╨▓ ╨╛╨┤╨╜╨╛ ╨╕ ╤В╨╛ ╨╢╨╡ ╤А╨░╤Б╨┐╨╛╨╗╨╛╨╢╨╡╨╜╨╕╨╡. ╨н╤В╨╛ ╨╝╨╛╨╢╨╡╤В ╤Б╤В╨░╤В╤М ╨┐╤А╨╕╤З╨╕╨╜╨╛╨╣ ╨╜╨╡╨▓╨╡╤А╨╜╨╛╨│╨╛ ╤А╨╡╨╖╤Г╨╗╤М╤В╨░╤В╨░ ╤Б╨▒╨╛╤А╨║╨╕.  ╨Т╨║╨╗╤О╤З╨╡╨╜╨╜╤Л╨╡ ╤Д╨░╨╣╨╗╤Л тАФ C:\Users\KusokMedi\Documents\GitHub\BetterShowcase\build\_deps\bindings-src\bindings\2.2081\inline\FMODSoundTween.cpp, C:\Users\KusokMedi\Documents\GitHub\BetterShowcase\build\bindings\bindings\Geode\source\FMODSoundTween.cpp. [C:\Users\KusokMedi\Documents\GitHub\BetterShowcase\build\bindings\GeodeBindings.vcxproj]
C:\Program Files (x86)\Microsoft Visual Studio\2022\BuildTools\MSBuild\Microsoft\VC\v170\Microsoft.CppBuild.targets(1129,5): warning MSB8027: ╨┤╨▓╨░ ╨╕╨╗╨╕ ╨▒╨╛╨╗╨╡╨╡ ╤Д╨░╨╣╨╗╨╛╨▓ ╤Б ╨╕╨╝╨╡╨╜╨╡╨╝ FRequestProfilePage.cpp ╨▓╤Л╨▓╨╛╨┤╤П╤В ╤А╨╡╨╖╤Г╨╗╤М╤В╨░╤В╤Л ╨▓ ╨╛╨┤╨╜╨╛ ╨╕ ╤В╨╛ ╨╢╨╡ ╤А╨░╤Б╨┐╨╛╨╗╨╛╨╢╨╡╨╜╨╕╨╡. ╨н╤В╨╛ ╨╝╨╛╨╢╨╡╤В ╤Б╤В╨░╤В╤М ╨┐╤А╨╕╤З╨╕╨╜╨╛╨╣ ╨╜╨╡╨▓╨╡╤А╨╜╨╛╨│╨╛ ╤А╨╡╨╖╤Г╨╗╤М╤В╨░╤В╨░ ╤Б╨▒╨╛╤А╨║╨╕.  ╨Т╨║╨╗╤О╤З╨╡╨╜╨╜╤Л╨╡ ╤Д╨░╨╣╨╗╤Л тАФ C:\Users\KusokMedi\Documents\GitHub\BetterShowcase\build\_deps\bindings-src\bindings\2.2081\inline\FRequestProfilePage.cpp, C:\Users\KusokMedi\Documents\GitHub\BetterShowcase\build\bindings\bindings\Geode\source\FRequestProfilePage.cpp. [C:\Users\KusokMedi\Documents\GitHub\BetterShowcase\build\bindings\GeodeBindings.vcxproj]
C:\Program Files (x86)\Microsoft Visual Studio\2022\BuildTools\MSBuild\Microsoft\VC\v170\Microsoft.CppBuild.targets(1129,5): warning MSB8027: ╨┤╨▓╨░ ╨╕╨╗╨╕ ╨▒╨╛╨╗╨╡╨╡ ╤Д╨░╨╣╨╗╨╛╨▓ ╤Б ╨╕╨╝╨╡╨╜╨╡╨╝ FileOperation.cpp ╨▓╤Л╨▓╨╛╨┤╤П╤В ╤А╨╡╨╖╤Г╨╗╤М╤В╨░╤В╤Л ╨▓ ╨╛╨┤╨╜╨╛ ╨╕ ╤В╨╛ ╨╢╨╡ ╤А╨░╤Б╨┐╨╛╨╗╨╛╨╢╨╡╨╜╨╕╨╡. ╨н╤В╨╛ ╨╝╨╛╨╢╨╡╤В ╤Б╤В╨░╤В╤М ╨┐╤А╨╕╤З╨╕╨╜╨╛╨╣ ╨╜╨╡╨▓╨╡╤А╨╜╨╛╨│╨╛ ╤А╨╡╨╖╤Г╨╗╤М╤В╨░╤В╨░ ╤Б╨▒╨╛╤А╨║╨╕.  ╨Т╨║╨╗╤О╤З╨╡╨╜╨╜╤Л╨╡ ╤Д╨░╨╣╨╗╤Л тАФ C:\Users\KusokMedi\Documents\GitHub\BetterShowcase\build\_deps\bindings-src\bindings\2.2081\inline\FileOperation.cpp, C:\Users\KusokMedi\Documents\GitHub\BetterShowcase\build\bindings\bindings\Geode\source\FileOperation.cpp. [C:\Users\KusokMedi\Documents\GitHub\BetterShowcase\build\bindings\GeodeBindings.vcxproj]
C:\Program Files (x86)\Microsoft Visual Studio\2022\BuildTools\MSBuild\Microsoft\VC\v170\Microsoft.CppBuild.targets(1129,5): warning MSB8027: ╨┤╨▓╨░ ╨╕╨╗╨╕ ╨▒╨╛╨╗╨╡╨╡ ╤Д╨░╨╣╨╗╨╛╨▓ ╤Б ╨╕╨╝╨╡╨╜╨╡╨╝ FileSaveManager.cpp ╨▓╤Л╨▓╨╛╨┤╤П╤В ╤А╨╡╨╖╤Г╨╗╤М╤В╨░╤В╤Л ╨▓ ╨╛╨┤╨╜╨╛ ╨╕ ╤В╨╛ ╨╢╨╡ ╤А╨░╤Б╨┐╨╛╨╗╨╛╨╢╨╡╨╜╨╕╨╡. ╨н╤В╨╛ ╨╝╨╛╨╢╨╡╤В ╤Б╤В╨░╤В╤М ╨┐╤А╨╕╤З╨╕╨╜╨╛╨╣ ╨╜╨╡╨▓╨╡╤А╨╜╨╛╨│╨╛ ╤А╨╡╨╖╤Г╨╗╤М╤В╨░╤В╨░ ╤Б╨▒╨╛╤А╨║╨╕.  ╨Т╨║╨╗╤О╤З╨╡╨╜╨╜╤Л╨╡ ╤Д╨░╨╣╨╗╤Л тАФ C:\Users\KusokMedi\Documents\GitHub\BetterShowcase\build\_deps\bindings-src\bindings\2.2081\inline\FileSaveManager.cpp, C:\Users\KusokMedi\Documents\GitHub\BetterShowcase\build\bindings\bindings\Geode\source\FileSaveManager.cpp. [C:\Users\KusokMedi\Documents\GitHub\BetterShowcase\build\bindings\GeodeBindings.vcxproj]
C:\Program Files (x86)\Microsoft Visual Studio\2022\BuildTools\MSBuild\Microsoft\VC\v170\Microsoft.CppBuild.targets(1129,5): warning MSB8027: ╨┤╨▓╨░ ╨╕╨╗╨╕ ╨▒╨╛╨╗╨╡╨╡ ╤Д╨░╨╣╨╗╨╛╨▓ ╤Б ╨╕╨╝╨╡╨╜╨╡╨╝ FindBPMLayer.cpp ╨▓╤Л╨▓╨╛╨┤╤П╤В ╤А╨╡╨╖╤Г╨╗╤М╤В╨░╤В╤Л ╨▓ ╨╛╨┤╨╜╨╛ ╨╕ ╤В╨╛ ╨╢╨╡ ╤А╨░╤Б╨┐╨╛╨╗╨╛╨╢╨╡╨╜╨╕╨╡. ╨н╤В╨╛ ╨╝╨╛╨╢╨╡╤В ╤Б╤В╨░╤В╤М ╨┐╤А╨╕╤З╨╕╨╜╨╛╨╣ ╨╜╨╡╨▓╨╡╤А╨╜╨╛╨│╨╛ ╤А╨╡╨╖╤Г╨╗╤М╤В╨░╤В╨░ ╤Б╨▒╨╛╤А╨║╨╕.  ╨Т╨║╨╗╤О╤З╨╡╨╜╨╜╤Л╨╡ ╤Д╨░╨╣╨╗╤Л тАФ C:\Users\KusokMedi\Documents\GitHub\BetterShowcase\build\_deps\bindings-src\bindings\2.2081\inline\FindBPMLayer.cpp, C:\Users\KusokMedi\Documents\GitHub\BetterShowcase\build\bindings\bindings\Geode\source\FindBPMLayer.cpp. [C:\Users\KusokMedi\Documents\GitHub\BetterShowcase\build\bindings\GeodeBindings.vcxproj]
C:\Program Files (x86)\Microsoft Visual Studio\2022\BuildTools\MSBuild\Microsoft\VC\v170\Microsoft.CppBuild.targets(1129,5): warning MSB8027: ╨┤╨▓╨░ ╨╕╨╗╨╕ ╨▒╨╛╨╗╨╡╨╡ ╤Д╨░╨╣╨╗╨╛╨▓ ╤Б ╨╕╨╝╨╡╨╜╨╡╨╝ FindObjectPopup.cpp ╨▓╤Л╨▓╨╛╨┤╤П╤В ╤А╨╡╨╖╤Г╨╗╤М╤В╨░╤В╤Л ╨▓ ╨╛╨┤╨╜╨╛ ╨╕ ╤В╨╛ ╨╢╨╡ ╤А╨░╤Б╨┐╨╛╨╗╨╛╨╢╨╡╨╜╨╕╨╡. ╨н╤В╨╛ ╨╝╨╛╨╢╨╡╤В ╤Б╤В╨░╤В╤М ╨┐╤А╨╕╤З╨╕╨╜╨╛╨╣ ╨╜╨╡╨▓╨╡╤А╨╜╨╛╨│╨╛ ╤А╨╡╨╖╤Г╨╗╤М╤В╨░╤В╨░ ╤Б╨▒╨╛╤А╨║╨╕.  ╨Т╨║╨╗╤О╤З╨╡╨╜╨╜╤Л╨╡ ╤Д╨░╨╣╨╗╤Л тАФ C:\Users\KusokMedi\Documents\GitHub\BetterShowcase\build\_deps\bindings-src\bindings\2.2081\inline\FindObjectPopup.cpp, C:\Users\KusokMedi\Documents\GitHub\BetterShowcase\build\bindings\bindings\Geode\source\FindObjectPopup.cpp. [C:\Users\KusokMedi\Documents\GitHub\BetterShowcase\build\bindings\GeodeBindings.vcxproj]
C:\Program Files (x86)\Microsoft Visual Studio\2022\BuildTools\MSBuild\Microsoft\VC\v170\Microsoft.CppBuild.targets(1129,5): warning MSB8027: ╨┤╨▓╨░ ╨╕╨╗╨╕ ╨▒╨╛╨╗╨╡╨╡ ╤Д╨░╨╣╨╗╨╛╨▓ ╤Б ╨╕╨╝╨╡╨╜╨╡╨╝ FollowRewardPage.cpp ╨▓╤Л╨▓╨╛╨┤╤П╤В ╤А╨╡╨╖╤Г╨╗╤М╤В╨░╤В╤Л ╨▓ ╨╛╨┤╨╜╨╛ ╨╕ ╤В╨╛ ╨╢╨╡ ╤А╨░╤Б╨┐╨╛╨╗╨╛╨╢╨╡╨╜╨╕╨╡. ╨н╤В╨╛ ╨╝╨╛╨╢╨╡╤В ╤Б╤В╨░╤В╤М ╨┐╤А╨╕╤З╨╕╨╜╨╛╨╣ ╨╜╨╡╨▓╨╡╤А╨╜╨╛╨│╨╛ ╤А╨╡╨╖╤Г╨╗╤М╤В╨░╤В╨░ ╤Б╨▒╨╛╤А╨║╨╕.  ╨Т╨║╨╗╤О╤З╨╡╨╜╨╜╤Л╨╡ ╤Д╨░╨╣╨╗╤Л тАФ C:\Users\KusokMedi\Documents\GitHub\BetterShowcase\build\_deps\bindings-src\bindings\2.2081\inline\FollowRewardPage.cpp, C:\Users\KusokMedi\Documents\GitHub\BetterShowcase\build\bindings\bindings\Geode\source\FollowRewardPage.cpp. [C:\Users\KusokMedi\Documents\GitHub\BetterShowcase\build\bindings\GeodeBindings.vcxproj]
C:\Program Files (x86)\Microsoft Visual Studio\2022\BuildTools\MSBuild\Microsoft\VC\v170\Microsoft.CppBuild.targets(1129,5): warning MSB8027: ╨┤╨▓╨░ ╨╕╨╗╨╕ ╨▒╨╛╨╗╨╡╨╡ ╤Д╨░╨╣╨╗╨╛╨▓ ╤Б ╨╕╨╝╨╡╨╜╨╡╨╝ FontObject.cpp ╨▓╤Л╨▓╨╛╨┤╤П╤В ╤А╨╡╨╖╤Г╨╗╤М╤В╨░╤В╤Л ╨▓ ╨╛╨┤╨╜╨╛ ╨╕ ╤В╨╛ ╨╢╨╡ ╤А╨░╤Б╨┐╨╛╨╗╨╛╨╢╨╡╨╜╨╕╨╡. ╨н╤В╨╛ ╨╝╨╛╨╢╨╡╤В ╤Б╤В╨░╤В╤М ╨┐╤А╨╕╤З╨╕╨╜╨╛╨╣ ╨╜╨╡╨▓╨╡╤А╨╜╨╛╨│╨╛ ╤А╨╡╨╖╤Г╨╗╤М╤В╨░╤В╨░ ╤Б╨▒╨╛╤А╨║╨╕.  ╨Т╨║╨╗╤О╤З╨╡╨╜╨╜╤Л╨╡ ╤Д╨░╨╣╨╗╤Л тАФ C:\Users\KusokMedi\Documents\GitHub\BetterShowcase\build\_deps\bindings-src\bindings\2.2081\inline\FontObject.cpp, C:\Users\KusokMedi\Documents\GitHub\BetterShowcase\build\bindings\bindings\Geode\source\FontObject.cpp. [C:\Users\KusokMedi\Documents\GitHub\BetterShowcase\build\bindings\GeodeBindings.vcxproj]
C:\Program Files (x86)\Microsoft Visual Studio\2022\BuildTools\MSBuild\Microsoft\VC\v170\Microsoft.CppBuild.targets(1129,5): warning MSB8027: ╨┤╨▓╨░ ╨╕╨╗╨╕ ╨▒╨╛╨╗╨╡╨╡ ╤Д╨░╨╣╨╗╨╛╨▓ ╤Б ╨╕╨╝╨╡╨╜╨╡╨╝ ForceBlockGameObject.cpp ╨▓╤Л╨▓╨╛╨┤╤П╤В ╤А╨╡╨╖╤Г╨╗╤М╤В╨░╤В╤Л ╨▓ ╨╛╨┤╨╜╨╛ ╨╕ ╤В╨╛ ╨╢╨╡ ╤А╨░╤Б╨┐╨╛╨╗╨╛╨╢╨╡╨╜╨╕╨╡. ╨н╤В╨╛ ╨╝╨╛╨╢╨╡╤В ╤Б╤В╨░╤В╤М ╨┐╤А╨╕╤З╨╕╨╜╨╛╨╣ ╨╜╨╡╨▓╨╡╤А╨╜╨╛╨│╨╛ ╤А╨╡╨╖╤Г╨╗╤М╤В╨░╤В╨░ ╤Б╨▒╨╛╤А╨║╨╕.  ╨Т╨║╨╗╤О╤З╨╡╨╜╨╜╤Л╨╡ ╤Д╨░╨╣╨╗╤Л тАФ C:\Users\KusokMedi\Documents\GitHub\BetterShowcase\build\_deps\bindings-src\bindings\2.2081\inline\ForceBlockGameObject.cpp, C:\Users\KusokMedi\Documents\GitHub\BetterShowcase\build\bindings\bindings\Geode\source\ForceBlockGameObject.cpp. [C:\Users\KusokMedi\Documents\GitHub\BetterShowcase\build\bindings\GeodeBindings.vcxproj]
C:\Program Files (x86)\Microsoft Visual Studio\2022\BuildTools\MSBuild\Microsoft\VC\v170\Microsoft.CppBuild.targets(1129,5): warning MSB8027: ╨┤╨▓╨░ ╨╕╨╗╨╕ ╨▒╨╛╨╗╨╡╨╡ ╤Д╨░╨╣╨╗╨╛╨▓ ╤Б ╨╕╨╝╨╡╨╜╨╡╨╝ FriendRequestDelegate.cpp ╨▓╤Л╨▓╨╛╨┤╤П╤В ╤А╨╡╨╖╤Г╨╗╤М╤В╨░╤В╤Л ╨▓ ╨╛╨┤╨╜╨╛ ╨╕ ╤В╨╛ ╨╢╨╡ ╤А╨░╤Б╨┐╨╛╨╗╨╛╨╢╨╡╨╜╨╕╨╡. ╨н╤В╨╛ ╨╝╨╛╨╢╨╡╤В ╤Б╤В╨░╤В╤М ╨┐╤А╨╕╤З╨╕╨╜╨╛╨╣ ╨╜╨╡╨▓╨╡╤А╨╜╨╛╨│╨╛ ╤А╨╡╨╖╤Г╨╗╤М╤В╨░╤В╨░ ╤Б╨▒╨╛╤А╨║╨╕.  ╨Т╨║╨╗╤О╤З╨╡╨╜╨╜╤Л╨╡ ╤Д╨░╨╣╨╗╤Л тАФ C:\Users\KusokMedi\Documents\GitHub\BetterShowcase\build\_deps\bindings-src\bindings\2.2081\inline\FriendRequestDelegate.cpp, C:\Users\KusokMedi\Documents\GitHub\BetterShowcase\build\bindings\bindings\Geode\source\FriendRequestDelegate.cpp. [C:\Users\KusokMedi\Documents\GitHub\BetterShowcase\build\bindings\GeodeBindings.vcxproj]
C:\Program Files (x86)\Microsoft Visual Studio\2022\BuildTools\MSBuild\Microsoft\VC\v170\Microsoft.CppBuild.targets(1129,5): warning MSB8027: ╨┤╨▓╨░ ╨╕╨╗╨╕ ╨▒╨╛╨╗╨╡╨╡ ╤Д╨░╨╣╨╗╨╛╨▓ ╤Б ╨╕╨╝╨╡╨╜╨╡╨╝ FriendRequestPopup.cpp ╨▓╤Л╨▓╨╛╨┤╤П╤В ╤А╨╡╨╖╤Г╨╗╤М╤В╨░╤В╤Л ╨▓ ╨╛╨┤╨╜╨╛ ╨╕ ╤В╨╛ ╨╢╨╡ ╤А╨░╤Б╨┐╨╛╨╗╨╛╨╢╨╡╨╜╨╕╨╡. ╨н╤В╨╛ ╨╝╨╛╨╢╨╡╤В ╤Б╤В╨░╤В╤М ╨┐╤А╨╕╤З╨╕╨╜╨╛╨╣ ╨╜╨╡╨▓╨╡╤А╨╜╨╛╨│╨╛ ╤А╨╡╨╖╤Г╨╗╤М╤В╨░╤В╨░ ╤Б╨▒╨╛╤А╨║╨╕.  ╨Т╨║╨╗╤О╤З╨╡╨╜╨╜╤Л╨╡ ╤Д╨░╨╣╨╗╤Л тАФ C:\Users\KusokMedi\Documents\GitHub\BetterShowcase\build\_deps\bindings-src\bindings\2.2081\inline\FriendRequestPopup.cpp, C:\Users\KusokMedi\Documents\GitHub\BetterShowcase\build\bindings\bindings\Geode\source\FriendRequestPopup.cpp. [C:\Users\KusokMedi\Documents\GitHub\BetterShowcase\build\bindings\GeodeBindings.vcxproj]
C:\Program Files (x86)\Microsoft Visual Studio\2022\BuildTools\MSBuild\Microsoft\VC\v170\Microsoft.CppBuild.targets(1129,5): warning MSB8027: ╨┤╨▓╨░ ╨╕╨╗╨╕ ╨▒╨╛╨╗╨╡╨╡ ╤Д╨░╨╣╨╗╨╛╨▓ ╤Б ╨╕╨╝╨╡╨╜╨╡╨╝ FriendsProfilePage.cpp ╨▓╤Л╨▓╨╛╨┤╤П╤В ╤А╨╡╨╖╤Г╨╗╤М╤В╨░╤В╤Л ╨▓ ╨╛╨┤╨╜╨╛ ╨╕ ╤В╨╛ ╨╢╨╡ ╤А╨░╤Б╨┐╨╛╨╗╨╛╨╢╨╡╨╜╨╕╨╡. ╨н╤В╨╛ ╨╝╨╛╨╢╨╡╤В ╤Б╤В╨░╤В╤М ╨┐╤А╨╕╤З╨╕╨╜╨╛╨╣ ╨╜╨╡╨▓╨╡╤А╨╜╨╛╨│╨╛ ╤А╨╡╨╖╤Г╨╗╤М╤В╨░╤В╨░ ╤Б╨▒╨╛╤А╨║╨╕.  ╨Т╨║╨╗╤О╤З╨╡╨╜╨╜╤Л╨╡ ╤Д╨░╨╣╨╗╤Л тАФ C:\Users\KusokMedi\Documents\GitHub\BetterShowcase\build\_deps\bindings-src\bindings\2.2081\inline\FriendsProfilePage.cpp, C:\Users\KusokMedi\Documents\GitHub\BetterShowcase\build\bindings\bindings\Geode\source\FriendsProfilePage.cpp. [C:\Users\KusokMedi\Documents\GitHub\BetterShowcase\build\bindings\GeodeBindings.vcxproj]
C:\Program Files (x86)\Microsoft Visual Studio\2022\BuildTools\MSBuild\Microsoft\VC\v170\Microsoft.CppBuild.targets(1129,5): warning MSB8027: ╨┤╨▓╨░ ╨╕╨╗╨╕ ╨▒╨╛╨╗╨╡╨╡ ╤Д╨░╨╣╨╗╨╛╨▓ ╤Б ╨╕╨╝╨╡╨╜╨╡╨╝ GJAccountBackupDelegate.cpp ╨▓╤Л╨▓╨╛╨┤╤П╤В ╤А╨╡╨╖╤Г╨╗╤М╤В╨░╤В╤Л ╨▓ ╨╛╨┤╨╜╨╛ ╨╕ ╤В╨╛ ╨╢╨╡ ╤А╨░╤Б╨┐╨╛╨╗╨╛╨╢╨╡╨╜╨╕╨╡. ╨н╤В╨╛ ╨╝╨╛╨╢╨╡╤В ╤Б╤В╨░╤В╤М ╨┐╤А╨╕╤З╨╕╨╜╨╛╨╣ ╨╜╨╡╨▓╨╡╤А╨╜╨╛╨│╨╛ ╤А╨╡╨╖╤Г╨╗╤М╤В╨░╤В╨░ ╤Б╨▒╨╛╤А╨║╨╕.  ╨Т╨║╨╗╤О╤З╨╡╨╜╨╜╤Л╨╡ ╤Д╨░╨╣╨╗╤Л тАФ C:\Users\KusokMedi\Documents\GitHub\BetterShowcase\build\_deps\bindings-src\bindings\2.2081\inline\GJAccountBackupDelegate.cpp, C:\Users\KusokMedi\Documents\GitHub\BetterShowcase\build\bindings\bindings\Geode\source\GJAccountBackupDelegate.cpp. [C:\Users\KusokMedi\Documents\GitHub\BetterShowcase\build\bindings\GeodeBindings.vcxproj]
C:\Program Files (x86)\Microsoft Visual Studio\2022\BuildTools\MSBuild\Microsoft\VC\v170\Microsoft.CppBuild.targets(1129,5): warning MSB8027: ╨┤╨▓╨░ ╨╕╨╗╨╕ ╨▒╨╛╨╗╨╡╨╡ ╤Д╨░╨╣╨╗╨╛╨▓ ╤Б ╨╕╨╝╨╡╨╜╨╡╨╝ GJAccountDelegate.cpp ╨▓╤Л╨▓╨╛╨┤╤П╤В ╤А╨╡╨╖╤Г╨╗╤М╤В╨░╤В╤Л ╨▓ ╨╛╨┤╨╜╨╛ ╨╕ ╤В╨╛ ╨╢╨╡ ╤А╨░╤Б╨┐╨╛╨╗╨╛╨╢╨╡╨╜╨╕╨╡. ╨н╤В╨╛ ╨╝╨╛╨╢╨╡╤В ╤Б╤В╨░╤В╤М ╨┐╤А╨╕╤З╨╕╨╜╨╛╨╣ ╨╜╨╡╨▓╨╡╤А╨╜╨╛╨│╨╛ ╤А╨╡╨╖╤Г╨╗╤М╤В╨░╤В╨░ ╤Б╨▒╨╛╤А╨║╨╕.  ╨Т╨║╨╗╤О╤З╨╡╨╜╨╜╤Л╨╡ ╤Д╨░╨╣╨╗╤Л тАФ C:\Users\KusokMedi\Documents\GitHub\BetterShowcase\build\_deps\bindings-src\bindings\2.2081\inline\GJAccountDelegate.cpp, C:\Users\KusokMedi\Documents\GitHub\BetterShowcase\build\bindings\bindings\Geode\source\GJAccountDelegate.cpp. [C:\Users\KusokMedi\Documents\GitHub\BetterShowcase\build\bindings\GeodeBindings.vcxproj]
C:\Program Files (x86)\Microsoft Visual Studio\2022\BuildTools\MSBuild\Microsoft\VC\v170\Microsoft.CppBuild.targets(1129,5): warning MSB8027: ╨┤╨▓╨░ ╨╕╨╗╨╕ ╨▒╨╛╨╗╨╡╨╡ ╤Д╨░╨╣╨╗╨╛╨▓ ╤Б ╨╕╨╝╨╡╨╜╨╡╨╝ GJAccountLoginDelegate.cpp ╨▓╤Л╨▓╨╛╨┤╤П╤В ╤А╨╡╨╖╤Г╨╗╤М╤В╨░╤В╤Л ╨▓ ╨╛╨┤╨╜╨╛ ╨╕ ╤В╨╛ ╨╢╨╡ ╤А╨░╤Б╨┐╨╛╨╗╨╛╨╢╨╡╨╜╨╕╨╡. ╨н╤В╨╛ ╨╝╨╛╨╢╨╡╤В ╤Б╤В╨░╤В╤М ╨┐╤А╨╕╤З╨╕╨╜╨╛╨╣ ╨╜╨╡╨▓╨╡╤А╨╜╨╛╨│╨╛ ╤А╨╡╨╖╤Г╨╗╤М╤В╨░╤В╨░ ╤Б╨▒╨╛╤А╨║╨╕.  ╨Т╨║╨╗╤О╤З╨╡╨╜╨╜╤Л╨╡ ╤Д╨░╨╣╨╗╤Л тАФ C:\Users\KusokMedi\Documents\GitHub\BetterShowcase\build\_deps\bindings-src\bindings\2.2081\inline\GJAccountLoginDelegate.cpp, C:\Users\KusokMedi\Documents\GitHub\BetterShowcase\build\bindings\bindings\Geode\source\GJAccountLoginDelegate.cpp. [C:\Users\KusokMedi\Documents\GitHub\BetterShowcase\build\bindings\GeodeBindings.vcxproj]
C:\Program Files (x86)\Microsoft Visual Studio\2022\BuildTools\MSBuild\Microsoft\VC\v170\Microsoft.CppBuild.targets(1129,5): warning MSB8027: ╨┤╨▓╨░ ╨╕╨╗╨╕ ╨▒╨╛╨╗╨╡╨╡ ╤Д╨░╨╣╨╗╨╛╨▓ ╤Б ╨╕╨╝╨╡╨╜╨╡╨╝ GJAccountManager.cpp ╨▓╤Л╨▓╨╛╨┤╤П╤В ╤А╨╡╨╖╤Г╨╗╤М╤В╨░╤В╤Л ╨▓ ╨╛╨┤╨╜╨╛ ╨╕ ╤В╨╛ ╨╢╨╡ ╤А╨░╤Б╨┐╨╛╨╗╨╛╨╢╨╡╨╜╨╕╨╡. ╨н╤В╨╛ ╨╝╨╛╨╢╨╡╤В ╤Б╤В╨░╤В╤М ╨┐╤А╨╕╤З╨╕╨╜╨╛╨╣ ╨╜╨╡╨▓╨╡╤А╨╜╨╛╨│╨╛ ╤А╨╡╨╖╤Г╨╗╤М╤В╨░╤В╨░ ╤Б╨▒╨╛╤А╨║╨╕.  ╨Т╨║╨╗╤О╤З╨╡╨╜╨╜╤Л╨╡ ╤Д╨░╨╣╨╗╤Л тАФ C:\Users\KusokMedi\Documents\GitHub\BetterShowcase\build\_deps\bindings-src\bindings\2.2081\inline\GJAccountManager.cpp, C:\Users\KusokMedi\Documents\GitHub\BetterShowcase\build\bindings\bindings\Geode\source\GJAccountManager.cpp. [C:\Users\KusokMedi\Documents\GitHub\BetterShowcase\build\bindings\GeodeBindings.vcxproj]
C:\Program Files (x86)\Microsoft Visual Studio\2022\BuildTools\MSBuild\Microsoft\VC\v170\Microsoft.CppBuild.targets(1129,5): warning MSB8027: ╨┤╨▓╨░ ╨╕╨╗╨╕ ╨▒╨╛╨╗╨╡╨╡ ╤Д╨░╨╣╨╗╨╛╨▓ ╤Б ╨╕╨╝╨╡╨╜╨╡╨╝ GJAccountRegisterDelegate.cpp ╨▓╤Л╨▓╨╛╨┤╤П╤В ╤А╨╡╨╖╤Г╨╗╤М╤В╨░╤В╤Л ╨▓ ╨╛╨┤╨╜╨╛ ╨╕ ╤В╨╛ ╨╢╨╡ ╤А╨░╤Б╨┐╨╛╨╗╨╛╨╢╨╡╨╜╨╕╨╡. ╨н╤В╨╛ ╨╝╨╛╨╢╨╡╤В ╤Б╤В╨░╤В╤М ╨┐╤А╨╕╤З╨╕╨╜╨╛╨╣ ╨╜╨╡╨▓╨╡╤А╨╜╨╛╨│╨╛ ╤А╨╡╨╖╤Г╨╗╤М╤В╨░╤В╨░ ╤Б╨▒╨╛╤А╨║╨╕.  ╨Т╨║╨╗╤О╤З╨╡╨╜╨╜╤Л╨╡ ╤Д╨░╨╣╨╗╤Л тАФ C:\Users\KusokMedi\Documents\GitHub\BetterShowcase\build\_deps\bindings-src\bindings\2.2081\inline\GJAccountRegisterDelegate.cpp, C:\Users\KusokMedi\Documents\GitHub\BetterShowcase\build\bindings\bindings\Geode\source\GJAccountRegisterDelegate.cpp. [C:\Users\KusokMedi\Documents\GitHub\BetterShowcase\build\bindings\GeodeBindings.vcxproj]
C:\Program Files (x86)\Microsoft Visual Studio\2022\BuildTools\MSBuild\Microsoft\VC\v170\Microsoft.CppBuild.targets(1129,5): warning MSB8027: ╨┤╨▓╨░ ╨╕╨╗╨╕ ╨▒╨╛╨╗╨╡╨╡ ╤Д╨░╨╣╨╗╨╛╨▓ ╤Б ╨╕╨╝╨╡╨╜╨╡╨╝ GJAccountSettingsDelegate.cpp ╨▓╤Л╨▓╨╛╨┤╤П╤В ╤А╨╡╨╖╤Г╨╗╤М╤В╨░╤В╤Л ╨▓ ╨╛╨┤╨╜╨╛ ╨╕ ╤В╨╛ ╨╢╨╡ ╤А╨░╤Б╨┐╨╛╨╗╨╛╨╢╨╡╨╜╨╕╨╡. ╨н╤В╨╛ ╨╝╨╛╨╢╨╡╤В ╤Б╤В╨░╤В╤М ╨┐╤А╨╕╤З╨╕╨╜╨╛╨╣ ╨╜╨╡╨▓╨╡╤А╨╜╨╛╨│╨╛ ╤А╨╡╨╖╤Г╨╗╤М╤В╨░╤В╨░ ╤Б╨▒╨╛╤А╨║╨╕.  ╨Т╨║╨╗╤О╤З╨╡╨╜╨╜╤Л╨╡ ╤Д╨░╨╣╨╗╤Л тАФ C:\Users\KusokMedi\Documents\GitHub\BetterShowcase\build\_deps\bindings-src\bindings\2.2081\inline\GJAccountSettingsDelegate.cpp, C:\Users\KusokMedi\Documents\GitHub\BetterShowcase\build\bindings\bindings\Geode\source\GJAccountSettingsDelegate.cpp. [C:\Users\KusokMedi\Documents\GitHub\BetterShowcase\build\bindings\GeodeBindings.vcxproj]
C:\Program Files (x86)\Microsoft Visual Studio\2022\BuildTools\MSBuild\Microsoft\VC\v170\Microsoft.CppBuild.targets(1129,5): warning MSB8027: ╨┤╨▓╨░ ╨╕╨╗╨╕ ╨▒╨╛╨╗╨╡╨╡ ╤Д╨░╨╣╨╗╨╛╨▓ ╤Б ╨╕╨╝╨╡╨╜╨╡╨╝ GJAccountSettingsLayer.cpp ╨▓╤Л╨▓╨╛╨┤╤П╤В ╤А╨╡╨╖╤Г╨╗╤М╤В╨░╤В╤Л ╨▓ ╨╛╨┤╨╜╨╛ ╨╕ ╤В╨╛ ╨╢╨╡ ╤А╨░╤Б╨┐╨╛╨╗╨╛╨╢╨╡╨╜╨╕╨╡. ╨н╤В╨╛ ╨╝╨╛╨╢╨╡╤В ╤Б╤В╨░╤В╤М ╨┐╤А╨╕╤З╨╕╨╜╨╛╨╣ ╨╜╨╡╨▓╨╡╤А╨╜╨╛╨│╨╛ ╤А╨╡╨╖╤Г╨╗╤М╤В╨░╤В╨░ ╤Б╨▒╨╛╤А╨║╨╕.  ╨Т╨║╨╗╤О╤З╨╡╨╜╨╜╤Л╨╡ ╤Д╨░╨╣╨╗╤Л тАФ C:\Users\KusokMedi\Documents\GitHub\BetterShowcase\build\_deps\bindings-src\bindings\2.2081\inline\GJAccountSettingsLayer.cpp, C:\Users\KusokMedi\Documents\GitHub\BetterShowcase\build\bindings\bindings\Geode\source\GJAccountSettingsLayer.cpp. [C:\Users\KusokMedi\Documents\GitHub\BetterShowcase\build\bindings\GeodeBindings.vcxproj]
C:\Program Files (x86)\Microsoft Visual Studio\2022\BuildTools\MSBuild\Microsoft\VC\v170\Microsoft.CppBuild.targets(1129,5): warning MSB8027: ╨┤╨▓╨░ ╨╕╨╗╨╕ ╨▒╨╛╨╗╨╡╨╡ ╤Д╨░╨╣╨╗╨╛╨▓ ╤Б ╨╕╨╝╨╡╨╜╨╡╨╝ GJAccountSyncDelegate.cpp ╨▓╤Л╨▓╨╛╨┤╤П╤В ╤А╨╡╨╖╤Г╨╗╤М╤В╨░╤В╤Л ╨▓ ╨╛╨┤╨╜╨╛ ╨╕ ╤В╨╛ ╨╢╨╡ ╤А╨░╤Б╨┐╨╛╨╗╨╛╨╢╨╡╨╜╨╕╨╡. ╨н╤В╨╛ ╨╝╨╛╨╢╨╡╤В ╤Б╤В╨░╤В╤М ╨┐╤А╨╕╤З╨╕╨╜╨╛╨╣ ╨╜╨╡╨▓╨╡╤А╨╜╨╛╨│╨╛ ╤А╨╡╨╖╤Г╨╗╤М╤В╨░╤В╨░ ╤Б╨▒╨╛╤А╨║╨╕.  ╨Т╨║╨╗╤О╤З╨╡╨╜╨╜╤Л╨╡ ╤Д╨░╨╣╨╗╤Л тАФ C:\Users\KusokMedi\Documents\GitHub\BetterShowcase\build\_deps\bindings-src\bindings\2.2081\inline\GJAccountSyncDelegate.cpp, C:\Users\KusokMedi\Documents\GitHub\BetterShowcase\build\bindings\bindings\Geode\source\GJAccountSyncDelegate.cpp. [C:\Users\KusokMedi\Documents\GitHub\BetterShowcase\build\bindings\GeodeBindings.vcxproj]
C:\Program Files (x86)\Microsoft Visual Studio\2022\BuildTools\MSBuild\Microsoft\VC\v170\Microsoft.CppBuild.targets(1129,5): warning MSB8027: ╨┤╨▓╨░ ╨╕╨╗╨╕ ╨▒╨╛╨╗╨╡╨╡ ╤Д╨░╨╣╨╗╨╛╨▓ ╤Б ╨╕╨╝╨╡╨╜╨╡╨╝ GJActionManager.cpp ╨▓╤Л╨▓╨╛╨┤╤П╤В ╤А╨╡╨╖╤Г╨╗╤М╤В╨░╤В╤Л ╨▓ ╨╛╨┤╨╜╨╛ ╨╕ ╤В╨╛ ╨╢╨╡ ╤А╨░╤Б╨┐╨╛╨╗╨╛╨╢╨╡╨╜╨╕╨╡. ╨н╤В╨╛ ╨╝╨╛╨╢╨╡╤В ╤Б╤В╨░╤В╤М ╨┐╤А╨╕╤З╨╕╨╜╨╛╨╣ ╨╜╨╡╨▓╨╡╤А╨╜╨╛╨│╨╛ ╤А╨╡╨╖╤Г╨╗╤М╤В╨░╤В╨░ ╤Б╨▒╨╛╤А╨║╨╕.  ╨Т╨║╨╗╤О╤З╨╡╨╜╨╜╤Л╨╡ ╤Д╨░╨╣╨╗╤Л тАФ C:\Users\KusokMedi\Documents\GitHub\BetterShowcase\build\_deps\bindings-src\bindings\2.2081\inline\GJActionManager.cpp, C:\Users\KusokMedi\Documents\GitHub\BetterShowcase\build\bindings\bindings\Geode\source\GJActionManager.cpp. [C:\Users\KusokMedi\Documents\GitHub\BetterShowcase\build\bindings\GeodeBindings.vcxproj]
C:\Program Files (x86)\Microsoft Visual Studio\2022\BuildTools\MSBuild\Microsoft\VC\v170\Microsoft.CppBuild.targets(1129,5): warning MSB8027: ╨┤╨▓╨░ ╨╕╨╗╨╕ ╨▒╨╛╨╗╨╡╨╡ ╤Д╨░╨╣╨╗╨╛╨▓ ╤Б ╨╕╨╝╨╡╨╜╨╡╨╝ GJAssetDownloadAction.cpp ╨▓╤Л╨▓╨╛╨┤╤П╤В ╤А╨╡╨╖╤Г╨╗╤М╤В╨░╤В╤Л ╨▓ ╨╛╨┤╨╜╨╛ ╨╕ ╤В╨╛ ╨╢╨╡ ╤А╨░╤Б╨┐╨╛╨╗╨╛╨╢╨╡╨╜╨╕╨╡. ╨н╤В╨╛ ╨╝╨╛╨╢╨╡╤В ╤Б╤В╨░╤В╤М ╨┐╤А╨╕╤З╨╕╨╜╨╛╨╣ ╨╜╨╡╨▓╨╡╤А╨╜╨╛╨│╨╛ ╤А╨╡╨╖╤Г╨╗╤М╤В╨░╤В╨░ ╤Б╨▒╨╛╤А╨║╨╕.  ╨Т╨║╨╗╤О╤З╨╡╨╜╨╜╤Л╨╡ ╤Д╨░╨╣╨╗╤Л тАФ C:\Users\KusokMedi\Documents\GitHub\BetterShowcase\build\_deps\bindings-src\bindings\2.2081\inline\GJAssetDownloadAction.cpp, C:\Users\KusokMedi\Documents\GitHub\BetterShowcase\build\bindings\bindings\Geode\source\GJAssetDownloadAction.cpp. [C:\Users\KusokMedi\Documents\GitHub\BetterShowcase\build\bindings\GeodeBindings.vcxproj]
C:\Program Files (x86)\Microsoft Visual Studio\2022\BuildTools\MSBuild\Microsoft\VC\v170\Microsoft.CppBuild.targets(1129,5): warning MSB8027: ╨┤╨▓╨░ ╨╕╨╗╨╕ ╨▒╨╛╨╗╨╡╨╡ ╤Д╨░╨╣╨╗╨╛╨▓ ╤Б ╨╕╨╝╨╡╨╜╨╡╨╝ GJBaseGameLayer.cpp ╨▓╤Л╨▓╨╛╨┤╤П╤В ╤А╨╡╨╖╤Г╨╗╤М╤В╨░╤В╤Л ╨▓ ╨╛╨┤╨╜╨╛ ╨╕ ╤В╨╛ ╨╢╨╡ ╤А╨░╤Б╨┐╨╛╨╗╨╛╨╢╨╡╨╜╨╕╨╡. ╨н╤В╨╛ ╨╝╨╛╨╢╨╡╤В ╤Б╤В╨░╤В╤М ╨┐╤А╨╕╤З╨╕╨╜╨╛╨╣ ╨╜╨╡╨▓╨╡╤А╨╜╨╛╨│╨╛ ╤А╨╡╨╖╤Г╨╗╤М╤В╨░╤В╨░ ╤Б╨▒╨╛╤А╨║╨╕.  ╨Т╨║╨╗╤О╤З╨╡╨╜╨╜╤Л╨╡ ╤Д╨░╨╣╨╗╤Л тАФ C:\Users\KusokMedi\Documents\GitHub\BetterShowcase\build\_deps\bindings-src\bindings\2.2081\inline\GJBaseGameLayer.cpp, C:\Users\KusokMedi\Documents\GitHub\BetterShowcase\build\bindings\bindings\Geode\source\GJBaseGameLayer.cpp. [C:\Users\KusokMedi\Documents\GitHub\BetterShowcase\build\bindings\GeodeBindings.vcxproj]
C:\Program Files (x86)\Microsoft Visual Studio\2022\BuildTools\MSBuild\Microsoft\VC\v170\Microsoft.CppBuild.targets(1129,5): warning MSB8027: ╨┤╨▓╨░ ╨╕╨╗╨╕ ╨▒╨╛╨╗╨╡╨╡ ╤Д╨░╨╣╨╗╨╛╨▓ ╤Б ╨╕╨╝╨╡╨╜╨╡╨╝ GJBigSprite.cpp ╨▓╤Л╨▓╨╛╨┤╤П╤В ╤А╨╡╨╖╤Г╨╗╤М╤В╨░╤В╤Л ╨▓ ╨╛╨┤╨╜╨╛ ╨╕ ╤В╨╛ ╨╢╨╡ ╤А╨░╤Б╨┐╨╛╨╗╨╛╨╢╨╡╨╜╨╕╨╡. ╨н╤В╨╛ ╨╝╨╛╨╢╨╡╤В ╤Б╤В╨░╤В╤М ╨┐╤А╨╕╤З╨╕╨╜╨╛╨╣ ╨╜╨╡╨▓╨╡╤А╨╜╨╛╨│╨╛ ╤А╨╡╨╖╤Г╨╗╤М╤В╨░╤В╨░ ╤Б╨▒╨╛╤А╨║╨╕.  ╨Т╨║╨╗╤О╤З╨╡╨╜╨╜╤Л╨╡ ╤Д╨░╨╣╨╗╤Л тАФ C:\Users\KusokMedi\Documents\GitHub\BetterShowcase\build\_deps\bindings-src\bindings\2.2081\inline\GJBigSprite.cpp, C:\Users\KusokMedi\Documents\GitHub\BetterShowcase\build\bindings\bindings\Geode\source\GJBigSprite.cpp. [C:\Users\KusokMedi\Documents\GitHub\BetterShowcase\build\bindings\GeodeBindings.vcxproj]
C:\Program Files (x86)\Microsoft Visual Studio\2022\BuildTools\MSBuild\Microsoft\VC\v170\Microsoft.CppBuild.targets(1129,5): warning MSB8027: ╨┤╨▓╨░ ╨╕╨╗╨╕ ╨▒╨╛╨╗╨╡╨╡ ╤Д╨░╨╣╨╗╨╛╨▓ ╤Б ╨╕╨╝╨╡╨╜╨╡╨╝ GJBigSpriteNode.cpp ╨▓╤Л╨▓╨╛╨┤╤П╤В ╤А╨╡╨╖╤Г╨╗╤М╤В╨░╤В╤Л ╨▓ ╨╛╨┤╨╜╨╛ ╨╕ ╤В╨╛ ╨╢╨╡ ╤А╨░╤Б╨┐╨╛╨╗╨╛╨╢╨╡╨╜╨╕╨╡. ╨н╤В╨╛ ╨╝╨╛╨╢╨╡╤В ╤Б╤В╨░╤В╤М ╨┐╤А╨╕╤З╨╕╨╜╨╛╨╣ ╨╜╨╡╨▓╨╡╤А╨╜╨╛╨│╨╛ ╤А╨╡╨╖╤Г╨╗╤М╤В╨░╤В╨░ ╤Б╨▒╨╛╤А╨║╨╕.  ╨Т╨║╨╗╤О╤З╨╡╨╜╨╜╤Л╨╡ ╤Д╨░╨╣╨╗╤Л тАФ C:\Users\KusokMedi\Documents\GitHub\BetterShowcase\build\_deps\bindings-src\bindings\2.2081\inline\GJBigSpriteNode.cpp, C:\Users\KusokMedi\Documents\GitHub\BetterShowcase\build\bindings\bindings\Geode\source\GJBigSpriteNode.cpp. [C:\Users\KusokMedi\Documents\GitHub\BetterShowcase\build\bindings\GeodeBindings.vcxproj]
C:\Program Files (x86)\Microsoft Visual Studio\2022\BuildTools\MSBuild\Microsoft\VC\v170\Microsoft.CppBuild.targets(1129,5): warning MSB8027: ╨┤╨▓╨░ ╨╕╨╗╨╕ ╨▒╨╛╨╗╨╡╨╡ ╤Д╨░╨╣╨╗╨╛╨▓ ╤Б ╨╕╨╝╨╡╨╜╨╡╨╝ GJChallengeDelegate.cpp ╨▓╤Л╨▓╨╛╨┤╤П╤В ╤А╨╡╨╖╤Г╨╗╤М╤В╨░╤В╤Л ╨▓ ╨╛╨┤╨╜╨╛ ╨╕ ╤В╨╛ ╨╢╨╡ ╤А╨░╤Б╨┐╨╛╨╗╨╛╨╢╨╡╨╜╨╕╨╡. ╨н╤В╨╛ ╨╝╨╛╨╢╨╡╤В ╤Б╤В╨░╤В╤М ╨┐╤А╨╕╤З╨╕╨╜╨╛╨╣ ╨╜╨╡╨▓╨╡╤А╨╜╨╛╨│╨╛ ╤А╨╡╨╖╤Г╨╗╤М╤В╨░╤В╨░ ╤Б╨▒╨╛╤А╨║╨╕.  ╨Т╨║╨╗╤О╤З╨╡╨╜╨╜╤Л╨╡ ╤Д╨░╨╣╨╗╤Л тАФ C:\Users\KusokMedi\Documents\GitHub\BetterShowcase\build\_deps\bindings-src\bindings\2.2081\inline\GJChallengeDelegate.cpp, C:\Users\KusokMedi\Documents\GitHub\BetterShowcase\build\bindings\bindings\Geode\source\GJChallengeDelegate.cpp. [C:\Users\KusokMedi\Documents\GitHub\BetterShowcase\build\bindings\GeodeBindings.vcxproj]
C:\Program Files (x86)\Microsoft Visual Studio\2022\BuildTools\MSBuild\Microsoft\VC\v170\Microsoft.CppBuild.targets(1129,5): warning MSB8027: ╨┤╨▓╨░ ╨╕╨╗╨╕ ╨▒╨╛╨╗╨╡╨╡ ╤Д╨░╨╣╨╗╨╛╨▓ ╤Б ╨╕╨╝╨╡╨╜╨╡╨╝ GJChallengeItem.cpp ╨▓╤Л╨▓╨╛╨┤╤П╤В ╤А╨╡╨╖╤Г╨╗╤М╤В╨░╤В╤Л ╨▓ ╨╛╨┤╨╜╨╛ ╨╕ ╤В╨╛ ╨╢╨╡ ╤А╨░╤Б╨┐╨╛╨╗╨╛╨╢╨╡╨╜╨╕╨╡. ╨н╤В╨╛ ╨╝╨╛╨╢╨╡╤В ╤Б╤В╨░╤В╤М ╨┐╤А╨╕╤З╨╕╨╜╨╛╨╣ ╨╜╨╡╨▓╨╡╤А╨╜╨╛╨│╨╛ ╤А╨╡╨╖╤Г╨╗╤М╤В╨░╤В╨░ ╤Б╨▒╨╛╤А╨║╨╕.  ╨Т╨║╨╗╤О╤З╨╡╨╜╨╜╤Л╨╡ ╤Д╨░╨╣╨╗╤Л тАФ C:\Users\KusokMedi\Documents\GitHub\BetterShowcase\build\_deps\bindings-src\bindings\2.2081\inline\GJChallengeItem.cpp, C:\Users\KusokMedi\Documents\GitHub\BetterShowcase\build\bindings\bindings\Geode\source\GJChallengeItem.cpp. [C:\Users\KusokMedi\Documents\GitHub\BetterShowcase\build\bindings\GeodeBindings.vcxproj]
C:\Program Files (x86)\Microsoft Visual Studio\2022\BuildTools\MSBuild\Microsoft\VC\v170\Microsoft.CppBuild.targets(1129,5): warning MSB8027: ╨┤╨▓╨░ ╨╕╨╗╨╕ ╨▒╨╛╨╗╨╡╨╡ ╤Д╨░╨╣╨╗╨╛╨▓ ╤Б ╨╕╨╝╨╡╨╜╨╡╨╝ GJChestSprite.cpp ╨▓╤Л╨▓╨╛╨┤╤П╤В ╤А╨╡╨╖╤Г╨╗╤М╤В╨░╤В╤Л ╨▓ ╨╛╨┤╨╜╨╛ ╨╕ ╤В╨╛ ╨╢╨╡ ╤А╨░╤Б╨┐╨╛╨╗╨╛╨╢╨╡╨╜╨╕╨╡. ╨н╤В╨╛ ╨╝╨╛╨╢╨╡╤В ╤Б╤В╨░╤В╤М ╨┐╤А╨╕╤З╨╕╨╜╨╛╨╣ ╨╜╨╡╨▓╨╡╤А╨╜╨╛╨│╨╛ ╤А╨╡╨╖╤Г╨╗╤М╤В╨░╤В╨░ ╤Б╨▒╨╛╤А╨║╨╕.  ╨Т╨║╨╗╤О╤З╨╡╨╜╨╜╤Л╨╡ ╤Д╨░╨╣╨╗╤Л тАФ C:\Users\KusokMedi\Documents\GitHub\BetterShowcase\build\_deps\bindings-src\bindings\2.2081\inline\GJChestSprite.cpp, C:\Users\KusokMedi\Documents\GitHub\BetterShowcase\build\bindings\bindings\Geode\source\GJChestSprite.cpp. [C:\Users\KusokMedi\Documents\GitHub\BetterShowcase\build\bindings\GeodeBindings.vcxproj]
C:\Program Files (x86)\Microsoft Visual Studio\2022\BuildTools\MSBuild\Microsoft\VC\v170\Microsoft.CppBuild.targets(1129,5): warning MSB8027: ╨┤╨▓╨░ ╨╕╨╗╨╕ ╨▒╨╛╨╗╨╡╨╡ ╤Д╨░╨╣╨╗╨╛╨▓ ╤Б ╨╕╨╝╨╡╨╜╨╡╨╝ GJColorSetupLayer.cpp ╨▓╤Л╨▓╨╛╨┤╤П╤В ╤А╨╡╨╖╤Г╨╗╤М╤В╨░╤В╤Л ╨▓ ╨╛╨┤╨╜╨╛ ╨╕ ╤В╨╛ ╨╢╨╡ ╤А╨░╤Б╨┐╨╛╨╗╨╛╨╢╨╡╨╜╨╕╨╡. ╨н╤В╨╛ ╨╝╨╛╨╢╨╡╤В ╤Б╤В╨░╤В╤М ╨┐╤А╨╕╤З╨╕╨╜╨╛╨╣ ╨╜╨╡╨▓╨╡╤А╨╜╨╛╨│╨╛ ╤А╨╡╨╖╤Г╨╗╤М╤В╨░╤В╨░ ╤Б╨▒╨╛╤А╨║╨╕.  ╨Т╨║╨╗╤О╤З╨╡╨╜╨╜╤Л╨╡ ╤Д╨░╨╣╨╗╤Л тАФ C:\Users\KusokMedi\Documents\GitHub\BetterShowcase\build\_deps\bindings-src\bindings\2.2081\inline\GJColorSetupLayer.cpp, C:\Users\KusokMedi\Documents\GitHub\BetterShowcase\build\bindings\bindings\Geode\source\GJColorSetupLayer.cpp. [C:\Users\KusokMedi\Documents\GitHub\BetterShowcase\build\bindings\GeodeBindings.vcxproj]
C:\Program Files (x86)\Microsoft Visual Studio\2022\BuildTools\MSBuild\Microsoft\VC\v170\Microsoft.CppBuild.targets(1129,5): warning MSB8027: ╨┤╨▓╨░ ╨╕╨╗╨╕ ╨▒╨╛╨╗╨╡╨╡ ╤Д╨░╨╣╨╗╨╛╨▓ ╤Б ╨╕╨╝╨╡╨╜╨╡╨╝ GJComment.cpp ╨▓╤Л╨▓╨╛╨┤╤П╤В ╤А╨╡╨╖╤Г╨╗╤М╤В╨░╤В╤Л ╨▓ ╨╛╨┤╨╜╨╛ ╨╕ ╤В╨╛ ╨╢╨╡ ╤А╨░╤Б╨┐╨╛╨╗╨╛╨╢╨╡╨╜╨╕╨╡. ╨н╤В╨╛ ╨╝╨╛╨╢╨╡╤В ╤Б╤В╨░╤В╤М ╨┐╤А╨╕╤З╨╕╨╜╨╛╨╣ ╨╜╨╡╨▓╨╡╤А╨╜╨╛╨│╨╛ ╤А╨╡╨╖╤Г╨╗╤М╤В╨░╤В╨░ ╤Б╨▒╨╛╤А╨║╨╕.  ╨Т╨║╨╗╤О╤З╨╡╨╜╨╜╤Л╨╡ ╤Д╨░╨╣╨╗╤Л тАФ C:\Users\KusokMedi\Documents\GitHub\BetterShowcase\build\_deps\bindings-src\bindings\2.2081\inline\GJComment.cpp, C:\Users\KusokMedi\Documents\GitHub\BetterShowcase\build\bindings\bindings\Geode\source\GJComment.cpp. [C:\Users\KusokMedi\Documents\GitHub\BetterShowcase\build\bindings\GeodeBindings.vcxproj]
C:\Program Files (x86)\Microsoft Visual Studio\2022\BuildTools\MSBuild\Microsoft\VC\v170\Microsoft.CppBuild.targets(1129,5): warning MSB8027: ╨┤╨▓╨░ ╨╕╨╗╨╕ ╨▒╨╛╨╗╨╡╨╡ ╤Д╨░╨╣╨╗╨╛╨▓ ╤Б ╨╕╨╝╨╡╨╜╨╡╨╝ GJCommentListLayer.cpp ╨▓╤Л╨▓╨╛╨┤╤П╤В ╤А╨╡╨╖╤Г╨╗╤М╤В╨░╤В╤Л ╨▓ ╨╛╨┤╨╜╨╛ ╨╕ ╤В╨╛ ╨╢╨╡ ╤А╨░╤Б╨┐╨╛╨╗╨╛╨╢╨╡╨╜╨╕╨╡. ╨н╤В╨╛ ╨╝╨╛╨╢╨╡╤В ╤Б╤В╨░╤В╤М ╨┐╤А╨╕╤З╨╕╨╜╨╛╨╣ ╨╜╨╡╨▓╨╡╤А╨╜╨╛╨│╨╛ ╤А╨╡╨╖╤Г╨╗╤М╤В╨░╤В╨░ ╤Б╨▒╨╛╤А╨║╨╕.  ╨Т╨║╨╗╤О╤З╨╡╨╜╨╜╤Л╨╡ ╤Д╨░╨╣╨╗╤Л тАФ C:\Users\KusokMedi\Documents\GitHub\BetterShowcase\build\_deps\bindings-src\bindings\2.2081\inline\GJCommentListLayer.cpp, C:\Users\KusokMedi\Documents\GitHub\BetterShowcase\build\bindings\bindings\Geode\source\GJCommentListLayer.cpp. [C:\Users\KusokMedi\Documents\GitHub\BetterShowcase\build\bindings\GeodeBindings.vcxproj]
C:\Program Files (x86)\Microsoft Visual Studio\2022\BuildTools\MSBuild\Microsoft\VC\v170\Microsoft.CppBuild.targets(1129,5): warning MSB8027: ╨┤╨▓╨░ ╨╕╨╗╨╕ ╨▒╨╛╨╗╨╡╨╡ ╤Д╨░╨╣╨╗╨╛╨▓ ╤Б ╨╕╨╝╨╡╨╜╨╡╨╝ GJDailyLevelDelegate.cpp ╨▓╤Л╨▓╨╛╨┤╤П╤В ╤А╨╡╨╖╤Г╨╗╤М╤В╨░╤В╤Л ╨▓ ╨╛╨┤╨╜╨╛ ╨╕ ╤В╨╛ ╨╢╨╡ ╤А╨░╤Б╨┐╨╛╨╗╨╛╨╢╨╡╨╜╨╕╨╡. ╨н╤В╨╛ ╨╝╨╛╨╢╨╡╤В ╤Б╤В╨░╤В╤М ╨┐╤А╨╕╤З╨╕╨╜╨╛╨╣ ╨╜╨╡╨▓╨╡╤А╨╜╨╛╨│╨╛ ╤А╨╡╨╖╤Г╨╗╤М╤В╨░╤В╨░ ╤Б╨▒╨╛╤А╨║╨╕.  ╨Т╨║╨╗╤О╤З╨╡╨╜╨╜╤Л╨╡ ╤Д╨░╨╣╨╗╤Л тАФ C:\Users\KusokMedi\Documents\GitHub\BetterShowcase\build\_deps\bindings-src\bindings\2.2081\inline\GJDailyLevelDelegate.cpp, C:\Users\KusokMedi\Documents\GitHub\BetterShowcase\build\bindings\bindings\Geode\source\GJDailyLevelDelegate.cpp. [C:\Users\KusokMedi\Documents\GitHub\BetterShowcase\build\bindings\GeodeBindings.vcxproj]
C:\Program Files (x86)\Microsoft Visual Studio\2022\BuildTools\MSBuild\Microsoft\VC\v170\Microsoft.CppBuild.targets(1129,5): warning MSB8027: ╨┤╨▓╨░ ╨╕╨╗╨╕ ╨▒╨╛╨╗╨╡╨╡ ╤Д╨░╨╣╨╗╨╛╨▓ ╤Б ╨╕╨╝╨╡╨╜╨╡╨╝ GJDifficultySprite.cpp ╨▓╤Л╨▓╨╛╨┤╤П╤В ╤А╨╡╨╖╤Г╨╗╤М╤В╨░╤В╤Л ╨▓ ╨╛╨┤╨╜╨╛ ╨╕ ╤В╨╛ ╨╢╨╡ ╤А╨░╤Б╨┐╨╛╨╗╨╛╨╢╨╡╨╜╨╕╨╡. ╨н╤В╨╛ ╨╝╨╛╨╢╨╡╤В ╤Б╤В╨░╤В╤М ╨┐╤А╨╕╤З╨╕╨╜╨╛╨╣ ╨╜╨╡╨▓╨╡╤А╨╜╨╛╨│╨╛ ╤А╨╡╨╖╤Г╨╗╤М╤В╨░╤В╨░ ╤Б╨▒╨╛╤А╨║╨╕.  ╨Т╨║╨╗╤О╤З╨╡╨╜╨╜╤Л╨╡ ╤Д╨░╨╣╨╗╤Л тАФ C:\Users\KusokMedi\Documents\GitHub\BetterShowcase\build\_deps\bindings-src\bindings\2.2081\inline\GJDifficultySprite.cpp, C:\Users\KusokMedi\Documents\GitHub\BetterShowcase\build\bindings\bindings\Geode\source\GJDifficultySprite.cpp. [C:\Users\KusokMedi\Documents\GitHub\BetterShowcase\build\bindings\GeodeBindings.vcxproj]
C:\Program Files (x86)\Microsoft Visual Studio\2022\BuildTools\MSBuild\Microsoft\VC\v170\Microsoft.CppBuild.targets(1129,5): warning MSB8027: ╨┤╨▓╨░ ╨╕╨╗╨╕ ╨▒╨╛╨╗╨╡╨╡ ╤Д╨░╨╣╨╗╨╛╨▓ ╤Б ╨╕╨╝╨╡╨╜╨╡╨╝ GJDropDownLayer.cpp ╨▓╤Л╨▓╨╛╨┤╤П╤В ╤А╨╡╨╖╤Г╨╗╤М╤В╨░╤В╤Л ╨▓ ╨╛╨┤╨╜╨╛ ╨╕ ╤В╨╛ ╨╢╨╡ ╤А╨░╤Б╨┐╨╛╨╗╨╛╨╢╨╡╨╜╨╕╨╡. ╨н╤В╨╛ ╨╝╨╛╨╢╨╡╤В ╤Б╤В╨░╤В╤М ╨┐╤А╨╕╤З╨╕╨╜╨╛╨╣ ╨╜╨╡╨▓╨╡╤А╨╜╨╛╨│╨╛ ╤А╨╡╨╖╤Г╨╗╤М╤В╨░╤В╨░ ╤Б╨▒╨╛╤А╨║╨╕.  ╨Т╨║╨╗╤О╤З╨╡╨╜╨╜╤Л╨╡ ╤Д╨░╨╣╨╗╤Л тАФ C:\Users\KusokMedi\Documents\GitHub\BetterShowcase\build\_deps\bindings-src\bindings\2.2081\inline\GJDropDownLayer.cpp, C:\Users\KusokMedi\Documents\GitHub\BetterShowcase\build\bindings\bindings\Geode\source\GJDropDownLayer.cpp. [C:\Users\KusokMedi\Documents\GitHub\BetterShowcase\build\bindings\GeodeBindings.vcxproj]
C:\Program Files (x86)\Microsoft Visual Studio\2022\BuildTools\MSBuild\Microsoft\VC\v170\Microsoft.CppBuild.targets(1129,5): warning MSB8027: ╨┤╨▓╨░ ╨╕╨╗╨╕ ╨▒╨╛╨╗╨╡╨╡ ╤Д╨░╨╣╨╗╨╛╨▓ ╤Б ╨╕╨╝╨╡╨╜╨╡╨╝ GJDropDownLayerDelegate.cpp ╨▓╤Л╨▓╨╛╨┤╤П╤В ╤А╨╡╨╖╤Г╨╗╤М╤В╨░╤В╤Л ╨▓ ╨╛╨┤╨╜╨╛ ╨╕ ╤В╨╛ ╨╢╨╡ ╤А╨░╤Б╨┐╨╛╨╗╨╛╨╢╨╡╨╜╨╕╨╡. ╨н╤В╨╛ ╨╝╨╛╨╢╨╡╤В ╤Б╤В╨░╤В╤М ╨┐╤А╨╕╤З╨╕╨╜╨╛╨╣ ╨╜╨╡╨▓╨╡╤А╨╜╨╛╨│╨╛ ╤А╨╡╨╖╤Г╨╗╤М╤В╨░╤В╨░ ╤Б╨▒╨╛╤А╨║╨╕.  ╨Т╨║╨╗╤О╤З╨╡╨╜╨╜╤Л╨╡ ╤Д╨░╨╣╨╗╤Л тАФ C:\Users\KusokMedi\Documents\GitHub\BetterShowcase\build\_deps\bindings-src\bindings\2.2081\inline\GJDropDownLayerDelegate.cpp, C:\Users\KusokMedi\Documents\GitHub\BetterShowcase\build\bindings\bindings\Geode\source\GJDropDownLayerDelegate.cpp. [C:\Users\KusokMedi\Documents\GitHub\BetterShowcase\build\bindings\GeodeBindings.vcxproj]
C:\Program Files (x86)\Microsoft Visual Studio\2022\BuildTools\MSBuild\Microsoft\VC\v170\Microsoft.CppBuild.targets(1129,5): warning MSB8027: ╨┤╨▓╨░ ╨╕╨╗╨╕ ╨▒╨╛╨╗╨╡╨╡ ╤Д╨░╨╣╨╗╨╛╨▓ ╤Б ╨╕╨╝╨╡╨╜╨╡╨╝ GJEffectManager.cpp ╨▓╤Л╨▓╨╛╨┤╤П╤В ╤А╨╡╨╖╤Г╨╗╤М╤В╨░╤В╤Л ╨▓ ╨╛╨┤╨╜╨╛ ╨╕ ╤В╨╛ ╨╢╨╡ ╤А╨░╤Б╨┐╨╛╨╗╨╛╨╢╨╡╨╜╨╕╨╡. ╨н╤В╨╛ ╨╝╨╛╨╢╨╡╤В ╤Б╤В╨░╤В╤М ╨┐╤А╨╕╤З╨╕╨╜╨╛╨╣ ╨╜╨╡╨▓╨╡╤А╨╜╨╛╨│╨╛ ╤А╨╡╨╖╤Г╨╗╤М╤В╨░╤В╨░ ╤Б╨▒╨╛╤А╨║╨╕.  ╨Т╨║╨╗╤О╤З╨╡╨╜╨╜╤Л╨╡ ╤Д╨░╨╣╨╗╤Л тАФ C:\Users\KusokMedi\Documents\GitHub\BetterShowcase\build\_deps\bindings-src\bindings\2.2081\inline\GJEffectManager.cpp, C:\Users\KusokMedi\Documents\GitHub\BetterShowcase\build\bindings\bindings\Geode\source\GJEffectManager.cpp. [C:\Users\KusokMedi\Documents\GitHub\BetterShowcase\build\bindings\GeodeBindings.vcxproj]
C:\Program Files (x86)\Microsoft Visual Studio\2022\BuildTools\MSBuild\Microsoft\VC\v170\Microsoft.CppBuild.targets(1129,5): warning MSB8027: ╨┤╨▓╨░ ╨╕╨╗╨╕ ╨▒╨╛╨╗╨╡╨╡ ╤Д╨░╨╣╨╗╨╛╨▓ ╤Б ╨╕╨╝╨╡╨╜╨╡╨╝ GJFlyGroundLayer.cpp ╨▓╤Л╨▓╨╛╨┤╤П╤В ╤А╨╡╨╖╤Г╨╗╤М╤В╨░╤В╤Л ╨▓ ╨╛╨┤╨╜╨╛ ╨╕ ╤В╨╛ ╨╢╨╡ ╤А╨░╤Б╨┐╨╛╨╗╨╛╨╢╨╡╨╜╨╕╨╡. ╨н╤В╨╛ ╨╝╨╛╨╢╨╡╤В ╤Б╤В╨░╤В╤М ╨┐╤А╨╕╤З╨╕╨╜╨╛╨╣ ╨╜╨╡╨▓╨╡╤А╨╜╨╛╨│╨╛ ╤А╨╡╨╖╤Г╨╗╤М╤В╨░╤В╨░ ╤Б╨▒╨╛╤А╨║╨╕.  ╨Т╨║╨╗╤О╤З╨╡╨╜╨╜╤Л╨╡ ╤Д╨░╨╣╨╗╤Л тАФ C:\Users\KusokMedi\Documents\GitHub\BetterShowcase\build\_deps\bindings-src\bindings\2.2081\inline\GJFlyGroundLayer.cpp, C:\Users\KusokMedi\Documents\GitHub\BetterShowcase\build\bindings\bindings\Geode\source\GJFlyGroundLayer.cpp. [C:\Users\KusokMedi\Documents\GitHub\BetterShowcase\build\bindings\GeodeBindings.vcxproj]
C:\Program Files (x86)\Microsoft Visual Studio\2022\BuildTools\MSBuild\Microsoft\VC\v170\Microsoft.CppBuild.targets(1129,5): warning MSB8027: ╨┤╨▓╨░ ╨╕╨╗╨╕ ╨▒╨╛╨╗╨╡╨╡ ╤Д╨░╨╣╨╗╨╛╨▓ ╤Б ╨╕╨╝╨╡╨╜╨╡╨╝ GJFollowCommandLayer.cpp ╨▓╤Л╨▓╨╛╨┤╤П╤В ╤А╨╡╨╖╤Г╨╗╤М╤В╨░╤В╤Л ╨▓ ╨╛╨┤╨╜╨╛ ╨╕ ╤В╨╛ ╨╢╨╡ ╤А╨░╤Б╨┐╨╛╨╗╨╛╨╢╨╡╨╜╨╕╨╡. ╨н╤В╨╛ ╨╝╨╛╨╢╨╡╤В ╤Б╤В╨░╤В╤М ╨┐╤А╨╕╤З╨╕╨╜╨╛╨╣ ╨╜╨╡╨▓╨╡╤А╨╜╨╛╨│╨╛ ╤А╨╡╨╖╤Г╨╗╤М╤В╨░╤В╨░ ╤Б╨▒╨╛╤А╨║╨╕.  ╨Т╨║╨╗╤О╤З╨╡╨╜╨╜╤Л╨╡ ╤Д╨░╨╣╨╗╤Л тАФ C:\Users\KusokMedi\Documents\GitHub\BetterShowcase\build\_deps\bindings-src\bindings\2.2081\inline\GJFollowCommandLayer.cpp, C:\Users\KusokMedi\Documents\GitHub\BetterShowcase\build\bindings\bindings\Geode\source\GJFollowCommandLayer.cpp. [C:\Users\KusokMedi\Documents\GitHub\BetterShowcase\build\bindings\GeodeBindings.vcxproj]
C:\Program Files (x86)\Microsoft Visual Studio\2022\BuildTools\MSBuild\Microsoft\VC\v170\Microsoft.CppBuild.targets(1129,5): warning MSB8027: ╨┤╨▓╨░ ╨╕╨╗╨╕ ╨▒╨╛╨╗╨╡╨╡ ╤Д╨░╨╣╨╗╨╛╨▓ ╤Б ╨╕╨╝╨╡╨╜╨╡╨╝ GJFriendRequest.cpp ╨▓╤Л╨▓╨╛╨┤╤П╤В ╤А╨╡╨╖╤Г╨╗╤М╤В╨░╤В╤Л ╨▓ ╨╛╨┤╨╜╨╛ ╨╕ ╤В╨╛ ╨╢╨╡ ╤А╨░╤Б╨┐╨╛╨╗╨╛╨╢╨╡╨╜╨╕╨╡. ╨н╤В╨╛ ╨╝╨╛╨╢╨╡╤В ╤Б╤В╨░╤В╤М ╨┐╤А╨╕╤З╨╕╨╜╨╛╨╣ ╨╜╨╡╨▓╨╡╤А╨╜╨╛╨│╨╛ ╤А╨╡╨╖╤Г╨╗╤М╤В╨░╤В╨░ ╤Б╨▒╨╛╤А╨║╨╕.  ╨Т╨║╨╗╤О╤З╨╡╨╜╨╜╤Л╨╡ ╤Д╨░╨╣╨╗╤Л тАФ C:\Users\KusokMedi\Documents\GitHub\BetterShowcase\build\_deps\bindings-src\bindings\2.2081\inline\GJFriendRequest.cpp, C:\Users\KusokMedi\Documents\GitHub\BetterShowcase\build\bindings\bindings\Geode\source\GJFriendRequest.cpp. [C:\Users\KusokMedi\Documents\GitHub\BetterShowcase\build\bindings\GeodeBindings.vcxproj]
C:\Program Files (x86)\Microsoft Visual Studio\2022\BuildTools\MSBuild\Microsoft\VC\v170\Microsoft.CppBuild.targets(1129,5): warning MSB8027: ╨┤╨▓╨░ ╨╕╨╗╨╕ ╨▒╨╛╨╗╨╡╨╡ ╤Д╨░╨╣╨╗╨╛╨▓ ╤Б ╨╕╨╝╨╡╨╜╨╡╨╝ GJGameLevel.cpp ╨▓╤Л╨▓╨╛╨┤╤П╤В ╤А╨╡╨╖╤Г╨╗╤М╤В╨░╤В╤Л ╨▓ ╨╛╨┤╨╜╨╛ ╨╕ ╤В╨╛ ╨╢╨╡ ╤А╨░╤Б╨┐╨╛╨╗╨╛╨╢╨╡╨╜╨╕╨╡. ╨н╤В╨╛ ╨╝╨╛╨╢╨╡╤В ╤Б╤В╨░╤В╤М ╨┐╤А╨╕╤З╨╕╨╜╨╛╨╣ ╨╜╨╡╨▓╨╡╤А╨╜╨╛╨│╨╛ ╤А╨╡╨╖╤Г╨╗╤М╤В╨░╤В╨░ ╤Б╨▒╨╛╤А╨║╨╕.  ╨Т╨║╨╗╤О╤З╨╡╨╜╨╜╤Л╨╡ ╤Д╨░╨╣╨╗╤Л тАФ C:\Users\KusokMedi\Documents\GitHub\BetterShowcase\build\_deps\bindings-src\bindings\2.2081\inline\GJGameLevel.cpp, C:\Users\KusokMedi\Documents\GitHub\BetterShowcase\build\bindings\bindings\Geode\source\GJGameLevel.cpp. [C:\Users\KusokMedi\Documents\GitHub\BetterShowcase\build\bindings\GeodeBindings.vcxproj]
C:\Program Files (x86)\Microsoft Visual Studio\2022\BuildTools\MSBuild\Microsoft\VC\v170\Microsoft.CppBuild.targets(1129,5): warning MSB8027: ╨┤╨▓╨░ ╨╕╨╗╨╕ ╨▒╨╛╨╗╨╡╨╡ ╤Д╨░╨╣╨╗╨╛╨▓ ╤Б ╨╕╨╝╨╡╨╜╨╡╨╝ GJGameLoadingLayer.cpp ╨▓╤Л╨▓╨╛╨┤╤П╤В ╤А╨╡╨╖╤Г╨╗╤М╤В╨░╤В╤Л ╨▓ ╨╛╨┤╨╜╨╛ ╨╕ ╤В╨╛ ╨╢╨╡ ╤А╨░╤Б╨┐╨╛╨╗╨╛╨╢╨╡╨╜╨╕╨╡. ╨н╤В╨╛ ╨╝╨╛╨╢╨╡╤В ╤Б╤В╨░╤В╤М ╨┐╤А╨╕╤З╨╕╨╜╨╛╨╣ ╨╜╨╡╨▓╨╡╤А╨╜╨╛╨│╨╛ ╤А╨╡╨╖╤Г╨╗╤М╤В╨░╤В╨░ ╤Б╨▒╨╛╤А╨║╨╕.  ╨Т╨║╨╗╤О╤З╨╡╨╜╨╜╤Л╨╡ ╤Д╨░╨╣╨╗╤Л тАФ C:\Users\KusokMedi\Documents\GitHub\BetterShowcase\build\_deps\bindings-src\bindings\2.2081\inline\GJGameLoadingLayer.cpp, C:\Users\KusokMedi\Documents\GitHub\BetterShowcase\build\bindings\bindings\Geode\source\GJGameLoadingLayer.cpp. [C:\Users\KusokMedi\Documents\GitHub\BetterShowcase\build\bindings\GeodeBindings.vcxproj]
C:\Program Files (x86)\Microsoft Visual Studio\2022\BuildTools\MSBuild\Microsoft\VC\v170\Microsoft.CppBuild.targets(1129,5): warning MSB8027: ╨┤╨▓╨░ ╨╕╨╗╨╕ ╨▒╨╛╨╗╨╡╨╡ ╤Д╨░╨╣╨╗╨╛╨▓ ╤Б ╨╕╨╝╨╡╨╜╨╡╨╝ GJGameState.cpp ╨▓╤Л╨▓╨╛╨┤╤П╤В ╤А╨╡╨╖╤Г╨╗╤М╤В╨░╤В╤Л ╨▓ ╨╛╨┤╨╜╨╛ ╨╕ ╤В╨╛ ╨╢╨╡ ╤А╨░╤Б╨┐╨╛╨╗╨╛╨╢╨╡╨╜╨╕╨╡. ╨н╤В╨╛ ╨╝╨╛╨╢╨╡╤В ╤Б╤В╨░╤В╤М ╨┐╤А╨╕╤З╨╕╨╜╨╛╨╣ ╨╜╨╡╨▓╨╡╤А╨╜╨╛╨│╨╛ ╤А╨╡╨╖╤Г╨╗╤М╤В╨░╤В╨░ ╤Б╨▒╨╛╤А╨║╨╕.  ╨Т╨║╨╗╤О╤З╨╡╨╜╨╜╤Л╨╡ ╤Д╨░╨╣╨╗╤Л тАФ C:\Users\KusokMedi\Documents\GitHub\BetterShowcase\build\_deps\bindings-src\bindings\2.2081\inline\GJGameState.cpp, C:\Users\KusokMedi\Documents\GitHub\BetterShowcase\build\bindings\bindings\Geode\source\GJGameState.cpp. [C:\Users\KusokMedi\Documents\GitHub\BetterShowcase\build\bindings\GeodeBindings.vcxproj]
C:\Program Files (x86)\Microsoft Visual Studio\2022\BuildTools\MSBuild\Microsoft\VC\v170\Microsoft.CppBuild.targets(1129,5): warning MSB8027: ╨┤╨▓╨░ ╨╕╨╗╨╕ ╨▒╨╛╨╗╨╡╨╡ ╤Д╨░╨╣╨╗╨╛╨▓ ╤Б ╨╕╨╝╨╡╨╜╨╡╨╝ GJGarageLayer.cpp ╨▓╤Л╨▓╨╛╨┤╤П╤В ╤А╨╡╨╖╤Г╨╗╤М╤В╨░╤В╤Л ╨▓ ╨╛╨┤╨╜╨╛ ╨╕ ╤В╨╛ ╨╢╨╡ ╤А╨░╤Б╨┐╨╛╨╗╨╛╨╢╨╡╨╜╨╕╨╡. ╨н╤В╨╛ ╨╝╨╛╨╢╨╡╤В ╤Б╤В╨░╤В╤М ╨┐╤А╨╕╤З╨╕╨╜╨╛╨╣ ╨╜╨╡╨▓╨╡╤А╨╜╨╛╨│╨╛ ╤А╨╡╨╖╤Г╨╗╤М╤В╨░╤В╨░ ╤Б╨▒╨╛╤А╨║╨╕.  ╨Т╨║╨╗╤О╤З╨╡╨╜╨╜╤Л╨╡ ╤Д╨░╨╣╨╗╤Л тАФ C:\Users\KusokMedi\Documents\GitHub\BetterShowcase\build\_deps\bindings-src\bindings\2.2081\inline\GJGarageLayer.cpp, C:\Users\KusokMedi\Documents\GitHub\BetterShowcase\build\bindings\bindings\Geode\source\GJGarageLayer.cpp. [C:\Users\KusokMedi\Documents\GitHub\BetterShowcase\build\bindings\GeodeBindings.vcxproj]
C:\Program Files (x86)\Microsoft Visual Studio\2022\BuildTools\MSBuild\Microsoft\VC\v170\Microsoft.CppBuild.targets(1129,5): warning MSB8027: ╨┤╨▓╨░ ╨╕╨╗╨╕ ╨▒╨╛╨╗╨╡╨╡ ╤Д╨░╨╣╨╗╨╛╨▓ ╤Б ╨╕╨╝╨╡╨╜╨╡╨╝ GJGradientLayer.cpp ╨▓╤Л╨▓╨╛╨┤╤П╤В ╤А╨╡╨╖╤Г╨╗╤М╤В╨░╤В╤Л ╨▓ ╨╛╨┤╨╜╨╛ ╨╕ ╤В╨╛ ╨╢╨╡ ╤А╨░╤Б╨┐╨╛╨╗╨╛╨╢╨╡╨╜╨╕╨╡. ╨н╤В╨╛ ╨╝╨╛╨╢╨╡╤В ╤Б╤В╨░╤В╤М ╨┐╤А╨╕╤З╨╕╨╜╨╛╨╣ ╨╜╨╡╨▓╨╡╤А╨╜╨╛╨│╨╛ ╤А╨╡╨╖╤Г╨╗╤М╤В╨░╤В╨░ ╤Б╨▒╨╛╤А╨║╨╕.  ╨Т╨║╨╗╤О╤З╨╡╨╜╨╜╤Л╨╡ ╤Д╨░╨╣╨╗╤Л тАФ C:\Users\KusokMedi\Documents\GitHub\BetterShowcase\build\_deps\bindings-src\bindings\2.2081\inline\GJGradientLayer.cpp, C:\Users\KusokMedi\Documents\GitHub\BetterShowcase\build\bindings\bindings\Geode\source\GJGradientLayer.cpp. [C:\Users\KusokMedi\Documents\GitHub\BetterShowcase\build\bindings\GeodeBindings.vcxproj]
C:\Program Files (x86)\Microsoft Visual Studio\2022\BuildTools\MSBuild\Microsoft\VC\v170\Microsoft.CppBuild.targets(1129,5): warning MSB8027: ╨┤╨▓╨░ ╨╕╨╗╨╕ ╨▒╨╛╨╗╨╡╨╡ ╤Д╨░╨╣╨╗╨╛╨▓ ╤Б ╨╕╨╝╨╡╨╜╨╡╨╝ GJGroundLayer.cpp ╨▓╤Л╨▓╨╛╨┤╤П╤В ╤А╨╡╨╖╤Г╨╗╤М╤В╨░╤В╤Л ╨▓ ╨╛╨┤╨╜╨╛ ╨╕ ╤В╨╛ ╨╢╨╡ ╤А╨░╤Б╨┐╨╛╨╗╨╛╨╢╨╡╨╜╨╕╨╡. ╨н╤В╨╛ ╨╝╨╛╨╢╨╡╤В ╤Б╤В╨░╤В╤М ╨┐╤А╨╕╤З╨╕╨╜╨╛╨╣ ╨╜╨╡╨▓╨╡╤А╨╜╨╛╨│╨╛ ╤А╨╡╨╖╤Г╨╗╤М╤В╨░╤В╨░ ╤Б╨▒╨╛╤А╨║╨╕.  ╨Т╨║╨╗╤О╤З╨╡╨╜╨╜╤Л╨╡ ╤Д╨░╨╣╨╗╤Л тАФ C:\Users\KusokMedi\Documents\GitHub\BetterShowcase\build\_deps\bindings-src\bindings\2.2081\inline\GJGroundLayer.cpp, C:\Users\KusokMedi\Documents\GitHub\BetterShowcase\build\bindings\bindings\Geode\source\GJGroundLayer.cpp. [C:\Users\KusokMedi\Documents\GitHub\BetterShowcase\build\bindings\GeodeBindings.vcxproj]
C:\Program Files (x86)\Microsoft Visual Studio\2022\BuildTools\MSBuild\Microsoft\VC\v170\Microsoft.CppBuild.targets(1129,5): warning MSB8027: ╨┤╨▓╨░ ╨╕╨╗╨╕ ╨▒╨╛╨╗╨╡╨╡ ╤Д╨░╨╣╨╗╨╛╨▓ ╤Б ╨╕╨╝╨╡╨╜╨╡╨╝ GJHttpResult.cpp ╨▓╤Л╨▓╨╛╨┤╤П╤В ╤А╨╡╨╖╤Г╨╗╤М╤В╨░╤В╤Л ╨▓ ╨╛╨┤╨╜╨╛ ╨╕ ╤В╨╛ ╨╢╨╡ ╤А╨░╤Б╨┐╨╛╨╗╨╛╨╢╨╡╨╜╨╕╨╡. ╨н╤В╨╛ ╨╝╨╛╨╢╨╡╤В ╤Б╤В╨░╤В╤М ╨┐╤А╨╕╤З╨╕╨╜╨╛╨╣ ╨╜╨╡╨▓╨╡╤А╨╜╨╛╨│╨╛ ╤А╨╡╨╖╤Г╨╗╤М╤В╨░╤В╨░ ╤Б╨▒╨╛╤А╨║╨╕.  ╨Т╨║╨╗╤О╤З╨╡╨╜╨╜╤Л╨╡ ╤Д╨░╨╣╨╗╤Л тАФ C:\Users\KusokMedi\Documents\GitHub\BetterShowcase\build\_deps\bindings-src\bindings\2.2081\inline\GJHttpResult.cpp, C:\Users\KusokMedi\Documents\GitHub\BetterShowcase\build\bindings\bindings\Geode\source\GJHttpResult.cpp. [C:\Users\KusokMedi\Documents\GitHub\BetterShowcase\build\bindings\GeodeBindings.vcxproj]
C:\Program Files (x86)\Microsoft Visual Studio\2022\BuildTools\MSBuild\Microsoft\VC\v170\Microsoft.CppBuild.targets(1129,5): warning MSB8027: ╨┤╨▓╨░ ╨╕╨╗╨╕ ╨▒╨╛╨╗╨╡╨╡ ╤Д╨░╨╣╨╗╨╛╨▓ ╤Б ╨╕╨╝╨╡╨╜╨╡╨╝ GJItemIcon.cpp ╨▓╤Л╨▓╨╛╨┤╤П╤В ╤А╨╡╨╖╤Г╨╗╤М╤В╨░╤В╤Л ╨▓ ╨╛╨┤╨╜╨╛ ╨╕ ╤В╨╛ ╨╢╨╡ ╤А╨░╤Б╨┐╨╛╨╗╨╛╨╢╨╡╨╜╨╕╨╡. ╨н╤В╨╛ ╨╝╨╛╨╢╨╡╤В ╤Б╤В╨░╤В╤М ╨┐╤А╨╕╤З╨╕╨╜╨╛╨╣ ╨╜╨╡╨▓╨╡╤А╨╜╨╛╨│╨╛ ╤А╨╡╨╖╤Г╨╗╤М╤В╨░╤В╨░ ╤Б╨▒╨╛╤А╨║╨╕.  ╨Т╨║╨╗╤О╤З╨╡╨╜╨╜╤Л╨╡ ╤Д╨░╨╣╨╗╤Л тАФ C:\Users\KusokMedi\Documents\GitHub\BetterShowcase\build\_deps\bindings-src\bindings\2.2081\inline\GJItemIcon.cpp, C:\Users\KusokMedi\Documents\GitHub\BetterShowcase\build\bindings\bindings\Geode\source\GJItemIcon.cpp. [C:\Users\KusokMedi\Documents\GitHub\BetterShowcase\build\bindings\GeodeBindings.vcxproj]
C:\Program Files (x86)\Microsoft Visual Studio\2022\BuildTools\MSBuild\Microsoft\VC\v170\Microsoft.CppBuild.targets(1129,5): warning MSB8027: ╨┤╨▓╨░ ╨╕╨╗╨╕ ╨▒╨╛╨╗╨╡╨╡ ╤Д╨░╨╣╨╗╨╛╨▓ ╤Б ╨╕╨╝╨╡╨╜╨╡╨╝ GJLevelList.cpp ╨▓╤Л╨▓╨╛╨┤╤П╤В ╤А╨╡╨╖╤Г╨╗╤М╤В╨░╤В╤Л ╨▓ ╨╛╨┤╨╜╨╛ ╨╕ ╤В╨╛ ╨╢╨╡ ╤А╨░╤Б╨┐╨╛╨╗╨╛╨╢╨╡╨╜╨╕╨╡. ╨н╤В╨╛ ╨╝╨╛╨╢╨╡╤В ╤Б╤В╨░╤В╤М ╨┐╤А╨╕╤З╨╕╨╜╨╛╨╣ ╨╜╨╡╨▓╨╡╤А╨╜╨╛╨│╨╛ ╤А╨╡╨╖╤Г╨╗╤М╤В╨░╤В╨░ ╤Б╨▒╨╛╤А╨║╨╕.  ╨Т╨║╨╗╤О╤З╨╡╨╜╨╜╤Л╨╡ ╤Д╨░╨╣╨╗╤Л тАФ C:\Users\KusokMedi\Documents\GitHub\BetterShowcase\build\_deps\bindings-src\bindings\2.2081\inline\GJLevelList.cpp, C:\Users\KusokMedi\Documents\GitHub\BetterShowcase\build\bindings\bindings\Geode\source\GJLevelList.cpp. [C:\Users\KusokMedi\Documents\GitHub\BetterShowcase\build\bindings\GeodeBindings.vcxproj]
C:\Program Files (x86)\Microsoft Visual Studio\2022\BuildTools\MSBuild\Microsoft\VC\v170\Microsoft.CppBuild.targets(1129,5): warning MSB8027: ╨┤╨▓╨░ ╨╕╨╗╨╕ ╨▒╨╛╨╗╨╡╨╡ ╤Д╨░╨╣╨╗╨╛╨▓ ╤Б ╨╕╨╝╨╡╨╜╨╡╨╝ GJLevelScoreCell.cpp ╨▓╤Л╨▓╨╛╨┤╤П╤В ╤А╨╡╨╖╤Г╨╗╤М╤В╨░╤В╤Л ╨▓ ╨╛╨┤╨╜╨╛ ╨╕ ╤В╨╛ ╨╢╨╡ ╤А╨░╤Б╨┐╨╛╨╗╨╛╨╢╨╡╨╜╨╕╨╡. ╨н╤В╨╛ ╨╝╨╛╨╢╨╡╤В ╤Б╤В╨░╤В╤М ╨┐╤А╨╕╤З╨╕╨╜╨╛╨╣ ╨╜╨╡╨▓╨╡╤А╨╜╨╛╨│╨╛ ╤А╨╡╨╖╤Г╨╗╤М╤В╨░╤В╨░ ╤Б╨▒╨╛╤А╨║╨╕.  ╨Т╨║╨╗╤О╤З╨╡╨╜╨╜╤Л╨╡ ╤Д╨░╨╣╨╗╤Л тАФ C:\Users\KusokMedi\Documents\GitHub\BetterShowcase\build\_deps\bindings-src\bindings\2.2081\inline\GJLevelScoreCell.cpp, C:\Users\KusokMedi\Documents\GitHub\BetterShowcase\build\bindings\bindings\Geode\source\GJLevelScoreCell.cpp. [C:\Users\KusokMedi\Documents\GitHub\BetterShowcase\build\bindings\GeodeBindings.vcxproj]
C:\Program Files (x86)\Microsoft Visual Studio\2022\BuildTools\MSBuild\Microsoft\VC\v170\Microsoft.CppBuild.targets(1129,5): warning MSB8027: ╨┤╨▓╨░ ╨╕╨╗╨╕ ╨▒╨╛╨╗╨╡╨╡ ╤Д╨░╨╣╨╗╨╛╨▓ ╤Б ╨╕╨╝╨╡╨╜╨╡╨╝ GJListLayer.cpp ╨▓╤Л╨▓╨╛╨┤╤П╤В ╤А╨╡╨╖╤Г╨╗╤М╤В╨░╤В╤Л ╨▓ ╨╛╨┤╨╜╨╛ ╨╕ ╤В╨╛ ╨╢╨╡ ╤А╨░╤Б╨┐╨╛╨╗╨╛╨╢╨╡╨╜╨╕╨╡. ╨н╤В╨╛ ╨╝╨╛╨╢╨╡╤В ╤Б╤В╨░╤В╤М ╨┐╤А╨╕╤З╨╕╨╜╨╛╨╣ ╨╜╨╡╨▓╨╡╤А╨╜╨╛╨│╨╛ ╤А╨╡╨╖╤Г╨╗╤М╤В╨░╤В╨░ ╤Б╨▒╨╛╤А╨║╨╕.  ╨Т╨║╨╗╤О╤З╨╡╨╜╨╜╤Л╨╡ ╤Д╨░╨╣╨╗╤Л тАФ C:\Users\KusokMedi\Documents\GitHub\BetterShowcase\build\_deps\bindings-src\bindings\2.2081\inline\GJListLayer.cpp, C:\Users\KusokMedi\Documents\GitHub\BetterShowcase\build\bindings\bindings\Geode\source\GJListLayer.cpp. [C:\Users\KusokMedi\Documents\GitHub\BetterShowcase\build\bindings\GeodeBindings.vcxproj]
C:\Program Files (x86)\Microsoft Visual Studio\2022\BuildTools\MSBuild\Microsoft\VC\v170\Microsoft.CppBuild.targets(1129,5): warning MSB8027: ╨┤╨▓╨░ ╨╕╨╗╨╕ ╨▒╨╛╨╗╨╡╨╡ ╤Д╨░╨╣╨╗╨╛╨▓ ╤Б ╨╕╨╝╨╡╨╜╨╡╨╝ GJLocalLevelScoreCell.cpp ╨▓╤Л╨▓╨╛╨┤╤П╤В ╤А╨╡╨╖╤Г╨╗╤М╤В╨░╤В╤Л ╨▓ ╨╛╨┤╨╜╨╛ ╨╕ ╤В╨╛ ╨╢╨╡ ╤А╨░╤Б╨┐╨╛╨╗╨╛╨╢╨╡╨╜╨╕╨╡. ╨н╤В╨╛ ╨╝╨╛╨╢╨╡╤В ╤Б╤В╨░╤В╤М ╨┐╤А╨╕╤З╨╕╨╜╨╛╨╣ ╨╜╨╡╨▓╨╡╤А╨╜╨╛╨│╨╛ ╤А╨╡╨╖╤Г╨╗╤М╤В╨░╤В╨░ ╤Б╨▒╨╛╤А╨║╨╕.  ╨Т╨║╨╗╤О╤З╨╡╨╜╨╜╤Л╨╡ ╤Д╨░╨╣╨╗╤Л тАФ C:\Users\KusokMedi\Documents\GitHub\BetterShowcase\build\_deps\bindings-src\bindings\2.2081\inline\GJLocalLevelScoreCell.cpp, C:\Users\KusokMedi\Documents\GitHub\BetterShowcase\build\bindings\bindings\Geode\source\GJLocalLevelScoreCell.cpp. [C:\Users\KusokMedi\Documents\GitHub\BetterShowcase\build\bindings\GeodeBindings.vcxproj]
C:\Program Files (x86)\Microsoft Visual Studio\2022\BuildTools\MSBuild\Microsoft\VC\v170\Microsoft.CppBuild.targets(1129,5): warning MSB8027: ╨┤╨▓╨░ ╨╕╨╗╨╕ ╨▒╨╛╨╗╨╡╨╡ ╤Д╨░╨╣╨╗╨╛╨▓ ╤Б ╨╕╨╝╨╡╨╜╨╡╨╝ GJLocalScore.cpp ╨▓╤Л╨▓╨╛╨┤╤П╤В ╤А╨╡╨╖╤Г╨╗╤М╤В╨░╤В╤Л ╨▓ ╨╛╨┤╨╜╨╛ ╨╕ ╤В╨╛ ╨╢╨╡ ╤А╨░╤Б╨┐╨╛╨╗╨╛╨╢╨╡╨╜╨╕╨╡. ╨н╤В╨╛ ╨╝╨╛╨╢╨╡╤В ╤Б╤В╨░╤В╤М ╨┐╤А╨╕╤З╨╕╨╜╨╛╨╣ ╨╜╨╡╨▓╨╡╤А╨╜╨╛╨│╨╛ ╤А╨╡╨╖╤Г╨╗╤М╤В╨░╤В╨░ ╤Б╨▒╨╛╤А╨║╨╕.  ╨Т╨║╨╗╤О╤З╨╡╨╜╨╜╤Л╨╡ ╤Д╨░╨╣╨╗╤Л тАФ C:\Users\KusokMedi\Documents\GitHub\BetterShowcase\build\_deps\bindings-src\bindings\2.2081\inline\GJLocalScore.cpp, C:\Users\KusokMedi\Documents\GitHub\BetterShowcase\build\bindings\bindings\Geode\source\GJLocalScore.cpp. [C:\Users\KusokMedi\Documents\GitHub\BetterShowcase\build\bindings\GeodeBindings.vcxproj]
C:\Program Files (x86)\Microsoft Visual Studio\2022\BuildTools\MSBuild\Microsoft\VC\v170\Microsoft.CppBuild.targets(1129,5): warning MSB8027: ╨┤╨▓╨░ ╨╕╨╗╨╕ ╨▒╨╛╨╗╨╡╨╡ ╤Д╨░╨╣╨╗╨╛╨▓ ╤Б ╨╕╨╝╨╡╨╜╨╡╨╝ GJMGLayer.cpp ╨▓╤Л╨▓╨╛╨┤╤П╤В ╤А╨╡╨╖╤Г╨╗╤М╤В╨░╤В╤Л ╨▓ ╨╛╨┤╨╜╨╛ ╨╕ ╤В╨╛ ╨╢╨╡ ╤А╨░╤Б╨┐╨╛╨╗╨╛╨╢╨╡╨╜╨╕╨╡. ╨н╤В╨╛ ╨╝╨╛╨╢╨╡╤В ╤Б╤В╨░╤В╤М ╨┐╤А╨╕╤З╨╕╨╜╨╛╨╣ ╨╜╨╡╨▓╨╡╤А╨╜╨╛╨│╨╛ ╤А╨╡╨╖╤Г╨╗╤М╤В╨░╤В╨░ ╤Б╨▒╨╛╤А╨║╨╕.  ╨Т╨║╨╗╤О╤З╨╡╨╜╨╜╤Л╨╡ ╤Д╨░╨╣╨╗╤Л тАФ C:\Users\KusokMedi\Documents\GitHub\BetterShowcase\build\_deps\bindings-src\bindings\2.2081\inline\GJMGLayer.cpp, C:\Users\KusokMedi\Documents\GitHub\BetterShowcase\build\bindings\bindings\Geode\source\GJMGLayer.cpp. [C:\Users\KusokMedi\Documents\GitHub\BetterShowcase\build\bindings\GeodeBindings.vcxproj]
C:\Program Files (x86)\Microsoft Visual Studio\2022\BuildTools\MSBuild\Microsoft\VC\v170\Microsoft.CppBuild.targets(1129,5): warning MSB8027: ╨┤╨▓╨░ ╨╕╨╗╨╕ ╨▒╨╛╨╗╨╡╨╡ ╤Д╨░╨╣╨╗╨╛╨▓ ╤Б ╨╕╨╝╨╡╨╜╨╡╨╝ GJMPDelegate.cpp ╨▓╤Л╨▓╨╛╨┤╤П╤В ╤А╨╡╨╖╤Г╨╗╤М╤В╨░╤В╤Л ╨▓ ╨╛╨┤╨╜╨╛ ╨╕ ╤В╨╛ ╨╢╨╡ ╤А╨░╤Б╨┐╨╛╨╗╨╛╨╢╨╡╨╜╨╕╨╡. ╨н╤В╨╛ ╨╝╨╛╨╢╨╡╤В ╤Б╤В╨░╤В╤М ╨┐╤А╨╕╤З╨╕╨╜╨╛╨╣ ╨╜╨╡╨▓╨╡╤А╨╜╨╛╨│╨╛ ╤А╨╡╨╖╤Г╨╗╤М╤В╨░╤В╨░ ╤Б╨▒╨╛╤А╨║╨╕.  ╨Т╨║╨╗╤О╤З╨╡╨╜╨╜╤Л╨╡ ╤Д╨░╨╣╨╗╤Л тАФ C:\Users\KusokMedi\Documents\GitHub\BetterShowcase\build\_deps\bindings-src\bindings\2.2081\inline\GJMPDelegate.cpp, C:\Users\KusokMedi\Documents\GitHub\BetterShowcase\build\bindings\bindings\Geode\source\GJMPDelegate.cpp. [C:\Users\KusokMedi\Documents\GitHub\BetterShowcase\build\bindings\GeodeBindings.vcxproj]
C:\Program Files (x86)\Microsoft Visual Studio\2022\BuildTools\MSBuild\Microsoft\VC\v170\Microsoft.CppBuild.targets(1129,5): warning MSB8027: ╨┤╨▓╨░ ╨╕╨╗╨╕ ╨▒╨╛╨╗╨╡╨╡ ╤Д╨░╨╣╨╗╨╛╨▓ ╤Б ╨╕╨╝╨╡╨╜╨╡╨╝ GJMapObject.cpp ╨▓╤Л╨▓╨╛╨┤╤П╤В ╤А╨╡╨╖╤Г╨╗╤М╤В╨░╤В╤Л ╨▓ ╨╛╨┤╨╜╨╛ ╨╕ ╤В╨╛ ╨╢╨╡ ╤А╨░╤Б╨┐╨╛╨╗╨╛╨╢╨╡╨╜╨╕╨╡. ╨н╤В╨╛ ╨╝╨╛╨╢╨╡╤В ╤Б╤В╨░╤В╤М ╨┐╤А╨╕╤З╨╕╨╜╨╛╨╣ ╨╜╨╡╨▓╨╡╤А╨╜╨╛╨│╨╛ ╤А╨╡╨╖╤Г╨╗╤М╤В╨░╤В╨░ ╤Б╨▒╨╛╤А╨║╨╕.  ╨Т╨║╨╗╤О╤З╨╡╨╜╨╜╤Л╨╡ ╤Д╨░╨╣╨╗╤Л тАФ C:\Users\KusokMedi\Documents\GitHub\BetterShowcase\build\_deps\bindings-src\bindings\2.2081\inline\GJMapObject.cpp, C:\Users\KusokMedi\Documents\GitHub\BetterShowcase\build\bindings\bindings\Geode\source\GJMapObject.cpp. [C:\Users\KusokMedi\Documents\GitHub\BetterShowcase\build\bindings\GeodeBindings.vcxproj]
C:\Program Files (x86)\Microsoft Visual Studio\2022\BuildTools\MSBuild\Microsoft\VC\v170\Microsoft.CppBuild.targets(1129,5): warning MSB8027: ╨┤╨▓╨░ ╨╕╨╗╨╕ ╨▒╨╛╨╗╨╡╨╡ ╤Д╨░╨╣╨╗╨╛╨▓ ╤Б ╨╕╨╝╨╡╨╜╨╡╨╝ GJMapPack.cpp ╨▓╤Л╨▓╨╛╨┤╤П╤В ╤А╨╡╨╖╤Г╨╗╤М╤В╨░╤В╤Л ╨▓ ╨╛╨┤╨╜╨╛ ╨╕ ╤В╨╛ ╨╢╨╡ ╤А╨░╤Б╨┐╨╛╨╗╨╛╨╢╨╡╨╜╨╕╨╡. ╨н╤В╨╛ ╨╝╨╛╨╢╨╡╤В ╤Б╤В╨░╤В╤М ╨┐╤А╨╕╤З╨╕╨╜╨╛╨╣ ╨╜╨╡╨▓╨╡╤А╨╜╨╛╨│╨╛ ╤А╨╡╨╖╤Г╨╗╤М╤В╨░╤В╨░ ╤Б╨▒╨╛╤А╨║╨╕.  ╨Т╨║╨╗╤О╤З╨╡╨╜╨╜╤Л╨╡ ╤Д╨░╨╣╨╗╤Л тАФ C:\Users\KusokMedi\Documents\GitHub\BetterShowcase\build\_deps\bindings-src\bindings\2.2081\inline\GJMapPack.cpp, C:\Users\KusokMedi\Documents\GitHub\BetterShowcase\build\bindings\bindings\Geode\source\GJMapPack.cpp. [C:\Users\KusokMedi\Documents\GitHub\BetterShowcase\build\bindings\GeodeBindings.vcxproj]
C:\Program Files (x86)\Microsoft Visual Studio\2022\BuildTools\MSBuild\Microsoft\VC\v170\Microsoft.CppBuild.targets(1129,5): warning MSB8027: ╨┤╨▓╨░ ╨╕╨╗╨╕ ╨▒╨╛╨╗╨╡╨╡ ╤Д╨░╨╣╨╗╨╛╨▓ ╤Б ╨╕╨╝╨╡╨╜╨╡╨╝ GJMessageCell.cpp ╨▓╤Л╨▓╨╛╨┤╤П╤В ╤А╨╡╨╖╤Г╨╗╤М╤В╨░╤В╤Л ╨▓ ╨╛╨┤╨╜╨╛ ╨╕ ╤В╨╛ ╨╢╨╡ ╤А╨░╤Б╨┐╨╛╨╗╨╛╨╢╨╡╨╜╨╕╨╡. ╨н╤В╨╛ ╨╝╨╛╨╢╨╡╤В ╤Б╤В╨░╤В╤М ╨┐╤А╨╕╤З╨╕╨╜╨╛╨╣ ╨╜╨╡╨▓╨╡╤А╨╜╨╛╨│╨╛ ╤А╨╡╨╖╤Г╨╗╤М╤В╨░╤В╨░ ╤Б╨▒╨╛╤А╨║╨╕.  ╨Т╨║╨╗╤О╤З╨╡╨╜╨╜╤Л╨╡ ╤Д╨░╨╣╨╗╤Л тАФ C:\Users\KusokMedi\Documents\GitHub\BetterShowcase\build\_deps\bindings-src\bindings\2.2081\inline\GJMessageCell.cpp, C:\Users\KusokMedi\Documents\GitHub\BetterShowcase\build\bindings\bindings\Geode\source\GJMessageCell.cpp. [C:\Users\KusokMedi\Documents\GitHub\BetterShowcase\build\bindings\GeodeBindings.vcxproj]
C:\Program Files (x86)\Microsoft Visual Studio\2022\BuildTools\MSBuild\Microsoft\VC\v170\Microsoft.CppBuild.targets(1129,5): warning MSB8027: ╨┤╨▓╨░ ╨╕╨╗╨╕ ╨▒╨╛╨╗╨╡╨╡ ╤Д╨░╨╣╨╗╨╛╨▓ ╤Б ╨╕╨╝╨╡╨╜╨╡╨╝ GJMessagePopup.cpp ╨▓╤Л╨▓╨╛╨┤╤П╤В ╤А╨╡╨╖╤Г╨╗╤М╤В╨░╤В╤Л ╨▓ ╨╛╨┤╨╜╨╛ ╨╕ ╤В╨╛ ╨╢╨╡ ╤А╨░╤Б╨┐╨╛╨╗╨╛╨╢╨╡╨╜╨╕╨╡. ╨н╤В╨╛ ╨╝╨╛╨╢╨╡╤В ╤Б╤В╨░╤В╤М ╨┐╤А╨╕╤З╨╕╨╜╨╛╨╣ ╨╜╨╡╨▓╨╡╤А╨╜╨╛╨│╨╛ ╤А╨╡╨╖╤Г╨╗╤М╤В╨░╤В╨░ ╤Б╨▒╨╛╤А╨║╨╕.  ╨Т╨║╨╗╤О╤З╨╡╨╜╨╜╤Л╨╡ ╤Д╨░╨╣╨╗╤Л тАФ C:\Users\KusokMedi\Documents\GitHub\BetterShowcase\build\_deps\bindings-src\bindings\2.2081\inline\GJMessagePopup.cpp, C:\Users\KusokMedi\Documents\GitHub\BetterShowcase\build\bindings\bindings\Geode\source\GJMessagePopup.cpp. [C:\Users\KusokMedi\Documents\GitHub\BetterShowcase\build\bindings\GeodeBindings.vcxproj]
C:\Program Files (x86)\Microsoft Visual Studio\2022\BuildTools\MSBuild\Microsoft\VC\v170\Microsoft.CppBuild.targets(1129,5): warning MSB8027: ╨┤╨▓╨░ ╨╕╨╗╨╕ ╨▒╨╛╨╗╨╡╨╡ ╤Д╨░╨╣╨╗╨╛╨▓ ╤Б ╨╕╨╝╨╡╨╜╨╡╨╝ GJMoreGamesLayer.cpp ╨▓╤Л╨▓╨╛╨┤╤П╤В ╤А╨╡╨╖╤Г╨╗╤М╤В╨░╤В╤Л ╨▓ ╨╛╨┤╨╜╨╛ ╨╕ ╤В╨╛ ╨╢╨╡ ╤А╨░╤Б╨┐╨╛╨╗╨╛╨╢╨╡╨╜╨╕╨╡. ╨н╤В╨╛ ╨╝╨╛╨╢╨╡╤В ╤Б╤В╨░╤В╤М ╨┐╤А╨╕╤З╨╕╨╜╨╛╨╣ ╨╜╨╡╨▓╨╡╤А╨╜╨╛╨│╨╛ ╤А╨╡╨╖╤Г╨╗╤М╤В╨░╤В╨░ ╤Б╨▒╨╛╤А╨║╨╕.  ╨Т╨║╨╗╤О╤З╨╡╨╜╨╜╤Л╨╡ ╤Д╨░╨╣╨╗╤Л тАФ C:\Users\KusokMedi\Documents\GitHub\BetterShowcase\build\_deps\bindings-src\bindings\2.2081\inline\GJMoreGamesLayer.cpp, C:\Users\KusokMedi\Documents\GitHub\BetterShowcase\build\bindings\bindings\Geode\source\GJMoreGamesLayer.cpp. [C:\Users\KusokMedi\Documents\GitHub\BetterShowcase\build\bindings\GeodeBindings.vcxproj]
C:\Program Files (x86)\Microsoft Visual Studio\2022\BuildTools\MSBuild\Microsoft\VC\v170\Microsoft.CppBuild.targets(1129,5): warning MSB8027: ╨┤╨▓╨░ ╨╕╨╗╨╕ ╨▒╨╛╨╗╨╡╨╡ ╤Д╨░╨╣╨╗╨╛╨▓ ╤Б ╨╕╨╝╨╡╨╜╨╡╨╝ GJMultiplayerManager.cpp ╨▓╤Л╨▓╨╛╨┤╤П╤В ╤А╨╡╨╖╤Г╨╗╤М╤В╨░╤В╤Л ╨▓ ╨╛╨┤╨╜╨╛ ╨╕ ╤В╨╛ ╨╢╨╡ ╤А╨░╤Б╨┐╨╛╨╗╨╛╨╢╨╡╨╜╨╕╨╡. ╨н╤В╨╛ ╨╝╨╛╨╢╨╡╤В ╤Б╤В╨░╤В╤М ╨┐╤А╨╕╤З╨╕╨╜╨╛╨╣ ╨╜╨╡╨▓╨╡╤А╨╜╨╛╨│╨╛ ╤А╨╡╨╖╤Г╨╗╤М╤В╨░╤В╨░ ╤Б╨▒╨╛╤А╨║╨╕.  ╨Т╨║╨╗╤О╤З╨╡╨╜╨╜╤Л╨╡ ╤Д╨░╨╣╨╗╤Л тАФ C:\Users\KusokMedi\Documents\GitHub\BetterShowcase\build\_deps\bindings-src\bindings\2.2081\inline\GJMultiplayerManager.cpp, C:\Users\KusokMedi\Documents\GitHub\BetterShowcase\build\bindings\bindings\Geode\source\GJMultiplayerManager.cpp. [C:\Users\KusokMedi\Documents\GitHub\BetterShowcase\build\bindings\GeodeBindings.vcxproj]
C:\Program Files (x86)\Microsoft Visual Studio\2022\BuildTools\MSBuild\Microsoft\VC\v170\Microsoft.CppBuild.targets(1129,5): warning MSB8027: ╨┤╨▓╨░ ╨╕╨╗╨╕ ╨▒╨╛╨╗╨╡╨╡ ╤Д╨░╨╣╨╗╨╛╨▓ ╤Б ╨╕╨╝╨╡╨╜╨╡╨╝ GJObjectDecoder.cpp ╨▓╤Л╨▓╨╛╨┤╤П╤В ╤А╨╡╨╖╤Г╨╗╤М╤В╨░╤В╤Л ╨▓ ╨╛╨┤╨╜╨╛ ╨╕ ╤В╨╛ ╨╢╨╡ ╤А╨░╤Б╨┐╨╛╨╗╨╛╨╢╨╡╨╜╨╕╨╡. ╨н╤В╨╛ ╨╝╨╛╨╢╨╡╤В ╤Б╤В╨░╤В╤М ╨┐╤А╨╕╤З╨╕╨╜╨╛╨╣ ╨╜╨╡╨▓╨╡╤А╨╜╨╛╨│╨╛ ╤А╨╡╨╖╤Г╨╗╤М╤В╨░╤В╨░ ╤Б╨▒╨╛╤А╨║╨╕.  ╨Т╨║╨╗╤О╤З╨╡╨╜╨╜╤Л╨╡ ╤Д╨░╨╣╨╗╤Л тАФ C:\Users\KusokMedi\Documents\GitHub\BetterShowcase\build\_deps\bindings-src\bindings\2.2081\inline\GJObjectDecoder.cpp, C:\Users\KusokMedi\Documents\GitHub\BetterShowcase\build\bindings\bindings\Geode\source\GJObjectDecoder.cpp. [C:\Users\KusokMedi\Documents\GitHub\BetterShowcase\build\bindings\GeodeBindings.vcxproj]
C:\Program Files (x86)\Microsoft Visual Studio\2022\BuildTools\MSBuild\Microsoft\VC\v170\Microsoft.CppBuild.targets(1129,5): warning MSB8027: ╨┤╨▓╨░ ╨╕╨╗╨╕ ╨▒╨╛╨╗╨╡╨╡ ╤Д╨░╨╣╨╗╨╛╨▓ ╤Б ╨╕╨╝╨╡╨╜╨╡╨╝ GJOnlineRewardDelegate.cpp ╨▓╤Л╨▓╨╛╨┤╤П╤В ╤А╨╡╨╖╤Г╨╗╤М╤В╨░╤В╤Л ╨▓ ╨╛╨┤╨╜╨╛ ╨╕ ╤В╨╛ ╨╢╨╡ ╤А╨░╤Б╨┐╨╛╨╗╨╛╨╢╨╡╨╜╨╕╨╡. ╨н╤В╨╛ ╨╝╨╛╨╢╨╡╤В ╤Б╤В╨░╤В╤М ╨┐╤А╨╕╤З╨╕╨╜╨╛╨╣ ╨╜╨╡╨▓╨╡╤А╨╜╨╛╨│╨╛ ╤А╨╡╨╖╤Г╨╗╤М╤В╨░╤В╨░ ╤Б╨▒╨╛╤А╨║╨╕.  ╨Т╨║╨╗╤О╤З╨╡╨╜╨╜╤Л╨╡ ╤Д╨░╨╣╨╗╤Л тАФ C:\Users\KusokMedi\Documents\GitHub\BetterShowcase\build\_deps\bindings-src\bindings\2.2081\inline\GJOnlineRewardDelegate.cpp, C:\Users\KusokMedi\Documents\GitHub\BetterShowcase\build\bindings\bindings\Geode\source\GJOnlineRewardDelegate.cpp. [C:\Users\KusokMedi\Documents\GitHub\BetterShowcase\build\bindings\GeodeBindings.vcxproj]
C:\Program Files (x86)\Microsoft Visual Studio\2022\BuildTools\MSBuild\Microsoft\VC\v170\Microsoft.CppBuild.targets(1129,5): warning MSB8027: ╨┤╨▓╨░ ╨╕╨╗╨╕ ╨▒╨╛╨╗╨╡╨╡ ╤Д╨░╨╣╨╗╨╛╨▓ ╤Б ╨╕╨╝╨╡╨╜╨╡╨╝ GJOptionsLayer.cpp ╨▓╤Л╨▓╨╛╨┤╤П╤В ╤А╨╡╨╖╤Г╨╗╤М╤В╨░╤В╤Л ╨▓ ╨╛╨┤╨╜╨╛ ╨╕ ╤В╨╛ ╨╢╨╡ ╤А╨░╤Б╨┐╨╛╨╗╨╛╨╢╨╡╨╜╨╕╨╡. ╨н╤В╨╛ ╨╝╨╛╨╢╨╡╤В ╤Б╤В╨░╤В╤М ╨┐╤А╨╕╤З╨╕╨╜╨╛╨╣ ╨╜╨╡╨▓╨╡╤А╨╜╨╛╨│╨╛ ╤А╨╡╨╖╤Г╨╗╤М╤В╨░╤В╨░ ╤Б╨▒╨╛╤А╨║╨╕.  ╨Т╨║╨╗╤О╤З╨╡╨╜╨╜╤Л╨╡ ╤Д╨░╨╣╨╗╤Л тАФ C:\Users\KusokMedi\Documents\GitHub\BetterShowcase\build\_deps\bindings-src\bindings\2.2081\inline\GJOptionsLayer.cpp, C:\Users\KusokMedi\Documents\GitHub\BetterShowcase\build\bindings\bindings\Geode\source\GJOptionsLayer.cpp. [C:\Users\KusokMedi\Documents\GitHub\BetterShowcase\build\bindings\GeodeBindings.vcxproj]
C:\Program Files (x86)\Microsoft Visual Studio\2022\BuildTools\MSBuild\Microsoft\VC\v170\Microsoft.CppBuild.targets(1129,5): warning MSB8027: ╨┤╨▓╨░ ╨╕╨╗╨╕ ╨▒╨╛╨╗╨╡╨╡ ╤Д╨░╨╣╨╗╨╛╨▓ ╤Б ╨╕╨╝╨╡╨╜╨╡╨╝ GJPFollowCommandLayer.cpp ╨▓╤Л╨▓╨╛╨┤╤П╤В ╤А╨╡╨╖╤Г╨╗╤М╤В╨░╤В╤Л ╨▓ ╨╛╨┤╨╜╨╛ ╨╕ ╤В╨╛ ╨╢╨╡ ╤А╨░╤Б╨┐╨╛╨╗╨╛╨╢╨╡╨╜╨╕╨╡. ╨н╤В╨╛ ╨╝╨╛╨╢╨╡╤В ╤Б╤В╨░╤В╤М ╨┐╤А╨╕╤З╨╕╨╜╨╛╨╣ ╨╜╨╡╨▓╨╡╤А╨╜╨╛╨│╨╛ ╤А╨╡╨╖╤Г╨╗╤М╤В╨░╤В╨░ ╤Б╨▒╨╛╤А╨║╨╕.  ╨Т╨║╨╗╤О╤З╨╡╨╜╨╜╤Л╨╡ ╤Д╨░╨╣╨╗╤Л тАФ C:\Users\KusokMedi\Documents\GitHub\BetterShowcase\build\_deps\bindings-src\bindings\2.2081\inline\GJPFollowCommandLayer.cpp, C:\Users\KusokMedi\Documents\GitHub\BetterShowcase\build\bindings\bindings\Geode\source\GJPFollowCommandLayer.cpp. [C:\Users\KusokMedi\Documents\GitHub\BetterShowcase\build\bindings\GeodeBindings.vcxproj]
C:\Program Files (x86)\Microsoft Visual Studio\2022\BuildTools\MSBuild\Microsoft\VC\v170\Microsoft.CppBuild.targets(1129,5): warning MSB8027: ╨┤╨▓╨░ ╨╕╨╗╨╕ ╨▒╨╛╨╗╨╡╨╡ ╤Д╨░╨╣╨╗╨╛╨▓ ╤Б ╨╕╨╝╨╡╨╜╨╡╨╝ GJPathPage.cpp ╨▓╤Л╨▓╨╛╨┤╤П╤В ╤А╨╡╨╖╤Г╨╗╤М╤В╨░╤В╤Л ╨▓ ╨╛╨┤╨╜╨╛ ╨╕ ╤В╨╛ ╨╢╨╡ ╤А╨░╤Б╨┐╨╛╨╗╨╛╨╢╨╡╨╜╨╕╨╡. ╨н╤В╨╛ ╨╝╨╛╨╢╨╡╤В ╤Б╤В╨░╤В╤М ╨┐╤А╨╕╤З╨╕╨╜╨╛╨╣ ╨╜╨╡╨▓╨╡╤А╨╜╨╛╨│╨╛ ╤А╨╡╨╖╤Г╨╗╤М╤В╨░╤В╨░ ╤Б╨▒╨╛╤А╨║╨╕.  ╨Т╨║╨╗╤О╤З╨╡╨╜╨╜╤Л╨╡ ╤Д╨░╨╣╨╗╤Л тАФ C:\Users\KusokMedi\Documents\GitHub\BetterShowcase\build\_deps\bindings-src\bindings\2.2081\inline\GJPathPage.cpp, C:\Users\KusokMedi\Documents\GitHub\BetterShowcase\build\bindings\bindings\Geode\source\GJPathPage.cpp. [C:\Users\KusokMedi\Documents\GitHub\BetterShowcase\build\bindings\GeodeBindings.vcxproj]
C:\Program Files (x86)\Microsoft Visual Studio\2022\BuildTools\MSBuild\Microsoft\VC\v170\Microsoft.CppBuild.targets(1129,5): warning MSB8027: ╨┤╨▓╨░ ╨╕╨╗╨╕ ╨▒╨╛╨╗╨╡╨╡ ╤Д╨░╨╣╨╗╨╛╨▓ ╤Б ╨╕╨╝╨╡╨╜╨╡╨╝ GJPathRewardPopup.cpp ╨▓╤Л╨▓╨╛╨┤╤П╤В ╤А╨╡╨╖╤Г╨╗╤М╤В╨░╤В╤Л ╨▓ ╨╛╨┤╨╜╨╛ ╨╕ ╤В╨╛ ╨╢╨╡ ╤А╨░╤Б╨┐╨╛╨╗╨╛╨╢╨╡╨╜╨╕╨╡. ╨н╤В╨╛ ╨╝╨╛╨╢╨╡╤В ╤Б╤В╨░╤В╤М ╨┐╤А╨╕╤З╨╕╨╜╨╛╨╣ ╨╜╨╡╨▓╨╡╤А╨╜╨╛╨│╨╛ ╤А╨╡╨╖╤Г╨╗╤М╤В╨░╤В╨░ ╤Б╨▒╨╛╤А╨║╨╕.  ╨Т╨║╨╗╤О╤З╨╡╨╜╨╜╤Л╨╡ ╤Д╨░╨╣╨╗╤Л тАФ C:\Users\KusokMedi\Documents\GitHub\BetterShowcase\build\_deps\bindings-src\bindings\2.2081\inline\GJPathRewardPopup.cpp, C:\Users\KusokMedi\Documents\GitHub\BetterShowcase\build\bindings\bindings\Geode\source\GJPathRewardPopup.cpp. [C:\Users\KusokMedi\Documents\GitHub\BetterShowcase\build\bindings\GeodeBindings.vcxproj]
C:\Program Files (x86)\Microsoft Visual Studio\2022\BuildTools\MSBuild\Microsoft\VC\v170\Microsoft.CppBuild.targets(1129,5): warning MSB8027: ╨┤╨▓╨░ ╨╕╨╗╨╕ ╨▒╨╛╨╗╨╡╨╡ ╤Д╨░╨╣╨╗╨╛╨▓ ╤Б ╨╕╨╝╨╡╨╜╨╡╨╝ GJPathSprite.cpp ╨▓╤Л╨▓╨╛╨┤╤П╤В ╤А╨╡╨╖╤Г╨╗╤М╤В╨░╤В╤Л ╨▓ ╨╛╨┤╨╜╨╛ ╨╕ ╤В╨╛ ╨╢╨╡ ╤А╨░╤Б╨┐╨╛╨╗╨╛╨╢╨╡╨╜╨╕╨╡. ╨н╤В╨╛ ╨╝╨╛╨╢╨╡╤В ╤Б╤В╨░╤В╤М ╨┐╤А╨╕╤З╨╕╨╜╨╛╨╣ ╨╜╨╡╨▓╨╡╤А╨╜╨╛╨│╨╛ ╤А╨╡╨╖╤Г╨╗╤М╤В╨░╤В╨░ ╤Б╨▒╨╛╤А╨║╨╕.  ╨Т╨║╨╗╤О╤З╨╡╨╜╨╜╤Л╨╡ ╤Д╨░╨╣╨╗╤Л тАФ C:\Users\KusokMedi\Documents\GitHub\BetterShowcase\build\_deps\bindings-src\bindings\2.2081\inline\GJPathSprite.cpp, C:\Users\KusokMedi\Documents\GitHub\BetterShowcase\build\bindings\bindings\Geode\source\GJPathSprite.cpp. [C:\Users\KusokMedi\Documents\GitHub\BetterShowcase\build\bindings\GeodeBindings.vcxproj]
C:\Program Files (x86)\Microsoft Visual Studio\2022\BuildTools\MSBuild\Microsoft\VC\v170\Microsoft.CppBuild.targets(1129,5): warning MSB8027: ╨┤╨▓╨░ ╨╕╨╗╨╕ ╨▒╨╛╨╗╨╡╨╡ ╤Д╨░╨╣╨╗╨╛╨▓ ╤Б ╨╕╨╝╨╡╨╜╨╡╨╝ GJPathsLayer.cpp ╨▓╤Л╨▓╨╛╨┤╤П╤В ╤А╨╡╨╖╤Г╨╗╤М╤В╨░╤В╤Л ╨▓ ╨╛╨┤╨╜╨╛ ╨╕ ╤В╨╛ ╨╢╨╡ ╤А╨░╤Б╨┐╨╛╨╗╨╛╨╢╨╡╨╜╨╕╨╡. ╨н╤В╨╛ ╨╝╨╛╨╢╨╡╤В ╤Б╤В╨░╤В╤М ╨┐╤А╨╕╤З╨╕╨╜╨╛╨╣ ╨╜╨╡╨▓╨╡╤А╨╜╨╛╨│╨╛ ╤А╨╡╨╖╤Г╨╗╤М╤В╨░╤В╨░ ╤Б╨▒╨╛╤А╨║╨╕.  ╨Т╨║╨╗╤О╤З╨╡╨╜╨╜╤Л╨╡ ╤Д╨░╨╣╨╗╤Л тАФ C:\Users\KusokMedi\Documents\GitHub\BetterShowcase\build\_deps\bindings-src\bindings\2.2081\inline\GJPathsLayer.cpp, C:\Users\KusokMedi\Documents\GitHub\BetterShowcase\build\bindings\bindings\Geode\source\GJPathsLayer.cpp. [C:\Users\KusokMedi\Documents\GitHub\BetterShowcase\build\bindings\GeodeBindings.vcxproj]
C:\Program Files (x86)\Microsoft Visual Studio\2022\BuildTools\MSBuild\Microsoft\VC\v170\Microsoft.CppBuild.targets(1129,5): warning MSB8027: ╨┤╨▓╨░ ╨╕╨╗╨╕ ╨▒╨╛╨╗╨╡╨╡ ╤Д╨░╨╣╨╗╨╛╨▓ ╤Б ╨╕╨╝╨╡╨╜╨╡╨╝ GJPointDouble.cpp ╨▓╤Л╨▓╨╛╨┤╤П╤В ╤А╨╡╨╖╤Г╨╗╤М╤В╨░╤В╤Л ╨▓ ╨╛╨┤╨╜╨╛ ╨╕ ╤В╨╛ ╨╢╨╡ ╤А╨░╤Б╨┐╨╛╨╗╨╛╨╢╨╡╨╜╨╕╨╡. ╨н╤В╨╛ ╨╝╨╛╨╢╨╡╤В ╤Б╤В╨░╤В╤М ╨┐╤А╨╕╤З╨╕╨╜╨╛╨╣ ╨╜╨╡╨▓╨╡╤А╨╜╨╛╨│╨╛ ╤А╨╡╨╖╤Г╨╗╤М╤В╨░╤В╨░ ╤Б╨▒╨╛╤А╨║╨╕.  ╨Т╨║╨╗╤О╤З╨╡╨╜╨╜╤Л╨╡ ╤Д╨░╨╣╨╗╤Л тАФ C:\Users\KusokMedi\Documents\GitHub\BetterShowcase\build\_deps\bindings-src\bindings\2.2081\inline\GJPointDouble.cpp, C:\Users\KusokMedi\Documents\GitHub\BetterShowcase\build\bindings\bindings\Geode\source\GJPointDouble.cpp. [C:\Users\KusokMedi\Documents\GitHub\BetterShowcase\build\bindings\GeodeBindings.vcxproj]
C:\Program Files (x86)\Microsoft Visual Studio\2022\BuildTools\MSBuild\Microsoft\VC\v170\Microsoft.CppBuild.targets(1129,5): warning MSB8027: ╨┤╨▓╨░ ╨╕╨╗╨╕ ╨▒╨╛╨╗╨╡╨╡ ╤Д╨░╨╣╨╗╨╛╨▓ ╤Б ╨╕╨╝╨╡╨╜╨╡╨╝ GJPromoPopup.cpp ╨▓╤Л╨▓╨╛╨┤╤П╤В ╤А╨╡╨╖╤Г╨╗╤М╤В╨░╤В╤Л ╨▓ ╨╛╨┤╨╜╨╛ ╨╕ ╤В╨╛ ╨╢╨╡ ╤А╨░╤Б╨┐╨╛╨╗╨╛╨╢╨╡╨╜╨╕╨╡. ╨н╤В╨╛ ╨╝╨╛╨╢╨╡╤В ╤Б╤В╨░╤В╤М ╨┐╤А╨╕╤З╨╕╨╜╨╛╨╣ ╨╜╨╡╨▓╨╡╤А╨╜╨╛╨│╨╛ ╤А╨╡╨╖╤Г╨╗╤М╤В╨░╤В╨░ ╤Б╨▒╨╛╤А╨║╨╕.  ╨Т╨║╨╗╤О╤З╨╡╨╜╨╜╤Л╨╡ ╤Д╨░╨╣╨╗╤Л тАФ C:\Users\KusokMedi\Documents\GitHub\BetterShowcase\build\_deps\bindings-src\bindings\2.2081\inline\GJPromoPopup.cpp, C:\Users\KusokMedi\Documents\GitHub\BetterShowcase\build\bindings\bindings\Geode\source\GJPromoPopup.cpp. [C:\Users\KusokMedi\Documents\GitHub\BetterShowcase\build\bindings\GeodeBindings.vcxproj]
C:\Program Files (x86)\Microsoft Visual Studio\2022\BuildTools\MSBuild\Microsoft\VC\v170\Microsoft.CppBuild.targets(1129,5): warning MSB8027: ╨┤╨▓╨░ ╨╕╨╗╨╕ ╨▒╨╛╨╗╨╡╨╡ ╤Д╨░╨╣╨╗╨╛╨▓ ╤Б ╨╕╨╝╨╡╨╜╨╡╨╝ GJPurchaseDelegate.cpp ╨▓╤Л╨▓╨╛╨┤╤П╤В ╤А╨╡╨╖╤Г╨╗╤М╤В╨░╤В╤Л ╨▓ ╨╛╨┤╨╜╨╛ ╨╕ ╤В╨╛ ╨╢╨╡ ╤А╨░╤Б╨┐╨╛╨╗╨╛╨╢╨╡╨╜╨╕╨╡. ╨н╤В╨╛ ╨╝╨╛╨╢╨╡╤В ╤Б╤В╨░╤В╤М ╨┐╤А╨╕╤З╨╕╨╜╨╛╨╣ ╨╜╨╡╨▓╨╡╤А╨╜╨╛╨│╨╛ ╤А╨╡╨╖╤Г╨╗╤М╤В╨░╤В╨░ ╤Б╨▒╨╛╤А╨║╨╕.  ╨Т╨║╨╗╤О╤З╨╡╨╜╨╜╤Л╨╡ ╤Д╨░╨╣╨╗╤Л тАФ C:\Users\KusokMedi\Documents\GitHub\BetterShowcase\build\_deps\bindings-src\bindings\2.2081\inline\GJPurchaseDelegate.cpp, C:\Users\KusokMedi\Documents\GitHub\BetterShowcase\build\bindings\bindings\Geode\source\GJPurchaseDelegate.cpp. [C:\Users\KusokMedi\Documents\GitHub\BetterShowcase\build\bindings\GeodeBindings.vcxproj]
C:\Program Files (x86)\Microsoft Visual Studio\2022\BuildTools\MSBuild\Microsoft\VC\v170\Microsoft.CppBuild.targets(1129,5): warning MSB8027: ╨┤╨▓╨░ ╨╕╨╗╨╕ ╨▒╨╛╨╗╨╡╨╡ ╤Д╨░╨╣╨╗╨╛╨▓ ╤Б ╨╕╨╝╨╡╨╜╨╡╨╝ GJRateLevelLayer.cpp ╨▓╤Л╨▓╨╛╨┤╤П╤В ╤А╨╡╨╖╤Г╨╗╤М╤В╨░╤В╤Л ╨▓ ╨╛╨┤╨╜╨╛ ╨╕ ╤В╨╛ ╨╢╨╡ ╤А╨░╤Б╨┐╨╛╨╗╨╛╨╢╨╡╨╜╨╕╨╡. ╨н╤В╨╛ ╨╝╨╛╨╢╨╡╤В ╤Б╤В╨░╤В╤М ╨┐╤А╨╕╤З╨╕╨╜╨╛╨╣ ╨╜╨╡╨▓╨╡╤А╨╜╨╛╨│╨╛ ╤А╨╡╨╖╤Г╨╗╤М╤В╨░╤В╨░ ╤Б╨▒╨╛╤А╨║╨╕.  ╨Т╨║╨╗╤О╤З╨╡╨╜╨╜╤Л╨╡ ╤Д╨░╨╣╨╗╤Л тАФ C:\Users\KusokMedi\Documents\GitHub\BetterShowcase\build\_deps\bindings-src\bindings\2.2081\inline\GJRateLevelLayer.cpp, C:\Users\KusokMedi\Documents\GitHub\BetterShowcase\build\bindings\bindings\Geode\source\GJRateLevelLayer.cpp. [C:\Users\KusokMedi\Documents\GitHub\BetterShowcase\build\bindings\GeodeBindings.vcxproj]
C:\Program Files (x86)\Microsoft Visual Studio\2022\BuildTools\MSBuild\Microsoft\VC\v170\Microsoft.CppBuild.targets(1129,5): warning MSB8027: ╨┤╨▓╨░ ╨╕╨╗╨╕ ╨▒╨╛╨╗╨╡╨╡ ╤Д╨░╨╣╨╗╨╛╨▓ ╤Б ╨╕╨╝╨╡╨╜╨╡╨╝ GJRequestCell.cpp ╨▓╤Л╨▓╨╛╨┤╤П╤В ╤А╨╡╨╖╤Г╨╗╤М╤В╨░╤В╤Л ╨▓ ╨╛╨┤╨╜╨╛ ╨╕ ╤В╨╛ ╨╢╨╡ ╤А╨░╤Б╨┐╨╛╨╗╨╛╨╢╨╡╨╜╨╕╨╡. ╨н╤В╨╛ ╨╝╨╛╨╢╨╡╤В ╤Б╤В╨░╤В╤М ╨┐╤А╨╕╤З╨╕╨╜╨╛╨╣ ╨╜╨╡╨▓╨╡╤А╨╜╨╛╨│╨╛ ╤А╨╡╨╖╤Г╨╗╤М╤В╨░╤В╨░ ╤Б╨▒╨╛╤А╨║╨╕.  ╨Т╨║╨╗╤О╤З╨╡╨╜╨╜╤Л╨╡ ╤Д╨░╨╣╨╗╤Л тАФ C:\Users\KusokMedi\Documents\GitHub\BetterShowcase\build\_deps\bindings-src\bindings\2.2081\inline\GJRequestCell.cpp, C:\Users\KusokMedi\Documents\GitHub\BetterShowcase\build\bindings\bindings\Geode\source\GJRequestCell.cpp. [C:\Users\KusokMedi\Documents\GitHub\BetterShowcase\build\bindings\GeodeBindings.vcxproj]
C:\Program Files (x86)\Microsoft Visual Studio\2022\BuildTools\MSBuild\Microsoft\VC\v170\Microsoft.CppBuild.targets(1129,5): warning MSB8027: ╨┤╨▓╨░ ╨╕╨╗╨╕ ╨▒╨╛╨╗╨╡╨╡ ╤Д╨░╨╣╨╗╨╛╨▓ ╤Б ╨╕╨╝╨╡╨╜╨╡╨╝ GJRewardDelegate.cpp ╨▓╤Л╨▓╨╛╨┤╤П╤В ╤А╨╡╨╖╤Г╨╗╤М╤В╨░╤В╤Л ╨▓ ╨╛╨┤╨╜╨╛ ╨╕ ╤В╨╛ ╨╢╨╡ ╤А╨░╤Б╨┐╨╛╨╗╨╛╨╢╨╡╨╜╨╕╨╡. ╨н╤В╨╛ ╨╝╨╛╨╢╨╡╤В ╤Б╤В╨░╤В╤М ╨┐╤А╨╕╤З╨╕╨╜╨╛╨╣ ╨╜╨╡╨▓╨╡╤А╨╜╨╛╨│╨╛ ╤А╨╡╨╖╤Г╨╗╤М╤В╨░╤В╨░ ╤Б╨▒╨╛╤А╨║╨╕.  ╨Т╨║╨╗╤О╤З╨╡╨╜╨╜╤Л╨╡ ╤Д╨░╨╣╨╗╤Л тАФ C:\Users\KusokMedi\Documents\GitHub\BetterShowcase\build\_deps\bindings-src\bindings\2.2081\inline\GJRewardDelegate.cpp, C:\Users\KusokMedi\Documents\GitHub\BetterShowcase\build\bindings\bindings\Geode\source\GJRewardDelegate.cpp. [C:\Users\KusokMedi\Documents\GitHub\BetterShowcase\build\bindings\GeodeBindings.vcxproj]
C:\Program Files (x86)\Microsoft Visual Studio\2022\BuildTools\MSBuild\Microsoft\VC\v170\Microsoft.CppBuild.targets(1129,5): warning MSB8027: ╨┤╨▓╨░ ╨╕╨╗╨╕ ╨▒╨╛╨╗╨╡╨╡ ╤Д╨░╨╣╨╗╨╛╨▓ ╤Б ╨╕╨╝╨╡╨╜╨╡╨╝ GJRewardItem.cpp ╨▓╤Л╨▓╨╛╨┤╤П╤В ╤А╨╡╨╖╤Г╨╗╤М╤В╨░╤В╤Л ╨▓ ╨╛╨┤╨╜╨╛ ╨╕ ╤В╨╛ ╨╢╨╡ ╤А╨░╤Б╨┐╨╛╨╗╨╛╨╢╨╡╨╜╨╕╨╡. ╨н╤В╨╛ ╨╝╨╛╨╢╨╡╤В ╤Б╤В╨░╤В╤М ╨┐╤А╨╕╤З╨╕╨╜╨╛╨╣ ╨╜╨╡╨▓╨╡╤А╨╜╨╛╨│╨╛ ╤А╨╡╨╖╤Г╨╗╤М╤В╨░╤В╨░ ╤Б╨▒╨╛╤А╨║╨╕.  ╨Т╨║╨╗╤О╤З╨╡╨╜╨╜╤Л╨╡ ╤Д╨░╨╣╨╗╤Л тАФ C:\Users\KusokMedi\Documents\GitHub\BetterShowcase\build\_deps\bindings-src\bindings\2.2081\inline\GJRewardItem.cpp, C:\Users\KusokMedi\Documents\GitHub\BetterShowcase\build\bindings\bindings\Geode\source\GJRewardItem.cpp. [C:\Users\KusokMedi\Documents\GitHub\BetterShowcase\build\bindings\GeodeBindings.vcxproj]
C:\Program Files (x86)\Microsoft Visual Studio\2022\BuildTools\MSBuild\Microsoft\VC\v170\Microsoft.CppBuild.targets(1129,5): warning MSB8027: ╨┤╨▓╨░ ╨╕╨╗╨╕ ╨▒╨╛╨╗╨╡╨╡ ╤Д╨░╨╣╨╗╨╛╨▓ ╤Б ╨╕╨╝╨╡╨╜╨╡╨╝ GJRewardObject.cpp ╨▓╤Л╨▓╨╛╨┤╤П╤В ╤А╨╡╨╖╤Г╨╗╤М╤В╨░╤В╤Л ╨▓ ╨╛╨┤╨╜╨╛ ╨╕ ╤В╨╛ ╨╢╨╡ ╤А╨░╤Б╨┐╨╛╨╗╨╛╨╢╨╡╨╜╨╕╨╡. ╨н╤В╨╛ ╨╝╨╛╨╢╨╡╤В ╤Б╤В╨░╤В╤М ╨┐╤А╨╕╤З╨╕╨╜╨╛╨╣ ╨╜╨╡╨▓╨╡╤А╨╜╨╛╨│╨╛ ╤А╨╡╨╖╤Г╨╗╤М╤В╨░╤В╨░ ╤Б╨▒╨╛╤А╨║╨╕.  ╨Т╨║╨╗╤О╤З╨╡╨╜╨╜╤Л╨╡ ╤Д╨░╨╣╨╗╤Л тАФ C:\Users\KusokMedi\Documents\GitHub\BetterShowcase\build\_deps\bindings-src\bindings\2.2081\inline\GJRewardObject.cpp, C:\Users\KusokMedi\Documents\GitHub\BetterShowcase\build\bindings\bindings\Geode\source\GJRewardObject.cpp. [C:\Users\KusokMedi\Documents\GitHub\BetterShowcase\build\bindings\GeodeBindings.vcxproj]
C:\Program Files (x86)\Microsoft Visual Studio\2022\BuildTools\MSBuild\Microsoft\VC\v170\Microsoft.CppBuild.targets(1129,5): warning MSB8027: ╨┤╨▓╨░ ╨╕╨╗╨╕ ╨▒╨╛╨╗╨╡╨╡ ╤Д╨░╨╣╨╗╨╛╨▓ ╤Б ╨╕╨╝╨╡╨╜╨╡╨╝ GJRobotSprite.cpp ╨▓╤Л╨▓╨╛╨┤╤П╤В ╤А╨╡╨╖╤Г╨╗╤М╤В╨░╤В╤Л ╨▓ ╨╛╨┤╨╜╨╛ ╨╕ ╤В╨╛ ╨╢╨╡ ╤А╨░╤Б╨┐╨╛╨╗╨╛╨╢╨╡╨╜╨╕╨╡. ╨н╤В╨╛ ╨╝╨╛╨╢╨╡╤В ╤Б╤В╨░╤В╤М ╨┐╤А╨╕╤З╨╕╨╜╨╛╨╣ ╨╜╨╡╨▓╨╡╤А╨╜╨╛╨│╨╛ ╤А╨╡╨╖╤Г╨╗╤М╤В╨░╤В╨░ ╤Б╨▒╨╛╤А╨║╨╕.  ╨Т╨║╨╗╤О╤З╨╡╨╜╨╜╤Л╨╡ ╤Д╨░╨╣╨╗╤Л тАФ C:\Users\KusokMedi\Documents\GitHub\BetterShowcase\build\_deps\bindings-src\bindings\2.2081\inline\GJRobotSprite.cpp, C:\Users\KusokMedi\Documents\GitHub\BetterShowcase\build\bindings\bindings\Geode\source\GJRobotSprite.cpp. [C:\Users\KusokMedi\Documents\GitHub\BetterShowcase\build\bindings\GeodeBindings.vcxproj]
C:\Program Files (x86)\Microsoft Visual Studio\2022\BuildTools\MSBuild\Microsoft\VC\v170\Microsoft.CppBuild.targets(1129,5): warning MSB8027: ╨┤╨▓╨░ ╨╕╨╗╨╕ ╨▒╨╛╨╗╨╡╨╡ ╤Д╨░╨╣╨╗╨╛╨▓ ╤Б ╨╕╨╝╨╡╨╜╨╡╨╝ GJRotateCommandLayer.cpp ╨▓╤Л╨▓╨╛╨┤╤П╤В ╤А╨╡╨╖╤Г╨╗╤М╤В╨░╤В╤Л ╨▓ ╨╛╨┤╨╜╨╛ ╨╕ ╤В╨╛ ╨╢╨╡ ╤А╨░╤Б╨┐╨╛╨╗╨╛╨╢╨╡╨╜╨╕╨╡. ╨н╤В╨╛ ╨╝╨╛╨╢╨╡╤В ╤Б╤В╨░╤В╤М ╨┐╤А╨╕╤З╨╕╨╜╨╛╨╣ ╨╜╨╡╨▓╨╡╤А╨╜╨╛╨│╨╛ ╤А╨╡╨╖╤Г╨╗╤М╤В╨░╤В╨░ ╤Б╨▒╨╛╤А╨║╨╕.  ╨Т╨║╨╗╤О╤З╨╡╨╜╨╜╤Л╨╡ ╤Д╨░╨╣╨╗╤Л тАФ C:\Users\KusokMedi\Documents\GitHub\BetterShowcase\build\_deps\bindings-src\bindings\2.2081\inline\GJRotateCommandLayer.cpp, C:\Users\KusokMedi\Documents\GitHub\BetterShowcase\build\bindings\bindings\Geode\source\GJRotateCommandLayer.cpp. [C:\Users\KusokMedi\Documents\GitHub\BetterShowcase\build\bindings\GeodeBindings.vcxproj]
C:\Program Files (x86)\Microsoft Visual Studio\2022\BuildTools\MSBuild\Microsoft\VC\v170\Microsoft.CppBuild.targets(1129,5): warning MSB8027: ╨┤╨▓╨░ ╨╕╨╗╨╕ ╨▒╨╛╨╗╨╡╨╡ ╤Д╨░╨╣╨╗╨╛╨▓ ╤Б ╨╕╨╝╨╡╨╜╨╡╨╝ GJRotationControl.cpp ╨▓╤Л╨▓╨╛╨┤╤П╤В ╤А╨╡╨╖╤Г╨╗╤М╤В╨░╤В╤Л ╨▓ ╨╛╨┤╨╜╨╛ ╨╕ ╤В╨╛ ╨╢╨╡ ╤А╨░╤Б╨┐╨╛╨╗╨╛╨╢╨╡╨╜╨╕╨╡. ╨н╤В╨╛ ╨╝╨╛╨╢╨╡╤В ╤Б╤В╨░╤В╤М ╨┐╤А╨╕╤З╨╕╨╜╨╛╨╣ ╨╜╨╡╨▓╨╡╤А╨╜╨╛╨│╨╛ ╤А╨╡╨╖╤Г╨╗╤М╤В╨░╤В╨░ ╤Б╨▒╨╛╤А╨║╨╕.  ╨Т╨║╨╗╤О╤З╨╡╨╜╨╜╤Л╨╡ ╤Д╨░╨╣╨╗╤Л тАФ C:\Users\KusokMedi\Documents\GitHub\BetterShowcase\build\_deps\bindings-src\bindings\2.2081\inline\GJRotationControl.cpp, C:\Users\KusokMedi\Documents\GitHub\BetterShowcase\build\bindings\bindings\Geode\source\GJRotationControl.cpp. [C:\Users\KusokMedi\Documents\GitHub\BetterShowcase\build\bindings\GeodeBindings.vcxproj]
C:\Program Files (x86)\Microsoft Visual Studio\2022\BuildTools\MSBuild\Microsoft\VC\v170\Microsoft.CppBuild.targets(1129,5): warning MSB8027: ╨┤╨▓╨░ ╨╕╨╗╨╕ ╨▒╨╛╨╗╨╡╨╡ ╤Д╨░╨╣╨╗╨╛╨▓ ╤Б ╨╕╨╝╨╡╨╜╨╡╨╝ GJRotationControlDelegate.cpp ╨▓╤Л╨▓╨╛╨┤╤П╤В ╤А╨╡╨╖╤Г╨╗╤М╤В╨░╤В╤Л ╨▓ ╨╛╨┤╨╜╨╛ ╨╕ ╤В╨╛ ╨╢╨╡ ╤А╨░╤Б╨┐╨╛╨╗╨╛╨╢╨╡╨╜╨╕╨╡. ╨н╤В╨╛ ╨╝╨╛╨╢╨╡╤В ╤Б╤В╨░╤В╤М ╨┐╤А╨╕╤З╨╕╨╜╨╛╨╣ ╨╜╨╡╨▓╨╡╤А╨╜╨╛╨│╨╛ ╤А╨╡╨╖╤Г╨╗╤М╤В╨░╤В╨░ ╤Б╨▒╨╛╤А╨║╨╕.  ╨Т╨║╨╗╤О╤З╨╡╨╜╨╜╤Л╨╡ ╤Д╨░╨╣╨╗╤Л тАФ C:\Users\KusokMedi\Documents\GitHub\BetterShowcase\build\_deps\bindings-src\bindings\2.2081\inline\GJRotationControlDelegate.cpp, C:\Users\KusokMedi\Documents\GitHub\BetterShowcase\build\bindings\bindings\Geode\source\GJRotationControlDelegate.cpp. [C:\Users\KusokMedi\Documents\GitHub\BetterShowcase\build\bindings\GeodeBindings.vcxproj]
C:\Program Files (x86)\Microsoft Visual Studio\2022\BuildTools\MSBuild\Microsoft\VC\v170\Microsoft.CppBuild.targets(1129,5): warning MSB8027: ╨┤╨▓╨░ ╨╕╨╗╨╕ ╨▒╨╛╨╗╨╡╨╡ ╤Д╨░╨╣╨╗╨╛╨▓ ╤Б ╨╕╨╝╨╡╨╜╨╡╨╝ GJScaleControl.cpp ╨▓╤Л╨▓╨╛╨┤╤П╤В ╤А╨╡╨╖╤Г╨╗╤М╤В╨░╤В╤Л ╨▓ ╨╛╨┤╨╜╨╛ ╨╕ ╤В╨╛ ╨╢╨╡ ╤А╨░╤Б╨┐╨╛╨╗╨╛╨╢╨╡╨╜╨╕╨╡. ╨н╤В╨╛ ╨╝╨╛╨╢╨╡╤В ╤Б╤В╨░╤В╤М ╨┐╤А╨╕╤З╨╕╨╜╨╛╨╣ ╨╜╨╡╨▓╨╡╤А╨╜╨╛╨│╨╛ ╤А╨╡╨╖╤Г╨╗╤М╤В╨░╤В╨░ ╤Б╨▒╨╛╤А╨║╨╕.  ╨Т╨║╨╗╤О╤З╨╡╨╜╨╜╤Л╨╡ ╤Д╨░╨╣╨╗╤Л тАФ C:\Users\KusokMedi\Documents\GitHub\BetterShowcase\build\_deps\bindings-src\bindings\2.2081\inline\GJScaleControl.cpp, C:\Users\KusokMedi\Documents\GitHub\BetterShowcase\build\bindings\bindings\Geode\source\GJScaleControl.cpp. [C:\Users\KusokMedi\Documents\GitHub\BetterShowcase\build\bindings\GeodeBindings.vcxproj]
C:\Program Files (x86)\Microsoft Visual Studio\2022\BuildTools\MSBuild\Microsoft\VC\v170\Microsoft.CppBuild.targets(1129,5): warning MSB8027: ╨┤╨▓╨░ ╨╕╨╗╨╕ ╨▒╨╛╨╗╨╡╨╡ ╤Д╨░╨╣╨╗╨╛╨▓ ╤Б ╨╕╨╝╨╡╨╜╨╡╨╝ GJScaleControlDelegate.cpp ╨▓╤Л╨▓╨╛╨┤╤П╤В ╤А╨╡╨╖╤Г╨╗╤М╤В╨░╤В╤Л ╨▓ ╨╛╨┤╨╜╨╛ ╨╕ ╤В╨╛ ╨╢╨╡ ╤А╨░╤Б╨┐╨╛╨╗╨╛╨╢╨╡╨╜╨╕╨╡. ╨н╤В╨╛ ╨╝╨╛╨╢╨╡╤В ╤Б╤В╨░╤В╤М ╨┐╤А╨╕╤З╨╕╨╜╨╛╨╣ ╨╜╨╡╨▓╨╡╤А╨╜╨╛╨│╨╛ ╤А╨╡╨╖╤Г╨╗╤М╤В╨░╤В╨░ ╤Б╨▒╨╛╤А╨║╨╕.  ╨Т╨║╨╗╤О╤З╨╡╨╜╨╜╤Л╨╡ ╤Д╨░╨╣╨╗╤Л тАФ C:\Users\KusokMedi\Documents\GitHub\BetterShowcase\build\_deps\bindings-src\bindings\2.2081\inline\GJScaleControlDelegate.cpp, C:\Users\KusokMedi\Documents\GitHub\BetterShowcase\build\bindings\bindings\Geode\source\GJScaleControlDelegate.cpp. [C:\Users\KusokMedi\Documents\GitHub\BetterShowcase\build\bindings\GeodeBindings.vcxproj]
C:\Program Files (x86)\Microsoft Visual Studio\2022\BuildTools\MSBuild\Microsoft\VC\v170\Microsoft.CppBuild.targets(1129,5): warning MSB8027: ╨┤╨▓╨░ ╨╕╨╗╨╕ ╨▒╨╛╨╗╨╡╨╡ ╤Д╨░╨╣╨╗╨╛╨▓ ╤Б ╨╕╨╝╨╡╨╜╨╡╨╝ GJScoreCell.cpp ╨▓╤Л╨▓╨╛╨┤╤П╤В ╤А╨╡╨╖╤Г╨╗╤М╤В╨░╤В╤Л ╨▓ ╨╛╨┤╨╜╨╛ ╨╕ ╤В╨╛ ╨╢╨╡ ╤А╨░╤Б╨┐╨╛╨╗╨╛╨╢╨╡╨╜╨╕╨╡. ╨н╤В╨╛ ╨╝╨╛╨╢╨╡╤В ╤Б╤В╨░╤В╤М ╨┐╤А╨╕╤З╨╕╨╜╨╛╨╣ ╨╜╨╡╨▓╨╡╤А╨╜╨╛╨│╨╛ ╤А╨╡╨╖╤Г╨╗╤М╤В╨░╤В╨░ ╤Б╨▒╨╛╤А╨║╨╕.  ╨Т╨║╨╗╤О╤З╨╡╨╜╨╜╤Л╨╡ ╤Д╨░╨╣╨╗╤Л тАФ C:\Users\KusokMedi\Documents\GitHub\BetterShowcase\build\_deps\bindings-src\bindings\2.2081\inline\GJScoreCell.cpp, C:\Users\KusokMedi\Documents\GitHub\BetterShowcase\build\bindings\bindings\Geode\source\GJScoreCell.cpp. [C:\Users\KusokMedi\Documents\GitHub\BetterShowcase\build\bindings\GeodeBindings.vcxproj]
C:\Program Files (x86)\Microsoft Visual Studio\2022\BuildTools\MSBuild\Microsoft\VC\v170\Microsoft.CppBuild.targets(1129,5): warning MSB8027: ╨┤╨▓╨░ ╨╕╨╗╨╕ ╨▒╨╛╨╗╨╡╨╡ ╤Д╨░╨╣╨╗╨╛╨▓ ╤Б ╨╕╨╝╨╡╨╜╨╡╨╝ GJSearchObject.cpp ╨▓╤Л╨▓╨╛╨┤╤П╤В ╤А╨╡╨╖╤Г╨╗╤М╤В╨░╤В╤Л ╨▓ ╨╛╨┤╨╜╨╛ ╨╕ ╤В╨╛ ╨╢╨╡ ╤А╨░╤Б╨┐╨╛╨╗╨╛╨╢╨╡╨╜╨╕╨╡. ╨н╤В╨╛ ╨╝╨╛╨╢╨╡╤В ╤Б╤В╨░╤В╤М ╨┐╤А╨╕╤З╨╕╨╜╨╛╨╣ ╨╜╨╡╨▓╨╡╤А╨╜╨╛╨│╨╛ ╤А╨╡╨╖╤Г╨╗╤М╤В╨░╤В╨░ ╤Б╨▒╨╛╤А╨║╨╕.  ╨Т╨║╨╗╤О╤З╨╡╨╜╨╜╤Л╨╡ ╤Д╨░╨╣╨╗╤Л тАФ C:\Users\KusokMedi\Documents\GitHub\BetterShowcase\build\_deps\bindings-src\bindings\2.2081\inline\GJSearchObject.cpp, C:\Users\KusokMedi\Documents\GitHub\BetterShowcase\build\bindings\bindings\Geode\source\GJSearchObject.cpp. [C:\Users\KusokMedi\Documents\GitHub\BetterShowcase\build\bindings\GeodeBindings.vcxproj]
C:\Program Files (x86)\Microsoft Visual Studio\2022\BuildTools\MSBuild\Microsoft\VC\v170\Microsoft.CppBuild.targets(1129,5): warning MSB8027: ╨┤╨▓╨░ ╨╕╨╗╨╕ ╨▒╨╛╨╗╨╡╨╡ ╤Д╨░╨╣╨╗╨╛╨▓ ╤Б ╨╕╨╝╨╡╨╜╨╡╨╝ GJShaderState.cpp ╨▓╤Л╨▓╨╛╨┤╤П╤В ╤А╨╡╨╖╤Г╨╗╤М╤В╨░╤В╤Л ╨▓ ╨╛╨┤╨╜╨╛ ╨╕ ╤В╨╛ ╨╢╨╡ ╤А╨░╤Б╨┐╨╛╨╗╨╛╨╢╨╡╨╜╨╕╨╡. ╨н╤В╨╛ ╨╝╨╛╨╢╨╡╤В ╤Б╤В╨░╤В╤М ╨┐╤А╨╕╤З╨╕╨╜╨╛╨╣ ╨╜╨╡╨▓╨╡╤А╨╜╨╛╨│╨╛ ╤А╨╡╨╖╤Г╨╗╤М╤В╨░╤В╨░ ╤Б╨▒╨╛╤А╨║╨╕.  ╨Т╨║╨╗╤О╤З╨╡╨╜╨╜╤Л╨╡ ╤Д╨░╨╣╨╗╤Л тАФ C:\Users\KusokMedi\Documents\GitHub\BetterShowcase\build\_deps\bindings-src\bindings\2.2081\inline\GJShaderState.cpp, C:\Users\KusokMedi\Documents\GitHub\BetterShowcase\build\bindings\bindings\Geode\source\GJShaderState.cpp. [C:\Users\KusokMedi\Documents\GitHub\BetterShowcase\build\bindings\GeodeBindings.vcxproj]
C:\Program Files (x86)\Microsoft Visual Studio\2022\BuildTools\MSBuild\Microsoft\VC\v170\Microsoft.CppBuild.targets(1129,5): warning MSB8027: ╨┤╨▓╨░ ╨╕╨╗╨╕ ╨▒╨╛╨╗╨╡╨╡ ╤Д╨░╨╣╨╗╨╛╨▓ ╤Б ╨╕╨╝╨╡╨╜╨╡╨╝ GJShopLayer.cpp ╨▓╤Л╨▓╨╛╨┤╤П╤В ╤А╨╡╨╖╤Г╨╗╤М╤В╨░╤В╤Л ╨▓ ╨╛╨┤╨╜╨╛ ╨╕ ╤В╨╛ ╨╢╨╡ ╤А╨░╤Б╨┐╨╛╨╗╨╛╨╢╨╡╨╜╨╕╨╡. ╨н╤В╨╛ ╨╝╨╛╨╢╨╡╤В ╤Б╤В╨░╤В╤М ╨┐╤А╨╕╤З╨╕╨╜╨╛╨╣ ╨╜╨╡╨▓╨╡╤А╨╜╨╛╨│╨╛ ╤А╨╡╨╖╤Г╨╗╤М╤В╨░╤В╨░ ╤Б╨▒╨╛╤А╨║╨╕.  ╨Т╨║╨╗╤О╤З╨╡╨╜╨╜╤Л╨╡ ╤Д╨░╨╣╨╗╤Л тАФ C:\Users\KusokMedi\Documents\GitHub\BetterShowcase\build\_deps\bindings-src\bindings\2.2081\inline\GJShopLayer.cpp, C:\Users\KusokMedi\Documents\GitHub\BetterShowcase\build\bindings\bindings\Geode\source\GJShopLayer.cpp. [C:\Users\KusokMedi\Documents\GitHub\BetterShowcase\build\bindings\GeodeBindings.vcxproj]
C:\Program Files (x86)\Microsoft Visual Studio\2022\BuildTools\MSBuild\Microsoft\VC\v170\Microsoft.CppBuild.targets(1129,5): warning MSB8027: ╨┤╨▓╨░ ╨╕╨╗╨╕ ╨▒╨╛╨╗╨╡╨╡ ╤Д╨░╨╣╨╗╨╛╨▓ ╤Б ╨╕╨╝╨╡╨╜╨╡╨╝ GJSmartBlockPreview.cpp ╨▓╤Л╨▓╨╛╨┤╤П╤В ╤А╨╡╨╖╤Г╨╗╤М╤В╨░╤В╤Л ╨▓ ╨╛╨┤╨╜╨╛ ╨╕ ╤В╨╛ ╨╢╨╡ ╤А╨░╤Б╨┐╨╛╨╗╨╛╨╢╨╡╨╜╨╕╨╡. ╨н╤В╨╛ ╨╝╨╛╨╢╨╡╤В ╤Б╤В╨░╤В╤М ╨┐╤А╨╕╤З╨╕╨╜╨╛╨╣ ╨╜╨╡╨▓╨╡╤А╨╜╨╛╨│╨╛ ╤А╨╡╨╖╤Г╨╗╤М╤В╨░╤В╨░ ╤Б╨▒╨╛╤А╨║╨╕.  ╨Т╨║╨╗╤О╤З╨╡╨╜╨╜╤Л╨╡ ╤Д╨░╨╣╨╗╤Л тАФ C:\Users\KusokMedi\Documents\GitHub\BetterShowcase\build\_deps\bindings-src\bindings\2.2081\inline\GJSmartBlockPreview.cpp, C:\Users\KusokMedi\Documents\GitHub\BetterShowcase\build\bindings\bindings\Geode\source\GJSmartBlockPreview.cpp. [C:\Users\KusokMedi\Documents\GitHub\BetterShowcase\build\bindings\GeodeBindings.vcxproj]
C:\Program Files (x86)\Microsoft Visual Studio\2022\BuildTools\MSBuild\Microsoft\VC\v170\Microsoft.CppBuild.targets(1129,5): warning MSB8027: ╨┤╨▓╨░ ╨╕╨╗╨╕ ╨▒╨╛╨╗╨╡╨╡ ╤Д╨░╨╣╨╗╨╛╨▓ ╤Б ╨╕╨╝╨╡╨╜╨╡╨╝ GJSmartBlockPreviewSprite.cpp ╨▓╤Л╨▓╨╛╨┤╤П╤В ╤А╨╡╨╖╤Г╨╗╤М╤В╨░╤В╤Л ╨▓ ╨╛╨┤╨╜╨╛ ╨╕ ╤В╨╛ ╨╢╨╡ ╤А╨░╤Б╨┐╨╛╨╗╨╛╨╢╨╡╨╜╨╕╨╡. ╨н╤В╨╛ ╨╝╨╛╨╢╨╡╤В ╤Б╤В╨░╤В╤М ╨┐╤А╨╕╤З╨╕╨╜╨╛╨╣ ╨╜╨╡╨▓╨╡╤А╨╜╨╛╨│╨╛ ╤А╨╡╨╖╤Г╨╗╤М╤В╨░╤В╨░ ╤Б╨▒╨╛╤А╨║╨╕.  ╨Т╨║╨╗╤О╤З╨╡╨╜╨╜╤Л╨╡ ╤Д╨░╨╣╨╗╤Л тАФ C:\Users\KusokMedi\Documents\GitHub\BetterShowcase\build\_deps\bindings-src\bindings\2.2081\inline\GJSmartBlockPreviewSprite.cpp, C:\Users\KusokMedi\Documents\GitHub\BetterShowcase\build\bindings\bindings\Geode\source\GJSmartBlockPreviewSprite.cpp. [C:\Users\KusokMedi\Documents\GitHub\BetterShowcase\build\bindings\GeodeBindings.vcxproj]
C:\Program Files (x86)\Microsoft Visual Studio\2022\BuildTools\MSBuild\Microsoft\VC\v170\Microsoft.CppBuild.targets(1129,5): warning MSB8027: ╨┤╨▓╨░ ╨╕╨╗╨╕ ╨▒╨╛╨╗╨╡╨╡ ╤Д╨░╨╣╨╗╨╛╨▓ ╤Б ╨╕╨╝╨╡╨╜╨╡╨╝ GJSmartPrefab.cpp ╨▓╤Л╨▓╨╛╨┤╤П╤В ╤А╨╡╨╖╤Г╨╗╤М╤В╨░╤В╤Л ╨▓ ╨╛╨┤╨╜╨╛ ╨╕ ╤В╨╛ ╨╢╨╡ ╤А╨░╤Б╨┐╨╛╨╗╨╛╨╢╨╡╨╜╨╕╨╡. ╨н╤В╨╛ ╨╝╨╛╨╢╨╡╤В ╤Б╤В╨░╤В╤М ╨┐╤А╨╕╤З╨╕╨╜╨╛╨╣ ╨╜╨╡╨▓╨╡╤А╨╜╨╛╨│╨╛ ╤А╨╡╨╖╤Г╨╗╤М╤В╨░╤В╨░ ╤Б╨▒╨╛╤А╨║╨╕.  ╨Т╨║╨╗╤О╤З╨╡╨╜╨╜╤Л╨╡ ╤Д╨░╨╣╨╗╤Л тАФ C:\Users\KusokMedi\Documents\GitHub\BetterShowcase\build\_deps\bindings-src\bindings\2.2081\inline\GJSmartPrefab.cpp, C:\Users\KusokMedi\Documents\GitHub\BetterShowcase\build\bindings\bindings\Geode\source\GJSmartPrefab.cpp. [C:\Users\KusokMedi\Documents\GitHub\BetterShowcase\build\bindings\GeodeBindings.vcxproj]
C:\Program Files (x86)\Microsoft Visual Studio\2022\BuildTools\MSBuild\Microsoft\VC\v170\Microsoft.CppBuild.targets(1129,5): warning MSB8027: ╨┤╨▓╨░ ╨╕╨╗╨╕ ╨▒╨╛╨╗╨╡╨╡ ╤Д╨░╨╣╨╗╨╛╨▓ ╤Б ╨╕╨╝╨╡╨╜╨╡╨╝ GJSmartTemplate.cpp ╨▓╤Л╨▓╨╛╨┤╤П╤В ╤А╨╡╨╖╤Г╨╗╤М╤В╨░╤В╤Л ╨▓ ╨╛╨┤╨╜╨╛ ╨╕ ╤В╨╛ ╨╢╨╡ ╤А╨░╤Б╨┐╨╛╨╗╨╛╨╢╨╡╨╜╨╕╨╡. ╨н╤В╨╛ ╨╝╨╛╨╢╨╡╤В ╤Б╤В╨░╤В╤М ╨┐╤А╨╕╤З╨╕╨╜╨╛╨╣ ╨╜╨╡╨▓╨╡╤А╨╜╨╛╨│╨╛ ╤А╨╡╨╖╤Г╨╗╤М╤В╨░╤В╨░ ╤Б╨▒╨╛╤А╨║╨╕.  ╨Т╨║╨╗╤О╤З╨╡╨╜╨╜╤Л╨╡ ╤Д╨░╨╣╨╗╤Л тАФ C:\Users\KusokMedi\Documents\GitHub\BetterShowcase\build\_deps\bindings-src\bindings\2.2081\inline\GJSmartTemplate.cpp, C:\Users\KusokMedi\Documents\GitHub\BetterShowcase\build\bindings\bindings\Geode\source\GJSmartTemplate.cpp. [C:\Users\KusokMedi\Documents\GitHub\BetterShowcase\build\bindings\GeodeBindings.vcxproj]
C:\Program Files (x86)\Microsoft Visual Studio\2022\BuildTools\MSBuild\Microsoft\VC\v170\Microsoft.CppBuild.targets(1129,5): warning MSB8027: ╨┤╨▓╨░ ╨╕╨╗╨╕ ╨▒╨╛╨╗╨╡╨╡ ╤Д╨░╨╣╨╗╨╛╨▓ ╤Б ╨╕╨╝╨╡╨╜╨╡╨╝ GJSongBrowser.cpp ╨▓╤Л╨▓╨╛╨┤╤П╤В ╤А╨╡╨╖╤Г╨╗╤М╤В╨░╤В╤Л ╨▓ ╨╛╨┤╨╜╨╛ ╨╕ ╤В╨╛ ╨╢╨╡ ╤А╨░╤Б╨┐╨╛╨╗╨╛╨╢╨╡╨╜╨╕╨╡. ╨н╤В╨╛ ╨╝╨╛╨╢╨╡╤В ╤Б╤В╨░╤В╤М ╨┐╤А╨╕╤З╨╕╨╜╨╛╨╣ ╨╜╨╡╨▓╨╡╤А╨╜╨╛╨│╨╛ ╤А╨╡╨╖╤Г╨╗╤М╤В╨░╤В╨░ ╤Б╨▒╨╛╤А╨║╨╕.  ╨Т╨║╨╗╤О╤З╨╡╨╜╨╜╤Л╨╡ ╤Д╨░╨╣╨╗╤Л тАФ C:\Users\KusokMedi\Documents\GitHub\BetterShowcase\build\_deps\bindings-src\bindings\2.2081\inline\GJSongBrowser.cpp, C:\Users\KusokMedi\Documents\GitHub\BetterShowcase\build\bindings\bindings\Geode\source\GJSongBrowser.cpp. [C:\Users\KusokMedi\Documents\GitHub\BetterShowcase\build\bindings\GeodeBindings.vcxproj]
C:\Program Files (x86)\Microsoft Visual Studio\2022\BuildTools\MSBuild\Microsoft\VC\v170\Microsoft.CppBuild.targets(1129,5): warning MSB8027: ╨┤╨▓╨░ ╨╕╨╗╨╕ ╨▒╨╛╨╗╨╡╨╡ ╤Д╨░╨╣╨╗╨╛╨▓ ╤Б ╨╕╨╝╨╡╨╜╨╡╨╝ GJSpecialColorSelect.cpp ╨▓╤Л╨▓╨╛╨┤╤П╤В ╤А╨╡╨╖╤Г╨╗╤М╤В╨░╤В╤Л ╨▓ ╨╛╨┤╨╜╨╛ ╨╕ ╤В╨╛ ╨╢╨╡ ╤А╨░╤Б╨┐╨╛╨╗╨╛╨╢╨╡╨╜╨╕╨╡. ╨н╤В╨╛ ╨╝╨╛╨╢╨╡╤В ╤Б╤В╨░╤В╤М ╨┐╤А╨╕╤З╨╕╨╜╨╛╨╣ ╨╜╨╡╨▓╨╡╤А╨╜╨╛╨│╨╛ ╤А╨╡╨╖╤Г╨╗╤М╤В╨░╤В╨░ ╤Б╨▒╨╛╤А╨║╨╕.  ╨Т╨║╨╗╤О╤З╨╡╨╜╨╜╤Л╨╡ ╤Д╨░╨╣╨╗╤Л тАФ C:\Users\KusokMedi\Documents\GitHub\BetterShowcase\build\_deps\bindings-src\bindings\2.2081\inline\GJSpecialColorSelect.cpp, C:\Users\KusokMedi\Documents\GitHub\BetterShowcase\build\bindings\bindings\Geode\source\GJSpecialColorSelect.cpp. [C:\Users\KusokMedi\Documents\GitHub\BetterShowcase\build\bindings\GeodeBindings.vcxproj]
C:\Program Files (x86)\Microsoft Visual Studio\2022\BuildTools\MSBuild\Microsoft\VC\v170\Microsoft.CppBuild.targets(1129,5): warning MSB8027: ╨┤╨▓╨░ ╨╕╨╗╨╕ ╨▒╨╛╨╗╨╡╨╡ ╤Д╨░╨╣╨╗╨╛╨▓ ╤Б ╨╕╨╝╨╡╨╜╨╡╨╝ GJSpecialColorSelectDelegate.cpp ╨▓╤Л╨▓╨╛╨┤╤П╤В ╤А╨╡╨╖╤Г╨╗╤М╤В╨░╤В╤Л ╨▓ ╨╛╨┤╨╜╨╛ ╨╕ ╤В╨╛ ╨╢╨╡ ╤А╨░╤Б╨┐╨╛╨╗╨╛╨╢╨╡╨╜╨╕╨╡. ╨н╤В╨╛ ╨╝╨╛╨╢╨╡╤В ╤Б╤В╨░╤В╤М ╨┐╤А╨╕╤З╨╕╨╜╨╛╨╣ ╨╜╨╡╨▓╨╡╤А╨╜╨╛╨│╨╛ ╤А╨╡╨╖╤Г╨╗╤М╤В╨░╤В╨░ ╤Б╨▒╨╛╤А╨║╨╕.  ╨Т╨║╨╗╤О╤З╨╡╨╜╨╜╤Л╨╡ ╤Д╨░╨╣╨╗╤Л тАФ C:\Users\KusokMedi\Documents\GitHub\BetterShowcase\build\_deps\bindings-src\bindings\2.2081\inline\GJSpecialColorSelectDelegate.cpp, C:\Users\KusokMedi\Documents\GitHub\BetterShowcase\build\bindings\bindings\Geode\source\GJSpecialColorSelectDelegate.cpp. [C:\Users\KusokMedi\Documents\GitHub\BetterShowcase\build\bindings\GeodeBindings.vcxproj]
C:\Program Files (x86)\Microsoft Visual Studio\2022\BuildTools\MSBuild\Microsoft\VC\v170\Microsoft.CppBuild.targets(1129,5): warning MSB8027: ╨┤╨▓╨░ ╨╕╨╗╨╕ ╨▒╨╛╨╗╨╡╨╡ ╤Д╨░╨╣╨╗╨╛╨▓ ╤Б ╨╕╨╝╨╡╨╜╨╡╨╝ GJSpiderSprite.cpp ╨▓╤Л╨▓╨╛╨┤╤П╤В ╤А╨╡╨╖╤Г╨╗╤М╤В╨░╤В╤Л ╨▓ ╨╛╨┤╨╜╨╛ ╨╕ ╤В╨╛ ╨╢╨╡ ╤А╨░╤Б╨┐╨╛╨╗╨╛╨╢╨╡╨╜╨╕╨╡. ╨н╤В╨╛ ╨╝╨╛╨╢╨╡╤В ╤Б╤В╨░╤В╤М ╨┐╤А╨╕╤З╨╕╨╜╨╛╨╣ ╨╜╨╡╨▓╨╡╤А╨╜╨╛╨│╨╛ ╤А╨╡╨╖╤Г╨╗╤М╤В╨░╤В╨░ ╤Б╨▒╨╛╤А╨║╨╕.  ╨Т╨║╨╗╤О╤З╨╡╨╜╨╜╤Л╨╡ ╤Д╨░╨╣╨╗╤Л тАФ C:\Users\KusokMedi\Documents\GitHub\BetterShowcase\build\_deps\bindings-src\bindings\2.2081\inline\GJSpiderSprite.cpp, C:\Users\KusokMedi\Documents\GitHub\BetterShowcase\build\bindings\bindings\Geode\source\GJSpiderSprite.cpp. [C:\Users\KusokMedi\Documents\GitHub\BetterShowcase\build\bindings\GeodeBindings.vcxproj]
C:\Program Files (x86)\Microsoft Visual Studio\2022\BuildTools\MSBuild\Microsoft\VC\v170\Microsoft.CppBuild.targets(1129,5): warning MSB8027: ╨┤╨▓╨░ ╨╕╨╗╨╕ ╨▒╨╛╨╗╨╡╨╡ ╤Д╨░╨╣╨╗╨╛╨▓ ╤Б ╨╕╨╝╨╡╨╜╨╡╨╝ GJSpriteColor.cpp ╨▓╤Л╨▓╨╛╨┤╤П╤В ╤А╨╡╨╖╤Г╨╗╤М╤В╨░╤В╤Л ╨▓ ╨╛╨┤╨╜╨╛ ╨╕ ╤В╨╛ ╨╢╨╡ ╤А╨░╤Б╨┐╨╛╨╗╨╛╨╢╨╡╨╜╨╕╨╡. ╨н╤В╨╛ ╨╝╨╛╨╢╨╡╤В ╤Б╤В╨░╤В╤М ╨┐╤А╨╕╤З╨╕╨╜╨╛╨╣ ╨╜╨╡╨▓╨╡╤А╨╜╨╛╨│╨╛ ╤А╨╡╨╖╤Г╨╗╤М╤В╨░╤В╨░ ╤Б╨▒╨╛╤А╨║╨╕.  ╨Т╨║╨╗╤О╤З╨╡╨╜╨╜╤Л╨╡ ╤Д╨░╨╣╨╗╤Л тАФ C:\Users\KusokMedi\Documents\GitHub\BetterShowcase\build\_deps\bindings-src\bindings\2.2081\inline\GJSpriteColor.cpp, C:\Users\KusokMedi\Documents\GitHub\BetterShowcase\build\bindings\bindings\Geode\source\GJSpriteColor.cpp. [C:\Users\KusokMedi\Documents\GitHub\BetterShowcase\build\bindings\GeodeBindings.vcxproj]
C:\Program Files (x86)\Microsoft Visual Studio\2022\BuildTools\MSBuild\Microsoft\VC\v170\Microsoft.CppBuild.targets(1129,5): warning MSB8027: ╨┤╨▓╨░ ╨╕╨╗╨╕ ╨▒╨╛╨╗╨╡╨╡ ╤Д╨░╨╣╨╗╨╛╨▓ ╤Б ╨╕╨╝╨╡╨╜╨╡╨╝ GJStoreItem.cpp ╨▓╤Л╨▓╨╛╨┤╤П╤В ╤А╨╡╨╖╤Г╨╗╤М╤В╨░╤В╤Л ╨▓ ╨╛╨┤╨╜╨╛ ╨╕ ╤В╨╛ ╨╢╨╡ ╤А╨░╤Б╨┐╨╛╨╗╨╛╨╢╨╡╨╜╨╕╨╡. ╨н╤В╨╛ ╨╝╨╛╨╢╨╡╤В ╤Б╤В╨░╤В╤М ╨┐╤А╨╕╤З╨╕╨╜╨╛╨╣ ╨╜╨╡╨▓╨╡╤А╨╜╨╛╨│╨╛ ╤А╨╡╨╖╤Г╨╗╤М╤В╨░╤В╨░ ╤Б╨▒╨╛╤А╨║╨╕.  ╨Т╨║╨╗╤О╤З╨╡╨╜╨╜╤Л╨╡ ╤Д╨░╨╣╨╗╤Л тАФ C:\Users\KusokMedi\Documents\GitHub\BetterShowcase\build\_deps\bindings-src\bindings\2.2081\inline\GJStoreItem.cpp, C:\Users\KusokMedi\Documents\GitHub\BetterShowcase\build\bindings\bindings\Geode\source\GJStoreItem.cpp. [C:\Users\KusokMedi\Documents\GitHub\BetterShowcase\build\bindings\GeodeBindings.vcxproj]
C:\Program Files (x86)\Microsoft Visual Studio\2022\BuildTools\MSBuild\Microsoft\VC\v170\Microsoft.CppBuild.targets(1129,5): warning MSB8027: ╨┤╨▓╨░ ╨╕╨╗╨╕ ╨▒╨╛╨╗╨╡╨╡ ╤Д╨░╨╣╨╗╨╛╨▓ ╤Б ╨╕╨╝╨╡╨╜╨╡╨╝ GJTransformControl.cpp ╨▓╤Л╨▓╨╛╨┤╤П╤В ╤А╨╡╨╖╤Г╨╗╤М╤В╨░╤В╤Л ╨▓ ╨╛╨┤╨╜╨╛ ╨╕ ╤В╨╛ ╨╢╨╡ ╤А╨░╤Б╨┐╨╛╨╗╨╛╨╢╨╡╨╜╨╕╨╡. ╨н╤В╨╛ ╨╝╨╛╨╢╨╡╤В ╤Б╤В╨░╤В╤М ╨┐╤А╨╕╤З╨╕╨╜╨╛╨╣ ╨╜╨╡╨▓╨╡╤А╨╜╨╛╨│╨╛ ╤А╨╡╨╖╤Г╨╗╤М╤В╨░╤В╨░ ╤Б╨▒╨╛╤А╨║╨╕.  ╨Т╨║╨╗╤О╤З╨╡╨╜╨╜╤Л╨╡ ╤Д╨░╨╣╨╗╤Л тАФ C:\Users\KusokMedi\Documents\GitHub\BetterShowcase\build\_deps\bindings-src\bindings\2.2081\inline\GJTransformControl.cpp, C:\Users\KusokMedi\Documents\GitHub\BetterShowcase\build\bindings\bindings\Geode\source\GJTransformControl.cpp. [C:\Users\KusokMedi\Documents\GitHub\BetterShowcase\build\bindings\GeodeBindings.vcxproj]
C:\Program Files (x86)\Microsoft Visual Studio\2022\BuildTools\MSBuild\Microsoft\VC\v170\Microsoft.CppBuild.targets(1129,5): warning MSB8027: ╨┤╨▓╨░ ╨╕╨╗╨╕ ╨▒╨╛╨╗╨╡╨╡ ╤Д╨░╨╣╨╗╨╛╨▓ ╤Б ╨╕╨╝╨╡╨╜╨╡╨╝ GJTransformControlDelegate.cpp ╨▓╤Л╨▓╨╛╨┤╤П╤В ╤А╨╡╨╖╤Г╨╗╤М╤В╨░╤В╤Л ╨▓ ╨╛╨┤╨╜╨╛ ╨╕ ╤В╨╛ ╨╢╨╡ ╤А╨░╤Б╨┐╨╛╨╗╨╛╨╢╨╡╨╜╨╕╨╡. ╨н╤В╨╛ ╨╝╨╛╨╢╨╡╤В ╤Б╤В╨░╤В╤М ╨┐╤А╨╕╤З╨╕╨╜╨╛╨╣ ╨╜╨╡╨▓╨╡╤А╨╜╨╛╨│╨╛ ╤А╨╡╨╖╤Г╨╗╤М╤В╨░╤В╨░ ╤Б╨▒╨╛╤А╨║╨╕.  ╨Т╨║╨╗╤О╤З╨╡╨╜╨╜╤Л╨╡ ╤Д╨░╨╣╨╗╤Л тАФ C:\Users\KusokMedi\Documents\GitHub\BetterShowcase\build\_deps\bindings-src\bindings\2.2081\inline\GJTransformControlDelegate.cpp, C:\Users\KusokMedi\Documents\GitHub\BetterShowcase\build\bindings\bindings\Geode\source\GJTransformControlDelegate.cpp. [C:\Users\KusokMedi\Documents\GitHub\BetterShowcase\build\bindings\GeodeBindings.vcxproj]
C:\Program Files (x86)\Microsoft Visual Studio\2022\BuildTools\MSBuild\Microsoft\VC\v170\Microsoft.CppBuild.targets(1129,5): warning MSB8027: ╨┤╨▓╨░ ╨╕╨╗╨╕ ╨▒╨╛╨╗╨╡╨╡ ╤Д╨░╨╣╨╗╨╛╨▓ ╤Б ╨╕╨╝╨╡╨╜╨╡╨╝ GJTransformState.cpp ╨▓╤Л╨▓╨╛╨┤╤П╤В ╤А╨╡╨╖╤Г╨╗╤М╤В╨░╤В╤Л ╨▓ ╨╛╨┤╨╜╨╛ ╨╕ ╤В╨╛ ╨╢╨╡ ╤А╨░╤Б╨┐╨╛╨╗╨╛╨╢╨╡╨╜╨╕╨╡. ╨н╤В╨╛ ╨╝╨╛╨╢╨╡╤В ╤Б╤В╨░╤В╤М ╨┐╤А╨╕╤З╨╕╨╜╨╛╨╣ ╨╜╨╡╨▓╨╡╤А╨╜╨╛╨│╨╛ ╤А╨╡╨╖╤Г╨╗╤М╤В╨░╤В╨░ ╤Б╨▒╨╛╤А╨║╨╕.  ╨Т╨║╨╗╤О╤З╨╡╨╜╨╜╤Л╨╡ ╤Д╨░╨╣╨╗╤Л тАФ C:\Users\KusokMedi\Documents\GitHub\BetterShowcase\build\_deps\bindings-src\bindings\2.2081\inline\GJTransformState.cpp, C:\Users\KusokMedi\Documents\GitHub\BetterShowcase\build\bindings\bindings\Geode\source\GJTransformState.cpp. [C:\Users\KusokMedi\Documents\GitHub\BetterShowcase\build\bindings\GeodeBindings.vcxproj]
C:\Program Files (x86)\Microsoft Visual Studio\2022\BuildTools\MSBuild\Microsoft\VC\v170\Microsoft.CppBuild.targets(1129,5): warning MSB8027: ╨┤╨▓╨░ ╨╕╨╗╨╕ ╨▒╨╛╨╗╨╡╨╡ ╤Д╨░╨╣╨╗╨╛╨▓ ╤Б ╨╕╨╝╨╡╨╜╨╡╨╝ GJUINode.cpp ╨▓╤Л╨▓╨╛╨┤╤П╤В ╤А╨╡╨╖╤Г╨╗╤М╤В╨░╤В╤Л ╨▓ ╨╛╨┤╨╜╨╛ ╨╕ ╤В╨╛ ╨╢╨╡ ╤А╨░╤Б╨┐╨╛╨╗╨╛╨╢╨╡╨╜╨╕╨╡. ╨н╤В╨╛ ╨╝╨╛╨╢╨╡╤В ╤Б╤В╨░╤В╤М ╨┐╤А╨╕╤З╨╕╨╜╨╛╨╣ ╨╜╨╡╨▓╨╡╤А╨╜╨╛╨│╨╛ ╤А╨╡╨╖╤Г╨╗╤М╤В╨░╤В╨░ ╤Б╨▒╨╛╤А╨║╨╕.  ╨Т╨║╨╗╤О╤З╨╡╨╜╨╜╤Л╨╡ ╤Д╨░╨╣╨╗╤Л тАФ C:\Users\KusokMedi\Documents\GitHub\BetterShowcase\build\_deps\bindings-src\bindings\2.2081\inline\GJUINode.cpp, C:\Users\KusokMedi\Documents\GitHub\BetterShowcase\build\bindings\bindings\Geode\source\GJUINode.cpp. [C:\Users\KusokMedi\Documents\GitHub\BetterShowcase\build\bindings\GeodeBindings.vcxproj]
C:\Program Files (x86)\Microsoft Visual Studio\2022\BuildTools\MSBuild\Microsoft\VC\v170\Microsoft.CppBuild.targets(1129,5): warning MSB8027: ╨┤╨▓╨░ ╨╕╨╗╨╕ ╨▒╨╛╨╗╨╡╨╡ ╤Д╨░╨╣╨╗╨╛╨▓ ╤Б ╨╕╨╝╨╡╨╜╨╡╨╝ GJUnlockableItem.cpp ╨▓╤Л╨▓╨╛╨┤╤П╤В ╤А╨╡╨╖╤Г╨╗╤М╤В╨░╤В╤Л ╨▓ ╨╛╨┤╨╜╨╛ ╨╕ ╤В╨╛ ╨╢╨╡ ╤А╨░╤Б╨┐╨╛╨╗╨╛╨╢╨╡╨╜╨╕╨╡. ╨н╤В╨╛ ╨╝╨╛╨╢╨╡╤В ╤Б╤В╨░╤В╤М ╨┐╤А╨╕╤З╨╕╨╜╨╛╨╣ ╨╜╨╡╨▓╨╡╤А╨╜╨╛╨│╨╛ ╤А╨╡╨╖╤Г╨╗╤М╤В╨░╤В╨░ ╤Б╨▒╨╛╤А╨║╨╕.  ╨Т╨║╨╗╤О╤З╨╡╨╜╨╜╤Л╨╡ ╤Д╨░╨╣╨╗╤Л тАФ C:\Users\KusokMedi\Documents\GitHub\BetterShowcase\build\_deps\bindings-src\bindings\2.2081\inline\GJUnlockableItem.cpp, C:\Users\KusokMedi\Documents\GitHub\BetterShowcase\build\bindings\bindings\Geode\source\GJUnlockableItem.cpp. [C:\Users\KusokMedi\Documents\GitHub\BetterShowcase\build\bindings\GeodeBindings.vcxproj]
C:\Program Files (x86)\Microsoft Visual Studio\2022\BuildTools\MSBuild\Microsoft\VC\v170\Microsoft.CppBuild.targets(1129,5): warning MSB8027: ╨┤╨▓╨░ ╨╕╨╗╨╕ ╨▒╨╛╨╗╨╡╨╡ ╤Д╨░╨╣╨╗╨╛╨▓ ╤Б ╨╕╨╝╨╡╨╜╨╡╨╝ GJUserCell.cpp ╨▓╤Л╨▓╨╛╨┤╤П╤В ╤А╨╡╨╖╤Г╨╗╤М╤В╨░╤В╤Л ╨▓ ╨╛╨┤╨╜╨╛ ╨╕ ╤В╨╛ ╨╢╨╡ ╤А╨░╤Б╨┐╨╛╨╗╨╛╨╢╨╡╨╜╨╕╨╡. ╨н╤В╨╛ ╨╝╨╛╨╢╨╡╤В ╤Б╤В╨░╤В╤М ╨┐╤А╨╕╤З╨╕╨╜╨╛╨╣ ╨╜╨╡╨▓╨╡╤А╨╜╨╛╨│╨╛ ╤А╨╡╨╖╤Г╨╗╤М╤В╨░╤В╨░ ╤Б╨▒╨╛╤А╨║╨╕.  ╨Т╨║╨╗╤О╤З╨╡╨╜╨╜╤Л╨╡ ╤Д╨░╨╣╨╗╤Л тАФ C:\Users\KusokMedi\Documents\GitHub\BetterShowcase\build\_deps\bindings-src\bindings\2.2081\inline\GJUserCell.cpp, C:\Users\KusokMedi\Documents\GitHub\BetterShowcase\build\bindings\bindings\Geode\source\GJUserCell.cpp. [C:\Users\KusokMedi\Documents\GitHub\BetterShowcase\build\bindings\GeodeBindings.vcxproj]
C:\Program Files (x86)\Microsoft Visual Studio\2022\BuildTools\MSBuild\Microsoft\VC\v170\Microsoft.CppBuild.targets(1129,5): warning MSB8027: ╨┤╨▓╨░ ╨╕╨╗╨╕ ╨▒╨╛╨╗╨╡╨╡ ╤Д╨░╨╣╨╗╨╛╨▓ ╤Б ╨╕╨╝╨╡╨╜╨╡╨╝ GJUserMessage.cpp ╨▓╤Л╨▓╨╛╨┤╤П╤В ╤А╨╡╨╖╤Г╨╗╤М╤В╨░╤В╤Л ╨▓ ╨╛╨┤╨╜╨╛ ╨╕ ╤В╨╛ ╨╢╨╡ ╤А╨░╤Б╨┐╨╛╨╗╨╛╨╢╨╡╨╜╨╕╨╡. ╨н╤В╨╛ ╨╝╨╛╨╢╨╡╤В ╤Б╤В╨░╤В╤М ╨┐╤А╨╕╤З╨╕╨╜╨╛╨╣ ╨╜╨╡╨▓╨╡╤А╨╜╨╛╨│╨╛ ╤А╨╡╨╖╤Г╨╗╤М╤В╨░╤В╨░ ╤Б╨▒╨╛╤А╨║╨╕.  ╨Т╨║╨╗╤О╤З╨╡╨╜╨╜╤Л╨╡ ╤Д╨░╨╣╨╗╤Л тАФ C:\Users\KusokMedi\Documents\GitHub\BetterShowcase\build\_deps\bindings-src\bindings\2.2081\inline\GJUserMessage.cpp, C:\Users\KusokMedi\Documents\GitHub\BetterShowcase\build\bindings\bindings\Geode\source\GJUserMessage.cpp. [C:\Users\KusokMedi\Documents\GitHub\BetterShowcase\build\bindings\GeodeBindings.vcxproj]
C:\Program Files (x86)\Microsoft Visual Studio\2022\BuildTools\MSBuild\Microsoft\VC\v170\Microsoft.CppBuild.targets(1129,5): warning MSB8027: ╨┤╨▓╨░ ╨╕╨╗╨╕ ╨▒╨╛╨╗╨╡╨╡ ╤Д╨░╨╣╨╗╨╛╨▓ ╤Б ╨╕╨╝╨╡╨╜╨╡╨╝ GJUserScore.cpp ╨▓╤Л╨▓╨╛╨┤╤П╤В ╤А╨╡╨╖╤Г╨╗╤М╤В╨░╤В╤Л ╨▓ ╨╛╨┤╨╜╨╛ ╨╕ ╤В╨╛ ╨╢╨╡ ╤А╨░╤Б╨┐╨╛╨╗╨╛╨╢╨╡╨╜╨╕╨╡. ╨н╤В╨╛ ╨╝╨╛╨╢╨╡╤В ╤Б╤В╨░╤В╤М ╨┐╤А╨╕╤З╨╕╨╜╨╛╨╣ ╨╜╨╡╨▓╨╡╤А╨╜╨╛╨│╨╛ ╤А╨╡╨╖╤Г╨╗╤М╤В╨░╤В╨░ ╤Б╨▒╨╛╤А╨║╨╕.  ╨Т╨║╨╗╤О╤З╨╡╨╜╨╜╤Л╨╡ ╤Д╨░╨╣╨╗╤Л тАФ C:\Users\KusokMedi\Documents\GitHub\BetterShowcase\build\_deps\bindings-src\bindings\2.2081\inline\GJUserScore.cpp, C:\Users\KusokMedi\Documents\GitHub\BetterShowcase\build\bindings\bindings\Geode\source\GJUserScore.cpp. [C:\Users\KusokMedi\Documents\GitHub\BetterShowcase\build\bindings\GeodeBindings.vcxproj]
C:\Program Files (x86)\Microsoft Visual Studio\2022\BuildTools\MSBuild\Microsoft\VC\v170\Microsoft.CppBuild.targets(1129,5): warning MSB8027: ╨┤╨▓╨░ ╨╕╨╗╨╕ ╨▒╨╛╨╗╨╡╨╡ ╤Д╨░╨╣╨╗╨╛╨▓ ╤Б ╨╕╨╝╨╡╨╜╨╡╨╝ GJValueTween.cpp ╨▓╤Л╨▓╨╛╨┤╤П╤В ╤А╨╡╨╖╤Г╨╗╤М╤В╨░╤В╤Л ╨▓ ╨╛╨┤╨╜╨╛ ╨╕ ╤В╨╛ ╨╢╨╡ ╤А╨░╤Б╨┐╨╛╨╗╨╛╨╢╨╡╨╜╨╕╨╡. ╨н╤В╨╛ ╨╝╨╛╨╢╨╡╤В ╤Б╤В╨░╤В╤М ╨┐╤А╨╕╤З╨╕╨╜╨╛╨╣ ╨╜╨╡╨▓╨╡╤А╨╜╨╛╨│╨╛ ╤А╨╡╨╖╤Г╨╗╤М╤В╨░╤В╨░ ╤Б╨▒╨╛╤А╨║╨╕.  ╨Т╨║╨╗╤О╤З╨╡╨╜╨╜╤Л╨╡ ╤Д╨░╨╣╨╗╤Л тАФ C:\Users\KusokMedi\Documents\GitHub\BetterShowcase\build\_deps\bindings-src\bindings\2.2081\inline\GJValueTween.cpp, C:\Users\KusokMedi\Documents\GitHub\BetterShowcase\build\bindings\bindings\Geode\source\GJValueTween.cpp. [C:\Users\KusokMedi\Documents\GitHub\BetterShowcase\build\bindings\GeodeBindings.vcxproj]
C:\Program Files (x86)\Microsoft Visual Studio\2022\BuildTools\MSBuild\Microsoft\VC\v170\Microsoft.CppBuild.targets(1129,5): warning MSB8027: ╨┤╨▓╨░ ╨╕╨╗╨╕ ╨▒╨╛╨╗╨╡╨╡ ╤Д╨░╨╣╨╗╨╛╨▓ ╤Б ╨╕╨╝╨╡╨╜╨╡╨╝ GJWorldNode.cpp ╨▓╤Л╨▓╨╛╨┤╤П╤В ╤А╨╡╨╖╤Г╨╗╤М╤В╨░╤В╤Л ╨▓ ╨╛╨┤╨╜╨╛ ╨╕ ╤В╨╛ ╨╢╨╡ ╤А╨░╤Б╨┐╨╛╨╗╨╛╨╢╨╡╨╜╨╕╨╡. ╨н╤В╨╛ ╨╝╨╛╨╢╨╡╤В ╤Б╤В╨░╤В╤М ╨┐╤А╨╕╤З╨╕╨╜╨╛╨╣ ╨╜╨╡╨▓╨╡╤А╨╜╨╛╨│╨╛ ╤А╨╡╨╖╤Г╨╗╤М╤В╨░╤В╨░ ╤Б╨▒╨╛╤А╨║╨╕.  ╨Т╨║╨╗╤О╤З╨╡╨╜╨╜╤Л╨╡ ╤Д╨░╨╣╨╗╤Л тАФ C:\Users\KusokMedi\Documents\GitHub\BetterShowcase\build\_deps\bindings-src\bindings\2.2081\inline\GJWorldNode.cpp, C:\Users\KusokMedi\Documents\GitHub\BetterShowcase\build\bindings\bindings\Geode\source\GJWorldNode.cpp. [C:\Users\KusokMedi\Documents\GitHub\BetterShowcase\build\bindings\GeodeBindings.vcxproj]
C:\Program Files (x86)\Microsoft Visual Studio\2022\BuildTools\MSBuild\Microsoft\VC\v170\Microsoft.CppBuild.targets(1129,5): warning MSB8027: ╨┤╨▓╨░ ╨╕╨╗╨╕ ╨▒╨╛╨╗╨╡╨╡ ╤Д╨░╨╣╨╗╨╛╨▓ ╤Б ╨╕╨╝╨╡╨╜╨╡╨╝ GJWriteMessagePopup.cpp ╨▓╤Л╨▓╨╛╨┤╤П╤В ╤А╨╡╨╖╤Г╨╗╤М╤В╨░╤В╤Л ╨▓ ╨╛╨┤╨╜╨╛ ╨╕ ╤В╨╛ ╨╢╨╡ ╤А╨░╤Б╨┐╨╛╨╗╨╛╨╢╨╡╨╜╨╕╨╡. ╨н╤В╨╛ ╨╝╨╛╨╢╨╡╤В ╤Б╤В╨░╤В╤М ╨┐╤А╨╕╤З╨╕╨╜╨╛╨╣ ╨╜╨╡╨▓╨╡╤А╨╜╨╛╨│╨╛ ╤А╨╡╨╖╤Г╨╗╤М╤В╨░╤В╨░ ╤Б╨▒╨╛╤А╨║╨╕.  ╨Т╨║╨╗╤О╤З╨╡╨╜╨╜╤Л╨╡ ╤Д╨░╨╣╨╗╤Л тАФ C:\Users\KusokMedi\Documents\GitHub\BetterShowcase\build\_deps\bindings-src\bindings\2.2081\inline\GJWriteMessagePopup.cpp, C:\Users\KusokMedi\Documents\GitHub\BetterShowcase\build\bindings\bindings\Geode\source\GJWriteMessagePopup.cpp. [C:\Users\KusokMedi\Documents\GitHub\BetterShowcase\build\bindings\GeodeBindings.vcxproj]
C:\Program Files (x86)\Microsoft Visual Studio\2022\BuildTools\MSBuild\Microsoft\VC\v170\Microsoft.CppBuild.targets(1129,5): warning MSB8027: ╨┤╨▓╨░ ╨╕╨╗╨╕ ╨▒╨╛╨╗╨╡╨╡ ╤Д╨░╨╣╨╗╨╛╨▓ ╤Б ╨╕╨╝╨╡╨╜╨╡╨╝ GManager.cpp ╨▓╤Л╨▓╨╛╨┤╤П╤В ╤А╨╡╨╖╤Г╨╗╤М╤В╨░╤В╤Л ╨▓ ╨╛╨┤╨╜╨╛ ╨╕ ╤В╨╛ ╨╢╨╡ ╤А╨░╤Б╨┐╨╛╨╗╨╛╨╢╨╡╨╜╨╕╨╡. ╨н╤В╨╛ ╨╝╨╛╨╢╨╡╤В ╤Б╤В╨░╤В╤М ╨┐╤А╨╕╤З╨╕╨╜╨╛╨╣ ╨╜╨╡╨▓╨╡╤А╨╜╨╛╨│╨╛ ╤А╨╡╨╖╤Г╨╗╤М╤В╨░╤В╨░ ╤Б╨▒╨╛╤А╨║╨╕.  ╨Т╨║╨╗╤О╤З╨╡╨╜╨╜╤Л╨╡ ╤Д╨░╨╣╨╗╤Л тАФ C:\Users\KusokMedi\Documents\GitHub\BetterShowcase\build\_deps\bindings-src\bindings\2.2081\inline\GManager.cpp, C:\Users\KusokMedi\Documents\GitHub\BetterShowcase\build\bindings\bindings\Geode\source\GManager.cpp. [C:\Users\KusokMedi\Documents\GitHub\BetterShowcase\build\bindings\GeodeBindings.vcxproj]
C:\Program Files (x86)\Microsoft Visual Studio\2022\BuildTools\MSBuild\Microsoft\VC\v170\Microsoft.CppBuild.targets(1129,5): warning MSB8027: ╨┤╨▓╨░ ╨╕╨╗╨╕ ╨▒╨╛╨╗╨╡╨╡ ╤Д╨░╨╣╨╗╨╛╨▓ ╤Б ╨╕╨╝╨╡╨╜╨╡╨╝ GameCell.cpp ╨▓╤Л╨▓╨╛╨┤╤П╤В ╤А╨╡╨╖╤Г╨╗╤М╤В╨░╤В╤Л ╨▓ ╨╛╨┤╨╜╨╛ ╨╕ ╤В╨╛ ╨╢╨╡ ╤А╨░╤Б╨┐╨╛╨╗╨╛╨╢╨╡╨╜╨╕╨╡. ╨н╤В╨╛ ╨╝╨╛╨╢╨╡╤В ╤Б╤В╨░╤В╤М ╨┐╤А╨╕╤З╨╕╨╜╨╛╨╣ ╨╜╨╡╨▓╨╡╤А╨╜╨╛╨│╨╛ ╤А╨╡╨╖╤Г╨╗╤М╤В╨░╤В╨░ ╤Б╨▒╨╛╤А╨║╨╕.  ╨Т╨║╨╗╤О╤З╨╡╨╜╨╜╤Л╨╡ ╤Д╨░╨╣╨╗╤Л тАФ C:\Users\KusokMedi\Documents\GitHub\BetterShowcase\build\_deps\bindings-src\bindings\2.2081\inline\GameCell.cpp, C:\Users\KusokMedi\Documents\GitHub\BetterShowcase\build\bindings\bindings\Geode\source\GameCell.cpp. [C:\Users\KusokMedi\Documents\GitHub\BetterShowcase\build\bindings\GeodeBindings.vcxproj]
C:\Program Files (x86)\Microsoft Visual Studio\2022\BuildTools\MSBuild\Microsoft\VC\v170\Microsoft.CppBuild.targets(1129,5): warning MSB8027: ╨┤╨▓╨░ ╨╕╨╗╨╕ ╨▒╨╛╨╗╨╡╨╡ ╤Д╨░╨╣╨╗╨╛╨▓ ╤Б ╨╕╨╝╨╡╨╜╨╡╨╝ GameEffectsManager.cpp ╨▓╤Л╨▓╨╛╨┤╤П╤В ╤А╨╡╨╖╤Г╨╗╤М╤В╨░╤В╤Л ╨▓ ╨╛╨┤╨╜╨╛ ╨╕ ╤В╨╛ ╨╢╨╡ ╤А╨░╤Б╨┐╨╛╨╗╨╛╨╢╨╡╨╜╨╕╨╡. ╨н╤В╨╛ ╨╝╨╛╨╢╨╡╤В ╤Б╤В╨░╤В╤М ╨┐╤А╨╕╤З╨╕╨╜╨╛╨╣ ╨╜╨╡╨▓╨╡╤А╨╜╨╛╨│╨╛ ╤А╨╡╨╖╤Г╨╗╤М╤В╨░╤В╨░ ╤Б╨▒╨╛╤А╨║╨╕.  ╨Т╨║╨╗╤О╤З╨╡╨╜╨╜╤Л╨╡ ╤Д╨░╨╣╨╗╤Л тАФ C:\Users\KusokMedi\Documents\GitHub\BetterShowcase\build\_deps\bindings-src\bindings\2.2081\inline\GameEffectsManager.cpp, C:\Users\KusokMedi\Documents\GitHub\BetterShowcase\build\bindings\bindings\Geode\source\GameEffectsManager.cpp. [C:\Users\KusokMedi\Documents\GitHub\BetterShowcase\build\bindings\GeodeBindings.vcxproj]
C:\Program Files (x86)\Microsoft Visual Studio\2022\BuildTools\MSBuild\Microsoft\VC\v170\Microsoft.CppBuild.targets(1129,5): warning MSB8027: ╨┤╨▓╨░ ╨╕╨╗╨╕ ╨▒╨╛╨╗╨╡╨╡ ╤Д╨░╨╣╨╗╨╛╨▓ ╤Б ╨╕╨╝╨╡╨╜╨╡╨╝ GameLevelManager.cpp ╨▓╤Л╨▓╨╛╨┤╤П╤В ╤А╨╡╨╖╤Г╨╗╤М╤В╨░╤В╤Л ╨▓ ╨╛╨┤╨╜╨╛ ╨╕ ╤В╨╛ ╨╢╨╡ ╤А╨░╤Б╨┐╨╛╨╗╨╛╨╢╨╡╨╜╨╕╨╡. ╨н╤В╨╛ ╨╝╨╛╨╢╨╡╤В ╤Б╤В╨░╤В╤М ╨┐╤А╨╕╤З╨╕╨╜╨╛╨╣ ╨╜╨╡╨▓╨╡╤А╨╜╨╛╨│╨╛ ╤А╨╡╨╖╤Г╨╗╤М╤В╨░╤В╨░ ╤Б╨▒╨╛╤А╨║╨╕.  ╨Т╨║╨╗╤О╤З╨╡╨╜╨╜╤Л╨╡ ╤Д╨░╨╣╨╗╤Л тАФ C:\Users\KusokMedi\Documents\GitHub\BetterShowcase\build\_deps\bindings-src\bindings\2.2081\inline\GameLevelManager.cpp, C:\Users\KusokMedi\Documents\GitHub\BetterShowcase\build\bindings\bindings\Geode\source\GameLevelManager.cpp. [C:\Users\KusokMedi\Documents\GitHub\BetterShowcase\build\bindings\GeodeBindings.vcxproj]
C:\Program Files (x86)\Microsoft Visual Studio\2022\BuildTools\MSBuild\Microsoft\VC\v170\Microsoft.CppBuild.targets(1129,5): warning MSB8027: ╨┤╨▓╨░ ╨╕╨╗╨╕ ╨▒╨╛╨╗╨╡╨╡ ╤Д╨░╨╣╨╗╨╛╨▓ ╤Б ╨╕╨╝╨╡╨╜╨╡╨╝ GameLevelOptionsLayer.cpp ╨▓╤Л╨▓╨╛╨┤╤П╤В ╤А╨╡╨╖╤Г╨╗╤М╤В╨░╤В╤Л ╨▓ ╨╛╨┤╨╜╨╛ ╨╕ ╤В╨╛ ╨╢╨╡ ╤А╨░╤Б╨┐╨╛╨╗╨╛╨╢╨╡╨╜╨╕╨╡. ╨н╤В╨╛ ╨╝╨╛╨╢╨╡╤В ╤Б╤В╨░╤В╤М ╨┐╤А╨╕╤З╨╕╨╜╨╛╨╣ ╨╜╨╡╨▓╨╡╤А╨╜╨╛╨│╨╛ ╤А╨╡╨╖╤Г╨╗╤М╤В╨░╤В╨░ ╤Б╨▒╨╛╤А╨║╨╕.  ╨Т╨║╨╗╤О╤З╨╡╨╜╨╜╤Л╨╡ ╤Д╨░╨╣╨╗╤Л тАФ C:\Users\KusokMedi\Documents\GitHub\BetterShowcase\build\_deps\bindings-src\bindings\2.2081\inline\GameLevelOptionsLayer.cpp, C:\Users\KusokMedi\Documents\GitHub\BetterShowcase\build\bindings\bindings\Geode\source\GameLevelOptionsLayer.cpp. [C:\Users\KusokMedi\Documents\GitHub\BetterShowcase\build\bindings\GeodeBindings.vcxproj]
C:\Program Files (x86)\Microsoft Visual Studio\2022\BuildTools\MSBuild\Microsoft\VC\v170\Microsoft.CppBuild.targets(1129,5): warning MSB8027: ╨┤╨▓╨░ ╨╕╨╗╨╕ ╨▒╨╛╨╗╨╡╨╡ ╤Д╨░╨╣╨╗╨╛╨▓ ╤Б ╨╕╨╝╨╡╨╜╨╡╨╝ GameManager.cpp ╨▓╤Л╨▓╨╛╨┤╤П╤В ╤А╨╡╨╖╤Г╨╗╤М╤В╨░╤В╤Л ╨▓ ╨╛╨┤╨╜╨╛ ╨╕ ╤В╨╛ ╨╢╨╡ ╤А╨░╤Б╨┐╨╛╨╗╨╛╨╢╨╡╨╜╨╕╨╡. ╨н╤В╨╛ ╨╝╨╛╨╢╨╡╤В ╤Б╤В╨░╤В╤М ╨┐╤А╨╕╤З╨╕╨╜╨╛╨╣ ╨╜╨╡╨▓╨╡╤А╨╜╨╛╨│╨╛ ╤А╨╡╨╖╤Г╨╗╤М╤В╨░╤В╨░ ╤Б╨▒╨╛╤А╨║╨╕.  ╨Т╨║╨╗╤О╤З╨╡╨╜╨╜╤Л╨╡ ╤Д╨░╨╣╨╗╤Л тАФ C:\Users\KusokMedi\Documents\GitHub\BetterShowcase\build\_deps\bindings-src\bindings\2.2081\inline\GameManager.cpp, C:\Users\KusokMedi\Documents\GitHub\BetterShowcase\build\bindings\bindings\Geode\source\GameManager.cpp. [C:\Users\KusokMedi\Documents\GitHub\BetterShowcase\build\bindings\GeodeBindings.vcxproj]
C:\Program Files (x86)\Microsoft Visual Studio\2022\BuildTools\MSBuild\Microsoft\VC\v170\Microsoft.CppBuild.targets(1129,5): warning MSB8027: ╨┤╨▓╨░ ╨╕╨╗╨╕ ╨▒╨╛╨╗╨╡╨╡ ╤Д╨░╨╣╨╗╨╛╨▓ ╤Б ╨╕╨╝╨╡╨╜╨╡╨╝ GameObject.cpp ╨▓╤Л╨▓╨╛╨┤╤П╤В ╤А╨╡╨╖╤Г╨╗╤М╤В╨░╤В╤Л ╨▓ ╨╛╨┤╨╜╨╛ ╨╕ ╤В╨╛ ╨╢╨╡ ╤А╨░╤Б╨┐╨╛╨╗╨╛╨╢╨╡╨╜╨╕╨╡. ╨н╤В╨╛ ╨╝╨╛╨╢╨╡╤В ╤Б╤В╨░╤В╤М ╨┐╤А╨╕╤З╨╕╨╜╨╛╨╣ ╨╜╨╡╨▓╨╡╤А╨╜╨╛╨│╨╛ ╤А╨╡╨╖╤Г╨╗╤М╤В╨░╤В╨░ ╤Б╨▒╨╛╤А╨║╨╕.  ╨Т╨║╨╗╤О╤З╨╡╨╜╨╜╤Л╨╡ ╤Д╨░╨╣╨╗╤Л тАФ C:\Users\KusokMedi\Documents\GitHub\BetterShowcase\build\_deps\bindings-src\bindings\2.2081\inline\GameObject.cpp, C:\Users\KusokMedi\Documents\GitHub\BetterShowcase\build\bindings\bindings\Geode\source\GameObject.cpp. [C:\Users\KusokMedi\Documents\GitHub\BetterShowcase\build\bindings\GeodeBindings.vcxproj]
C:\Program Files (x86)\Microsoft Visual Studio\2022\BuildTools\MSBuild\Microsoft\VC\v170\Microsoft.CppBuild.targets(1129,5): warning MSB8027: ╨┤╨▓╨░ ╨╕╨╗╨╕ ╨▒╨╛╨╗╨╡╨╡ ╤Д╨░╨╣╨╗╨╛╨▓ ╤Б ╨╕╨╝╨╡╨╜╨╡╨╝ GameObjectCopy.cpp ╨▓╤Л╨▓╨╛╨┤╤П╤В ╤А╨╡╨╖╤Г╨╗╤М╤В╨░╤В╤Л ╨▓ ╨╛╨┤╨╜╨╛ ╨╕ ╤В╨╛ ╨╢╨╡ ╤А╨░╤Б╨┐╨╛╨╗╨╛╨╢╨╡╨╜╨╕╨╡. ╨н╤В╨╛ ╨╝╨╛╨╢╨╡╤В ╤Б╤В╨░╤В╤М ╨┐╤А╨╕╤З╨╕╨╜╨╛╨╣ ╨╜╨╡╨▓╨╡╤А╨╜╨╛╨│╨╛ ╤А╨╡╨╖╤Г╨╗╤М╤В╨░╤В╨░ ╤Б╨▒╨╛╤А╨║╨╕.  ╨Т╨║╨╗╤О╤З╨╡╨╜╨╜╤Л╨╡ ╤Д╨░╨╣╨╗╤Л тАФ C:\Users\KusokMedi\Documents\GitHub\BetterShowcase\build\_deps\bindings-src\bindings\2.2081\inline\GameObjectCopy.cpp, C:\Users\KusokMedi\Documents\GitHub\BetterShowcase\build\bindings\bindings\Geode\source\GameObjectCopy.cpp. [C:\Users\KusokMedi\Documents\GitHub\BetterShowcase\build\bindings\GeodeBindings.vcxproj]
C:\Program Files (x86)\Microsoft Visual Studio\2022\BuildTools\MSBuild\Microsoft\VC\v170\Microsoft.CppBuild.targets(1129,5): warning MSB8027: ╨┤╨▓╨░ ╨╕╨╗╨╕ ╨▒╨╛╨╗╨╡╨╡ ╤Д╨░╨╣╨╗╨╛╨▓ ╤Б ╨╕╨╝╨╡╨╜╨╡╨╝ GameObjectEditorState.cpp ╨▓╤Л╨▓╨╛╨┤╤П╤В ╤А╨╡╨╖╤Г╨╗╤М╤В╨░╤В╤Л ╨▓ ╨╛╨┤╨╜╨╛ ╨╕ ╤В╨╛ ╨╢╨╡ ╤А╨░╤Б╨┐╨╛╨╗╨╛╨╢╨╡╨╜╨╕╨╡. ╨н╤В╨╛ ╨╝╨╛╨╢╨╡╤В ╤Б╤В╨░╤В╤М ╨┐╤А╨╕╤З╨╕╨╜╨╛╨╣ ╨╜╨╡╨▓╨╡╤А╨╜╨╛╨│╨╛ ╤А╨╡╨╖╤Г╨╗╤М╤В╨░╤В╨░ ╤Б╨▒╨╛╤А╨║╨╕.  ╨Т╨║╨╗╤О╤З╨╡╨╜╨╜╤Л╨╡ ╤Д╨░╨╣╨╗╤Л тАФ C:\Users\KusokMedi\Documents\GitHub\BetterShowcase\build\_deps\bindings-src\bindings\2.2081\inline\GameObjectEditorState.cpp, C:\Users\KusokMedi\Documents\GitHub\BetterShowcase\build\bindings\bindings\Geode\source\GameObjectEditorState.cpp. [C:\Users\KusokMedi\Documents\GitHub\BetterShowcase\build\bindings\GeodeBindings.vcxproj]
C:\Program Files (x86)\Microsoft Visual Studio\2022\BuildTools\MSBuild\Microsoft\VC\v170\Microsoft.CppBuild.targets(1129,5): warning MSB8027: ╨┤╨▓╨░ ╨╕╨╗╨╕ ╨▒╨╛╨╗╨╡╨╡ ╤Д╨░╨╣╨╗╨╛╨▓ ╤Б ╨╕╨╝╨╡╨╜╨╡╨╝ GameObjectPhysics.cpp ╨▓╤Л╨▓╨╛╨┤╤П╤В ╤А╨╡╨╖╤Г╨╗╤М╤В╨░╤В╤Л ╨▓ ╨╛╨┤╨╜╨╛ ╨╕ ╤В╨╛ ╨╢╨╡ ╤А╨░╤Б╨┐╨╛╨╗╨╛╨╢╨╡╨╜╨╕╨╡. ╨н╤В╨╛ ╨╝╨╛╨╢╨╡╤В ╤Б╤В╨░╤В╤М ╨┐╤А╨╕╤З╨╕╨╜╨╛╨╣ ╨╜╨╡╨▓╨╡╤А╨╜╨╛╨│╨╛ ╤А╨╡╨╖╤Г╨╗╤М╤В╨░╤В╨░ ╤Б╨▒╨╛╤А╨║╨╕.  ╨Т╨║╨╗╤О╤З╨╡╨╜╨╜╤Л╨╡ ╤Д╨░╨╣╨╗╤Л тАФ C:\Users\KusokMedi\Documents\GitHub\BetterShowcase\build\_deps\bindings-src\bindings\2.2081\inline\GameObjectPhysics.cpp, C:\Users\KusokMedi\Documents\GitHub\BetterShowcase\build\bindings\bindings\Geode\source\GameObjectPhysics.cpp. [C:\Users\KusokMedi\Documents\GitHub\BetterShowcase\build\bindings\GeodeBindings.vcxproj]
C:\Program Files (x86)\Microsoft Visual Studio\2022\BuildTools\MSBuild\Microsoft\VC\v170\Microsoft.CppBuild.targets(1129,5): warning MSB8027: ╨┤╨▓╨░ ╨╕╨╗╨╕ ╨▒╨╛╨╗╨╡╨╡ ╤Д╨░╨╣╨╗╨╛╨▓ ╤Б ╨╕╨╝╨╡╨╜╨╡╨╝ GameOptionsLayer.cpp ╨▓╤Л╨▓╨╛╨┤╤П╤В ╤А╨╡╨╖╤Г╨╗╤М╤В╨░╤В╤Л ╨▓ ╨╛╨┤╨╜╨╛ ╨╕ ╤В╨╛ ╨╢╨╡ ╤А╨░╤Б╨┐╨╛╨╗╨╛╨╢╨╡╨╜╨╕╨╡. ╨н╤В╨╛ ╨╝╨╛╨╢╨╡╤В ╤Б╤В╨░╤В╤М ╨┐╤А╨╕╤З╨╕╨╜╨╛╨╣ ╨╜╨╡╨▓╨╡╤А╨╜╨╛╨│╨╛ ╤А╨╡╨╖╤Г╨╗╤М╤В╨░╤В╨░ ╤Б╨▒╨╛╤А╨║╨╕.  ╨Т╨║╨╗╤О╤З╨╡╨╜╨╜╤Л╨╡ ╤Д╨░╨╣╨╗╤Л тАФ C:\Users\KusokMedi\Documents\GitHub\BetterShowcase\build\_deps\bindings-src\bindings\2.2081\inline\GameOptionsLayer.cpp, C:\Users\KusokMedi\Documents\GitHub\BetterShowcase\build\bindings\bindings\Geode\source\GameOptionsLayer.cpp. [C:\Users\KusokMedi\Documents\GitHub\BetterShowcase\build\bindings\GeodeBindings.vcxproj]
C:\Program Files (x86)\Microsoft Visual Studio\2022\BuildTools\MSBuild\Microsoft\VC\v170\Microsoft.CppBuild.targets(1129,5): warning MSB8027: ╨┤╨▓╨░ ╨╕╨╗╨╕ ╨▒╨╛╨╗╨╡╨╡ ╤Д╨░╨╣╨╗╨╛╨▓ ╤Б ╨╕╨╝╨╡╨╜╨╡╨╝ GameOptionsTrigger.cpp ╨▓╤Л╨▓╨╛╨┤╤П╤В ╤А╨╡╨╖╤Г╨╗╤М╤В╨░╤В╤Л ╨▓ ╨╛╨┤╨╜╨╛ ╨╕ ╤В╨╛ ╨╢╨╡ ╤А╨░╤Б╨┐╨╛╨╗╨╛╨╢╨╡╨╜╨╕╨╡. ╨н╤В╨╛ ╨╝╨╛╨╢╨╡╤В ╤Б╤В╨░╤В╤М ╨┐╤А╨╕╤З╨╕╨╜╨╛╨╣ ╨╜╨╡╨▓╨╡╤А╨╜╨╛╨│╨╛ ╤А╨╡╨╖╤Г╨╗╤М╤В╨░╤В╨░ ╤Б╨▒╨╛╤А╨║╨╕.  ╨Т╨║╨╗╤О╤З╨╡╨╜╨╜╤Л╨╡ ╤Д╨░╨╣╨╗╤Л тАФ C:\Users\KusokMedi\Documents\GitHub\BetterShowcase\build\_deps\bindings-src\bindings\2.2081\inline\GameOptionsTrigger.cpp, C:\Users\KusokMedi\Documents\GitHub\BetterShowcase\build\bindings\bindings\Geode\source\GameOptionsTrigger.cpp. [C:\Users\KusokMedi\Documents\GitHub\BetterShowcase\build\bindings\GeodeBindings.vcxproj]
C:\Program Files (x86)\Microsoft Visual Studio\2022\BuildTools\MSBuild\Microsoft\VC\v170\Microsoft.CppBuild.targets(1129,5): warning MSB8027: ╨┤╨▓╨░ ╨╕╨╗╨╕ ╨▒╨╛╨╗╨╡╨╡ ╤Д╨░╨╣╨╗╨╛╨▓ ╤Б ╨╕╨╝╨╡╨╜╨╡╨╝ GameRateDelegate.cpp ╨▓╤Л╨▓╨╛╨┤╤П╤В ╤А╨╡╨╖╤Г╨╗╤М╤В╨░╤В╤Л ╨▓ ╨╛╨┤╨╜╨╛ ╨╕ ╤В╨╛ ╨╢╨╡ ╤А╨░╤Б╨┐╨╛╨╗╨╛╨╢╨╡╨╜╨╕╨╡. ╨н╤В╨╛ ╨╝╨╛╨╢╨╡╤В ╤Б╤В╨░╤В╤М ╨┐╤А╨╕╤З╨╕╨╜╨╛╨╣ ╨╜╨╡╨▓╨╡╤А╨╜╨╛╨│╨╛ ╤А╨╡╨╖╤Г╨╗╤М╤В╨░╤В╨░ ╤Б╨▒╨╛╤А╨║╨╕.  ╨Т╨║╨╗╤О╤З╨╡╨╜╨╜╤Л╨╡ ╤Д╨░╨╣╨╗╤Л тАФ C:\Users\KusokMedi\Documents\GitHub\BetterShowcase\build\_deps\bindings-src\bindings\2.2081\inline\GameRateDelegate.cpp, C:\Users\KusokMedi\Documents\GitHub\BetterShowcase\build\bindings\bindings\Geode\source\GameRateDelegate.cpp. [C:\Users\KusokMedi\Documents\GitHub\BetterShowcase\build\bindings\GeodeBindings.vcxproj]
C:\Program Files (x86)\Microsoft Visual Studio\2022\BuildTools\MSBuild\Microsoft\VC\v170\Microsoft.CppBuild.targets(1129,5): warning MSB8027: ╨┤╨▓╨░ ╨╕╨╗╨╕ ╨▒╨╛╨╗╨╡╨╡ ╤Д╨░╨╣╨╗╨╛╨▓ ╤Б ╨╕╨╝╨╡╨╜╨╡╨╝ GameStatsManager.cpp ╨▓╤Л╨▓╨╛╨┤╤П╤В ╤А╨╡╨╖╤Г╨╗╤М╤В╨░╤В╤Л ╨▓ ╨╛╨┤╨╜╨╛ ╨╕ ╤В╨╛ ╨╢╨╡ ╤А╨░╤Б╨┐╨╛╨╗╨╛╨╢╨╡╨╜╨╕╨╡. ╨н╤В╨╛ ╨╝╨╛╨╢╨╡╤В ╤Б╤В╨░╤В╤М ╨┐╤А╨╕╤З╨╕╨╜╨╛╨╣ ╨╜╨╡╨▓╨╡╤А╨╜╨╛╨│╨╛ ╤А╨╡╨╖╤Г╨╗╤М╤В╨░╤В╨░ ╤Б╨▒╨╛╤А╨║╨╕.  ╨Т╨║╨╗╤О╤З╨╡╨╜╨╜╤Л╨╡ ╤Д╨░╨╣╨╗╤Л тАФ C:\Users\KusokMedi\Documents\GitHub\BetterShowcase\build\_deps\bindings-src\bindings\2.2081\inline\GameStatsManager.cpp, C:\Users\KusokMedi\Documents\GitHub\BetterShowcase\build\bindings\bindings\Geode\source\GameStatsManager.cpp. [C:\Users\KusokMedi\Documents\GitHub\BetterShowcase\build\bindings\GeodeBindings.vcxproj]
C:\Program Files (x86)\Microsoft Visual Studio\2022\BuildTools\MSBuild\Microsoft\VC\v170\Microsoft.CppBuild.targets(1129,5): warning MSB8027: ╨┤╨▓╨░ ╨╕╨╗╨╕ ╨▒╨╛╨╗╨╡╨╡ ╤Д╨░╨╣╨╗╨╛╨▓ ╤Б ╨╕╨╝╨╡╨╜╨╡╨╝ GameToolbox.cpp ╨▓╤Л╨▓╨╛╨┤╤П╤В ╤А╨╡╨╖╤Г╨╗╤М╤В╨░╤В╤Л ╨▓ ╨╛╨┤╨╜╨╛ ╨╕ ╤В╨╛ ╨╢╨╡ ╤А╨░╤Б╨┐╨╛╨╗╨╛╨╢╨╡╨╜╨╕╨╡. ╨н╤В╨╛ ╨╝╨╛╨╢╨╡╤В ╤Б╤В╨░╤В╤М ╨┐╤А╨╕╤З╨╕╨╜╨╛╨╣ ╨╜╨╡╨▓╨╡╤А╨╜╨╛╨│╨╛ ╤А╨╡╨╖╤Г╨╗╤М╤В╨░╤В╨░ ╤Б╨▒╨╛╤А╨║╨╕.  ╨Т╨║╨╗╤О╤З╨╡╨╜╨╜╤Л╨╡ ╤Д╨░╨╣╨╗╤Л тАФ C:\Users\KusokMedi\Documents\GitHub\BetterShowcase\build\_deps\bindings-src\bindings\2.2081\inline\GameToolbox.cpp, C:\Users\KusokMedi\Documents\GitHub\BetterShowcase\build\bindings\bindings\Geode\source\GameToolbox.cpp. [C:\Users\KusokMedi\Documents\GitHub\BetterShowcase\build\bindings\GeodeBindings.vcxproj]
C:\Program Files (x86)\Microsoft Visual Studio\2022\BuildTools\MSBuild\Microsoft\VC\v170\Microsoft.CppBuild.targets(1129,5): warning MSB8027: ╨┤╨▓╨░ ╨╕╨╗╨╕ ╨▒╨╛╨╗╨╡╨╡ ╤Д╨░╨╣╨╗╨╛╨▓ ╤Б ╨╕╨╝╨╡╨╜╨╡╨╝ GauntletLayer.cpp ╨▓╤Л╨▓╨╛╨┤╤П╤В ╤А╨╡╨╖╤Г╨╗╤М╤В╨░╤В╤Л ╨▓ ╨╛╨┤╨╜╨╛ ╨╕ ╤В╨╛ ╨╢╨╡ ╤А╨░╤Б╨┐╨╛╨╗╨╛╨╢╨╡╨╜╨╕╨╡. ╨н╤В╨╛ ╨╝╨╛╨╢╨╡╤В ╤Б╤В╨░╤В╤М ╨┐╤А╨╕╤З╨╕╨╜╨╛╨╣ ╨╜╨╡╨▓╨╡╤А╨╜╨╛╨│╨╛ ╤А╨╡╨╖╤Г╨╗╤М╤В╨░╤В╨░ ╤Б╨▒╨╛╤А╨║╨╕.  ╨Т╨║╨╗╤О╤З╨╡╨╜╨╜╤Л╨╡ ╤Д╨░╨╣╨╗╤Л тАФ C:\Users\KusokMedi\Documents\GitHub\BetterShowcase\build\_deps\bindings-src\bindings\2.2081\inline\GauntletLayer.cpp, C:\Users\KusokMedi\Documents\GitHub\BetterShowcase\build\bindings\bindings\Geode\source\GauntletLayer.cpp. [C:\Users\KusokMedi\Documents\GitHub\BetterShowcase\build\bindings\GeodeBindings.vcxproj]
C:\Program Files (x86)\Microsoft Visual Studio\2022\BuildTools\MSBuild\Microsoft\VC\v170\Microsoft.CppBuild.targets(1129,5): warning MSB8027: ╨┤╨▓╨░ ╨╕╨╗╨╕ ╨▒╨╛╨╗╨╡╨╡ ╤Д╨░╨╣╨╗╨╛╨▓ ╤Б ╨╕╨╝╨╡╨╜╨╡╨╝ GauntletNode.cpp ╨▓╤Л╨▓╨╛╨┤╤П╤В ╤А╨╡╨╖╤Г╨╗╤М╤В╨░╤В╤Л ╨▓ ╨╛╨┤╨╜╨╛ ╨╕ ╤В╨╛ ╨╢╨╡ ╤А╨░╤Б╨┐╨╛╨╗╨╛╨╢╨╡╨╜╨╕╨╡. ╨н╤В╨╛ ╨╝╨╛╨╢╨╡╤В ╤Б╤В╨░╤В╤М ╨┐╤А╨╕╤З╨╕╨╜╨╛╨╣ ╨╜╨╡╨▓╨╡╤А╨╜╨╛╨│╨╛ ╤А╨╡╨╖╤Г╨╗╤М╤В╨░╤В╨░ ╤Б╨▒╨╛╤А╨║╨╕.  ╨Т╨║╨╗╤О╤З╨╡╨╜╨╜╤Л╨╡ ╤Д╨░╨╣╨╗╤Л тАФ C:\Users\KusokMedi\Documents\GitHub\BetterShowcase\build\_deps\bindings-src\bindings\2.2081\inline\GauntletNode.cpp, C:\Users\KusokMedi\Documents\GitHub\BetterShowcase\build\bindings\bindings\Geode\source\GauntletNode.cpp. [C:\Users\KusokMedi\Documents\GitHub\BetterShowcase\build\bindings\GeodeBindings.vcxproj]
C:\Program Files (x86)\Microsoft Visual Studio\2022\BuildTools\MSBuild\Microsoft\VC\v170\Microsoft.CppBuild.targets(1129,5): warning MSB8027: ╨┤╨▓╨░ ╨╕╨╗╨╕ ╨▒╨╛╨╗╨╡╨╡ ╤Д╨░╨╣╨╗╨╛╨▓ ╤Б ╨╕╨╝╨╡╨╜╨╡╨╝ GauntletSelectLayer.cpp ╨▓╤Л╨▓╨╛╨┤╤П╤В ╤А╨╡╨╖╤Г╨╗╤М╤В╨░╤В╤Л ╨▓ ╨╛╨┤╨╜╨╛ ╨╕ ╤В╨╛ ╨╢╨╡ ╤А╨░╤Б╨┐╨╛╨╗╨╛╨╢╨╡╨╜╨╕╨╡. ╨н╤В╨╛ ╨╝╨╛╨╢╨╡╤В ╤Б╤В╨░╤В╤М ╨┐╤А╨╕╤З╨╕╨╜╨╛╨╣ ╨╜╨╡╨▓╨╡╤А╨╜╨╛╨│╨╛ ╤А╨╡╨╖╤Г╨╗╤М╤В╨░╤В╨░ ╤Б╨▒╨╛╤А╨║╨╕.  ╨Т╨║╨╗╤О╤З╨╡╨╜╨╜╤Л╨╡ ╤Д╨░╨╣╨╗╤Л тАФ C:\Users\KusokMedi\Documents\GitHub\BetterShowcase\build\_deps\bindings-src\bindings\2.2081\inline\GauntletSelectLayer.cpp, C:\Users\KusokMedi\Documents\GitHub\BetterShowcase\build\bindings\bindings\Geode\source\GauntletSelectLayer.cpp. [C:\Users\KusokMedi\Documents\GitHub\BetterShowcase\build\bindings\GeodeBindings.vcxproj]
C:\Program Files (x86)\Microsoft Visual Studio\2022\BuildTools\MSBuild\Microsoft\VC\v170\Microsoft.CppBuild.targets(1129,5): warning MSB8027: ╨┤╨▓╨░ ╨╕╨╗╨╕ ╨▒╨╛╨╗╨╡╨╡ ╤Д╨░╨╣╨╗╨╛╨▓ ╤Б ╨╕╨╝╨╡╨╜╨╡╨╝ GauntletSprite.cpp ╨▓╤Л╨▓╨╛╨┤╤П╤В ╤А╨╡╨╖╤Г╨╗╤М╤В╨░╤В╤Л ╨▓ ╨╛╨┤╨╜╨╛ ╨╕ ╤В╨╛ ╨╢╨╡ ╤А╨░╤Б╨┐╨╛╨╗╨╛╨╢╨╡╨╜╨╕╨╡. ╨н╤В╨╛ ╨╝╨╛╨╢╨╡╤В ╤Б╤В╨░╤В╤М ╨┐╤А╨╕╤З╨╕╨╜╨╛╨╣ ╨╜╨╡╨▓╨╡╤А╨╜╨╛╨│╨╛ ╤А╨╡╨╖╤Г╨╗╤М╤В╨░╤В╨░ ╤Б╨▒╨╛╤А╨║╨╕.  ╨Т╨║╨╗╤О╤З╨╡╨╜╨╜╤Л╨╡ ╤Д╨░╨╣╨╗╤Л тАФ C:\Users\KusokMedi\Documents\GitHub\BetterShowcase\build\_deps\bindings-src\bindings\2.2081\inline\GauntletSprite.cpp, C:\Users\KusokMedi\Documents\GitHub\BetterShowcase\build\bindings\bindings\Geode\source\GauntletSprite.cpp. [C:\Users\KusokMedi\Documents\GitHub\BetterShowcase\build\bindings\GeodeBindings.vcxproj]
C:\Program Files (x86)\Microsoft Visual Studio\2022\BuildTools\MSBuild\Microsoft\VC\v170\Microsoft.CppBuild.targets(1129,5): warning MSB8027: ╨┤╨▓╨░ ╨╕╨╗╨╕ ╨▒╨╛╨╗╨╡╨╡ ╤Д╨░╨╣╨╗╨╛╨▓ ╤Б ╨╕╨╝╨╡╨╜╨╡╨╝ Geometry.cpp ╨▓╤Л╨▓╨╛╨┤╤П╤В ╤А╨╡╨╖╤Г╨╗╤М╤В╨░╤В╤Л ╨▓ ╨╛╨┤╨╜╨╛ ╨╕ ╤В╨╛ ╨╢╨╡ ╤А╨░╤Б╨┐╨╛╨╗╨╛╨╢╨╡╨╜╨╕╨╡. ╨н╤В╨╛ ╨╝╨╛╨╢╨╡╤В ╤Б╤В╨░╤В╤М ╨┐╤А╨╕╤З╨╕╨╜╨╛╨╣ ╨╜╨╡╨▓╨╡╤А╨╜╨╛╨│╨╛ ╤А╨╡╨╖╤Г╨╗╤М╤В╨░╤В╨░ ╤Б╨▒╨╛╤А╨║╨╕.  ╨Т╨║╨╗╤О╤З╨╡╨╜╨╜╤Л╨╡ ╤Д╨░╨╣╨╗╤Л тАФ C:\Users\KusokMedi\Documents\GitHub\BetterShowcase\build\_deps\bindings-src\bindings\2.2081\inline\Geometry.cpp, C:\Users\KusokMedi\Documents\GitHub\BetterShowcase\build\bindings\bindings\Geode\source\Geometry.cpp. [C:\Users\KusokMedi\Documents\GitHub\BetterShowcase\build\bindings\GeodeBindings.vcxproj]
C:\Program Files (x86)\Microsoft Visual Studio\2022\BuildTools\MSBuild\Microsoft\VC\v170\Microsoft.CppBuild.targets(1129,5): warning MSB8027: ╨┤╨▓╨░ ╨╕╨╗╨╕ ╨▒╨╛╨╗╨╡╨╡ ╤Д╨░╨╣╨╗╨╛╨▓ ╤Б ╨╕╨╝╨╡╨╜╨╡╨╝ GhostTrailEffect.cpp ╨▓╤Л╨▓╨╛╨┤╤П╤В ╤А╨╡╨╖╤Г╨╗╤М╤В╨░╤В╤Л ╨▓ ╨╛╨┤╨╜╨╛ ╨╕ ╤В╨╛ ╨╢╨╡ ╤А╨░╤Б╨┐╨╛╨╗╨╛╨╢╨╡╨╜╨╕╨╡. ╨н╤В╨╛ ╨╝╨╛╨╢╨╡╤В ╤Б╤В╨░╤В╤М ╨┐╤А╨╕╤З╨╕╨╜╨╛╨╣ ╨╜╨╡╨▓╨╡╤А╨╜╨╛╨│╨╛ ╤А╨╡╨╖╤Г╨╗╤М╤В╨░╤В╨░ ╤Б╨▒╨╛╤А╨║╨╕.  ╨Т╨║╨╗╤О╤З╨╡╨╜╨╜╤Л╨╡ ╤Д╨░╨╣╨╗╤Л тАФ C:\Users\KusokMedi\Documents\GitHub\BetterShowcase\build\_deps\bindings-src\bindings\2.2081\inline\GhostTrailEffect.cpp, C:\Users\KusokMedi\Documents\GitHub\BetterShowcase\build\bindings\bindings\Geode\source\GhostTrailEffect.cpp. [C:\Users\KusokMedi\Documents\GitHub\BetterShowcase\build\bindings\GeodeBindings.vcxproj]
C:\Program Files (x86)\Microsoft Visual Studio\2022\BuildTools\MSBuild\Microsoft\VC\v170\Microsoft.CppBuild.targets(1129,5): warning MSB8027: ╨┤╨▓╨░ ╨╕╨╗╨╕ ╨▒╨╛╨╗╨╡╨╡ ╤Д╨░╨╣╨╗╨╛╨▓ ╤Б ╨╕╨╝╨╡╨╜╨╡╨╝ GooglePlayDelegate.cpp ╨▓╤Л╨▓╨╛╨┤╤П╤В ╤А╨╡╨╖╤Г╨╗╤М╤В╨░╤В╤Л ╨▓ ╨╛╨┤╨╜╨╛ ╨╕ ╤В╨╛ ╨╢╨╡ ╤А╨░╤Б╨┐╨╛╨╗╨╛╨╢╨╡╨╜╨╕╨╡. ╨н╤В╨╛ ╨╝╨╛╨╢╨╡╤В ╤Б╤В╨░╤В╤М ╨┐╤А╨╕╤З╨╕╨╜╨╛╨╣ ╨╜╨╡╨▓╨╡╤А╨╜╨╛╨│╨╛ ╤А╨╡╨╖╤Г╨╗╤М╤В╨░╤В╨░ ╤Б╨▒╨╛╤А╨║╨╕.  ╨Т╨║╨╗╤О╤З╨╡╨╜╨╜╤Л╨╡ ╤Д╨░╨╣╨╗╤Л тАФ C:\Users\KusokMedi\Documents\GitHub\BetterShowcase\build\_deps\bindings-src\bindings\2.2081\inline\GooglePlayDelegate.cpp, C:\Users\KusokMedi\Documents\GitHub\BetterShowcase\build\bindings\bindings\Geode\source\GooglePlayDelegate.cpp. [C:\Users\KusokMedi\Documents\GitHub\BetterShowcase\build\bindings\GeodeBindings.vcxproj]
C:\Program Files (x86)\Microsoft Visual Studio\2022\BuildTools\MSBuild\Microsoft\VC\v170\Microsoft.CppBuild.targets(1129,5): warning MSB8027: ╨┤╨▓╨░ ╨╕╨╗╨╕ ╨▒╨╛╨╗╨╡╨╡ ╤Д╨░╨╣╨╗╨╛╨▓ ╤Б ╨╕╨╝╨╡╨╜╨╡╨╝ GooglePlayManager.cpp ╨▓╤Л╨▓╨╛╨┤╤П╤В ╤А╨╡╨╖╤Г╨╗╤М╤В╨░╤В╤Л ╨▓ ╨╛╨┤╨╜╨╛ ╨╕ ╤В╨╛ ╨╢╨╡ ╤А╨░╤Б╨┐╨╛╨╗╨╛╨╢╨╡╨╜╨╕╨╡. ╨н╤В╨╛ ╨╝╨╛╨╢╨╡╤В ╤Б╤В╨░╤В╤М ╨┐╤А╨╕╤З╨╕╨╜╨╛╨╣ ╨╜╨╡╨▓╨╡╤А╨╜╨╛╨│╨╛ ╤А╨╡╨╖╤Г╨╗╤М╤В╨░╤В╨░ ╤Б╨▒╨╛╤А╨║╨╕.  ╨Т╨║╨╗╤О╤З╨╡╨╜╨╜╤Л╨╡ ╤Д╨░╨╣╨╗╤Л тАФ C:\Users\KusokMedi\Documents\GitHub\BetterShowcase\build\_deps\bindings-src\bindings\2.2081\inline\GooglePlayManager.cpp, C:\Users\KusokMedi\Documents\GitHub\BetterShowcase\build\bindings\bindings\Geode\source\GooglePlayManager.cpp. [C:\Users\KusokMedi\Documents\GitHub\BetterShowcase\build\bindings\GeodeBindings.vcxproj]
C:\Program Files (x86)\Microsoft Visual Studio\2022\BuildTools\MSBuild\Microsoft\VC\v170\Microsoft.CppBuild.targets(1129,5): warning MSB8027: ╨┤╨▓╨░ ╨╕╨╗╨╕ ╨▒╨╛╨╗╨╡╨╡ ╤Д╨░╨╣╨╗╨╛╨▓ ╤Б ╨╕╨╝╨╡╨╜╨╡╨╝ GradientTriggerObject.cpp ╨▓╤Л╨▓╨╛╨┤╤П╤В ╤А╨╡╨╖╤Г╨╗╤М╤В╨░╤В╤Л ╨▓ ╨╛╨┤╨╜╨╛ ╨╕ ╤В╨╛ ╨╢╨╡ ╤А╨░╤Б╨┐╨╛╨╗╨╛╨╢╨╡╨╜╨╕╨╡. ╨н╤В╨╛ ╨╝╨╛╨╢╨╡╤В ╤Б╤В╨░╤В╤М ╨┐╤А╨╕╤З╨╕╨╜╨╛╨╣ ╨╜╨╡╨▓╨╡╤А╨╜╨╛╨│╨╛ ╤А╨╡╨╖╤Г╨╗╤М╤В╨░╤В╨░ ╤Б╨▒╨╛╤А╨║╨╕.  ╨Т╨║╨╗╤О╤З╨╡╨╜╨╜╤Л╨╡ ╤Д╨░╨╣╨╗╤Л тАФ C:\Users\KusokMedi\Documents\GitHub\BetterShowcase\build\_deps\bindings-src\bindings\2.2081\inline\GradientTriggerObject.cpp, C:\Users\KusokMedi\Documents\GitHub\BetterShowcase\build\bindings\bindings\Geode\source\GradientTriggerObject.cpp. [C:\Users\KusokMedi\Documents\GitHub\BetterShowcase\build\bindings\GeodeBindings.vcxproj]
C:\Program Files (x86)\Microsoft Visual Studio\2022\BuildTools\MSBuild\Microsoft\VC\v170\Microsoft.CppBuild.targets(1129,5): warning MSB8027: ╨┤╨▓╨░ ╨╕╨╗╨╕ ╨▒╨╛╨╗╨╡╨╡ ╤Д╨░╨╣╨╗╨╛╨▓ ╤Б ╨╕╨╝╨╡╨╜╨╡╨╝ GraphicsReloadLayer.cpp ╨▓╤Л╨▓╨╛╨┤╤П╤В ╤А╨╡╨╖╤Г╨╗╤М╤В╨░╤В╤Л ╨▓ ╨╛╨┤╨╜╨╛ ╨╕ ╤В╨╛ ╨╢╨╡ ╤А╨░╤Б╨┐╨╛╨╗╨╛╨╢╨╡╨╜╨╕╨╡. ╨н╤В╨╛ ╨╝╨╛╨╢╨╡╤В ╤Б╤В╨░╤В╤М ╨┐╤А╨╕╤З╨╕╨╜╨╛╨╣ ╨╜╨╡╨▓╨╡╤А╨╜╨╛╨│╨╛ ╤А╨╡╨╖╤Г╨╗╤М╤В╨░╤В╨░ ╤Б╨▒╨╛╤А╨║╨╕.  ╨Т╨║╨╗╤О╤З╨╡╨╜╨╜╤Л╨╡ ╤Д╨░╨╣╨╗╤Л тАФ C:\Users\KusokMedi\Documents\GitHub\BetterShowcase\build\_deps\bindings-src\bindings\2.2081\inline\GraphicsReloadLayer.cpp, C:\Users\KusokMedi\Documents\GitHub\BetterShowcase\build\bindings\bindings\Geode\source\GraphicsReloadLayer.cpp. [C:\Users\KusokMedi\Documents\GitHub\BetterShowcase\build\bindings\GeodeBindings.vcxproj]
C:\Program Files (x86)\Microsoft Visual Studio\2022\BuildTools\MSBuild\Microsoft\VC\v170\Microsoft.CppBuild.targets(1129,5): warning MSB8027: ╨┤╨▓╨░ ╨╕╨╗╨╕ ╨▒╨╛╨╗╨╡╨╡ ╤Д╨░╨╣╨╗╨╛╨▓ ╤Б ╨╕╨╝╨╡╨╜╨╡╨╝ GravityEffectSprite.cpp ╨▓╤Л╨▓╨╛╨┤╤П╤В ╤А╨╡╨╖╤Г╨╗╤М╤В╨░╤В╤Л ╨▓ ╨╛╨┤╨╜╨╛ ╨╕ ╤В╨╛ ╨╢╨╡ ╤А╨░╤Б╨┐╨╛╨╗╨╛╨╢╨╡╨╜╨╕╨╡. ╨н╤В╨╛ ╨╝╨╛╨╢╨╡╤В ╤Б╤В╨░╤В╤М ╨┐╤А╨╕╤З╨╕╨╜╨╛╨╣ ╨╜╨╡╨▓╨╡╤А╨╜╨╛╨│╨╛ ╤А╨╡╨╖╤Г╨╗╤М╤В╨░╤В╨░ ╤Б╨▒╨╛╤А╨║╨╕.  ╨Т╨║╨╗╤О╤З╨╡╨╜╨╜╤Л╨╡ ╤Д╨░╨╣╨╗╤Л тАФ C:\Users\KusokMedi\Documents\GitHub\BetterShowcase\build\_deps\bindings-src\bindings\2.2081\inline\GravityEffectSprite.cpp, C:\Users\KusokMedi\Documents\GitHub\BetterShowcase\build\bindings\bindings\Geode\source\GravityEffectSprite.cpp. [C:\Users\KusokMedi\Documents\GitHub\BetterShowcase\build\bindings\GeodeBindings.vcxproj]
C:\Program Files (x86)\Microsoft Visual Studio\2022\BuildTools\MSBuild\Microsoft\VC\v170\Microsoft.CppBuild.targets(1129,5): warning MSB8027: ╨┤╨▓╨░ ╨╕╨╗╨╕ ╨▒╨╛╨╗╨╡╨╡ ╤Д╨░╨╣╨╗╨╛╨▓ ╤Б ╨╕╨╝╨╡╨╜╨╡╨╝ GroupCommandObject2.cpp ╨▓╤Л╨▓╨╛╨┤╤П╤В ╤А╨╡╨╖╤Г╨╗╤М╤В╨░╤В╤Л ╨▓ ╨╛╨┤╨╜╨╛ ╨╕ ╤В╨╛ ╨╢╨╡ ╤А╨░╤Б╨┐╨╛╨╗╨╛╨╢╨╡╨╜╨╕╨╡. ╨н╤В╨╛ ╨╝╨╛╨╢╨╡╤В ╤Б╤В╨░╤В╤М ╨┐╤А╨╕╤З╨╕╨╜╨╛╨╣ ╨╜╨╡╨▓╨╡╤А╨╜╨╛╨│╨╛ ╤А╨╡╨╖╤Г╨╗╤М╤В╨░╤В╨░ ╤Б╨▒╨╛╤А╨║╨╕.  ╨Т╨║╨╗╤О╤З╨╡╨╜╨╜╤Л╨╡ ╤Д╨░╨╣╨╗╤Л тАФ C:\Users\KusokMedi\Documents\GitHub\BetterShowcase\build\_deps\bindings-src\bindings\2.2081\inline\GroupCommandObject2.cpp, C:\Users\KusokMedi\Documents\GitHub\BetterShowcase\build\bindings\bindings\Geode\source\GroupCommandObject2.cpp. [C:\Users\KusokMedi\Documents\GitHub\BetterShowcase\build\bindings\GeodeBindings.vcxproj]
C:\Program Files (x86)\Microsoft Visual Studio\2022\BuildTools\MSBuild\Microsoft\VC\v170\Microsoft.CppBuild.targets(1129,5): warning MSB8027: ╨┤╨▓╨░ ╨╕╨╗╨╕ ╨▒╨╛╨╗╨╡╨╡ ╤Д╨░╨╣╨╗╨╛╨▓ ╤Б ╨╕╨╝╨╡╨╜╨╡╨╝ HSVLiveOverlay.cpp ╨▓╤Л╨▓╨╛╨┤╤П╤В ╤А╨╡╨╖╤Г╨╗╤М╤В╨░╤В╤Л ╨▓ ╨╛╨┤╨╜╨╛ ╨╕ ╤В╨╛ ╨╢╨╡ ╤А╨░╤Б╨┐╨╛╨╗╨╛╨╢╨╡╨╜╨╕╨╡. ╨н╤В╨╛ ╨╝╨╛╨╢╨╡╤В ╤Б╤В╨░╤В╤М ╨┐╤А╨╕╤З╨╕╨╜╨╛╨╣ ╨╜╨╡╨▓╨╡╤А╨╜╨╛╨│╨╛ ╤А╨╡╨╖╤Г╨╗╤М╤В╨░╤В╨░ ╤Б╨▒╨╛╤А╨║╨╕.  ╨Т╨║╨╗╤О╤З╨╡╨╜╨╜╤Л╨╡ ╤Д╨░╨╣╨╗╤Л тАФ C:\Users\KusokMedi\Documents\GitHub\BetterShowcase\build\_deps\bindings-src\bindings\2.2081\inline\HSVLiveOverlay.cpp, C:\Users\KusokMedi\Documents\GitHub\BetterShowcase\build\bindings\bindings\Geode\source\HSVLiveOverlay.cpp. [C:\Users\KusokMedi\Documents\GitHub\BetterShowcase\build\bindings\GeodeBindings.vcxproj]
C:\Program Files (x86)\Microsoft Visual Studio\2022\BuildTools\MSBuild\Microsoft\VC\v170\Microsoft.CppBuild.targets(1129,5): warning MSB8027: ╨┤╨▓╨░ ╨╕╨╗╨╕ ╨▒╨╛╨╗╨╡╨╡ ╤Д╨░╨╣╨╗╨╛╨▓ ╤Б ╨╕╨╝╨╡╨╜╨╡╨╝ HSVWidgetDelegate.cpp ╨▓╤Л╨▓╨╛╨┤╤П╤В ╤А╨╡╨╖╤Г╨╗╤М╤В╨░╤В╤Л ╨▓ ╨╛╨┤╨╜╨╛ ╨╕ ╤В╨╛ ╨╢╨╡ ╤А╨░╤Б╨┐╨╛╨╗╨╛╨╢╨╡╨╜╨╕╨╡. ╨н╤В╨╛ ╨╝╨╛╨╢╨╡╤В ╤Б╤В╨░╤В╤М ╨┐╤А╨╕╤З╨╕╨╜╨╛╨╣ ╨╜╨╡╨▓╨╡╤А╨╜╨╛╨│╨╛ ╤А╨╡╨╖╤Г╨╗╤М╤В╨░╤В╨░ ╤Б╨▒╨╛╤А╨║╨╕.  ╨Т╨║╨╗╤О╤З╨╡╨╜╨╜╤Л╨╡ ╤Д╨░╨╣╨╗╤Л тАФ C:\Users\KusokMedi\Documents\GitHub\BetterShowcase\build\_deps\bindings-src\bindings\2.2081\inline\HSVWidgetDelegate.cpp, C:\Users\KusokMedi\Documents\GitHub\BetterShowcase\build\bindings\bindings\Geode\source\HSVWidgetDelegate.cpp. [C:\Users\KusokMedi\Documents\GitHub\BetterShowcase\build\bindings\GeodeBindings.vcxproj]
C:\Program Files (x86)\Microsoft Visual Studio\2022\BuildTools\MSBuild\Microsoft\VC\v170\Microsoft.CppBuild.targets(1129,5): warning MSB8027: ╨┤╨▓╨░ ╨╕╨╗╨╕ ╨▒╨╛╨╗╨╡╨╡ ╤Д╨░╨╣╨╗╨╛╨▓ ╤Б ╨╕╨╝╨╡╨╜╨╡╨╝ HSVWidgetPopup.cpp ╨▓╤Л╨▓╨╛╨┤╤П╤В ╤А╨╡╨╖╤Г╨╗╤М╤В╨░╤В╤Л ╨▓ ╨╛╨┤╨╜╨╛ ╨╕ ╤В╨╛ ╨╢╨╡ ╤А╨░╤Б╨┐╨╛╨╗╨╛╨╢╨╡╨╜╨╕╨╡. ╨н╤В╨╛ ╨╝╨╛╨╢╨╡╤В ╤Б╤В╨░╤В╤М ╨┐╤А╨╕╤З╨╕╨╜╨╛╨╣ ╨╜╨╡╨▓╨╡╤А╨╜╨╛╨│╨╛ ╤А╨╡╨╖╤Г╨╗╤М╤В╨░╤В╨░ ╤Б╨▒╨╛╤А╨║╨╕.  ╨Т╨║╨╗╤О╤З╨╡╨╜╨╜╤Л╨╡ ╤Д╨░╨╣╨╗╤Л тАФ C:\Users\KusokMedi\Documents\GitHub\BetterShowcase\build\_deps\bindings-src\bindings\2.2081\inline\HSVWidgetPopup.cpp, C:\Users\KusokMedi\Documents\GitHub\BetterShowcase\build\bindings\bindings\Geode\source\HSVWidgetPopup.cpp. [C:\Users\KusokMedi\Documents\GitHub\BetterShowcase\build\bindings\GeodeBindings.vcxproj]
C:\Program Files (x86)\Microsoft Visual Studio\2022\BuildTools\MSBuild\Microsoft\VC\v170\Microsoft.CppBuild.targets(1129,5): warning MSB8027: ╨┤╨▓╨░ ╨╕╨╗╨╕ ╨▒╨╛╨╗╨╡╨╡ ╤Д╨░╨╣╨╗╨╛╨▓ ╤Б ╨╕╨╝╨╡╨╜╨╡╨╝ HardStreak.cpp ╨▓╤Л╨▓╨╛╨┤╤П╤В ╤А╨╡╨╖╤Г╨╗╤М╤В╨░╤В╤Л ╨▓ ╨╛╨┤╨╜╨╛ ╨╕ ╤В╨╛ ╨╢╨╡ ╤А╨░╤Б╨┐╨╛╨╗╨╛╨╢╨╡╨╜╨╕╨╡. ╨н╤В╨╛ ╨╝╨╛╨╢╨╡╤В ╤Б╤В╨░╤В╤М ╨┐╤А╨╕╤З╨╕╨╜╨╛╨╣ ╨╜╨╡╨▓╨╡╤А╨╜╨╛╨│╨╛ ╤А╨╡╨╖╤Г╨╗╤М╤В╨░╤В╨░ ╤Б╨▒╨╛╤А╨║╨╕.  ╨Т╨║╨╗╤О╤З╨╡╨╜╨╜╤Л╨╡ ╤Д╨░╨╣╨╗╤Л тАФ C:\Users\KusokMedi\Documents\GitHub\BetterShowcase\build\_deps\bindings-src\bindings\2.2081\inline\HardStreak.cpp, C:\Users\KusokMedi\Documents\GitHub\BetterShowcase\build\bindings\bindings\Geode\source\HardStreak.cpp. [C:\Users\KusokMedi\Documents\GitHub\BetterShowcase\build\bindings\GeodeBindings.vcxproj]
C:\Program Files (x86)\Microsoft Visual Studio\2022\BuildTools\MSBuild\Microsoft\VC\v170\Microsoft.CppBuild.targets(1129,5): warning MSB8027: ╨┤╨▓╨░ ╨╕╨╗╨╕ ╨▒╨╛╨╗╨╡╨╡ ╤Д╨░╨╣╨╗╨╛╨▓ ╤Б ╨╕╨╝╨╡╨╜╨╡╨╝ InfoAlertButton.cpp ╨▓╤Л╨▓╨╛╨┤╤П╤В ╤А╨╡╨╖╤Г╨╗╤М╤В╨░╤В╤Л ╨▓ ╨╛╨┤╨╜╨╛ ╨╕ ╤В╨╛ ╨╢╨╡ ╤А╨░╤Б╨┐╨╛╨╗╨╛╨╢╨╡╨╜╨╕╨╡. ╨н╤В╨╛ ╨╝╨╛╨╢╨╡╤В ╤Б╤В╨░╤В╤М ╨┐╤А╨╕╤З╨╕╨╜╨╛╨╣ ╨╜╨╡╨▓╨╡╤А╨╜╨╛╨│╨╛ ╤А╨╡╨╖╤Г╨╗╤М╤В╨░╤В╨░ ╤Б╨▒╨╛╤А╨║╨╕.  ╨Т╨║╨╗╤О╤З╨╡╨╜╨╜╤Л╨╡ ╤Д╨░╨╣╨╗╤Л тАФ C:\Users\KusokMedi\Documents\GitHub\BetterShowcase\build\_deps\bindings-src\bindings\2.2081\inline\InfoAlertButton.cpp, C:\Users\KusokMedi\Documents\GitHub\BetterShowcase\build\bindings\bindings\Geode\source\InfoAlertButton.cpp. [C:\Users\KusokMedi\Documents\GitHub\BetterShowcase\build\bindings\GeodeBindings.vcxproj]
C:\Program Files (x86)\Microsoft Visual Studio\2022\BuildTools\MSBuild\Microsoft\VC\v170\Microsoft.CppBuild.targets(1129,5): warning MSB8027: ╨┤╨▓╨░ ╨╕╨╗╨╕ ╨▒╨╛╨╗╨╡╨╡ ╤Д╨░╨╣╨╗╨╛╨▓ ╤Б ╨╕╨╝╨╡╨╜╨╡╨╝ InfoLayer.cpp ╨▓╤Л╨▓╨╛╨┤╤П╤В ╤А╨╡╨╖╤Г╨╗╤М╤В╨░╤В╤Л ╨▓ ╨╛╨┤╨╜╨╛ ╨╕ ╤В╨╛ ╨╢╨╡ ╤А╨░╤Б╨┐╨╛╨╗╨╛╨╢╨╡╨╜╨╕╨╡. ╨н╤В╨╛ ╨╝╨╛╨╢╨╡╤В ╤Б╤В╨░╤В╤М ╨┐╤А╨╕╤З╨╕╨╜╨╛╨╣ ╨╜╨╡╨▓╨╡╤А╨╜╨╛╨│╨╛ ╤А╨╡╨╖╤Г╨╗╤М╤В╨░╤В╨░ ╤Б╨▒╨╛╤А╨║╨╕.  ╨Т╨║╨╗╤О╤З╨╡╨╜╨╜╤Л╨╡ ╤Д╨░╨╣╨╗╤Л тАФ C:\Users\KusokMedi\Documents\GitHub\BetterShowcase\build\_deps\bindings-src\bindings\2.2081\inline\InfoLayer.cpp, C:\Users\KusokMedi\Documents\GitHub\BetterShowcase\build\bindings\bindings\Geode\source\InfoLayer.cpp. [C:\Users\KusokMedi\Documents\GitHub\BetterShowcase\build\bindings\GeodeBindings.vcxproj]
C:\Program Files (x86)\Microsoft Visual Studio\2022\BuildTools\MSBuild\Microsoft\VC\v170\Microsoft.CppBuild.targets(1129,5): warning MSB8027: ╨┤╨▓╨░ ╨╕╨╗╨╕ ╨▒╨╛╨╗╨╡╨╡ ╤Д╨░╨╣╨╗╨╛╨▓ ╤Б ╨╕╨╝╨╡╨╜╨╡╨╝ InheritanceNode.cpp ╨▓╤Л╨▓╨╛╨┤╤П╤В ╤А╨╡╨╖╤Г╨╗╤М╤В╨░╤В╤Л ╨▓ ╨╛╨┤╨╜╨╛ ╨╕ ╤В╨╛ ╨╢╨╡ ╤А╨░╤Б╨┐╨╛╨╗╨╛╨╢╨╡╨╜╨╕╨╡. ╨н╤В╨╛ ╨╝╨╛╨╢╨╡╤В ╤Б╤В╨░╤В╤М ╨┐╤А╨╕╤З╨╕╨╜╨╛╨╣ ╨╜╨╡╨▓╨╡╤А╨╜╨╛╨│╨╛ ╤А╨╡╨╖╤Г╨╗╤М╤В╨░╤В╨░ ╤Б╨▒╨╛╤А╨║╨╕.  ╨Т╨║╨╗╤О╤З╨╡╨╜╨╜╤Л╨╡ ╤Д╨░╨╣╨╗╤Л тАФ C:\Users\KusokMedi\Documents\GitHub\BetterShowcase\build\_deps\bindings-src\bindings\2.2081\inline\InheritanceNode.cpp, C:\Users\KusokMedi\Documents\GitHub\BetterShowcase\build\bindings\bindings\Geode\source\InheritanceNode.cpp. [C:\Users\KusokMedi\Documents\GitHub\BetterShowcase\build\bindings\GeodeBindings.vcxproj]
C:\Program Files (x86)\Microsoft Visual Studio\2022\BuildTools\MSBuild\Microsoft\VC\v170\Microsoft.CppBuild.targets(1129,5): warning MSB8027: ╨┤╨▓╨░ ╨╕╨╗╨╕ ╨▒╨╛╨╗╨╡╨╡ ╤Д╨░╨╣╨╗╨╛╨▓ ╤Б ╨╕╨╝╨╡╨╜╨╡╨╝ ItemInfoPopup.cpp ╨▓╤Л╨▓╨╛╨┤╤П╤В ╤А╨╡╨╖╤Г╨╗╤М╤В╨░╤В╤Л ╨▓ ╨╛╨┤╨╜╨╛ ╨╕ ╤В╨╛ ╨╢╨╡ ╤А╨░╤Б╨┐╨╛╨╗╨╛╨╢╨╡╨╜╨╕╨╡. ╨н╤В╨╛ ╨╝╨╛╨╢╨╡╤В ╤Б╤В╨░╤В╤М ╨┐╤А╨╕╤З╨╕╨╜╨╛╨╣ ╨╜╨╡╨▓╨╡╤А╨╜╨╛╨│╨╛ ╤А╨╡╨╖╤Г╨╗╤М╤В╨░╤В╨░ ╤Б╨▒╨╛╤А╨║╨╕.  ╨Т╨║╨╗╤О╤З╨╡╨╜╨╜╤Л╨╡ ╤Д╨░╨╣╨╗╤Л тАФ C:\Users\KusokMedi\Documents\GitHub\BetterShowcase\build\_deps\bindings-src\bindings\2.2081\inline\ItemInfoPopup.cpp, C:\Users\KusokMedi\Documents\GitHub\BetterShowcase\build\bindings\bindings\Geode\source\ItemInfoPopup.cpp. [C:\Users\KusokMedi\Documents\GitHub\BetterShowcase\build\bindings\GeodeBindings.vcxproj]
C:\Program Files (x86)\Microsoft Visual Studio\2022\BuildTools\MSBuild\Microsoft\VC\v170\Microsoft.CppBuild.targets(1129,5): warning MSB8027: ╨┤╨▓╨░ ╨╕╨╗╨╕ ╨▒╨╛╨╗╨╡╨╡ ╤Д╨░╨╣╨╗╨╛╨▓ ╤Б ╨╕╨╝╨╡╨╜╨╡╨╝ ItemTriggerGameObject.cpp ╨▓╤Л╨▓╨╛╨┤╤П╤В ╤А╨╡╨╖╤Г╨╗╤М╤В╨░╤В╤Л ╨▓ ╨╛╨┤╨╜╨╛ ╨╕ ╤В╨╛ ╨╢╨╡ ╤А╨░╤Б╨┐╨╛╨╗╨╛╨╢╨╡╨╜╨╕╨╡. ╨н╤В╨╛ ╨╝╨╛╨╢╨╡╤В ╤Б╤В╨░╤В╤М ╨┐╤А╨╕╤З╨╕╨╜╨╛╨╣ ╨╜╨╡╨▓╨╡╤А╨╜╨╛╨│╨╛ ╤А╨╡╨╖╤Г╨╗╤М╤В╨░╤В╨░ ╤Б╨▒╨╛╤А╨║╨╕.  ╨Т╨║╨╗╤О╤З╨╡╨╜╨╜╤Л╨╡ ╤Д╨░╨╣╨╗╤Л тАФ C:\Users\KusokMedi\Documents\GitHub\BetterShowcase\build\_deps\bindings-src\bindings\2.2081\inline\ItemTriggerGameObject.cpp, C:\Users\KusokMedi\Documents\GitHub\BetterShowcase\build\bindings\bindings\Geode\source\ItemTriggerGameObject.cpp. [C:\Users\KusokMedi\Documents\GitHub\BetterShowcase\build\bindings\GeodeBindings.vcxproj]
C:\Program Files (x86)\Microsoft Visual Studio\2022\BuildTools\MSBuild\Microsoft\VC\v170\Microsoft.CppBuild.targets(1129,5): warning MSB8027: ╨┤╨▓╨░ ╨╕╨╗╨╕ ╨▒╨╛╨╗╨╡╨╡ ╤Д╨░╨╣╨╗╨╛╨▓ ╤Б ╨╕╨╝╨╡╨╜╨╡╨╝ KeybindingsLayer.cpp ╨▓╤Л╨▓╨╛╨┤╤П╤В ╤А╨╡╨╖╤Г╨╗╤М╤В╨░╤В╤Л ╨▓ ╨╛╨┤╨╜╨╛ ╨╕ ╤В╨╛ ╨╢╨╡ ╤А╨░╤Б╨┐╨╛╨╗╨╛╨╢╨╡╨╜╨╕╨╡. ╨н╤В╨╛ ╨╝╨╛╨╢╨╡╤В ╤Б╤В╨░╤В╤М ╨┐╤А╨╕╤З╨╕╨╜╨╛╨╣ ╨╜╨╡╨▓╨╡╤А╨╜╨╛╨│╨╛ ╤А╨╡╨╖╤Г╨╗╤М╤В╨░╤В╨░ ╤Б╨▒╨╛╤А╨║╨╕.  ╨Т╨║╨╗╤О╤З╨╡╨╜╨╜╤Л╨╡ ╤Д╨░╨╣╨╗╤Л тАФ C:\Users\KusokMedi\Documents\GitHub\BetterShowcase\build\_deps\bindings-src\bindings\2.2081\inline\KeybindingsLayer.cpp, C:\Users\KusokMedi\Documents\GitHub\BetterShowcase\build\bindings\bindings\Geode\source\KeybindingsLayer.cpp. [C:\Users\KusokMedi\Documents\GitHub\BetterShowcase\build\bindings\GeodeBindings.vcxproj]
C:\Program Files (x86)\Microsoft Visual Studio\2022\BuildTools\MSBuild\Microsoft\VC\v170\Microsoft.CppBuild.targets(1129,5): warning MSB8027: ╨┤╨▓╨░ ╨╕╨╗╨╕ ╨▒╨╛╨╗╨╡╨╡ ╤Д╨░╨╣╨╗╨╛╨▓ ╤Б ╨╕╨╝╨╡╨╜╨╡╨╝ KeybindingsManager.cpp ╨▓╤Л╨▓╨╛╨┤╤П╤В ╤А╨╡╨╖╤Г╨╗╤М╤В╨░╤В╤Л ╨▓ ╨╛╨┤╨╜╨╛ ╨╕ ╤В╨╛ ╨╢╨╡ ╤А╨░╤Б╨┐╨╛╨╗╨╛╨╢╨╡╨╜╨╕╨╡. ╨н╤В╨╛ ╨╝╨╛╨╢╨╡╤В ╤Б╤В╨░╤В╤М ╨┐╤А╨╕╤З╨╕╨╜╨╛╨╣ ╨╜╨╡╨▓╨╡╤А╨╜╨╛╨│╨╛ ╤А╨╡╨╖╤Г╨╗╤М╤В╨░╤В╨░ ╤Б╨▒╨╛╤А╨║╨╕.  ╨Т╨║╨╗╤О╤З╨╡╨╜╨╜╤Л╨╡ ╤Д╨░╨╣╨╗╤Л тАФ C:\Users\KusokMedi\Documents\GitHub\BetterShowcase\build\_deps\bindings-src\bindings\2.2081\inline\KeybindingsManager.cpp, C:\Users\KusokMedi\Documents\GitHub\BetterShowcase\build\bindings\bindings\Geode\source\KeybindingsManager.cpp. [C:\Users\KusokMedi\Documents\GitHub\BetterShowcase\build\bindings\GeodeBindings.vcxproj]
C:\Program Files (x86)\Microsoft Visual Studio\2022\BuildTools\MSBuild\Microsoft\VC\v170\Microsoft.CppBuild.targets(1129,5): warning MSB8027: ╨┤╨▓╨░ ╨╕╨╗╨╕ ╨▒╨╛╨╗╨╡╨╡ ╤Д╨░╨╣╨╗╨╛╨▓ ╤Б ╨╕╨╝╨╡╨╜╨╡╨╝ KeyframeAnimTriggerObject.cpp ╨▓╤Л╨▓╨╛╨┤╤П╤В ╤А╨╡╨╖╤Г╨╗╤М╤В╨░╤В╤Л ╨▓ ╨╛╨┤╨╜╨╛ ╨╕ ╤В╨╛ ╨╢╨╡ ╤А╨░╤Б╨┐╨╛╨╗╨╛╨╢╨╡╨╜╨╕╨╡. ╨н╤В╨╛ ╨╝╨╛╨╢╨╡╤В ╤Б╤В╨░╤В╤М ╨┐╤А╨╕╤З╨╕╨╜╨╛╨╣ ╨╜╨╡╨▓╨╡╤А╨╜╨╛╨│╨╛ ╤А╨╡╨╖╤Г╨╗╤М╤В╨░╤В╨░ ╤Б╨▒╨╛╤А╨║╨╕.  ╨Т╨║╨╗╤О╤З╨╡╨╜╨╜╤Л╨╡ ╤Д╨░╨╣╨╗╤Л тАФ C:\Users\KusokMedi\Documents\GitHub\BetterShowcase\build\_deps\bindings-src\bindings\2.2081\inline\KeyframeAnimTriggerObject.cpp, C:\Users\KusokMedi\Documents\GitHub\BetterShowcase\build\bindings\bindings\Geode\source\KeyframeAnimTriggerObject.cpp. [C:\Users\KusokMedi\Documents\GitHub\BetterShowcase\build\bindings\GeodeBindings.vcxproj]
C:\Program Files (x86)\Microsoft Visual Studio\2022\BuildTools\MSBuild\Microsoft\VC\v170\Microsoft.CppBuild.targets(1129,5): warning MSB8027: ╨┤╨▓╨░ ╨╕╨╗╨╕ ╨▒╨╛╨╗╨╡╨╡ ╤Д╨░╨╣╨╗╨╛╨▓ ╤Б ╨╕╨╝╨╡╨╜╨╡╨╝ KeyframeGameObject.cpp ╨▓╤Л╨▓╨╛╨┤╤П╤В ╤А╨╡╨╖╤Г╨╗╤М╤В╨░╤В╤Л ╨▓ ╨╛╨┤╨╜╨╛ ╨╕ ╤В╨╛ ╨╢╨╡ ╤А╨░╤Б╨┐╨╛╨╗╨╛╨╢╨╡╨╜╨╕╨╡. ╨н╤В╨╛ ╨╝╨╛╨╢╨╡╤В ╤Б╤В╨░╤В╤М ╨┐╤А╨╕╤З╨╕╨╜╨╛╨╣ ╨╜╨╡╨▓╨╡╤А╨╜╨╛╨│╨╛ ╤А╨╡╨╖╤Г╨╗╤М╤В╨░╤В╨░ ╤Б╨▒╨╛╤А╨║╨╕.  ╨Т╨║╨╗╤О╤З╨╡╨╜╨╜╤Л╨╡ ╤Д╨░╨╣╨╗╤Л тАФ C:\Users\KusokMedi\Documents\GitHub\BetterShowcase\build\_deps\bindings-src\bindings\2.2081\inline\KeyframeGameObject.cpp, C:\Users\KusokMedi\Documents\GitHub\BetterShowcase\build\bindings\bindings\Geode\source\KeyframeGameObject.cpp. [C:\Users\KusokMedi\Documents\GitHub\BetterShowcase\build\bindings\GeodeBindings.vcxproj]
C:\Program Files (x86)\Microsoft Visual Studio\2022\BuildTools\MSBuild\Microsoft\VC\v170\Microsoft.CppBuild.targets(1129,5): warning MSB8027: ╨┤╨▓╨░ ╨╕╨╗╨╕ ╨▒╨╛╨╗╨╡╨╡ ╤Д╨░╨╣╨╗╨╛╨▓ ╤Б ╨╕╨╝╨╡╨╜╨╡╨╝ KeyframeObject.cpp ╨▓╤Л╨▓╨╛╨┤╤П╤В ╤А╨╡╨╖╤Г╨╗╤М╤В╨░╤В╤Л ╨▓ ╨╛╨┤╨╜╨╛ ╨╕ ╤В╨╛ ╨╢╨╡ ╤А╨░╤Б╨┐╨╛╨╗╨╛╨╢╨╡╨╜╨╕╨╡. ╨н╤В╨╛ ╨╝╨╛╨╢╨╡╤В ╤Б╤В╨░╤В╤М ╨┐╤А╨╕╤З╨╕╨╜╨╛╨╣ ╨╜╨╡╨▓╨╡╤А╨╜╨╛╨│╨╛ ╤А╨╡╨╖╤Г╨╗╤М╤В╨░╤В╨░ ╤Б╨▒╨╛╤А╨║╨╕.  ╨Т╨║╨╗╤О╤З╨╡╨╜╨╜╤Л╨╡ ╤Д╨░╨╣╨╗╤Л тАФ C:\Users\KusokMedi\Documents\GitHub\BetterShowcase\build\_deps\bindings-src\bindings\2.2081\inline\KeyframeObject.cpp, C:\Users\KusokMedi\Documents\GitHub\BetterShowcase\build\bindings\bindings\Geode\source\KeyframeObject.cpp. [C:\Users\KusokMedi\Documents\GitHub\BetterShowcase\build\bindings\GeodeBindings.vcxproj]
C:\Program Files (x86)\Microsoft Visual Studio\2022\BuildTools\MSBuild\Microsoft\VC\v170\Microsoft.CppBuild.targets(1129,5): warning MSB8027: ╨┤╨▓╨░ ╨╕╨╗╨╕ ╨▒╨╛╨╗╨╡╨╡ ╤Д╨░╨╣╨╗╨╛╨▓ ╤Б ╨╕╨╝╨╡╨╜╨╡╨╝ LabelGameObject.cpp ╨▓╤Л╨▓╨╛╨┤╤П╤В ╤А╨╡╨╖╤Г╨╗╤М╤В╨░╤В╤Л ╨▓ ╨╛╨┤╨╜╨╛ ╨╕ ╤В╨╛ ╨╢╨╡ ╤А╨░╤Б╨┐╨╛╨╗╨╛╨╢╨╡╨╜╨╕╨╡. ╨н╤В╨╛ ╨╝╨╛╨╢╨╡╤В ╤Б╤В╨░╤В╤М ╨┐╤А╨╕╤З╨╕╨╜╨╛╨╣ ╨╜╨╡╨▓╨╡╤А╨╜╨╛╨│╨╛ ╤А╨╡╨╖╤Г╨╗╤М╤В╨░╤В╨░ ╤Б╨▒╨╛╤А╨║╨╕.  ╨Т╨║╨╗╤О╤З╨╡╨╜╨╜╤Л╨╡ ╤Д╨░╨╣╨╗╤Л тАФ C:\Users\KusokMedi\Documents\GitHub\BetterShowcase\build\_deps\bindings-src\bindings\2.2081\inline\LabelGameObject.cpp, C:\Users\KusokMedi\Documents\GitHub\BetterShowcase\build\bindings\bindings\Geode\source\LabelGameObject.cpp. [C:\Users\KusokMedi\Documents\GitHub\BetterShowcase\build\bindings\GeodeBindings.vcxproj]
C:\Program Files (x86)\Microsoft Visual Studio\2022\BuildTools\MSBuild\Microsoft\VC\v170\Microsoft.CppBuild.targets(1129,5): warning MSB8027: ╨┤╨▓╨░ ╨╕╨╗╨╕ ╨▒╨╛╨╗╨╡╨╡ ╤Д╨░╨╣╨╗╨╛╨▓ ╤Б ╨╕╨╝╨╡╨╜╨╡╨╝ LeaderboardManagerDelegate.cpp ╨▓╤Л╨▓╨╛╨┤╤П╤В ╤А╨╡╨╖╤Г╨╗╤М╤В╨░╤В╤Л ╨▓ ╨╛╨┤╨╜╨╛ ╨╕ ╤В╨╛ ╨╢╨╡ ╤А╨░╤Б╨┐╨╛╨╗╨╛╨╢╨╡╨╜╨╕╨╡. ╨н╤В╨╛ ╨╝╨╛╨╢╨╡╤В ╤Б╤В╨░╤В╤М ╨┐╤А╨╕╤З╨╕╨╜╨╛╨╣ ╨╜╨╡╨▓╨╡╤А╨╜╨╛╨│╨╛ ╤А╨╡╨╖╤Г╨╗╤М╤В╨░╤В╨░ ╤Б╨▒╨╛╤А╨║╨╕.  ╨Т╨║╨╗╤О╤З╨╡╨╜╨╜╤Л╨╡ ╤Д╨░╨╣╨╗╤Л тАФ C:\Users\KusokMedi\Documents\GitHub\BetterShowcase\build\_deps\bindings-src\bindings\2.2081\inline\LeaderboardManagerDelegate.cpp, C:\Users\KusokMedi\Documents\GitHub\BetterShowcase\build\bindings\bindings\Geode\source\LeaderboardManagerDelegate.cpp. [C:\Users\KusokMedi\Documents\GitHub\BetterShowcase\build\bindings\GeodeBindings.vcxproj]
C:\Program Files (x86)\Microsoft Visual Studio\2022\BuildTools\MSBuild\Microsoft\VC\v170\Microsoft.CppBuild.targets(1129,5): warning MSB8027: ╨┤╨▓╨░ ╨╕╨╗╨╕ ╨▒╨╛╨╗╨╡╨╡ ╤Д╨░╨╣╨╗╨╛╨▓ ╤Б ╨╕╨╝╨╡╨╜╨╡╨╝ LeaderboardsLayer.cpp ╨▓╤Л╨▓╨╛╨┤╤П╤В ╤А╨╡╨╖╤Г╨╗╤М╤В╨░╤В╤Л ╨▓ ╨╛╨┤╨╜╨╛ ╨╕ ╤В╨╛ ╨╢╨╡ ╤А╨░╤Б╨┐╨╛╨╗╨╛╨╢╨╡╨╜╨╕╨╡. ╨н╤В╨╛ ╨╝╨╛╨╢╨╡╤В ╤Б╤В╨░╤В╤М ╨┐╤А╨╕╤З╨╕╨╜╨╛╨╣ ╨╜╨╡╨▓╨╡╤А╨╜╨╛╨│╨╛ ╤А╨╡╨╖╤Г╨╗╤М╤В╨░╤В╨░ ╤Б╨▒╨╛╤А╨║╨╕.  ╨Т╨║╨╗╤О╤З╨╡╨╜╨╜╤Л╨╡ ╤Д╨░╨╣╨╗╤Л тАФ C:\Users\KusokMedi\Documents\GitHub\BetterShowcase\build\_deps\bindings-src\bindings\2.2081\inline\LeaderboardsLayer.cpp, C:\Users\KusokMedi\Documents\GitHub\BetterShowcase\build\bindings\bindings\Geode\source\LeaderboardsLayer.cpp. [C:\Users\KusokMedi\Documents\GitHub\BetterShowcase\build\bindings\GeodeBindings.vcxproj]
C:\Program Files (x86)\Microsoft Visual Studio\2022\BuildTools\MSBuild\Microsoft\VC\v170\Microsoft.CppBuild.targets(1129,5): warning MSB8027: ╨┤╨▓╨░ ╨╕╨╗╨╕ ╨▒╨╛╨╗╨╡╨╡ ╤Д╨░╨╣╨╗╨╛╨▓ ╤Б ╨╕╨╝╨╡╨╜╨╡╨╝ LevelAreaInnerLayer.cpp ╨▓╤Л╨▓╨╛╨┤╤П╤В ╤А╨╡╨╖╤Г╨╗╤М╤В╨░╤В╤Л ╨▓ ╨╛╨┤╨╜╨╛ ╨╕ ╤В╨╛ ╨╢╨╡ ╤А╨░╤Б╨┐╨╛╨╗╨╛╨╢╨╡╨╜╨╕╨╡. ╨н╤В╨╛ ╨╝╨╛╨╢╨╡╤В ╤Б╤В╨░╤В╤М ╨┐╤А╨╕╤З╨╕╨╜╨╛╨╣ ╨╜╨╡╨▓╨╡╤А╨╜╨╛╨│╨╛ ╤А╨╡╨╖╤Г╨╗╤М╤В╨░╤В╨░ ╤Б╨▒╨╛╤А╨║╨╕.  ╨Т╨║╨╗╤О╤З╨╡╨╜╨╜╤Л╨╡ ╤Д╨░╨╣╨╗╤Л тАФ C:\Users\KusokMedi\Documents\GitHub\BetterShowcase\build\_deps\bindings-src\bindings\2.2081\inline\LevelAreaInnerLayer.cpp, C:\Users\KusokMedi\Documents\GitHub\BetterShowcase\build\bindings\bindings\Geode\source\LevelAreaInnerLayer.cpp. [C:\Users\KusokMedi\Documents\GitHub\BetterShowcase\build\bindings\GeodeBindings.vcxproj]
C:\Program Files (x86)\Microsoft Visual Studio\2022\BuildTools\MSBuild\Microsoft\VC\v170\Microsoft.CppBuild.targets(1129,5): warning MSB8027: ╨┤╨▓╨░ ╨╕╨╗╨╕ ╨▒╨╛╨╗╨╡╨╡ ╤Д╨░╨╣╨╗╨╛╨▓ ╤Б ╨╕╨╝╨╡╨╜╨╡╨╝ LevelAreaLayer.cpp ╨▓╤Л╨▓╨╛╨┤╤П╤В ╤А╨╡╨╖╤Г╨╗╤М╤В╨░╤В╤Л ╨▓ ╨╛╨┤╨╜╨╛ ╨╕ ╤В╨╛ ╨╢╨╡ ╤А╨░╤Б╨┐╨╛╨╗╨╛╨╢╨╡╨╜╨╕╨╡. ╨н╤В╨╛ ╨╝╨╛╨╢╨╡╤В ╤Б╤В╨░╤В╤М ╨┐╤А╨╕╤З╨╕╨╜╨╛╨╣ ╨╜╨╡╨▓╨╡╤А╨╜╨╛╨│╨╛ ╤А╨╡╨╖╤Г╨╗╤М╤В╨░╤В╨░ ╤Б╨▒╨╛╤А╨║╨╕.  ╨Т╨║╨╗╤О╤З╨╡╨╜╨╜╤Л╨╡ ╤Д╨░╨╣╨╗╤Л тАФ C:\Users\KusokMedi\Documents\GitHub\BetterShowcase\build\_deps\bindings-src\bindings\2.2081\inline\LevelAreaLayer.cpp, C:\Users\KusokMedi\Documents\GitHub\BetterShowcase\build\bindings\bindings\Geode\source\LevelAreaLayer.cpp. [C:\Users\KusokMedi\Documents\GitHub\BetterShowcase\build\bindings\GeodeBindings.vcxproj]
C:\Program Files (x86)\Microsoft Visual Studio\2022\BuildTools\MSBuild\Microsoft\VC\v170\Microsoft.CppBuild.targets(1129,5): warning MSB8027: ╨┤╨▓╨░ ╨╕╨╗╨╕ ╨▒╨╛╨╗╨╡╨╡ ╤Д╨░╨╣╨╗╨╛╨▓ ╤Б ╨╕╨╝╨╡╨╜╨╡╨╝ LevelBrowserLayer.cpp ╨▓╤Л╨▓╨╛╨┤╤П╤В ╤А╨╡╨╖╤Г╨╗╤М╤В╨░╤В╤Л ╨▓ ╨╛╨┤╨╜╨╛ ╨╕ ╤В╨╛ ╨╢╨╡ ╤А╨░╤Б╨┐╨╛╨╗╨╛╨╢╨╡╨╜╨╕╨╡. ╨н╤В╨╛ ╨╝╨╛╨╢╨╡╤В ╤Б╤В╨░╤В╤М ╨┐╤А╨╕╤З╨╕╨╜╨╛╨╣ ╨╜╨╡╨▓╨╡╤А╨╜╨╛╨│╨╛ ╤А╨╡╨╖╤Г╨╗╤М╤В╨░╤В╨░ ╤Б╨▒╨╛╤А╨║╨╕.  ╨Т╨║╨╗╤О╤З╨╡╨╜╨╜╤Л╨╡ ╤Д╨░╨╣╨╗╤Л тАФ C:\Users\KusokMedi\Documents\GitHub\BetterShowcase\build\_deps\bindings-src\bindings\2.2081\inline\LevelBrowserLayer.cpp, C:\Users\KusokMedi\Documents\GitHub\BetterShowcase\build\bindings\bindings\Geode\source\LevelBrowserLayer.cpp. [C:\Users\KusokMedi\Documents\GitHub\BetterShowcase\build\bindings\GeodeBindings.vcxproj]
C:\Program Files (x86)\Microsoft Visual Studio\2022\BuildTools\MSBuild\Microsoft\VC\v170\Microsoft.CppBuild.targets(1129,5): warning MSB8027: ╨┤╨▓╨░ ╨╕╨╗╨╕ ╨▒╨╛╨╗╨╡╨╡ ╤Д╨░╨╣╨╗╨╛╨▓ ╤Б ╨╕╨╝╨╡╨╜╨╡╨╝ LevelCell.cpp ╨▓╤Л╨▓╨╛╨┤╤П╤В ╤А╨╡╨╖╤Г╨╗╤М╤В╨░╤В╤Л ╨▓ ╨╛╨┤╨╜╨╛ ╨╕ ╤В╨╛ ╨╢╨╡ ╤А╨░╤Б╨┐╨╛╨╗╨╛╨╢╨╡╨╜╨╕╨╡. ╨н╤В╨╛ ╨╝╨╛╨╢╨╡╤В ╤Б╤В╨░╤В╤М ╨┐╤А╨╕╤З╨╕╨╜╨╛╨╣ ╨╜╨╡╨▓╨╡╤А╨╜╨╛╨│╨╛ ╤А╨╡╨╖╤Г╨╗╤М╤В╨░╤В╨░ ╤Б╨▒╨╛╤А╨║╨╕.  ╨Т╨║╨╗╤О╤З╨╡╨╜╨╜╤Л╨╡ ╤Д╨░╨╣╨╗╤Л тАФ C:\Users\KusokMedi\Documents\GitHub\BetterShowcase\build\_deps\bindings-src\bindings\2.2081\inline\LevelCell.cpp, C:\Users\KusokMedi\Documents\GitHub\BetterShowcase\build\bindings\bindings\Geode\source\LevelCell.cpp. [C:\Users\KusokMedi\Documents\GitHub\BetterShowcase\build\bindings\GeodeBindings.vcxproj]
C:\Program Files (x86)\Microsoft Visual Studio\2022\BuildTools\MSBuild\Microsoft\VC\v170\Microsoft.CppBuild.targets(1129,5): warning MSB8027: ╨┤╨▓╨░ ╨╕╨╗╨╕ ╨▒╨╛╨╗╨╡╨╡ ╤Д╨░╨╣╨╗╨╛╨▓ ╤Б ╨╕╨╝╨╡╨╜╨╡╨╝ LevelCommentDelegate.cpp ╨▓╤Л╨▓╨╛╨┤╤П╤В ╤А╨╡╨╖╤Г╨╗╤М╤В╨░╤В╤Л ╨▓ ╨╛╨┤╨╜╨╛ ╨╕ ╤В╨╛ ╨╢╨╡ ╤А╨░╤Б╨┐╨╛╨╗╨╛╨╢╨╡╨╜╨╕╨╡. ╨н╤В╨╛ ╨╝╨╛╨╢╨╡╤В ╤Б╤В╨░╤В╤М ╨┐╤А╨╕╤З╨╕╨╜╨╛╨╣ ╨╜╨╡╨▓╨╡╤А╨╜╨╛╨│╨╛ ╤А╨╡╨╖╤Г╨╗╤М╤В╨░╤В╨░ ╤Б╨▒╨╛╤А╨║╨╕.  ╨Т╨║╨╗╤О╤З╨╡╨╜╨╜╤Л╨╡ ╤Д╨░╨╣╨╗╤Л тАФ C:\Users\KusokMedi\Documents\GitHub\BetterShowcase\build\_deps\bindings-src\bindings\2.2081\inline\LevelCommentDelegate.cpp, C:\Users\KusokMedi\Documents\GitHub\BetterShowcase\build\bindings\bindings\Geode\source\LevelCommentDelegate.cpp. [C:\Users\KusokMedi\Documents\GitHub\BetterShowcase\build\bindings\GeodeBindings.vcxproj]
C:\Program Files (x86)\Microsoft Visual Studio\2022\BuildTools\MSBuild\Microsoft\VC\v170\Microsoft.CppBuild.targets(1129,5): warning MSB8027: ╨┤╨▓╨░ ╨╕╨╗╨╕ ╨▒╨╛╨╗╨╡╨╡ ╤Д╨░╨╣╨╗╨╛╨▓ ╤Б ╨╕╨╝╨╡╨╜╨╡╨╝ LevelDeleteDelegate.cpp ╨▓╤Л╨▓╨╛╨┤╤П╤В ╤А╨╡╨╖╤Г╨╗╤М╤В╨░╤В╤Л ╨▓ ╨╛╨┤╨╜╨╛ ╨╕ ╤В╨╛ ╨╢╨╡ ╤А╨░╤Б╨┐╨╛╨╗╨╛╨╢╨╡╨╜╨╕╨╡. ╨н╤В╨╛ ╨╝╨╛╨╢╨╡╤В ╤Б╤В╨░╤В╤М ╨┐╤А╨╕╤З╨╕╨╜╨╛╨╣ ╨╜╨╡╨▓╨╡╤А╨╜╨╛╨│╨╛ ╤А╨╡╨╖╤Г╨╗╤М╤В╨░╤В╨░ ╤Б╨▒╨╛╤А╨║╨╕.  ╨Т╨║╨╗╤О╤З╨╡╨╜╨╜╤Л╨╡ ╤Д╨░╨╣╨╗╤Л тАФ C:\Users\KusokMedi\Documents\GitHub\BetterShowcase\build\_deps\bindings-src\bindings\2.2081\inline\LevelDeleteDelegate.cpp, C:\Users\KusokMedi\Documents\GitHub\BetterShowcase\build\bindings\bindings\Geode\source\LevelDeleteDelegate.cpp. [C:\Users\KusokMedi\Documents\GitHub\BetterShowcase\build\bindings\GeodeBindings.vcxproj]
C:\Program Files (x86)\Microsoft Visual Studio\2022\BuildTools\MSBuild\Microsoft\VC\v170\Microsoft.CppBuild.targets(1129,5): warning MSB8027: ╨┤╨▓╨░ ╨╕╨╗╨╕ ╨▒╨╛╨╗╨╡╨╡ ╤Д╨░╨╣╨╗╨╛╨▓ ╤Б ╨╕╨╝╨╡╨╜╨╡╨╝ LevelDownloadDelegate.cpp ╨▓╤Л╨▓╨╛╨┤╤П╤В ╤А╨╡╨╖╤Г╨╗╤М╤В╨░╤В╤Л ╨▓ ╨╛╨┤╨╜╨╛ ╨╕ ╤В╨╛ ╨╢╨╡ ╤А╨░╤Б╨┐╨╛╨╗╨╛╨╢╨╡╨╜╨╕╨╡. ╨н╤В╨╛ ╨╝╨╛╨╢╨╡╤В ╤Б╤В╨░╤В╤М ╨┐╤А╨╕╤З╨╕╨╜╨╛╨╣ ╨╜╨╡╨▓╨╡╤А╨╜╨╛╨│╨╛ ╤А╨╡╨╖╤Г╨╗╤М╤В╨░╤В╨░ ╤Б╨▒╨╛╤А╨║╨╕.  ╨Т╨║╨╗╤О╤З╨╡╨╜╨╜╤Л╨╡ ╤Д╨░╨╣╨╗╤Л тАФ C:\Users\KusokMedi\Documents\GitHub\BetterShowcase\build\_deps\bindings-src\bindings\2.2081\inline\LevelDownloadDelegate.cpp, C:\Users\KusokMedi\Documents\GitHub\BetterShowcase\build\bindings\bindings\Geode\source\LevelDownloadDelegate.cpp. [C:\Users\KusokMedi\Documents\GitHub\BetterShowcase\build\bindings\GeodeBindings.vcxproj]
C:\Program Files (x86)\Microsoft Visual Studio\2022\BuildTools\MSBuild\Microsoft\VC\v170\Microsoft.CppBuild.targets(1129,5): warning MSB8027: ╨┤╨▓╨░ ╨╕╨╗╨╕ ╨▒╨╛╨╗╨╡╨╡ ╤Д╨░╨╣╨╗╨╛╨▓ ╤Б ╨╕╨╝╨╡╨╜╨╡╨╝ LevelEditorLayer.cpp ╨▓╤Л╨▓╨╛╨┤╤П╤В ╤А╨╡╨╖╤Г╨╗╤М╤В╨░╤В╤Л ╨▓ ╨╛╨┤╨╜╨╛ ╨╕ ╤В╨╛ ╨╢╨╡ ╤А╨░╤Б╨┐╨╛╨╗╨╛╨╢╨╡╨╜╨╕╨╡. ╨н╤В╨╛ ╨╝╨╛╨╢╨╡╤В ╤Б╤В╨░╤В╤М ╨┐╤А╨╕╤З╨╕╨╜╨╛╨╣ ╨╜╨╡╨▓╨╡╤А╨╜╨╛╨│╨╛ ╤А╨╡╨╖╤Г╨╗╤М╤В╨░╤В╨░ ╤Б╨▒╨╛╤А╨║╨╕.  ╨Т╨║╨╗╤О╤З╨╡╨╜╨╜╤Л╨╡ ╤Д╨░╨╣╨╗╤Л тАФ C:\Users\KusokMedi\Documents\GitHub\BetterShowcase\build\_deps\bindings-src\bindings\2.2081\inline\LevelEditorLayer.cpp, C:\Users\KusokMedi\Documents\GitHub\BetterShowcase\build\bindings\bindings\Geode\source\LevelEditorLayer.cpp. [C:\Users\KusokMedi\Documents\GitHub\BetterShowcase\build\bindings\GeodeBindings.vcxproj]
C:\Program Files (x86)\Microsoft Visual Studio\2022\BuildTools\MSBuild\Microsoft\VC\v170\Microsoft.CppBuild.targets(1129,5): warning MSB8027: ╨┤╨▓╨░ ╨╕╨╗╨╕ ╨▒╨╛╨╗╨╡╨╡ ╤Д╨░╨╣╨╗╨╛╨▓ ╤Б ╨╕╨╝╨╡╨╜╨╡╨╝ LevelFeatureLayer.cpp ╨▓╤Л╨▓╨╛╨┤╤П╤В ╤А╨╡╨╖╤Г╨╗╤М╤В╨░╤В╤Л ╨▓ ╨╛╨┤╨╜╨╛ ╨╕ ╤В╨╛ ╨╢╨╡ ╤А╨░╤Б╨┐╨╛╨╗╨╛╨╢╨╡╨╜╨╕╨╡. ╨н╤В╨╛ ╨╝╨╛╨╢╨╡╤В ╤Б╤В╨░╤В╤М ╨┐╤А╨╕╤З╨╕╨╜╨╛╨╣ ╨╜╨╡╨▓╨╡╤А╨╜╨╛╨│╨╛ ╤А╨╡╨╖╤Г╨╗╤М╤В╨░╤В╨░ ╤Б╨▒╨╛╤А╨║╨╕.  ╨Т╨║╨╗╤О╤З╨╡╨╜╨╜╤Л╨╡ ╤Д╨░╨╣╨╗╤Л тАФ C:\Users\KusokMedi\Documents\GitHub\BetterShowcase\build\_deps\bindings-src\bindings\2.2081\inline\LevelFeatureLayer.cpp, C:\Users\KusokMedi\Documents\GitHub\BetterShowcase\build\bindings\bindings\Geode\source\LevelFeatureLayer.cpp. [C:\Users\KusokMedi\Documents\GitHub\BetterShowcase\build\bindings\GeodeBindings.vcxproj]
C:\Program Files (x86)\Microsoft Visual Studio\2022\BuildTools\MSBuild\Microsoft\VC\v170\Microsoft.CppBuild.targets(1129,5): warning MSB8027: ╨┤╨▓╨░ ╨╕╨╗╨╕ ╨▒╨╛╨╗╨╡╨╡ ╤Д╨░╨╣╨╗╨╛╨▓ ╤Б ╨╕╨╝╨╡╨╜╨╡╨╝ LevelInfoLayer.cpp ╨▓╤Л╨▓╨╛╨┤╤П╤В ╤А╨╡╨╖╤Г╨╗╤М╤В╨░╤В╤Л ╨▓ ╨╛╨┤╨╜╨╛ ╨╕ ╤В╨╛ ╨╢╨╡ ╤А╨░╤Б╨┐╨╛╨╗╨╛╨╢╨╡╨╜╨╕╨╡. ╨н╤В╨╛ ╨╝╨╛╨╢╨╡╤В ╤Б╤В╨░╤В╤М ╨┐╤А╨╕╤З╨╕╨╜╨╛╨╣ ╨╜╨╡╨▓╨╡╤А╨╜╨╛╨│╨╛ ╤А╨╡╨╖╤Г╨╗╤М╤В╨░╤В╨░ ╤Б╨▒╨╛╤А╨║╨╕.  ╨Т╨║╨╗╤О╤З╨╡╨╜╨╜╤Л╨╡ ╤Д╨░╨╣╨╗╤Л тАФ C:\Users\KusokMedi\Documents\GitHub\BetterShowcase\build\_deps\bindings-src\bindings\2.2081\inline\LevelInfoLayer.cpp, C:\Users\KusokMedi\Documents\GitHub\BetterShowcase\build\bindings\bindings\Geode\source\LevelInfoLayer.cpp. [C:\Users\KusokMedi\Documents\GitHub\BetterShowcase\build\bindings\GeodeBindings.vcxproj]
C:\Program Files (x86)\Microsoft Visual Studio\2022\BuildTools\MSBuild\Microsoft\VC\v170\Microsoft.CppBuild.targets(1129,5): warning MSB8027: ╨┤╨▓╨░ ╨╕╨╗╨╕ ╨▒╨╛╨╗╨╡╨╡ ╤Д╨░╨╣╨╗╨╛╨▓ ╤Б ╨╕╨╝╨╡╨╜╨╡╨╝ LevelLeaderboard.cpp ╨▓╤Л╨▓╨╛╨┤╤П╤В ╤А╨╡╨╖╤Г╨╗╤М╤В╨░╤В╤Л ╨▓ ╨╛╨┤╨╜╨╛ ╨╕ ╤В╨╛ ╨╢╨╡ ╤А╨░╤Б╨┐╨╛╨╗╨╛╨╢╨╡╨╜╨╕╨╡. ╨н╤В╨╛ ╨╝╨╛╨╢╨╡╤В ╤Б╤В╨░╤В╤М ╨┐╤А╨╕╤З╨╕╨╜╨╛╨╣ ╨╜╨╡╨▓╨╡╤А╨╜╨╛╨│╨╛ ╤А╨╡╨╖╤Г╨╗╤М╤В╨░╤В╨░ ╤Б╨▒╨╛╤А╨║╨╕.  ╨Т╨║╨╗╤О╤З╨╡╨╜╨╜╤Л╨╡ ╤Д╨░╨╣╨╗╤Л тАФ C:\Users\KusokMedi\Documents\GitHub\BetterShowcase\build\_deps\bindings-src\bindings\2.2081\inline\LevelLeaderboard.cpp, C:\Users\KusokMedi\Documents\GitHub\BetterShowcase\build\bindings\bindings\Geode\source\LevelLeaderboard.cpp. [C:\Users\KusokMedi\Documents\GitHub\BetterShowcase\build\bindings\GeodeBindings.vcxproj]
C:\Program Files (x86)\Microsoft Visual Studio\2022\BuildTools\MSBuild\Microsoft\VC\v170\Microsoft.CppBuild.targets(1129,5): warning MSB8027: ╨┤╨▓╨░ ╨╕╨╗╨╕ ╨▒╨╛╨╗╨╡╨╡ ╤Д╨░╨╣╨╗╨╛╨▓ ╤Б ╨╕╨╝╨╡╨╜╨╡╨╝ LevelListCell.cpp ╨▓╤Л╨▓╨╛╨┤╤П╤В ╤А╨╡╨╖╤Г╨╗╤М╤В╨░╤В╤Л ╨▓ ╨╛╨┤╨╜╨╛ ╨╕ ╤В╨╛ ╨╢╨╡ ╤А╨░╤Б╨┐╨╛╨╗╨╛╨╢╨╡╨╜╨╕╨╡. ╨н╤В╨╛ ╨╝╨╛╨╢╨╡╤В ╤Б╤В╨░╤В╤М ╨┐╤А╨╕╤З╨╕╨╜╨╛╨╣ ╨╜╨╡╨▓╨╡╤А╨╜╨╛╨│╨╛ ╤А╨╡╨╖╤Г╨╗╤М╤В╨░╤В╨░ ╤Б╨▒╨╛╤А╨║╨╕.  ╨Т╨║╨╗╤О╤З╨╡╨╜╨╜╤Л╨╡ ╤Д╨░╨╣╨╗╤Л тАФ C:\Users\KusokMedi\Documents\GitHub\BetterShowcase\build\_deps\bindings-src\bindings\2.2081\inline\LevelListCell.cpp, C:\Users\KusokMedi\Documents\GitHub\BetterShowcase\build\bindings\bindings\Geode\source\LevelListCell.cpp. [C:\Users\KusokMedi\Documents\GitHub\BetterShowcase\build\bindings\GeodeBindings.vcxproj]
C:\Program Files (x86)\Microsoft Visual Studio\2022\BuildTools\MSBuild\Microsoft\VC\v170\Microsoft.CppBuild.targets(1129,5): warning MSB8027: ╨┤╨▓╨░ ╨╕╨╗╨╕ ╨▒╨╛╨╗╨╡╨╡ ╤Д╨░╨╣╨╗╨╛╨▓ ╤Б ╨╕╨╝╨╡╨╜╨╡╨╝ LevelListDeleteDelegate.cpp ╨▓╤Л╨▓╨╛╨┤╤П╤В ╤А╨╡╨╖╤Г╨╗╤М╤В╨░╤В╤Л ╨▓ ╨╛╨┤╨╜╨╛ ╨╕ ╤В╨╛ ╨╢╨╡ ╤А╨░╤Б╨┐╨╛╨╗╨╛╨╢╨╡╨╜╨╕╨╡. ╨н╤В╨╛ ╨╝╨╛╨╢╨╡╤В ╤Б╤В╨░╤В╤М ╨┐╤А╨╕╤З╨╕╨╜╨╛╨╣ ╨╜╨╡╨▓╨╡╤А╨╜╨╛╨│╨╛ ╤А╨╡╨╖╤Г╨╗╤М╤В╨░╤В╨░ ╤Б╨▒╨╛╤А╨║╨╕.  ╨Т╨║╨╗╤О╤З╨╡╨╜╨╜╤Л╨╡ ╤Д╨░╨╣╨╗╤Л тАФ C:\Users\KusokMedi\Documents\GitHub\BetterShowcase\build\_deps\bindings-src\bindings\2.2081\inline\LevelListDeleteDelegate.cpp, C:\Users\KusokMedi\Documents\GitHub\BetterShowcase\build\bindings\bindings\Geode\source\LevelListDeleteDelegate.cpp. [C:\Users\KusokMedi\Documents\GitHub\BetterShowcase\build\bindings\GeodeBindings.vcxproj]
C:\Program Files (x86)\Microsoft Visual Studio\2022\BuildTools\MSBuild\Microsoft\VC\v170\Microsoft.CppBuild.targets(1129,5): warning MSB8027: ╨┤╨▓╨░ ╨╕╨╗╨╕ ╨▒╨╛╨╗╨╡╨╡ ╤Д╨░╨╣╨╗╨╛╨▓ ╤Б ╨╕╨╝╨╡╨╜╨╡╨╝ LevelListLayer.cpp ╨▓╤Л╨▓╨╛╨┤╤П╤В ╤А╨╡╨╖╤Г╨╗╤М╤В╨░╤В╤Л ╨▓ ╨╛╨┤╨╜╨╛ ╨╕ ╤В╨╛ ╨╢╨╡ ╤А╨░╤Б╨┐╨╛╨╗╨╛╨╢╨╡╨╜╨╕╨╡. ╨н╤В╨╛ ╨╝╨╛╨╢╨╡╤В ╤Б╤В╨░╤В╤М ╨┐╤А╨╕╤З╨╕╨╜╨╛╨╣ ╨╜╨╡╨▓╨╡╤А╨╜╨╛╨│╨╛ ╤А╨╡╨╖╤Г╨╗╤М╤В╨░╤В╨░ ╤Б╨▒╨╛╤А╨║╨╕.  ╨Т╨║╨╗╤О╤З╨╡╨╜╨╜╤Л╨╡ ╤Д╨░╨╣╨╗╤Л тАФ C:\Users\KusokMedi\Documents\GitHub\BetterShowcase\build\_deps\bindings-src\bindings\2.2081\inline\LevelListLayer.cpp, C:\Users\KusokMedi\Documents\GitHub\BetterShowcase\build\bindings\bindings\Geode\source\LevelListLayer.cpp. [C:\Users\KusokMedi\Documents\GitHub\BetterShowcase\build\bindings\GeodeBindings.vcxproj]
C:\Program Files (x86)\Microsoft Visual Studio\2022\BuildTools\MSBuild\Microsoft\VC\v170\Microsoft.CppBuild.targets(1129,5): warning MSB8027: ╨┤╨▓╨░ ╨╕╨╗╨╕ ╨▒╨╛╨╗╨╡╨╡ ╤Д╨░╨╣╨╗╨╛╨▓ ╤Б ╨╕╨╝╨╡╨╜╨╡╨╝ LevelManagerDelegate.cpp ╨▓╤Л╨▓╨╛╨┤╤П╤В ╤А╨╡╨╖╤Г╨╗╤М╤В╨░╤В╤Л ╨▓ ╨╛╨┤╨╜╨╛ ╨╕ ╤В╨╛ ╨╢╨╡ ╤А╨░╤Б╨┐╨╛╨╗╨╛╨╢╨╡╨╜╨╕╨╡. ╨н╤В╨╛ ╨╝╨╛╨╢╨╡╤В ╤Б╤В╨░╤В╤М ╨┐╤А╨╕╤З╨╕╨╜╨╛╨╣ ╨╜╨╡╨▓╨╡╤А╨╜╨╛╨│╨╛ ╤А╨╡╨╖╤Г╨╗╤М╤В╨░╤В╨░ ╤Б╨▒╨╛╤А╨║╨╕.  ╨Т╨║╨╗╤О╤З╨╡╨╜╨╜╤Л╨╡ ╤Д╨░╨╣╨╗╤Л тАФ C:\Users\KusokMedi\Documents\GitHub\BetterShowcase\build\_deps\bindings-src\bindings\2.2081\inline\LevelManagerDelegate.cpp, C:\Users\KusokMedi\Documents\GitHub\BetterShowcase\build\bindings\bindings\Geode\source\LevelManagerDelegate.cpp. [C:\Users\KusokMedi\Documents\GitHub\BetterShowcase\build\bindings\GeodeBindings.vcxproj]
C:\Program Files (x86)\Microsoft Visual Studio\2022\BuildTools\MSBuild\Microsoft\VC\v170\Microsoft.CppBuild.targets(1129,5): warning MSB8027: ╨┤╨▓╨░ ╨╕╨╗╨╕ ╨▒╨╛╨╗╨╡╨╡ ╤Д╨░╨╣╨╗╨╛╨▓ ╤Б ╨╕╨╝╨╡╨╜╨╡╨╝ LevelOptionsLayer.cpp ╨▓╤Л╨▓╨╛╨┤╤П╤В ╤А╨╡╨╖╤Г╨╗╤М╤В╨░╤В╤Л ╨▓ ╨╛╨┤╨╜╨╛ ╨╕ ╤В╨╛ ╨╢╨╡ ╤А╨░╤Б╨┐╨╛╨╗╨╛╨╢╨╡╨╜╨╕╨╡. ╨н╤В╨╛ ╨╝╨╛╨╢╨╡╤В ╤Б╤В╨░╤В╤М ╨┐╤А╨╕╤З╨╕╨╜╨╛╨╣ ╨╜╨╡╨▓╨╡╤А╨╜╨╛╨│╨╛ ╤А╨╡╨╖╤Г╨╗╤М╤В╨░╤В╨░ ╤Б╨▒╨╛╤А╨║╨╕.  ╨Т╨║╨╗╤О╤З╨╡╨╜╨╜╤Л╨╡ ╤Д╨░╨╣╨╗╤Л тАФ C:\Users\KusokMedi\Documents\GitHub\BetterShowcase\build\_deps\bindings-src\bindings\2.2081\inline\LevelOptionsLayer.cpp, C:\Users\KusokMedi\Documents\GitHub\BetterShowcase\build\bindings\bindings\Geode\source\LevelOptionsLayer.cpp. [C:\Users\KusokMedi\Documents\GitHub\BetterShowcase\build\bindings\GeodeBindings.vcxproj]
C:\Program Files (x86)\Microsoft Visual Studio\2022\BuildTools\MSBuild\Microsoft\VC\v170\Microsoft.CppBuild.targets(1129,5): warning MSB8027: ╨┤╨▓╨░ ╨╕╨╗╨╕ ╨▒╨╛╨╗╨╡╨╡ ╤Д╨░╨╣╨╗╨╛╨▓ ╤Б ╨╕╨╝╨╡╨╜╨╡╨╝ LevelOptionsLayer2.cpp ╨▓╤Л╨▓╨╛╨┤╤П╤В ╤А╨╡╨╖╤Г╨╗╤М╤В╨░╤В╤Л ╨▓ ╨╛╨┤╨╜╨╛ ╨╕ ╤В╨╛ ╨╢╨╡ ╤А╨░╤Б╨┐╨╛╨╗╨╛╨╢╨╡╨╜╨╕╨╡. ╨н╤В╨╛ ╨╝╨╛╨╢╨╡╤В ╤Б╤В╨░╤В╤М ╨┐╤А╨╕╤З╨╕╨╜╨╛╨╣ ╨╜╨╡╨▓╨╡╤А╨╜╨╛╨│╨╛ ╤А╨╡╨╖╤Г╨╗╤М╤В╨░╤В╨░ ╤Б╨▒╨╛╤А╨║╨╕.  ╨Т╨║╨╗╤О╤З╨╡╨╜╨╜╤Л╨╡ ╤Д╨░╨╣╨╗╤Л тАФ C:\Users\KusokMedi\Documents\GitHub\BetterShowcase\build\_deps\bindings-src\bindings\2.2081\inline\LevelOptionsLayer2.cpp, C:\Users\KusokMedi\Documents\GitHub\BetterShowcase\build\bindings\bindings\Geode\source\LevelOptionsLayer2.cpp. [C:\Users\KusokMedi\Documents\GitHub\BetterShowcase\build\bindings\GeodeBindings.vcxproj]
C:\Program Files (x86)\Microsoft Visual Studio\2022\BuildTools\MSBuild\Microsoft\VC\v170\Microsoft.CppBuild.targets(1129,5): warning MSB8027: ╨┤╨▓╨░ ╨╕╨╗╨╕ ╨▒╨╛╨╗╨╡╨╡ ╤Д╨░╨╣╨╗╨╛╨▓ ╤Б ╨╕╨╝╨╡╨╜╨╡╨╝ LevelPage.cpp ╨▓╤Л╨▓╨╛╨┤╤П╤В ╤А╨╡╨╖╤Г╨╗╤М╤В╨░╤В╤Л ╨▓ ╨╛╨┤╨╜╨╛ ╨╕ ╤В╨╛ ╨╢╨╡ ╤А╨░╤Б╨┐╨╛╨╗╨╛╨╢╨╡╨╜╨╕╨╡. ╨н╤В╨╛ ╨╝╨╛╨╢╨╡╤В ╤Б╤В╨░╤В╤М ╨┐╤А╨╕╤З╨╕╨╜╨╛╨╣ ╨╜╨╡╨▓╨╡╤А╨╜╨╛╨│╨╛ ╤А╨╡╨╖╤Г╨╗╤М╤В╨░╤В╨░ ╤Б╨▒╨╛╤А╨║╨╕.  ╨Т╨║╨╗╤О╤З╨╡╨╜╨╜╤Л╨╡ ╤Д╨░╨╣╨╗╤Л тАФ C:\Users\KusokMedi\Documents\GitHub\BetterShowcase\build\_deps\bindings-src\bindings\2.2081\inline\LevelPage.cpp, C:\Users\KusokMedi\Documents\GitHub\BetterShowcase\build\bindings\bindings\Geode\source\LevelPage.cpp. [C:\Users\KusokMedi\Documents\GitHub\BetterShowcase\build\bindings\GeodeBindings.vcxproj]
C:\Program Files (x86)\Microsoft Visual Studio\2022\BuildTools\MSBuild\Microsoft\VC\v170\Microsoft.CppBuild.targets(1129,5): warning MSB8027: ╨┤╨▓╨░ ╨╕╨╗╨╕ ╨▒╨╛╨╗╨╡╨╡ ╤Д╨░╨╣╨╗╨╛╨▓ ╤Б ╨╕╨╝╨╡╨╜╨╡╨╝ LevelRateInfoDelegate.cpp ╨▓╤Л╨▓╨╛╨┤╤П╤В ╤А╨╡╨╖╤Г╨╗╤М╤В╨░╤В╤Л ╨▓ ╨╛╨┤╨╜╨╛ ╨╕ ╤В╨╛ ╨╢╨╡ ╤А╨░╤Б╨┐╨╛╨╗╨╛╨╢╨╡╨╜╨╕╨╡. ╨н╤В╨╛ ╨╝╨╛╨╢╨╡╤В ╤Б╤В╨░╤В╤М ╨┐╤А╨╕╤З╨╕╨╜╨╛╨╣ ╨╜╨╡╨▓╨╡╤А╨╜╨╛╨│╨╛ ╤А╨╡╨╖╤Г╨╗╤М╤В╨░╤В╨░ ╤Б╨▒╨╛╤А╨║╨╕.  ╨Т╨║╨╗╤О╤З╨╡╨╜╨╜╤Л╨╡ ╤Д╨░╨╣╨╗╤Л тАФ C:\Users\KusokMedi\Documents\GitHub\BetterShowcase\build\_deps\bindings-src\bindings\2.2081\inline\LevelRateInfoDelegate.cpp, C:\Users\KusokMedi\Documents\GitHub\BetterShowcase\build\bindings\bindings\Geode\source\LevelRateInfoDelegate.cpp. [C:\Users\KusokMedi\Documents\GitHub\BetterShowcase\build\bindings\GeodeBindings.vcxproj]
C:\Program Files (x86)\Microsoft Visual Studio\2022\BuildTools\MSBuild\Microsoft\VC\v170\Microsoft.CppBuild.targets(1129,5): warning MSB8027: ╨┤╨▓╨░ ╨╕╨╗╨╕ ╨▒╨╛╨╗╨╡╨╡ ╤Д╨░╨╣╨╗╨╛╨▓ ╤Б ╨╕╨╝╨╡╨╜╨╡╨╝ LevelSearchLayer.cpp ╨▓╤Л╨▓╨╛╨┤╤П╤В ╤А╨╡╨╖╤Г╨╗╤М╤В╨░╤В╤Л ╨▓ ╨╛╨┤╨╜╨╛ ╨╕ ╤В╨╛ ╨╢╨╡ ╤А╨░╤Б╨┐╨╛╨╗╨╛╨╢╨╡╨╜╨╕╨╡. ╨н╤В╨╛ ╨╝╨╛╨╢╨╡╤В ╤Б╤В╨░╤В╤М ╨┐╤А╨╕╤З╨╕╨╜╨╛╨╣ ╨╜╨╡╨▓╨╡╤А╨╜╨╛╨│╨╛ ╤А╨╡╨╖╤Г╨╗╤М╤В╨░╤В╨░ ╤Б╨▒╨╛╤А╨║╨╕.  ╨Т╨║╨╗╤О╤З╨╡╨╜╨╜╤Л╨╡ ╤Д╨░╨╣╨╗╤Л тАФ C:\Users\KusokMedi\Documents\GitHub\BetterShowcase\build\_deps\bindings-src\bindings\2.2081\inline\LevelSearchLayer.cpp, C:\Users\KusokMedi\Documents\GitHub\BetterShowcase\build\bindings\bindings\Geode\source\LevelSearchLayer.cpp. [C:\Users\KusokMedi\Documents\GitHub\BetterShowcase\build\bindings\GeodeBindings.vcxproj]
C:\Program Files (x86)\Microsoft Visual Studio\2022\BuildTools\MSBuild\Microsoft\VC\v170\Microsoft.CppBuild.targets(1129,5): warning MSB8027: ╨┤╨▓╨░ ╨╕╨╗╨╕ ╨▒╨╛╨╗╨╡╨╡ ╤Д╨░╨╣╨╗╨╛╨▓ ╤Б ╨╕╨╝╨╡╨╜╨╡╨╝ LevelSelectLayer.cpp ╨▓╤Л╨▓╨╛╨┤╤П╤В ╤А╨╡╨╖╤Г╨╗╤М╤В╨░╤В╤Л ╨▓ ╨╛╨┤╨╜╨╛ ╨╕ ╤В╨╛ ╨╢╨╡ ╤А╨░╤Б╨┐╨╛╨╗╨╛╨╢╨╡╨╜╨╕╨╡. ╨н╤В╨╛ ╨╝╨╛╨╢╨╡╤В ╤Б╤В╨░╤В╤М ╨┐╤А╨╕╤З╨╕╨╜╨╛╨╣ ╨╜╨╡╨▓╨╡╤А╨╜╨╛╨│╨╛ ╤А╨╡╨╖╤Г╨╗╤М╤В╨░╤В╨░ ╤Б╨▒╨╛╤А╨║╨╕.  ╨Т╨║╨╗╤О╤З╨╡╨╜╨╜╤Л╨╡ ╤Д╨░╨╣╨╗╤Л тАФ C:\Users\KusokMedi\Documents\GitHub\BetterShowcase\build\_deps\bindings-src\bindings\2.2081\inline\LevelSelectLayer.cpp, C:\Users\KusokMedi\Documents\GitHub\BetterShowcase\build\bindings\bindings\Geode\source\LevelSelectLayer.cpp. [C:\Users\KusokMedi\Documents\GitHub\BetterShowcase\build\bindings\GeodeBindings.vcxproj]
C:\Program Files (x86)\Microsoft Visual Studio\2022\BuildTools\MSBuild\Microsoft\VC\v170\Microsoft.CppBuild.targets(1129,5): warning MSB8027: ╨┤╨▓╨░ ╨╕╨╗╨╕ ╨▒╨╛╨╗╨╡╨╡ ╤Д╨░╨╣╨╗╨╛╨▓ ╤Б ╨╕╨╝╨╡╨╜╨╡╨╝ LevelSettingsDelegate.cpp ╨▓╤Л╨▓╨╛╨┤╤П╤В ╤А╨╡╨╖╤Г╨╗╤М╤В╨░╤В╤Л ╨▓ ╨╛╨┤╨╜╨╛ ╨╕ ╤В╨╛ ╨╢╨╡ ╤А╨░╤Б╨┐╨╛╨╗╨╛╨╢╨╡╨╜╨╕╨╡. ╨н╤В╨╛ ╨╝╨╛╨╢╨╡╤В ╤Б╤В╨░╤В╤М ╨┐╤А╨╕╤З╨╕╨╜╨╛╨╣ ╨╜╨╡╨▓╨╡╤А╨╜╨╛╨│╨╛ ╤А╨╡╨╖╤Г╨╗╤М╤В╨░╤В╨░ ╤Б╨▒╨╛╤А╨║╨╕.  ╨Т╨║╨╗╤О╤З╨╡╨╜╨╜╤Л╨╡ ╤Д╨░╨╣╨╗╤Л тАФ C:\Users\KusokMedi\Documents\GitHub\BetterShowcase\build\_deps\bindings-src\bindings\2.2081\inline\LevelSettingsDelegate.cpp, C:\Users\KusokMedi\Documents\GitHub\BetterShowcase\build\bindings\bindings\Geode\source\LevelSettingsDelegate.cpp. [C:\Users\KusokMedi\Documents\GitHub\BetterShowcase\build\bindings\GeodeBindings.vcxproj]
C:\Program Files (x86)\Microsoft Visual Studio\2022\BuildTools\MSBuild\Microsoft\VC\v170\Microsoft.CppBuild.targets(1129,5): warning MSB8027: ╨┤╨▓╨░ ╨╕╨╗╨╕ ╨▒╨╛╨╗╨╡╨╡ ╤Д╨░╨╣╨╗╨╛╨▓ ╤Б ╨╕╨╝╨╡╨╜╨╡╨╝ LevelSettingsLayer.cpp ╨▓╤Л╨▓╨╛╨┤╤П╤В ╤А╨╡╨╖╤Г╨╗╤М╤В╨░╤В╤Л ╨▓ ╨╛╨┤╨╜╨╛ ╨╕ ╤В╨╛ ╨╢╨╡ ╤А╨░╤Б╨┐╨╛╨╗╨╛╨╢╨╡╨╜╨╕╨╡. ╨н╤В╨╛ ╨╝╨╛╨╢╨╡╤В ╤Б╤В╨░╤В╤М ╨┐╤А╨╕╤З╨╕╨╜╨╛╨╣ ╨╜╨╡╨▓╨╡╤А╨╜╨╛╨│╨╛ ╤А╨╡╨╖╤Г╨╗╤М╤В╨░╤В╨░ ╤Б╨▒╨╛╤А╨║╨╕.  ╨Т╨║╨╗╤О╤З╨╡╨╜╨╜╤Л╨╡ ╤Д╨░╨╣╨╗╤Л тАФ C:\Users\KusokMedi\Documents\GitHub\BetterShowcase\build\_deps\bindings-src\bindings\2.2081\inline\LevelSettingsLayer.cpp, C:\Users\KusokMedi\Documents\GitHub\BetterShowcase\build\bindings\bindings\Geode\source\LevelSettingsLayer.cpp. [C:\Users\KusokMedi\Documents\GitHub\BetterShowcase\build\bindings\GeodeBindings.vcxproj]
C:\Program Files (x86)\Microsoft Visual Studio\2022\BuildTools\MSBuild\Microsoft\VC\v170\Microsoft.CppBuild.targets(1129,5): warning MSB8027: ╨┤╨▓╨░ ╨╕╨╗╨╕ ╨▒╨╛╨╗╨╡╨╡ ╤Д╨░╨╣╨╗╨╛╨▓ ╤Б ╨╕╨╝╨╡╨╜╨╡╨╝ LevelSettingsObject.cpp ╨▓╤Л╨▓╨╛╨┤╤П╤В ╤А╨╡╨╖╤Г╨╗╤М╤В╨░╤В╤Л ╨▓ ╨╛╨┤╨╜╨╛ ╨╕ ╤В╨╛ ╨╢╨╡ ╤А╨░╤Б╨┐╨╛╨╗╨╛╨╢╨╡╨╜╨╕╨╡. ╨н╤В╨╛ ╨╝╨╛╨╢╨╡╤В ╤Б╤В╨░╤В╤М ╨┐╤А╨╕╤З╨╕╨╜╨╛╨╣ ╨╜╨╡╨▓╨╡╤А╨╜╨╛╨│╨╛ ╤А╨╡╨╖╤Г╨╗╤М╤В╨░╤В╨░ ╤Б╨▒╨╛╤А╨║╨╕.  ╨Т╨║╨╗╤О╤З╨╡╨╜╨╜╤Л╨╡ ╤Д╨░╨╣╨╗╤Л тАФ C:\Users\KusokMedi\Documents\GitHub\BetterShowcase\build\_deps\bindings-src\bindings\2.2081\inline\LevelSettingsObject.cpp, C:\Users\KusokMedi\Documents\GitHub\BetterShowcase\build\bindings\bindings\Geode\source\LevelSettingsObject.cpp. [C:\Users\KusokMedi\Documents\GitHub\BetterShowcase\build\bindings\GeodeBindings.vcxproj]
C:\Program Files (x86)\Microsoft Visual Studio\2022\BuildTools\MSBuild\Microsoft\VC\v170\Microsoft.CppBuild.targets(1129,5): warning MSB8027: ╨┤╨▓╨░ ╨╕╨╗╨╕ ╨▒╨╛╨╗╨╡╨╡ ╤Д╨░╨╣╨╗╨╛╨▓ ╤Б ╨╕╨╝╨╡╨╜╨╡╨╝ LevelTools.cpp ╨▓╤Л╨▓╨╛╨┤╤П╤В ╤А╨╡╨╖╤Г╨╗╤М╤В╨░╤В╤Л ╨▓ ╨╛╨┤╨╜╨╛ ╨╕ ╤В╨╛ ╨╢╨╡ ╤А╨░╤Б╨┐╨╛╨╗╨╛╨╢╨╡╨╜╨╕╨╡. ╨н╤В╨╛ ╨╝╨╛╨╢╨╡╤В ╤Б╤В╨░╤В╤М ╨┐╤А╨╕╤З╨╕╨╜╨╛╨╣ ╨╜╨╡╨▓╨╡╤А╨╜╨╛╨│╨╛ ╤А╨╡╨╖╤Г╨╗╤М╤В╨░╤В╨░ ╤Б╨▒╨╛╤А╨║╨╕.  ╨Т╨║╨╗╤О╤З╨╡╨╜╨╜╤Л╨╡ ╤Д╨░╨╣╨╗╤Л тАФ C:\Users\KusokMedi\Documents\GitHub\BetterShowcase\build\_deps\bindings-src\bindings\2.2081\inline\LevelTools.cpp, C:\Users\KusokMedi\Documents\GitHub\BetterShowcase\build\bindings\bindings\Geode\source\LevelTools.cpp. [C:\Users\KusokMedi\Documents\GitHub\BetterShowcase\build\bindings\GeodeBindings.vcxproj]
C:\Program Files (x86)\Microsoft Visual Studio\2022\BuildTools\MSBuild\Microsoft\VC\v170\Microsoft.CppBuild.targets(1129,5): warning MSB8027: ╨┤╨▓╨░ ╨╕╨╗╨╕ ╨▒╨╛╨╗╨╡╨╡ ╤Д╨░╨╣╨╗╨╛╨▓ ╤Б ╨╕╨╝╨╡╨╜╨╡╨╝ LevelUpdateDelegate.cpp ╨▓╤Л╨▓╨╛╨┤╤П╤В ╤А╨╡╨╖╤Г╨╗╤М╤В╨░╤В╤Л ╨▓ ╨╛╨┤╨╜╨╛ ╨╕ ╤В╨╛ ╨╢╨╡ ╤А╨░╤Б╨┐╨╛╨╗╨╛╨╢╨╡╨╜╨╕╨╡. ╨н╤В╨╛ ╨╝╨╛╨╢╨╡╤В ╤Б╤В╨░╤В╤М ╨┐╤А╨╕╤З╨╕╨╜╨╛╨╣ ╨╜╨╡╨▓╨╡╤А╨╜╨╛╨│╨╛ ╤А╨╡╨╖╤Г╨╗╤М╤В╨░╤В╨░ ╤Б╨▒╨╛╤А╨║╨╕.  ╨Т╨║╨╗╤О╤З╨╡╨╜╨╜╤Л╨╡ ╤Д╨░╨╣╨╗╤Л тАФ C:\Users\KusokMedi\Documents\GitHub\BetterShowcase\build\_deps\bindings-src\bindings\2.2081\inline\LevelUpdateDelegate.cpp, C:\Users\KusokMedi\Documents\GitHub\BetterShowcase\build\bindings\bindings\Geode\source\LevelUpdateDelegate.cpp. [C:\Users\KusokMedi\Documents\GitHub\BetterShowcase\build\bindings\GeodeBindings.vcxproj]
C:\Program Files (x86)\Microsoft Visual Studio\2022\BuildTools\MSBuild\Microsoft\VC\v170\Microsoft.CppBuild.targets(1129,5): warning MSB8027: ╨┤╨▓╨░ ╨╕╨╗╨╕ ╨▒╨╛╨╗╨╡╨╡ ╤Д╨░╨╣╨╗╨╛╨▓ ╤Б ╨╕╨╝╨╡╨╜╨╡╨╝ LevelUploadDelegate.cpp ╨▓╤Л╨▓╨╛╨┤╤П╤В ╤А╨╡╨╖╤Г╨╗╤М╤В╨░╤В╤Л ╨▓ ╨╛╨┤╨╜╨╛ ╨╕ ╤В╨╛ ╨╢╨╡ ╤А╨░╤Б╨┐╨╛╨╗╨╛╨╢╨╡╨╜╨╕╨╡. ╨н╤В╨╛ ╨╝╨╛╨╢╨╡╤В ╤Б╤В╨░╤В╤М ╨┐╤А╨╕╤З╨╕╨╜╨╛╨╣ ╨╜╨╡╨▓╨╡╤А╨╜╨╛╨│╨╛ ╤А╨╡╨╖╤Г╨╗╤М╤В╨░╤В╨░ ╤Б╨▒╨╛╤А╨║╨╕.  ╨Т╨║╨╗╤О╤З╨╡╨╜╨╜╤Л╨╡ ╤Д╨░╨╣╨╗╤Л тАФ C:\Users\KusokMedi\Documents\GitHub\BetterShowcase\build\_deps\bindings-src\bindings\2.2081\inline\LevelUploadDelegate.cpp, C:\Users\KusokMedi\Documents\GitHub\BetterShowcase\build\bindings\bindings\Geode\source\LevelUploadDelegate.cpp. [C:\Users\KusokMedi\Documents\GitHub\BetterShowcase\build\bindings\GeodeBindings.vcxproj]
C:\Program Files (x86)\Microsoft Visual Studio\2022\BuildTools\MSBuild\Microsoft\VC\v170\Microsoft.CppBuild.targets(1129,5): warning MSB8027: ╨┤╨▓╨░ ╨╕╨╗╨╕ ╨▒╨╛╨╗╨╡╨╡ ╤Д╨░╨╣╨╗╨╛╨▓ ╤Б ╨╕╨╝╨╡╨╜╨╡╨╝ LikeItemDelegate.cpp ╨▓╤Л╨▓╨╛╨┤╤П╤В ╤А╨╡╨╖╤Г╨╗╤М╤В╨░╤В╤Л ╨▓ ╨╛╨┤╨╜╨╛ ╨╕ ╤В╨╛ ╨╢╨╡ ╤А╨░╤Б╨┐╨╛╨╗╨╛╨╢╨╡╨╜╨╕╨╡. ╨н╤В╨╛ ╨╝╨╛╨╢╨╡╤В ╤Б╤В╨░╤В╤М ╨┐╤А╨╕╤З╨╕╨╜╨╛╨╣ ╨╜╨╡╨▓╨╡╤А╨╜╨╛╨│╨╛ ╤А╨╡╨╖╤Г╨╗╤М╤В╨░╤В╨░ ╤Б╨▒╨╛╤А╨║╨╕.  ╨Т╨║╨╗╤О╤З╨╡╨╜╨╜╤Л╨╡ ╤Д╨░╨╣╨╗╤Л тАФ C:\Users\KusokMedi\Documents\GitHub\BetterShowcase\build\_deps\bindings-src\bindings\2.2081\inline\LikeItemDelegate.cpp, C:\Users\KusokMedi\Documents\GitHub\BetterShowcase\build\bindings\bindings\Geode\source\LikeItemDelegate.cpp. [C:\Users\KusokMedi\Documents\GitHub\BetterShowcase\build\bindings\GeodeBindings.vcxproj]
C:\Program Files (x86)\Microsoft Visual Studio\2022\BuildTools\MSBuild\Microsoft\VC\v170\Microsoft.CppBuild.targets(1129,5): warning MSB8027: ╨┤╨▓╨░ ╨╕╨╗╨╕ ╨▒╨╛╨╗╨╡╨╡ ╤Д╨░╨╣╨╗╨╛╨▓ ╤Б ╨╕╨╝╨╡╨╜╨╡╨╝ LikeItemLayer.cpp ╨▓╤Л╨▓╨╛╨┤╤П╤В ╤А╨╡╨╖╤Г╨╗╤М╤В╨░╤В╤Л ╨▓ ╨╛╨┤╨╜╨╛ ╨╕ ╤В╨╛ ╨╢╨╡ ╤А╨░╤Б╨┐╨╛╨╗╨╛╨╢╨╡╨╜╨╕╨╡. ╨н╤В╨╛ ╨╝╨╛╨╢╨╡╤В ╤Б╤В╨░╤В╤М ╨┐╤А╨╕╤З╨╕╨╜╨╛╨╣ ╨╜╨╡╨▓╨╡╤А╨╜╨╛╨│╨╛ ╤А╨╡╨╖╤Г╨╗╤М╤В╨░╤В╨░ ╤Б╨▒╨╛╤А╨║╨╕.  ╨Т╨║╨╗╤О╤З╨╡╨╜╨╜╤Л╨╡ ╤Д╨░╨╣╨╗╤Л тАФ C:\Users\KusokMedi\Documents\GitHub\BetterShowcase\build\_deps\bindings-src\bindings\2.2081\inline\LikeItemLayer.cpp, C:\Users\KusokMedi\Documents\GitHub\BetterShowcase\build\bindings\bindings\Geode\source\LikeItemLayer.cpp. [C:\Users\KusokMedi\Documents\GitHub\BetterShowcase\build\bindings\GeodeBindings.vcxproj]
C:\Program Files (x86)\Microsoft Visual Studio\2022\BuildTools\MSBuild\Microsoft\VC\v170\Microsoft.CppBuild.targets(1129,5): warning MSB8027: ╨┤╨▓╨░ ╨╕╨╗╨╕ ╨▒╨╛╨╗╨╡╨╡ ╤Д╨░╨╣╨╗╨╛╨▓ ╤Б ╨╕╨╝╨╡╨╜╨╡╨╝ ListButtonBar.cpp ╨▓╤Л╨▓╨╛╨┤╤П╤В ╤А╨╡╨╖╤Г╨╗╤М╤В╨░╤В╤Л ╨▓ ╨╛╨┤╨╜╨╛ ╨╕ ╤В╨╛ ╨╢╨╡ ╤А╨░╤Б╨┐╨╛╨╗╨╛╨╢╨╡╨╜╨╕╨╡. ╨н╤В╨╛ ╨╝╨╛╨╢╨╡╤В ╤Б╤В╨░╤В╤М ╨┐╤А╨╕╤З╨╕╨╜╨╛╨╣ ╨╜╨╡╨▓╨╡╤А╨╜╨╛╨│╨╛ ╤А╨╡╨╖╤Г╨╗╤М╤В╨░╤В╨░ ╤Б╨▒╨╛╤А╨║╨╕.  ╨Т╨║╨╗╤О╤З╨╡╨╜╨╜╤Л╨╡ ╤Д╨░╨╣╨╗╤Л тАФ C:\Users\KusokMedi\Documents\GitHub\BetterShowcase\build\_deps\bindings-src\bindings\2.2081\inline\ListButtonBar.cpp, C:\Users\KusokMedi\Documents\GitHub\BetterShowcase\build\bindings\bindings\Geode\source\ListButtonBar.cpp. [C:\Users\KusokMedi\Documents\GitHub\BetterShowcase\build\bindings\GeodeBindings.vcxproj]
C:\Program Files (x86)\Microsoft Visual Studio\2022\BuildTools\MSBuild\Microsoft\VC\v170\Microsoft.CppBuild.targets(1129,5): warning MSB8027: ╨┤╨▓╨░ ╨╕╨╗╨╕ ╨▒╨╛╨╗╨╡╨╡ ╤Д╨░╨╣╨╗╨╛╨▓ ╤Б ╨╕╨╝╨╡╨╜╨╡╨╝ ListButtonBarDelegate.cpp ╨▓╤Л╨▓╨╛╨┤╤П╤В ╤А╨╡╨╖╤Г╨╗╤М╤В╨░╤В╤Л ╨▓ ╨╛╨┤╨╜╨╛ ╨╕ ╤В╨╛ ╨╢╨╡ ╤А╨░╤Б╨┐╨╛╨╗╨╛╨╢╨╡╨╜╨╕╨╡. ╨н╤В╨╛ ╨╝╨╛╨╢╨╡╤В ╤Б╤В╨░╤В╤М ╨┐╤А╨╕╤З╨╕╨╜╨╛╨╣ ╨╜╨╡╨▓╨╡╤А╨╜╨╛╨│╨╛ ╤А╨╡╨╖╤Г╨╗╤М╤В╨░╤В╨░ ╤Б╨▒╨╛╤А╨║╨╕.  ╨Т╨║╨╗╤О╤З╨╡╨╜╨╜╤Л╨╡ ╤Д╨░╨╣╨╗╤Л тАФ C:\Users\KusokMedi\Documents\GitHub\BetterShowcase\build\_deps\bindings-src\bindings\2.2081\inline\ListButtonBarDelegate.cpp, C:\Users\KusokMedi\Documents\GitHub\BetterShowcase\build\bindings\bindings\Geode\source\ListButtonBarDelegate.cpp. [C:\Users\KusokMedi\Documents\GitHub\BetterShowcase\build\bindings\GeodeBindings.vcxproj]
C:\Program Files (x86)\Microsoft Visual Studio\2022\BuildTools\MSBuild\Microsoft\VC\v170\Microsoft.CppBuild.targets(1129,5): warning MSB8027: ╨┤╨▓╨░ ╨╕╨╗╨╕ ╨▒╨╛╨╗╨╡╨╡ ╤Д╨░╨╣╨╗╨╛╨▓ ╤Б ╨╕╨╝╨╡╨╜╨╡╨╝ ListButtonPage.cpp ╨▓╤Л╨▓╨╛╨┤╤П╤В ╤А╨╡╨╖╤Г╨╗╤М╤В╨░╤В╤Л ╨▓ ╨╛╨┤╨╜╨╛ ╨╕ ╤В╨╛ ╨╢╨╡ ╤А╨░╤Б╨┐╨╛╨╗╨╛╨╢╨╡╨╜╨╕╨╡. ╨н╤В╨╛ ╨╝╨╛╨╢╨╡╤В ╤Б╤В╨░╤В╤М ╨┐╤А╨╕╤З╨╕╨╜╨╛╨╣ ╨╜╨╡╨▓╨╡╤А╨╜╨╛╨│╨╛ ╤А╨╡╨╖╤Г╨╗╤М╤В╨░╤В╨░ ╤Б╨▒╨╛╤А╨║╨╕.  ╨Т╨║╨╗╤О╤З╨╡╨╜╨╜╤Л╨╡ ╤Д╨░╨╣╨╗╤Л тАФ C:\Users\KusokMedi\Documents\GitHub\BetterShowcase\build\_deps\bindings-src\bindings\2.2081\inline\ListButtonPage.cpp, C:\Users\KusokMedi\Documents\GitHub\BetterShowcase\build\bindings\bindings\Geode\source\ListButtonPage.cpp. [C:\Users\KusokMedi\Documents\GitHub\BetterShowcase\build\bindings\GeodeBindings.vcxproj]
C:\Program Files (x86)\Microsoft Visual Studio\2022\BuildTools\MSBuild\Microsoft\VC\v170\Microsoft.CppBuild.targets(1129,5): warning MSB8027: ╨┤╨▓╨░ ╨╕╨╗╨╕ ╨▒╨╛╨╗╨╡╨╡ ╤Д╨░╨╣╨╗╨╛╨▓ ╤Б ╨╕╨╝╨╡╨╜╨╡╨╝ ListCell.cpp ╨▓╤Л╨▓╨╛╨┤╤П╤В ╤А╨╡╨╖╤Г╨╗╤М╤В╨░╤В╤Л ╨▓ ╨╛╨┤╨╜╨╛ ╨╕ ╤В╨╛ ╨╢╨╡ ╤А╨░╤Б╨┐╨╛╨╗╨╛╨╢╨╡╨╜╨╕╨╡. ╨н╤В╨╛ ╨╝╨╛╨╢╨╡╤В ╤Б╤В╨░╤В╤М ╨┐╤А╨╕╤З╨╕╨╜╨╛╨╣ ╨╜╨╡╨▓╨╡╤А╨╜╨╛╨│╨╛ ╤А╨╡╨╖╤Г╨╗╤М╤В╨░╤В╨░ ╤Б╨▒╨╛╤А╨║╨╕.  ╨Т╨║╨╗╤О╤З╨╡╨╜╨╜╤Л╨╡ ╤Д╨░╨╣╨╗╤Л тАФ C:\Users\KusokMedi\Documents\GitHub\BetterShowcase\build\_deps\bindings-src\bindings\2.2081\inline\ListCell.cpp, C:\Users\KusokMedi\Documents\GitHub\BetterShowcase\build\bindings\bindings\Geode\source\ListCell.cpp. [C:\Users\KusokMedi\Documents\GitHub\BetterShowcase\build\bindings\GeodeBindings.vcxproj]
C:\Program Files (x86)\Microsoft Visual Studio\2022\BuildTools\MSBuild\Microsoft\VC\v170\Microsoft.CppBuild.targets(1129,5): warning MSB8027: ╨┤╨▓╨░ ╨╕╨╗╨╕ ╨▒╨╛╨╗╨╡╨╡ ╤Д╨░╨╣╨╗╨╛╨▓ ╤Б ╨╕╨╝╨╡╨╜╨╡╨╝ ListUploadDelegate.cpp ╨▓╤Л╨▓╨╛╨┤╤П╤В ╤А╨╡╨╖╤Г╨╗╤М╤В╨░╤В╤Л ╨▓ ╨╛╨┤╨╜╨╛ ╨╕ ╤В╨╛ ╨╢╨╡ ╤А╨░╤Б╨┐╨╛╨╗╨╛╨╢╨╡╨╜╨╕╨╡. ╨н╤В╨╛ ╨╝╨╛╨╢╨╡╤В ╤Б╤В╨░╤В╤М ╨┐╤А╨╕╤З╨╕╨╜╨╛╨╣ ╨╜╨╡╨▓╨╡╤А╨╜╨╛╨│╨╛ ╤А╨╡╨╖╤Г╨╗╤М╤В╨░╤В╨░ ╤Б╨▒╨╛╤А╨║╨╕.  ╨Т╨║╨╗╤О╤З╨╡╨╜╨╜╤Л╨╡ ╤Д╨░╨╣╨╗╤Л тАФ C:\Users\KusokMedi\Documents\GitHub\BetterShowcase\build\_deps\bindings-src\bindings\2.2081\inline\ListUploadDelegate.cpp, C:\Users\KusokMedi\Documents\GitHub\BetterShowcase\build\bindings\bindings\Geode\source\ListUploadDelegate.cpp. [C:\Users\KusokMedi\Documents\GitHub\BetterShowcase\build\bindings\GeodeBindings.vcxproj]
C:\Program Files (x86)\Microsoft Visual Studio\2022\BuildTools\MSBuild\Microsoft\VC\v170\Microsoft.CppBuild.targets(1129,5): warning MSB8027: ╨┤╨▓╨░ ╨╕╨╗╨╕ ╨▒╨╛╨╗╨╡╨╡ ╤Д╨░╨╣╨╗╨╛╨▓ ╤Б ╨╕╨╝╨╡╨╜╨╡╨╝ LoadingCircle.cpp ╨▓╤Л╨▓╨╛╨┤╤П╤В ╤А╨╡╨╖╤Г╨╗╤М╤В╨░╤В╤Л ╨▓ ╨╛╨┤╨╜╨╛ ╨╕ ╤В╨╛ ╨╢╨╡ ╤А╨░╤Б╨┐╨╛╨╗╨╛╨╢╨╡╨╜╨╕╨╡. ╨н╤В╨╛ ╨╝╨╛╨╢╨╡╤В ╤Б╤В╨░╤В╤М ╨┐╤А╨╕╤З╨╕╨╜╨╛╨╣ ╨╜╨╡╨▓╨╡╤А╨╜╨╛╨│╨╛ ╤А╨╡╨╖╤Г╨╗╤М╤В╨░╤В╨░ ╤Б╨▒╨╛╤А╨║╨╕.  ╨Т╨║╨╗╤О╤З╨╡╨╜╨╜╤Л╨╡ ╤Д╨░╨╣╨╗╤Л тАФ C:\Users\KusokMedi\Documents\GitHub\BetterShowcase\build\_deps\bindings-src\bindings\2.2081\inline\LoadingCircle.cpp, C:\Users\KusokMedi\Documents\GitHub\BetterShowcase\build\bindings\bindings\Geode\source\LoadingCircle.cpp. [C:\Users\KusokMedi\Documents\GitHub\BetterShowcase\build\bindings\GeodeBindings.vcxproj]
C:\Program Files (x86)\Microsoft Visual Studio\2022\BuildTools\MSBuild\Microsoft\VC\v170\Microsoft.CppBuild.targets(1129,5): warning MSB8027: ╨┤╨▓╨░ ╨╕╨╗╨╕ ╨▒╨╛╨╗╨╡╨╡ ╤Д╨░╨╣╨╗╨╛╨▓ ╤Б ╨╕╨╝╨╡╨╜╨╡╨╝ LoadingCircleSprite.cpp ╨▓╤Л╨▓╨╛╨┤╤П╤В ╤А╨╡╨╖╤Г╨╗╤М╤В╨░╤В╤Л ╨▓ ╨╛╨┤╨╜╨╛ ╨╕ ╤В╨╛ ╨╢╨╡ ╤А╨░╤Б╨┐╨╛╨╗╨╛╨╢╨╡╨╜╨╕╨╡. ╨н╤В╨╛ ╨╝╨╛╨╢╨╡╤В ╤Б╤В╨░╤В╤М ╨┐╤А╨╕╤З╨╕╨╜╨╛╨╣ ╨╜╨╡╨▓╨╡╤А╨╜╨╛╨│╨╛ ╤А╨╡╨╖╤Г╨╗╤М╤В╨░╤В╨░ ╤Б╨▒╨╛╤А╨║╨╕.  ╨Т╨║╨╗╤О╤З╨╡╨╜╨╜╤Л╨╡ ╤Д╨░╨╣╨╗╤Л тАФ C:\Users\KusokMedi\Documents\GitHub\BetterShowcase\build\_deps\bindings-src\bindings\2.2081\inline\LoadingCircleSprite.cpp, C:\Users\KusokMedi\Documents\GitHub\BetterShowcase\build\bindings\bindings\Geode\source\LoadingCircleSprite.cpp. [C:\Users\KusokMedi\Documents\GitHub\BetterShowcase\build\bindings\GeodeBindings.vcxproj]
C:\Program Files (x86)\Microsoft Visual Studio\2022\BuildTools\MSBuild\Microsoft\VC\v170\Microsoft.CppBuild.targets(1129,5): warning MSB8027: ╨┤╨▓╨░ ╨╕╨╗╨╕ ╨▒╨╛╨╗╨╡╨╡ ╤Д╨░╨╣╨╗╨╛╨▓ ╤Б ╨╕╨╝╨╡╨╜╨╡╨╝ LoadingLayer.cpp ╨▓╤Л╨▓╨╛╨┤╤П╤В ╤А╨╡╨╖╤Г╨╗╤М╤В╨░╤В╤Л ╨▓ ╨╛╨┤╨╜╨╛ ╨╕ ╤В╨╛ ╨╢╨╡ ╤А╨░╤Б╨┐╨╛╨╗╨╛╨╢╨╡╨╜╨╕╨╡. ╨н╤В╨╛ ╨╝╨╛╨╢╨╡╤В ╤Б╤В╨░╤В╤М ╨┐╤А╨╕╤З╨╕╨╜╨╛╨╣ ╨╜╨╡╨▓╨╡╤А╨╜╨╛╨│╨╛ ╤А╨╡╨╖╤Г╨╗╤М╤В╨░╤В╨░ ╤Б╨▒╨╛╤А╨║╨╕.  ╨Т╨║╨╗╤О╤З╨╡╨╜╨╜╤Л╨╡ ╤Д╨░╨╣╨╗╤Л тАФ C:\Users\KusokMedi\Documents\GitHub\BetterShowcase\build\_deps\bindings-src\bindings\2.2081\inline\LoadingLayer.cpp, C:\Users\KusokMedi\Documents\GitHub\BetterShowcase\build\bindings\bindings\Geode\source\LoadingLayer.cpp. [C:\Users\KusokMedi\Documents\GitHub\BetterShowcase\build\bindings\GeodeBindings.vcxproj]
C:\Program Files (x86)\Microsoft Visual Studio\2022\BuildTools\MSBuild\Microsoft\VC\v170\Microsoft.CppBuild.targets(1129,5): warning MSB8027: ╨┤╨▓╨░ ╨╕╨╗╨╕ ╨▒╨╛╨╗╨╡╨╡ ╤Д╨░╨╣╨╗╨╛╨▓ ╤Б ╨╕╨╝╨╡╨╜╨╡╨╝ LocalLevelManager.cpp ╨▓╤Л╨▓╨╛╨┤╤П╤В ╤А╨╡╨╖╤Г╨╗╤М╤В╨░╤В╤Л ╨▓ ╨╛╨┤╨╜╨╛ ╨╕ ╤В╨╛ ╨╢╨╡ ╤А╨░╤Б╨┐╨╛╨╗╨╛╨╢╨╡╨╜╨╕╨╡. ╨н╤В╨╛ ╨╝╨╛╨╢╨╡╤В ╤Б╤В╨░╤В╤М ╨┐╤А╨╕╤З╨╕╨╜╨╛╨╣ ╨╜╨╡╨▓╨╡╤А╨╜╨╛╨│╨╛ ╤А╨╡╨╖╤Г╨╗╤М╤В╨░╤В╨░ ╤Б╨▒╨╛╤А╨║╨╕.  ╨Т╨║╨╗╤О╤З╨╡╨╜╨╜╤Л╨╡ ╤Д╨░╨╣╨╗╤Л тАФ C:\Users\KusokMedi\Documents\GitHub\BetterShowcase\build\_deps\bindings-src\bindings\2.2081\inline\LocalLevelManager.cpp, C:\Users\KusokMedi\Documents\GitHub\BetterShowcase\build\bindings\bindings\Geode\source\LocalLevelManager.cpp. [C:\Users\KusokMedi\Documents\GitHub\BetterShowcase\build\bindings\GeodeBindings.vcxproj]
C:\Program Files (x86)\Microsoft Visual Studio\2022\BuildTools\MSBuild\Microsoft\VC\v170\Microsoft.CppBuild.targets(1129,5): warning MSB8027: ╨┤╨▓╨░ ╨╕╨╗╨╕ ╨▒╨╛╨╗╨╡╨╡ ╤Д╨░╨╣╨╗╨╛╨▓ ╤Б ╨╕╨╝╨╡╨╜╨╡╨╝ MPLobbyLayer.cpp ╨▓╤Л╨▓╨╛╨┤╤П╤В ╤А╨╡╨╖╤Г╨╗╤М╤В╨░╤В╤Л ╨▓ ╨╛╨┤╨╜╨╛ ╨╕ ╤В╨╛ ╨╢╨╡ ╤А╨░╤Б╨┐╨╛╨╗╨╛╨╢╨╡╨╜╨╕╨╡. ╨н╤В╨╛ ╨╝╨╛╨╢╨╡╤В ╤Б╤В╨░╤В╤М ╨┐╤А╨╕╤З╨╕╨╜╨╛╨╣ ╨╜╨╡╨▓╨╡╤А╨╜╨╛╨│╨╛ ╤А╨╡╨╖╤Г╨╗╤М╤В╨░╤В╨░ ╤Б╨▒╨╛╤А╨║╨╕.  ╨Т╨║╨╗╤О╤З╨╡╨╜╨╜╤Л╨╡ ╤Д╨░╨╣╨╗╤Л тАФ C:\Users\KusokMedi\Documents\GitHub\BetterShowcase\build\_deps\bindings-src\bindings\2.2081\inline\MPLobbyLayer.cpp, C:\Users\KusokMedi\Documents\GitHub\BetterShowcase\build\bindings\bindings\Geode\source\MPLobbyLayer.cpp. [C:\Users\KusokMedi\Documents\GitHub\BetterShowcase\build\bindings\GeodeBindings.vcxproj]
C:\Program Files (x86)\Microsoft Visual Studio\2022\BuildTools\MSBuild\Microsoft\VC\v170\Microsoft.CppBuild.targets(1129,5): warning MSB8027: ╨┤╨▓╨░ ╨╕╨╗╨╕ ╨▒╨╛╨╗╨╡╨╡ ╤Д╨░╨╣╨╗╨╛╨▓ ╤Б ╨╕╨╝╨╡╨╜╨╡╨╝ MapPackCell.cpp ╨▓╤Л╨▓╨╛╨┤╤П╤В ╤А╨╡╨╖╤Г╨╗╤М╤В╨░╤В╤Л ╨▓ ╨╛╨┤╨╜╨╛ ╨╕ ╤В╨╛ ╨╢╨╡ ╤А╨░╤Б╨┐╨╛╨╗╨╛╨╢╨╡╨╜╨╕╨╡. ╨н╤В╨╛ ╨╝╨╛╨╢╨╡╤В ╤Б╤В╨░╤В╤М ╨┐╤А╨╕╤З╨╕╨╜╨╛╨╣ ╨╜╨╡╨▓╨╡╤А╨╜╨╛╨│╨╛ ╤А╨╡╨╖╤Г╨╗╤М╤В╨░╤В╨░ ╤Б╨▒╨╛╤А╨║╨╕.  ╨Т╨║╨╗╤О╤З╨╡╨╜╨╜╤Л╨╡ ╤Д╨░╨╣╨╗╤Л тАФ C:\Users\KusokMedi\Documents\GitHub\BetterShowcase\build\_deps\bindings-src\bindings\2.2081\inline\MapPackCell.cpp, C:\Users\KusokMedi\Documents\GitHub\BetterShowcase\build\bindings\bindings\Geode\source\MapPackCell.cpp. [C:\Users\KusokMedi\Documents\GitHub\BetterShowcase\build\bindings\GeodeBindings.vcxproj]
C:\Program Files (x86)\Microsoft Visual Studio\2022\BuildTools\MSBuild\Microsoft\VC\v170\Microsoft.CppBuild.targets(1129,5): warning MSB8027: ╨┤╨▓╨░ ╨╕╨╗╨╕ ╨▒╨╛╨╗╨╡╨╡ ╤Д╨░╨╣╨╗╨╛╨▓ ╤Б ╨╕╨╝╨╡╨╜╨╡╨╝ MapSelectLayer.cpp ╨▓╤Л╨▓╨╛╨┤╤П╤В ╤А╨╡╨╖╤Г╨╗╤М╤В╨░╤В╤Л ╨▓ ╨╛╨┤╨╜╨╛ ╨╕ ╤В╨╛ ╨╢╨╡ ╤А╨░╤Б╨┐╨╛╨╗╨╛╨╢╨╡╨╜╨╕╨╡. ╨н╤В╨╛ ╨╝╨╛╨╢╨╡╤В ╤Б╤В╨░╤В╤М ╨┐╤А╨╕╤З╨╕╨╜╨╛╨╣ ╨╜╨╡╨▓╨╡╤А╨╜╨╛╨│╨╛ ╤А╨╡╨╖╤Г╨╗╤М╤В╨░╤В╨░ ╤Б╨▒╨╛╤А╨║╨╕.  ╨Т╨║╨╗╤О╤З╨╡╨╜╨╜╤Л╨╡ ╤Д╨░╨╣╨╗╤Л тАФ C:\Users\KusokMedi\Documents\GitHub\BetterShowcase\build\_deps\bindings-src\bindings\2.2081\inline\MapSelectLayer.cpp, C:\Users\KusokMedi\Documents\GitHub\BetterShowcase\build\bindings\bindings\Geode\source\MapSelectLayer.cpp. [C:\Users\KusokMedi\Documents\GitHub\BetterShowcase\build\bindings\GeodeBindings.vcxproj]
C:\Program Files (x86)\Microsoft Visual Studio\2022\BuildTools\MSBuild\Microsoft\VC\v170\Microsoft.CppBuild.targets(1129,5): warning MSB8027: ╨┤╨▓╨░ ╨╕╨╗╨╕ ╨▒╨╛╨╗╨╡╨╡ ╤Д╨░╨╣╨╗╨╛╨▓ ╤Б ╨╕╨╝╨╡╨╜╨╡╨╝ MenuGameLayer.cpp ╨▓╤Л╨▓╨╛╨┤╤П╤В ╤А╨╡╨╖╤Г╨╗╤М╤В╨░╤В╤Л ╨▓ ╨╛╨┤╨╜╨╛ ╨╕ ╤В╨╛ ╨╢╨╡ ╤А╨░╤Б╨┐╨╛╨╗╨╛╨╢╨╡╨╜╨╕╨╡. ╨н╤В╨╛ ╨╝╨╛╨╢╨╡╤В ╤Б╤В╨░╤В╤М ╨┐╤А╨╕╤З╨╕╨╜╨╛╨╣ ╨╜╨╡╨▓╨╡╤А╨╜╨╛╨│╨╛ ╤А╨╡╨╖╤Г╨╗╤М╤В╨░╤В╨░ ╤Б╨▒╨╛╤А╨║╨╕.  ╨Т╨║╨╗╤О╤З╨╡╨╜╨╜╤Л╨╡ ╤Д╨░╨╣╨╗╤Л тАФ C:\Users\KusokMedi\Documents\GitHub\BetterShowcase\build\_deps\bindings-src\bindings\2.2081\inline\MenuGameLayer.cpp, C:\Users\KusokMedi\Documents\GitHub\BetterShowcase\build\bindings\bindings\Geode\source\MenuGameLayer.cpp. [C:\Users\KusokMedi\Documents\GitHub\BetterShowcase\build\bindings\GeodeBindings.vcxproj]
C:\Program Files (x86)\Microsoft Visual Studio\2022\BuildTools\MSBuild\Microsoft\VC\v170\Microsoft.CppBuild.targets(1129,5): warning MSB8027: ╨┤╨▓╨░ ╨╕╨╗╨╕ ╨▒╨╛╨╗╨╡╨╡ ╤Д╨░╨╣╨╗╨╛╨▓ ╤Б ╨╕╨╝╨╡╨╜╨╡╨╝ MenuLayer.cpp ╨▓╤Л╨▓╨╛╨┤╤П╤В ╤А╨╡╨╖╤Г╨╗╤М╤В╨░╤В╤Л ╨▓ ╨╛╨┤╨╜╨╛ ╨╕ ╤В╨╛ ╨╢╨╡ ╤А╨░╤Б╨┐╨╛╨╗╨╛╨╢╨╡╨╜╨╕╨╡. ╨н╤В╨╛ ╨╝╨╛╨╢╨╡╤В ╤Б╤В╨░╤В╤М ╨┐╤А╨╕╤З╨╕╨╜╨╛╨╣ ╨╜╨╡╨▓╨╡╤А╨╜╨╛╨│╨╛ ╤А╨╡╨╖╤Г╨╗╤М╤В╨░╤В╨░ ╤Б╨▒╨╛╤А╨║╨╕.  ╨Т╨║╨╗╤О╤З╨╡╨╜╨╜╤Л╨╡ ╤Д╨░╨╣╨╗╤Л тАФ C:\Users\KusokMedi\Documents\GitHub\BetterShowcase\build\_deps\bindings-src\bindings\2.2081\inline\MenuLayer.cpp, C:\Users\KusokMedi\Documents\GitHub\BetterShowcase\build\bindings\bindings\Geode\source\MenuLayer.cpp. [C:\Users\KusokMedi\Documents\GitHub\BetterShowcase\build\bindings\GeodeBindings.vcxproj]
C:\Program Files (x86)\Microsoft Visual Studio\2022\BuildTools\MSBuild\Microsoft\VC\v170\Microsoft.CppBuild.targets(1129,5): warning MSB8027: ╨┤╨▓╨░ ╨╕╨╗╨╕ ╨▒╨╛╨╗╨╡╨╡ ╤Д╨░╨╣╨╗╨╛╨▓ ╤Б ╨╕╨╝╨╡╨╜╨╡╨╝ MessageListDelegate.cpp ╨▓╤Л╨▓╨╛╨┤╤П╤В ╤А╨╡╨╖╤Г╨╗╤М╤В╨░╤В╤Л ╨▓ ╨╛╨┤╨╜╨╛ ╨╕ ╤В╨╛ ╨╢╨╡ ╤А╨░╤Б╨┐╨╛╨╗╨╛╨╢╨╡╨╜╨╕╨╡. ╨н╤В╨╛ ╨╝╨╛╨╢╨╡╤В ╤Б╤В╨░╤В╤М ╨┐╤А╨╕╤З╨╕╨╜╨╛╨╣ ╨╜╨╡╨▓╨╡╤А╨╜╨╛╨│╨╛ ╤А╨╡╨╖╤Г╨╗╤М╤В╨░╤В╨░ ╤Б╨▒╨╛╤А╨║╨╕.  ╨Т╨║╨╗╤О╤З╨╡╨╜╨╜╤Л╨╡ ╤Д╨░╨╣╨╗╤Л тАФ C:\Users\KusokMedi\Documents\GitHub\BetterShowcase\build\_deps\bindings-src\bindings\2.2081\inline\MessageListDelegate.cpp, C:\Users\KusokMedi\Documents\GitHub\BetterShowcase\build\bindings\bindings\Geode\source\MessageListDelegate.cpp. [C:\Users\KusokMedi\Documents\GitHub\BetterShowcase\build\bindings\GeodeBindings.vcxproj]
C:\Program Files (x86)\Microsoft Visual Studio\2022\BuildTools\MSBuild\Microsoft\VC\v170\Microsoft.CppBuild.targets(1129,5): warning MSB8027: ╨┤╨▓╨░ ╨╕╨╗╨╕ ╨▒╨╛╨╗╨╡╨╡ ╤Д╨░╨╣╨╗╨╛╨▓ ╤Б ╨╕╨╝╨╡╨╜╨╡╨╝ MessagesProfilePage.cpp ╨▓╤Л╨▓╨╛╨┤╤П╤В ╤А╨╡╨╖╤Г╨╗╤М╤В╨░╤В╤Л ╨▓ ╨╛╨┤╨╜╨╛ ╨╕ ╤В╨╛ ╨╢╨╡ ╤А╨░╤Б╨┐╨╛╨╗╨╛╨╢╨╡╨╜╨╕╨╡. ╨н╤В╨╛ ╨╝╨╛╨╢╨╡╤В ╤Б╤В╨░╤В╤М ╨┐╤А╨╕╤З╨╕╨╜╨╛╨╣ ╨╜╨╡╨▓╨╡╤А╨╜╨╛╨│╨╛ ╤А╨╡╨╖╤Г╨╗╤М╤В╨░╤В╨░ ╤Б╨▒╨╛╤А╨║╨╕.  ╨Т╨║╨╗╤О╤З╨╡╨╜╨╜╤Л╨╡ ╤Д╨░╨╣╨╗╤Л тАФ C:\Users\KusokMedi\Documents\GitHub\BetterShowcase\build\_deps\bindings-src\bindings\2.2081\inline\MessagesProfilePage.cpp, C:\Users\KusokMedi\Documents\GitHub\BetterShowcase\build\bindings\bindings\Geode\source\MessagesProfilePage.cpp. [C:\Users\KusokMedi\Documents\GitHub\BetterShowcase\build\bindings\GeodeBindings.vcxproj]
C:\Program Files (x86)\Microsoft Visual Studio\2022\BuildTools\MSBuild\Microsoft\VC\v170\Microsoft.CppBuild.targets(1129,5): warning MSB8027: ╨┤╨▓╨░ ╨╕╨╗╨╕ ╨▒╨╛╨╗╨╡╨╡ ╤Д╨░╨╣╨╗╨╛╨▓ ╤Б ╨╕╨╝╨╡╨╜╨╡╨╝ MoreOptionsLayer.cpp ╨▓╤Л╨▓╨╛╨┤╤П╤В ╤А╨╡╨╖╤Г╨╗╤М╤В╨░╤В╤Л ╨▓ ╨╛╨┤╨╜╨╛ ╨╕ ╤В╨╛ ╨╢╨╡ ╤А╨░╤Б╨┐╨╛╨╗╨╛╨╢╨╡╨╜╨╕╨╡. ╨н╤В╨╛ ╨╝╨╛╨╢╨╡╤В ╤Б╤В╨░╤В╤М ╨┐╤А╨╕╤З╨╕╨╜╨╛╨╣ ╨╜╨╡╨▓╨╡╤А╨╜╨╛╨│╨╛ ╤А╨╡╨╖╤Г╨╗╤М╤В╨░╤В╨░ ╤Б╨▒╨╛╤А╨║╨╕.  ╨Т╨║╨╗╤О╤З╨╡╨╜╨╜╤Л╨╡ ╤Д╨░╨╣╨╗╤Л тАФ C:\Users\KusokMedi\Documents\GitHub\BetterShowcase\build\_deps\bindings-src\bindings\2.2081\inline\MoreOptionsLayer.cpp, C:\Users\KusokMedi\Documents\GitHub\BetterShowcase\build\bindings\bindings\Geode\source\MoreOptionsLayer.cpp. [C:\Users\KusokMedi\Documents\GitHub\BetterShowcase\build\bindings\GeodeBindings.vcxproj]
C:\Program Files (x86)\Microsoft Visual Studio\2022\BuildTools\MSBuild\Microsoft\VC\v170\Microsoft.CppBuild.targets(1129,5): warning MSB8027: ╨┤╨▓╨░ ╨╕╨╗╨╕ ╨▒╨╛╨╗╨╡╨╡ ╤Д╨░╨╣╨╗╨╛╨▓ ╤Б ╨╕╨╝╨╡╨╜╨╡╨╝ MoreSearchLayer.cpp ╨▓╤Л╨▓╨╛╨┤╤П╤В ╤А╨╡╨╖╤Г╨╗╤М╤В╨░╤В╤Л ╨▓ ╨╛╨┤╨╜╨╛ ╨╕ ╤В╨╛ ╨╢╨╡ ╤А╨░╤Б╨┐╨╛╨╗╨╛╨╢╨╡╨╜╨╕╨╡. ╨н╤В╨╛ ╨╝╨╛╨╢╨╡╤В ╤Б╤В╨░╤В╤М ╨┐╤А╨╕╤З╨╕╨╜╨╛╨╣ ╨╜╨╡╨▓╨╡╤А╨╜╨╛╨│╨╛ ╤А╨╡╨╖╤Г╨╗╤М╤В╨░╤В╨░ ╤Б╨▒╨╛╤А╨║╨╕.  ╨Т╨║╨╗╤О╤З╨╡╨╜╨╜╤Л╨╡ ╤Д╨░╨╣╨╗╤Л тАФ C:\Users\KusokMedi\Documents\GitHub\BetterShowcase\build\_deps\bindings-src\bindings\2.2081\inline\MoreSearchLayer.cpp, C:\Users\KusokMedi\Documents\GitHub\BetterShowcase\build\bindings\bindings\Geode\source\MoreSearchLayer.cpp. [C:\Users\KusokMedi\Documents\GitHub\BetterShowcase\build\bindings\GeodeBindings.vcxproj]
C:\Program Files (x86)\Microsoft Visual Studio\2022\BuildTools\MSBuild\Microsoft\VC\v170\Microsoft.CppBuild.targets(1129,5): warning MSB8027: ╨┤╨▓╨░ ╨╕╨╗╨╕ ╨▒╨╛╨╗╨╡╨╡ ╤Д╨░╨╣╨╗╨╛╨▓ ╤Б ╨╕╨╝╨╡╨╜╨╡╨╝ MoreVideoOptionsLayer.cpp ╨▓╤Л╨▓╨╛╨┤╤П╤В ╤А╨╡╨╖╤Г╨╗╤М╤В╨░╤В╤Л ╨▓ ╨╛╨┤╨╜╨╛ ╨╕ ╤В╨╛ ╨╢╨╡ ╤А╨░╤Б╨┐╨╛╨╗╨╛╨╢╨╡╨╜╨╕╨╡. ╨н╤В╨╛ ╨╝╨╛╨╢╨╡╤В ╤Б╤В╨░╤В╤М ╨┐╤А╨╕╤З╨╕╨╜╨╛╨╣ ╨╜╨╡╨▓╨╡╤А╨╜╨╛╨│╨╛ ╤А╨╡╨╖╤Г╨╗╤М╤В╨░╤В╨░ ╤Б╨▒╨╛╤А╨║╨╕.  ╨Т╨║╨╗╤О╤З╨╡╨╜╨╜╤Л╨╡ ╤Д╨░╨╣╨╗╤Л тАФ C:\Users\KusokMedi\Documents\GitHub\BetterShowcase\build\_deps\bindings-src\bindings\2.2081\inline\MoreVideoOptionsLayer.cpp, C:\Users\KusokMedi\Documents\GitHub\BetterShowcase\build\bindings\bindings\Geode\source\MoreVideoOptionsLayer.cpp. [C:\Users\KusokMedi\Documents\GitHub\BetterShowcase\build\bindings\GeodeBindings.vcxproj]
C:\Program Files (x86)\Microsoft Visual Studio\2022\BuildTools\MSBuild\Microsoft\VC\v170\Microsoft.CppBuild.targets(1129,5): warning MSB8027: ╨┤╨▓╨░ ╨╕╨╗╨╕ ╨▒╨╛╨╗╨╡╨╡ ╤Д╨░╨╣╨╗╨╛╨▓ ╤Б ╨╕╨╝╨╡╨╜╨╡╨╝ MultiTriggerPopup.cpp ╨▓╤Л╨▓╨╛╨┤╤П╤В ╤А╨╡╨╖╤Г╨╗╤М╤В╨░╤В╤Л ╨▓ ╨╛╨┤╨╜╨╛ ╨╕ ╤В╨╛ ╨╢╨╡ ╤А╨░╤Б╨┐╨╛╨╗╨╛╨╢╨╡╨╜╨╕╨╡. ╨н╤В╨╛ ╨╝╨╛╨╢╨╡╤В ╤Б╤В╨░╤В╤М ╨┐╤А╨╕╤З╨╕╨╜╨╛╨╣ ╨╜╨╡╨▓╨╡╤А╨╜╨╛╨│╨╛ ╤А╨╡╨╖╤Г╨╗╤М╤В╨░╤В╨░ ╤Б╨▒╨╛╤А╨║╨╕.  ╨Т╨║╨╗╤О╤З╨╡╨╜╨╜╤Л╨╡ ╤Д╨░╨╣╨╗╤Л тАФ C:\Users\KusokMedi\Documents\GitHub\BetterShowcase\build\_deps\bindings-src\bindings\2.2081\inline\MultiTriggerPopup.cpp, C:\Users\KusokMedi\Documents\GitHub\BetterShowcase\build\bindings\bindings\Geode\source\MultiTriggerPopup.cpp. [C:\Users\KusokMedi\Documents\GitHub\BetterShowcase\build\bindings\GeodeBindings.vcxproj]
C:\Program Files (x86)\Microsoft Visual Studio\2022\BuildTools\MSBuild\Microsoft\VC\v170\Microsoft.CppBuild.targets(1129,5): warning MSB8027: ╨┤╨▓╨░ ╨╕╨╗╨╕ ╨▒╨╛╨╗╨╡╨╡ ╤Д╨░╨╣╨╗╨╛╨▓ ╤Б ╨╕╨╝╨╡╨╜╨╡╨╝ MultilineBitmapFont.cpp ╨▓╤Л╨▓╨╛╨┤╤П╤В ╤А╨╡╨╖╤Г╨╗╤М╤В╨░╤В╤Л ╨▓ ╨╛╨┤╨╜╨╛ ╨╕ ╤В╨╛ ╨╢╨╡ ╤А╨░╤Б╨┐╨╛╨╗╨╛╨╢╨╡╨╜╨╕╨╡. ╨н╤В╨╛ ╨╝╨╛╨╢╨╡╤В ╤Б╤В╨░╤В╤М ╨┐╤А╨╕╤З╨╕╨╜╨╛╨╣ ╨╜╨╡╨▓╨╡╤А╨╜╨╛╨│╨╛ ╤А╨╡╨╖╤Г╨╗╤М╤В╨░╤В╨░ ╤Б╨▒╨╛╤А╨║╨╕.  ╨Т╨║╨╗╤О╤З╨╡╨╜╨╜╤Л╨╡ ╤Д╨░╨╣╨╗╤Л тАФ C:\Users\KusokMedi\Documents\GitHub\BetterShowcase\build\_deps\bindings-src\bindings\2.2081\inline\MultilineBitmapFont.cpp, C:\Users\KusokMedi\Documents\GitHub\BetterShowcase\build\bindings\bindings\Geode\source\MultilineBitmapFont.cpp. [C:\Users\KusokMedi\Documents\GitHub\BetterShowcase\build\bindings\GeodeBindings.vcxproj]
C:\Program Files (x86)\Microsoft Visual Studio\2022\BuildTools\MSBuild\Microsoft\VC\v170\Microsoft.CppBuild.targets(1129,5): warning MSB8027: ╨┤╨▓╨░ ╨╕╨╗╨╕ ╨▒╨╛╨╗╨╡╨╡ ╤Д╨░╨╣╨╗╨╛╨▓ ╤Б ╨╕╨╝╨╡╨╜╨╡╨╝ MultiplayerLayer.cpp ╨▓╤Л╨▓╨╛╨┤╤П╤В ╤А╨╡╨╖╤Г╨╗╤М╤В╨░╤В╤Л ╨▓ ╨╛╨┤╨╜╨╛ ╨╕ ╤В╨╛ ╨╢╨╡ ╤А╨░╤Б╨┐╨╛╨╗╨╛╨╢╨╡╨╜╨╕╨╡. ╨н╤В╨╛ ╨╝╨╛╨╢╨╡╤В ╤Б╤В╨░╤В╤М ╨┐╤А╨╕╤З╨╕╨╜╨╛╨╣ ╨╜╨╡╨▓╨╡╤А╨╜╨╛╨│╨╛ ╤А╨╡╨╖╤Г╨╗╤М╤В╨░╤В╨░ ╤Б╨▒╨╛╤А╨║╨╕.  ╨Т╨║╨╗╤О╤З╨╡╨╜╨╜╤Л╨╡ ╤Д╨░╨╣╨╗╤Л тАФ C:\Users\KusokMedi\Documents\GitHub\BetterShowcase\build\_deps\bindings-src\bindings\2.2081\inline\MultiplayerLayer.cpp, C:\Users\KusokMedi\Documents\GitHub\BetterShowcase\build\bindings\bindings\Geode\source\MultiplayerLayer.cpp. [C:\Users\KusokMedi\Documents\GitHub\BetterShowcase\build\bindings\GeodeBindings.vcxproj]
C:\Program Files (x86)\Microsoft Visual Studio\2022\BuildTools\MSBuild\Microsoft\VC\v170\Microsoft.CppBuild.targets(1129,5): warning MSB8027: ╨┤╨▓╨░ ╨╕╨╗╨╕ ╨▒╨╛╨╗╨╡╨╡ ╤Д╨░╨╣╨╗╨╛╨▓ ╤Б ╨╕╨╝╨╡╨╜╨╡╨╝ MusicArtistObject.cpp ╨▓╤Л╨▓╨╛╨┤╤П╤В ╤А╨╡╨╖╤Г╨╗╤М╤В╨░╤В╤Л ╨▓ ╨╛╨┤╨╜╨╛ ╨╕ ╤В╨╛ ╨╢╨╡ ╤А╨░╤Б╨┐╨╛╨╗╨╛╨╢╨╡╨╜╨╕╨╡. ╨н╤В╨╛ ╨╝╨╛╨╢╨╡╤В ╤Б╤В╨░╤В╤М ╨┐╤А╨╕╤З╨╕╨╜╨╛╨╣ ╨╜╨╡╨▓╨╡╤А╨╜╨╛╨│╨╛ ╤А╨╡╨╖╤Г╨╗╤М╤В╨░╤В╨░ ╤Б╨▒╨╛╤А╨║╨╕.  ╨Т╨║╨╗╤О╤З╨╡╨╜╨╜╤Л╨╡ ╤Д╨░╨╣╨╗╤Л тАФ C:\Users\KusokMedi\Documents\GitHub\BetterShowcase\build\_deps\bindings-src\bindings\2.2081\inline\MusicArtistObject.cpp, C:\Users\KusokMedi\Documents\GitHub\BetterShowcase\build\bindings\bindings\Geode\source\MusicArtistObject.cpp. [C:\Users\KusokMedi\Documents\GitHub\BetterShowcase\build\bindings\GeodeBindings.vcxproj]
C:\Program Files (x86)\Microsoft Visual Studio\2022\BuildTools\MSBuild\Microsoft\VC\v170\Microsoft.CppBuild.targets(1129,5): warning MSB8027: ╨┤╨▓╨░ ╨╕╨╗╨╕ ╨▒╨╛╨╗╨╡╨╡ ╤Д╨░╨╣╨╗╨╛╨▓ ╤Б ╨╕╨╝╨╡╨╜╨╡╨╝ MusicBrowser.cpp ╨▓╤Л╨▓╨╛╨┤╤П╤В ╤А╨╡╨╖╤Г╨╗╤М╤В╨░╤В╤Л ╨▓ ╨╛╨┤╨╜╨╛ ╨╕ ╤В╨╛ ╨╢╨╡ ╤А╨░╤Б╨┐╨╛╨╗╨╛╨╢╨╡╨╜╨╕╨╡. ╨н╤В╨╛ ╨╝╨╛╨╢╨╡╤В ╤Б╤В╨░╤В╤М ╨┐╤А╨╕╤З╨╕╨╜╨╛╨╣ ╨╜╨╡╨▓╨╡╤А╨╜╨╛╨│╨╛ ╤А╨╡╨╖╤Г╨╗╤М╤В╨░╤В╨░ ╤Б╨▒╨╛╤А╨║╨╕.  ╨Т╨║╨╗╤О╤З╨╡╨╜╨╜╤Л╨╡ ╤Д╨░╨╣╨╗╤Л тАФ C:\Users\KusokMedi\Documents\GitHub\BetterShowcase\build\_deps\bindings-src\bindings\2.2081\inline\MusicBrowser.cpp, C:\Users\KusokMedi\Documents\GitHub\BetterShowcase\build\bindings\bindings\Geode\source\MusicBrowser.cpp. [C:\Users\KusokMedi\Documents\GitHub\BetterShowcase\build\bindings\GeodeBindings.vcxproj]
C:\Program Files (x86)\Microsoft Visual Studio\2022\BuildTools\MSBuild\Microsoft\VC\v170\Microsoft.CppBuild.targets(1129,5): warning MSB8027: ╨┤╨▓╨░ ╨╕╨╗╨╕ ╨▒╨╛╨╗╨╡╨╡ ╤Д╨░╨╣╨╗╨╛╨▓ ╤Б ╨╕╨╝╨╡╨╜╨╡╨╝ MusicBrowserDelegate.cpp ╨▓╤Л╨▓╨╛╨┤╤П╤В ╤А╨╡╨╖╤Г╨╗╤М╤В╨░╤В╤Л ╨▓ ╨╛╨┤╨╜╨╛ ╨╕ ╤В╨╛ ╨╢╨╡ ╤А╨░╤Б╨┐╨╛╨╗╨╛╨╢╨╡╨╜╨╕╨╡. ╨н╤В╨╛ ╨╝╨╛╨╢╨╡╤В ╤Б╤В╨░╤В╤М ╨┐╤А╨╕╤З╨╕╨╜╨╛╨╣ ╨╜╨╡╨▓╨╡╤А╨╜╨╛╨│╨╛ ╤А╨╡╨╖╤Г╨╗╤М╤В╨░╤В╨░ ╤Б╨▒╨╛╤А╨║╨╕.  ╨Т╨║╨╗╤О╤З╨╡╨╜╨╜╤Л╨╡ ╤Д╨░╨╣╨╗╤Л тАФ C:\Users\KusokMedi\Documents\GitHub\BetterShowcase\build\_deps\bindings-src\bindings\2.2081\inline\MusicBrowserDelegate.cpp, C:\Users\KusokMedi\Documents\GitHub\BetterShowcase\build\bindings\bindings\Geode\source\MusicBrowserDelegate.cpp. [C:\Users\KusokMedi\Documents\GitHub\BetterShowcase\build\bindings\GeodeBindings.vcxproj]
C:\Program Files (x86)\Microsoft Visual Studio\2022\BuildTools\MSBuild\Microsoft\VC\v170\Microsoft.CppBuild.targets(1129,5): warning MSB8027: ╨┤╨▓╨░ ╨╕╨╗╨╕ ╨▒╨╛╨╗╨╡╨╡ ╤Д╨░╨╣╨╗╨╛╨▓ ╤Б ╨╕╨╝╨╡╨╜╨╡╨╝ MusicDelegateHandler.cpp ╨▓╤Л╨▓╨╛╨┤╤П╤В ╤А╨╡╨╖╤Г╨╗╤М╤В╨░╤В╤Л ╨▓ ╨╛╨┤╨╜╨╛ ╨╕ ╤В╨╛ ╨╢╨╡ ╤А╨░╤Б╨┐╨╛╨╗╨╛╨╢╨╡╨╜╨╕╨╡. ╨н╤В╨╛ ╨╝╨╛╨╢╨╡╤В ╤Б╤В╨░╤В╤М ╨┐╤А╨╕╤З╨╕╨╜╨╛╨╣ ╨╜╨╡╨▓╨╡╤А╨╜╨╛╨│╨╛ ╤А╨╡╨╖╤Г╨╗╤М╤В╨░╤В╨░ ╤Б╨▒╨╛╤А╨║╨╕.  ╨Т╨║╨╗╤О╤З╨╡╨╜╨╜╤Л╨╡ ╤Д╨░╨╣╨╗╤Л тАФ C:\Users\KusokMedi\Documents\GitHub\BetterShowcase\build\_deps\bindings-src\bindings\2.2081\inline\MusicDelegateHandler.cpp, C:\Users\KusokMedi\Documents\GitHub\BetterShowcase\build\bindings\bindings\Geode\source\MusicDelegateHandler.cpp. [C:\Users\KusokMedi\Documents\GitHub\BetterShowcase\build\bindings\GeodeBindings.vcxproj]
C:\Program Files (x86)\Microsoft Visual Studio\2022\BuildTools\MSBuild\Microsoft\VC\v170\Microsoft.CppBuild.targets(1129,5): warning MSB8027: ╨┤╨▓╨░ ╨╕╨╗╨╕ ╨▒╨╛╨╗╨╡╨╡ ╤Д╨░╨╣╨╗╨╛╨▓ ╤Б ╨╕╨╝╨╡╨╜╨╡╨╝ MusicDownloadDelegate.cpp ╨▓╤Л╨▓╨╛╨┤╤П╤В ╤А╨╡╨╖╤Г╨╗╤М╤В╨░╤В╤Л ╨▓ ╨╛╨┤╨╜╨╛ ╨╕ ╤В╨╛ ╨╢╨╡ ╤А╨░╤Б╨┐╨╛╨╗╨╛╨╢╨╡╨╜╨╕╨╡. ╨н╤В╨╛ ╨╝╨╛╨╢╨╡╤В ╤Б╤В╨░╤В╤М ╨┐╤А╨╕╤З╨╕╨╜╨╛╨╣ ╨╜╨╡╨▓╨╡╤А╨╜╨╛╨│╨╛ ╤А╨╡╨╖╤Г╨╗╤М╤В╨░╤В╨░ ╤Б╨▒╨╛╤А╨║╨╕.  ╨Т╨║╨╗╤О╤З╨╡╨╜╨╜╤Л╨╡ ╤Д╨░╨╣╨╗╤Л тАФ C:\Users\KusokMedi\Documents\GitHub\BetterShowcase\build\_deps\bindings-src\bindings\2.2081\inline\MusicDownloadDelegate.cpp, C:\Users\KusokMedi\Documents\GitHub\BetterShowcase\build\bindings\bindings\Geode\source\MusicDownloadDelegate.cpp. [C:\Users\KusokMedi\Documents\GitHub\BetterShowcase\build\bindings\GeodeBindings.vcxproj]
C:\Program Files (x86)\Microsoft Visual Studio\2022\BuildTools\MSBuild\Microsoft\VC\v170\Microsoft.CppBuild.targets(1129,5): warning MSB8027: ╨┤╨▓╨░ ╨╕╨╗╨╕ ╨▒╨╛╨╗╨╡╨╡ ╤Д╨░╨╣╨╗╨╛╨▓ ╤Б ╨╕╨╝╨╡╨╜╨╡╨╝ MusicDownloadManager.cpp ╨▓╤Л╨▓╨╛╨┤╤П╤В ╤А╨╡╨╖╤Г╨╗╤М╤В╨░╤В╤Л ╨▓ ╨╛╨┤╨╜╨╛ ╨╕ ╤В╨╛ ╨╢╨╡ ╤А╨░╤Б╨┐╨╛╨╗╨╛╨╢╨╡╨╜╨╕╨╡. ╨н╤В╨╛ ╨╝╨╛╨╢╨╡╤В ╤Б╤В╨░╤В╤М ╨┐╤А╨╕╤З╨╕╨╜╨╛╨╣ ╨╜╨╡╨▓╨╡╤А╨╜╨╛╨│╨╛ ╤А╨╡╨╖╤Г╨╗╤М╤В╨░╤В╨░ ╤Б╨▒╨╛╤А╨║╨╕.  ╨Т╨║╨╗╤О╤З╨╡╨╜╨╜╤Л╨╡ ╤Д╨░╨╣╨╗╤Л тАФ C:\Users\KusokMedi\Documents\GitHub\BetterShowcase\build\_deps\bindings-src\bindings\2.2081\inline\MusicDownloadManager.cpp, C:\Users\KusokMedi\Documents\GitHub\BetterShowcase\build\bindings\bindings\Geode\source\MusicDownloadManager.cpp. [C:\Users\KusokMedi\Documents\GitHub\BetterShowcase\build\bindings\GeodeBindings.vcxproj]
C:\Program Files (x86)\Microsoft Visual Studio\2022\BuildTools\MSBuild\Microsoft\VC\v170\Microsoft.CppBuild.targets(1129,5): warning MSB8027: ╨┤╨▓╨░ ╨╕╨╗╨╕ ╨▒╨╛╨╗╨╡╨╡ ╤Д╨░╨╣╨╗╨╛╨▓ ╤Б ╨╕╨╝╨╡╨╜╨╡╨╝ MusicSearchResult.cpp ╨▓╤Л╨▓╨╛╨┤╤П╤В ╤А╨╡╨╖╤Г╨╗╤М╤В╨░╤В╤Л ╨▓ ╨╛╨┤╨╜╨╛ ╨╕ ╤В╨╛ ╨╢╨╡ ╤А╨░╤Б╨┐╨╛╨╗╨╛╨╢╨╡╨╜╨╕╨╡. ╨н╤В╨╛ ╨╝╨╛╨╢╨╡╤В ╤Б╤В╨░╤В╤М ╨┐╤А╨╕╤З╨╕╨╜╨╛╨╣ ╨╜╨╡╨▓╨╡╤А╨╜╨╛╨│╨╛ ╤А╨╡╨╖╤Г╨╗╤М╤В╨░╤В╨░ ╤Б╨▒╨╛╤А╨║╨╕.  ╨Т╨║╨╗╤О╤З╨╡╨╜╨╜╤Л╨╡ ╤Д╨░╨╣╨╗╤Л тАФ C:\Users\KusokMedi\Documents\GitHub\BetterShowcase\build\_deps\bindings-src\bindings\2.2081\inline\MusicSearchResult.cpp, C:\Users\KusokMedi\Documents\GitHub\BetterShowcase\build\bindings\bindings\Geode\source\MusicSearchResult.cpp. [C:\Users\KusokMedi\Documents\GitHub\BetterShowcase\build\bindings\GeodeBindings.vcxproj]
C:\Program Files (x86)\Microsoft Visual Studio\2022\BuildTools\MSBuild\Microsoft\VC\v170\Microsoft.CppBuild.targets(1129,5): warning MSB8027: ╨┤╨▓╨░ ╨╕╨╗╨╕ ╨▒╨╛╨╗╨╡╨╡ ╤Д╨░╨╣╨╗╨╛╨▓ ╤Б ╨╕╨╝╨╡╨╜╨╡╨╝ NCSInfoLayer.cpp ╨▓╤Л╨▓╨╛╨┤╤П╤В ╤А╨╡╨╖╤Г╨╗╤М╤В╨░╤В╤Л ╨▓ ╨╛╨┤╨╜╨╛ ╨╕ ╤В╨╛ ╨╢╨╡ ╤А╨░╤Б╨┐╨╛╨╗╨╛╨╢╨╡╨╜╨╕╨╡. ╨н╤В╨╛ ╨╝╨╛╨╢╨╡╤В ╤Б╤В╨░╤В╤М ╨┐╤А╨╕╤З╨╕╨╜╨╛╨╣ ╨╜╨╡╨▓╨╡╤А╨╜╨╛╨│╨╛ ╤А╨╡╨╖╤Г╨╗╤М╤В╨░╤В╨░ ╤Б╨▒╨╛╤А╨║╨╕.  ╨Т╨║╨╗╤О╤З╨╡╨╜╨╜╤Л╨╡ ╤Д╨░╨╣╨╗╤Л тАФ C:\Users\KusokMedi\Documents\GitHub\BetterShowcase\build\_deps\bindings-src\bindings\2.2081\inline\NCSInfoLayer.cpp, C:\Users\KusokMedi\Documents\GitHub\BetterShowcase\build\bindings\bindings\Geode\source\NCSInfoLayer.cpp. [C:\Users\KusokMedi\Documents\GitHub\BetterShowcase\build\bindings\GeodeBindings.vcxproj]
C:\Program Files (x86)\Microsoft Visual Studio\2022\BuildTools\MSBuild\Microsoft\VC\v170\Microsoft.CppBuild.targets(1129,5): warning MSB8027: ╨┤╨▓╨░ ╨╕╨╗╨╕ ╨▒╨╛╨╗╨╡╨╡ ╤Д╨░╨╣╨╗╨╛╨▓ ╤Б ╨╕╨╝╨╡╨╜╨╡╨╝ NewgroundsInfoLayer.cpp ╨▓╤Л╨▓╨╛╨┤╤П╤В ╤А╨╡╨╖╤Г╨╗╤М╤В╨░╤В╤Л ╨▓ ╨╛╨┤╨╜╨╛ ╨╕ ╤В╨╛ ╨╢╨╡ ╤А╨░╤Б╨┐╨╛╨╗╨╛╨╢╨╡╨╜╨╕╨╡. ╨н╤В╨╛ ╨╝╨╛╨╢╨╡╤В ╤Б╤В╨░╤В╤М ╨┐╤А╨╕╤З╨╕╨╜╨╛╨╣ ╨╜╨╡╨▓╨╡╤А╨╜╨╛╨│╨╛ ╤А╨╡╨╖╤Г╨╗╤М╤В╨░╤В╨░ ╤Б╨▒╨╛╤А╨║╨╕.  ╨Т╨║╨╗╤О╤З╨╡╨╜╨╜╤Л╨╡ ╤Д╨░╨╣╨╗╤Л тАФ C:\Users\KusokMedi\Documents\GitHub\BetterShowcase\build\_deps\bindings-src\bindings\2.2081\inline\NewgroundsInfoLayer.cpp, C:\Users\KusokMedi\Documents\GitHub\BetterShowcase\build\bindings\bindings\Geode\source\NewgroundsInfoLayer.cpp. [C:\Users\KusokMedi\Documents\GitHub\BetterShowcase\build\bindings\GeodeBindings.vcxproj]
C:\Program Files (x86)\Microsoft Visual Studio\2022\BuildTools\MSBuild\Microsoft\VC\v170\Microsoft.CppBuild.targets(1129,5): warning MSB8027: ╨┤╨▓╨░ ╨╕╨╗╨╕ ╨▒╨╛╨╗╨╡╨╡ ╤Д╨░╨╣╨╗╨╛╨▓ ╤Б ╨╕╨╝╨╡╨╜╨╡╨╝ NodePoint.cpp ╨▓╤Л╨▓╨╛╨┤╤П╤В ╤А╨╡╨╖╤Г╨╗╤М╤В╨░╤В╤Л ╨▓ ╨╛╨┤╨╜╨╛ ╨╕ ╤В╨╛ ╨╢╨╡ ╤А╨░╤Б╨┐╨╛╨╗╨╛╨╢╨╡╨╜╨╕╨╡. ╨н╤В╨╛ ╨╝╨╛╨╢╨╡╤В ╤Б╤В╨░╤В╤М ╨┐╤А╨╕╤З╨╕╨╜╨╛╨╣ ╨╜╨╡╨▓╨╡╤А╨╜╨╛╨│╨╛ ╤А╨╡╨╖╤Г╨╗╤М╤В╨░╤В╨░ ╤Б╨▒╨╛╤А╨║╨╕.  ╨Т╨║╨╗╤О╤З╨╡╨╜╨╜╤Л╨╡ ╤Д╨░╨╣╨╗╤Л тАФ C:\Users\KusokMedi\Documents\GitHub\BetterShowcase\build\_deps\bindings-src\bindings\2.2081\inline\NodePoint.cpp, C:\Users\KusokMedi\Documents\GitHub\BetterShowcase\build\bindings\bindings\Geode\source\NodePoint.cpp. [C:\Users\KusokMedi\Documents\GitHub\BetterShowcase\build\bindings\GeodeBindings.vcxproj]
C:\Program Files (x86)\Microsoft Visual Studio\2022\BuildTools\MSBuild\Microsoft\VC\v170\Microsoft.CppBuild.targets(1129,5): warning MSB8027: ╨┤╨▓╨░ ╨╕╨╗╨╕ ╨▒╨╛╨╗╨╡╨╡ ╤Д╨░╨╣╨╗╨╛╨▓ ╤Б ╨╕╨╝╨╡╨╜╨╡╨╝ NumberInputDelegate.cpp ╨▓╤Л╨▓╨╛╨┤╤П╤В ╤А╨╡╨╖╤Г╨╗╤М╤В╨░╤В╤Л ╨▓ ╨╛╨┤╨╜╨╛ ╨╕ ╤В╨╛ ╨╢╨╡ ╤А╨░╤Б╨┐╨╛╨╗╨╛╨╢╨╡╨╜╨╕╨╡. ╨н╤В╨╛ ╨╝╨╛╨╢╨╡╤В ╤Б╤В╨░╤В╤М ╨┐╤А╨╕╤З╨╕╨╜╨╛╨╣ ╨╜╨╡╨▓╨╡╤А╨╜╨╛╨│╨╛ ╤А╨╡╨╖╤Г╨╗╤М╤В╨░╤В╨░ ╤Б╨▒╨╛╤А╨║╨╕.  ╨Т╨║╨╗╤О╤З╨╡╨╜╨╜╤Л╨╡ ╤Д╨░╨╣╨╗╤Л тАФ C:\Users\KusokMedi\Documents\GitHub\BetterShowcase\build\_deps\bindings-src\bindings\2.2081\inline\NumberInputDelegate.cpp, C:\Users\KusokMedi\Documents\GitHub\BetterShowcase\build\bindings\bindings\Geode\source\NumberInputDelegate.cpp. [C:\Users\KusokMedi\Documents\GitHub\BetterShowcase\build\bindings\GeodeBindings.vcxproj]
C:\Program Files (x86)\Microsoft Visual Studio\2022\BuildTools\MSBuild\Microsoft\VC\v170\Microsoft.CppBuild.targets(1129,5): warning MSB8027: ╨┤╨▓╨░ ╨╕╨╗╨╕ ╨▒╨╛╨╗╨╡╨╡ ╤Д╨░╨╣╨╗╨╛╨▓ ╤Б ╨╕╨╝╨╡╨╜╨╡╨╝ NumberInputLayer.cpp ╨▓╤Л╨▓╨╛╨┤╤П╤В ╤А╨╡╨╖╤Г╨╗╤М╤В╨░╤В╤Л ╨▓ ╨╛╨┤╨╜╨╛ ╨╕ ╤В╨╛ ╨╢╨╡ ╤А╨░╤Б╨┐╨╛╨╗╨╛╨╢╨╡╨╜╨╕╨╡. ╨н╤В╨╛ ╨╝╨╛╨╢╨╡╤В ╤Б╤В╨░╤В╤М ╨┐╤А╨╕╤З╨╕╨╜╨╛╨╣ ╨╜╨╡╨▓╨╡╤А╨╜╨╛╨│╨╛ ╤А╨╡╨╖╤Г╨╗╤М╤В╨░╤В╨░ ╤Б╨▒╨╛╤А╨║╨╕.  ╨Т╨║╨╗╤О╤З╨╡╨╜╨╜╤Л╨╡ ╤Д╨░╨╣╨╗╤Л тАФ C:\Users\KusokMedi\Documents\GitHub\BetterShowcase\build\_deps\bindings-src\bindings\2.2081\inline\NumberInputLayer.cpp, C:\Users\KusokMedi\Documents\GitHub\BetterShowcase\build\bindings\bindings\Geode\source\NumberInputLayer.cpp. [C:\Users\KusokMedi\Documents\GitHub\BetterShowcase\build\bindings\GeodeBindings.vcxproj]
C:\Program Files (x86)\Microsoft Visual Studio\2022\BuildTools\MSBuild\Microsoft\VC\v170\Microsoft.CppBuild.targets(1129,5): warning MSB8027: ╨┤╨▓╨░ ╨╕╨╗╨╕ ╨▒╨╛╨╗╨╡╨╡ ╤Д╨░╨╣╨╗╨╛╨▓ ╤Б ╨╕╨╝╨╡╨╜╨╡╨╝ OBB2D.cpp ╨▓╤Л╨▓╨╛╨┤╤П╤В ╤А╨╡╨╖╤Г╨╗╤М╤В╨░╤В╤Л ╨▓ ╨╛╨┤╨╜╨╛ ╨╕ ╤В╨╛ ╨╢╨╡ ╤А╨░╤Б╨┐╨╛╨╗╨╛╨╢╨╡╨╜╨╕╨╡. ╨н╤В╨╛ ╨╝╨╛╨╢╨╡╤В ╤Б╤В╨░╤В╤М ╨┐╤А╨╕╤З╨╕╨╜╨╛╨╣ ╨╜╨╡╨▓╨╡╤А╨╜╨╛╨│╨╛ ╤А╨╡╨╖╤Г╨╗╤М╤В╨░╤В╨░ ╤Б╨▒╨╛╤А╨║╨╕.  ╨Т╨║╨╗╤О╤З╨╡╨╜╨╜╤Л╨╡ ╤Д╨░╨╣╨╗╤Л тАФ C:\Users\KusokMedi\Documents\GitHub\BetterShowcase\build\_deps\bindings-src\bindings\2.2081\inline\OBB2D.cpp, C:\Users\KusokMedi\Documents\GitHub\BetterShowcase\build\bindings\bindings\Geode\source\OBB2D.cpp. [C:\Users\KusokMedi\Documents\GitHub\BetterShowcase\build\bindings\GeodeBindings.vcxproj]
C:\Program Files (x86)\Microsoft Visual Studio\2022\BuildTools\MSBuild\Microsoft\VC\v170\Microsoft.CppBuild.targets(1129,5): warning MSB8027: ╨┤╨▓╨░ ╨╕╨╗╨╕ ╨▒╨╛╨╗╨╡╨╡ ╤Д╨░╨╣╨╗╨╛╨▓ ╤Б ╨╕╨╝╨╡╨╜╨╡╨╝ ObjectControlGameObject.cpp ╨▓╤Л╨▓╨╛╨┤╤П╤В ╤А╨╡╨╖╤Г╨╗╤М╤В╨░╤В╤Л ╨▓ ╨╛╨┤╨╜╨╛ ╨╕ ╤В╨╛ ╨╢╨╡ ╤А╨░╤Б╨┐╨╛╨╗╨╛╨╢╨╡╨╜╨╕╨╡. ╨н╤В╨╛ ╨╝╨╛╨╢╨╡╤В ╤Б╤В╨░╤В╤М ╨┐╤А╨╕╤З╨╕╨╜╨╛╨╣ ╨╜╨╡╨▓╨╡╤А╨╜╨╛╨│╨╛ ╤А╨╡╨╖╤Г╨╗╤М╤В╨░╤В╨░ ╤Б╨▒╨╛╤А╨║╨╕.  ╨Т╨║╨╗╤О╤З╨╡╨╜╨╜╤Л╨╡ ╤Д╨░╨╣╨╗╤Л тАФ C:\Users\KusokMedi\Documents\GitHub\BetterShowcase\build\_deps\bindings-src\bindings\2.2081\inline\ObjectControlGameObject.cpp, C:\Users\KusokMedi\Documents\GitHub\BetterShowcase\build\bindings\bindings\Geode\source\ObjectControlGameObject.cpp. [C:\Users\KusokMedi\Documents\GitHub\BetterShowcase\build\bindings\GeodeBindings.vcxproj]
C:\Program Files (x86)\Microsoft Visual Studio\2022\BuildTools\MSBuild\Microsoft\VC\v170\Microsoft.CppBuild.targets(1129,5): warning MSB8027: ╨┤╨▓╨░ ╨╕╨╗╨╕ ╨▒╨╛╨╗╨╡╨╡ ╤Д╨░╨╣╨╗╨╛╨▓ ╤Б ╨╕╨╝╨╡╨╜╨╡╨╝ ObjectDecoder.cpp ╨▓╤Л╨▓╨╛╨┤╤П╤В ╤А╨╡╨╖╤Г╨╗╤М╤В╨░╤В╤Л ╨▓ ╨╛╨┤╨╜╨╛ ╨╕ ╤В╨╛ ╨╢╨╡ ╤А╨░╤Б╨┐╨╛╨╗╨╛╨╢╨╡╨╜╨╕╨╡. ╨н╤В╨╛ ╨╝╨╛╨╢╨╡╤В ╤Б╤В╨░╤В╤М ╨┐╤А╨╕╤З╨╕╨╜╨╛╨╣ ╨╜╨╡╨▓╨╡╤А╨╜╨╛╨│╨╛ ╤А╨╡╨╖╤Г╨╗╤М╤В╨░╤В╨░ ╤Б╨▒╨╛╤А╨║╨╕.  ╨Т╨║╨╗╤О╤З╨╡╨╜╨╜╤Л╨╡ ╤Д╨░╨╣╨╗╤Л тАФ C:\Users\KusokMedi\Documents\GitHub\BetterShowcase\build\_deps\bindings-src\bindings\2.2081\inline\ObjectDecoder.cpp, C:\Users\KusokMedi\Documents\GitHub\BetterShowcase\build\bindings\bindings\Geode\source\ObjectDecoder.cpp. [C:\Users\KusokMedi\Documents\GitHub\BetterShowcase\build\bindings\GeodeBindings.vcxproj]
C:\Program Files (x86)\Microsoft Visual Studio\2022\BuildTools\MSBuild\Microsoft\VC\v170\Microsoft.CppBuild.targets(1129,5): warning MSB8027: ╨┤╨▓╨░ ╨╕╨╗╨╕ ╨▒╨╛╨╗╨╡╨╡ ╤Д╨░╨╣╨╗╨╛╨▓ ╤Б ╨╕╨╝╨╡╨╜╨╡╨╝ ObjectManager.cpp ╨▓╤Л╨▓╨╛╨┤╤П╤В ╤А╨╡╨╖╤Г╨╗╤М╤В╨░╤В╤Л ╨▓ ╨╛╨┤╨╜╨╛ ╨╕ ╤В╨╛ ╨╢╨╡ ╤А╨░╤Б╨┐╨╛╨╗╨╛╨╢╨╡╨╜╨╕╨╡. ╨н╤В╨╛ ╨╝╨╛╨╢╨╡╤В ╤Б╤В╨░╤В╤М ╨┐╤А╨╕╤З╨╕╨╜╨╛╨╣ ╨╜╨╡╨▓╨╡╤А╨╜╨╛╨│╨╛ ╤А╨╡╨╖╤Г╨╗╤М╤В╨░╤В╨░ ╤Б╨▒╨╛╤А╨║╨╕.  ╨Т╨║╨╗╤О╤З╨╡╨╜╨╜╤Л╨╡ ╤Д╨░╨╣╨╗╤Л тАФ C:\Users\KusokMedi\Documents\GitHub\BetterShowcase\build\_deps\bindings-src\bindings\2.2081\inline\ObjectManager.cpp, C:\Users\KusokMedi\Documents\GitHub\BetterShowcase\build\bindings\bindings\Geode\source\ObjectManager.cpp. [C:\Users\KusokMedi\Documents\GitHub\BetterShowcase\build\bindings\GeodeBindings.vcxproj]
C:\Program Files (x86)\Microsoft Visual Studio\2022\BuildTools\MSBuild\Microsoft\VC\v170\Microsoft.CppBuild.targets(1129,5): warning MSB8027: ╨┤╨▓╨░ ╨╕╨╗╨╕ ╨▒╨╛╨╗╨╡╨╡ ╤Д╨░╨╣╨╗╨╛╨▓ ╤Б ╨╕╨╝╨╡╨╜╨╡╨╝ ObjectToolbox.cpp ╨▓╤Л╨▓╨╛╨┤╤П╤В ╤А╨╡╨╖╤Г╨╗╤М╤В╨░╤В╤Л ╨▓ ╨╛╨┤╨╜╨╛ ╨╕ ╤В╨╛ ╨╢╨╡ ╤А╨░╤Б╨┐╨╛╨╗╨╛╨╢╨╡╨╜╨╕╨╡. ╨н╤В╨╛ ╨╝╨╛╨╢╨╡╤В ╤Б╤В╨░╤В╤М ╨┐╤А╨╕╤З╨╕╨╜╨╛╨╣ ╨╜╨╡╨▓╨╡╤А╨╜╨╛╨│╨╛ ╤А╨╡╨╖╤Г╨╗╤М╤В╨░╤В╨░ ╤Б╨▒╨╛╤А╨║╨╕.  ╨Т╨║╨╗╤О╤З╨╡╨╜╨╜╤Л╨╡ ╤Д╨░╨╣╨╗╤Л тАФ C:\Users\KusokMedi\Documents\GitHub\BetterShowcase\build\_deps\bindings-src\bindings\2.2081\inline\ObjectToolbox.cpp, C:\Users\KusokMedi\Documents\GitHub\BetterShowcase\build\bindings\bindings\Geode\source\ObjectToolbox.cpp. [C:\Users\KusokMedi\Documents\GitHub\BetterShowcase\build\bindings\GeodeBindings.vcxproj]
C:\Program Files (x86)\Microsoft Visual Studio\2022\BuildTools\MSBuild\Microsoft\VC\v170\Microsoft.CppBuild.targets(1129,5): warning MSB8027: ╨┤╨▓╨░ ╨╕╨╗╨╕ ╨▒╨╛╨╗╨╡╨╡ ╤Д╨░╨╣╨╗╨╛╨▓ ╤Б ╨╕╨╝╨╡╨╜╨╡╨╝ OnlineListDelegate.cpp ╨▓╤Л╨▓╨╛╨┤╤П╤В ╤А╨╡╨╖╤Г╨╗╤М╤В╨░╤В╤Л ╨▓ ╨╛╨┤╨╜╨╛ ╨╕ ╤В╨╛ ╨╢╨╡ ╤А╨░╤Б╨┐╨╛╨╗╨╛╨╢╨╡╨╜╨╕╨╡. ╨н╤В╨╛ ╨╝╨╛╨╢╨╡╤В ╤Б╤В╨░╤В╤М ╨┐╤А╨╕╤З╨╕╨╜╨╛╨╣ ╨╜╨╡╨▓╨╡╤А╨╜╨╛╨│╨╛ ╤А╨╡╨╖╤Г╨╗╤М╤В╨░╤В╨░ ╤Б╨▒╨╛╤А╨║╨╕.  ╨Т╨║╨╗╤О╤З╨╡╨╜╨╜╤Л╨╡ ╤Д╨░╨╣╨╗╤Л тАФ C:\Users\KusokMedi\Documents\GitHub\BetterShowcase\build\_deps\bindings-src\bindings\2.2081\inline\OnlineListDelegate.cpp, C:\Users\KusokMedi\Documents\GitHub\BetterShowcase\build\bindings\bindings\Geode\source\OnlineListDelegate.cpp. [C:\Users\KusokMedi\Documents\GitHub\BetterShowcase\build\bindings\GeodeBindings.vcxproj]
C:\Program Files (x86)\Microsoft Visual Studio\2022\BuildTools\MSBuild\Microsoft\VC\v170\Microsoft.CppBuild.targets(1129,5): warning MSB8027: ╨┤╨▓╨░ ╨╕╨╗╨╕ ╨▒╨╛╨╗╨╡╨╡ ╤Д╨░╨╣╨╗╨╛╨▓ ╤Б ╨╕╨╝╨╡╨╜╨╡╨╝ OpacityEffectAction.cpp ╨▓╤Л╨▓╨╛╨┤╤П╤В ╤А╨╡╨╖╤Г╨╗╤М╤В╨░╤В╤Л ╨▓ ╨╛╨┤╨╜╨╛ ╨╕ ╤В╨╛ ╨╢╨╡ ╤А╨░╤Б╨┐╨╛╨╗╨╛╨╢╨╡╨╜╨╕╨╡. ╨н╤В╨╛ ╨╝╨╛╨╢╨╡╤В ╤Б╤В╨░╤В╤М ╨┐╤А╨╕╤З╨╕╨╜╨╛╨╣ ╨╜╨╡╨▓╨╡╤А╨╜╨╛╨│╨╛ ╤А╨╡╨╖╤Г╨╗╤М╤В╨░╤В╨░ ╤Б╨▒╨╛╤А╨║╨╕.  ╨Т╨║╨╗╤О╤З╨╡╨╜╨╜╤Л╨╡ ╤Д╨░╨╣╨╗╤Л тАФ C:\Users\KusokMedi\Documents\GitHub\BetterShowcase\build\_deps\bindings-src\bindings\2.2081\inline\OpacityEffectAction.cpp, C:\Users\KusokMedi\Documents\GitHub\BetterShowcase\build\bindings\bindings\Geode\source\OpacityEffectAction.cpp. [C:\Users\KusokMedi\Documents\GitHub\BetterShowcase\build\bindings\GeodeBindings.vcxproj]
C:\Program Files (x86)\Microsoft Visual Studio\2022\BuildTools\MSBuild\Microsoft\VC\v170\Microsoft.CppBuild.targets(1129,5): warning MSB8027: ╨┤╨▓╨░ ╨╕╨╗╨╕ ╨▒╨╛╨╗╨╡╨╡ ╤Д╨░╨╣╨╗╨╛╨▓ ╤Б ╨╕╨╝╨╡╨╜╨╡╨╝ OptionsCell.cpp ╨▓╤Л╨▓╨╛╨┤╤П╤В ╤А╨╡╨╖╤Г╨╗╤М╤В╨░╤В╤Л ╨▓ ╨╛╨┤╨╜╨╛ ╨╕ ╤В╨╛ ╨╢╨╡ ╤А╨░╤Б╨┐╨╛╨╗╨╛╨╢╨╡╨╜╨╕╨╡. ╨н╤В╨╛ ╨╝╨╛╨╢╨╡╤В ╤Б╤В╨░╤В╤М ╨┐╤А╨╕╤З╨╕╨╜╨╛╨╣ ╨╜╨╡╨▓╨╡╤А╨╜╨╛╨│╨╛ ╤А╨╡╨╖╤Г╨╗╤М╤В╨░╤В╨░ ╤Б╨▒╨╛╤А╨║╨╕.  ╨Т╨║╨╗╤О╤З╨╡╨╜╨╜╤Л╨╡ ╤Д╨░╨╣╨╗╤Л тАФ C:\Users\KusokMedi\Documents\GitHub\BetterShowcase\build\_deps\bindings-src\bindings\2.2081\inline\OptionsCell.cpp, C:\Users\KusokMedi\Documents\GitHub\BetterShowcase\build\bindings\bindings\Geode\source\OptionsCell.cpp. [C:\Users\KusokMedi\Documents\GitHub\BetterShowcase\build\bindings\GeodeBindings.vcxproj]
C:\Program Files (x86)\Microsoft Visual Studio\2022\BuildTools\MSBuild\Microsoft\VC\v170\Microsoft.CppBuild.targets(1129,5): warning MSB8027: ╨┤╨▓╨░ ╨╕╨╗╨╕ ╨▒╨╛╨╗╨╡╨╡ ╤Д╨░╨╣╨╗╨╛╨▓ ╤Б ╨╕╨╝╨╡╨╜╨╡╨╝ OptionsLayer.cpp ╨▓╤Л╨▓╨╛╨┤╤П╤В ╤А╨╡╨╖╤Г╨╗╤М╤В╨░╤В╤Л ╨▓ ╨╛╨┤╨╜╨╛ ╨╕ ╤В╨╛ ╨╢╨╡ ╤А╨░╤Б╨┐╨╛╨╗╨╛╨╢╨╡╨╜╨╕╨╡. ╨н╤В╨╛ ╨╝╨╛╨╢╨╡╤В ╤Б╤В╨░╤В╤М ╨┐╤А╨╕╤З╨╕╨╜╨╛╨╣ ╨╜╨╡╨▓╨╡╤А╨╜╨╛╨│╨╛ ╤А╨╡╨╖╤Г╨╗╤М╤В╨░╤В╨░ ╤Б╨▒╨╛╤А╨║╨╕.  ╨Т╨║╨╗╤О╤З╨╡╨╜╨╜╤Л╨╡ ╤Д╨░╨╣╨╗╤Л тАФ C:\Users\KusokMedi\Documents\GitHub\BetterShowcase\build\_deps\bindings-src\bindings\2.2081\inline\OptionsLayer.cpp, C:\Users\KusokMedi\Documents\GitHub\BetterShowcase\build\bindings\bindings\Geode\source\OptionsLayer.cpp. [C:\Users\KusokMedi\Documents\GitHub\BetterShowcase\build\bindings\GeodeBindings.vcxproj]
C:\Program Files (x86)\Microsoft Visual Studio\2022\BuildTools\MSBuild\Microsoft\VC\v170\Microsoft.CppBuild.targets(1129,5): warning MSB8027: ╨┤╨▓╨░ ╨╕╨╗╨╕ ╨▒╨╛╨╗╨╡╨╡ ╤Д╨░╨╣╨╗╨╛╨▓ ╤Б ╨╕╨╝╨╡╨╜╨╡╨╝ OptionsObject.cpp ╨▓╤Л╨▓╨╛╨┤╤П╤В ╤А╨╡╨╖╤Г╨╗╤М╤В╨░╤В╤Л ╨▓ ╨╛╨┤╨╜╨╛ ╨╕ ╤В╨╛ ╨╢╨╡ ╤А╨░╤Б╨┐╨╛╨╗╨╛╨╢╨╡╨╜╨╕╨╡. ╨н╤В╨╛ ╨╝╨╛╨╢╨╡╤В ╤Б╤В╨░╤В╤М ╨┐╤А╨╕╤З╨╕╨╜╨╛╨╣ ╨╜╨╡╨▓╨╡╤А╨╜╨╛╨│╨╛ ╤А╨╡╨╖╤Г╨╗╤М╤В╨░╤В╨░ ╤Б╨▒╨╛╤А╨║╨╕.  ╨Т╨║╨╗╤О╤З╨╡╨╜╨╜╤Л╨╡ ╤Д╨░╨╣╨╗╤Л тАФ C:\Users\KusokMedi\Documents\GitHub\BetterShowcase\build\_deps\bindings-src\bindings\2.2081\inline\OptionsObject.cpp, C:\Users\KusokMedi\Documents\GitHub\BetterShowcase\build\bindings\bindings\Geode\source\OptionsObject.cpp. [C:\Users\KusokMedi\Documents\GitHub\BetterShowcase\build\bindings\GeodeBindings.vcxproj]
C:\Program Files (x86)\Microsoft Visual Studio\2022\BuildTools\MSBuild\Microsoft\VC\v170\Microsoft.CppBuild.targets(1129,5): warning MSB8027: ╨┤╨▓╨░ ╨╕╨╗╨╕ ╨▒╨╛╨╗╨╡╨╡ ╤Д╨░╨╣╨╗╨╛╨▓ ╤Б ╨╕╨╝╨╡╨╜╨╡╨╝ OptionsObjectDelegate.cpp ╨▓╤Л╨▓╨╛╨┤╤П╤В ╤А╨╡╨╖╤Г╨╗╤М╤В╨░╤В╤Л ╨▓ ╨╛╨┤╨╜╨╛ ╨╕ ╤В╨╛ ╨╢╨╡ ╤А╨░╤Б╨┐╨╛╨╗╨╛╨╢╨╡╨╜╨╕╨╡. ╨н╤В╨╛ ╨╝╨╛╨╢╨╡╤В ╤Б╤В╨░╤В╤М ╨┐╤А╨╕╤З╨╕╨╜╨╛╨╣ ╨╜╨╡╨▓╨╡╤А╨╜╨╛╨│╨╛ ╤А╨╡╨╖╤Г╨╗╤М╤В╨░╤В╨░ ╤Б╨▒╨╛╤А╨║╨╕.  ╨Т╨║╨╗╤О╤З╨╡╨╜╨╜╤Л╨╡ ╤Д╨░╨╣╨╗╤Л тАФ C:\Users\KusokMedi\Documents\GitHub\BetterShowcase\build\_deps\bindings-src\bindings\2.2081\inline\OptionsObjectDelegate.cpp, C:\Users\KusokMedi\Documents\GitHub\BetterShowcase\build\bindings\bindings\Geode\source\OptionsObjectDelegate.cpp. [C:\Users\KusokMedi\Documents\GitHub\BetterShowcase\build\bindings\GeodeBindings.vcxproj]
C:\Program Files (x86)\Microsoft Visual Studio\2022\BuildTools\MSBuild\Microsoft\VC\v170\Microsoft.CppBuild.targets(1129,5): warning MSB8027: ╨┤╨▓╨░ ╨╕╨╗╨╕ ╨▒╨╛╨╗╨╡╨╡ ╤Д╨░╨╣╨╗╨╛╨▓ ╤Б ╨╕╨╝╨╡╨╜╨╡╨╝ OptionsScrollLayer.cpp ╨▓╤Л╨▓╨╛╨┤╤П╤В ╤А╨╡╨╖╤Г╨╗╤М╤В╨░╤В╤Л ╨▓ ╨╛╨┤╨╜╨╛ ╨╕ ╤В╨╛ ╨╢╨╡ ╤А╨░╤Б╨┐╨╛╨╗╨╛╨╢╨╡╨╜╨╕╨╡. ╨н╤В╨╛ ╨╝╨╛╨╢╨╡╤В ╤Б╤В╨░╤В╤М ╨┐╤А╨╕╤З╨╕╨╜╨╛╨╣ ╨╜╨╡╨▓╨╡╤А╨╜╨╛╨│╨╛ ╤А╨╡╨╖╤Г╨╗╤М╤В╨░╤В╨░ ╤Б╨▒╨╛╤А╨║╨╕.  ╨Т╨║╨╗╤О╤З╨╡╨╜╨╜╤Л╨╡ ╤Д╨░╨╣╨╗╤Л тАФ C:\Users\KusokMedi\Documents\GitHub\BetterShowcase\build\_deps\bindings-src\bindings\2.2081\inline\OptionsScrollLayer.cpp, C:\Users\KusokMedi\Documents\GitHub\BetterShowcase\build\bindings\bindings\Geode\source\OptionsScrollLayer.cpp. [C:\Users\KusokMedi\Documents\GitHub\BetterShowcase\build\bindings\GeodeBindings.vcxproj]
C:\Program Files (x86)\Microsoft Visual Studio\2022\BuildTools\MSBuild\Microsoft\VC\v170\Microsoft.CppBuild.targets(1129,5): warning MSB8027: ╨┤╨▓╨░ ╨╕╨╗╨╕ ╨▒╨╛╨╗╨╡╨╡ ╤Д╨░╨╣╨╗╨╛╨▓ ╤Б ╨╕╨╝╨╡╨╜╨╡╨╝ ParentalOptionsLayer.cpp ╨▓╤Л╨▓╨╛╨┤╤П╤В ╤А╨╡╨╖╤Г╨╗╤М╤В╨░╤В╤Л ╨▓ ╨╛╨┤╨╜╨╛ ╨╕ ╤В╨╛ ╨╢╨╡ ╤А╨░╤Б╨┐╨╛╨╗╨╛╨╢╨╡╨╜╨╕╨╡. ╨н╤В╨╛ ╨╝╨╛╨╢╨╡╤В ╤Б╤В╨░╤В╤М ╨┐╤А╨╕╤З╨╕╨╜╨╛╨╣ ╨╜╨╡╨▓╨╡╤А╨╜╨╛╨│╨╛ ╤А╨╡╨╖╤Г╨╗╤М╤В╨░╤В╨░ ╤Б╨▒╨╛╤А╨║╨╕.  ╨Т╨║╨╗╤О╤З╨╡╨╜╨╜╤Л╨╡ ╤Д╨░╨╣╨╗╤Л тАФ C:\Users\KusokMedi\Documents\GitHub\BetterShowcase\build\_deps\bindings-src\bindings\2.2081\inline\ParentalOptionsLayer.cpp, C:\Users\KusokMedi\Documents\GitHub\BetterShowcase\build\bindings\bindings\Geode\source\ParentalOptionsLayer.cpp. [C:\Users\KusokMedi\Documents\GitHub\BetterShowcase\build\bindings\GeodeBindings.vcxproj]
C:\Program Files (x86)\Microsoft Visual Studio\2022\BuildTools\MSBuild\Microsoft\VC\v170\Microsoft.CppBuild.targets(1129,5): warning MSB8027: ╨┤╨▓╨░ ╨╕╨╗╨╕ ╨▒╨╛╨╗╨╡╨╡ ╤Д╨░╨╣╨╗╨╛╨▓ ╤Б ╨╕╨╝╨╡╨╜╨╡╨╝ ParticleGameObject.cpp ╨▓╤Л╨▓╨╛╨┤╤П╤В ╤А╨╡╨╖╤Г╨╗╤М╤В╨░╤В╤Л ╨▓ ╨╛╨┤╨╜╨╛ ╨╕ ╤В╨╛ ╨╢╨╡ ╤А╨░╤Б╨┐╨╛╨╗╨╛╨╢╨╡╨╜╨╕╨╡. ╨н╤В╨╛ ╨╝╨╛╨╢╨╡╤В ╤Б╤В╨░╤В╤М ╨┐╤А╨╕╤З╨╕╨╜╨╛╨╣ ╨╜╨╡╨▓╨╡╤А╨╜╨╛╨│╨╛ ╤А╨╡╨╖╤Г╨╗╤М╤В╨░╤В╨░ ╤Б╨▒╨╛╤А╨║╨╕.  ╨Т╨║╨╗╤О╤З╨╡╨╜╨╜╤Л╨╡ ╤Д╨░╨╣╨╗╤Л тАФ C:\Users\KusokMedi\Documents\GitHub\BetterShowcase\build\_deps\bindings-src\bindings\2.2081\inline\ParticleGameObject.cpp, C:\Users\KusokMedi\Documents\GitHub\BetterShowcase\build\bindings\bindings\Geode\source\ParticleGameObject.cpp. [C:\Users\KusokMedi\Documents\GitHub\BetterShowcase\build\bindings\GeodeBindings.vcxproj]
C:\Program Files (x86)\Microsoft Visual Studio\2022\BuildTools\MSBuild\Microsoft\VC\v170\Microsoft.CppBuild.targets(1129,5): warning MSB8027: ╨┤╨▓╨░ ╨╕╨╗╨╕ ╨▒╨╛╨╗╨╡╨╡ ╤Д╨░╨╣╨╗╨╛╨▓ ╤Б ╨╕╨╝╨╡╨╜╨╡╨╝ ParticlePreviewLayer.cpp ╨▓╤Л╨▓╨╛╨┤╤П╤В ╤А╨╡╨╖╤Г╨╗╤М╤В╨░╤В╤Л ╨▓ ╨╛╨┤╨╜╨╛ ╨╕ ╤В╨╛ ╨╢╨╡ ╤А╨░╤Б╨┐╨╛╨╗╨╛╨╢╨╡╨╜╨╕╨╡. ╨н╤В╨╛ ╨╝╨╛╨╢╨╡╤В ╤Б╤В╨░╤В╤М ╨┐╤А╨╕╤З╨╕╨╜╨╛╨╣ ╨╜╨╡╨▓╨╡╤А╨╜╨╛╨│╨╛ ╤А╨╡╨╖╤Г╨╗╤М╤В╨░╤В╨░ ╤Б╨▒╨╛╤А╨║╨╕.  ╨Т╨║╨╗╤О╤З╨╡╨╜╨╜╤Л╨╡ ╤Д╨░╨╣╨╗╤Л тАФ C:\Users\KusokMedi\Documents\GitHub\BetterShowcase\build\_deps\bindings-src\bindings\2.2081\inline\ParticlePreviewLayer.cpp, C:\Users\KusokMedi\Documents\GitHub\BetterShowcase\build\bindings\bindings\Geode\source\ParticlePreviewLayer.cpp. [C:\Users\KusokMedi\Documents\GitHub\BetterShowcase\build\bindings\GeodeBindings.vcxproj]
C:\Program Files (x86)\Microsoft Visual Studio\2022\BuildTools\MSBuild\Microsoft\VC\v170\Microsoft.CppBuild.targets(1129,5): warning MSB8027: ╨┤╨▓╨░ ╨╕╨╗╨╕ ╨▒╨╛╨╗╨╡╨╡ ╤Д╨░╨╣╨╗╨╛╨▓ ╤Б ╨╕╨╝╨╡╨╜╨╡╨╝ PauseLayer.cpp ╨▓╤Л╨▓╨╛╨┤╤П╤В ╤А╨╡╨╖╤Г╨╗╤М╤В╨░╤В╤Л ╨▓ ╨╛╨┤╨╜╨╛ ╨╕ ╤В╨╛ ╨╢╨╡ ╤А╨░╤Б╨┐╨╛╨╗╨╛╨╢╨╡╨╜╨╕╨╡. ╨н╤В╨╛ ╨╝╨╛╨╢╨╡╤В ╤Б╤В╨░╤В╤М ╨┐╤А╨╕╤З╨╕╨╜╨╛╨╣ ╨╜╨╡╨▓╨╡╤А╨╜╨╛╨│╨╛ ╤А╨╡╨╖╤Г╨╗╤М╤В╨░╤В╨░ ╤Б╨▒╨╛╤А╨║╨╕.  ╨Т╨║╨╗╤О╤З╨╡╨╜╨╜╤Л╨╡ ╤Д╨░╨╣╨╗╤Л тАФ C:\Users\KusokMedi\Documents\GitHub\BetterShowcase\build\_deps\bindings-src\bindings\2.2081\inline\PauseLayer.cpp, C:\Users\KusokMedi\Documents\GitHub\BetterShowcase\build\bindings\bindings\Geode\source\PauseLayer.cpp. [C:\Users\KusokMedi\Documents\GitHub\BetterShowcase\build\bindings\GeodeBindings.vcxproj]
C:\Program Files (x86)\Microsoft Visual Studio\2022\BuildTools\MSBuild\Microsoft\VC\v170\Microsoft.CppBuild.targets(1129,5): warning MSB8027: ╨┤╨▓╨░ ╨╕╨╗╨╕ ╨▒╨╛╨╗╨╡╨╡ ╤Д╨░╨╣╨╗╨╛╨▓ ╤Б ╨╕╨╝╨╡╨╜╨╡╨╝ PlatformDownloadDelegate.cpp ╨▓╤Л╨▓╨╛╨┤╤П╤В ╤А╨╡╨╖╤Г╨╗╤М╤В╨░╤В╤Л ╨▓ ╨╛╨┤╨╜╨╛ ╨╕ ╤В╨╛ ╨╢╨╡ ╤А╨░╤Б╨┐╨╛╨╗╨╛╨╢╨╡╨╜╨╕╨╡. ╨н╤В╨╛ ╨╝╨╛╨╢╨╡╤В ╤Б╤В╨░╤В╤М ╨┐╤А╨╕╤З╨╕╨╜╨╛╨╣ ╨╜╨╡╨▓╨╡╤А╨╜╨╛╨│╨╛ ╤А╨╡╨╖╤Г╨╗╤М╤В╨░╤В╨░ ╤Б╨▒╨╛╤А╨║╨╕.  ╨Т╨║╨╗╤О╤З╨╡╨╜╨╜╤Л╨╡ ╤Д╨░╨╣╨╗╤Л тАФ C:\Users\KusokMedi\Documents\GitHub\BetterShowcase\build\_deps\bindings-src\bindings\2.2081\inline\PlatformDownloadDelegate.cpp, C:\Users\KusokMedi\Documents\GitHub\BetterShowcase\build\bindings\bindings\Geode\source\PlatformDownloadDelegate.cpp. [C:\Users\KusokMedi\Documents\GitHub\BetterShowcase\build\bindings\GeodeBindings.vcxproj]
C:\Program Files (x86)\Microsoft Visual Studio\2022\BuildTools\MSBuild\Microsoft\VC\v170\Microsoft.CppBuild.targets(1129,5): warning MSB8027: ╨┤╨▓╨░ ╨╕╨╗╨╕ ╨▒╨╛╨╗╨╡╨╡ ╤Д╨░╨╣╨╗╨╛╨▓ ╤Б ╨╕╨╝╨╡╨╜╨╡╨╝ PlatformToolbox.cpp ╨▓╤Л╨▓╨╛╨┤╤П╤В ╤А╨╡╨╖╤Г╨╗╤М╤В╨░╤В╤Л ╨▓ ╨╛╨┤╨╜╨╛ ╨╕ ╤В╨╛ ╨╢╨╡ ╤А╨░╤Б╨┐╨╛╨╗╨╛╨╢╨╡╨╜╨╕╨╡. ╨н╤В╨╛ ╨╝╨╛╨╢╨╡╤В ╤Б╤В╨░╤В╤М ╨┐╤А╨╕╤З╨╕╨╜╨╛╨╣ ╨╜╨╡╨▓╨╡╤А╨╜╨╛╨│╨╛ ╤А╨╡╨╖╤Г╨╗╤М╤В╨░╤В╨░ ╤Б╨▒╨╛╤А╨║╨╕.  ╨Т╨║╨╗╤О╤З╨╡╨╜╨╜╤Л╨╡ ╤Д╨░╨╣╨╗╤Л тАФ C:\Users\KusokMedi\Documents\GitHub\BetterShowcase\build\_deps\bindings-src\bindings\2.2081\inline\PlatformToolbox.cpp, C:\Users\KusokMedi\Documents\GitHub\BetterShowcase\build\bindings\bindings\Geode\source\PlatformToolbox.cpp. [C:\Users\KusokMedi\Documents\GitHub\BetterShowcase\build\bindings\GeodeBindings.vcxproj]
C:\Program Files (x86)\Microsoft Visual Studio\2022\BuildTools\MSBuild\Microsoft\VC\v170\Microsoft.CppBuild.targets(1129,5): warning MSB8027: ╨┤╨▓╨░ ╨╕╨╗╨╕ ╨▒╨╛╨╗╨╡╨╡ ╤Д╨░╨╣╨╗╨╛╨▓ ╤Б ╨╕╨╝╨╡╨╜╨╡╨╝ PlayLayer.cpp ╨▓╤Л╨▓╨╛╨┤╤П╤В ╤А╨╡╨╖╤Г╨╗╤М╤В╨░╤В╤Л ╨▓ ╨╛╨┤╨╜╨╛ ╨╕ ╤В╨╛ ╨╢╨╡ ╤А╨░╤Б╨┐╨╛╨╗╨╛╨╢╨╡╨╜╨╕╨╡. ╨н╤В╨╛ ╨╝╨╛╨╢╨╡╤В ╤Б╤В╨░╤В╤М ╨┐╤А╨╕╤З╨╕╨╜╨╛╨╣ ╨╜╨╡╨▓╨╡╤А╨╜╨╛╨│╨╛ ╤А╨╡╨╖╤Г╨╗╤М╤В╨░╤В╨░ ╤Б╨▒╨╛╤А╨║╨╕.  ╨Т╨║╨╗╤О╤З╨╡╨╜╨╜╤Л╨╡ ╤Д╨░╨╣╨╗╤Л тАФ C:\Users\KusokMedi\Documents\GitHub\BetterShowcase\build\_deps\bindings-src\bindings\2.2081\inline\PlayLayer.cpp, C:\Users\KusokMedi\Documents\GitHub\BetterShowcase\build\bindings\bindings\Geode\source\PlayLayer.cpp. [C:\Users\KusokMedi\Documents\GitHub\BetterShowcase\build\bindings\GeodeBindings.vcxproj]
C:\Program Files (x86)\Microsoft Visual Studio\2022\BuildTools\MSBuild\Microsoft\VC\v170\Microsoft.CppBuild.targets(1129,5): warning MSB8027: ╨┤╨▓╨░ ╨╕╨╗╨╕ ╨▒╨╛╨╗╨╡╨╡ ╤Д╨░╨╣╨╗╨╛╨▓ ╤Б ╨╕╨╝╨╡╨╜╨╡╨╝ PlayerButtonCommand.cpp ╨▓╤Л╨▓╨╛╨┤╤П╤В ╤А╨╡╨╖╤Г╨╗╤М╤В╨░╤В╤Л ╨▓ ╨╛╨┤╨╜╨╛ ╨╕ ╤В╨╛ ╨╢╨╡ ╤А╨░╤Б╨┐╨╛╨╗╨╛╨╢╨╡╨╜╨╕╨╡. ╨н╤В╨╛ ╨╝╨╛╨╢╨╡╤В ╤Б╤В╨░╤В╤М ╨┐╤А╨╕╤З╨╕╨╜╨╛╨╣ ╨╜╨╡╨▓╨╡╤А╨╜╨╛╨│╨╛ ╤А╨╡╨╖╤Г╨╗╤М╤В╨░╤В╨░ ╤Б╨▒╨╛╤А╨║╨╕.  ╨Т╨║╨╗╤О╤З╨╡╨╜╨╜╤Л╨╡ ╤Д╨░╨╣╨╗╤Л тАФ C:\Users\KusokMedi\Documents\GitHub\BetterShowcase\build\_deps\bindings-src\bindings\2.2081\inline\PlayerButtonCommand.cpp, C:\Users\KusokMedi\Documents\GitHub\BetterShowcase\build\bindings\bindings\Geode\source\PlayerButtonCommand.cpp. [C:\Users\KusokMedi\Documents\GitHub\BetterShowcase\build\bindings\GeodeBindings.vcxproj]
C:\Program Files (x86)\Microsoft Visual Studio\2022\BuildTools\MSBuild\Microsoft\VC\v170\Microsoft.CppBuild.targets(1129,5): warning MSB8027: ╨┤╨▓╨░ ╨╕╨╗╨╕ ╨▒╨╛╨╗╨╡╨╡ ╤Д╨░╨╣╨╗╨╛╨▓ ╤Б ╨╕╨╝╨╡╨╜╨╡╨╝ PlayerCheckpoint.cpp ╨▓╤Л╨▓╨╛╨┤╤П╤В ╤А╨╡╨╖╤Г╨╗╤М╤В╨░╤В╤Л ╨▓ ╨╛╨┤╨╜╨╛ ╨╕ ╤В╨╛ ╨╢╨╡ ╤А╨░╤Б╨┐╨╛╨╗╨╛╨╢╨╡╨╜╨╕╨╡. ╨н╤В╨╛ ╨╝╨╛╨╢╨╡╤В ╤Б╤В╨░╤В╤М ╨┐╤А╨╕╤З╨╕╨╜╨╛╨╣ ╨╜╨╡╨▓╨╡╤А╨╜╨╛╨│╨╛ ╤А╨╡╨╖╤Г╨╗╤М╤В╨░╤В╨░ ╤Б╨▒╨╛╤А╨║╨╕.  ╨Т╨║╨╗╤О╤З╨╡╨╜╨╜╤Л╨╡ ╤Д╨░╨╣╨╗╤Л тАФ C:\Users\KusokMedi\Documents\GitHub\BetterShowcase\build\_deps\bindings-src\bindings\2.2081\inline\PlayerCheckpoint.cpp, C:\Users\KusokMedi\Documents\GitHub\BetterShowcase\build\bindings\bindings\Geode\source\PlayerCheckpoint.cpp. [C:\Users\KusokMedi\Documents\GitHub\BetterShowcase\build\bindings\GeodeBindings.vcxproj]
C:\Program Files (x86)\Microsoft Visual Studio\2022\BuildTools\MSBuild\Microsoft\VC\v170\Microsoft.CppBuild.targets(1129,5): warning MSB8027: ╨┤╨▓╨░ ╨╕╨╗╨╕ ╨▒╨╛╨╗╨╡╨╡ ╤Д╨░╨╣╨╗╨╛╨▓ ╤Б ╨╕╨╝╨╡╨╜╨╡╨╝ PlayerControlGameObject.cpp ╨▓╤Л╨▓╨╛╨┤╤П╤В ╤А╨╡╨╖╤Г╨╗╤М╤В╨░╤В╤Л ╨▓ ╨╛╨┤╨╜╨╛ ╨╕ ╤В╨╛ ╨╢╨╡ ╤А╨░╤Б╨┐╨╛╨╗╨╛╨╢╨╡╨╜╨╕╨╡. ╨н╤В╨╛ ╨╝╨╛╨╢╨╡╤В ╤Б╤В╨░╤В╤М ╨┐╤А╨╕╤З╨╕╨╜╨╛╨╣ ╨╜╨╡╨▓╨╡╤А╨╜╨╛╨│╨╛ ╤А╨╡╨╖╤Г╨╗╤М╤В╨░╤В╨░ ╤Б╨▒╨╛╤А╨║╨╕.  ╨Т╨║╨╗╤О╤З╨╡╨╜╨╜╤Л╨╡ ╤Д╨░╨╣╨╗╤Л тАФ C:\Users\KusokMedi\Documents\GitHub\BetterShowcase\build\_deps\bindings-src\bindings\2.2081\inline\PlayerControlGameObject.cpp, C:\Users\KusokMedi\Documents\GitHub\BetterShowcase\build\bindings\bindings\Geode\source\PlayerControlGameObject.cpp. [C:\Users\KusokMedi\Documents\GitHub\BetterShowcase\build\bindings\GeodeBindings.vcxproj]
C:\Program Files (x86)\Microsoft Visual Studio\2022\BuildTools\MSBuild\Microsoft\VC\v170\Microsoft.CppBuild.targets(1129,5): warning MSB8027: ╨┤╨▓╨░ ╨╕╨╗╨╕ ╨▒╨╛╨╗╨╡╨╡ ╤Д╨░╨╣╨╗╨╛╨▓ ╤Б ╨╕╨╝╨╡╨╜╨╡╨╝ PlayerFireBoostSprite.cpp ╨▓╤Л╨▓╨╛╨┤╤П╤В ╤А╨╡╨╖╤Г╨╗╤М╤В╨░╤В╤Л ╨▓ ╨╛╨┤╨╜╨╛ ╨╕ ╤В╨╛ ╨╢╨╡ ╤А╨░╤Б╨┐╨╛╨╗╨╛╨╢╨╡╨╜╨╕╨╡. ╨н╤В╨╛ ╨╝╨╛╨╢╨╡╤В ╤Б╤В╨░╤В╤М ╨┐╤А╨╕╤З╨╕╨╜╨╛╨╣ ╨╜╨╡╨▓╨╡╤А╨╜╨╛╨│╨╛ ╤А╨╡╨╖╤Г╨╗╤М╤В╨░╤В╨░ ╤Б╨▒╨╛╤А╨║╨╕.  ╨Т╨║╨╗╤О╤З╨╡╨╜╨╜╤Л╨╡ ╤Д╨░╨╣╨╗╤Л тАФ C:\Users\KusokMedi\Documents\GitHub\BetterShowcase\build\_deps\bindings-src\bindings\2.2081\inline\PlayerFireBoostSprite.cpp, C:\Users\KusokMedi\Documents\GitHub\BetterShowcase\build\bindings\bindings\Geode\source\PlayerFireBoostSprite.cpp. [C:\Users\KusokMedi\Documents\GitHub\BetterShowcase\build\bindings\GeodeBindings.vcxproj]
C:\Program Files (x86)\Microsoft Visual Studio\2022\BuildTools\MSBuild\Microsoft\VC\v170\Microsoft.CppBuild.targets(1129,5): warning MSB8027: ╨┤╨▓╨░ ╨╕╨╗╨╕ ╨▒╨╛╨╗╨╡╨╡ ╤Д╨░╨╣╨╗╨╛╨▓ ╤Б ╨╕╨╝╨╡╨╜╨╡╨╝ PlayerObject.cpp ╨▓╤Л╨▓╨╛╨┤╤П╤В ╤А╨╡╨╖╤Г╨╗╤М╤В╨░╤В╤Л ╨▓ ╨╛╨┤╨╜╨╛ ╨╕ ╤В╨╛ ╨╢╨╡ ╤А╨░╤Б╨┐╨╛╨╗╨╛╨╢╨╡╨╜╨╕╨╡. ╨н╤В╨╛ ╨╝╨╛╨╢╨╡╤В ╤Б╤В╨░╤В╤М ╨┐╤А╨╕╤З╨╕╨╜╨╛╨╣ ╨╜╨╡╨▓╨╡╤А╨╜╨╛╨│╨╛ ╤А╨╡╨╖╤Г╨╗╤М╤В╨░╤В╨░ ╤Б╨▒╨╛╤А╨║╨╕.  ╨Т╨║╨╗╤О╤З╨╡╨╜╨╜╤Л╨╡ ╤Д╨░╨╣╨╗╤Л тАФ C:\Users\KusokMedi\Documents\GitHub\BetterShowcase\build\_deps\bindings-src\bindings\2.2081\inline\PlayerObject.cpp, C:\Users\KusokMedi\Documents\GitHub\BetterShowcase\build\bindings\bindings\Geode\source\PlayerObject.cpp. [C:\Users\KusokMedi\Documents\GitHub\BetterShowcase\build\bindings\GeodeBindings.vcxproj]
C:\Program Files (x86)\Microsoft Visual Studio\2022\BuildTools\MSBuild\Microsoft\VC\v170\Microsoft.CppBuild.targets(1129,5): warning MSB8027: ╨┤╨▓╨░ ╨╕╨╗╨╕ ╨▒╨╛╨╗╨╡╨╡ ╤Д╨░╨╣╨╗╨╛╨▓ ╤Б ╨╕╨╝╨╡╨╜╨╡╨╝ PointNode.cpp ╨▓╤Л╨▓╨╛╨┤╤П╤В ╤А╨╡╨╖╤Г╨╗╤М╤В╨░╤В╤Л ╨▓ ╨╛╨┤╨╜╨╛ ╨╕ ╤В╨╛ ╨╢╨╡ ╤А╨░╤Б╨┐╨╛╨╗╨╛╨╢╨╡╨╜╨╕╨╡. ╨н╤В╨╛ ╨╝╨╛╨╢╨╡╤В ╤Б╤В╨░╤В╤М ╨┐╤А╨╕╤З╨╕╨╜╨╛╨╣ ╨╜╨╡╨▓╨╡╤А╨╜╨╛╨│╨╛ ╤А╨╡╨╖╤Г╨╗╤М╤В╨░╤В╨░ ╤Б╨▒╨╛╤А╨║╨╕.  ╨Т╨║╨╗╤О╤З╨╡╨╜╨╜╤Л╨╡ ╤Д╨░╨╣╨╗╤Л тАФ C:\Users\KusokMedi\Documents\GitHub\BetterShowcase\build\_deps\bindings-src\bindings\2.2081\inline\PointNode.cpp, C:\Users\KusokMedi\Documents\GitHub\BetterShowcase\build\bindings\bindings\Geode\source\PointNode.cpp. [C:\Users\KusokMedi\Documents\GitHub\BetterShowcase\build\bindings\GeodeBindings.vcxproj]
C:\Program Files (x86)\Microsoft Visual Studio\2022\BuildTools\MSBuild\Microsoft\VC\v170\Microsoft.CppBuild.targets(1129,5): warning MSB8027: ╨┤╨▓╨░ ╨╕╨╗╨╕ ╨▒╨╛╨╗╨╡╨╡ ╤Д╨░╨╣╨╗╨╛╨▓ ╤Б ╨╕╨╝╨╡╨╜╨╡╨╝ PriceLabel.cpp ╨▓╤Л╨▓╨╛╨┤╤П╤В ╤А╨╡╨╖╤Г╨╗╤М╤В╨░╤В╤Л ╨▓ ╨╛╨┤╨╜╨╛ ╨╕ ╤В╨╛ ╨╢╨╡ ╤А╨░╤Б╨┐╨╛╨╗╨╛╨╢╨╡╨╜╨╕╨╡. ╨н╤В╨╛ ╨╝╨╛╨╢╨╡╤В ╤Б╤В╨░╤В╤М ╨┐╤А╨╕╤З╨╕╨╜╨╛╨╣ ╨╜╨╡╨▓╨╡╤А╨╜╨╛╨│╨╛ ╤А╨╡╨╖╤Г╨╗╤М╤В╨░╤В╨░ ╤Б╨▒╨╛╤А╨║╨╕.  ╨Т╨║╨╗╤О╤З╨╡╨╜╨╜╤Л╨╡ ╤Д╨░╨╣╨╗╤Л тАФ C:\Users\KusokMedi\Documents\GitHub\BetterShowcase\build\_deps\bindings-src\bindings\2.2081\inline\PriceLabel.cpp, C:\Users\KusokMedi\Documents\GitHub\BetterShowcase\build\bindings\bindings\Geode\source\PriceLabel.cpp. [C:\Users\KusokMedi\Documents\GitHub\BetterShowcase\build\bindings\GeodeBindings.vcxproj]
C:\Program Files (x86)\Microsoft Visual Studio\2022\BuildTools\MSBuild\Microsoft\VC\v170\Microsoft.CppBuild.targets(1129,5): warning MSB8027: ╨┤╨▓╨░ ╨╕╨╗╨╕ ╨▒╨╛╨╗╨╡╨╡ ╤Д╨░╨╣╨╗╨╛╨▓ ╤Б ╨╕╨╝╨╡╨╜╨╡╨╝ ProfilePage.cpp ╨▓╤Л╨▓╨╛╨┤╤П╤В ╤А╨╡╨╖╤Г╨╗╤М╤В╨░╤В╤Л ╨▓ ╨╛╨┤╨╜╨╛ ╨╕ ╤В╨╛ ╨╢╨╡ ╤А╨░╤Б╨┐╨╛╨╗╨╛╨╢╨╡╨╜╨╕╨╡. ╨н╤В╨╛ ╨╝╨╛╨╢╨╡╤В ╤Б╤В╨░╤В╤М ╨┐╤А╨╕╤З╨╕╨╜╨╛╨╣ ╨╜╨╡╨▓╨╡╤А╨╜╨╛╨│╨╛ ╤А╨╡╨╖╤Г╨╗╤М╤В╨░╤В╨░ ╤Б╨▒╨╛╤А╨║╨╕.  ╨Т╨║╨╗╤О╤З╨╡╨╜╨╜╤Л╨╡ ╤Д╨░╨╣╨╗╤Л тАФ C:\Users\KusokMedi\Documents\GitHub\BetterShowcase\build\_deps\bindings-src\bindings\2.2081\inline\ProfilePage.cpp, C:\Users\KusokMedi\Documents\GitHub\BetterShowcase\build\bindings\bindings\Geode\source\ProfilePage.cpp. [C:\Users\KusokMedi\Documents\GitHub\BetterShowcase\build\bindings\GeodeBindings.vcxproj]
C:\Program Files (x86)\Microsoft Visual Studio\2022\BuildTools\MSBuild\Microsoft\VC\v170\Microsoft.CppBuild.targets(1129,5): warning MSB8027: ╨┤╨▓╨░ ╨╕╨╗╨╕ ╨▒╨╛╨╗╨╡╨╡ ╤Д╨░╨╣╨╗╨╛╨▓ ╤Б ╨╕╨╝╨╡╨╜╨╡╨╝ PromoInterstitial.cpp ╨▓╤Л╨▓╨╛╨┤╤П╤В ╤А╨╡╨╖╤Г╨╗╤М╤В╨░╤В╤Л ╨▓ ╨╛╨┤╨╜╨╛ ╨╕ ╤В╨╛ ╨╢╨╡ ╤А╨░╤Б╨┐╨╛╨╗╨╛╨╢╨╡╨╜╨╕╨╡. ╨н╤В╨╛ ╨╝╨╛╨╢╨╡╤В ╤Б╤В╨░╤В╤М ╨┐╤А╨╕╤З╨╕╨╜╨╛╨╣ ╨╜╨╡╨▓╨╡╤А╨╜╨╛╨│╨╛ ╤А╨╡╨╖╤Г╨╗╤М╤В╨░╤В╨░ ╤Б╨▒╨╛╤А╨║╨╕.  ╨Т╨║╨╗╤О╤З╨╡╨╜╨╜╤Л╨╡ ╤Д╨░╨╣╨╗╤Л тАФ C:\Users\KusokMedi\Documents\GitHub\BetterShowcase\build\_deps\bindings-src\bindings\2.2081\inline\PromoInterstitial.cpp, C:\Users\KusokMedi\Documents\GitHub\BetterShowcase\build\bindings\bindings\Geode\source\PromoInterstitial.cpp. [C:\Users\KusokMedi\Documents\GitHub\BetterShowcase\build\bindings\GeodeBindings.vcxproj]
C:\Program Files (x86)\Microsoft Visual Studio\2022\BuildTools\MSBuild\Microsoft\VC\v170\Microsoft.CppBuild.targets(1129,5): warning MSB8027: ╨┤╨▓╨░ ╨╕╨╗╨╕ ╨▒╨╛╨╗╨╡╨╡ ╤Д╨░╨╣╨╗╨╛╨▓ ╤Б ╨╕╨╝╨╡╨╜╨╡╨╝ PulseEffectAction.cpp ╨▓╤Л╨▓╨╛╨┤╤П╤В ╤А╨╡╨╖╤Г╨╗╤М╤В╨░╤В╤Л ╨▓ ╨╛╨┤╨╜╨╛ ╨╕ ╤В╨╛ ╨╢╨╡ ╤А╨░╤Б╨┐╨╛╨╗╨╛╨╢╨╡╨╜╨╕╨╡. ╨н╤В╨╛ ╨╝╨╛╨╢╨╡╤В ╤Б╤В╨░╤В╤М ╨┐╤А╨╕╤З╨╕╨╜╨╛╨╣ ╨╜╨╡╨▓╨╡╤А╨╜╨╛╨│╨╛ ╤А╨╡╨╖╤Г╨╗╤М╤В╨░╤В╨░ ╤Б╨▒╨╛╤А╨║╨╕.  ╨Т╨║╨╗╤О╤З╨╡╨╜╨╜╤Л╨╡ ╤Д╨░╨╣╨╗╤Л тАФ C:\Users\KusokMedi\Documents\GitHub\BetterShowcase\build\_deps\bindings-src\bindings\2.2081\inline\PulseEffectAction.cpp, C:\Users\KusokMedi\Documents\GitHub\BetterShowcase\build\bindings\bindings\Geode\source\PulseEffectAction.cpp. [C:\Users\KusokMedi\Documents\GitHub\BetterShowcase\build\bindings\GeodeBindings.vcxproj]
C:\Program Files (x86)\Microsoft Visual Studio\2022\BuildTools\MSBuild\Microsoft\VC\v170\Microsoft.CppBuild.targets(1129,5): warning MSB8027: ╨┤╨▓╨░ ╨╕╨╗╨╕ ╨▒╨╛╨╗╨╡╨╡ ╤Д╨░╨╣╨╗╨╛╨▓ ╤Б ╨╕╨╝╨╡╨╜╨╡╨╝ PurchaseItemPopup.cpp ╨▓╤Л╨▓╨╛╨┤╤П╤В ╤А╨╡╨╖╤Г╨╗╤М╤В╨░╤В╤Л ╨▓ ╨╛╨┤╨╜╨╛ ╨╕ ╤В╨╛ ╨╢╨╡ ╤А╨░╤Б╨┐╨╛╨╗╨╛╨╢╨╡╨╜╨╕╨╡. ╨н╤В╨╛ ╨╝╨╛╨╢╨╡╤В ╤Б╤В╨░╤В╤М ╨┐╤А╨╕╤З╨╕╨╜╨╛╨╣ ╨╜╨╡╨▓╨╡╤А╨╜╨╛╨│╨╛ ╤А╨╡╨╖╤Г╨╗╤М╤В╨░╤В╨░ ╤Б╨▒╨╛╤А╨║╨╕.  ╨Т╨║╨╗╤О╤З╨╡╨╜╨╜╤Л╨╡ ╤Д╨░╨╣╨╗╤Л тАФ C:\Users\KusokMedi\Documents\GitHub\BetterShowcase\build\_deps\bindings-src\bindings\2.2081\inline\PurchaseItemPopup.cpp, C:\Users\KusokMedi\Documents\GitHub\BetterShowcase\build\bindings\bindings\Geode\source\PurchaseItemPopup.cpp. [C:\Users\KusokMedi\Documents\GitHub\BetterShowcase\build\bindings\GeodeBindings.vcxproj]
C:\Program Files (x86)\Microsoft Visual Studio\2022\BuildTools\MSBuild\Microsoft\VC\v170\Microsoft.CppBuild.targets(1129,5): warning MSB8027: ╨┤╨▓╨░ ╨╕╨╗╨╕ ╨▒╨╛╨╗╨╡╨╡ ╤Д╨░╨╣╨╗╨╛╨▓ ╤Б ╨╕╨╝╨╡╨╜╨╡╨╝ RandTriggerGameObject.cpp ╨▓╤Л╨▓╨╛╨┤╤П╤В ╤А╨╡╨╖╤Г╨╗╤М╤В╨░╤В╤Л ╨▓ ╨╛╨┤╨╜╨╛ ╨╕ ╤В╨╛ ╨╢╨╡ ╤А╨░╤Б╨┐╨╛╨╗╨╛╨╢╨╡╨╜╨╕╨╡. ╨н╤В╨╛ ╨╝╨╛╨╢╨╡╤В ╤Б╤В╨░╤В╤М ╨┐╤А╨╕╤З╨╕╨╜╨╛╨╣ ╨╜╨╡╨▓╨╡╤А╨╜╨╛╨│╨╛ ╤А╨╡╨╖╤Г╨╗╤М╤В╨░╤В╨░ ╤Б╨▒╨╛╤А╨║╨╕.  ╨Т╨║╨╗╤О╤З╨╡╨╜╨╜╤Л╨╡ ╤Д╨░╨╣╨╗╤Л тАФ C:\Users\KusokMedi\Documents\GitHub\BetterShowcase\build\_deps\bindings-src\bindings\2.2081\inline\RandTriggerGameObject.cpp, C:\Users\KusokMedi\Documents\GitHub\BetterShowcase\build\bindings\bindings\Geode\source\RandTriggerGameObject.cpp. [C:\Users\KusokMedi\Documents\GitHub\BetterShowcase\build\bindings\GeodeBindings.vcxproj]
C:\Program Files (x86)\Microsoft Visual Studio\2022\BuildTools\MSBuild\Microsoft\VC\v170\Microsoft.CppBuild.targets(1129,5): warning MSB8027: ╨┤╨▓╨░ ╨╕╨╗╨╕ ╨▒╨╛╨╗╨╡╨╡ ╤Д╨░╨╣╨╗╨╛╨▓ ╤Б ╨╕╨╝╨╡╨╜╨╡╨╝ RateDemonLayer.cpp ╨▓╤Л╨▓╨╛╨┤╤П╤В ╤А╨╡╨╖╤Г╨╗╤М╤В╨░╤В╤Л ╨▓ ╨╛╨┤╨╜╨╛ ╨╕ ╤В╨╛ ╨╢╨╡ ╤А╨░╤Б╨┐╨╛╨╗╨╛╨╢╨╡╨╜╨╕╨╡. ╨н╤В╨╛ ╨╝╨╛╨╢╨╡╤В ╤Б╤В╨░╤В╤М ╨┐╤А╨╕╤З╨╕╨╜╨╛╨╣ ╨╜╨╡╨▓╨╡╤А╨╜╨╛╨│╨╛ ╤А╨╡╨╖╤Г╨╗╤М╤В╨░╤В╨░ ╤Б╨▒╨╛╤А╨║╨╕.  ╨Т╨║╨╗╤О╤З╨╡╨╜╨╜╤Л╨╡ ╤Д╨░╨╣╨╗╤Л тАФ C:\Users\KusokMedi\Documents\GitHub\BetterShowcase\build\_deps\bindings-src\bindings\2.2081\inline\RateDemonLayer.cpp, C:\Users\KusokMedi\Documents\GitHub\BetterShowcase\build\bindings\bindings\Geode\source\RateDemonLayer.cpp. [C:\Users\KusokMedi\Documents\GitHub\BetterShowcase\build\bindings\GeodeBindings.vcxproj]
C:\Program Files (x86)\Microsoft Visual Studio\2022\BuildTools\MSBuild\Microsoft\VC\v170\Microsoft.CppBuild.targets(1129,5): warning MSB8027: ╨┤╨▓╨░ ╨╕╨╗╨╕ ╨▒╨╛╨╗╨╡╨╡ ╤Д╨░╨╣╨╗╨╛╨▓ ╤Б ╨╕╨╝╨╡╨╜╨╡╨╝ RateLevelDelegate.cpp ╨▓╤Л╨▓╨╛╨┤╤П╤В ╤А╨╡╨╖╤Г╨╗╤М╤В╨░╤В╤Л ╨▓ ╨╛╨┤╨╜╨╛ ╨╕ ╤В╨╛ ╨╢╨╡ ╤А╨░╤Б╨┐╨╛╨╗╨╛╨╢╨╡╨╜╨╕╨╡. ╨н╤В╨╛ ╨╝╨╛╨╢╨╡╤В ╤Б╤В╨░╤В╤М ╨┐╤А╨╕╤З╨╕╨╜╨╛╨╣ ╨╜╨╡╨▓╨╡╤А╨╜╨╛╨│╨╛ ╤А╨╡╨╖╤Г╨╗╤М╤В╨░╤В╨░ ╤Б╨▒╨╛╤А╨║╨╕.  ╨Т╨║╨╗╤О╤З╨╡╨╜╨╜╤Л╨╡ ╤Д╨░╨╣╨╗╤Л тАФ C:\Users\KusokMedi\Documents\GitHub\BetterShowcase\build\_deps\bindings-src\bindings\2.2081\inline\RateLevelDelegate.cpp, C:\Users\KusokMedi\Documents\GitHub\BetterShowcase\build\bindings\bindings\Geode\source\RateLevelDelegate.cpp. [C:\Users\KusokMedi\Documents\GitHub\BetterShowcase\build\bindings\GeodeBindings.vcxproj]
C:\Program Files (x86)\Microsoft Visual Studio\2022\BuildTools\MSBuild\Microsoft\VC\v170\Microsoft.CppBuild.targets(1129,5): warning MSB8027: ╨┤╨▓╨░ ╨╕╨╗╨╕ ╨▒╨╛╨╗╨╡╨╡ ╤Д╨░╨╣╨╗╨╛╨▓ ╤Б ╨╕╨╝╨╡╨╜╨╡╨╝ RateLevelLayer.cpp ╨▓╤Л╨▓╨╛╨┤╤П╤В ╤А╨╡╨╖╤Г╨╗╤М╤В╨░╤В╤Л ╨▓ ╨╛╨┤╨╜╨╛ ╨╕ ╤В╨╛ ╨╢╨╡ ╤А╨░╤Б╨┐╨╛╨╗╨╛╨╢╨╡╨╜╨╕╨╡. ╨н╤В╨╛ ╨╝╨╛╨╢╨╡╤В ╤Б╤В╨░╤В╤М ╨┐╤А╨╕╤З╨╕╨╜╨╛╨╣ ╨╜╨╡╨▓╨╡╤А╨╜╨╛╨│╨╛ ╤А╨╡╨╖╤Г╨╗╤М╤В╨░╤В╨░ ╤Б╨▒╨╛╤А╨║╨╕.  ╨Т╨║╨╗╤О╤З╨╡╨╜╨╜╤Л╨╡ ╤Д╨░╨╣╨╗╤Л тАФ C:\Users\KusokMedi\Documents\GitHub\BetterShowcase\build\_deps\bindings-src\bindings\2.2081\inline\RateLevelLayer.cpp, C:\Users\KusokMedi\Documents\GitHub\BetterShowcase\build\bindings\bindings\Geode\source\RateLevelLayer.cpp. [C:\Users\KusokMedi\Documents\GitHub\BetterShowcase\build\bindings\GeodeBindings.vcxproj]
C:\Program Files (x86)\Microsoft Visual Studio\2022\BuildTools\MSBuild\Microsoft\VC\v170\Microsoft.CppBuild.targets(1129,5): warning MSB8027: ╨┤╨▓╨░ ╨╕╨╗╨╕ ╨▒╨╛╨╗╨╡╨╡ ╤Д╨░╨╣╨╗╨╛╨▓ ╤Б ╨╕╨╝╨╡╨╜╨╡╨╝ RateStarsLayer.cpp ╨▓╤Л╨▓╨╛╨┤╤П╤В ╤А╨╡╨╖╤Г╨╗╤М╤В╨░╤В╤Л ╨▓ ╨╛╨┤╨╜╨╛ ╨╕ ╤В╨╛ ╨╢╨╡ ╤А╨░╤Б╨┐╨╛╨╗╨╛╨╢╨╡╨╜╨╕╨╡. ╨н╤В╨╛ ╨╝╨╛╨╢╨╡╤В ╤Б╤В╨░╤В╤М ╨┐╤А╨╕╤З╨╕╨╜╨╛╨╣ ╨╜╨╡╨▓╨╡╤А╨╜╨╛╨│╨╛ ╤А╨╡╨╖╤Г╨╗╤М╤В╨░╤В╨░ ╤Б╨▒╨╛╤А╨║╨╕.  ╨Т╨║╨╗╤О╤З╨╡╨╜╨╜╤Л╨╡ ╤Д╨░╨╣╨╗╤Л тАФ C:\Users\KusokMedi\Documents\GitHub\BetterShowcase\build\_deps\bindings-src\bindings\2.2081\inline\RateStarsLayer.cpp, C:\Users\KusokMedi\Documents\GitHub\BetterShowcase\build\bindings\bindings\Geode\source\RateStarsLayer.cpp. [C:\Users\KusokMedi\Documents\GitHub\BetterShowcase\build\bindings\GeodeBindings.vcxproj]
C:\Program Files (x86)\Microsoft Visual Studio\2022\BuildTools\MSBuild\Microsoft\VC\v170\Microsoft.CppBuild.targets(1129,5): warning MSB8027: ╨┤╨▓╨░ ╨╕╨╗╨╕ ╨▒╨╛╨╗╨╡╨╡ ╤Д╨░╨╣╨╗╨╛╨▓ ╤Б ╨╕╨╝╨╡╨╜╨╡╨╝ RetryLevelLayer.cpp ╨▓╤Л╨▓╨╛╨┤╤П╤В ╤А╨╡╨╖╤Г╨╗╤М╤В╨░╤В╤Л ╨▓ ╨╛╨┤╨╜╨╛ ╨╕ ╤В╨╛ ╨╢╨╡ ╤А╨░╤Б╨┐╨╛╨╗╨╛╨╢╨╡╨╜╨╕╨╡. ╨н╤В╨╛ ╨╝╨╛╨╢╨╡╤В ╤Б╤В╨░╤В╤М ╨┐╤А╨╕╤З╨╕╨╜╨╛╨╣ ╨╜╨╡╨▓╨╡╤А╨╜╨╛╨│╨╛ ╤А╨╡╨╖╤Г╨╗╤М╤В╨░╤В╨░ ╤Б╨▒╨╛╤А╨║╨╕.  ╨Т╨║╨╗╤О╤З╨╡╨╜╨╜╤Л╨╡ ╤Д╨░╨╣╨╗╤Л тАФ C:\Users\KusokMedi\Documents\GitHub\BetterShowcase\build\_deps\bindings-src\bindings\2.2081\inline\RetryLevelLayer.cpp, C:\Users\KusokMedi\Documents\GitHub\BetterShowcase\build\bindings\bindings\Geode\source\RetryLevelLayer.cpp. [C:\Users\KusokMedi\Documents\GitHub\BetterShowcase\build\bindings\GeodeBindings.vcxproj]
C:\Program Files (x86)\Microsoft Visual Studio\2022\BuildTools\MSBuild\Microsoft\VC\v170\Microsoft.CppBuild.targets(1129,5): warning MSB8027: ╨┤╨▓╨░ ╨╕╨╗╨╕ ╨▒╨╛╨╗╨╡╨╡ ╤Д╨░╨╣╨╗╨╛╨▓ ╤Б ╨╕╨╝╨╡╨╜╨╡╨╝ Reverb3D.cpp ╨▓╤Л╨▓╨╛╨┤╤П╤В ╤А╨╡╨╖╤Г╨╗╤М╤В╨░╤В╤Л ╨▓ ╨╛╨┤╨╜╨╛ ╨╕ ╤В╨╛ ╨╢╨╡ ╤А╨░╤Б╨┐╨╛╨╗╨╛╨╢╨╡╨╜╨╕╨╡. ╨н╤В╨╛ ╨╝╨╛╨╢╨╡╤В ╤Б╤В╨░╤В╤М ╨┐╤А╨╕╤З╨╕╨╜╨╛╨╣ ╨╜╨╡╨▓╨╡╤А╨╜╨╛╨│╨╛ ╤А╨╡╨╖╤Г╨╗╤М╤В╨░╤В╨░ ╤Б╨▒╨╛╤А╨║╨╕.  ╨Т╨║╨╗╤О╤З╨╡╨╜╨╜╤Л╨╡ ╤Д╨░╨╣╨╗╤Л тАФ C:\Users\KusokMedi\Documents\GitHub\BetterShowcase\build\_deps\bindings-src\bindings\2.2081\inline\Reverb3D.cpp, C:\Users\KusokMedi\Documents\GitHub\BetterShowcase\build\bindings\bindings\Geode\source\Reverb3D.cpp. [C:\Users\KusokMedi\Documents\GitHub\BetterShowcase\build\bindings\GeodeBindings.vcxproj]
C:\Program Files (x86)\Microsoft Visual Studio\2022\BuildTools\MSBuild\Microsoft\VC\v170\Microsoft.CppBuild.targets(1129,5): warning MSB8027: ╨┤╨▓╨░ ╨╕╨╗╨╕ ╨▒╨╛╨╗╨╡╨╡ ╤Д╨░╨╣╨╗╨╛╨▓ ╤Б ╨╕╨╝╨╡╨╜╨╡╨╝ RewardUnlockLayer.cpp ╨▓╤Л╨▓╨╛╨┤╤П╤В ╤А╨╡╨╖╤Г╨╗╤М╤В╨░╤В╤Л ╨▓ ╨╛╨┤╨╜╨╛ ╨╕ ╤В╨╛ ╨╢╨╡ ╤А╨░╤Б╨┐╨╛╨╗╨╛╨╢╨╡╨╜╨╕╨╡. ╨н╤В╨╛ ╨╝╨╛╨╢╨╡╤В ╤Б╤В╨░╤В╤М ╨┐╤А╨╕╤З╨╕╨╜╨╛╨╣ ╨╜╨╡╨▓╨╡╤А╨╜╨╛╨│╨╛ ╤А╨╡╨╖╤Г╨╗╤М╤В╨░╤В╨░ ╤Б╨▒╨╛╤А╨║╨╕.  ╨Т╨║╨╗╤О╤З╨╡╨╜╨╜╤Л╨╡ ╤Д╨░╨╣╨╗╤Л тАФ C:\Users\KusokMedi\Documents\GitHub\BetterShowcase\build\_deps\bindings-src\bindings\2.2081\inline\RewardUnlockLayer.cpp, C:\Users\KusokMedi\Documents\GitHub\BetterShowcase\build\bindings\bindings\Geode\source\RewardUnlockLayer.cpp. [C:\Users\KusokMedi\Documents\GitHub\BetterShowcase\build\bindings\GeodeBindings.vcxproj]
C:\Program Files (x86)\Microsoft Visual Studio\2022\BuildTools\MSBuild\Microsoft\VC\v170\Microsoft.CppBuild.targets(1129,5): warning MSB8027: ╨┤╨▓╨░ ╨╕╨╗╨╕ ╨▒╨╛╨╗╨╡╨╡ ╤Д╨░╨╣╨╗╨╛╨▓ ╤Б ╨╕╨╝╨╡╨╜╨╡╨╝ RewardedVideoDelegate.cpp ╨▓╤Л╨▓╨╛╨┤╤П╤В ╤А╨╡╨╖╤Г╨╗╤М╤В╨░╤В╤Л ╨▓ ╨╛╨┤╨╜╨╛ ╨╕ ╤В╨╛ ╨╢╨╡ ╤А╨░╤Б╨┐╨╛╨╗╨╛╨╢╨╡╨╜╨╕╨╡. ╨н╤В╨╛ ╨╝╨╛╨╢╨╡╤В ╤Б╤В╨░╤В╤М ╨┐╤А╨╕╤З╨╕╨╜╨╛╨╣ ╨╜╨╡╨▓╨╡╤А╨╜╨╛╨│╨╛ ╤А╨╡╨╖╤Г╨╗╤М╤В╨░╤В╨░ ╤Б╨▒╨╛╤А╨║╨╕.  ╨Т╨║╨╗╤О╤З╨╡╨╜╨╜╤Л╨╡ ╤Д╨░╨╣╨╗╤Л тАФ C:\Users\KusokMedi\Documents\GitHub\BetterShowcase\build\_deps\bindings-src\bindings\2.2081\inline\RewardedVideoDelegate.cpp, C:\Users\KusokMedi\Documents\GitHub\BetterShowcase\build\bindings\bindings\Geode\source\RewardedVideoDelegate.cpp. [C:\Users\KusokMedi\Documents\GitHub\BetterShowcase\build\bindings\GeodeBindings.vcxproj]
C:\Program Files (x86)\Microsoft Visual Studio\2022\BuildTools\MSBuild\Microsoft\VC\v170\Microsoft.CppBuild.targets(1129,5): warning MSB8027: ╨┤╨▓╨░ ╨╕╨╗╨╕ ╨▒╨╛╨╗╨╡╨╡ ╤Д╨░╨╣╨╗╨╛╨▓ ╤Б ╨╕╨╝╨╡╨╜╨╡╨╝ RewardsPage.cpp ╨▓╤Л╨▓╨╛╨┤╤П╤В ╤А╨╡╨╖╤Г╨╗╤М╤В╨░╤В╤Л ╨▓ ╨╛╨┤╨╜╨╛ ╨╕ ╤В╨╛ ╨╢╨╡ ╤А╨░╤Б╨┐╨╛╨╗╨╛╨╢╨╡╨╜╨╕╨╡. ╨н╤В╨╛ ╨╝╨╛╨╢╨╡╤В ╤Б╤В╨░╤В╤М ╨┐╤А╨╕╤З╨╕╨╜╨╛╨╣ ╨╜╨╡╨▓╨╡╤А╨╜╨╛╨│╨╛ ╤А╨╡╨╖╤Г╨╗╤М╤В╨░╤В╨░ ╤Б╨▒╨╛╤А╨║╨╕.  ╨Т╨║╨╗╤О╤З╨╡╨╜╨╜╤Л╨╡ ╤Д╨░╨╣╨╗╤Л тАФ C:\Users\KusokMedi\Documents\GitHub\BetterShowcase\build\_deps\bindings-src\bindings\2.2081\inline\RewardsPage.cpp, C:\Users\KusokMedi\Documents\GitHub\BetterShowcase\build\bindings\bindings\Geode\source\RewardsPage.cpp. [C:\Users\KusokMedi\Documents\GitHub\BetterShowcase\build\bindings\GeodeBindings.vcxproj]
C:\Program Files (x86)\Microsoft Visual Studio\2022\BuildTools\MSBuild\Microsoft\VC\v170\Microsoft.CppBuild.targets(1129,5): warning MSB8027: ╨┤╨▓╨░ ╨╕╨╗╨╕ ╨▒╨╛╨╗╨╡╨╡ ╤Д╨░╨╣╨╗╨╛╨▓ ╤Б ╨╕╨╝╨╡╨╜╨╡╨╝ RingObject.cpp ╨▓╤Л╨▓╨╛╨┤╤П╤В ╤А╨╡╨╖╤Г╨╗╤М╤В╨░╤В╤Л ╨▓ ╨╛╨┤╨╜╨╛ ╨╕ ╤В╨╛ ╨╢╨╡ ╤А╨░╤Б╨┐╨╛╨╗╨╛╨╢╨╡╨╜╨╕╨╡. ╨н╤В╨╛ ╨╝╨╛╨╢╨╡╤В ╤Б╤В╨░╤В╤М ╨┐╤А╨╕╤З╨╕╨╜╨╛╨╣ ╨╜╨╡╨▓╨╡╤А╨╜╨╛╨│╨╛ ╤А╨╡╨╖╤Г╨╗╤М╤В╨░╤В╨░ ╤Б╨▒╨╛╤А╨║╨╕.  ╨Т╨║╨╗╤О╤З╨╡╨╜╨╜╤Л╨╡ ╤Д╨░╨╣╨╗╤Л тАФ C:\Users\KusokMedi\Documents\GitHub\BetterShowcase\build\_deps\bindings-src\bindings\2.2081\inline\RingObject.cpp, C:\Users\KusokMedi\Documents\GitHub\BetterShowcase\build\bindings\bindings\Geode\source\RingObject.cpp. [C:\Users\KusokMedi\Documents\GitHub\BetterShowcase\build\bindings\GeodeBindings.vcxproj]
C:\Program Files (x86)\Microsoft Visual Studio\2022\BuildTools\MSBuild\Microsoft\VC\v170\Microsoft.CppBuild.targets(1129,5): warning MSB8027: ╨┤╨▓╨░ ╨╕╨╗╨╕ ╨▒╨╛╨╗╨╡╨╡ ╤Д╨░╨╣╨╗╨╛╨▓ ╤Б ╨╕╨╝╨╡╨╜╨╡╨╝ RotateGameplayGameObject.cpp ╨▓╤Л╨▓╨╛╨┤╤П╤В ╤А╨╡╨╖╤Г╨╗╤М╤В╨░╤В╤Л ╨▓ ╨╛╨┤╨╜╨╛ ╨╕ ╤В╨╛ ╨╢╨╡ ╤А╨░╤Б╨┐╨╛╨╗╨╛╨╢╨╡╨╜╨╕╨╡. ╨н╤В╨╛ ╨╝╨╛╨╢╨╡╤В ╤Б╤В╨░╤В╤М ╨┐╤А╨╕╤З╨╕╨╜╨╛╨╣ ╨╜╨╡╨▓╨╡╤А╨╜╨╛╨│╨╛ ╤А╨╡╨╖╤Г╨╗╤М╤В╨░╤В╨░ ╤Б╨▒╨╛╤А╨║╨╕.  ╨Т╨║╨╗╤О╤З╨╡╨╜╨╜╤Л╨╡ ╤Д╨░╨╣╨╗╤Л тАФ C:\Users\KusokMedi\Documents\GitHub\BetterShowcase\build\_deps\bindings-src\bindings\2.2081\inline\RotateGameplayGameObject.cpp, C:\Users\KusokMedi\Documents\GitHub\BetterShowcase\build\bindings\bindings\Geode\source\RotateGameplayGameObject.cpp. [C:\Users\KusokMedi\Documents\GitHub\BetterShowcase\build\bindings\GeodeBindings.vcxproj]
C:\Program Files (x86)\Microsoft Visual Studio\2022\BuildTools\MSBuild\Microsoft\VC\v170\Microsoft.CppBuild.targets(1129,5): warning MSB8027: ╨┤╨▓╨░ ╨╕╨╗╨╕ ╨▒╨╛╨╗╨╡╨╡ ╤Д╨░╨╣╨╗╨╛╨▓ ╤Б ╨╕╨╝╨╡╨╜╨╡╨╝ SFXBrowser.cpp ╨▓╤Л╨▓╨╛╨┤╤П╤В ╤А╨╡╨╖╤Г╨╗╤М╤В╨░╤В╤Л ╨▓ ╨╛╨┤╨╜╨╛ ╨╕ ╤В╨╛ ╨╢╨╡ ╤А╨░╤Б╨┐╨╛╨╗╨╛╨╢╨╡╨╜╨╕╨╡. ╨н╤В╨╛ ╨╝╨╛╨╢╨╡╤В ╤Б╤В╨░╤В╤М ╨┐╤А╨╕╤З╨╕╨╜╨╛╨╣ ╨╜╨╡╨▓╨╡╤А╨╜╨╛╨│╨╛ ╤А╨╡╨╖╤Г╨╗╤М╤В╨░╤В╨░ ╤Б╨▒╨╛╤А╨║╨╕.  ╨Т╨║╨╗╤О╤З╨╡╨╜╨╜╤Л╨╡ ╤Д╨░╨╣╨╗╤Л тАФ C:\Users\KusokMedi\Documents\GitHub\BetterShowcase\build\_deps\bindings-src\bindings\2.2081\inline\SFXBrowser.cpp, C:\Users\KusokMedi\Documents\GitHub\BetterShowcase\build\bindings\bindings\Geode\source\SFXBrowser.cpp. [C:\Users\KusokMedi\Documents\GitHub\BetterShowcase\build\bindings\GeodeBindings.vcxproj]
C:\Program Files (x86)\Microsoft Visual Studio\2022\BuildTools\MSBuild\Microsoft\VC\v170\Microsoft.CppBuild.targets(1129,5): warning MSB8027: ╨┤╨▓╨░ ╨╕╨╗╨╕ ╨▒╨╛╨╗╨╡╨╡ ╤Д╨░╨╣╨╗╨╛╨▓ ╤Б ╨╕╨╝╨╡╨╜╨╡╨╝ SFXBrowserDelegate.cpp ╨▓╤Л╨▓╨╛╨┤╤П╤В ╤А╨╡╨╖╤Г╨╗╤М╤В╨░╤В╤Л ╨▓ ╨╛╨┤╨╜╨╛ ╨╕ ╤В╨╛ ╨╢╨╡ ╤А╨░╤Б╨┐╨╛╨╗╨╛╨╢╨╡╨╜╨╕╨╡. ╨н╤В╨╛ ╨╝╨╛╨╢╨╡╤В ╤Б╤В╨░╤В╤М ╨┐╤А╨╕╤З╨╕╨╜╨╛╨╣ ╨╜╨╡╨▓╨╡╤А╨╜╨╛╨│╨╛ ╤А╨╡╨╖╤Г╨╗╤М╤В╨░╤В╨░ ╤Б╨▒╨╛╤А╨║╨╕.  ╨Т╨║╨╗╤О╤З╨╡╨╜╨╜╤Л╨╡ ╤Д╨░╨╣╨╗╤Л тАФ C:\Users\KusokMedi\Documents\GitHub\BetterShowcase\build\_deps\bindings-src\bindings\2.2081\inline\SFXBrowserDelegate.cpp, C:\Users\KusokMedi\Documents\GitHub\BetterShowcase\build\bindings\bindings\Geode\source\SFXBrowserDelegate.cpp. [C:\Users\KusokMedi\Documents\GitHub\BetterShowcase\build\bindings\GeodeBindings.vcxproj]
C:\Program Files (x86)\Microsoft Visual Studio\2022\BuildTools\MSBuild\Microsoft\VC\v170\Microsoft.CppBuild.targets(1129,5): warning MSB8027: ╨┤╨▓╨░ ╨╕╨╗╨╕ ╨▒╨╛╨╗╨╡╨╡ ╤Д╨░╨╣╨╗╨╛╨▓ ╤Б ╨╕╨╝╨╡╨╜╨╡╨╝ SFXFolderObject.cpp ╨▓╤Л╨▓╨╛╨┤╤П╤В ╤А╨╡╨╖╤Г╨╗╤М╤В╨░╤В╤Л ╨▓ ╨╛╨┤╨╜╨╛ ╨╕ ╤В╨╛ ╨╢╨╡ ╤А╨░╤Б╨┐╨╛╨╗╨╛╨╢╨╡╨╜╨╕╨╡. ╨н╤В╨╛ ╨╝╨╛╨╢╨╡╤В ╤Б╤В╨░╤В╤М ╨┐╤А╨╕╤З╨╕╨╜╨╛╨╣ ╨╜╨╡╨▓╨╡╤А╨╜╨╛╨│╨╛ ╤А╨╡╨╖╤Г╨╗╤М╤В╨░╤В╨░ ╤Б╨▒╨╛╤А╨║╨╕.  ╨Т╨║╨╗╤О╤З╨╡╨╜╨╜╤Л╨╡ ╤Д╨░╨╣╨╗╤Л тАФ C:\Users\KusokMedi\Documents\GitHub\BetterShowcase\build\_deps\bindings-src\bindings\2.2081\inline\SFXFolderObject.cpp, C:\Users\KusokMedi\Documents\GitHub\BetterShowcase\build\bindings\bindings\Geode\source\SFXFolderObject.cpp. [C:\Users\KusokMedi\Documents\GitHub\BetterShowcase\build\bindings\GeodeBindings.vcxproj]
C:\Program Files (x86)\Microsoft Visual Studio\2022\BuildTools\MSBuild\Microsoft\VC\v170\Microsoft.CppBuild.targets(1129,5): warning MSB8027: ╨┤╨▓╨░ ╨╕╨╗╨╕ ╨▒╨╛╨╗╨╡╨╡ ╤Д╨░╨╣╨╗╨╛╨▓ ╤Б ╨╕╨╝╨╡╨╜╨╡╨╝ SFXInfoObject.cpp ╨▓╤Л╨▓╨╛╨┤╤П╤В ╤А╨╡╨╖╤Г╨╗╤М╤В╨░╤В╤Л ╨▓ ╨╛╨┤╨╜╨╛ ╨╕ ╤В╨╛ ╨╢╨╡ ╤А╨░╤Б╨┐╨╛╨╗╨╛╨╢╨╡╨╜╨╕╨╡. ╨н╤В╨╛ ╨╝╨╛╨╢╨╡╤В ╤Б╤В╨░╤В╤М ╨┐╤А╨╕╤З╨╕╨╜╨╛╨╣ ╨╜╨╡╨▓╨╡╤А╨╜╨╛╨│╨╛ ╤А╨╡╨╖╤Г╨╗╤М╤В╨░╤В╨░ ╤Б╨▒╨╛╤А╨║╨╕.  ╨Т╨║╨╗╤О╤З╨╡╨╜╨╜╤Л╨╡ ╤Д╨░╨╣╨╗╤Л тАФ C:\Users\KusokMedi\Documents\GitHub\BetterShowcase\build\_deps\bindings-src\bindings\2.2081\inline\SFXInfoObject.cpp, C:\Users\KusokMedi\Documents\GitHub\BetterShowcase\build\bindings\bindings\Geode\source\SFXInfoObject.cpp. [C:\Users\KusokMedi\Documents\GitHub\BetterShowcase\build\bindings\GeodeBindings.vcxproj]
C:\Program Files (x86)\Microsoft Visual Studio\2022\BuildTools\MSBuild\Microsoft\VC\v170\Microsoft.CppBuild.targets(1129,5): warning MSB8027: ╨┤╨▓╨░ ╨╕╨╗╨╕ ╨▒╨╛╨╗╨╡╨╡ ╤Д╨░╨╣╨╗╨╛╨▓ ╤Б ╨╕╨╝╨╡╨╜╨╡╨╝ SFXSearchResult.cpp ╨▓╤Л╨▓╨╛╨┤╤П╤В ╤А╨╡╨╖╤Г╨╗╤М╤В╨░╤В╤Л ╨▓ ╨╛╨┤╨╜╨╛ ╨╕ ╤В╨╛ ╨╢╨╡ ╤А╨░╤Б╨┐╨╛╨╗╨╛╨╢╨╡╨╜╨╕╨╡. ╨н╤В╨╛ ╨╝╨╛╨╢╨╡╤В ╤Б╤В╨░╤В╤М ╨┐╤А╨╕╤З╨╕╨╜╨╛╨╣ ╨╜╨╡╨▓╨╡╤А╨╜╨╛╨│╨╛ ╤А╨╡╨╖╤Г╨╗╤М╤В╨░╤В╨░ ╤Б╨▒╨╛╤А╨║╨╕.  ╨Т╨║╨╗╤О╤З╨╡╨╜╨╜╤Л╨╡ ╤Д╨░╨╣╨╗╤Л тАФ C:\Users\KusokMedi\Documents\GitHub\BetterShowcase\build\_deps\bindings-src\bindings\2.2081\inline\SFXSearchResult.cpp, C:\Users\KusokMedi\Documents\GitHub\BetterShowcase\build\bindings\bindings\Geode\source\SFXSearchResult.cpp. [C:\Users\KusokMedi\Documents\GitHub\BetterShowcase\build\bindings\GeodeBindings.vcxproj]
C:\Program Files (x86)\Microsoft Visual Studio\2022\BuildTools\MSBuild\Microsoft\VC\v170\Microsoft.CppBuild.targets(1129,5): warning MSB8027: ╨┤╨▓╨░ ╨╕╨╗╨╕ ╨▒╨╛╨╗╨╡╨╡ ╤Д╨░╨╣╨╗╨╛╨▓ ╤Б ╨╕╨╝╨╡╨╜╨╡╨╝ SFXStateContainer.cpp ╨▓╤Л╨▓╨╛╨┤╤П╤В ╤А╨╡╨╖╤Г╨╗╤М╤В╨░╤В╤Л ╨▓ ╨╛╨┤╨╜╨╛ ╨╕ ╤В╨╛ ╨╢╨╡ ╤А╨░╤Б╨┐╨╛╨╗╨╛╨╢╨╡╨╜╨╕╨╡. ╨н╤В╨╛ ╨╝╨╛╨╢╨╡╤В ╤Б╤В╨░╤В╤М ╨┐╤А╨╕╤З╨╕╨╜╨╛╨╣ ╨╜╨╡╨▓╨╡╤А╨╜╨╛╨│╨╛ ╤А╨╡╨╖╤Г╨╗╤М╤В╨░╤В╨░ ╤Б╨▒╨╛╤А╨║╨╕.  ╨Т╨║╨╗╤О╤З╨╡╨╜╨╜╤Л╨╡ ╤Д╨░╨╣╨╗╤Л тАФ C:\Users\KusokMedi\Documents\GitHub\BetterShowcase\build\_deps\bindings-src\bindings\2.2081\inline\SFXStateContainer.cpp, C:\Users\KusokMedi\Documents\GitHub\BetterShowcase\build\bindings\bindings\Geode\source\SFXStateContainer.cpp. [C:\Users\KusokMedi\Documents\GitHub\BetterShowcase\build\bindings\GeodeBindings.vcxproj]
C:\Program Files (x86)\Microsoft Visual Studio\2022\BuildTools\MSBuild\Microsoft\VC\v170\Microsoft.CppBuild.targets(1129,5): warning MSB8027: ╨┤╨▓╨░ ╨╕╨╗╨╕ ╨▒╨╛╨╗╨╡╨╡ ╤Д╨░╨╣╨╗╨╛╨▓ ╤Б ╨╕╨╝╨╡╨╜╨╡╨╝ SFXTriggerGameObject.cpp ╨▓╤Л╨▓╨╛╨┤╤П╤В ╤А╨╡╨╖╤Г╨╗╤М╤В╨░╤В╤Л ╨▓ ╨╛╨┤╨╜╨╛ ╨╕ ╤В╨╛ ╨╢╨╡ ╤А╨░╤Б╨┐╨╛╨╗╨╛╨╢╨╡╨╜╨╕╨╡. ╨н╤В╨╛ ╨╝╨╛╨╢╨╡╤В ╤Б╤В╨░╤В╤М ╨┐╤А╨╕╤З╨╕╨╜╨╛╨╣ ╨╜╨╡╨▓╨╡╤А╨╜╨╛╨│╨╛ ╤А╨╡╨╖╤Г╨╗╤М╤В╨░╤В╨░ ╤Б╨▒╨╛╤А╨║╨╕.  ╨Т╨║╨╗╤О╤З╨╡╨╜╨╜╤Л╨╡ ╤Д╨░╨╣╨╗╤Л тАФ C:\Users\KusokMedi\Documents\GitHub\BetterShowcase\build\_deps\bindings-src\bindings\2.2081\inline\SFXTriggerGameObject.cpp, C:\Users\KusokMedi\Documents\GitHub\BetterShowcase\build\bindings\bindings\Geode\source\SFXTriggerGameObject.cpp. [C:\Users\KusokMedi\Documents\GitHub\BetterShowcase\build\bindings\GeodeBindings.vcxproj]
C:\Program Files (x86)\Microsoft Visual Studio\2022\BuildTools\MSBuild\Microsoft\VC\v170\Microsoft.CppBuild.targets(1129,5): warning MSB8027: ╨┤╨▓╨░ ╨╕╨╗╨╕ ╨▒╨╛╨╗╨╡╨╡ ╤Д╨░╨╣╨╗╨╛╨▓ ╤Б ╨╕╨╝╨╡╨╜╨╡╨╝ SFXTriggerInstance.cpp ╨▓╤Л╨▓╨╛╨┤╤П╤В ╤А╨╡╨╖╤Г╨╗╤М╤В╨░╤В╤Л ╨▓ ╨╛╨┤╨╜╨╛ ╨╕ ╤В╨╛ ╨╢╨╡ ╤А╨░╤Б╨┐╨╛╨╗╨╛╨╢╨╡╨╜╨╕╨╡. ╨н╤В╨╛ ╨╝╨╛╨╢╨╡╤В ╤Б╤В╨░╤В╤М ╨┐╤А╨╕╤З╨╕╨╜╨╛╨╣ ╨╜╨╡╨▓╨╡╤А╨╜╨╛╨│╨╛ ╤А╨╡╨╖╤Г╨╗╤М╤В╨░╤В╨░ ╤Б╨▒╨╛╤А╨║╨╕.  ╨Т╨║╨╗╤О╤З╨╡╨╜╨╜╤Л╨╡ ╤Д╨░╨╣╨╗╤Л тАФ C:\Users\KusokMedi\Documents\GitHub\BetterShowcase\build\_deps\bindings-src\bindings\2.2081\inline\SFXTriggerInstance.cpp, C:\Users\KusokMedi\Documents\GitHub\BetterShowcase\build\bindings\bindings\Geode\source\SFXTriggerInstance.cpp. [C:\Users\KusokMedi\Documents\GitHub\BetterShowcase\build\bindings\GeodeBindings.vcxproj]
C:\Program Files (x86)\Microsoft Visual Studio\2022\BuildTools\MSBuild\Microsoft\VC\v170\Microsoft.CppBuild.targets(1129,5): warning MSB8027: ╨┤╨▓╨░ ╨╕╨╗╨╕ ╨▒╨╛╨╗╨╡╨╡ ╤Д╨░╨╣╨╗╨╛╨▓ ╤Б ╨╕╨╝╨╡╨╜╨╡╨╝ SFXTriggerState.cpp ╨▓╤Л╨▓╨╛╨┤╤П╤В ╤А╨╡╨╖╤Г╨╗╤М╤В╨░╤В╤Л ╨▓ ╨╛╨┤╨╜╨╛ ╨╕ ╤В╨╛ ╨╢╨╡ ╤А╨░╤Б╨┐╨╛╨╗╨╛╨╢╨╡╨╜╨╕╨╡. ╨н╤В╨╛ ╨╝╨╛╨╢╨╡╤В ╤Б╤В╨░╤В╤М ╨┐╤А╨╕╤З╨╕╨╜╨╛╨╣ ╨╜╨╡╨▓╨╡╤А╨╜╨╛╨│╨╛ ╤А╨╡╨╖╤Г╨╗╤М╤В╨░╤В╨░ ╤Б╨▒╨╛╤А╨║╨╕.  ╨Т╨║╨╗╤О╤З╨╡╨╜╨╜╤Л╨╡ ╤Д╨░╨╣╨╗╤Л тАФ C:\Users\KusokMedi\Documents\GitHub\BetterShowcase\build\_deps\bindings-src\bindings\2.2081\inline\SFXTriggerState.cpp, C:\Users\KusokMedi\Documents\GitHub\BetterShowcase\build\bindings\bindings\Geode\source\SFXTriggerState.cpp. [C:\Users\KusokMedi\Documents\GitHub\BetterShowcase\build\bindings\GeodeBindings.vcxproj]
C:\Program Files (x86)\Microsoft Visual Studio\2022\BuildTools\MSBuild\Microsoft\VC\v170\Microsoft.CppBuild.targets(1129,5): warning MSB8027: ╨┤╨▓╨░ ╨╕╨╗╨╕ ╨▒╨╛╨╗╨╡╨╡ ╤Д╨░╨╣╨╗╨╛╨▓ ╤Б ╨╕╨╝╨╡╨╜╨╡╨╝ SavedActiveObjectState.cpp ╨▓╤Л╨▓╨╛╨┤╤П╤В ╤А╨╡╨╖╤Г╨╗╤М╤В╨░╤В╤Л ╨▓ ╨╛╨┤╨╜╨╛ ╨╕ ╤В╨╛ ╨╢╨╡ ╤А╨░╤Б╨┐╨╛╨╗╨╛╨╢╨╡╨╜╨╕╨╡. ╨н╤В╨╛ ╨╝╨╛╨╢╨╡╤В ╤Б╤В╨░╤В╤М ╨┐╤А╨╕╤З╨╕╨╜╨╛╨╣ ╨╜╨╡╨▓╨╡╤А╨╜╨╛╨│╨╛ ╤А╨╡╨╖╤Г╨╗╤М╤В╨░╤В╨░ ╤Б╨▒╨╛╤А╨║╨╕.  ╨Т╨║╨╗╤О╤З╨╡╨╜╨╜╤Л╨╡ ╤Д╨░╨╣╨╗╤Л тАФ C:\Users\KusokMedi\Documents\GitHub\BetterShowcase\build\_deps\bindings-src\bindings\2.2081\inline\SavedActiveObjectState.cpp, C:\Users\KusokMedi\Documents\GitHub\BetterShowcase\build\bindings\bindings\Geode\source\SavedActiveObjectState.cpp. [C:\Users\KusokMedi\Documents\GitHub\BetterShowcase\build\bindings\GeodeBindings.vcxproj]
C:\Program Files (x86)\Microsoft Visual Studio\2022\BuildTools\MSBuild\Microsoft\VC\v170\Microsoft.CppBuild.targets(1129,5): warning MSB8027: ╨┤╨▓╨░ ╨╕╨╗╨╕ ╨▒╨╛╨╗╨╡╨╡ ╤Д╨░╨╣╨╗╨╛╨▓ ╤Б ╨╕╨╝╨╡╨╜╨╡╨╝ SavedObjectStateRef.cpp ╨▓╤Л╨▓╨╛╨┤╤П╤В ╤А╨╡╨╖╤Г╨╗╤М╤В╨░╤В╤Л ╨▓ ╨╛╨┤╨╜╨╛ ╨╕ ╤В╨╛ ╨╢╨╡ ╤А╨░╤Б╨┐╨╛╨╗╨╛╨╢╨╡╨╜╨╕╨╡. ╨н╤В╨╛ ╨╝╨╛╨╢╨╡╤В ╤Б╤В╨░╤В╤М ╨┐╤А╨╕╤З╨╕╨╜╨╛╨╣ ╨╜╨╡╨▓╨╡╤А╨╜╨╛╨│╨╛ ╤А╨╡╨╖╤Г╨╗╤М╤В╨░╤В╨░ ╤Б╨▒╨╛╤А╨║╨╕.  ╨Т╨║╨╗╤О╤З╨╡╨╜╨╜╤Л╨╡ ╤Д╨░╨╣╨╗╤Л тАФ C:\Users\KusokMedi\Documents\GitHub\BetterShowcase\build\_deps\bindings-src\bindings\2.2081\inline\SavedObjectStateRef.cpp, C:\Users\KusokMedi\Documents\GitHub\BetterShowcase\build\bindings\bindings\Geode\source\SavedObjectStateRef.cpp. [C:\Users\KusokMedi\Documents\GitHub\BetterShowcase\build\bindings\GeodeBindings.vcxproj]
C:\Program Files (x86)\Microsoft Visual Studio\2022\BuildTools\MSBuild\Microsoft\VC\v170\Microsoft.CppBuild.targets(1129,5): warning MSB8027: ╨┤╨▓╨░ ╨╕╨╗╨╕ ╨▒╨╛╨╗╨╡╨╡ ╤Д╨░╨╣╨╗╨╛╨▓ ╤Б ╨╕╨╝╨╡╨╜╨╡╨╝ SavedSpecialObjectState.cpp ╨▓╤Л╨▓╨╛╨┤╤П╤В ╤А╨╡╨╖╤Г╨╗╤М╤В╨░╤В╤Л ╨▓ ╨╛╨┤╨╜╨╛ ╨╕ ╤В╨╛ ╨╢╨╡ ╤А╨░╤Б╨┐╨╛╨╗╨╛╨╢╨╡╨╜╨╕╨╡. ╨н╤В╨╛ ╨╝╨╛╨╢╨╡╤В ╤Б╤В╨░╤В╤М ╨┐╤А╨╕╤З╨╕╨╜╨╛╨╣ ╨╜╨╡╨▓╨╡╤А╨╜╨╛╨│╨╛ ╤А╨╡╨╖╤Г╨╗╤М╤В╨░╤В╨░ ╤Б╨▒╨╛╤А╨║╨╕.  ╨Т╨║╨╗╤О╤З╨╡╨╜╨╜╤Л╨╡ ╤Д╨░╨╣╨╗╤Л тАФ C:\Users\KusokMedi\Documents\GitHub\BetterShowcase\build\_deps\bindings-src\bindings\2.2081\inline\SavedSpecialObjectState.cpp, C:\Users\KusokMedi\Documents\GitHub\BetterShowcase\build\bindings\bindings\Geode\source\SavedSpecialObjectState.cpp. [C:\Users\KusokMedi\Documents\GitHub\BetterShowcase\build\bindings\GeodeBindings.vcxproj]
C:\Program Files (x86)\Microsoft Visual Studio\2022\BuildTools\MSBuild\Microsoft\VC\v170\Microsoft.CppBuild.targets(1129,5): warning MSB8027: ╨┤╨▓╨░ ╨╕╨╗╨╕ ╨▒╨╛╨╗╨╡╨╡ ╤Д╨░╨╣╨╗╨╛╨▓ ╤Б ╨╕╨╝╨╡╨╜╨╡╨╝ ScrollingLayer.cpp ╨▓╤Л╨▓╨╛╨┤╤П╤В ╤А╨╡╨╖╤Г╨╗╤М╤В╨░╤В╤Л ╨▓ ╨╛╨┤╨╜╨╛ ╨╕ ╤В╨╛ ╨╢╨╡ ╤А╨░╤Б╨┐╨╛╨╗╨╛╨╢╨╡╨╜╨╕╨╡. ╨н╤В╨╛ ╨╝╨╛╨╢╨╡╤В ╤Б╤В╨░╤В╤М ╨┐╤А╨╕╤З╨╕╨╜╨╛╨╣ ╨╜╨╡╨▓╨╡╤А╨╜╨╛╨│╨╛ ╤А╨╡╨╖╤Г╨╗╤М╤В╨░╤В╨░ ╤Б╨▒╨╛╤А╨║╨╕.  ╨Т╨║╨╗╤О╤З╨╡╨╜╨╜╤Л╨╡ ╤Д╨░╨╣╨╗╤Л тАФ C:\Users\KusokMedi\Documents\GitHub\BetterShowcase\build\_deps\bindings-src\bindings\2.2081\inline\ScrollingLayer.cpp, C:\Users\KusokMedi\Documents\GitHub\BetterShowcase\build\bindings\bindings\Geode\source\ScrollingLayer.cpp. [C:\Users\KusokMedi\Documents\GitHub\BetterShowcase\build\bindings\GeodeBindings.vcxproj]
C:\Program Files (x86)\Microsoft Visual Studio\2022\BuildTools\MSBuild\Microsoft\VC\v170\Microsoft.CppBuild.targets(1129,5): warning MSB8027: ╨┤╨▓╨░ ╨╕╨╗╨╕ ╨▒╨╛╨╗╨╡╨╡ ╤Д╨░╨╣╨╗╨╛╨▓ ╤Б ╨╕╨╝╨╡╨╜╨╡╨╝ SearchButton.cpp ╨▓╤Л╨▓╨╛╨┤╤П╤В ╤А╨╡╨╖╤Г╨╗╤М╤В╨░╤В╤Л ╨▓ ╨╛╨┤╨╜╨╛ ╨╕ ╤В╨╛ ╨╢╨╡ ╤А╨░╤Б╨┐╨╛╨╗╨╛╨╢╨╡╨╜╨╕╨╡. ╨н╤В╨╛ ╨╝╨╛╨╢╨╡╤В ╤Б╤В╨░╤В╤М ╨┐╤А╨╕╤З╨╕╨╜╨╛╨╣ ╨╜╨╡╨▓╨╡╤А╨╜╨╛╨│╨╛ ╤А╨╡╨╖╤Г╨╗╤М╤В╨░╤В╨░ ╤Б╨▒╨╛╤А╨║╨╕.  ╨Т╨║╨╗╤О╤З╨╡╨╜╨╜╤Л╨╡ ╤Д╨░╨╣╨╗╤Л тАФ C:\Users\KusokMedi\Documents\GitHub\BetterShowcase\build\_deps\bindings-src\bindings\2.2081\inline\SearchButton.cpp, C:\Users\KusokMedi\Documents\GitHub\BetterShowcase\build\bindings\bindings\Geode\source\SearchButton.cpp. [C:\Users\KusokMedi\Documents\GitHub\BetterShowcase\build\bindings\GeodeBindings.vcxproj]
C:\Program Files (x86)\Microsoft Visual Studio\2022\BuildTools\MSBuild\Microsoft\VC\v170\Microsoft.CppBuild.targets(1129,5): warning MSB8027: ╨┤╨▓╨░ ╨╕╨╗╨╕ ╨▒╨╛╨╗╨╡╨╡ ╤Д╨░╨╣╨╗╨╛╨▓ ╤Б ╨╕╨╝╨╡╨╜╨╡╨╝ SearchSFXPopup.cpp ╨▓╤Л╨▓╨╛╨┤╤П╤В ╤А╨╡╨╖╤Г╨╗╤М╤В╨░╤В╤Л ╨▓ ╨╛╨┤╨╜╨╛ ╨╕ ╤В╨╛ ╨╢╨╡ ╤А╨░╤Б╨┐╨╛╨╗╨╛╨╢╨╡╨╜╨╕╨╡. ╨н╤В╨╛ ╨╝╨╛╨╢╨╡╤В ╤Б╤В╨░╤В╤М ╨┐╤А╨╕╤З╨╕╨╜╨╛╨╣ ╨╜╨╡╨▓╨╡╤А╨╜╨╛╨│╨╛ ╤А╨╡╨╖╤Г╨╗╤М╤В╨░╤В╨░ ╤Б╨▒╨╛╤А╨║╨╕.  ╨Т╨║╨╗╤О╤З╨╡╨╜╨╜╤Л╨╡ ╤Д╨░╨╣╨╗╤Л тАФ C:\Users\KusokMedi\Documents\GitHub\BetterShowcase\build\_deps\bindings-src\bindings\2.2081\inline\SearchSFXPopup.cpp, C:\Users\KusokMedi\Documents\GitHub\BetterShowcase\build\bindings\bindings\Geode\source\SearchSFXPopup.cpp. [C:\Users\KusokMedi\Documents\GitHub\BetterShowcase\build\bindings\GeodeBindings.vcxproj]
C:\Program Files (x86)\Microsoft Visual Studio\2022\BuildTools\MSBuild\Microsoft\VC\v170\Microsoft.CppBuild.targets(1129,5): warning MSB8027: ╨┤╨▓╨░ ╨╕╨╗╨╕ ╨▒╨╛╨╗╨╡╨╡ ╤Д╨░╨╣╨╗╨╛╨▓ ╤Б ╨╕╨╝╨╡╨╜╨╡╨╝ SecretGame01Layer.cpp ╨▓╤Л╨▓╨╛╨┤╤П╤В ╤А╨╡╨╖╤Г╨╗╤М╤В╨░╤В╤Л ╨▓ ╨╛╨┤╨╜╨╛ ╨╕ ╤В╨╛ ╨╢╨╡ ╤А╨░╤Б╨┐╨╛╨╗╨╛╨╢╨╡╨╜╨╕╨╡. ╨н╤В╨╛ ╨╝╨╛╨╢╨╡╤В ╤Б╤В╨░╤В╤М ╨┐╤А╨╕╤З╨╕╨╜╨╛╨╣ ╨╜╨╡╨▓╨╡╤А╨╜╨╛╨│╨╛ ╤А╨╡╨╖╤Г╨╗╤М╤В╨░╤В╨░ ╤Б╨▒╨╛╤А╨║╨╕.  ╨Т╨║╨╗╤О╤З╨╡╨╜╨╜╤Л╨╡ ╤Д╨░╨╣╨╗╤Л тАФ C:\Users\KusokMedi\Documents\GitHub\BetterShowcase\build\_deps\bindings-src\bindings\2.2081\inline\SecretGame01Layer.cpp, C:\Users\KusokMedi\Documents\GitHub\BetterShowcase\build\bindings\bindings\Geode\source\SecretGame01Layer.cpp. [C:\Users\KusokMedi\Documents\GitHub\BetterShowcase\build\bindings\GeodeBindings.vcxproj]
C:\Program Files (x86)\Microsoft Visual Studio\2022\BuildTools\MSBuild\Microsoft\VC\v170\Microsoft.CppBuild.targets(1129,5): warning MSB8027: ╨┤╨▓╨░ ╨╕╨╗╨╕ ╨▒╨╛╨╗╨╡╨╡ ╤Д╨░╨╣╨╗╨╛╨▓ ╤Б ╨╕╨╝╨╡╨╜╨╡╨╝ SecretLayer.cpp ╨▓╤Л╨▓╨╛╨┤╤П╤В ╤А╨╡╨╖╤Г╨╗╤М╤В╨░╤В╤Л ╨▓ ╨╛╨┤╨╜╨╛ ╨╕ ╤В╨╛ ╨╢╨╡ ╤А╨░╤Б╨┐╨╛╨╗╨╛╨╢╨╡╨╜╨╕╨╡. ╨н╤В╨╛ ╨╝╨╛╨╢╨╡╤В ╤Б╤В╨░╤В╤М ╨┐╤А╨╕╤З╨╕╨╜╨╛╨╣ ╨╜╨╡╨▓╨╡╤А╨╜╨╛╨│╨╛ ╤А╨╡╨╖╤Г╨╗╤М╤В╨░╤В╨░ ╤Б╨▒╨╛╤А╨║╨╕.  ╨Т╨║╨╗╤О╤З╨╡╨╜╨╜╤Л╨╡ ╤Д╨░╨╣╨╗╤Л тАФ C:\Users\KusokMedi\Documents\GitHub\BetterShowcase\build\_deps\bindings-src\bindings\2.2081\inline\SecretLayer.cpp, C:\Users\KusokMedi\Documents\GitHub\BetterShowcase\build\bindings\bindings\Geode\source\SecretLayer.cpp. [C:\Users\KusokMedi\Documents\GitHub\BetterShowcase\build\bindings\GeodeBindings.vcxproj]
C:\Program Files (x86)\Microsoft Visual Studio\2022\BuildTools\MSBuild\Microsoft\VC\v170\Microsoft.CppBuild.targets(1129,5): warning MSB8027: ╨┤╨▓╨░ ╨╕╨╗╨╕ ╨▒╨╛╨╗╨╡╨╡ ╤Д╨░╨╣╨╗╨╛╨▓ ╤Б ╨╕╨╝╨╡╨╜╨╡╨╝ SecretLayer2.cpp ╨▓╤Л╨▓╨╛╨┤╤П╤В ╤А╨╡╨╖╤Г╨╗╤М╤В╨░╤В╤Л ╨▓ ╨╛╨┤╨╜╨╛ ╨╕ ╤В╨╛ ╨╢╨╡ ╤А╨░╤Б╨┐╨╛╨╗╨╛╨╢╨╡╨╜╨╕╨╡. ╨н╤В╨╛ ╨╝╨╛╨╢╨╡╤В ╤Б╤В╨░╤В╤М ╨┐╤А╨╕╤З╨╕╨╜╨╛╨╣ ╨╜╨╡╨▓╨╡╤А╨╜╨╛╨│╨╛ ╤А╨╡╨╖╤Г╨╗╤М╤В╨░╤В╨░ ╤Б╨▒╨╛╤А╨║╨╕.  ╨Т╨║╨╗╤О╤З╨╡╨╜╨╜╤Л╨╡ ╤Д╨░╨╣╨╗╤Л тАФ C:\Users\KusokMedi\Documents\GitHub\BetterShowcase\build\_deps\bindings-src\bindings\2.2081\inline\SecretLayer2.cpp, C:\Users\KusokMedi\Documents\GitHub\BetterShowcase\build\bindings\bindings\Geode\source\SecretLayer2.cpp. [C:\Users\KusokMedi\Documents\GitHub\BetterShowcase\build\bindings\GeodeBindings.vcxproj]
C:\Program Files (x86)\Microsoft Visual Studio\2022\BuildTools\MSBuild\Microsoft\VC\v170\Microsoft.CppBuild.targets(1129,5): warning MSB8027: ╨┤╨▓╨░ ╨╕╨╗╨╕ ╨▒╨╛╨╗╨╡╨╡ ╤Д╨░╨╣╨╗╨╛╨▓ ╤Б ╨╕╨╝╨╡╨╜╨╡╨╝ SecretLayer3.cpp ╨▓╤Л╨▓╨╛╨┤╤П╤В ╤А╨╡╨╖╤Г╨╗╤М╤В╨░╤В╤Л ╨▓ ╨╛╨┤╨╜╨╛ ╨╕ ╤В╨╛ ╨╢╨╡ ╤А╨░╤Б╨┐╨╛╨╗╨╛╨╢╨╡╨╜╨╕╨╡. ╨н╤В╨╛ ╨╝╨╛╨╢╨╡╤В ╤Б╤В╨░╤В╤М ╨┐╤А╨╕╤З╨╕╨╜╨╛╨╣ ╨╜╨╡╨▓╨╡╤А╨╜╨╛╨│╨╛ ╤А╨╡╨╖╤Г╨╗╤М╤В╨░╤В╨░ ╤Б╨▒╨╛╤А╨║╨╕.  ╨Т╨║╨╗╤О╤З╨╡╨╜╨╜╤Л╨╡ ╤Д╨░╨╣╨╗╤Л тАФ C:\Users\KusokMedi\Documents\GitHub\BetterShowcase\build\_deps\bindings-src\bindings\2.2081\inline\SecretLayer3.cpp, C:\Users\KusokMedi\Documents\GitHub\BetterShowcase\build\bindings\bindings\Geode\source\SecretLayer3.cpp. [C:\Users\KusokMedi\Documents\GitHub\BetterShowcase\build\bindings\GeodeBindings.vcxproj]
C:\Program Files (x86)\Microsoft Visual Studio\2022\BuildTools\MSBuild\Microsoft\VC\v170\Microsoft.CppBuild.targets(1129,5): warning MSB8027: ╨┤╨▓╨░ ╨╕╨╗╨╕ ╨▒╨╛╨╗╨╡╨╡ ╤Д╨░╨╣╨╗╨╛╨▓ ╤Б ╨╕╨╝╨╡╨╜╨╡╨╝ SecretLayer4.cpp ╨▓╤Л╨▓╨╛╨┤╤П╤В ╤А╨╡╨╖╤Г╨╗╤М╤В╨░╤В╤Л ╨▓ ╨╛╨┤╨╜╨╛ ╨╕ ╤В╨╛ ╨╢╨╡ ╤А╨░╤Б╨┐╨╛╨╗╨╛╨╢╨╡╨╜╨╕╨╡. ╨н╤В╨╛ ╨╝╨╛╨╢╨╡╤В ╤Б╤В╨░╤В╤М ╨┐╤А╨╕╤З╨╕╨╜╨╛╨╣ ╨╜╨╡╨▓╨╡╤А╨╜╨╛╨│╨╛ ╤А╨╡╨╖╤Г╨╗╤М╤В╨░╤В╨░ ╤Б╨▒╨╛╤А╨║╨╕.  ╨Т╨║╨╗╤О╤З╨╡╨╜╨╜╤Л╨╡ ╤Д╨░╨╣╨╗╤Л тАФ C:\Users\KusokMedi\Documents\GitHub\BetterShowcase\build\_deps\bindings-src\bindings\2.2081\inline\SecretLayer4.cpp, C:\Users\KusokMedi\Documents\GitHub\BetterShowcase\build\bindings\bindings\Geode\source\SecretLayer4.cpp. [C:\Users\KusokMedi\Documents\GitHub\BetterShowcase\build\bindings\GeodeBindings.vcxproj]
C:\Program Files (x86)\Microsoft Visual Studio\2022\BuildTools\MSBuild\Microsoft\VC\v170\Microsoft.CppBuild.targets(1129,5): warning MSB8027: ╨┤╨▓╨░ ╨╕╨╗╨╕ ╨▒╨╛╨╗╨╡╨╡ ╤Д╨░╨╣╨╗╨╛╨▓ ╤Б ╨╕╨╝╨╡╨╜╨╡╨╝ SecretLayer5.cpp ╨▓╤Л╨▓╨╛╨┤╤П╤В ╤А╨╡╨╖╤Г╨╗╤М╤В╨░╤В╤Л ╨▓ ╨╛╨┤╨╜╨╛ ╨╕ ╤В╨╛ ╨╢╨╡ ╤А╨░╤Б╨┐╨╛╨╗╨╛╨╢╨╡╨╜╨╕╨╡. ╨н╤В╨╛ ╨╝╨╛╨╢╨╡╤В ╤Б╤В╨░╤В╤М ╨┐╤А╨╕╤З╨╕╨╜╨╛╨╣ ╨╜╨╡╨▓╨╡╤А╨╜╨╛╨│╨╛ ╤А╨╡╨╖╤Г╨╗╤М╤В╨░╤В╨░ ╤Б╨▒╨╛╤А╨║╨╕.  ╨Т╨║╨╗╤О╤З╨╡╨╜╨╜╤Л╨╡ ╤Д╨░╨╣╨╗╤Л тАФ C:\Users\KusokMedi\Documents\GitHub\BetterShowcase\build\_deps\bindings-src\bindings\2.2081\inline\SecretLayer5.cpp, C:\Users\KusokMedi\Documents\GitHub\BetterShowcase\build\bindings\bindings\Geode\source\SecretLayer5.cpp. [C:\Users\KusokMedi\Documents\GitHub\BetterShowcase\build\bindings\GeodeBindings.vcxproj]
C:\Program Files (x86)\Microsoft Visual Studio\2022\BuildTools\MSBuild\Microsoft\VC\v170\Microsoft.CppBuild.targets(1129,5): warning MSB8027: ╨┤╨▓╨░ ╨╕╨╗╨╕ ╨▒╨╛╨╗╨╡╨╡ ╤Д╨░╨╣╨╗╨╛╨▓ ╤Б ╨╕╨╝╨╡╨╜╨╡╨╝ SecretLayer6.cpp ╨▓╤Л╨▓╨╛╨┤╤П╤В ╤А╨╡╨╖╤Г╨╗╤М╤В╨░╤В╤Л ╨▓ ╨╛╨┤╨╜╨╛ ╨╕ ╤В╨╛ ╨╢╨╡ ╤А╨░╤Б╨┐╨╛╨╗╨╛╨╢╨╡╨╜╨╕╨╡. ╨н╤В╨╛ ╨╝╨╛╨╢╨╡╤В ╤Б╤В╨░╤В╤М ╨┐╤А╨╕╤З╨╕╨╜╨╛╨╣ ╨╜╨╡╨▓╨╡╤А╨╜╨╛╨│╨╛ ╤А╨╡╨╖╤Г╨╗╤М╤В╨░╤В╨░ ╤Б╨▒╨╛╤А╨║╨╕.  ╨Т╨║╨╗╤О╤З╨╡╨╜╨╜╤Л╨╡ ╤Д╨░╨╣╨╗╤Л тАФ C:\Users\KusokMedi\Documents\GitHub\BetterShowcase\build\_deps\bindings-src\bindings\2.2081\inline\SecretLayer6.cpp, C:\Users\KusokMedi\Documents\GitHub\BetterShowcase\build\bindings\bindings\Geode\source\SecretLayer6.cpp. [C:\Users\KusokMedi\Documents\GitHub\BetterShowcase\build\bindings\GeodeBindings.vcxproj]
C:\Program Files (x86)\Microsoft Visual Studio\2022\BuildTools\MSBuild\Microsoft\VC\v170\Microsoft.CppBuild.targets(1129,5): warning MSB8027: ╨┤╨▓╨░ ╨╕╨╗╨╕ ╨▒╨╛╨╗╨╡╨╡ ╤Д╨░╨╣╨╗╨╛╨▓ ╤Б ╨╕╨╝╨╡╨╜╨╡╨╝ SecretNumberLayer.cpp ╨▓╤Л╨▓╨╛╨┤╤П╤В ╤А╨╡╨╖╤Г╨╗╤М╤В╨░╤В╤Л ╨▓ ╨╛╨┤╨╜╨╛ ╨╕ ╤В╨╛ ╨╢╨╡ ╤А╨░╤Б╨┐╨╛╨╗╨╛╨╢╨╡╨╜╨╕╨╡. ╨н╤В╨╛ ╨╝╨╛╨╢╨╡╤В ╤Б╤В╨░╤В╤М ╨┐╤А╨╕╤З╨╕╨╜╨╛╨╣ ╨╜╨╡╨▓╨╡╤А╨╜╨╛╨│╨╛ ╤А╨╡╨╖╤Г╨╗╤М╤В╨░╤В╨░ ╤Б╨▒╨╛╤А╨║╨╕.  ╨Т╨║╨╗╤О╤З╨╡╨╜╨╜╤Л╨╡ ╤Д╨░╨╣╨╗╤Л тАФ C:\Users\KusokMedi\Documents\GitHub\BetterShowcase\build\_deps\bindings-src\bindings\2.2081\inline\SecretNumberLayer.cpp, C:\Users\KusokMedi\Documents\GitHub\BetterShowcase\build\bindings\bindings\Geode\source\SecretNumberLayer.cpp. [C:\Users\KusokMedi\Documents\GitHub\BetterShowcase\build\bindings\GeodeBindings.vcxproj]
C:\Program Files (x86)\Microsoft Visual Studio\2022\BuildTools\MSBuild\Microsoft\VC\v170\Microsoft.CppBuild.targets(1129,5): warning MSB8027: ╨┤╨▓╨░ ╨╕╨╗╨╕ ╨▒╨╛╨╗╨╡╨╡ ╤Д╨░╨╣╨╗╨╛╨▓ ╤Б ╨╕╨╝╨╡╨╜╨╡╨╝ SecretRewardsLayer.cpp ╨▓╤Л╨▓╨╛╨┤╤П╤В ╤А╨╡╨╖╤Г╨╗╤М╤В╨░╤В╤Л ╨▓ ╨╛╨┤╨╜╨╛ ╨╕ ╤В╨╛ ╨╢╨╡ ╤А╨░╤Б╨┐╨╛╨╗╨╛╨╢╨╡╨╜╨╕╨╡. ╨н╤В╨╛ ╨╝╨╛╨╢╨╡╤В ╤Б╤В╨░╤В╤М ╨┐╤А╨╕╤З╨╕╨╜╨╛╨╣ ╨╜╨╡╨▓╨╡╤А╨╜╨╛╨│╨╛ ╤А╨╡╨╖╤Г╨╗╤М╤В╨░╤В╨░ ╤Б╨▒╨╛╤А╨║╨╕.  ╨Т╨║╨╗╤О╤З╨╡╨╜╨╜╤Л╨╡ ╤Д╨░╨╣╨╗╤Л тАФ C:\Users\KusokMedi\Documents\GitHub\BetterShowcase\build\_deps\bindings-src\bindings\2.2081\inline\SecretRewardsLayer.cpp, C:\Users\KusokMedi\Documents\GitHub\BetterShowcase\build\bindings\bindings\Geode\source\SecretRewardsLayer.cpp. [C:\Users\KusokMedi\Documents\GitHub\BetterShowcase\build\bindings\GeodeBindings.vcxproj]
C:\Program Files (x86)\Microsoft Visual Studio\2022\BuildTools\MSBuild\Microsoft\VC\v170\Microsoft.CppBuild.targets(1129,5): warning MSB8027: ╨┤╨▓╨░ ╨╕╨╗╨╕ ╨▒╨╛╨╗╨╡╨╡ ╤Д╨░╨╣╨╗╨╛╨▓ ╤Б ╨╕╨╝╨╡╨╜╨╡╨╝ SelectArtDelegate.cpp ╨▓╤Л╨▓╨╛╨┤╤П╤В ╤А╨╡╨╖╤Г╨╗╤М╤В╨░╤В╤Л ╨▓ ╨╛╨┤╨╜╨╛ ╨╕ ╤В╨╛ ╨╢╨╡ ╤А╨░╤Б╨┐╨╛╨╗╨╛╨╢╨╡╨╜╨╕╨╡. ╨н╤В╨╛ ╨╝╨╛╨╢╨╡╤В ╤Б╤В╨░╤В╤М ╨┐╤А╨╕╤З╨╕╨╜╨╛╨╣ ╨╜╨╡╨▓╨╡╤А╨╜╨╛╨│╨╛ ╤А╨╡╨╖╤Г╨╗╤М╤В╨░╤В╨░ ╤Б╨▒╨╛╤А╨║╨╕.  ╨Т╨║╨╗╤О╤З╨╡╨╜╨╜╤Л╨╡ ╤Д╨░╨╣╨╗╤Л тАФ C:\Users\KusokMedi\Documents\GitHub\BetterShowcase\build\_deps\bindings-src\bindings\2.2081\inline\SelectArtDelegate.cpp, C:\Users\KusokMedi\Documents\GitHub\BetterShowcase\build\bindings\bindings\Geode\source\SelectArtDelegate.cpp. [C:\Users\KusokMedi\Documents\GitHub\BetterShowcase\build\bindings\GeodeBindings.vcxproj]
C:\Program Files (x86)\Microsoft Visual Studio\2022\BuildTools\MSBuild\Microsoft\VC\v170\Microsoft.CppBuild.targets(1129,5): warning MSB8027: ╨┤╨▓╨░ ╨╕╨╗╨╕ ╨▒╨╛╨╗╨╡╨╡ ╤Д╨░╨╣╨╗╨╛╨▓ ╤Б ╨╕╨╝╨╡╨╜╨╡╨╝ SelectArtLayer.cpp ╨▓╤Л╨▓╨╛╨┤╤П╤В ╤А╨╡╨╖╤Г╨╗╤М╤В╨░╤В╤Л ╨▓ ╨╛╨┤╨╜╨╛ ╨╕ ╤В╨╛ ╨╢╨╡ ╤А╨░╤Б╨┐╨╛╨╗╨╛╨╢╨╡╨╜╨╕╨╡. ╨н╤В╨╛ ╨╝╨╛╨╢╨╡╤В ╤Б╤В╨░╤В╤М ╨┐╤А╨╕╤З╨╕╨╜╨╛╨╣ ╨╜╨╡╨▓╨╡╤А╨╜╨╛╨│╨╛ ╤А╨╡╨╖╤Г╨╗╤М╤В╨░╤В╨░ ╤Б╨▒╨╛╤А╨║╨╕.  ╨Т╨║╨╗╤О╤З╨╡╨╜╨╜╤Л╨╡ ╤Д╨░╨╣╨╗╤Л тАФ C:\Users\KusokMedi\Documents\GitHub\BetterShowcase\build\_deps\bindings-src\bindings\2.2081\inline\SelectArtLayer.cpp, C:\Users\KusokMedi\Documents\GitHub\BetterShowcase\build\bindings\bindings\Geode\source\SelectArtLayer.cpp. [C:\Users\KusokMedi\Documents\GitHub\BetterShowcase\build\bindings\GeodeBindings.vcxproj]
C:\Program Files (x86)\Microsoft Visual Studio\2022\BuildTools\MSBuild\Microsoft\VC\v170\Microsoft.CppBuild.targets(1129,5): warning MSB8027: ╨┤╨▓╨░ ╨╕╨╗╨╕ ╨▒╨╛╨╗╨╡╨╡ ╤Д╨░╨╣╨╗╨╛╨▓ ╤Б ╨╕╨╝╨╡╨╜╨╡╨╝ SelectEventLayer.cpp ╨▓╤Л╨▓╨╛╨┤╤П╤В ╤А╨╡╨╖╤Г╨╗╤М╤В╨░╤В╤Л ╨▓ ╨╛╨┤╨╜╨╛ ╨╕ ╤В╨╛ ╨╢╨╡ ╤А╨░╤Б╨┐╨╛╨╗╨╛╨╢╨╡╨╜╨╕╨╡. ╨н╤В╨╛ ╨╝╨╛╨╢╨╡╤В ╤Б╤В╨░╤В╤М ╨┐╤А╨╕╤З╨╕╨╜╨╛╨╣ ╨╜╨╡╨▓╨╡╤А╨╜╨╛╨│╨╛ ╤А╨╡╨╖╤Г╨╗╤М╤В╨░╤В╨░ ╤Б╨▒╨╛╤А╨║╨╕.  ╨Т╨║╨╗╤О╤З╨╡╨╜╨╜╤Л╨╡ ╤Д╨░╨╣╨╗╤Л тАФ C:\Users\KusokMedi\Documents\GitHub\BetterShowcase\build\_deps\bindings-src\bindings\2.2081\inline\SelectEventLayer.cpp, C:\Users\KusokMedi\Documents\GitHub\BetterShowcase\build\bindings\bindings\Geode\source\SelectEventLayer.cpp. [C:\Users\KusokMedi\Documents\GitHub\BetterShowcase\build\bindings\GeodeBindings.vcxproj]
C:\Program Files (x86)\Microsoft Visual Studio\2022\BuildTools\MSBuild\Microsoft\VC\v170\Microsoft.CppBuild.targets(1129,5): warning MSB8027: ╨┤╨▓╨░ ╨╕╨╗╨╕ ╨▒╨╛╨╗╨╡╨╡ ╤Д╨░╨╣╨╗╨╛╨▓ ╤Б ╨╕╨╝╨╡╨╜╨╡╨╝ SelectFontLayer.cpp ╨▓╤Л╨▓╨╛╨┤╤П╤В ╤А╨╡╨╖╤Г╨╗╤М╤В╨░╤В╤Л ╨▓ ╨╛╨┤╨╜╨╛ ╨╕ ╤В╨╛ ╨╢╨╡ ╤А╨░╤Б╨┐╨╛╨╗╨╛╨╢╨╡╨╜╨╕╨╡. ╨н╤В╨╛ ╨╝╨╛╨╢╨╡╤В ╤Б╤В╨░╤В╤М ╨┐╤А╨╕╤З╨╕╨╜╨╛╨╣ ╨╜╨╡╨▓╨╡╤А╨╜╨╛╨│╨╛ ╤А╨╡╨╖╤Г╨╗╤М╤В╨░╤В╨░ ╤Б╨▒╨╛╤А╨║╨╕.  ╨Т╨║╨╗╤О╤З╨╡╨╜╨╜╤Л╨╡ ╤Д╨░╨╣╨╗╤Л тАФ C:\Users\KusokMedi\Documents\GitHub\BetterShowcase\build\_deps\bindings-src\bindings\2.2081\inline\SelectFontLayer.cpp, C:\Users\KusokMedi\Documents\GitHub\BetterShowcase\build\bindings\bindings\Geode\source\SelectFontLayer.cpp. [C:\Users\KusokMedi\Documents\GitHub\BetterShowcase\build\bindings\GeodeBindings.vcxproj]
C:\Program Files (x86)\Microsoft Visual Studio\2022\BuildTools\MSBuild\Microsoft\VC\v170\Microsoft.CppBuild.targets(1129,5): warning MSB8027: ╨┤╨▓╨░ ╨╕╨╗╨╕ ╨▒╨╛╨╗╨╡╨╡ ╤Д╨░╨╣╨╗╨╛╨▓ ╤Б ╨╕╨╝╨╡╨╜╨╡╨╝ SelectListIconDelegate.cpp ╨▓╤Л╨▓╨╛╨┤╤П╤В ╤А╨╡╨╖╤Г╨╗╤М╤В╨░╤В╤Л ╨▓ ╨╛╨┤╨╜╨╛ ╨╕ ╤В╨╛ ╨╢╨╡ ╤А╨░╤Б╨┐╨╛╨╗╨╛╨╢╨╡╨╜╨╕╨╡. ╨н╤В╨╛ ╨╝╨╛╨╢╨╡╤В ╤Б╤В╨░╤В╤М ╨┐╤А╨╕╤З╨╕╨╜╨╛╨╣ ╨╜╨╡╨▓╨╡╤А╨╜╨╛╨│╨╛ ╤А╨╡╨╖╤Г╨╗╤М╤В╨░╤В╨░ ╤Б╨▒╨╛╤А╨║╨╕.  ╨Т╨║╨╗╤О╤З╨╡╨╜╨╜╤Л╨╡ ╤Д╨░╨╣╨╗╤Л тАФ C:\Users\KusokMedi\Documents\GitHub\BetterShowcase\build\_deps\bindings-src\bindings\2.2081\inline\SelectListIconDelegate.cpp, C:\Users\KusokMedi\Documents\GitHub\BetterShowcase\build\bindings\bindings\Geode\source\SelectListIconDelegate.cpp. [C:\Users\KusokMedi\Documents\GitHub\BetterShowcase\build\bindings\GeodeBindings.vcxproj]
C:\Program Files (x86)\Microsoft Visual Studio\2022\BuildTools\MSBuild\Microsoft\VC\v170\Microsoft.CppBuild.targets(1129,5): warning MSB8027: ╨┤╨▓╨░ ╨╕╨╗╨╕ ╨▒╨╛╨╗╨╡╨╡ ╤Д╨░╨╣╨╗╨╛╨▓ ╤Б ╨╕╨╝╨╡╨╜╨╡╨╝ SelectListIconLayer.cpp ╨▓╤Л╨▓╨╛╨┤╤П╤В ╤А╨╡╨╖╤Г╨╗╤М╤В╨░╤В╤Л ╨▓ ╨╛╨┤╨╜╨╛ ╨╕ ╤В╨╛ ╨╢╨╡ ╤А╨░╤Б╨┐╨╛╨╗╨╛╨╢╨╡╨╜╨╕╨╡. ╨н╤В╨╛ ╨╝╨╛╨╢╨╡╤В ╤Б╤В╨░╤В╤М ╨┐╤А╨╕╤З╨╕╨╜╨╛╨╣ ╨╜╨╡╨▓╨╡╤А╨╜╨╛╨│╨╛ ╤А╨╡╨╖╤Г╨╗╤М╤В╨░╤В╨░ ╤Б╨▒╨╛╤А╨║╨╕.  ╨Т╨║╨╗╤О╤З╨╡╨╜╨╜╤Л╨╡ ╤Д╨░╨╣╨╗╤Л тАФ C:\Users\KusokMedi\Documents\GitHub\BetterShowcase\build\_deps\bindings-src\bindings\2.2081\inline\SelectListIconLayer.cpp, C:\Users\KusokMedi\Documents\GitHub\BetterShowcase\build\bindings\bindings\Geode\source\SelectListIconLayer.cpp. [C:\Users\KusokMedi\Documents\GitHub\BetterShowcase\build\bindings\GeodeBindings.vcxproj]
C:\Program Files (x86)\Microsoft Visual Studio\2022\BuildTools\MSBuild\Microsoft\VC\v170\Microsoft.CppBuild.targets(1129,5): warning MSB8027: ╨┤╨▓╨░ ╨╕╨╗╨╕ ╨▒╨╛╨╗╨╡╨╡ ╤Д╨░╨╣╨╗╨╛╨▓ ╤Б ╨╕╨╝╨╡╨╜╨╡╨╝ SelectPremadeDelegate.cpp ╨▓╤Л╨▓╨╛╨┤╤П╤В ╤А╨╡╨╖╤Г╨╗╤М╤В╨░╤В╤Л ╨▓ ╨╛╨┤╨╜╨╛ ╨╕ ╤В╨╛ ╨╢╨╡ ╤А╨░╤Б╨┐╨╛╨╗╨╛╨╢╨╡╨╜╨╕╨╡. ╨н╤В╨╛ ╨╝╨╛╨╢╨╡╤В ╤Б╤В╨░╤В╤М ╨┐╤А╨╕╤З╨╕╨╜╨╛╨╣ ╨╜╨╡╨▓╨╡╤А╨╜╨╛╨│╨╛ ╤А╨╡╨╖╤Г╨╗╤М╤В╨░╤В╨░ ╤Б╨▒╨╛╤А╨║╨╕.  ╨Т╨║╨╗╤О╤З╨╡╨╜╨╜╤Л╨╡ ╤Д╨░╨╣╨╗╤Л тАФ C:\Users\KusokMedi\Documents\GitHub\BetterShowcase\build\_deps\bindings-src\bindings\2.2081\inline\SelectPremadeDelegate.cpp, C:\Users\KusokMedi\Documents\GitHub\BetterShowcase\build\bindings\bindings\Geode\source\SelectPremadeDelegate.cpp. [C:\Users\KusokMedi\Documents\GitHub\BetterShowcase\build\bindings\GeodeBindings.vcxproj]
C:\Program Files (x86)\Microsoft Visual Studio\2022\BuildTools\MSBuild\Microsoft\VC\v170\Microsoft.CppBuild.targets(1129,5): warning MSB8027: ╨┤╨▓╨░ ╨╕╨╗╨╕ ╨▒╨╛╨╗╨╡╨╡ ╤Д╨░╨╣╨╗╨╛╨▓ ╤Б ╨╕╨╝╨╡╨╜╨╡╨╝ SelectPremadeLayer.cpp ╨▓╤Л╨▓╨╛╨┤╤П╤В ╤А╨╡╨╖╤Г╨╗╤М╤В╨░╤В╤Л ╨▓ ╨╛╨┤╨╜╨╛ ╨╕ ╤В╨╛ ╨╢╨╡ ╤А╨░╤Б╨┐╨╛╨╗╨╛╨╢╨╡╨╜╨╕╨╡. ╨н╤В╨╛ ╨╝╨╛╨╢╨╡╤В ╤Б╤В╨░╤В╤М ╨┐╤А╨╕╤З╨╕╨╜╨╛╨╣ ╨╜╨╡╨▓╨╡╤А╨╜╨╛╨│╨╛ ╤А╨╡╨╖╤Г╨╗╤М╤В╨░╤В╨░ ╤Б╨▒╨╛╤А╨║╨╕.  ╨Т╨║╨╗╤О╤З╨╡╨╜╨╜╤Л╨╡ ╤Д╨░╨╣╨╗╤Л тАФ C:\Users\KusokMedi\Documents\GitHub\BetterShowcase\build\_deps\bindings-src\bindings\2.2081\inline\SelectPremadeLayer.cpp, C:\Users\KusokMedi\Documents\GitHub\BetterShowcase\build\bindings\bindings\Geode\source\SelectPremadeLayer.cpp. [C:\Users\KusokMedi\Documents\GitHub\BetterShowcase\build\bindings\GeodeBindings.vcxproj]
C:\Program Files (x86)\Microsoft Visual Studio\2022\BuildTools\MSBuild\Microsoft\VC\v170\Microsoft.CppBuild.targets(1129,5): warning MSB8027: ╨┤╨▓╨░ ╨╕╨╗╨╕ ╨▒╨╛╨╗╨╡╨╡ ╤Д╨░╨╣╨╗╨╛╨▓ ╤Б ╨╕╨╝╨╡╨╜╨╡╨╝ SelectSFXSortDelegate.cpp ╨▓╤Л╨▓╨╛╨┤╤П╤В ╤А╨╡╨╖╤Г╨╗╤М╤В╨░╤В╤Л ╨▓ ╨╛╨┤╨╜╨╛ ╨╕ ╤В╨╛ ╨╢╨╡ ╤А╨░╤Б╨┐╨╛╨╗╨╛╨╢╨╡╨╜╨╕╨╡. ╨н╤В╨╛ ╨╝╨╛╨╢╨╡╤В ╤Б╤В╨░╤В╤М ╨┐╤А╨╕╤З╨╕╨╜╨╛╨╣ ╨╜╨╡╨▓╨╡╤А╨╜╨╛╨│╨╛ ╤А╨╡╨╖╤Г╨╗╤М╤В╨░╤В╨░ ╤Б╨▒╨╛╤А╨║╨╕.  ╨Т╨║╨╗╤О╤З╨╡╨╜╨╜╤Л╨╡ ╤Д╨░╨╣╨╗╤Л тАФ C:\Users\KusokMedi\Documents\GitHub\BetterShowcase\build\_deps\bindings-src\bindings\2.2081\inline\SelectSFXSortDelegate.cpp, C:\Users\KusokMedi\Documents\GitHub\BetterShowcase\build\bindings\bindings\Geode\source\SelectSFXSortDelegate.cpp. [C:\Users\KusokMedi\Documents\GitHub\BetterShowcase\build\bindings\GeodeBindings.vcxproj]
C:\Program Files (x86)\Microsoft Visual Studio\2022\BuildTools\MSBuild\Microsoft\VC\v170\Microsoft.CppBuild.targets(1129,5): warning MSB8027: ╨┤╨▓╨░ ╨╕╨╗╨╕ ╨▒╨╛╨╗╨╡╨╡ ╤Д╨░╨╣╨╗╨╛╨▓ ╤Б ╨╕╨╝╨╡╨╜╨╡╨╝ SelectSFXSortLayer.cpp ╨▓╤Л╨▓╨╛╨┤╤П╤В ╤А╨╡╨╖╤Г╨╗╤М╤В╨░╤В╤Л ╨▓ ╨╛╨┤╨╜╨╛ ╨╕ ╤В╨╛ ╨╢╨╡ ╤А╨░╤Б╨┐╨╛╨╗╨╛╨╢╨╡╨╜╨╕╨╡. ╨н╤В╨╛ ╨╝╨╛╨╢╨╡╤В ╤Б╤В╨░╤В╤М ╨┐╤А╨╕╤З╨╕╨╜╨╛╨╣ ╨╜╨╡╨▓╨╡╤А╨╜╨╛╨│╨╛ ╤А╨╡╨╖╤Г╨╗╤М╤В╨░╤В╨░ ╤Б╨▒╨╛╤А╨║╨╕.  ╨Т╨║╨╗╤О╤З╨╡╨╜╨╜╤Л╨╡ ╤Д╨░╨╣╨╗╤Л тАФ C:\Users\KusokMedi\Documents\GitHub\BetterShowcase\build\_deps\bindings-src\bindings\2.2081\inline\SelectSFXSortLayer.cpp, C:\Users\KusokMedi\Documents\GitHub\BetterShowcase\build\bindings\bindings\Geode\source\SelectSFXSortLayer.cpp. [C:\Users\KusokMedi\Documents\GitHub\BetterShowcase\build\bindings\GeodeBindings.vcxproj]
C:\Program Files (x86)\Microsoft Visual Studio\2022\BuildTools\MSBuild\Microsoft\VC\v170\Microsoft.CppBuild.targets(1129,5): warning MSB8027: ╨┤╨▓╨░ ╨╕╨╗╨╕ ╨▒╨╛╨╗╨╡╨╡ ╤Д╨░╨╣╨╗╨╛╨▓ ╤Б ╨╕╨╝╨╡╨╜╨╡╨╝ SelectSettingDelegate.cpp ╨▓╤Л╨▓╨╛╨┤╤П╤В ╤А╨╡╨╖╤Г╨╗╤М╤В╨░╤В╤Л ╨▓ ╨╛╨┤╨╜╨╛ ╨╕ ╤В╨╛ ╨╢╨╡ ╤А╨░╤Б╨┐╨╛╨╗╨╛╨╢╨╡╨╜╨╕╨╡. ╨н╤В╨╛ ╨╝╨╛╨╢╨╡╤В ╤Б╤В╨░╤В╤М ╨┐╤А╨╕╤З╨╕╨╜╨╛╨╣ ╨╜╨╡╨▓╨╡╤А╨╜╨╛╨│╨╛ ╤А╨╡╨╖╤Г╨╗╤М╤В╨░╤В╨░ ╤Б╨▒╨╛╤А╨║╨╕.  ╨Т╨║╨╗╤О╤З╨╡╨╜╨╜╤Л╨╡ ╤Д╨░╨╣╨╗╤Л тАФ C:\Users\KusokMedi\Documents\GitHub\BetterShowcase\build\_deps\bindings-src\bindings\2.2081\inline\SelectSettingDelegate.cpp, C:\Users\KusokMedi\Documents\GitHub\BetterShowcase\build\bindings\bindings\Geode\source\SelectSettingDelegate.cpp. [C:\Users\KusokMedi\Documents\GitHub\BetterShowcase\build\bindings\GeodeBindings.vcxproj]
C:\Program Files (x86)\Microsoft Visual Studio\2022\BuildTools\MSBuild\Microsoft\VC\v170\Microsoft.CppBuild.targets(1129,5): warning MSB8027: ╨┤╨▓╨░ ╨╕╨╗╨╕ ╨▒╨╛╨╗╨╡╨╡ ╤Д╨░╨╣╨╗╨╛╨▓ ╤Б ╨╕╨╝╨╡╨╜╨╡╨╝ SelectSettingLayer.cpp ╨▓╤Л╨▓╨╛╨┤╤П╤В ╤А╨╡╨╖╤Г╨╗╤М╤В╨░╤В╤Л ╨▓ ╨╛╨┤╨╜╨╛ ╨╕ ╤В╨╛ ╨╢╨╡ ╤А╨░╤Б╨┐╨╛╨╗╨╛╨╢╨╡╨╜╨╕╨╡. ╨н╤В╨╛ ╨╝╨╛╨╢╨╡╤В ╤Б╤В╨░╤В╤М ╨┐╤А╨╕╤З╨╕╨╜╨╛╨╣ ╨╜╨╡╨▓╨╡╤А╨╜╨╛╨│╨╛ ╤А╨╡╨╖╤Г╨╗╤М╤В╨░╤В╨░ ╤Б╨▒╨╛╤А╨║╨╕.  ╨Т╨║╨╗╤О╤З╨╡╨╜╨╜╤Л╨╡ ╤Д╨░╨╣╨╗╤Л тАФ C:\Users\KusokMedi\Documents\GitHub\BetterShowcase\build\_deps\bindings-src\bindings\2.2081\inline\SelectSettingLayer.cpp, C:\Users\KusokMedi\Documents\GitHub\BetterShowcase\build\bindings\bindings\Geode\source\SelectSettingLayer.cpp. [C:\Users\KusokMedi\Documents\GitHub\BetterShowcase\build\bindings\GeodeBindings.vcxproj]
C:\Program Files (x86)\Microsoft Visual Studio\2022\BuildTools\MSBuild\Microsoft\VC\v170\Microsoft.CppBuild.targets(1129,5): warning MSB8027: ╨┤╨▓╨░ ╨╕╨╗╨╕ ╨▒╨╛╨╗╨╡╨╡ ╤Д╨░╨╣╨╗╨╛╨▓ ╤Б ╨╕╨╝╨╡╨╜╨╡╨╝ SequenceTriggerGameObject.cpp ╨▓╤Л╨▓╨╛╨┤╤П╤В ╤А╨╡╨╖╤Г╨╗╤М╤В╨░╤В╤Л ╨▓ ╨╛╨┤╨╜╨╛ ╨╕ ╤В╨╛ ╨╢╨╡ ╤А╨░╤Б╨┐╨╛╨╗╨╛╨╢╨╡╨╜╨╕╨╡. ╨н╤В╨╛ ╨╝╨╛╨╢╨╡╤В ╤Б╤В╨░╤В╤М ╨┐╤А╨╕╤З╨╕╨╜╨╛╨╣ ╨╜╨╡╨▓╨╡╤А╨╜╨╛╨│╨╛ ╤А╨╡╨╖╤Г╨╗╤М╤В╨░╤В╨░ ╤Б╨▒╨╛╤А╨║╨╕.  ╨Т╨║╨╗╤О╤З╨╡╨╜╨╜╤Л╨╡ ╤Д╨░╨╣╨╗╤Л тАФ C:\Users\KusokMedi\Documents\GitHub\BetterShowcase\build\_deps\bindings-src\bindings\2.2081\inline\SequenceTriggerGameObject.cpp, C:\Users\KusokMedi\Documents\GitHub\BetterShowcase\build\bindings\bindings\Geode\source\SequenceTriggerGameObject.cpp. [C:\Users\KusokMedi\Documents\GitHub\BetterShowcase\build\bindings\GeodeBindings.vcxproj]
C:\Program Files (x86)\Microsoft Visual Studio\2022\BuildTools\MSBuild\Microsoft\VC\v170\Microsoft.CppBuild.targets(1129,5): warning MSB8027: ╨┤╨▓╨░ ╨╕╨╗╨╕ ╨▒╨╛╨╗╨╡╨╡ ╤Д╨░╨╣╨╗╨╛╨▓ ╤Б ╨╕╨╝╨╡╨╜╨╡╨╝ SequenceTriggerState.cpp ╨▓╤Л╨▓╨╛╨┤╤П╤В ╤А╨╡╨╖╤Г╨╗╤М╤В╨░╤В╤Л ╨▓ ╨╛╨┤╨╜╨╛ ╨╕ ╤В╨╛ ╨╢╨╡ ╤А╨░╤Б╨┐╨╛╨╗╨╛╨╢╨╡╨╜╨╕╨╡. ╨н╤В╨╛ ╨╝╨╛╨╢╨╡╤В ╤Б╤В╨░╤В╤М ╨┐╤А╨╕╤З╨╕╨╜╨╛╨╣ ╨╜╨╡╨▓╨╡╤А╨╜╨╛╨│╨╛ ╤А╨╡╨╖╤Г╨╗╤М╤В╨░╤В╨░ ╤Б╨▒╨╛╤А╨║╨╕.  ╨Т╨║╨╗╤О╤З╨╡╨╜╨╜╤Л╨╡ ╤Д╨░╨╣╨╗╤Л тАФ C:\Users\KusokMedi\Documents\GitHub\BetterShowcase\build\_deps\bindings-src\bindings\2.2081\inline\SequenceTriggerState.cpp, C:\Users\KusokMedi\Documents\GitHub\BetterShowcase\build\bindings\bindings\Geode\source\SequenceTriggerState.cpp. [C:\Users\KusokMedi\Documents\GitHub\BetterShowcase\build\bindings\GeodeBindings.vcxproj]
C:\Program Files (x86)\Microsoft Visual Studio\2022\BuildTools\MSBuild\Microsoft\VC\v170\Microsoft.CppBuild.targets(1129,5): warning MSB8027: ╨┤╨▓╨░ ╨╕╨╗╨╕ ╨▒╨╛╨╗╨╡╨╡ ╤Д╨░╨╣╨╗╨╛╨▓ ╤Б ╨╕╨╝╨╡╨╜╨╡╨╝ SetColorIDPopup.cpp ╨▓╤Л╨▓╨╛╨┤╤П╤В ╤А╨╡╨╖╤Г╨╗╤М╤В╨░╤В╤Л ╨▓ ╨╛╨┤╨╜╨╛ ╨╕ ╤В╨╛ ╨╢╨╡ ╤А╨░╤Б╨┐╨╛╨╗╨╛╨╢╨╡╨╜╨╕╨╡. ╨н╤В╨╛ ╨╝╨╛╨╢╨╡╤В ╤Б╤В╨░╤В╤М ╨┐╤А╨╕╤З╨╕╨╜╨╛╨╣ ╨╜╨╡╨▓╨╡╤А╨╜╨╛╨│╨╛ ╤А╨╡╨╖╤Г╨╗╤М╤В╨░╤В╨░ ╤Б╨▒╨╛╤А╨║╨╕.  ╨Т╨║╨╗╤О╤З╨╡╨╜╨╜╤Л╨╡ ╤Д╨░╨╣╨╗╤Л тАФ C:\Users\KusokMedi\Documents\GitHub\BetterShowcase\build\_deps\bindings-src\bindings\2.2081\inline\SetColorIDPopup.cpp, C:\Users\KusokMedi\Documents\GitHub\BetterShowcase\build\bindings\bindings\Geode\source\SetColorIDPopup.cpp. [C:\Users\KusokMedi\Documents\GitHub\BetterShowcase\build\bindings\GeodeBindings.vcxproj]
C:\Program Files (x86)\Microsoft Visual Studio\2022\BuildTools\MSBuild\Microsoft\VC\v170\Microsoft.CppBuild.targets(1129,5): warning MSB8027: ╨┤╨▓╨░ ╨╕╨╗╨╕ ╨▒╨╛╨╗╨╡╨╡ ╤Д╨░╨╣╨╗╨╛╨▓ ╤Б ╨╕╨╝╨╡╨╜╨╡╨╝ SetFolderPopup.cpp ╨▓╤Л╨▓╨╛╨┤╤П╤В ╤А╨╡╨╖╤Г╨╗╤М╤В╨░╤В╤Л ╨▓ ╨╛╨┤╨╜╨╛ ╨╕ ╤В╨╛ ╨╢╨╡ ╤А╨░╤Б╨┐╨╛╨╗╨╛╨╢╨╡╨╜╨╕╨╡. ╨н╤В╨╛ ╨╝╨╛╨╢╨╡╤В ╤Б╤В╨░╤В╤М ╨┐╤А╨╕╤З╨╕╨╜╨╛╨╣ ╨╜╨╡╨▓╨╡╤А╨╜╨╛╨│╨╛ ╤А╨╡╨╖╤Г╨╗╤М╤В╨░╤В╨░ ╤Б╨▒╨╛╤А╨║╨╕.  ╨Т╨║╨╗╤О╤З╨╡╨╜╨╜╤Л╨╡ ╤Д╨░╨╣╨╗╤Л тАФ C:\Users\KusokMedi\Documents\GitHub\BetterShowcase\build\_deps\bindings-src\bindings\2.2081\inline\SetFolderPopup.cpp, C:\Users\KusokMedi\Documents\GitHub\BetterShowcase\build\bindings\bindings\Geode\source\SetFolderPopup.cpp. [C:\Users\KusokMedi\Documents\GitHub\BetterShowcase\build\bindings\GeodeBindings.vcxproj]
C:\Program Files (x86)\Microsoft Visual Studio\2022\BuildTools\MSBuild\Microsoft\VC\v170\Microsoft.CppBuild.targets(1129,5): warning MSB8027: ╨┤╨▓╨░ ╨╕╨╗╨╕ ╨▒╨╛╨╗╨╡╨╡ ╤Д╨░╨╣╨╗╨╛╨▓ ╤Б ╨╕╨╝╨╡╨╜╨╡╨╝ SetGroupIDLayer.cpp ╨▓╤Л╨▓╨╛╨┤╤П╤В ╤А╨╡╨╖╤Г╨╗╤М╤В╨░╤В╤Л ╨▓ ╨╛╨┤╨╜╨╛ ╨╕ ╤В╨╛ ╨╢╨╡ ╤А╨░╤Б╨┐╨╛╨╗╨╛╨╢╨╡╨╜╨╕╨╡. ╨н╤В╨╛ ╨╝╨╛╨╢╨╡╤В ╤Б╤В╨░╤В╤М ╨┐╤А╨╕╤З╨╕╨╜╨╛╨╣ ╨╜╨╡╨▓╨╡╤А╨╜╨╛╨│╨╛ ╤А╨╡╨╖╤Г╨╗╤М╤В╨░╤В╨░ ╤Б╨▒╨╛╤А╨║╨╕.  ╨Т╨║╨╗╤О╤З╨╡╨╜╨╜╤Л╨╡ ╤Д╨░╨╣╨╗╤Л тАФ C:\Users\KusokMedi\Documents\GitHub\BetterShowcase\build\_deps\bindings-src\bindings\2.2081\inline\SetGroupIDLayer.cpp, C:\Users\KusokMedi\Documents\GitHub\BetterShowcase\build\bindings\bindings\Geode\source\SetGroupIDLayer.cpp. [C:\Users\KusokMedi\Documents\GitHub\BetterShowcase\build\bindings\GeodeBindings.vcxproj]
C:\Program Files (x86)\Microsoft Visual Studio\2022\BuildTools\MSBuild\Microsoft\VC\v170\Microsoft.CppBuild.targets(1129,5): warning MSB8027: ╨┤╨▓╨░ ╨╕╨╗╨╕ ╨▒╨╛╨╗╨╡╨╡ ╤Д╨░╨╣╨╗╨╛╨▓ ╤Б ╨╕╨╝╨╡╨╜╨╡╨╝ SetIDPopup.cpp ╨▓╤Л╨▓╨╛╨┤╤П╤В ╤А╨╡╨╖╤Г╨╗╤М╤В╨░╤В╤Л ╨▓ ╨╛╨┤╨╜╨╛ ╨╕ ╤В╨╛ ╨╢╨╡ ╤А╨░╤Б╨┐╨╛╨╗╨╛╨╢╨╡╨╜╨╕╨╡. ╨н╤В╨╛ ╨╝╨╛╨╢╨╡╤В ╤Б╤В╨░╤В╤М ╨┐╤А╨╕╤З╨╕╨╜╨╛╨╣ ╨╜╨╡╨▓╨╡╤А╨╜╨╛╨│╨╛ ╤А╨╡╨╖╤Г╨╗╤М╤В╨░╤В╨░ ╤Б╨▒╨╛╤А╨║╨╕.  ╨Т╨║╨╗╤О╤З╨╡╨╜╨╜╤Л╨╡ ╤Д╨░╨╣╨╗╤Л тАФ C:\Users\KusokMedi\Documents\GitHub\BetterShowcase\build\_deps\bindings-src\bindings\2.2081\inline\SetIDPopup.cpp, C:\Users\KusokMedi\Documents\GitHub\BetterShowcase\build\bindings\bindings\Geode\source\SetIDPopup.cpp. [C:\Users\KusokMedi\Documents\GitHub\BetterShowcase\build\bindings\GeodeBindings.vcxproj]
C:\Program Files (x86)\Microsoft Visual Studio\2022\BuildTools\MSBuild\Microsoft\VC\v170\Microsoft.CppBuild.targets(1129,5): warning MSB8027: ╨┤╨▓╨░ ╨╕╨╗╨╕ ╨▒╨╛╨╗╨╡╨╡ ╤Д╨░╨╣╨╗╨╛╨▓ ╤Б ╨╕╨╝╨╡╨╜╨╡╨╝ SetIDPopupDelegate.cpp ╨▓╤Л╨▓╨╛╨┤╤П╤В ╤А╨╡╨╖╤Г╨╗╤М╤В╨░╤В╤Л ╨▓ ╨╛╨┤╨╜╨╛ ╨╕ ╤В╨╛ ╨╢╨╡ ╤А╨░╤Б╨┐╨╛╨╗╨╛╨╢╨╡╨╜╨╕╨╡. ╨н╤В╨╛ ╨╝╨╛╨╢╨╡╤В ╤Б╤В╨░╤В╤М ╨┐╤А╨╕╤З╨╕╨╜╨╛╨╣ ╨╜╨╡╨▓╨╡╤А╨╜╨╛╨│╨╛ ╤А╨╡╨╖╤Г╨╗╤М╤В╨░╤В╨░ ╤Б╨▒╨╛╤А╨║╨╕.  ╨Т╨║╨╗╤О╤З╨╡╨╜╨╜╤Л╨╡ ╤Д╨░╨╣╨╗╤Л тАФ C:\Users\KusokMedi\Documents\GitHub\BetterShowcase\build\_deps\bindings-src\bindings\2.2081\inline\SetIDPopupDelegate.cpp, C:\Users\KusokMedi\Documents\GitHub\BetterShowcase\build\bindings\bindings\Geode\source\SetIDPopupDelegate.cpp. [C:\Users\KusokMedi\Documents\GitHub\BetterShowcase\build\bindings\GeodeBindings.vcxproj]
C:\Program Files (x86)\Microsoft Visual Studio\2022\BuildTools\MSBuild\Microsoft\VC\v170\Microsoft.CppBuild.targets(1129,5): warning MSB8027: ╨┤╨▓╨░ ╨╕╨╗╨╕ ╨▒╨╛╨╗╨╡╨╡ ╤Д╨░╨╣╨╗╨╛╨▓ ╤Б ╨╕╨╝╨╡╨╜╨╡╨╝ SetItemIDLayer.cpp ╨▓╤Л╨▓╨╛╨┤╤П╤В ╤А╨╡╨╖╤Г╨╗╤М╤В╨░╤В╤Л ╨▓ ╨╛╨┤╨╜╨╛ ╨╕ ╤В╨╛ ╨╢╨╡ ╤А╨░╤Б╨┐╨╛╨╗╨╛╨╢╨╡╨╜╨╕╨╡. ╨н╤В╨╛ ╨╝╨╛╨╢╨╡╤В ╤Б╤В╨░╤В╤М ╨┐╤А╨╕╤З╨╕╨╜╨╛╨╣ ╨╜╨╡╨▓╨╡╤А╨╜╨╛╨│╨╛ ╤А╨╡╨╖╤Г╨╗╤М╤В╨░╤В╨░ ╤Б╨▒╨╛╤А╨║╨╕.  ╨Т╨║╨╗╤О╤З╨╡╨╜╨╜╤Л╨╡ ╤Д╨░╨╣╨╗╤Л тАФ C:\Users\KusokMedi\Documents\GitHub\BetterShowcase\build\_deps\bindings-src\bindings\2.2081\inline\SetItemIDLayer.cpp, C:\Users\KusokMedi\Documents\GitHub\BetterShowcase\build\bindings\bindings\Geode\source\SetItemIDLayer.cpp. [C:\Users\KusokMedi\Documents\GitHub\BetterShowcase\build\bindings\GeodeBindings.vcxproj]
C:\Program Files (x86)\Microsoft Visual Studio\2022\BuildTools\MSBuild\Microsoft\VC\v170\Microsoft.CppBuild.targets(1129,5): warning MSB8027: ╨┤╨▓╨░ ╨╕╨╗╨╕ ╨▒╨╛╨╗╨╡╨╡ ╤Д╨░╨╣╨╗╨╛╨▓ ╤Б ╨╕╨╝╨╡╨╜╨╡╨╝ SetLevelOrderPopup.cpp ╨▓╤Л╨▓╨╛╨┤╤П╤В ╤А╨╡╨╖╤Г╨╗╤М╤В╨░╤В╤Л ╨▓ ╨╛╨┤╨╜╨╛ ╨╕ ╤В╨╛ ╨╢╨╡ ╤А╨░╤Б╨┐╨╛╨╗╨╛╨╢╨╡╨╜╨╕╨╡. ╨н╤В╨╛ ╨╝╨╛╨╢╨╡╤В ╤Б╤В╨░╤В╤М ╨┐╤А╨╕╤З╨╕╨╜╨╛╨╣ ╨╜╨╡╨▓╨╡╤А╨╜╨╛╨│╨╛ ╤А╨╡╨╖╤Г╨╗╤М╤В╨░╤В╨░ ╤Б╨▒╨╛╤А╨║╨╕.  ╨Т╨║╨╗╤О╤З╨╡╨╜╨╜╤Л╨╡ ╤Д╨░╨╣╨╗╤Л тАФ C:\Users\KusokMedi\Documents\GitHub\BetterShowcase\build\_deps\bindings-src\bindings\2.2081\inline\SetLevelOrderPopup.cpp, C:\Users\KusokMedi\Documents\GitHub\BetterShowcase\build\bindings\bindings\Geode\source\SetLevelOrderPopup.cpp. [C:\Users\KusokMedi\Documents\GitHub\BetterShowcase\build\bindings\GeodeBindings.vcxproj]
C:\Program Files (x86)\Microsoft Visual Studio\2022\BuildTools\MSBuild\Microsoft\VC\v170\Microsoft.CppBuild.targets(1129,5): warning MSB8027: ╨┤╨▓╨░ ╨╕╨╗╨╕ ╨▒╨╛╨╗╨╡╨╡ ╤Д╨░╨╣╨╗╨╛╨▓ ╤Б ╨╕╨╝╨╡╨╜╨╡╨╝ SetTargetIDLayer.cpp ╨▓╤Л╨▓╨╛╨┤╤П╤В ╤А╨╡╨╖╤Г╨╗╤М╤В╨░╤В╤Л ╨▓ ╨╛╨┤╨╜╨╛ ╨╕ ╤В╨╛ ╨╢╨╡ ╤А╨░╤Б╨┐╨╛╨╗╨╛╨╢╨╡╨╜╨╕╨╡. ╨н╤В╨╛ ╨╝╨╛╨╢╨╡╤В ╤Б╤В╨░╤В╤М ╨┐╤А╨╕╤З╨╕╨╜╨╛╨╣ ╨╜╨╡╨▓╨╡╤А╨╜╨╛╨│╨╛ ╤А╨╡╨╖╤Г╨╗╤М╤В╨░╤В╨░ ╤Б╨▒╨╛╤А╨║╨╕.  ╨Т╨║╨╗╤О╤З╨╡╨╜╨╜╤Л╨╡ ╤Д╨░╨╣╨╗╤Л тАФ C:\Users\KusokMedi\Documents\GitHub\BetterShowcase\build\_deps\bindings-src\bindings\2.2081\inline\SetTargetIDLayer.cpp, C:\Users\KusokMedi\Documents\GitHub\BetterShowcase\build\bindings\bindings\Geode\source\SetTargetIDLayer.cpp. [C:\Users\KusokMedi\Documents\GitHub\BetterShowcase\build\bindings\GeodeBindings.vcxproj]
C:\Program Files (x86)\Microsoft Visual Studio\2022\BuildTools\MSBuild\Microsoft\VC\v170\Microsoft.CppBuild.targets(1129,5): warning MSB8027: ╨┤╨▓╨░ ╨╕╨╗╨╕ ╨▒╨╛╨╗╨╡╨╡ ╤Д╨░╨╣╨╗╨╛╨▓ ╤Б ╨╕╨╝╨╡╨╜╨╡╨╝ SetTextPopup.cpp ╨▓╤Л╨▓╨╛╨┤╤П╤В ╤А╨╡╨╖╤Г╨╗╤М╤В╨░╤В╤Л ╨▓ ╨╛╨┤╨╜╨╛ ╨╕ ╤В╨╛ ╨╢╨╡ ╤А╨░╤Б╨┐╨╛╨╗╨╛╨╢╨╡╨╜╨╕╨╡. ╨н╤В╨╛ ╨╝╨╛╨╢╨╡╤В ╤Б╤В╨░╤В╤М ╨┐╤А╨╕╤З╨╕╨╜╨╛╨╣ ╨╜╨╡╨▓╨╡╤А╨╜╨╛╨│╨╛ ╤А╨╡╨╖╤Г╨╗╤М╤В╨░╤В╨░ ╤Б╨▒╨╛╤А╨║╨╕.  ╨Т╨║╨╗╤О╤З╨╡╨╜╨╜╤Л╨╡ ╤Д╨░╨╣╨╗╤Л тАФ C:\Users\KusokMedi\Documents\GitHub\BetterShowcase\build\_deps\bindings-src\bindings\2.2081\inline\SetTextPopup.cpp, C:\Users\KusokMedi\Documents\GitHub\BetterShowcase\build\bindings\bindings\Geode\source\SetTextPopup.cpp. [C:\Users\KusokMedi\Documents\GitHub\BetterShowcase\build\bindings\GeodeBindings.vcxproj]
C:\Program Files (x86)\Microsoft Visual Studio\2022\BuildTools\MSBuild\Microsoft\VC\v170\Microsoft.CppBuild.targets(1129,5): warning MSB8027: ╨┤╨▓╨░ ╨╕╨╗╨╕ ╨▒╨╛╨╗╨╡╨╡ ╤Д╨░╨╣╨╗╨╛╨▓ ╤Б ╨╕╨╝╨╡╨╜╨╡╨╝ SetTextPopupDelegate.cpp ╨▓╤Л╨▓╨╛╨┤╤П╤В ╤А╨╡╨╖╤Г╨╗╤М╤В╨░╤В╤Л ╨▓ ╨╛╨┤╨╜╨╛ ╨╕ ╤В╨╛ ╨╢╨╡ ╤А╨░╤Б╨┐╨╛╨╗╨╛╨╢╨╡╨╜╨╕╨╡. ╨н╤В╨╛ ╨╝╨╛╨╢╨╡╤В ╤Б╤В╨░╤В╤М ╨┐╤А╨╕╤З╨╕╨╜╨╛╨╣ ╨╜╨╡╨▓╨╡╤А╨╜╨╛╨│╨╛ ╤А╨╡╨╖╤Г╨╗╤М╤В╨░╤В╨░ ╤Б╨▒╨╛╤А╨║╨╕.  ╨Т╨║╨╗╤О╤З╨╡╨╜╨╜╤Л╨╡ ╤Д╨░╨╣╨╗╤Л тАФ C:\Users\KusokMedi\Documents\GitHub\BetterShowcase\build\_deps\bindings-src\bindings\2.2081\inline\SetTextPopupDelegate.cpp, C:\Users\KusokMedi\Documents\GitHub\BetterShowcase\build\bindings\bindings\Geode\source\SetTextPopupDelegate.cpp. [C:\Users\KusokMedi\Documents\GitHub\BetterShowcase\build\bindings\GeodeBindings.vcxproj]
C:\Program Files (x86)\Microsoft Visual Studio\2022\BuildTools\MSBuild\Microsoft\VC\v170\Microsoft.CppBuild.targets(1129,5): warning MSB8027: ╨┤╨▓╨░ ╨╕╨╗╨╕ ╨▒╨╛╨╗╨╡╨╡ ╤Д╨░╨╣╨╗╨╛╨▓ ╤Б ╨╕╨╝╨╡╨╜╨╡╨╝ SetupAdvFollowEditPhysicsPopup.cpp ╨▓╤Л╨▓╨╛╨┤╤П╤В ╤А╨╡╨╖╤Г╨╗╤М╤В╨░╤В╤Л ╨▓ ╨╛╨┤╨╜╨╛ ╨╕ ╤В╨╛ ╨╢╨╡ ╤А╨░╤Б╨┐╨╛╨╗╨╛╨╢╨╡╨╜╨╕╨╡. ╨н╤В╨╛ ╨╝╨╛╨╢╨╡╤В ╤Б╤В╨░╤В╤М ╨┐╤А╨╕╤З╨╕╨╜╨╛╨╣ ╨╜╨╡╨▓╨╡╤А╨╜╨╛╨│╨╛ ╤А╨╡╨╖╤Г╨╗╤М╤В╨░╤В╨░ ╤Б╨▒╨╛╤А╨║╨╕.  ╨Т╨║╨╗╤О╤З╨╡╨╜╨╜╤Л╨╡ ╤Д╨░╨╣╨╗╤Л тАФ C:\Users\KusokMedi\Documents\GitHub\BetterShowcase\build\_deps\bindings-src\bindings\2.2081\inline\SetupAdvFollowEditPhysicsPopup.cpp, C:\Users\KusokMedi\Documents\GitHub\BetterShowcase\build\bindings\bindings\Geode\source\SetupAdvFollowEditPhysicsPopup.cpp. [C:\Users\KusokMedi\Documents\GitHub\BetterShowcase\build\bindings\GeodeBindings.vcxproj]
C:\Program Files (x86)\Microsoft Visual Studio\2022\BuildTools\MSBuild\Microsoft\VC\v170\Microsoft.CppBuild.targets(1129,5): warning MSB8027: ╨┤╨▓╨░ ╨╕╨╗╨╕ ╨▒╨╛╨╗╨╡╨╡ ╤Д╨░╨╣╨╗╨╛╨▓ ╤Б ╨╕╨╝╨╡╨╜╨╡╨╝ SetupAdvFollowPopup.cpp ╨▓╤Л╨▓╨╛╨┤╤П╤В ╤А╨╡╨╖╤Г╨╗╤М╤В╨░╤В╤Л ╨▓ ╨╛╨┤╨╜╨╛ ╨╕ ╤В╨╛ ╨╢╨╡ ╤А╨░╤Б╨┐╨╛╨╗╨╛╨╢╨╡╨╜╨╕╨╡. ╨н╤В╨╛ ╨╝╨╛╨╢╨╡╤В ╤Б╤В╨░╤В╤М ╨┐╤А╨╕╤З╨╕╨╜╨╛╨╣ ╨╜╨╡╨▓╨╡╤А╨╜╨╛╨│╨╛ ╤А╨╡╨╖╤Г╨╗╤М╤В╨░╤В╨░ ╤Б╨▒╨╛╤А╨║╨╕.  ╨Т╨║╨╗╤О╤З╨╡╨╜╨╜╤Л╨╡ ╤Д╨░╨╣╨╗╤Л тАФ C:\Users\KusokMedi\Documents\GitHub\BetterShowcase\build\_deps\bindings-src\bindings\2.2081\inline\SetupAdvFollowPopup.cpp, C:\Users\KusokMedi\Documents\GitHub\BetterShowcase\build\bindings\bindings\Geode\source\SetupAdvFollowPopup.cpp. [C:\Users\KusokMedi\Documents\GitHub\BetterShowcase\build\bindings\GeodeBindings.vcxproj]
C:\Program Files (x86)\Microsoft Visual Studio\2022\BuildTools\MSBuild\Microsoft\VC\v170\Microsoft.CppBuild.targets(1129,5): warning MSB8027: ╨┤╨▓╨░ ╨╕╨╗╨╕ ╨▒╨╛╨╗╨╡╨╡ ╤Д╨░╨╣╨╗╨╛╨▓ ╤Б ╨╕╨╝╨╡╨╜╨╡╨╝ SetupAdvFollowRetargetPopup.cpp ╨▓╤Л╨▓╨╛╨┤╤П╤В ╤А╨╡╨╖╤Г╨╗╤М╤В╨░╤В╤Л ╨▓ ╨╛╨┤╨╜╨╛ ╨╕ ╤В╨╛ ╨╢╨╡ ╤А╨░╤Б╨┐╨╛╨╗╨╛╨╢╨╡╨╜╨╕╨╡. ╨н╤В╨╛ ╨╝╨╛╨╢╨╡╤В ╤Б╤В╨░╤В╤М ╨┐╤А╨╕╤З╨╕╨╜╨╛╨╣ ╨╜╨╡╨▓╨╡╤А╨╜╨╛╨│╨╛ ╤А╨╡╨╖╤Г╨╗╤М╤В╨░╤В╨░ ╤Б╨▒╨╛╤А╨║╨╕.  ╨Т╨║╨╗╤О╤З╨╡╨╜╨╜╤Л╨╡ ╤Д╨░╨╣╨╗╤Л тАФ C:\Users\KusokMedi\Documents\GitHub\BetterShowcase\build\_deps\bindings-src\bindings\2.2081\inline\SetupAdvFollowRetargetPopup.cpp, C:\Users\KusokMedi\Documents\GitHub\BetterShowcase\build\bindings\bindings\Geode\source\SetupAdvFollowRetargetPopup.cpp. [C:\Users\KusokMedi\Documents\GitHub\BetterShowcase\build\bindings\GeodeBindings.vcxproj]
C:\Program Files (x86)\Microsoft Visual Studio\2022\BuildTools\MSBuild\Microsoft\VC\v170\Microsoft.CppBuild.targets(1129,5): warning MSB8027: ╨┤╨▓╨░ ╨╕╨╗╨╕ ╨▒╨╛╨╗╨╡╨╡ ╤Д╨░╨╣╨╗╨╛╨▓ ╤Б ╨╕╨╝╨╡╨╜╨╡╨╝ SetupAnimSettingsPopup.cpp ╨▓╤Л╨▓╨╛╨┤╤П╤В ╤А╨╡╨╖╤Г╨╗╤М╤В╨░╤В╤Л ╨▓ ╨╛╨┤╨╜╨╛ ╨╕ ╤В╨╛ ╨╢╨╡ ╤А╨░╤Б╨┐╨╛╨╗╨╛╨╢╨╡╨╜╨╕╨╡. ╨н╤В╨╛ ╨╝╨╛╨╢╨╡╤В ╤Б╤В╨░╤В╤М ╨┐╤А╨╕╤З╨╕╨╜╨╛╨╣ ╨╜╨╡╨▓╨╡╤А╨╜╨╛╨│╨╛ ╤А╨╡╨╖╤Г╨╗╤М╤В╨░╤В╨░ ╤Б╨▒╨╛╤А╨║╨╕.  ╨Т╨║╨╗╤О╤З╨╡╨╜╨╜╤Л╨╡ ╤Д╨░╨╣╨╗╤Л тАФ C:\Users\KusokMedi\Documents\GitHub\BetterShowcase\build\_deps\bindings-src\bindings\2.2081\inline\SetupAnimSettingsPopup.cpp, C:\Users\KusokMedi\Documents\GitHub\BetterShowcase\build\bindings\bindings\Geode\source\SetupAnimSettingsPopup.cpp. [C:\Users\KusokMedi\Documents\GitHub\BetterShowcase\build\bindings\GeodeBindings.vcxproj]
C:\Program Files (x86)\Microsoft Visual Studio\2022\BuildTools\MSBuild\Microsoft\VC\v170\Microsoft.CppBuild.targets(1129,5): warning MSB8027: ╨┤╨▓╨░ ╨╕╨╗╨╕ ╨▒╨╛╨╗╨╡╨╡ ╤Д╨░╨╣╨╗╨╛╨▓ ╤Б ╨╕╨╝╨╡╨╜╨╡╨╝ SetupAnimationPopup.cpp ╨▓╤Л╨▓╨╛╨┤╤П╤В ╤А╨╡╨╖╤Г╨╗╤М╤В╨░╤В╤Л ╨▓ ╨╛╨┤╨╜╨╛ ╨╕ ╤В╨╛ ╨╢╨╡ ╤А╨░╤Б╨┐╨╛╨╗╨╛╨╢╨╡╨╜╨╕╨╡. ╨н╤В╨╛ ╨╝╨╛╨╢╨╡╤В ╤Б╤В╨░╤В╤М ╨┐╤А╨╕╤З╨╕╨╜╨╛╨╣ ╨╜╨╡╨▓╨╡╤А╨╜╨╛╨│╨╛ ╤А╨╡╨╖╤Г╨╗╤М╤В╨░╤В╨░ ╤Б╨▒╨╛╤А╨║╨╕.  ╨Т╨║╨╗╤О╤З╨╡╨╜╨╜╤Л╨╡ ╤Д╨░╨╣╨╗╤Л тАФ C:\Users\KusokMedi\Documents\GitHub\BetterShowcase\build\_deps\bindings-src\bindings\2.2081\inline\SetupAnimationPopup.cpp, C:\Users\KusokMedi\Documents\GitHub\BetterShowcase\build\bindings\bindings\Geode\source\SetupAnimationPopup.cpp. [C:\Users\KusokMedi\Documents\GitHub\BetterShowcase\build\bindings\GeodeBindings.vcxproj]
C:\Program Files (x86)\Microsoft Visual Studio\2022\BuildTools\MSBuild\Microsoft\VC\v170\Microsoft.CppBuild.targets(1129,5): warning MSB8027: ╨┤╨▓╨░ ╨╕╨╗╨╕ ╨▒╨╛╨╗╨╡╨╡ ╤Д╨░╨╣╨╗╨╛╨▓ ╤Б ╨╕╨╝╨╡╨╜╨╡╨╝ SetupAreaAnimTriggerPopup.cpp ╨▓╤Л╨▓╨╛╨┤╤П╤В ╤А╨╡╨╖╤Г╨╗╤М╤В╨░╤В╤Л ╨▓ ╨╛╨┤╨╜╨╛ ╨╕ ╤В╨╛ ╨╢╨╡ ╤А╨░╤Б╨┐╨╛╨╗╨╛╨╢╨╡╨╜╨╕╨╡. ╨н╤В╨╛ ╨╝╨╛╨╢╨╡╤В ╤Б╤В╨░╤В╤М ╨┐╤А╨╕╤З╨╕╨╜╨╛╨╣ ╨╜╨╡╨▓╨╡╤А╨╜╨╛╨│╨╛ ╤А╨╡╨╖╤Г╨╗╤М╤В╨░╤В╨░ ╤Б╨▒╨╛╤А╨║╨╕.  ╨Т╨║╨╗╤О╤З╨╡╨╜╨╜╤Л╨╡ ╤Д╨░╨╣╨╗╤Л тАФ C:\Users\KusokMedi\Documents\GitHub\BetterShowcase\build\_deps\bindings-src\bindings\2.2081\inline\SetupAreaAnimTriggerPopup.cpp, C:\Users\KusokMedi\Documents\GitHub\BetterShowcase\build\bindings\bindings\Geode\source\SetupAreaAnimTriggerPopup.cpp. [C:\Users\KusokMedi\Documents\GitHub\BetterShowcase\build\bindings\GeodeBindings.vcxproj]
C:\Program Files (x86)\Microsoft Visual Studio\2022\BuildTools\MSBuild\Microsoft\VC\v170\Microsoft.CppBuild.targets(1129,5): warning MSB8027: ╨┤╨▓╨░ ╨╕╨╗╨╕ ╨▒╨╛╨╗╨╡╨╡ ╤Д╨░╨╣╨╗╨╛╨▓ ╤Б ╨╕╨╝╨╡╨╜╨╡╨╝ SetupAreaFadeTriggerPopup.cpp ╨▓╤Л╨▓╨╛╨┤╤П╤В ╤А╨╡╨╖╤Г╨╗╤М╤В╨░╤В╤Л ╨▓ ╨╛╨┤╨╜╨╛ ╨╕ ╤В╨╛ ╨╢╨╡ ╤А╨░╤Б╨┐╨╛╨╗╨╛╨╢╨╡╨╜╨╕╨╡. ╨н╤В╨╛ ╨╝╨╛╨╢╨╡╤В ╤Б╤В╨░╤В╤М ╨┐╤А╨╕╤З╨╕╨╜╨╛╨╣ ╨╜╨╡╨▓╨╡╤А╨╜╨╛╨│╨╛ ╤А╨╡╨╖╤Г╨╗╤М╤В╨░╤В╨░ ╤Б╨▒╨╛╤А╨║╨╕.  ╨Т╨║╨╗╤О╤З╨╡╨╜╨╜╤Л╨╡ ╤Д╨░╨╣╨╗╤Л тАФ C:\Users\KusokMedi\Documents\GitHub\BetterShowcase\build\_deps\bindings-src\bindings\2.2081\inline\SetupAreaFadeTriggerPopup.cpp, C:\Users\KusokMedi\Documents\GitHub\BetterShowcase\build\bindings\bindings\Geode\source\SetupAreaFadeTriggerPopup.cpp. [C:\Users\KusokMedi\Documents\GitHub\BetterShowcase\build\bindings\GeodeBindings.vcxproj]
C:\Program Files (x86)\Microsoft Visual Studio\2022\BuildTools\MSBuild\Microsoft\VC\v170\Microsoft.CppBuild.targets(1129,5): warning MSB8027: ╨┤╨▓╨░ ╨╕╨╗╨╕ ╨▒╨╛╨╗╨╡╨╡ ╤Д╨░╨╣╨╗╨╛╨▓ ╤Б ╨╕╨╝╨╡╨╜╨╡╨╝ SetupAreaMoveTriggerPopup.cpp ╨▓╤Л╨▓╨╛╨┤╤П╤В ╤А╨╡╨╖╤Г╨╗╤М╤В╨░╤В╤Л ╨▓ ╨╛╨┤╨╜╨╛ ╨╕ ╤В╨╛ ╨╢╨╡ ╤А╨░╤Б╨┐╨╛╨╗╨╛╨╢╨╡╨╜╨╕╨╡. ╨н╤В╨╛ ╨╝╨╛╨╢╨╡╤В ╤Б╤В╨░╤В╤М ╨┐╤А╨╕╤З╨╕╨╜╨╛╨╣ ╨╜╨╡╨▓╨╡╤А╨╜╨╛╨│╨╛ ╤А╨╡╨╖╤Г╨╗╤М╤В╨░╤В╨░ ╤Б╨▒╨╛╤А╨║╨╕.  ╨Т╨║╨╗╤О╤З╨╡╨╜╨╜╤Л╨╡ ╤Д╨░╨╣╨╗╤Л тАФ C:\Users\KusokMedi\Documents\GitHub\BetterShowcase\build\_deps\bindings-src\bindings\2.2081\inline\SetupAreaMoveTriggerPopup.cpp, C:\Users\KusokMedi\Documents\GitHub\BetterShowcase\build\bindings\bindings\Geode\source\SetupAreaMoveTriggerPopup.cpp. [C:\Users\KusokMedi\Documents\GitHub\BetterShowcase\build\bindings\GeodeBindings.vcxproj]
C:\Program Files (x86)\Microsoft Visual Studio\2022\BuildTools\MSBuild\Microsoft\VC\v170\Microsoft.CppBuild.targets(1129,5): warning MSB8027: ╨┤╨▓╨░ ╨╕╨╗╨╕ ╨▒╨╛╨╗╨╡╨╡ ╤Д╨░╨╣╨╗╨╛╨▓ ╤Б ╨╕╨╝╨╡╨╜╨╡╨╝ SetupAreaRotateTriggerPopup.cpp ╨▓╤Л╨▓╨╛╨┤╤П╤В ╤А╨╡╨╖╤Г╨╗╤М╤В╨░╤В╤Л ╨▓ ╨╛╨┤╨╜╨╛ ╨╕ ╤В╨╛ ╨╢╨╡ ╤А╨░╤Б╨┐╨╛╨╗╨╛╨╢╨╡╨╜╨╕╨╡. ╨н╤В╨╛ ╨╝╨╛╨╢╨╡╤В ╤Б╤В╨░╤В╤М ╨┐╤А╨╕╤З╨╕╨╜╨╛╨╣ ╨╜╨╡╨▓╨╡╤А╨╜╨╛╨│╨╛ ╤А╨╡╨╖╤Г╨╗╤М╤В╨░╤В╨░ ╤Б╨▒╨╛╤А╨║╨╕.  ╨Т╨║╨╗╤О╤З╨╡╨╜╨╜╤Л╨╡ ╤Д╨░╨╣╨╗╤Л тАФ C:\Users\KusokMedi\Documents\GitHub\BetterShowcase\build\_deps\bindings-src\bindings\2.2081\inline\SetupAreaRotateTriggerPopup.cpp, C:\Users\KusokMedi\Documents\GitHub\BetterShowcase\build\bindings\bindings\Geode\source\SetupAreaRotateTriggerPopup.cpp. [C:\Users\KusokMedi\Documents\GitHub\BetterShowcase\build\bindings\GeodeBindings.vcxproj]
C:\Program Files (x86)\Microsoft Visual Studio\2022\BuildTools\MSBuild\Microsoft\VC\v170\Microsoft.CppBuild.targets(1129,5): warning MSB8027: ╨┤╨▓╨░ ╨╕╨╗╨╕ ╨▒╨╛╨╗╨╡╨╡ ╤Д╨░╨╣╨╗╨╛╨▓ ╤Б ╨╕╨╝╨╡╨╜╨╡╨╝ SetupAreaTintTriggerPopup.cpp ╨▓╤Л╨▓╨╛╨┤╤П╤В ╤А╨╡╨╖╤Г╨╗╤М╤В╨░╤В╤Л ╨▓ ╨╛╨┤╨╜╨╛ ╨╕ ╤В╨╛ ╨╢╨╡ ╤А╨░╤Б╨┐╨╛╨╗╨╛╨╢╨╡╨╜╨╕╨╡. ╨н╤В╨╛ ╨╝╨╛╨╢╨╡╤В ╤Б╤В╨░╤В╤М ╨┐╤А╨╕╤З╨╕╨╜╨╛╨╣ ╨╜╨╡╨▓╨╡╤А╨╜╨╛╨│╨╛ ╤А╨╡╨╖╤Г╨╗╤М╤В╨░╤В╨░ ╤Б╨▒╨╛╤А╨║╨╕.  ╨Т╨║╨╗╤О╤З╨╡╨╜╨╜╤Л╨╡ ╤Д╨░╨╣╨╗╤Л тАФ C:\Users\KusokMedi\Documents\GitHub\BetterShowcase\build\_deps\bindings-src\bindings\2.2081\inline\SetupAreaTintTriggerPopup.cpp, C:\Users\KusokMedi\Documents\GitHub\BetterShowcase\build\bindings\bindings\Geode\source\SetupAreaTintTriggerPopup.cpp. [C:\Users\KusokMedi\Documents\GitHub\BetterShowcase\build\bindings\GeodeBindings.vcxproj]
C:\Program Files (x86)\Microsoft Visual Studio\2022\BuildTools\MSBuild\Microsoft\VC\v170\Microsoft.CppBuild.targets(1129,5): warning MSB8027: ╨┤╨▓╨░ ╨╕╨╗╨╕ ╨▒╨╛╨╗╨╡╨╡ ╤Д╨░╨╣╨╗╨╛╨▓ ╤Б ╨╕╨╝╨╡╨╜╨╡╨╝ SetupAreaTransformTriggerPopup.cpp ╨▓╤Л╨▓╨╛╨┤╤П╤В ╤А╨╡╨╖╤Г╨╗╤М╤В╨░╤В╤Л ╨▓ ╨╛╨┤╨╜╨╛ ╨╕ ╤В╨╛ ╨╢╨╡ ╤А╨░╤Б╨┐╨╛╨╗╨╛╨╢╨╡╨╜╨╕╨╡. ╨н╤В╨╛ ╨╝╨╛╨╢╨╡╤В ╤Б╤В╨░╤В╤М ╨┐╤А╨╕╤З╨╕╨╜╨╛╨╣ ╨╜╨╡╨▓╨╡╤А╨╜╨╛╨│╨╛ ╤А╨╡╨╖╤Г╨╗╤М╤В╨░╤В╨░ ╤Б╨▒╨╛╤А╨║╨╕.  ╨Т╨║╨╗╤О╤З╨╡╨╜╨╜╤Л╨╡ ╤Д╨░╨╣╨╗╤Л тАФ C:\Users\KusokMedi\Documents\GitHub\BetterShowcase\build\_deps\bindings-src\bindings\2.2081\inline\SetupAreaTransformTriggerPopup.cpp, C:\Users\KusokMedi\Documents\GitHub\BetterShowcase\build\bindings\bindings\Geode\source\SetupAreaTransformTriggerPopup.cpp. [C:\Users\KusokMedi\Documents\GitHub\BetterShowcase\build\bindings\GeodeBindings.vcxproj]
C:\Program Files (x86)\Microsoft Visual Studio\2022\BuildTools\MSBuild\Microsoft\VC\v170\Microsoft.CppBuild.targets(1129,5): warning MSB8027: ╨┤╨▓╨░ ╨╕╨╗╨╕ ╨▒╨╛╨╗╨╡╨╡ ╤Д╨░╨╣╨╗╨╛╨▓ ╤Б ╨╕╨╝╨╡╨╜╨╡╨╝ SetupAreaTriggerPopup.cpp ╨▓╤Л╨▓╨╛╨┤╤П╤В ╤А╨╡╨╖╤Г╨╗╤М╤В╨░╤В╤Л ╨▓ ╨╛╨┤╨╜╨╛ ╨╕ ╤В╨╛ ╨╢╨╡ ╤А╨░╤Б╨┐╨╛╨╗╨╛╨╢╨╡╨╜╨╕╨╡. ╨н╤В╨╛ ╨╝╨╛╨╢╨╡╤В ╤Б╤В╨░╤В╤М ╨┐╤А╨╕╤З╨╕╨╜╨╛╨╣ ╨╜╨╡╨▓╨╡╤А╨╜╨╛╨│╨╛ ╤А╨╡╨╖╤Г╨╗╤М╤В╨░╤В╨░ ╤Б╨▒╨╛╤А╨║╨╕.  ╨Т╨║╨╗╤О╤З╨╡╨╜╨╜╤Л╨╡ ╤Д╨░╨╣╨╗╤Л тАФ C:\Users\KusokMedi\Documents\GitHub\BetterShowcase\build\_deps\bindings-src\bindings\2.2081\inline\SetupAreaTriggerPopup.cpp, C:\Users\KusokMedi\Documents\GitHub\BetterShowcase\build\bindings\bindings\Geode\source\SetupAreaTriggerPopup.cpp. [C:\Users\KusokMedi\Documents\GitHub\BetterShowcase\build\bindings\GeodeBindings.vcxproj]
C:\Program Files (x86)\Microsoft Visual Studio\2022\BuildTools\MSBuild\Microsoft\VC\v170\Microsoft.CppBuild.targets(1129,5): warning MSB8027: ╨┤╨▓╨░ ╨╕╨╗╨╕ ╨▒╨╛╨╗╨╡╨╡ ╤Д╨░╨╣╨╗╨╛╨▓ ╤Б ╨╕╨╝╨╡╨╜╨╡╨╝ SetupArtSwitchPopup.cpp ╨▓╤Л╨▓╨╛╨┤╤П╤В ╤А╨╡╨╖╤Г╨╗╤М╤В╨░╤В╤Л ╨▓ ╨╛╨┤╨╜╨╛ ╨╕ ╤В╨╛ ╨╢╨╡ ╤А╨░╤Б╨┐╨╛╨╗╨╛╨╢╨╡╨╜╨╕╨╡. ╨н╤В╨╛ ╨╝╨╛╨╢╨╡╤В ╤Б╤В╨░╤В╤М ╨┐╤А╨╕╤З╨╕╨╜╨╛╨╣ ╨╜╨╡╨▓╨╡╤А╨╜╨╛╨│╨╛ ╤А╨╡╨╖╤Г╨╗╤М╤В╨░╤В╨░ ╤Б╨▒╨╛╤А╨║╨╕.  ╨Т╨║╨╗╤О╤З╨╡╨╜╨╜╤Л╨╡ ╤Д╨░╨╣╨╗╤Л тАФ C:\Users\KusokMedi\Documents\GitHub\BetterShowcase\build\_deps\bindings-src\bindings\2.2081\inline\SetupArtSwitchPopup.cpp, C:\Users\KusokMedi\Documents\GitHub\BetterShowcase\build\bindings\bindings\Geode\source\SetupArtSwitchPopup.cpp. [C:\Users\KusokMedi\Documents\GitHub\BetterShowcase\build\bindings\GeodeBindings.vcxproj]
C:\Program Files (x86)\Microsoft Visual Studio\2022\BuildTools\MSBuild\Microsoft\VC\v170\Microsoft.CppBuild.targets(1129,5): warning MSB8027: ╨┤╨▓╨░ ╨╕╨╗╨╕ ╨▒╨╛╨╗╨╡╨╡ ╤Д╨░╨╣╨╗╨╛╨▓ ╤Б ╨╕╨╝╨╡╨╜╨╡╨╝ SetupAudioLineGuidePopup.cpp ╨▓╤Л╨▓╨╛╨┤╤П╤В ╤А╨╡╨╖╤Г╨╗╤М╤В╨░╤В╤Л ╨▓ ╨╛╨┤╨╜╨╛ ╨╕ ╤В╨╛ ╨╢╨╡ ╤А╨░╤Б╨┐╨╛╨╗╨╛╨╢╨╡╨╜╨╕╨╡. ╨н╤В╨╛ ╨╝╨╛╨╢╨╡╤В ╤Б╤В╨░╤В╤М ╨┐╤А╨╕╤З╨╕╨╜╨╛╨╣ ╨╜╨╡╨▓╨╡╤А╨╜╨╛╨│╨╛ ╤А╨╡╨╖╤Г╨╗╤М╤В╨░╤В╨░ ╤Б╨▒╨╛╤А╨║╨╕.  ╨Т╨║╨╗╤О╤З╨╡╨╜╨╜╤Л╨╡ ╤Д╨░╨╣╨╗╤Л тАФ C:\Users\KusokMedi\Documents\GitHub\BetterShowcase\build\_deps\bindings-src\bindings\2.2081\inline\SetupAudioLineGuidePopup.cpp, C:\Users\KusokMedi\Documents\GitHub\BetterShowcase\build\bindings\bindings\Geode\source\SetupAudioLineGuidePopup.cpp. [C:\Users\KusokMedi\Documents\GitHub\BetterShowcase\build\bindings\GeodeBindings.vcxproj]
C:\Program Files (x86)\Microsoft Visual Studio\2022\BuildTools\MSBuild\Microsoft\VC\v170\Microsoft.CppBuild.targets(1129,5): warning MSB8027: ╨┤╨▓╨░ ╨╕╨╗╨╕ ╨▒╨╛╨╗╨╡╨╡ ╤Д╨░╨╣╨╗╨╛╨▓ ╤Б ╨╕╨╝╨╡╨╜╨╡╨╝ SetupAudioTriggerPopup.cpp ╨▓╤Л╨▓╨╛╨┤╤П╤В ╤А╨╡╨╖╤Г╨╗╤М╤В╨░╤В╤Л ╨▓ ╨╛╨┤╨╜╨╛ ╨╕ ╤В╨╛ ╨╢╨╡ ╤А╨░╤Б╨┐╨╛╨╗╨╛╨╢╨╡╨╜╨╕╨╡. ╨н╤В╨╛ ╨╝╨╛╨╢╨╡╤В ╤Б╤В╨░╤В╤М ╨┐╤А╨╕╤З╨╕╨╜╨╛╨╣ ╨╜╨╡╨▓╨╡╤А╨╜╨╛╨│╨╛ ╤А╨╡╨╖╤Г╨╗╤М╤В╨░╤В╨░ ╤Б╨▒╨╛╤А╨║╨╕.  ╨Т╨║╨╗╤О╤З╨╡╨╜╨╜╤Л╨╡ ╤Д╨░╨╣╨╗╤Л тАФ C:\Users\KusokMedi\Documents\GitHub\BetterShowcase\build\_deps\bindings-src\bindings\2.2081\inline\SetupAudioTriggerPopup.cpp, C:\Users\KusokMedi\Documents\GitHub\BetterShowcase\build\bindings\bindings\Geode\source\SetupAudioTriggerPopup.cpp. [C:\Users\KusokMedi\Documents\GitHub\BetterShowcase\build\bindings\GeodeBindings.vcxproj]
C:\Program Files (x86)\Microsoft Visual Studio\2022\BuildTools\MSBuild\Microsoft\VC\v170\Microsoft.CppBuild.targets(1129,5): warning MSB8027: ╨┤╨▓╨░ ╨╕╨╗╨╕ ╨▒╨╛╨╗╨╡╨╡ ╤Д╨░╨╣╨╗╨╛╨▓ ╤Б ╨╕╨╝╨╡╨╜╨╡╨╝ SetupBGSpeedTrigger.cpp ╨▓╤Л╨▓╨╛╨┤╤П╤В ╤А╨╡╨╖╤Г╨╗╤М╤В╨░╤В╤Л ╨▓ ╨╛╨┤╨╜╨╛ ╨╕ ╤В╨╛ ╨╢╨╡ ╤А╨░╤Б╨┐╨╛╨╗╨╛╨╢╨╡╨╜╨╕╨╡. ╨н╤В╨╛ ╨╝╨╛╨╢╨╡╤В ╤Б╤В╨░╤В╤М ╨┐╤А╨╕╤З╨╕╨╜╨╛╨╣ ╨╜╨╡╨▓╨╡╤А╨╜╨╛╨│╨╛ ╤А╨╡╨╖╤Г╨╗╤М╤В╨░╤В╨░ ╤Б╨▒╨╛╤А╨║╨╕.  ╨Т╨║╨╗╤О╤З╨╡╨╜╨╜╤Л╨╡ ╤Д╨░╨╣╨╗╤Л тАФ C:\Users\KusokMedi\Documents\GitHub\BetterShowcase\build\_deps\bindings-src\bindings\2.2081\inline\SetupBGSpeedTrigger.cpp, C:\Users\KusokMedi\Documents\GitHub\BetterShowcase\build\bindings\bindings\Geode\source\SetupBGSpeedTrigger.cpp. [C:\Users\KusokMedi\Documents\GitHub\BetterShowcase\build\bindings\GeodeBindings.vcxproj]
C:\Program Files (x86)\Microsoft Visual Studio\2022\BuildTools\MSBuild\Microsoft\VC\v170\Microsoft.CppBuild.targets(1129,5): warning MSB8027: ╨┤╨▓╨░ ╨╕╨╗╨╕ ╨▒╨╛╨╗╨╡╨╡ ╤Д╨░╨╣╨╗╨╛╨▓ ╤Б ╨╕╨╝╨╡╨╜╨╡╨╝ SetupCameraEdgePopup.cpp ╨▓╤Л╨▓╨╛╨┤╤П╤В ╤А╨╡╨╖╤Г╨╗╤М╤В╨░╤В╤Л ╨▓ ╨╛╨┤╨╜╨╛ ╨╕ ╤В╨╛ ╨╢╨╡ ╤А╨░╤Б╨┐╨╛╨╗╨╛╨╢╨╡╨╜╨╕╨╡. ╨н╤В╨╛ ╨╝╨╛╨╢╨╡╤В ╤Б╤В╨░╤В╤М ╨┐╤А╨╕╤З╨╕╨╜╨╛╨╣ ╨╜╨╡╨▓╨╡╤А╨╜╨╛╨│╨╛ ╤А╨╡╨╖╤Г╨╗╤М╤В╨░╤В╨░ ╤Б╨▒╨╛╤А╨║╨╕.  ╨Т╨║╨╗╤О╤З╨╡╨╜╨╜╤Л╨╡ ╤Д╨░╨╣╨╗╤Л тАФ C:\Users\KusokMedi\Documents\GitHub\BetterShowcase\build\_deps\bindings-src\bindings\2.2081\inline\SetupCameraEdgePopup.cpp, C:\Users\KusokMedi\Documents\GitHub\BetterShowcase\build\bindings\bindings\Geode\source\SetupCameraEdgePopup.cpp. [C:\Users\KusokMedi\Documents\GitHub\BetterShowcase\build\bindings\GeodeBindings.vcxproj]
C:\Program Files (x86)\Microsoft Visual Studio\2022\BuildTools\MSBuild\Microsoft\VC\v170\Microsoft.CppBuild.targets(1129,5): warning MSB8027: ╨┤╨▓╨░ ╨╕╨╗╨╕ ╨▒╨╛╨╗╨╡╨╡ ╤Д╨░╨╣╨╗╨╛╨▓ ╤Б ╨╕╨╝╨╡╨╜╨╡╨╝ SetupCameraGuidePopup.cpp ╨▓╤Л╨▓╨╛╨┤╤П╤В ╤А╨╡╨╖╤Г╨╗╤М╤В╨░╤В╤Л ╨▓ ╨╛╨┤╨╜╨╛ ╨╕ ╤В╨╛ ╨╢╨╡ ╤А╨░╤Б╨┐╨╛╨╗╨╛╨╢╨╡╨╜╨╕╨╡. ╨н╤В╨╛ ╨╝╨╛╨╢╨╡╤В ╤Б╤В╨░╤В╤М ╨┐╤А╨╕╤З╨╕╨╜╨╛╨╣ ╨╜╨╡╨▓╨╡╤А╨╜╨╛╨│╨╛ ╤А╨╡╨╖╤Г╨╗╤М╤В╨░╤В╨░ ╤Б╨▒╨╛╤А╨║╨╕.  ╨Т╨║╨╗╤О╤З╨╡╨╜╨╜╤Л╨╡ ╤Д╨░╨╣╨╗╤Л тАФ C:\Users\KusokMedi\Documents\GitHub\BetterShowcase\build\_deps\bindings-src\bindings\2.2081\inline\SetupCameraGuidePopup.cpp, C:\Users\KusokMedi\Documents\GitHub\BetterShowcase\build\bindings\bindings\Geode\source\SetupCameraGuidePopup.cpp. [C:\Users\KusokMedi\Documents\GitHub\BetterShowcase\build\bindings\GeodeBindings.vcxproj]
C:\Program Files (x86)\Microsoft Visual Studio\2022\BuildTools\MSBuild\Microsoft\VC\v170\Microsoft.CppBuild.targets(1129,5): warning MSB8027: ╨┤╨▓╨░ ╨╕╨╗╨╕ ╨▒╨╛╨╗╨╡╨╡ ╤Д╨░╨╣╨╗╨╛╨▓ ╤Б ╨╕╨╝╨╡╨╜╨╡╨╝ SetupCameraModePopup.cpp ╨▓╤Л╨▓╨╛╨┤╤П╤В ╤А╨╡╨╖╤Г╨╗╤М╤В╨░╤В╤Л ╨▓ ╨╛╨┤╨╜╨╛ ╨╕ ╤В╨╛ ╨╢╨╡ ╤А╨░╤Б╨┐╨╛╨╗╨╛╨╢╨╡╨╜╨╕╨╡. ╨н╤В╨╛ ╨╝╨╛╨╢╨╡╤В ╤Б╤В╨░╤В╤М ╨┐╤А╨╕╤З╨╕╨╜╨╛╨╣ ╨╜╨╡╨▓╨╡╤А╨╜╨╛╨│╨╛ ╤А╨╡╨╖╤Г╨╗╤М╤В╨░╤В╨░ ╤Б╨▒╨╛╤А╨║╨╕.  ╨Т╨║╨╗╤О╤З╨╡╨╜╨╜╤Л╨╡ ╤Д╨░╨╣╨╗╤Л тАФ C:\Users\KusokMedi\Documents\GitHub\BetterShowcase\build\_deps\bindings-src\bindings\2.2081\inline\SetupCameraModePopup.cpp, C:\Users\KusokMedi\Documents\GitHub\BetterShowcase\build\bindings\bindings\Geode\source\SetupCameraModePopup.cpp. [C:\Users\KusokMedi\Documents\GitHub\BetterShowcase\build\bindings\GeodeBindings.vcxproj]
C:\Program Files (x86)\Microsoft Visual Studio\2022\BuildTools\MSBuild\Microsoft\VC\v170\Microsoft.CppBuild.targets(1129,5): warning MSB8027: ╨┤╨▓╨░ ╨╕╨╗╨╕ ╨▒╨╛╨╗╨╡╨╡ ╤Д╨░╨╣╨╗╨╛╨▓ ╤Б ╨╕╨╝╨╡╨╜╨╡╨╝ SetupCameraOffsetTrigger.cpp ╨▓╤Л╨▓╨╛╨┤╤П╤В ╤А╨╡╨╖╤Г╨╗╤М╤В╨░╤В╤Л ╨▓ ╨╛╨┤╨╜╨╛ ╨╕ ╤В╨╛ ╨╢╨╡ ╤А╨░╤Б╨┐╨╛╨╗╨╛╨╢╨╡╨╜╨╕╨╡. ╨н╤В╨╛ ╨╝╨╛╨╢╨╡╤В ╤Б╤В╨░╤В╤М ╨┐╤А╨╕╤З╨╕╨╜╨╛╨╣ ╨╜╨╡╨▓╨╡╤А╨╜╨╛╨│╨╛ ╤А╨╡╨╖╤Г╨╗╤М╤В╨░╤В╨░ ╤Б╨▒╨╛╤А╨║╨╕.  ╨Т╨║╨╗╤О╤З╨╡╨╜╨╜╤Л╨╡ ╤Д╨░╨╣╨╗╤Л тАФ C:\Users\KusokMedi\Documents\GitHub\BetterShowcase\build\_deps\bindings-src\bindings\2.2081\inline\SetupCameraOffsetTrigger.cpp, C:\Users\KusokMedi\Documents\GitHub\BetterShowcase\build\bindings\bindings\Geode\source\SetupCameraOffsetTrigger.cpp. [C:\Users\KusokMedi\Documents\GitHub\BetterShowcase\build\bindings\GeodeBindings.vcxproj]
C:\Program Files (x86)\Microsoft Visual Studio\2022\BuildTools\MSBuild\Microsoft\VC\v170\Microsoft.CppBuild.targets(1129,5): warning MSB8027: ╨┤╨▓╨░ ╨╕╨╗╨╕ ╨▒╨╛╨╗╨╡╨╡ ╤Д╨░╨╣╨╗╨╛╨▓ ╤Б ╨╕╨╝╨╡╨╜╨╡╨╝ SetupCameraRotatePopup.cpp ╨▓╤Л╨▓╨╛╨┤╤П╤В ╤А╨╡╨╖╤Г╨╗╤М╤В╨░╤В╤Л ╨▓ ╨╛╨┤╨╜╨╛ ╨╕ ╤В╨╛ ╨╢╨╡ ╤А╨░╤Б╨┐╨╛╨╗╨╛╨╢╨╡╨╜╨╕╨╡. ╨н╤В╨╛ ╨╝╨╛╨╢╨╡╤В ╤Б╤В╨░╤В╤М ╨┐╤А╨╕╤З╨╕╨╜╨╛╨╣ ╨╜╨╡╨▓╨╡╤А╨╜╨╛╨│╨╛ ╤А╨╡╨╖╤Г╨╗╤М╤В╨░╤В╨░ ╤Б╨▒╨╛╤А╨║╨╕.  ╨Т╨║╨╗╤О╤З╨╡╨╜╨╜╤Л╨╡ ╤Д╨░╨╣╨╗╤Л тАФ C:\Users\KusokMedi\Documents\GitHub\BetterShowcase\build\_deps\bindings-src\bindings\2.2081\inline\SetupCameraRotatePopup.cpp, C:\Users\KusokMedi\Documents\GitHub\BetterShowcase\build\bindings\bindings\Geode\source\SetupCameraRotatePopup.cpp. [C:\Users\KusokMedi\Documents\GitHub\BetterShowcase\build\bindings\GeodeBindings.vcxproj]
C:\Program Files (x86)\Microsoft Visual Studio\2022\BuildTools\MSBuild\Microsoft\VC\v170\Microsoft.CppBuild.targets(1129,5): warning MSB8027: ╨┤╨▓╨░ ╨╕╨╗╨╕ ╨▒╨╛╨╗╨╡╨╡ ╤Д╨░╨╣╨╗╨╛╨▓ ╤Б ╨╕╨╝╨╡╨╜╨╡╨╝ SetupCameraRotatePopup2.cpp ╨▓╤Л╨▓╨╛╨┤╤П╤В ╤А╨╡╨╖╤Г╨╗╤М╤В╨░╤В╤Л ╨▓ ╨╛╨┤╨╜╨╛ ╨╕ ╤В╨╛ ╨╢╨╡ ╤А╨░╤Б╨┐╨╛╨╗╨╛╨╢╨╡╨╜╨╕╨╡. ╨н╤В╨╛ ╨╝╨╛╨╢╨╡╤В ╤Б╤В╨░╤В╤М ╨┐╤А╨╕╤З╨╕╨╜╨╛╨╣ ╨╜╨╡╨▓╨╡╤А╨╜╨╛╨│╨╛ ╤А╨╡╨╖╤Г╨╗╤М╤В╨░╤В╨░ ╤Б╨▒╨╛╤А╨║╨╕.  ╨Т╨║╨╗╤О╤З╨╡╨╜╨╜╤Л╨╡ ╤Д╨░╨╣╨╗╤Л тАФ C:\Users\KusokMedi\Documents\GitHub\BetterShowcase\build\_deps\bindings-src\bindings\2.2081\inline\SetupCameraRotatePopup2.cpp, C:\Users\KusokMedi\Documents\GitHub\BetterShowcase\build\bindings\bindings\Geode\source\SetupCameraRotatePopup2.cpp. [C:\Users\KusokMedi\Documents\GitHub\BetterShowcase\build\bindings\GeodeBindings.vcxproj]
C:\Program Files (x86)\Microsoft Visual Studio\2022\BuildTools\MSBuild\Microsoft\VC\v170\Microsoft.CppBuild.targets(1129,5): warning MSB8027: ╨┤╨▓╨░ ╨╕╨╗╨╕ ╨▒╨╛╨╗╨╡╨╡ ╤Д╨░╨╣╨╗╨╛╨▓ ╤Б ╨╕╨╝╨╡╨╜╨╡╨╝ SetupCheckpointPopup.cpp ╨▓╤Л╨▓╨╛╨┤╤П╤В ╤А╨╡╨╖╤Г╨╗╤М╤В╨░╤В╤Л ╨▓ ╨╛╨┤╨╜╨╛ ╨╕ ╤В╨╛ ╨╢╨╡ ╤А╨░╤Б╨┐╨╛╨╗╨╛╨╢╨╡╨╜╨╕╨╡. ╨н╤В╨╛ ╨╝╨╛╨╢╨╡╤В ╤Б╤В╨░╤В╤М ╨┐╤А╨╕╤З╨╕╨╜╨╛╨╣ ╨╜╨╡╨▓╨╡╤А╨╜╨╛╨│╨╛ ╤А╨╡╨╖╤Г╨╗╤М╤В╨░╤В╨░ ╤Б╨▒╨╛╤А╨║╨╕.  ╨Т╨║╨╗╤О╤З╨╡╨╜╨╜╤Л╨╡ ╤Д╨░╨╣╨╗╤Л тАФ C:\Users\KusokMedi\Documents\GitHub\BetterShowcase\build\_deps\bindings-src\bindings\2.2081\inline\SetupCheckpointPopup.cpp, C:\Users\KusokMedi\Documents\GitHub\BetterShowcase\build\bindings\bindings\Geode\source\SetupCheckpointPopup.cpp. [C:\Users\KusokMedi\Documents\GitHub\BetterShowcase\build\bindings\GeodeBindings.vcxproj]
C:\Program Files (x86)\Microsoft Visual Studio\2022\BuildTools\MSBuild\Microsoft\VC\v170\Microsoft.CppBuild.targets(1129,5): warning MSB8027: ╨┤╨▓╨░ ╨╕╨╗╨╕ ╨▒╨╛╨╗╨╡╨╡ ╤Д╨░╨╣╨╗╨╛╨▓ ╤Б ╨╕╨╝╨╡╨╜╨╡╨╝ SetupCoinLayer.cpp ╨▓╤Л╨▓╨╛╨┤╤П╤В ╤А╨╡╨╖╤Г╨╗╤М╤В╨░╤В╤Л ╨▓ ╨╛╨┤╨╜╨╛ ╨╕ ╤В╨╛ ╨╢╨╡ ╤А╨░╤Б╨┐╨╛╨╗╨╛╨╢╨╡╨╜╨╕╨╡. ╨н╤В╨╛ ╨╝╨╛╨╢╨╡╤В ╤Б╤В╨░╤В╤М ╨┐╤А╨╕╤З╨╕╨╜╨╛╨╣ ╨╜╨╡╨▓╨╡╤А╨╜╨╛╨│╨╛ ╤А╨╡╨╖╤Г╨╗╤М╤В╨░╤В╨░ ╤Б╨▒╨╛╤А╨║╨╕.  ╨Т╨║╨╗╤О╤З╨╡╨╜╨╜╤Л╨╡ ╤Д╨░╨╣╨╗╤Л тАФ C:\Users\KusokMedi\Documents\GitHub\BetterShowcase\build\_deps\bindings-src\bindings\2.2081\inline\SetupCoinLayer.cpp, C:\Users\KusokMedi\Documents\GitHub\BetterShowcase\build\bindings\bindings\Geode\source\SetupCoinLayer.cpp. [C:\Users\KusokMedi\Documents\GitHub\BetterShowcase\build\bindings\GeodeBindings.vcxproj]
C:\Program Files (x86)\Microsoft Visual Studio\2022\BuildTools\MSBuild\Microsoft\VC\v170\Microsoft.CppBuild.targets(1129,5): warning MSB8027: ╨┤╨▓╨░ ╨╕╨╗╨╕ ╨▒╨╛╨╗╨╡╨╡ ╤Д╨░╨╣╨╗╨╛╨▓ ╤Б ╨╕╨╝╨╡╨╜╨╡╨╝ SetupCollisionStateTriggerPopup.cpp ╨▓╤Л╨▓╨╛╨┤╤П╤В ╤А╨╡╨╖╤Г╨╗╤М╤В╨░╤В╤Л ╨▓ ╨╛╨┤╨╜╨╛ ╨╕ ╤В╨╛ ╨╢╨╡ ╤А╨░╤Б╨┐╨╛╨╗╨╛╨╢╨╡╨╜╨╕╨╡. ╨н╤В╨╛ ╨╝╨╛╨╢╨╡╤В ╤Б╤В╨░╤В╤М ╨┐╤А╨╕╤З╨╕╨╜╨╛╨╣ ╨╜╨╡╨▓╨╡╤А╨╜╨╛╨│╨╛ ╤А╨╡╨╖╤Г╨╗╤М╤В╨░╤В╨░ ╤Б╨▒╨╛╤А╨║╨╕.  ╨Т╨║╨╗╤О╤З╨╡╨╜╨╜╤Л╨╡ ╤Д╨░╨╣╨╗╤Л тАФ C:\Users\KusokMedi\Documents\GitHub\BetterShowcase\build\_deps\bindings-src\bindings\2.2081\inline\SetupCollisionStateTriggerPopup.cpp, C:\Users\KusokMedi\Documents\GitHub\BetterShowcase\build\bindings\bindings\Geode\source\SetupCollisionStateTriggerPopup.cpp. [C:\Users\KusokMedi\Documents\GitHub\BetterShowcase\build\bindings\GeodeBindings.vcxproj]
C:\Program Files (x86)\Microsoft Visual Studio\2022\BuildTools\MSBuild\Microsoft\VC\v170\Microsoft.CppBuild.targets(1129,5): warning MSB8027: ╨┤╨▓╨░ ╨╕╨╗╨╕ ╨▒╨╛╨╗╨╡╨╡ ╤Д╨░╨╣╨╗╨╛╨▓ ╤Б ╨╕╨╝╨╡╨╜╨╡╨╝ SetupCollisionTriggerPopup.cpp ╨▓╤Л╨▓╨╛╨┤╤П╤В ╤А╨╡╨╖╤Г╨╗╤М╤В╨░╤В╤Л ╨▓ ╨╛╨┤╨╜╨╛ ╨╕ ╤В╨╛ ╨╢╨╡ ╤А╨░╤Б╨┐╨╛╨╗╨╛╨╢╨╡╨╜╨╕╨╡. ╨н╤В╨╛ ╨╝╨╛╨╢╨╡╤В ╤Б╤В╨░╤В╤М ╨┐╤А╨╕╤З╨╕╨╜╨╛╨╣ ╨╜╨╡╨▓╨╡╤А╨╜╨╛╨│╨╛ ╤А╨╡╨╖╤Г╨╗╤М╤В╨░╤В╨░ ╤Б╨▒╨╛╤А╨║╨╕.  ╨Т╨║╨╗╤О╤З╨╡╨╜╨╜╤Л╨╡ ╤Д╨░╨╣╨╗╤Л тАФ C:\Users\KusokMedi\Documents\GitHub\BetterShowcase\build\_deps\bindings-src\bindings\2.2081\inline\SetupCollisionTriggerPopup.cpp, C:\Users\KusokMedi\Documents\GitHub\BetterShowcase\build\bindings\bindings\Geode\source\SetupCollisionTriggerPopup.cpp. [C:\Users\KusokMedi\Documents\GitHub\BetterShowcase\build\bindings\GeodeBindings.vcxproj]
C:\Program Files (x86)\Microsoft Visual Studio\2022\BuildTools\MSBuild\Microsoft\VC\v170\Microsoft.CppBuild.targets(1129,5): warning MSB8027: ╨┤╨▓╨░ ╨╕╨╗╨╕ ╨▒╨╛╨╗╨╡╨╡ ╤Д╨░╨╣╨╗╨╛╨▓ ╤Б ╨╕╨╝╨╡╨╜╨╡╨╝ SetupCountTriggerPopup.cpp ╨▓╤Л╨▓╨╛╨┤╤П╤В ╤А╨╡╨╖╤Г╨╗╤М╤В╨░╤В╤Л ╨▓ ╨╛╨┤╨╜╨╛ ╨╕ ╤В╨╛ ╨╢╨╡ ╤А╨░╤Б╨┐╨╛╨╗╨╛╨╢╨╡╨╜╨╕╨╡. ╨н╤В╨╛ ╨╝╨╛╨╢╨╡╤В ╤Б╤В╨░╤В╤М ╨┐╤А╨╕╤З╨╕╨╜╨╛╨╣ ╨╜╨╡╨▓╨╡╤А╨╜╨╛╨│╨╛ ╤А╨╡╨╖╤Г╨╗╤М╤В╨░╤В╨░ ╤Б╨▒╨╛╤А╨║╨╕.  ╨Т╨║╨╗╤О╤З╨╡╨╜╨╜╤Л╨╡ ╤Д╨░╨╣╨╗╤Л тАФ C:\Users\KusokMedi\Documents\GitHub\BetterShowcase\build\_deps\bindings-src\bindings\2.2081\inline\SetupCountTriggerPopup.cpp, C:\Users\KusokMedi\Documents\GitHub\BetterShowcase\build\bindings\bindings\Geode\source\SetupCountTriggerPopup.cpp. [C:\Users\KusokMedi\Documents\GitHub\BetterShowcase\build\bindings\GeodeBindings.vcxproj]
C:\Program Files (x86)\Microsoft Visual Studio\2022\BuildTools\MSBuild\Microsoft\VC\v170\Microsoft.CppBuild.targets(1129,5): warning MSB8027: ╨┤╨▓╨░ ╨╕╨╗╨╕ ╨▒╨╛╨╗╨╡╨╡ ╤Д╨░╨╣╨╗╨╛╨▓ ╤Б ╨╕╨╝╨╡╨╜╨╡╨╝ SetupDashRingPopup.cpp ╨▓╤Л╨▓╨╛╨┤╤П╤В ╤А╨╡╨╖╤Г╨╗╤М╤В╨░╤В╤Л ╨▓ ╨╛╨┤╨╜╨╛ ╨╕ ╤В╨╛ ╨╢╨╡ ╤А╨░╤Б╨┐╨╛╨╗╨╛╨╢╨╡╨╜╨╕╨╡. ╨н╤В╨╛ ╨╝╨╛╨╢╨╡╤В ╤Б╤В╨░╤В╤М ╨┐╤А╨╕╤З╨╕╨╜╨╛╨╣ ╨╜╨╡╨▓╨╡╤А╨╜╨╛╨│╨╛ ╤А╨╡╨╖╤Г╨╗╤М╤В╨░╤В╨░ ╤Б╨▒╨╛╤А╨║╨╕.  ╨Т╨║╨╗╤О╤З╨╡╨╜╨╜╤Л╨╡ ╤Д╨░╨╣╨╗╤Л тАФ C:\Users\KusokMedi\Documents\GitHub\BetterShowcase\build\_deps\bindings-src\bindings\2.2081\inline\SetupDashRingPopup.cpp, C:\Users\KusokMedi\Documents\GitHub\BetterShowcase\build\bindings\bindings\Geode\source\SetupDashRingPopup.cpp. [C:\Users\KusokMedi\Documents\GitHub\BetterShowcase\build\bindings\GeodeBindings.vcxproj]
C:\Program Files (x86)\Microsoft Visual Studio\2022\BuildTools\MSBuild\Microsoft\VC\v170\Microsoft.CppBuild.targets(1129,5): warning MSB8027: ╨┤╨▓╨░ ╨╕╨╗╨╕ ╨▒╨╛╨╗╨╡╨╡ ╤Д╨░╨╣╨╗╨╛╨▓ ╤Б ╨╕╨╝╨╡╨╜╨╡╨╝ SetupEndPopup.cpp ╨▓╤Л╨▓╨╛╨┤╤П╤В ╤А╨╡╨╖╤Г╨╗╤М╤В╨░╤В╤Л ╨▓ ╨╛╨┤╨╜╨╛ ╨╕ ╤В╨╛ ╨╢╨╡ ╤А╨░╤Б╨┐╨╛╨╗╨╛╨╢╨╡╨╜╨╕╨╡. ╨н╤В╨╛ ╨╝╨╛╨╢╨╡╤В ╤Б╤В╨░╤В╤М ╨┐╤А╨╕╤З╨╕╨╜╨╛╨╣ ╨╜╨╡╨▓╨╡╤А╨╜╨╛╨│╨╛ ╤А╨╡╨╖╤Г╨╗╤М╤В╨░╤В╨░ ╤Б╨▒╨╛╤А╨║╨╕.  ╨Т╨║╨╗╤О╤З╨╡╨╜╨╜╤Л╨╡ ╤Д╨░╨╣╨╗╤Л тАФ C:\Users\KusokMedi\Documents\GitHub\BetterShowcase\build\_deps\bindings-src\bindings\2.2081\inline\SetupEndPopup.cpp, C:\Users\KusokMedi\Documents\GitHub\BetterShowcase\build\bindings\bindings\Geode\source\SetupEndPopup.cpp. [C:\Users\KusokMedi\Documents\GitHub\BetterShowcase\build\bindings\GeodeBindings.vcxproj]
C:\Program Files (x86)\Microsoft Visual Studio\2022\BuildTools\MSBuild\Microsoft\VC\v170\Microsoft.CppBuild.targets(1129,5): warning MSB8027: ╨┤╨▓╨░ ╨╕╨╗╨╕ ╨▒╨╛╨╗╨╡╨╡ ╤Д╨░╨╣╨╗╨╛╨▓ ╤Б ╨╕╨╝╨╡╨╜╨╡╨╝ SetupEnterEffectPopup.cpp ╨▓╤Л╨▓╨╛╨┤╤П╤В ╤А╨╡╨╖╤Г╨╗╤М╤В╨░╤В╤Л ╨▓ ╨╛╨┤╨╜╨╛ ╨╕ ╤В╨╛ ╨╢╨╡ ╤А╨░╤Б╨┐╨╛╨╗╨╛╨╢╨╡╨╜╨╕╨╡. ╨н╤В╨╛ ╨╝╨╛╨╢╨╡╤В ╤Б╤В╨░╤В╤М ╨┐╤А╨╕╤З╨╕╨╜╨╛╨╣ ╨╜╨╡╨▓╨╡╤А╨╜╨╛╨│╨╛ ╤А╨╡╨╖╤Г╨╗╤М╤В╨░╤В╨░ ╤Б╨▒╨╛╤А╨║╨╕.  ╨Т╨║╨╗╤О╤З╨╡╨╜╨╜╤Л╨╡ ╤Д╨░╨╣╨╗╤Л тАФ C:\Users\KusokMedi\Documents\GitHub\BetterShowcase\build\_deps\bindings-src\bindings\2.2081\inline\SetupEnterEffectPopup.cpp, C:\Users\KusokMedi\Documents\GitHub\BetterShowcase\build\bindings\bindings\Geode\source\SetupEnterEffectPopup.cpp. [C:\Users\KusokMedi\Documents\GitHub\BetterShowcase\build\bindings\GeodeBindings.vcxproj]
C:\Program Files (x86)\Microsoft Visual Studio\2022\BuildTools\MSBuild\Microsoft\VC\v170\Microsoft.CppBuild.targets(1129,5): warning MSB8027: ╨┤╨▓╨░ ╨╕╨╗╨╕ ╨▒╨╛╨╗╨╡╨╡ ╤Д╨░╨╣╨╗╨╛╨▓ ╤Б ╨╕╨╝╨╡╨╜╨╡╨╝ SetupEnterTriggerPopup.cpp ╨▓╤Л╨▓╨╛╨┤╤П╤В ╤А╨╡╨╖╤Г╨╗╤М╤В╨░╤В╤Л ╨▓ ╨╛╨┤╨╜╨╛ ╨╕ ╤В╨╛ ╨╢╨╡ ╤А╨░╤Б╨┐╨╛╨╗╨╛╨╢╨╡╨╜╨╕╨╡. ╨н╤В╨╛ ╨╝╨╛╨╢╨╡╤В ╤Б╤В╨░╤В╤М ╨┐╤А╨╕╤З╨╕╨╜╨╛╨╣ ╨╜╨╡╨▓╨╡╤А╨╜╨╛╨│╨╛ ╤А╨╡╨╖╤Г╨╗╤М╤В╨░╤В╨░ ╤Б╨▒╨╛╤А╨║╨╕.  ╨Т╨║╨╗╤О╤З╨╡╨╜╨╜╤Л╨╡ ╤Д╨░╨╣╨╗╤Л тАФ C:\Users\KusokMedi\Documents\GitHub\BetterShowcase\build\_deps\bindings-src\bindings\2.2081\inline\SetupEnterTriggerPopup.cpp, C:\Users\KusokMedi\Documents\GitHub\BetterShowcase\build\bindings\bindings\Geode\source\SetupEnterTriggerPopup.cpp. [C:\Users\KusokMedi\Documents\GitHub\BetterShowcase\build\bindings\GeodeBindings.vcxproj]
C:\Program Files (x86)\Microsoft Visual Studio\2022\BuildTools\MSBuild\Microsoft\VC\v170\Microsoft.CppBuild.targets(1129,5): warning MSB8027: ╨┤╨▓╨░ ╨╕╨╗╨╕ ╨▒╨╛╨╗╨╡╨╡ ╤Д╨░╨╣╨╗╨╛╨▓ ╤Б ╨╕╨╝╨╡╨╜╨╡╨╝ SetupEventLinkPopup.cpp ╨▓╤Л╨▓╨╛╨┤╤П╤В ╤А╨╡╨╖╤Г╨╗╤М╤В╨░╤В╤Л ╨▓ ╨╛╨┤╨╜╨╛ ╨╕ ╤В╨╛ ╨╢╨╡ ╤А╨░╤Б╨┐╨╛╨╗╨╛╨╢╨╡╨╜╨╕╨╡. ╨н╤В╨╛ ╨╝╨╛╨╢╨╡╤В ╤Б╤В╨░╤В╤М ╨┐╤А╨╕╤З╨╕╨╜╨╛╨╣ ╨╜╨╡╨▓╨╡╤А╨╜╨╛╨│╨╛ ╤А╨╡╨╖╤Г╨╗╤М╤В╨░╤В╨░ ╤Б╨▒╨╛╤А╨║╨╕.  ╨Т╨║╨╗╤О╤З╨╡╨╜╨╜╤Л╨╡ ╤Д╨░╨╣╨╗╤Л тАФ C:\Users\KusokMedi\Documents\GitHub\BetterShowcase\build\_deps\bindings-src\bindings\2.2081\inline\SetupEventLinkPopup.cpp, C:\Users\KusokMedi\Documents\GitHub\BetterShowcase\build\bindings\bindings\Geode\source\SetupEventLinkPopup.cpp. [C:\Users\KusokMedi\Documents\GitHub\BetterShowcase\build\bindings\GeodeBindings.vcxproj]
C:\Program Files (x86)\Microsoft Visual Studio\2022\BuildTools\MSBuild\Microsoft\VC\v170\Microsoft.CppBuild.targets(1129,5): warning MSB8027: ╨┤╨▓╨░ ╨╕╨╗╨╕ ╨▒╨╛╨╗╨╡╨╡ ╤Д╨░╨╣╨╗╨╛╨▓ ╤Б ╨╕╨╝╨╡╨╜╨╡╨╝ SetupForceBlockPopup.cpp ╨▓╤Л╨▓╨╛╨┤╤П╤В ╤А╨╡╨╖╤Г╨╗╤М╤В╨░╤В╤Л ╨▓ ╨╛╨┤╨╜╨╛ ╨╕ ╤В╨╛ ╨╢╨╡ ╤А╨░╤Б╨┐╨╛╨╗╨╛╨╢╨╡╨╜╨╕╨╡. ╨н╤В╨╛ ╨╝╨╛╨╢╨╡╤В ╤Б╤В╨░╤В╤М ╨┐╤А╨╕╤З╨╕╨╜╨╛╨╣ ╨╜╨╡╨▓╨╡╤А╨╜╨╛╨│╨╛ ╤А╨╡╨╖╤Г╨╗╤М╤В╨░╤В╨░ ╤Б╨▒╨╛╤А╨║╨╕.  ╨Т╨║╨╗╤О╤З╨╡╨╜╨╜╤Л╨╡ ╤Д╨░╨╣╨╗╤Л тАФ C:\Users\KusokMedi\Documents\GitHub\BetterShowcase\build\_deps\bindings-src\bindings\2.2081\inline\SetupForceBlockPopup.cpp, C:\Users\KusokMedi\Documents\GitHub\BetterShowcase\build\bindings\bindings\Geode\source\SetupForceBlockPopup.cpp. [C:\Users\KusokMedi\Documents\GitHub\BetterShowcase\build\bindings\GeodeBindings.vcxproj]
C:\Program Files (x86)\Microsoft Visual Studio\2022\BuildTools\MSBuild\Microsoft\VC\v170\Microsoft.CppBuild.targets(1129,5): warning MSB8027: ╨┤╨▓╨░ ╨╕╨╗╨╕ ╨▒╨╛╨╗╨╡╨╡ ╤Д╨░╨╣╨╗╨╛╨▓ ╤Б ╨╕╨╝╨╡╨╜╨╡╨╝ SetupGameplayOffsetPopup.cpp ╨▓╤Л╨▓╨╛╨┤╤П╤В ╤А╨╡╨╖╤Г╨╗╤М╤В╨░╤В╤Л ╨▓ ╨╛╨┤╨╜╨╛ ╨╕ ╤В╨╛ ╨╢╨╡ ╤А╨░╤Б╨┐╨╛╨╗╨╛╨╢╨╡╨╜╨╕╨╡. ╨н╤В╨╛ ╨╝╨╛╨╢╨╡╤В ╤Б╤В╨░╤В╤М ╨┐╤А╨╕╤З╨╕╨╜╨╛╨╣ ╨╜╨╡╨▓╨╡╤А╨╜╨╛╨│╨╛ ╤А╨╡╨╖╤Г╨╗╤М╤В╨░╤В╨░ ╤Б╨▒╨╛╤А╨║╨╕.  ╨Т╨║╨╗╤О╤З╨╡╨╜╨╜╤Л╨╡ ╤Д╨░╨╣╨╗╤Л тАФ C:\Users\KusokMedi\Documents\GitHub\BetterShowcase\build\_deps\bindings-src\bindings\2.2081\inline\SetupGameplayOffsetPopup.cpp, C:\Users\KusokMedi\Documents\GitHub\BetterShowcase\build\bindings\bindings\Geode\source\SetupGameplayOffsetPopup.cpp. [C:\Users\KusokMedi\Documents\GitHub\BetterShowcase\build\bindings\GeodeBindings.vcxproj]
C:\Program Files (x86)\Microsoft Visual Studio\2022\BuildTools\MSBuild\Microsoft\VC\v170\Microsoft.CppBuild.targets(1129,5): warning MSB8027: ╨┤╨▓╨░ ╨╕╨╗╨╕ ╨▒╨╛╨╗╨╡╨╡ ╤Д╨░╨╣╨╗╨╛╨▓ ╤Б ╨╕╨╝╨╡╨╜╨╡╨╝ SetupGradientPopup.cpp ╨▓╤Л╨▓╨╛╨┤╤П╤В ╤А╨╡╨╖╤Г╨╗╤М╤В╨░╤В╤Л ╨▓ ╨╛╨┤╨╜╨╛ ╨╕ ╤В╨╛ ╨╢╨╡ ╤А╨░╤Б╨┐╨╛╨╗╨╛╨╢╨╡╨╜╨╕╨╡. ╨н╤В╨╛ ╨╝╨╛╨╢╨╡╤В ╤Б╤В╨░╤В╤М ╨┐╤А╨╕╤З╨╕╨╜╨╛╨╣ ╨╜╨╡╨▓╨╡╤А╨╜╨╛╨│╨╛ ╤А╨╡╨╖╤Г╨╗╤М╤В╨░╤В╨░ ╤Б╨▒╨╛╤А╨║╨╕.  ╨Т╨║╨╗╤О╤З╨╡╨╜╨╜╤Л╨╡ ╤Д╨░╨╣╨╗╤Л тАФ C:\Users\KusokMedi\Documents\GitHub\BetterShowcase\build\_deps\bindings-src\bindings\2.2081\inline\SetupGradientPopup.cpp, C:\Users\KusokMedi\Documents\GitHub\BetterShowcase\build\bindings\bindings\Geode\source\SetupGradientPopup.cpp. [C:\Users\KusokMedi\Documents\GitHub\BetterShowcase\build\bindings\GeodeBindings.vcxproj]
C:\Program Files (x86)\Microsoft Visual Studio\2022\BuildTools\MSBuild\Microsoft\VC\v170\Microsoft.CppBuild.targets(1129,5): warning MSB8027: ╨┤╨▓╨░ ╨╕╨╗╨╕ ╨▒╨╛╨╗╨╡╨╡ ╤Д╨░╨╣╨╗╨╛╨▓ ╤Б ╨╕╨╝╨╡╨╜╨╡╨╝ SetupGravityModPopup.cpp ╨▓╤Л╨▓╨╛╨┤╤П╤В ╤А╨╡╨╖╤Г╨╗╤М╤В╨░╤В╤Л ╨▓ ╨╛╨┤╨╜╨╛ ╨╕ ╤В╨╛ ╨╢╨╡ ╤А╨░╤Б╨┐╨╛╨╗╨╛╨╢╨╡╨╜╨╕╨╡. ╨н╤В╨╛ ╨╝╨╛╨╢╨╡╤В ╤Б╤В╨░╤В╤М ╨┐╤А╨╕╤З╨╕╨╜╨╛╨╣ ╨╜╨╡╨▓╨╡╤А╨╜╨╛╨│╨╛ ╤А╨╡╨╖╤Г╨╗╤М╤В╨░╤В╨░ ╤Б╨▒╨╛╤А╨║╨╕.  ╨Т╨║╨╗╤О╤З╨╡╨╜╨╜╤Л╨╡ ╤Д╨░╨╣╨╗╤Л тАФ C:\Users\KusokMedi\Documents\GitHub\BetterShowcase\build\_deps\bindings-src\bindings\2.2081\inline\SetupGravityModPopup.cpp, C:\Users\KusokMedi\Documents\GitHub\BetterShowcase\build\bindings\bindings\Geode\source\SetupGravityModPopup.cpp. [C:\Users\KusokMedi\Documents\GitHub\BetterShowcase\build\bindings\GeodeBindings.vcxproj]
C:\Program Files (x86)\Microsoft Visual Studio\2022\BuildTools\MSBuild\Microsoft\VC\v170\Microsoft.CppBuild.targets(1129,5): warning MSB8027: ╨┤╨▓╨░ ╨╕╨╗╨╕ ╨▒╨╛╨╗╨╡╨╡ ╤Д╨░╨╣╨╗╨╛╨▓ ╤Б ╨╕╨╝╨╡╨╜╨╡╨╝ SetupGravityTriggerPopup.cpp ╨▓╤Л╨▓╨╛╨┤╤П╤В ╤А╨╡╨╖╤Г╨╗╤М╤В╨░╤В╤Л ╨▓ ╨╛╨┤╨╜╨╛ ╨╕ ╤В╨╛ ╨╢╨╡ ╤А╨░╤Б╨┐╨╛╨╗╨╛╨╢╨╡╨╜╨╕╨╡. ╨н╤В╨╛ ╨╝╨╛╨╢╨╡╤В ╤Б╤В╨░╤В╤М ╨┐╤А╨╕╤З╨╕╨╜╨╛╨╣ ╨╜╨╡╨▓╨╡╤А╨╜╨╛╨│╨╛ ╤А╨╡╨╖╤Г╨╗╤М╤В╨░╤В╨░ ╤Б╨▒╨╛╤А╨║╨╕.  ╨Т╨║╨╗╤О╤З╨╡╨╜╨╜╤Л╨╡ ╤Д╨░╨╣╨╗╤Л тАФ C:\Users\KusokMedi\Documents\GitHub\BetterShowcase\build\_deps\bindings-src\bindings\2.2081\inline\SetupGravityTriggerPopup.cpp, C:\Users\KusokMedi\Documents\GitHub\BetterShowcase\build\bindings\bindings\Geode\source\SetupGravityTriggerPopup.cpp. [C:\Users\KusokMedi\Documents\GitHub\BetterShowcase\build\bindings\GeodeBindings.vcxproj]
C:\Program Files (x86)\Microsoft Visual Studio\2022\BuildTools\MSBuild\Microsoft\VC\v170\Microsoft.CppBuild.targets(1129,5): warning MSB8027: ╨┤╨▓╨░ ╨╕╨╗╨╕ ╨▒╨╛╨╗╨╡╨╡ ╤Д╨░╨╣╨╗╨╛╨▓ ╤Б ╨╕╨╝╨╡╨╜╨╡╨╝ SetupInstantCollisionTriggerPopup.cpp ╨▓╤Л╨▓╨╛╨┤╤П╤В ╤А╨╡╨╖╤Г╨╗╤М╤В╨░╤В╤Л ╨▓ ╨╛╨┤╨╜╨╛ ╨╕ ╤В╨╛ ╨╢╨╡ ╤А╨░╤Б╨┐╨╛╨╗╨╛╨╢╨╡╨╜╨╕╨╡. ╨н╤В╨╛ ╨╝╨╛╨╢╨╡╤В ╤Б╤В╨░╤В╤М ╨┐╤А╨╕╤З╨╕╨╜╨╛╨╣ ╨╜╨╡╨▓╨╡╤А╨╜╨╛╨│╨╛ ╤А╨╡╨╖╤Г╨╗╤М╤В╨░╤В╨░ ╤Б╨▒╨╛╤А╨║╨╕.  ╨Т╨║╨╗╤О╤З╨╡╨╜╨╜╤Л╨╡ ╤Д╨░╨╣╨╗╤Л тАФ C:\Users\KusokMedi\Documents\GitHub\BetterShowcase\build\_deps\bindings-src\bindings\2.2081\inline\SetupInstantCollisionTriggerPopup.cpp, C:\Users\KusokMedi\Documents\GitHub\BetterShowcase\build\bindings\bindings\Geode\source\SetupInstantCollisionTriggerPopup.cpp. [C:\Users\KusokMedi\Documents\GitHub\BetterShowcase\build\bindings\GeodeBindings.vcxproj]
C:\Program Files (x86)\Microsoft Visual Studio\2022\BuildTools\MSBuild\Microsoft\VC\v170\Microsoft.CppBuild.targets(1129,5): warning MSB8027: ╨┤╨▓╨░ ╨╕╨╗╨╕ ╨▒╨╛╨╗╨╡╨╡ ╤Д╨░╨╣╨╗╨╛╨▓ ╤Б ╨╕╨╝╨╡╨╜╨╡╨╝ SetupInstantCountPopup.cpp ╨▓╤Л╨▓╨╛╨┤╤П╤В ╤А╨╡╨╖╤Г╨╗╤М╤В╨░╤В╤Л ╨▓ ╨╛╨┤╨╜╨╛ ╨╕ ╤В╨╛ ╨╢╨╡ ╤А╨░╤Б╨┐╨╛╨╗╨╛╨╢╨╡╨╜╨╕╨╡. ╨н╤В╨╛ ╨╝╨╛╨╢╨╡╤В ╤Б╤В╨░╤В╤М ╨┐╤А╨╕╤З╨╕╨╜╨╛╨╣ ╨╜╨╡╨▓╨╡╤А╨╜╨╛╨│╨╛ ╤А╨╡╨╖╤Г╨╗╤М╤В╨░╤В╨░ ╤Б╨▒╨╛╤А╨║╨╕.  ╨Т╨║╨╗╤О╤З╨╡╨╜╨╜╤Л╨╡ ╤Д╨░╨╣╨╗╤Л тАФ C:\Users\KusokMedi\Documents\GitHub\BetterShowcase\build\_deps\bindings-src\bindings\2.2081\inline\SetupInstantCountPopup.cpp, C:\Users\KusokMedi\Documents\GitHub\BetterShowcase\build\bindings\bindings\Geode\source\SetupInstantCountPopup.cpp. [C:\Users\KusokMedi\Documents\GitHub\BetterShowcase\build\bindings\GeodeBindings.vcxproj]
C:\Program Files (x86)\Microsoft Visual Studio\2022\BuildTools\MSBuild\Microsoft\VC\v170\Microsoft.CppBuild.targets(1129,5): warning MSB8027: ╨┤╨▓╨░ ╨╕╨╗╨╕ ╨▒╨╛╨╗╨╡╨╡ ╤Д╨░╨╣╨╗╨╛╨▓ ╤Б ╨╕╨╝╨╡╨╜╨╡╨╝ SetupInteractObjectPopup.cpp ╨▓╤Л╨▓╨╛╨┤╤П╤В ╤А╨╡╨╖╤Г╨╗╤М╤В╨░╤В╤Л ╨▓ ╨╛╨┤╨╜╨╛ ╨╕ ╤В╨╛ ╨╢╨╡ ╤А╨░╤Б╨┐╨╛╨╗╨╛╨╢╨╡╨╜╨╕╨╡. ╨н╤В╨╛ ╨╝╨╛╨╢╨╡╤В ╤Б╤В╨░╤В╤М ╨┐╤А╨╕╤З╨╕╨╜╨╛╨╣ ╨╜╨╡╨▓╨╡╤А╨╜╨╛╨│╨╛ ╤А╨╡╨╖╤Г╨╗╤М╤В╨░╤В╨░ ╤Б╨▒╨╛╤А╨║╨╕.  ╨Т╨║╨╗╤О╤З╨╡╨╜╨╜╤Л╨╡ ╤Д╨░╨╣╨╗╤Л тАФ C:\Users\KusokMedi\Documents\GitHub\BetterShowcase\build\_deps\bindings-src\bindings\2.2081\inline\SetupInteractObjectPopup.cpp, C:\Users\KusokMedi\Documents\GitHub\BetterShowcase\build\bindings\bindings\Geode\source\SetupInteractObjectPopup.cpp. [C:\Users\KusokMedi\Documents\GitHub\BetterShowcase\build\bindings\GeodeBindings.vcxproj]
C:\Program Files (x86)\Microsoft Visual Studio\2022\BuildTools\MSBuild\Microsoft\VC\v170\Microsoft.CppBuild.targets(1129,5): warning MSB8027: ╨┤╨▓╨░ ╨╕╨╗╨╕ ╨▒╨╛╨╗╨╡╨╡ ╤Д╨░╨╣╨╗╨╛╨▓ ╤Б ╨╕╨╝╨╡╨╜╨╡╨╝ SetupItemCompareTriggerPopup.cpp ╨▓╤Л╨▓╨╛╨┤╤П╤В ╤А╨╡╨╖╤Г╨╗╤М╤В╨░╤В╤Л ╨▓ ╨╛╨┤╨╜╨╛ ╨╕ ╤В╨╛ ╨╢╨╡ ╤А╨░╤Б╨┐╨╛╨╗╨╛╨╢╨╡╨╜╨╕╨╡. ╨н╤В╨╛ ╨╝╨╛╨╢╨╡╤В ╤Б╤В╨░╤В╤М ╨┐╤А╨╕╤З╨╕╨╜╨╛╨╣ ╨╜╨╡╨▓╨╡╤А╨╜╨╛╨│╨╛ ╤А╨╡╨╖╤Г╨╗╤М╤В╨░╤В╨░ ╤Б╨▒╨╛╤А╨║╨╕.  ╨Т╨║╨╗╤О╤З╨╡╨╜╨╜╤Л╨╡ ╤Д╨░╨╣╨╗╤Л тАФ C:\Users\KusokMedi\Documents\GitHub\BetterShowcase\build\_deps\bindings-src\bindings\2.2081\inline\SetupItemCompareTriggerPopup.cpp, C:\Users\KusokMedi\Documents\GitHub\BetterShowcase\build\bindings\bindings\Geode\source\SetupItemCompareTriggerPopup.cpp. [C:\Users\KusokMedi\Documents\GitHub\BetterShowcase\build\bindings\GeodeBindings.vcxproj]
C:\Program Files (x86)\Microsoft Visual Studio\2022\BuildTools\MSBuild\Microsoft\VC\v170\Microsoft.CppBuild.targets(1129,5): warning MSB8027: ╨┤╨▓╨░ ╨╕╨╗╨╕ ╨▒╨╛╨╗╨╡╨╡ ╤Д╨░╨╣╨╗╨╛╨▓ ╤Б ╨╕╨╝╨╡╨╜╨╡╨╝ SetupItemEditTriggerPopup.cpp ╨▓╤Л╨▓╨╛╨┤╤П╤В ╤А╨╡╨╖╤Г╨╗╤М╤В╨░╤В╤Л ╨▓ ╨╛╨┤╨╜╨╛ ╨╕ ╤В╨╛ ╨╢╨╡ ╤А╨░╤Б╨┐╨╛╨╗╨╛╨╢╨╡╨╜╨╕╨╡. ╨н╤В╨╛ ╨╝╨╛╨╢╨╡╤В ╤Б╤В╨░╤В╤М ╨┐╤А╨╕╤З╨╕╨╜╨╛╨╣ ╨╜╨╡╨▓╨╡╤А╨╜╨╛╨│╨╛ ╤А╨╡╨╖╤Г╨╗╤М╤В╨░╤В╨░ ╤Б╨▒╨╛╤А╨║╨╕.  ╨Т╨║╨╗╤О╤З╨╡╨╜╨╜╤Л╨╡ ╤Д╨░╨╣╨╗╤Л тАФ C:\Users\KusokMedi\Documents\GitHub\BetterShowcase\build\_deps\bindings-src\bindings\2.2081\inline\SetupItemEditTriggerPopup.cpp, C:\Users\KusokMedi\Documents\GitHub\BetterShowcase\build\bindings\bindings\Geode\source\SetupItemEditTriggerPopup.cpp. [C:\Users\KusokMedi\Documents\GitHub\BetterShowcase\build\bindings\GeodeBindings.vcxproj]
C:\Program Files (x86)\Microsoft Visual Studio\2022\BuildTools\MSBuild\Microsoft\VC\v170\Microsoft.CppBuild.targets(1129,5): warning MSB8027: ╨┤╨▓╨░ ╨╕╨╗╨╕ ╨▒╨╛╨╗╨╡╨╡ ╤Д╨░╨╣╨╗╨╛╨▓ ╤Б ╨╕╨╝╨╡╨╜╨╡╨╝ SetupKeyframeAnimPopup.cpp ╨▓╤Л╨▓╨╛╨┤╤П╤В ╤А╨╡╨╖╤Г╨╗╤М╤В╨░╤В╤Л ╨▓ ╨╛╨┤╨╜╨╛ ╨╕ ╤В╨╛ ╨╢╨╡ ╤А╨░╤Б╨┐╨╛╨╗╨╛╨╢╨╡╨╜╨╕╨╡. ╨н╤В╨╛ ╨╝╨╛╨╢╨╡╤В ╤Б╤В╨░╤В╤М ╨┐╤А╨╕╤З╨╕╨╜╨╛╨╣ ╨╜╨╡╨▓╨╡╤А╨╜╨╛╨│╨╛ ╤А╨╡╨╖╤Г╨╗╤М╤В╨░╤В╨░ ╤Б╨▒╨╛╤А╨║╨╕.  ╨Т╨║╨╗╤О╤З╨╡╨╜╨╜╤Л╨╡ ╤Д╨░╨╣╨╗╤Л тАФ C:\Users\KusokMedi\Documents\GitHub\BetterShowcase\build\_deps\bindings-src\bindings\2.2081\inline\SetupKeyframeAnimPopup.cpp, C:\Users\KusokMedi\Documents\GitHub\BetterShowcase\build\bindings\bindings\Geode\source\SetupKeyframeAnimPopup.cpp. [C:\Users\KusokMedi\Documents\GitHub\BetterShowcase\build\bindings\GeodeBindings.vcxproj]
C:\Program Files (x86)\Microsoft Visual Studio\2022\BuildTools\MSBuild\Microsoft\VC\v170\Microsoft.CppBuild.targets(1129,5): warning MSB8027: ╨┤╨▓╨░ ╨╕╨╗╨╕ ╨▒╨╛╨╗╨╡╨╡ ╤Д╨░╨╣╨╗╨╛╨▓ ╤Б ╨╕╨╝╨╡╨╜╨╡╨╝ SetupKeyframePopup.cpp ╨▓╤Л╨▓╨╛╨┤╤П╤В ╤А╨╡╨╖╤Г╨╗╤М╤В╨░╤В╤Л ╨▓ ╨╛╨┤╨╜╨╛ ╨╕ ╤В╨╛ ╨╢╨╡ ╤А╨░╤Б╨┐╨╛╨╗╨╛╨╢╨╡╨╜╨╕╨╡. ╨н╤В╨╛ ╨╝╨╛╨╢╨╡╤В ╤Б╤В╨░╤В╤М ╨┐╤А╨╕╤З╨╕╨╜╨╛╨╣ ╨╜╨╡╨▓╨╡╤А╨╜╨╛╨│╨╛ ╤А╨╡╨╖╤Г╨╗╤М╤В╨░╤В╨░ ╤Б╨▒╨╛╤А╨║╨╕.  ╨Т╨║╨╗╤О╤З╨╡╨╜╨╜╤Л╨╡ ╤Д╨░╨╣╨╗╤Л тАФ C:\Users\KusokMedi\Documents\GitHub\BetterShowcase\build\_deps\bindings-src\bindings\2.2081\inline\SetupKeyframePopup.cpp, C:\Users\KusokMedi\Documents\GitHub\BetterShowcase\build\bindings\bindings\Geode\source\SetupKeyframePopup.cpp. [C:\Users\KusokMedi\Documents\GitHub\BetterShowcase\build\bindings\GeodeBindings.vcxproj]
C:\Program Files (x86)\Microsoft Visual Studio\2022\BuildTools\MSBuild\Microsoft\VC\v170\Microsoft.CppBuild.targets(1129,5): warning MSB8027: ╨┤╨▓╨░ ╨╕╨╗╨╕ ╨▒╨╛╨╗╨╡╨╡ ╤Д╨░╨╣╨╗╨╛╨▓ ╤Б ╨╕╨╝╨╡╨╜╨╡╨╝ SetupMGTrigger.cpp ╨▓╤Л╨▓╨╛╨┤╤П╤В ╤А╨╡╨╖╤Г╨╗╤М╤В╨░╤В╤Л ╨▓ ╨╛╨┤╨╜╨╛ ╨╕ ╤В╨╛ ╨╢╨╡ ╤А╨░╤Б╨┐╨╛╨╗╨╛╨╢╨╡╨╜╨╕╨╡. ╨н╤В╨╛ ╨╝╨╛╨╢╨╡╤В ╤Б╤В╨░╤В╤М ╨┐╤А╨╕╤З╨╕╨╜╨╛╨╣ ╨╜╨╡╨▓╨╡╤А╨╜╨╛╨│╨╛ ╤А╨╡╨╖╤Г╨╗╤М╤В╨░╤В╨░ ╤Б╨▒╨╛╤А╨║╨╕.  ╨Т╨║╨╗╤О╤З╨╡╨╜╨╜╤Л╨╡ ╤Д╨░╨╣╨╗╤Л тАФ C:\Users\KusokMedi\Documents\GitHub\BetterShowcase\build\_deps\bindings-src\bindings\2.2081\inline\SetupMGTrigger.cpp, C:\Users\KusokMedi\Documents\GitHub\BetterShowcase\build\bindings\bindings\Geode\source\SetupMGTrigger.cpp. [C:\Users\KusokMedi\Documents\GitHub\BetterShowcase\build\bindings\GeodeBindings.vcxproj]
C:\Program Files (x86)\Microsoft Visual Studio\2022\BuildTools\MSBuild\Microsoft\VC\v170\Microsoft.CppBuild.targets(1129,5): warning MSB8027: ╨┤╨▓╨░ ╨╕╨╗╨╕ ╨▒╨╛╨╗╨╡╨╡ ╤Д╨░╨╣╨╗╨╛╨▓ ╤Б ╨╕╨╝╨╡╨╜╨╡╨╝ SetupMoveCommandPopup.cpp ╨▓╤Л╨▓╨╛╨┤╤П╤В ╤А╨╡╨╖╤Г╨╗╤М╤В╨░╤В╤Л ╨▓ ╨╛╨┤╨╜╨╛ ╨╕ ╤В╨╛ ╨╢╨╡ ╤А╨░╤Б╨┐╨╛╨╗╨╛╨╢╨╡╨╜╨╕╨╡. ╨н╤В╨╛ ╨╝╨╛╨╢╨╡╤В ╤Б╤В╨░╤В╤М ╨┐╤А╨╕╤З╨╕╨╜╨╛╨╣ ╨╜╨╡╨▓╨╡╤А╨╜╨╛╨│╨╛ ╤А╨╡╨╖╤Г╨╗╤М╤В╨░╤В╨░ ╤Б╨▒╨╛╤А╨║╨╕.  ╨Т╨║╨╗╤О╤З╨╡╨╜╨╜╤Л╨╡ ╤Д╨░╨╣╨╗╤Л тАФ C:\Users\KusokMedi\Documents\GitHub\BetterShowcase\build\_deps\bindings-src\bindings\2.2081\inline\SetupMoveCommandPopup.cpp, C:\Users\KusokMedi\Documents\GitHub\BetterShowcase\build\bindings\bindings\Geode\source\SetupMoveCommandPopup.cpp. [C:\Users\KusokMedi\Documents\GitHub\BetterShowcase\build\bindings\GeodeBindings.vcxproj]
C:\Program Files (x86)\Microsoft Visual Studio\2022\BuildTools\MSBuild\Microsoft\VC\v170\Microsoft.CppBuild.targets(1129,5): warning MSB8027: ╨┤╨▓╨░ ╨╕╨╗╨╕ ╨▒╨╛╨╗╨╡╨╡ ╤Д╨░╨╣╨╗╨╛╨▓ ╤Б ╨╕╨╝╨╡╨╜╨╡╨╝ SetupObjectControlPopup.cpp ╨▓╤Л╨▓╨╛╨┤╤П╤В ╤А╨╡╨╖╤Г╨╗╤М╤В╨░╤В╤Л ╨▓ ╨╛╨┤╨╜╨╛ ╨╕ ╤В╨╛ ╨╢╨╡ ╤А╨░╤Б╨┐╨╛╨╗╨╛╨╢╨╡╨╜╨╕╨╡. ╨н╤В╨╛ ╨╝╨╛╨╢╨╡╤В ╤Б╤В╨░╤В╤М ╨┐╤А╨╕╤З╨╕╨╜╨╛╨╣ ╨╜╨╡╨▓╨╡╤А╨╜╨╛╨│╨╛ ╤А╨╡╨╖╤Г╨╗╤М╤В╨░╤В╨░ ╤Б╨▒╨╛╤А╨║╨╕.  ╨Т╨║╨╗╤О╤З╨╡╨╜╨╜╤Л╨╡ ╤Д╨░╨╣╨╗╤Л тАФ C:\Users\KusokMedi\Documents\GitHub\BetterShowcase\build\_deps\bindings-src\bindings\2.2081\inline\SetupObjectControlPopup.cpp, C:\Users\KusokMedi\Documents\GitHub\BetterShowcase\build\bindings\bindings\Geode\source\SetupObjectControlPopup.cpp. [C:\Users\KusokMedi\Documents\GitHub\BetterShowcase\build\bindings\GeodeBindings.vcxproj]
C:\Program Files (x86)\Microsoft Visual Studio\2022\BuildTools\MSBuild\Microsoft\VC\v170\Microsoft.CppBuild.targets(1129,5): warning MSB8027: ╨┤╨▓╨░ ╨╕╨╗╨╕ ╨▒╨╛╨╗╨╡╨╡ ╤Д╨░╨╣╨╗╨╛╨▓ ╤Б ╨╕╨╝╨╡╨╜╨╡╨╝ SetupObjectOptions2Popup.cpp ╨▓╤Л╨▓╨╛╨┤╤П╤В ╤А╨╡╨╖╤Г╨╗╤М╤В╨░╤В╤Л ╨▓ ╨╛╨┤╨╜╨╛ ╨╕ ╤В╨╛ ╨╢╨╡ ╤А╨░╤Б╨┐╨╛╨╗╨╛╨╢╨╡╨╜╨╕╨╡. ╨н╤В╨╛ ╨╝╨╛╨╢╨╡╤В ╤Б╤В╨░╤В╤М ╨┐╤А╨╕╤З╨╕╨╜╨╛╨╣ ╨╜╨╡╨▓╨╡╤А╨╜╨╛╨│╨╛ ╤А╨╡╨╖╤Г╨╗╤М╤В╨░╤В╨░ ╤Б╨▒╨╛╤А╨║╨╕.  ╨Т╨║╨╗╤О╤З╨╡╨╜╨╜╤Л╨╡ ╤Д╨░╨╣╨╗╤Л тАФ C:\Users\KusokMedi\Documents\GitHub\BetterShowcase\build\_deps\bindings-src\bindings\2.2081\inline\SetupObjectOptions2Popup.cpp, C:\Users\KusokMedi\Documents\GitHub\BetterShowcase\build\bindings\bindings\Geode\source\SetupObjectOptions2Popup.cpp. [C:\Users\KusokMedi\Documents\GitHub\BetterShowcase\build\bindings\GeodeBindings.vcxproj]
C:\Program Files (x86)\Microsoft Visual Studio\2022\BuildTools\MSBuild\Microsoft\VC\v170\Microsoft.CppBuild.targets(1129,5): warning MSB8027: ╨┤╨▓╨░ ╨╕╨╗╨╕ ╨▒╨╛╨╗╨╡╨╡ ╤Д╨░╨╣╨╗╨╛╨▓ ╤Б ╨╕╨╝╨╡╨╜╨╡╨╝ SetupObjectOptionsPopup.cpp ╨▓╤Л╨▓╨╛╨┤╤П╤В ╤А╨╡╨╖╤Г╨╗╤М╤В╨░╤В╤Л ╨▓ ╨╛╨┤╨╜╨╛ ╨╕ ╤В╨╛ ╨╢╨╡ ╤А╨░╤Б╨┐╨╛╨╗╨╛╨╢╨╡╨╜╨╕╨╡. ╨н╤В╨╛ ╨╝╨╛╨╢╨╡╤В ╤Б╤В╨░╤В╤М ╨┐╤А╨╕╤З╨╕╨╜╨╛╨╣ ╨╜╨╡╨▓╨╡╤А╨╜╨╛╨│╨╛ ╤А╨╡╨╖╤Г╨╗╤М╤В╨░╤В╨░ ╤Б╨▒╨╛╤А╨║╨╕.  ╨Т╨║╨╗╤О╤З╨╡╨╜╨╜╤Л╨╡ ╤Д╨░╨╣╨╗╤Л тАФ C:\Users\KusokMedi\Documents\GitHub\BetterShowcase\build\_deps\bindings-src\bindings\2.2081\inline\SetupObjectOptionsPopup.cpp, C:\Users\KusokMedi\Documents\GitHub\BetterShowcase\build\bindings\bindings\Geode\source\SetupObjectOptionsPopup.cpp. [C:\Users\KusokMedi\Documents\GitHub\BetterShowcase\build\bindings\GeodeBindings.vcxproj]
C:\Program Files (x86)\Microsoft Visual Studio\2022\BuildTools\MSBuild\Microsoft\VC\v170\Microsoft.CppBuild.targets(1129,5): warning MSB8027: ╨┤╨▓╨░ ╨╕╨╗╨╕ ╨▒╨╛╨╗╨╡╨╡ ╤Д╨░╨╣╨╗╨╛╨▓ ╤Б ╨╕╨╝╨╡╨╜╨╡╨╝ SetupObjectTogglePopup.cpp ╨▓╤Л╨▓╨╛╨┤╤П╤В ╤А╨╡╨╖╤Г╨╗╤М╤В╨░╤В╤Л ╨▓ ╨╛╨┤╨╜╨╛ ╨╕ ╤В╨╛ ╨╢╨╡ ╤А╨░╤Б╨┐╨╛╨╗╨╛╨╢╨╡╨╜╨╕╨╡. ╨н╤В╨╛ ╨╝╨╛╨╢╨╡╤В ╤Б╤В╨░╤В╤М ╨┐╤А╨╕╤З╨╕╨╜╨╛╨╣ ╨╜╨╡╨▓╨╡╤А╨╜╨╛╨│╨╛ ╤А╨╡╨╖╤Г╨╗╤М╤В╨░╤В╨░ ╤Б╨▒╨╛╤А╨║╨╕.  ╨Т╨║╨╗╤О╤З╨╡╨╜╨╜╤Л╨╡ ╤Д╨░╨╣╨╗╤Л тАФ C:\Users\KusokMedi\Documents\GitHub\BetterShowcase\build\_deps\bindings-src\bindings\2.2081\inline\SetupObjectTogglePopup.cpp, C:\Users\KusokMedi\Documents\GitHub\BetterShowcase\build\bindings\bindings\Geode\source\SetupObjectTogglePopup.cpp. [C:\Users\KusokMedi\Documents\GitHub\BetterShowcase\build\bindings\GeodeBindings.vcxproj]
C:\Program Files (x86)\Microsoft Visual Studio\2022\BuildTools\MSBuild\Microsoft\VC\v170\Microsoft.CppBuild.targets(1129,5): warning MSB8027: ╨┤╨▓╨░ ╨╕╨╗╨╕ ╨▒╨╛╨╗╨╡╨╡ ╤Д╨░╨╣╨╗╨╛╨▓ ╤Б ╨╕╨╝╨╡╨╜╨╡╨╝ SetupOpacityPopup.cpp ╨▓╤Л╨▓╨╛╨┤╤П╤В ╤А╨╡╨╖╤Г╨╗╤М╤В╨░╤В╤Л ╨▓ ╨╛╨┤╨╜╨╛ ╨╕ ╤В╨╛ ╨╢╨╡ ╤А╨░╤Б╨┐╨╛╨╗╨╛╨╢╨╡╨╜╨╕╨╡. ╨н╤В╨╛ ╨╝╨╛╨╢╨╡╤В ╤Б╤В╨░╤В╤М ╨┐╤А╨╕╤З╨╕╨╜╨╛╨╣ ╨╜╨╡╨▓╨╡╤А╨╜╨╛╨│╨╛ ╤А╨╡╨╖╤Г╨╗╤М╤В╨░╤В╨░ ╤Б╨▒╨╛╤А╨║╨╕.  ╨Т╨║╨╗╤О╤З╨╡╨╜╨╜╤Л╨╡ ╤Д╨░╨╣╨╗╤Л тАФ C:\Users\KusokMedi\Documents\GitHub\BetterShowcase\build\_deps\bindings-src\bindings\2.2081\inline\SetupOpacityPopup.cpp, C:\Users\KusokMedi\Documents\GitHub\BetterShowcase\build\bindings\bindings\Geode\source\SetupOpacityPopup.cpp. [C:\Users\KusokMedi\Documents\GitHub\BetterShowcase\build\bindings\GeodeBindings.vcxproj]
C:\Program Files (x86)\Microsoft Visual Studio\2022\BuildTools\MSBuild\Microsoft\VC\v170\Microsoft.CppBuild.targets(1129,5): warning MSB8027: ╨┤╨▓╨░ ╨╕╨╗╨╕ ╨▒╨╛╨╗╨╡╨╡ ╤Д╨░╨╣╨╗╨╛╨▓ ╤Б ╨╕╨╝╨╡╨╜╨╡╨╝ SetupOptionsTriggerPopup.cpp ╨▓╤Л╨▓╨╛╨┤╤П╤В ╤А╨╡╨╖╤Г╨╗╤М╤В╨░╤В╤Л ╨▓ ╨╛╨┤╨╜╨╛ ╨╕ ╤В╨╛ ╨╢╨╡ ╤А╨░╤Б╨┐╨╛╨╗╨╛╨╢╨╡╨╜╨╕╨╡. ╨н╤В╨╛ ╨╝╨╛╨╢╨╡╤В ╤Б╤В╨░╤В╤М ╨┐╤А╨╕╤З╨╕╨╜╨╛╨╣ ╨╜╨╡╨▓╨╡╤А╨╜╨╛╨│╨╛ ╤А╨╡╨╖╤Г╨╗╤М╤В╨░╤В╨░ ╤Б╨▒╨╛╤А╨║╨╕.  ╨Т╨║╨╗╤О╤З╨╡╨╜╨╜╤Л╨╡ ╤Д╨░╨╣╨╗╤Л тАФ C:\Users\KusokMedi\Documents\GitHub\BetterShowcase\build\_deps\bindings-src\bindings\2.2081\inline\SetupOptionsTriggerPopup.cpp, C:\Users\KusokMedi\Documents\GitHub\BetterShowcase\build\bindings\bindings\Geode\source\SetupOptionsTriggerPopup.cpp. [C:\Users\KusokMedi\Documents\GitHub\BetterShowcase\build\bindings\GeodeBindings.vcxproj]
C:\Program Files (x86)\Microsoft Visual Studio\2022\BuildTools\MSBuild\Microsoft\VC\v170\Microsoft.CppBuild.targets(1129,5): warning MSB8027: ╨┤╨▓╨░ ╨╕╨╗╨╕ ╨▒╨╛╨╗╨╡╨╡ ╤Д╨░╨╣╨╗╨╛╨▓ ╤Б ╨╕╨╝╨╡╨╜╨╡╨╝ SetupPersistentItemTriggerPopup.cpp ╨▓╤Л╨▓╨╛╨┤╤П╤В ╤А╨╡╨╖╤Г╨╗╤М╤В╨░╤В╤Л ╨▓ ╨╛╨┤╨╜╨╛ ╨╕ ╤В╨╛ ╨╢╨╡ ╤А╨░╤Б╨┐╨╛╨╗╨╛╨╢╨╡╨╜╨╕╨╡. ╨н╤В╨╛ ╨╝╨╛╨╢╨╡╤В ╤Б╤В╨░╤В╤М ╨┐╤А╨╕╤З╨╕╨╜╨╛╨╣ ╨╜╨╡╨▓╨╡╤А╨╜╨╛╨│╨╛ ╤А╨╡╨╖╤Г╨╗╤М╤В╨░╤В╨░ ╤Б╨▒╨╛╤А╨║╨╕.  ╨Т╨║╨╗╤О╤З╨╡╨╜╨╜╤Л╨╡ ╤Д╨░╨╣╨╗╤Л тАФ C:\Users\KusokMedi\Documents\GitHub\BetterShowcase\build\_deps\bindings-src\bindings\2.2081\inline\SetupPersistentItemTriggerPopup.cpp, C:\Users\KusokMedi\Documents\GitHub\BetterShowcase\build\bindings\bindings\Geode\source\SetupPersistentItemTriggerPopup.cpp. [C:\Users\KusokMedi\Documents\GitHub\BetterShowcase\build\bindings\GeodeBindings.vcxproj]
C:\Program Files (x86)\Microsoft Visual Studio\2022\BuildTools\MSBuild\Microsoft\VC\v170\Microsoft.CppBuild.targets(1129,5): warning MSB8027: ╨┤╨▓╨░ ╨╕╨╗╨╕ ╨▒╨╛╨╗╨╡╨╡ ╤Д╨░╨╣╨╗╨╛╨▓ ╤Б ╨╕╨╝╨╡╨╜╨╡╨╝ SetupPickupTriggerPopup.cpp ╨▓╤Л╨▓╨╛╨┤╤П╤В ╤А╨╡╨╖╤Г╨╗╤М╤В╨░╤В╤Л ╨▓ ╨╛╨┤╨╜╨╛ ╨╕ ╤В╨╛ ╨╢╨╡ ╤А╨░╤Б╨┐╨╛╨╗╨╛╨╢╨╡╨╜╨╕╨╡. ╨н╤В╨╛ ╨╝╨╛╨╢╨╡╤В ╤Б╤В╨░╤В╤М ╨┐╤А╨╕╤З╨╕╨╜╨╛╨╣ ╨╜╨╡╨▓╨╡╤А╨╜╨╛╨│╨╛ ╤А╨╡╨╖╤Г╨╗╤М╤В╨░╤В╨░ ╤Б╨▒╨╛╤А╨║╨╕.  ╨Т╨║╨╗╤О╤З╨╡╨╜╨╜╤Л╨╡ ╤Д╨░╨╣╨╗╤Л тАФ C:\Users\KusokMedi\Documents\GitHub\BetterShowcase\build\_deps\bindings-src\bindings\2.2081\inline\SetupPickupTriggerPopup.cpp, C:\Users\KusokMedi\Documents\GitHub\BetterShowcase\build\bindings\bindings\Geode\source\SetupPickupTriggerPopup.cpp. [C:\Users\KusokMedi\Documents\GitHub\BetterShowcase\build\bindings\GeodeBindings.vcxproj]
C:\Program Files (x86)\Microsoft Visual Studio\2022\BuildTools\MSBuild\Microsoft\VC\v170\Microsoft.CppBuild.targets(1129,5): warning MSB8027: ╨┤╨▓╨░ ╨╕╨╗╨╕ ╨▒╨╛╨╗╨╡╨╡ ╤Д╨░╨╣╨╗╨╛╨▓ ╤Б ╨╕╨╝╨╡╨╜╨╡╨╝ SetupPlatformerEndPopup.cpp ╨▓╤Л╨▓╨╛╨┤╤П╤В ╤А╨╡╨╖╤Г╨╗╤М╤В╨░╤В╤Л ╨▓ ╨╛╨┤╨╜╨╛ ╨╕ ╤В╨╛ ╨╢╨╡ ╤А╨░╤Б╨┐╨╛╨╗╨╛╨╢╨╡╨╜╨╕╨╡. ╨н╤В╨╛ ╨╝╨╛╨╢╨╡╤В ╤Б╤В╨░╤В╤М ╨┐╤А╨╕╤З╨╕╨╜╨╛╨╣ ╨╜╨╡╨▓╨╡╤А╨╜╨╛╨│╨╛ ╤А╨╡╨╖╤Г╨╗╤М╤В╨░╤В╨░ ╤Б╨▒╨╛╤А╨║╨╕.  ╨Т╨║╨╗╤О╤З╨╡╨╜╨╜╤Л╨╡ ╤Д╨░╨╣╨╗╤Л тАФ C:\Users\KusokMedi\Documents\GitHub\BetterShowcase\build\_deps\bindings-src\bindings\2.2081\inline\SetupPlatformerEndPopup.cpp, C:\Users\KusokMedi\Documents\GitHub\BetterShowcase\build\bindings\bindings\Geode\source\SetupPlatformerEndPopup.cpp. [C:\Users\KusokMedi\Documents\GitHub\BetterShowcase\build\bindings\GeodeBindings.vcxproj]
C:\Program Files (x86)\Microsoft Visual Studio\2022\BuildTools\MSBuild\Microsoft\VC\v170\Microsoft.CppBuild.targets(1129,5): warning MSB8027: ╨┤╨▓╨░ ╨╕╨╗╨╕ ╨▒╨╛╨╗╨╡╨╡ ╤Д╨░╨╣╨╗╨╛╨▓ ╤Б ╨╕╨╝╨╡╨╜╨╡╨╝ SetupPlayerControlPopup.cpp ╨▓╤Л╨▓╨╛╨┤╤П╤В ╤А╨╡╨╖╤Г╨╗╤М╤В╨░╤В╤Л ╨▓ ╨╛╨┤╨╜╨╛ ╨╕ ╤В╨╛ ╨╢╨╡ ╤А╨░╤Б╨┐╨╛╨╗╨╛╨╢╨╡╨╜╨╕╨╡. ╨н╤В╨╛ ╨╝╨╛╨╢╨╡╤В ╤Б╤В╨░╤В╤М ╨┐╤А╨╕╤З╨╕╨╜╨╛╨╣ ╨╜╨╡╨▓╨╡╤А╨╜╨╛╨│╨╛ ╤А╨╡╨╖╤Г╨╗╤М╤В╨░╤В╨░ ╤Б╨▒╨╛╤А╨║╨╕.  ╨Т╨║╨╗╤О╤З╨╡╨╜╨╜╤Л╨╡ ╤Д╨░╨╣╨╗╤Л тАФ C:\Users\KusokMedi\Documents\GitHub\BetterShowcase\build\_deps\bindings-src\bindings\2.2081\inline\SetupPlayerControlPopup.cpp, C:\Users\KusokMedi\Documents\GitHub\BetterShowcase\build\bindings\bindings\Geode\source\SetupPlayerControlPopup.cpp. [C:\Users\KusokMedi\Documents\GitHub\BetterShowcase\build\bindings\GeodeBindings.vcxproj]
C:\Program Files (x86)\Microsoft Visual Studio\2022\BuildTools\MSBuild\Microsoft\VC\v170\Microsoft.CppBuild.targets(1129,5): warning MSB8027: ╨┤╨▓╨░ ╨╕╨╗╨╕ ╨▒╨╛╨╗╨╡╨╡ ╤Д╨░╨╣╨╗╨╛╨▓ ╤Б ╨╕╨╝╨╡╨╜╨╡╨╝ SetupPortalPopup.cpp ╨▓╤Л╨▓╨╛╨┤╤П╤В ╤А╨╡╨╖╤Г╨╗╤М╤В╨░╤В╤Л ╨▓ ╨╛╨┤╨╜╨╛ ╨╕ ╤В╨╛ ╨╢╨╡ ╤А╨░╤Б╨┐╨╛╨╗╨╛╨╢╨╡╨╜╨╕╨╡. ╨н╤В╨╛ ╨╝╨╛╨╢╨╡╤В ╤Б╤В╨░╤В╤М ╨┐╤А╨╕╤З╨╕╨╜╨╛╨╣ ╨╜╨╡╨▓╨╡╤А╨╜╨╛╨│╨╛ ╤А╨╡╨╖╤Г╨╗╤М╤В╨░╤В╨░ ╤Б╨▒╨╛╤А╨║╨╕.  ╨Т╨║╨╗╤О╤З╨╡╨╜╨╜╤Л╨╡ ╤Д╨░╨╣╨╗╤Л тАФ C:\Users\KusokMedi\Documents\GitHub\BetterShowcase\build\_deps\bindings-src\bindings\2.2081\inline\SetupPortalPopup.cpp, C:\Users\KusokMedi\Documents\GitHub\BetterShowcase\build\bindings\bindings\Geode\source\SetupPortalPopup.cpp. [C:\Users\KusokMedi\Documents\GitHub\BetterShowcase\build\bindings\GeodeBindings.vcxproj]
C:\Program Files (x86)\Microsoft Visual Studio\2022\BuildTools\MSBuild\Microsoft\VC\v170\Microsoft.CppBuild.targets(1129,5): warning MSB8027: ╨┤╨▓╨░ ╨╕╨╗╨╕ ╨▒╨╛╨╗╨╡╨╡ ╤Д╨░╨╣╨╗╨╛╨▓ ╤Б ╨╕╨╝╨╡╨╜╨╡╨╝ SetupPulsePopup.cpp ╨▓╤Л╨▓╨╛╨┤╤П╤В ╤А╨╡╨╖╤Г╨╗╤М╤В╨░╤В╤Л ╨▓ ╨╛╨┤╨╜╨╛ ╨╕ ╤В╨╛ ╨╢╨╡ ╤А╨░╤Б╨┐╨╛╨╗╨╛╨╢╨╡╨╜╨╕╨╡. ╨н╤В╨╛ ╨╝╨╛╨╢╨╡╤В ╤Б╤В╨░╤В╤М ╨┐╤А╨╕╤З╨╕╨╜╨╛╨╣ ╨╜╨╡╨▓╨╡╤А╨╜╨╛╨│╨╛ ╤А╨╡╨╖╤Г╨╗╤М╤В╨░╤В╨░ ╤Б╨▒╨╛╤А╨║╨╕.  ╨Т╨║╨╗╤О╤З╨╡╨╜╨╜╤Л╨╡ ╤Д╨░╨╣╨╗╤Л тАФ C:\Users\KusokMedi\Documents\GitHub\BetterShowcase\build\_deps\bindings-src\bindings\2.2081\inline\SetupPulsePopup.cpp, C:\Users\KusokMedi\Documents\GitHub\BetterShowcase\build\bindings\bindings\Geode\source\SetupPulsePopup.cpp. [C:\Users\KusokMedi\Documents\GitHub\BetterShowcase\build\bindings\GeodeBindings.vcxproj]
C:\Program Files (x86)\Microsoft Visual Studio\2022\BuildTools\MSBuild\Microsoft\VC\v170\Microsoft.CppBuild.targets(1129,5): warning MSB8027: ╨┤╨▓╨░ ╨╕╨╗╨╕ ╨▒╨╛╨╗╨╡╨╡ ╤Д╨░╨╣╨╗╨╛╨▓ ╤Б ╨╕╨╝╨╡╨╜╨╡╨╝ SetupRandAdvTriggerPopup.cpp ╨▓╤Л╨▓╨╛╨┤╤П╤В ╤А╨╡╨╖╤Г╨╗╤М╤В╨░╤В╤Л ╨▓ ╨╛╨┤╨╜╨╛ ╨╕ ╤В╨╛ ╨╢╨╡ ╤А╨░╤Б╨┐╨╛╨╗╨╛╨╢╨╡╨╜╨╕╨╡. ╨н╤В╨╛ ╨╝╨╛╨╢╨╡╤В ╤Б╤В╨░╤В╤М ╨┐╤А╨╕╤З╨╕╨╜╨╛╨╣ ╨╜╨╡╨▓╨╡╤А╨╜╨╛╨│╨╛ ╤А╨╡╨╖╤Г╨╗╤М╤В╨░╤В╨░ ╤Б╨▒╨╛╤А╨║╨╕.  ╨Т╨║╨╗╤О╤З╨╡╨╜╨╜╤Л╨╡ ╤Д╨░╨╣╨╗╤Л тАФ C:\Users\KusokMedi\Documents\GitHub\BetterShowcase\build\_deps\bindings-src\bindings\2.2081\inline\SetupRandAdvTriggerPopup.cpp, C:\Users\KusokMedi\Documents\GitHub\BetterShowcase\build\bindings\bindings\Geode\source\SetupRandAdvTriggerPopup.cpp. [C:\Users\KusokMedi\Documents\GitHub\BetterShowcase\build\bindings\GeodeBindings.vcxproj]
C:\Program Files (x86)\Microsoft Visual Studio\2022\BuildTools\MSBuild\Microsoft\VC\v170\Microsoft.CppBuild.targets(1129,5): warning MSB8027: ╨┤╨▓╨░ ╨╕╨╗╨╕ ╨▒╨╛╨╗╨╡╨╡ ╤Д╨░╨╣╨╗╨╛╨▓ ╤Б ╨╕╨╝╨╡╨╜╨╡╨╝ SetupRandTriggerPopup.cpp ╨▓╤Л╨▓╨╛╨┤╤П╤В ╤А╨╡╨╖╤Г╨╗╤М╤В╨░╤В╤Л ╨▓ ╨╛╨┤╨╜╨╛ ╨╕ ╤В╨╛ ╨╢╨╡ ╤А╨░╤Б╨┐╨╛╨╗╨╛╨╢╨╡╨╜╨╕╨╡. ╨н╤В╨╛ ╨╝╨╛╨╢╨╡╤В ╤Б╤В╨░╤В╤М ╨┐╤А╨╕╤З╨╕╨╜╨╛╨╣ ╨╜╨╡╨▓╨╡╤А╨╜╨╛╨│╨╛ ╤А╨╡╨╖╤Г╨╗╤М╤В╨░╤В╨░ ╤Б╨▒╨╛╤А╨║╨╕.  ╨Т╨║╨╗╤О╤З╨╡╨╜╨╜╤Л╨╡ ╤Д╨░╨╣╨╗╤Л тАФ C:\Users\KusokMedi\Documents\GitHub\BetterShowcase\build\_deps\bindings-src\bindings\2.2081\inline\SetupRandTriggerPopup.cpp, C:\Users\KusokMedi\Documents\GitHub\BetterShowcase\build\bindings\bindings\Geode\source\SetupRandTriggerPopup.cpp. [C:\Users\KusokMedi\Documents\GitHub\BetterShowcase\build\bindings\GeodeBindings.vcxproj]
C:\Program Files (x86)\Microsoft Visual Studio\2022\BuildTools\MSBuild\Microsoft\VC\v170\Microsoft.CppBuild.targets(1129,5): warning MSB8027: ╨┤╨▓╨░ ╨╕╨╗╨╕ ╨▒╨╛╨╗╨╡╨╡ ╤Д╨░╨╣╨╗╨╛╨▓ ╤Б ╨╕╨╝╨╡╨╜╨╡╨╝ SetupResetTriggerPopup.cpp ╨▓╤Л╨▓╨╛╨┤╤П╤В ╤А╨╡╨╖╤Г╨╗╤М╤В╨░╤В╤Л ╨▓ ╨╛╨┤╨╜╨╛ ╨╕ ╤В╨╛ ╨╢╨╡ ╤А╨░╤Б╨┐╨╛╨╗╨╛╨╢╨╡╨╜╨╕╨╡. ╨н╤В╨╛ ╨╝╨╛╨╢╨╡╤В ╤Б╤В╨░╤В╤М ╨┐╤А╨╕╤З╨╕╨╜╨╛╨╣ ╨╜╨╡╨▓╨╡╤А╨╜╨╛╨│╨╛ ╤А╨╡╨╖╤Г╨╗╤М╤В╨░╤В╨░ ╤Б╨▒╨╛╤А╨║╨╕.  ╨Т╨║╨╗╤О╤З╨╡╨╜╨╜╤Л╨╡ ╤Д╨░╨╣╨╗╤Л тАФ C:\Users\KusokMedi\Documents\GitHub\BetterShowcase\build\_deps\bindings-src\bindings\2.2081\inline\SetupResetTriggerPopup.cpp, C:\Users\KusokMedi\Documents\GitHub\BetterShowcase\build\bindings\bindings\Geode\source\SetupResetTriggerPopup.cpp. [C:\Users\KusokMedi\Documents\GitHub\BetterShowcase\build\bindings\GeodeBindings.vcxproj]
C:\Program Files (x86)\Microsoft Visual Studio\2022\BuildTools\MSBuild\Microsoft\VC\v170\Microsoft.CppBuild.targets(1129,5): warning MSB8027: ╨┤╨▓╨░ ╨╕╨╗╨╕ ╨▒╨╛╨╗╨╡╨╡ ╤Д╨░╨╣╨╗╨╛╨▓ ╤Б ╨╕╨╝╨╡╨╜╨╡╨╝ SetupReverbPopup.cpp ╨▓╤Л╨▓╨╛╨┤╤П╤В ╤А╨╡╨╖╤Г╨╗╤М╤В╨░╤В╤Л ╨▓ ╨╛╨┤╨╜╨╛ ╨╕ ╤В╨╛ ╨╢╨╡ ╤А╨░╤Б╨┐╨╛╨╗╨╛╨╢╨╡╨╜╨╕╨╡. ╨н╤В╨╛ ╨╝╨╛╨╢╨╡╤В ╤Б╤В╨░╤В╤М ╨┐╤А╨╕╤З╨╕╨╜╨╛╨╣ ╨╜╨╡╨▓╨╡╤А╨╜╨╛╨│╨╛ ╤А╨╡╨╖╤Г╨╗╤М╤В╨░╤В╨░ ╤Б╨▒╨╛╤А╨║╨╕.  ╨Т╨║╨╗╤О╤З╨╡╨╜╨╜╤Л╨╡ ╤Д╨░╨╣╨╗╤Л тАФ C:\Users\KusokMedi\Documents\GitHub\BetterShowcase\build\_deps\bindings-src\bindings\2.2081\inline\SetupReverbPopup.cpp, C:\Users\KusokMedi\Documents\GitHub\BetterShowcase\build\bindings\bindings\Geode\source\SetupReverbPopup.cpp. [C:\Users\KusokMedi\Documents\GitHub\BetterShowcase\build\bindings\GeodeBindings.vcxproj]
C:\Program Files (x86)\Microsoft Visual Studio\2022\BuildTools\MSBuild\Microsoft\VC\v170\Microsoft.CppBuild.targets(1129,5): warning MSB8027: ╨┤╨▓╨░ ╨╕╨╗╨╕ ╨▒╨╛╨╗╨╡╨╡ ╤Д╨░╨╣╨╗╨╛╨▓ ╤Б ╨╕╨╝╨╡╨╜╨╡╨╝ SetupRotateCommandPopup.cpp ╨▓╤Л╨▓╨╛╨┤╤П╤В ╤А╨╡╨╖╤Г╨╗╤М╤В╨░╤В╤Л ╨▓ ╨╛╨┤╨╜╨╛ ╨╕ ╤В╨╛ ╨╢╨╡ ╤А╨░╤Б╨┐╨╛╨╗╨╛╨╢╨╡╨╜╨╕╨╡. ╨н╤В╨╛ ╨╝╨╛╨╢╨╡╤В ╤Б╤В╨░╤В╤М ╨┐╤А╨╕╤З╨╕╨╜╨╛╨╣ ╨╜╨╡╨▓╨╡╤А╨╜╨╛╨│╨╛ ╤А╨╡╨╖╤Г╨╗╤М╤В╨░╤В╨░ ╤Б╨▒╨╛╤А╨║╨╕.  ╨Т╨║╨╗╤О╤З╨╡╨╜╨╜╤Л╨╡ ╤Д╨░╨╣╨╗╤Л тАФ C:\Users\KusokMedi\Documents\GitHub\BetterShowcase\build\_deps\bindings-src\bindings\2.2081\inline\SetupRotateCommandPopup.cpp, C:\Users\KusokMedi\Documents\GitHub\BetterShowcase\build\bindings\bindings\Geode\source\SetupRotateCommandPopup.cpp. [C:\Users\KusokMedi\Documents\GitHub\BetterShowcase\build\bindings\GeodeBindings.vcxproj]
C:\Program Files (x86)\Microsoft Visual Studio\2022\BuildTools\MSBuild\Microsoft\VC\v170\Microsoft.CppBuild.targets(1129,5): warning MSB8027: ╨┤╨▓╨░ ╨╕╨╗╨╕ ╨▒╨╛╨╗╨╡╨╡ ╤Д╨░╨╣╨╗╨╛╨▓ ╤Б ╨╕╨╝╨╡╨╜╨╡╨╝ SetupRotateGameplayPopup.cpp ╨▓╤Л╨▓╨╛╨┤╤П╤В ╤А╨╡╨╖╤Г╨╗╤М╤В╨░╤В╤Л ╨▓ ╨╛╨┤╨╜╨╛ ╨╕ ╤В╨╛ ╨╢╨╡ ╤А╨░╤Б╨┐╨╛╨╗╨╛╨╢╨╡╨╜╨╕╨╡. ╨н╤В╨╛ ╨╝╨╛╨╢╨╡╤В ╤Б╤В╨░╤В╤М ╨┐╤А╨╕╤З╨╕╨╜╨╛╨╣ ╨╜╨╡╨▓╨╡╤А╨╜╨╛╨│╨╛ ╤А╨╡╨╖╤Г╨╗╤М╤В╨░╤В╨░ ╤Б╨▒╨╛╤А╨║╨╕.  ╨Т╨║╨╗╤О╤З╨╡╨╜╨╜╤Л╨╡ ╤Д╨░╨╣╨╗╤Л тАФ C:\Users\KusokMedi\Documents\GitHub\BetterShowcase\build\_deps\bindings-src\bindings\2.2081\inline\SetupRotateGameplayPopup.cpp, C:\Users\KusokMedi\Documents\GitHub\BetterShowcase\build\bindings\bindings\Geode\source\SetupRotateGameplayPopup.cpp. [C:\Users\KusokMedi\Documents\GitHub\BetterShowcase\build\bindings\GeodeBindings.vcxproj]
C:\Program Files (x86)\Microsoft Visual Studio\2022\BuildTools\MSBuild\Microsoft\VC\v170\Microsoft.CppBuild.targets(1129,5): warning MSB8027: ╨┤╨▓╨░ ╨╕╨╗╨╕ ╨▒╨╛╨╗╨╡╨╡ ╤Д╨░╨╣╨╗╨╛╨▓ ╤Б ╨╕╨╝╨╡╨╜╨╡╨╝ SetupRotatePopup.cpp ╨▓╤Л╨▓╨╛╨┤╤П╤В ╤А╨╡╨╖╤Г╨╗╤М╤В╨░╤В╤Л ╨▓ ╨╛╨┤╨╜╨╛ ╨╕ ╤В╨╛ ╨╢╨╡ ╤А╨░╤Б╨┐╨╛╨╗╨╛╨╢╨╡╨╜╨╕╨╡. ╨н╤В╨╛ ╨╝╨╛╨╢╨╡╤В ╤Б╤В╨░╤В╤М ╨┐╤А╨╕╤З╨╕╨╜╨╛╨╣ ╨╜╨╡╨▓╨╡╤А╨╜╨╛╨│╨╛ ╤А╨╡╨╖╤Г╨╗╤М╤В╨░╤В╨░ ╤Б╨▒╨╛╤А╨║╨╕.  ╨Т╨║╨╗╤О╤З╨╡╨╜╨╜╤Л╨╡ ╤Д╨░╨╣╨╗╤Л тАФ C:\Users\KusokMedi\Documents\GitHub\BetterShowcase\build\_deps\bindings-src\bindings\2.2081\inline\SetupRotatePopup.cpp, C:\Users\KusokMedi\Documents\GitHub\BetterShowcase\build\bindings\bindings\Geode\source\SetupRotatePopup.cpp. [C:\Users\KusokMedi\Documents\GitHub\BetterShowcase\build\bindings\GeodeBindings.vcxproj]
C:\Program Files (x86)\Microsoft Visual Studio\2022\BuildTools\MSBuild\Microsoft\VC\v170\Microsoft.CppBuild.targets(1129,5): warning MSB8027: ╨┤╨▓╨░ ╨╕╨╗╨╕ ╨▒╨╛╨╗╨╡╨╡ ╤Д╨░╨╣╨╗╨╛╨▓ ╤Б ╨╕╨╝╨╡╨╜╨╡╨╝ SetupSFXEditPopup.cpp ╨▓╤Л╨▓╨╛╨┤╤П╤В ╤А╨╡╨╖╤Г╨╗╤М╤В╨░╤В╤Л ╨▓ ╨╛╨┤╨╜╨╛ ╨╕ ╤В╨╛ ╨╢╨╡ ╤А╨░╤Б╨┐╨╛╨╗╨╛╨╢╨╡╨╜╨╕╨╡. ╨н╤В╨╛ ╨╝╨╛╨╢╨╡╤В ╤Б╤В╨░╤В╤М ╨┐╤А╨╕╤З╨╕╨╜╨╛╨╣ ╨╜╨╡╨▓╨╡╤А╨╜╨╛╨│╨╛ ╤А╨╡╨╖╤Г╨╗╤М╤В╨░╤В╨░ ╤Б╨▒╨╛╤А╨║╨╕.  ╨Т╨║╨╗╤О╤З╨╡╨╜╨╜╤Л╨╡ ╤Д╨░╨╣╨╗╤Л тАФ C:\Users\KusokMedi\Documents\GitHub\BetterShowcase\build\_deps\bindings-src\bindings\2.2081\inline\SetupSFXEditPopup.cpp, C:\Users\KusokMedi\Documents\GitHub\BetterShowcase\build\bindings\bindings\Geode\source\SetupSFXEditPopup.cpp. [C:\Users\KusokMedi\Documents\GitHub\BetterShowcase\build\bindings\GeodeBindings.vcxproj]
C:\Program Files (x86)\Microsoft Visual Studio\2022\BuildTools\MSBuild\Microsoft\VC\v170\Microsoft.CppBuild.targets(1129,5): warning MSB8027: ╨┤╨▓╨░ ╨╕╨╗╨╕ ╨▒╨╛╨╗╨╡╨╡ ╤Д╨░╨╣╨╗╨╛╨▓ ╤Б ╨╕╨╝╨╡╨╜╨╡╨╝ SetupSFXPopup.cpp ╨▓╤Л╨▓╨╛╨┤╤П╤В ╤А╨╡╨╖╤Г╨╗╤М╤В╨░╤В╤Л ╨▓ ╨╛╨┤╨╜╨╛ ╨╕ ╤В╨╛ ╨╢╨╡ ╤А╨░╤Б╨┐╨╛╨╗╨╛╨╢╨╡╨╜╨╕╨╡. ╨н╤В╨╛ ╨╝╨╛╨╢╨╡╤В ╤Б╤В╨░╤В╤М ╨┐╤А╨╕╤З╨╕╨╜╨╛╨╣ ╨╜╨╡╨▓╨╡╤А╨╜╨╛╨│╨╛ ╤А╨╡╨╖╤Г╨╗╤М╤В╨░╤В╨░ ╤Б╨▒╨╛╤А╨║╨╕.  ╨Т╨║╨╗╤О╤З╨╡╨╜╨╜╤Л╨╡ ╤Д╨░╨╣╨╗╤Л тАФ C:\Users\KusokMedi\Documents\GitHub\BetterShowcase\build\_deps\bindings-src\bindings\2.2081\inline\SetupSFXPopup.cpp, C:\Users\KusokMedi\Documents\GitHub\BetterShowcase\build\bindings\bindings\Geode\source\SetupSFXPopup.cpp. [C:\Users\KusokMedi\Documents\GitHub\BetterShowcase\build\bindings\GeodeBindings.vcxproj]
C:\Program Files (x86)\Microsoft Visual Studio\2022\BuildTools\MSBuild\Microsoft\VC\v170\Microsoft.CppBuild.targets(1129,5): warning MSB8027: ╨┤╨▓╨░ ╨╕╨╗╨╕ ╨▒╨╛╨╗╨╡╨╡ ╤Д╨░╨╣╨╗╨╛╨▓ ╤Б ╨╕╨╝╨╡╨╜╨╡╨╝ SetupSequenceTriggerPopup.cpp ╨▓╤Л╨▓╨╛╨┤╤П╤В ╤А╨╡╨╖╤Г╨╗╤М╤В╨░╤В╤Л ╨▓ ╨╛╨┤╨╜╨╛ ╨╕ ╤В╨╛ ╨╢╨╡ ╤А╨░╤Б╨┐╨╛╨╗╨╛╨╢╨╡╨╜╨╕╨╡. ╨н╤В╨╛ ╨╝╨╛╨╢╨╡╤В ╤Б╤В╨░╤В╤М ╨┐╤А╨╕╤З╨╕╨╜╨╛╨╣ ╨╜╨╡╨▓╨╡╤А╨╜╨╛╨│╨╛ ╤А╨╡╨╖╤Г╨╗╤М╤В╨░╤В╨░ ╤Б╨▒╨╛╤А╨║╨╕.  ╨Т╨║╨╗╤О╤З╨╡╨╜╨╜╤Л╨╡ ╤Д╨░╨╣╨╗╤Л тАФ C:\Users\KusokMedi\Documents\GitHub\BetterShowcase\build\_deps\bindings-src\bindings\2.2081\inline\SetupSequenceTriggerPopup.cpp, C:\Users\KusokMedi\Documents\GitHub\BetterShowcase\build\bindings\bindings\Geode\source\SetupSequenceTriggerPopup.cpp. [C:\Users\KusokMedi\Documents\GitHub\BetterShowcase\build\bindings\GeodeBindings.vcxproj]
C:\Program Files (x86)\Microsoft Visual Studio\2022\BuildTools\MSBuild\Microsoft\VC\v170\Microsoft.CppBuild.targets(1129,5): warning MSB8027: ╨┤╨▓╨░ ╨╕╨╗╨╕ ╨▒╨╛╨╗╨╡╨╡ ╤Д╨░╨╣╨╗╨╛╨▓ ╤Б ╨╕╨╝╨╡╨╜╨╡╨╝ SetupShaderEffectPopup.cpp ╨▓╤Л╨▓╨╛╨┤╤П╤В ╤А╨╡╨╖╤Г╨╗╤М╤В╨░╤В╤Л ╨▓ ╨╛╨┤╨╜╨╛ ╨╕ ╤В╨╛ ╨╢╨╡ ╤А╨░╤Б╨┐╨╛╨╗╨╛╨╢╨╡╨╜╨╕╨╡. ╨н╤В╨╛ ╨╝╨╛╨╢╨╡╤В ╤Б╤В╨░╤В╤М ╨┐╤А╨╕╤З╨╕╨╜╨╛╨╣ ╨╜╨╡╨▓╨╡╤А╨╜╨╛╨│╨╛ ╤А╨╡╨╖╤Г╨╗╤М╤В╨░╤В╨░ ╤Б╨▒╨╛╤А╨║╨╕.  ╨Т╨║╨╗╤О╤З╨╡╨╜╨╜╤Л╨╡ ╤Д╨░╨╣╨╗╤Л тАФ C:\Users\KusokMedi\Documents\GitHub\BetterShowcase\build\_deps\bindings-src\bindings\2.2081\inline\SetupShaderEffectPopup.cpp, C:\Users\KusokMedi\Documents\GitHub\BetterShowcase\build\bindings\bindings\Geode\source\SetupShaderEffectPopup.cpp. [C:\Users\KusokMedi\Documents\GitHub\BetterShowcase\build\bindings\GeodeBindings.vcxproj]
C:\Program Files (x86)\Microsoft Visual Studio\2022\BuildTools\MSBuild\Microsoft\VC\v170\Microsoft.CppBuild.targets(1129,5): warning MSB8027: ╨┤╨▓╨░ ╨╕╨╗╨╕ ╨▒╨╛╨╗╨╡╨╡ ╤Д╨░╨╣╨╗╨╛╨▓ ╤Б ╨╕╨╝╨╡╨╜╨╡╨╝ SetupShakePopup.cpp ╨▓╤Л╨▓╨╛╨┤╤П╤В ╤А╨╡╨╖╤Г╨╗╤М╤В╨░╤В╤Л ╨▓ ╨╛╨┤╨╜╨╛ ╨╕ ╤В╨╛ ╨╢╨╡ ╤А╨░╤Б╨┐╨╛╨╗╨╛╨╢╨╡╨╜╨╕╨╡. ╨н╤В╨╛ ╨╝╨╛╨╢╨╡╤В ╤Б╤В╨░╤В╤М ╨┐╤А╨╕╤З╨╕╨╜╨╛╨╣ ╨╜╨╡╨▓╨╡╤А╨╜╨╛╨│╨╛ ╤А╨╡╨╖╤Г╨╗╤М╤В╨░╤В╨░ ╤Б╨▒╨╛╤А╨║╨╕.  ╨Т╨║╨╗╤О╤З╨╡╨╜╨╜╤Л╨╡ ╤Д╨░╨╣╨╗╤Л тАФ C:\Users\KusokMedi\Documents\GitHub\BetterShowcase\build\_deps\bindings-src\bindings\2.2081\inline\SetupShakePopup.cpp, C:\Users\KusokMedi\Documents\GitHub\BetterShowcase\build\bindings\bindings\Geode\source\SetupShakePopup.cpp. [C:\Users\KusokMedi\Documents\GitHub\BetterShowcase\build\bindings\GeodeBindings.vcxproj]
C:\Program Files (x86)\Microsoft Visual Studio\2022\BuildTools\MSBuild\Microsoft\VC\v170\Microsoft.CppBuild.targets(1129,5): warning MSB8027: ╨┤╨▓╨░ ╨╕╨╗╨╕ ╨▒╨╛╨╗╨╡╨╡ ╤Д╨░╨╣╨╗╨╛╨▓ ╤Б ╨╕╨╝╨╡╨╜╨╡╨╝ SetupSmartBlockLayer.cpp ╨▓╤Л╨▓╨╛╨┤╤П╤В ╤А╨╡╨╖╤Г╨╗╤М╤В╨░╤В╤Л ╨▓ ╨╛╨┤╨╜╨╛ ╨╕ ╤В╨╛ ╨╢╨╡ ╤А╨░╤Б╨┐╨╛╨╗╨╛╨╢╨╡╨╜╨╕╨╡. ╨н╤В╨╛ ╨╝╨╛╨╢╨╡╤В ╤Б╤В╨░╤В╤М ╨┐╤А╨╕╤З╨╕╨╜╨╛╨╣ ╨╜╨╡╨▓╨╡╤А╨╜╨╛╨│╨╛ ╤А╨╡╨╖╤Г╨╗╤М╤В╨░╤В╨░ ╤Б╨▒╨╛╤А╨║╨╕.  ╨Т╨║╨╗╤О╤З╨╡╨╜╨╜╤Л╨╡ ╤Д╨░╨╣╨╗╤Л тАФ C:\Users\KusokMedi\Documents\GitHub\BetterShowcase\build\_deps\bindings-src\bindings\2.2081\inline\SetupSmartBlockLayer.cpp, C:\Users\KusokMedi\Documents\GitHub\BetterShowcase\build\bindings\bindings\Geode\source\SetupSmartBlockLayer.cpp. [C:\Users\KusokMedi\Documents\GitHub\BetterShowcase\build\bindings\GeodeBindings.vcxproj]
C:\Program Files (x86)\Microsoft Visual Studio\2022\BuildTools\MSBuild\Microsoft\VC\v170\Microsoft.CppBuild.targets(1129,5): warning MSB8027: ╨┤╨▓╨░ ╨╕╨╗╨╕ ╨▒╨╛╨╗╨╡╨╡ ╤Д╨░╨╣╨╗╨╛╨▓ ╤Б ╨╕╨╝╨╡╨╜╨╡╨╝ SetupSmartTemplateLayer.cpp ╨▓╤Л╨▓╨╛╨┤╤П╤В ╤А╨╡╨╖╤Г╨╗╤М╤В╨░╤В╤Л ╨▓ ╨╛╨┤╨╜╨╛ ╨╕ ╤В╨╛ ╨╢╨╡ ╤А╨░╤Б╨┐╨╛╨╗╨╛╨╢╨╡╨╜╨╕╨╡. ╨н╤В╨╛ ╨╝╨╛╨╢╨╡╤В ╤Б╤В╨░╤В╤М ╨┐╤А╨╕╤З╨╕╨╜╨╛╨╣ ╨╜╨╡╨▓╨╡╤А╨╜╨╛╨│╨╛ ╤А╨╡╨╖╤Г╨╗╤М╤В╨░╤В╨░ ╤Б╨▒╨╛╤А╨║╨╕.  ╨Т╨║╨╗╤О╤З╨╡╨╜╨╜╤Л╨╡ ╤Д╨░╨╣╨╗╤Л тАФ C:\Users\KusokMedi\Documents\GitHub\BetterShowcase\build\_deps\bindings-src\bindings\2.2081\inline\SetupSmartTemplateLayer.cpp, C:\Users\KusokMedi\Documents\GitHub\BetterShowcase\build\bindings\bindings\Geode\source\SetupSmartTemplateLayer.cpp. [C:\Users\KusokMedi\Documents\GitHub\BetterShowcase\build\bindings\GeodeBindings.vcxproj]
C:\Program Files (x86)\Microsoft Visual Studio\2022\BuildTools\MSBuild\Microsoft\VC\v170\Microsoft.CppBuild.targets(1129,5): warning MSB8027: ╨┤╨▓╨░ ╨╕╨╗╨╕ ╨▒╨╛╨╗╨╡╨╡ ╤Д╨░╨╣╨╗╨╛╨▓ ╤Б ╨╕╨╝╨╡╨╜╨╡╨╝ SetupSongTriggerPopup.cpp ╨▓╤Л╨▓╨╛╨┤╤П╤В ╤А╨╡╨╖╤Г╨╗╤М╤В╨░╤В╤Л ╨▓ ╨╛╨┤╨╜╨╛ ╨╕ ╤В╨╛ ╨╢╨╡ ╤А╨░╤Б╨┐╨╛╨╗╨╛╨╢╨╡╨╜╨╕╨╡. ╨н╤В╨╛ ╨╝╨╛╨╢╨╡╤В ╤Б╤В╨░╤В╤М ╨┐╤А╨╕╤З╨╕╨╜╨╛╨╣ ╨╜╨╡╨▓╨╡╤А╨╜╨╛╨│╨╛ ╤А╨╡╨╖╤Г╨╗╤М╤В╨░╤В╨░ ╤Б╨▒╨╛╤А╨║╨╕.  ╨Т╨║╨╗╤О╤З╨╡╨╜╨╜╤Л╨╡ ╤Д╨░╨╣╨╗╤Л тАФ C:\Users\KusokMedi\Documents\GitHub\BetterShowcase\build\_deps\bindings-src\bindings\2.2081\inline\SetupSongTriggerPopup.cpp, C:\Users\KusokMedi\Documents\GitHub\BetterShowcase\build\bindings\bindings\Geode\source\SetupSongTriggerPopup.cpp. [C:\Users\KusokMedi\Documents\GitHub\BetterShowcase\build\bindings\GeodeBindings.vcxproj]
C:\Program Files (x86)\Microsoft Visual Studio\2022\BuildTools\MSBuild\Microsoft\VC\v170\Microsoft.CppBuild.targets(1129,5): warning MSB8027: ╨┤╨▓╨░ ╨╕╨╗╨╕ ╨▒╨╛╨╗╨╡╨╡ ╤Д╨░╨╣╨╗╨╛╨▓ ╤Б ╨╕╨╝╨╡╨╜╨╡╨╝ SetupSpawnParticlePopup.cpp ╨▓╤Л╨▓╨╛╨┤╤П╤В ╤А╨╡╨╖╤Г╨╗╤М╤В╨░╤В╤Л ╨▓ ╨╛╨┤╨╜╨╛ ╨╕ ╤В╨╛ ╨╢╨╡ ╤А╨░╤Б╨┐╨╛╨╗╨╛╨╢╨╡╨╜╨╕╨╡. ╨н╤В╨╛ ╨╝╨╛╨╢╨╡╤В ╤Б╤В╨░╤В╤М ╨┐╤А╨╕╤З╨╕╨╜╨╛╨╣ ╨╜╨╡╨▓╨╡╤А╨╜╨╛╨│╨╛ ╤А╨╡╨╖╤Г╨╗╤М╤В╨░╤В╨░ ╤Б╨▒╨╛╤А╨║╨╕.  ╨Т╨║╨╗╤О╤З╨╡╨╜╨╜╤Л╨╡ ╤Д╨░╨╣╨╗╤Л тАФ C:\Users\KusokMedi\Documents\GitHub\BetterShowcase\build\_deps\bindings-src\bindings\2.2081\inline\SetupSpawnParticlePopup.cpp, C:\Users\KusokMedi\Documents\GitHub\BetterShowcase\build\bindings\bindings\Geode\source\SetupSpawnParticlePopup.cpp. [C:\Users\KusokMedi\Documents\GitHub\BetterShowcase\build\bindings\GeodeBindings.vcxproj]
C:\Program Files (x86)\Microsoft Visual Studio\2022\BuildTools\MSBuild\Microsoft\VC\v170\Microsoft.CppBuild.targets(1129,5): warning MSB8027: ╨┤╨▓╨░ ╨╕╨╗╨╕ ╨▒╨╛╨╗╨╡╨╡ ╤Д╨░╨╣╨╗╨╛╨▓ ╤Б ╨╕╨╝╨╡╨╜╨╡╨╝ SetupSpawnPopup.cpp ╨▓╤Л╨▓╨╛╨┤╤П╤В ╤А╨╡╨╖╤Г╨╗╤М╤В╨░╤В╤Л ╨▓ ╨╛╨┤╨╜╨╛ ╨╕ ╤В╨╛ ╨╢╨╡ ╤А╨░╤Б╨┐╨╛╨╗╨╛╨╢╨╡╨╜╨╕╨╡. ╨н╤В╨╛ ╨╝╨╛╨╢╨╡╤В ╤Б╤В╨░╤В╤М ╨┐╤А╨╕╤З╨╕╨╜╨╛╨╣ ╨╜╨╡╨▓╨╡╤А╨╜╨╛╨│╨╛ ╤А╨╡╨╖╤Г╨╗╤М╤В╨░╤В╨░ ╤Б╨▒╨╛╤А╨║╨╕.  ╨Т╨║╨╗╤О╤З╨╡╨╜╨╜╤Л╨╡ ╤Д╨░╨╣╨╗╤Л тАФ C:\Users\KusokMedi\Documents\GitHub\BetterShowcase\build\_deps\bindings-src\bindings\2.2081\inline\SetupSpawnPopup.cpp, C:\Users\KusokMedi\Documents\GitHub\BetterShowcase\build\bindings\bindings\Geode\source\SetupSpawnPopup.cpp. [C:\Users\KusokMedi\Documents\GitHub\BetterShowcase\build\bindings\GeodeBindings.vcxproj]
C:\Program Files (x86)\Microsoft Visual Studio\2022\BuildTools\MSBuild\Microsoft\VC\v170\Microsoft.CppBuild.targets(1129,5): warning MSB8027: ╨┤╨▓╨░ ╨╕╨╗╨╕ ╨▒╨╛╨╗╨╡╨╡ ╤Д╨░╨╣╨╗╨╛╨▓ ╤Б ╨╕╨╝╨╡╨╜╨╡╨╝ SetupStaticCameraPopup.cpp ╨▓╤Л╨▓╨╛╨┤╤П╤В ╤А╨╡╨╖╤Г╨╗╤М╤В╨░╤В╤Л ╨▓ ╨╛╨┤╨╜╨╛ ╨╕ ╤В╨╛ ╨╢╨╡ ╤А╨░╤Б╨┐╨╛╨╗╨╛╨╢╨╡╨╜╨╕╨╡. ╨н╤В╨╛ ╨╝╨╛╨╢╨╡╤В ╤Б╤В╨░╤В╤М ╨┐╤А╨╕╤З╨╕╨╜╨╛╨╣ ╨╜╨╡╨▓╨╡╤А╨╜╨╛╨│╨╛ ╤А╨╡╨╖╤Г╨╗╤М╤В╨░╤В╨░ ╤Б╨▒╨╛╤А╨║╨╕.  ╨Т╨║╨╗╤О╤З╨╡╨╜╨╜╤Л╨╡ ╤Д╨░╨╣╨╗╤Л тАФ C:\Users\KusokMedi\Documents\GitHub\BetterShowcase\build\_deps\bindings-src\bindings\2.2081\inline\SetupStaticCameraPopup.cpp, C:\Users\KusokMedi\Documents\GitHub\BetterShowcase\build\bindings\bindings\Geode\source\SetupStaticCameraPopup.cpp. [C:\Users\KusokMedi\Documents\GitHub\BetterShowcase\build\bindings\GeodeBindings.vcxproj]
C:\Program Files (x86)\Microsoft Visual Studio\2022\BuildTools\MSBuild\Microsoft\VC\v170\Microsoft.CppBuild.targets(1129,5): warning MSB8027: ╨┤╨▓╨░ ╨╕╨╗╨╕ ╨▒╨╛╨╗╨╡╨╡ ╤Д╨░╨╣╨╗╨╛╨▓ ╤Б ╨╕╨╝╨╡╨╜╨╡╨╝ SetupStopTriggerPopup.cpp ╨▓╤Л╨▓╨╛╨┤╤П╤В ╤А╨╡╨╖╤Г╨╗╤М╤В╨░╤В╤Л ╨▓ ╨╛╨┤╨╜╨╛ ╨╕ ╤В╨╛ ╨╢╨╡ ╤А╨░╤Б╨┐╨╛╨╗╨╛╨╢╨╡╨╜╨╕╨╡. ╨н╤В╨╛ ╨╝╨╛╨╢╨╡╤В ╤Б╤В╨░╤В╤М ╨┐╤А╨╕╤З╨╕╨╜╨╛╨╣ ╨╜╨╡╨▓╨╡╤А╨╜╨╛╨│╨╛ ╤А╨╡╨╖╤Г╨╗╤М╤В╨░╤В╨░ ╤Б╨▒╨╛╤А╨║╨╕.  ╨Т╨║╨╗╤О╤З╨╡╨╜╨╜╤Л╨╡ ╤Д╨░╨╣╨╗╤Л тАФ C:\Users\KusokMedi\Documents\GitHub\BetterShowcase\build\_deps\bindings-src\bindings\2.2081\inline\SetupStopTriggerPopup.cpp, C:\Users\KusokMedi\Documents\GitHub\BetterShowcase\build\bindings\bindings\Geode\source\SetupStopTriggerPopup.cpp. [C:\Users\KusokMedi\Documents\GitHub\BetterShowcase\build\bindings\GeodeBindings.vcxproj]
C:\Program Files (x86)\Microsoft Visual Studio\2022\BuildTools\MSBuild\Microsoft\VC\v170\Microsoft.CppBuild.targets(1129,5): warning MSB8027: ╨┤╨▓╨░ ╨╕╨╗╨╕ ╨▒╨╛╨╗╨╡╨╡ ╤Д╨░╨╣╨╗╨╛╨▓ ╤Б ╨╕╨╝╨╡╨╜╨╡╨╝ SetupTeleportPopup.cpp ╨▓╤Л╨▓╨╛╨┤╤П╤В ╤А╨╡╨╖╤Г╨╗╤М╤В╨░╤В╤Л ╨▓ ╨╛╨┤╨╜╨╛ ╨╕ ╤В╨╛ ╨╢╨╡ ╤А╨░╤Б╨┐╨╛╨╗╨╛╨╢╨╡╨╜╨╕╨╡. ╨н╤В╨╛ ╨╝╨╛╨╢╨╡╤В ╤Б╤В╨░╤В╤М ╨┐╤А╨╕╤З╨╕╨╜╨╛╨╣ ╨╜╨╡╨▓╨╡╤А╨╜╨╛╨│╨╛ ╤А╨╡╨╖╤Г╨╗╤М╤В╨░╤В╨░ ╤Б╨▒╨╛╤А╨║╨╕.  ╨Т╨║╨╗╤О╤З╨╡╨╜╨╜╤Л╨╡ ╤Д╨░╨╣╨╗╤Л тАФ C:\Users\KusokMedi\Documents\GitHub\BetterShowcase\build\_deps\bindings-src\bindings\2.2081\inline\SetupTeleportPopup.cpp, C:\Users\KusokMedi\Documents\GitHub\BetterShowcase\build\bindings\bindings\Geode\source\SetupTeleportPopup.cpp. [C:\Users\KusokMedi\Documents\GitHub\BetterShowcase\build\bindings\GeodeBindings.vcxproj]
C:\Program Files (x86)\Microsoft Visual Studio\2022\BuildTools\MSBuild\Microsoft\VC\v170\Microsoft.CppBuild.targets(1129,5): warning MSB8027: ╨┤╨▓╨░ ╨╕╨╗╨╕ ╨▒╨╛╨╗╨╡╨╡ ╤Д╨░╨╣╨╗╨╛╨▓ ╤Б ╨╕╨╝╨╡╨╜╨╡╨╝ SetupTimeWarpPopup.cpp ╨▓╤Л╨▓╨╛╨┤╤П╤В ╤А╨╡╨╖╤Г╨╗╤М╤В╨░╤В╤Л ╨▓ ╨╛╨┤╨╜╨╛ ╨╕ ╤В╨╛ ╨╢╨╡ ╤А╨░╤Б╨┐╨╛╨╗╨╛╨╢╨╡╨╜╨╕╨╡. ╨н╤В╨╛ ╨╝╨╛╨╢╨╡╤В ╤Б╤В╨░╤В╤М ╨┐╤А╨╕╤З╨╕╨╜╨╛╨╣ ╨╜╨╡╨▓╨╡╤А╨╜╨╛╨│╨╛ ╤А╨╡╨╖╤Г╨╗╤М╤В╨░╤В╨░ ╤Б╨▒╨╛╤А╨║╨╕.  ╨Т╨║╨╗╤О╤З╨╡╨╜╨╜╤Л╨╡ ╤Д╨░╨╣╨╗╤Л тАФ C:\Users\KusokMedi\Documents\GitHub\BetterShowcase\build\_deps\bindings-src\bindings\2.2081\inline\SetupTimeWarpPopup.cpp, C:\Users\KusokMedi\Documents\GitHub\BetterShowcase\build\bindings\bindings\Geode\source\SetupTimeWarpPopup.cpp. [C:\Users\KusokMedi\Documents\GitHub\BetterShowcase\build\bindings\GeodeBindings.vcxproj]
C:\Program Files (x86)\Microsoft Visual Studio\2022\BuildTools\MSBuild\Microsoft\VC\v170\Microsoft.CppBuild.targets(1129,5): warning MSB8027: ╨┤╨▓╨░ ╨╕╨╗╨╕ ╨▒╨╛╨╗╨╡╨╡ ╤Д╨░╨╣╨╗╨╛╨▓ ╤Б ╨╕╨╝╨╡╨╜╨╡╨╝ SetupTimerControlTriggerPopup.cpp ╨▓╤Л╨▓╨╛╨┤╤П╤В ╤А╨╡╨╖╤Г╨╗╤М╤В╨░╤В╤Л ╨▓ ╨╛╨┤╨╜╨╛ ╨╕ ╤В╨╛ ╨╢╨╡ ╤А╨░╤Б╨┐╨╛╨╗╨╛╨╢╨╡╨╜╨╕╨╡. ╨н╤В╨╛ ╨╝╨╛╨╢╨╡╤В ╤Б╤В╨░╤В╤М ╨┐╤А╨╕╤З╨╕╨╜╨╛╨╣ ╨╜╨╡╨▓╨╡╤А╨╜╨╛╨│╨╛ ╤А╨╡╨╖╤Г╨╗╤М╤В╨░╤В╨░ ╤Б╨▒╨╛╤А╨║╨╕.  ╨Т╨║╨╗╤О╤З╨╡╨╜╨╜╤Л╨╡ ╤Д╨░╨╣╨╗╤Л тАФ C:\Users\KusokMedi\Documents\GitHub\BetterShowcase\build\_deps\bindings-src\bindings\2.2081\inline\SetupTimerControlTriggerPopup.cpp, C:\Users\KusokMedi\Documents\GitHub\BetterShowcase\build\bindings\bindings\Geode\source\SetupTimerControlTriggerPopup.cpp. [C:\Users\KusokMedi\Documents\GitHub\BetterShowcase\build\bindings\GeodeBindings.vcxproj]
C:\Program Files (x86)\Microsoft Visual Studio\2022\BuildTools\MSBuild\Microsoft\VC\v170\Microsoft.CppBuild.targets(1129,5): warning MSB8027: ╨┤╨▓╨░ ╨╕╨╗╨╕ ╨▒╨╛╨╗╨╡╨╡ ╤Д╨░╨╣╨╗╨╛╨▓ ╤Б ╨╕╨╝╨╡╨╜╨╡╨╝ SetupTimerEventTriggerPopup.cpp ╨▓╤Л╨▓╨╛╨┤╤П╤В ╤А╨╡╨╖╤Г╨╗╤М╤В╨░╤В╤Л ╨▓ ╨╛╨┤╨╜╨╛ ╨╕ ╤В╨╛ ╨╢╨╡ ╤А╨░╤Б╨┐╨╛╨╗╨╛╨╢╨╡╨╜╨╕╨╡. ╨н╤В╨╛ ╨╝╨╛╨╢╨╡╤В ╤Б╤В╨░╤В╤М ╨┐╤А╨╕╤З╨╕╨╜╨╛╨╣ ╨╜╨╡╨▓╨╡╤А╨╜╨╛╨│╨╛ ╤А╨╡╨╖╤Г╨╗╤М╤В╨░╤В╨░ ╤Б╨▒╨╛╤А╨║╨╕.  ╨Т╨║╨╗╤О╤З╨╡╨╜╨╜╤Л╨╡ ╤Д╨░╨╣╨╗╤Л тАФ C:\Users\KusokMedi\Documents\GitHub\BetterShowcase\build\_deps\bindings-src\bindings\2.2081\inline\SetupTimerEventTriggerPopup.cpp, C:\Users\KusokMedi\Documents\GitHub\BetterShowcase\build\bindings\bindings\Geode\source\SetupTimerEventTriggerPopup.cpp. [C:\Users\KusokMedi\Documents\GitHub\BetterShowcase\build\bindings\GeodeBindings.vcxproj]
C:\Program Files (x86)\Microsoft Visual Studio\2022\BuildTools\MSBuild\Microsoft\VC\v170\Microsoft.CppBuild.targets(1129,5): warning MSB8027: ╨┤╨▓╨░ ╨╕╨╗╨╕ ╨▒╨╛╨╗╨╡╨╡ ╤Д╨░╨╣╨╗╨╛╨▓ ╤Б ╨╕╨╝╨╡╨╜╨╡╨╝ SetupTimerTriggerPopup.cpp ╨▓╤Л╨▓╨╛╨┤╤П╤В ╤А╨╡╨╖╤Г╨╗╤М╤В╨░╤В╤Л ╨▓ ╨╛╨┤╨╜╨╛ ╨╕ ╤В╨╛ ╨╢╨╡ ╤А╨░╤Б╨┐╨╛╨╗╨╛╨╢╨╡╨╜╨╕╨╡. ╨н╤В╨╛ ╨╝╨╛╨╢╨╡╤В ╤Б╤В╨░╤В╤М ╨┐╤А╨╕╤З╨╕╨╜╨╛╨╣ ╨╜╨╡╨▓╨╡╤А╨╜╨╛╨│╨╛ ╤А╨╡╨╖╤Г╨╗╤М╤В╨░╤В╨░ ╤Б╨▒╨╛╤А╨║╨╕.  ╨Т╨║╨╗╤О╤З╨╡╨╜╨╜╤Л╨╡ ╤Д╨░╨╣╨╗╤Л тАФ C:\Users\KusokMedi\Documents\GitHub\BetterShowcase\build\_deps\bindings-src\bindings\2.2081\inline\SetupTimerTriggerPopup.cpp, C:\Users\KusokMedi\Documents\GitHub\BetterShowcase\build\bindings\bindings\Geode\source\SetupTimerTriggerPopup.cpp. [C:\Users\KusokMedi\Documents\GitHub\BetterShowcase\build\bindings\GeodeBindings.vcxproj]
C:\Program Files (x86)\Microsoft Visual Studio\2022\BuildTools\MSBuild\Microsoft\VC\v170\Microsoft.CppBuild.targets(1129,5): warning MSB8027: ╨┤╨▓╨░ ╨╕╨╗╨╕ ╨▒╨╛╨╗╨╡╨╡ ╤Д╨░╨╣╨╗╨╛╨▓ ╤Б ╨╕╨╝╨╡╨╜╨╡╨╝ SetupTouchTogglePopup.cpp ╨▓╤Л╨▓╨╛╨┤╤П╤В ╤А╨╡╨╖╤Г╨╗╤М╤В╨░╤В╤Л ╨▓ ╨╛╨┤╨╜╨╛ ╨╕ ╤В╨╛ ╨╢╨╡ ╤А╨░╤Б╨┐╨╛╨╗╨╛╨╢╨╡╨╜╨╕╨╡. ╨н╤В╨╛ ╨╝╨╛╨╢╨╡╤В ╤Б╤В╨░╤В╤М ╨┐╤А╨╕╤З╨╕╨╜╨╛╨╣ ╨╜╨╡╨▓╨╡╤А╨╜╨╛╨│╨╛ ╤А╨╡╨╖╤Г╨╗╤М╤В╨░╤В╨░ ╤Б╨▒╨╛╤А╨║╨╕.  ╨Т╨║╨╗╤О╤З╨╡╨╜╨╜╤Л╨╡ ╤Д╨░╨╣╨╗╤Л тАФ C:\Users\KusokMedi\Documents\GitHub\BetterShowcase\build\_deps\bindings-src\bindings\2.2081\inline\SetupTouchTogglePopup.cpp, C:\Users\KusokMedi\Documents\GitHub\BetterShowcase\build\bindings\bindings\Geode\source\SetupTouchTogglePopup.cpp. [C:\Users\KusokMedi\Documents\GitHub\BetterShowcase\build\bindings\GeodeBindings.vcxproj]
C:\Program Files (x86)\Microsoft Visual Studio\2022\BuildTools\MSBuild\Microsoft\VC\v170\Microsoft.CppBuild.targets(1129,5): warning MSB8027: ╨┤╨▓╨░ ╨╕╨╗╨╕ ╨▒╨╛╨╗╨╡╨╡ ╤Д╨░╨╣╨╗╨╛╨▓ ╤Б ╨╕╨╝╨╡╨╜╨╡╨╝ SetupTransformPopup.cpp ╨▓╤Л╨▓╨╛╨┤╤П╤В ╤А╨╡╨╖╤Г╨╗╤М╤В╨░╤В╤Л ╨▓ ╨╛╨┤╨╜╨╛ ╨╕ ╤В╨╛ ╨╢╨╡ ╤А╨░╤Б╨┐╨╛╨╗╨╛╨╢╨╡╨╜╨╕╨╡. ╨н╤В╨╛ ╨╝╨╛╨╢╨╡╤В ╤Б╤В╨░╤В╤М ╨┐╤А╨╕╤З╨╕╨╜╨╛╨╣ ╨╜╨╡╨▓╨╡╤А╨╜╨╛╨│╨╛ ╤А╨╡╨╖╤Г╨╗╤М╤В╨░╤В╨░ ╤Б╨▒╨╛╤А╨║╨╕.  ╨Т╨║╨╗╤О╤З╨╡╨╜╨╜╤Л╨╡ ╤Д╨░╨╣╨╗╤Л тАФ C:\Users\KusokMedi\Documents\GitHub\BetterShowcase\build\_deps\bindings-src\bindings\2.2081\inline\SetupTransformPopup.cpp, C:\Users\KusokMedi\Documents\GitHub\BetterShowcase\build\bindings\bindings\Geode\source\SetupTransformPopup.cpp. [C:\Users\KusokMedi\Documents\GitHub\BetterShowcase\build\bindings\GeodeBindings.vcxproj]
C:\Program Files (x86)\Microsoft Visual Studio\2022\BuildTools\MSBuild\Microsoft\VC\v170\Microsoft.CppBuild.targets(1129,5): warning MSB8027: ╨┤╨▓╨░ ╨╕╨╗╨╕ ╨▒╨╛╨╗╨╡╨╡ ╤Д╨░╨╣╨╗╨╛╨▓ ╤Б ╨╕╨╝╨╡╨╜╨╡╨╝ SetupTriggerPopup.cpp ╨▓╤Л╨▓╨╛╨┤╤П╤В ╤А╨╡╨╖╤Г╨╗╤М╤В╨░╤В╤Л ╨▓ ╨╛╨┤╨╜╨╛ ╨╕ ╤В╨╛ ╨╢╨╡ ╤А╨░╤Б╨┐╨╛╨╗╨╛╨╢╨╡╨╜╨╕╨╡. ╨н╤В╨╛ ╨╝╨╛╨╢╨╡╤В ╤Б╤В╨░╤В╤М ╨┐╤А╨╕╤З╨╕╨╜╨╛╨╣ ╨╜╨╡╨▓╨╡╤А╨╜╨╛╨│╨╛ ╤А╨╡╨╖╤Г╨╗╤М╤В╨░╤В╨░ ╤Б╨▒╨╛╤А╨║╨╕.  ╨Т╨║╨╗╤О╤З╨╡╨╜╨╜╤Л╨╡ ╤Д╨░╨╣╨╗╤Л тАФ C:\Users\KusokMedi\Documents\GitHub\BetterShowcase\build\_deps\bindings-src\bindings\2.2081\inline\SetupTriggerPopup.cpp, C:\Users\KusokMedi\Documents\GitHub\BetterShowcase\build\bindings\bindings\Geode\source\SetupTriggerPopup.cpp. [C:\Users\KusokMedi\Documents\GitHub\BetterShowcase\build\bindings\GeodeBindings.vcxproj]
C:\Program Files (x86)\Microsoft Visual Studio\2022\BuildTools\MSBuild\Microsoft\VC\v170\Microsoft.CppBuild.targets(1129,5): warning MSB8027: ╨┤╨▓╨░ ╨╕╨╗╨╕ ╨▒╨╛╨╗╨╡╨╡ ╤Д╨░╨╣╨╗╨╛╨▓ ╤Б ╨╕╨╝╨╡╨╜╨╡╨╝ SetupZoomTriggerPopup.cpp ╨▓╤Л╨▓╨╛╨┤╤П╤В ╤А╨╡╨╖╤Г╨╗╤М╤В╨░╤В╤Л ╨▓ ╨╛╨┤╨╜╨╛ ╨╕ ╤В╨╛ ╨╢╨╡ ╤А╨░╤Б╨┐╨╛╨╗╨╛╨╢╨╡╨╜╨╕╨╡. ╨н╤В╨╛ ╨╝╨╛╨╢╨╡╤В ╤Б╤В╨░╤В╤М ╨┐╤А╨╕╤З╨╕╨╜╨╛╨╣ ╨╜╨╡╨▓╨╡╤А╨╜╨╛╨│╨╛ ╤А╨╡╨╖╤Г╨╗╤М╤В╨░╤В╨░ ╤Б╨▒╨╛╤А╨║╨╕.  ╨Т╨║╨╗╤О╤З╨╡╨╜╨╜╤Л╨╡ ╤Д╨░╨╣╨╗╤Л тАФ C:\Users\KusokMedi\Documents\GitHub\BetterShowcase\build\_deps\bindings-src\bindings\2.2081\inline\SetupZoomTriggerPopup.cpp, C:\Users\KusokMedi\Documents\GitHub\BetterShowcase\build\bindings\bindings\Geode\source\SetupZoomTriggerPopup.cpp. [C:\Users\KusokMedi\Documents\GitHub\BetterShowcase\build\bindings\GeodeBindings.vcxproj]
C:\Program Files (x86)\Microsoft Visual Studio\2022\BuildTools\MSBuild\Microsoft\VC\v170\Microsoft.CppBuild.targets(1129,5): warning MSB8027: ╨┤╨▓╨░ ╨╕╨╗╨╕ ╨▒╨╛╨╗╨╡╨╡ ╤Д╨░╨╣╨╗╨╛╨▓ ╤Б ╨╕╨╝╨╡╨╜╨╡╨╝ ShaderGameObject.cpp ╨▓╤Л╨▓╨╛╨┤╤П╤В ╤А╨╡╨╖╤Г╨╗╤М╤В╨░╤В╤Л ╨▓ ╨╛╨┤╨╜╨╛ ╨╕ ╤В╨╛ ╨╢╨╡ ╤А╨░╤Б╨┐╨╛╨╗╨╛╨╢╨╡╨╜╨╕╨╡. ╨н╤В╨╛ ╨╝╨╛╨╢╨╡╤В ╤Б╤В╨░╤В╤М ╨┐╤А╨╕╤З╨╕╨╜╨╛╨╣ ╨╜╨╡╨▓╨╡╤А╨╜╨╛╨│╨╛ ╤А╨╡╨╖╤Г╨╗╤М╤В╨░╤В╨░ ╤Б╨▒╨╛╤А╨║╨╕.  ╨Т╨║╨╗╤О╤З╨╡╨╜╨╜╤Л╨╡ ╤Д╨░╨╣╨╗╤Л тАФ C:\Users\KusokMedi\Documents\GitHub\BetterShowcase\build\_deps\bindings-src\bindings\2.2081\inline\ShaderGameObject.cpp, C:\Users\KusokMedi\Documents\GitHub\BetterShowcase\build\bindings\bindings\Geode\source\ShaderGameObject.cpp. [C:\Users\KusokMedi\Documents\GitHub\BetterShowcase\build\bindings\GeodeBindings.vcxproj]
C:\Program Files (x86)\Microsoft Visual Studio\2022\BuildTools\MSBuild\Microsoft\VC\v170\Microsoft.CppBuild.targets(1129,5): warning MSB8027: ╨┤╨▓╨░ ╨╕╨╗╨╕ ╨▒╨╛╨╗╨╡╨╡ ╤Д╨░╨╣╨╗╨╛╨▓ ╤Б ╨╕╨╝╨╡╨╜╨╡╨╝ ShaderLayer.cpp ╨▓╤Л╨▓╨╛╨┤╤П╤В ╤А╨╡╨╖╤Г╨╗╤М╤В╨░╤В╤Л ╨▓ ╨╛╨┤╨╜╨╛ ╨╕ ╤В╨╛ ╨╢╨╡ ╤А╨░╤Б╨┐╨╛╨╗╨╛╨╢╨╡╨╜╨╕╨╡. ╨н╤В╨╛ ╨╝╨╛╨╢╨╡╤В ╤Б╤В╨░╤В╤М ╨┐╤А╨╕╤З╨╕╨╜╨╛╨╣ ╨╜╨╡╨▓╨╡╤А╨╜╨╛╨│╨╛ ╤А╨╡╨╖╤Г╨╗╤М╤В╨░╤В╨░ ╤Б╨▒╨╛╤А╨║╨╕.  ╨Т╨║╨╗╤О╤З╨╡╨╜╨╜╤Л╨╡ ╤Д╨░╨╣╨╗╤Л тАФ C:\Users\KusokMedi\Documents\GitHub\BetterShowcase\build\_deps\bindings-src\bindings\2.2081\inline\ShaderLayer.cpp, C:\Users\KusokMedi\Documents\GitHub\BetterShowcase\build\bindings\bindings\Geode\source\ShaderLayer.cpp. [C:\Users\KusokMedi\Documents\GitHub\BetterShowcase\build\bindings\GeodeBindings.vcxproj]
C:\Program Files (x86)\Microsoft Visual Studio\2022\BuildTools\MSBuild\Microsoft\VC\v170\Microsoft.CppBuild.targets(1129,5): warning MSB8027: ╨┤╨▓╨░ ╨╕╨╗╨╕ ╨▒╨╛╨╗╨╡╨╡ ╤Д╨░╨╣╨╗╨╛╨▓ ╤Б ╨╕╨╝╨╡╨╜╨╡╨╝ ShardsPage.cpp ╨▓╤Л╨▓╨╛╨┤╤П╤В ╤А╨╡╨╖╤Г╨╗╤М╤В╨░╤В╤Л ╨▓ ╨╛╨┤╨╜╨╛ ╨╕ ╤В╨╛ ╨╢╨╡ ╤А╨░╤Б╨┐╨╛╨╗╨╛╨╢╨╡╨╜╨╕╨╡. ╨н╤В╨╛ ╨╝╨╛╨╢╨╡╤В ╤Б╤В╨░╤В╤М ╨┐╤А╨╕╤З╨╕╨╜╨╛╨╣ ╨╜╨╡╨▓╨╡╤А╨╜╨╛╨│╨╛ ╤А╨╡╨╖╤Г╨╗╤М╤В╨░╤В╨░ ╤Б╨▒╨╛╤А╨║╨╕.  ╨Т╨║╨╗╤О╤З╨╡╨╜╨╜╤Л╨╡ ╤Д╨░╨╣╨╗╤Л тАФ C:\Users\KusokMedi\Documents\GitHub\BetterShowcase\build\_deps\bindings-src\bindings\2.2081\inline\ShardsPage.cpp, C:\Users\KusokMedi\Documents\GitHub\BetterShowcase\build\bindings\bindings\Geode\source\ShardsPage.cpp. [C:\Users\KusokMedi\Documents\GitHub\BetterShowcase\build\bindings\GeodeBindings.vcxproj]
C:\Program Files (x86)\Microsoft Visual Studio\2022\BuildTools\MSBuild\Microsoft\VC\v170\Microsoft.CppBuild.targets(1129,5): warning MSB8027: ╨┤╨▓╨░ ╨╕╨╗╨╕ ╨▒╨╛╨╗╨╡╨╡ ╤Д╨░╨╣╨╗╨╛╨▓ ╤Б ╨╕╨╝╨╡╨╜╨╡╨╝ ShareCommentDelegate.cpp ╨▓╤Л╨▓╨╛╨┤╤П╤В ╤А╨╡╨╖╤Г╨╗╤М╤В╨░╤В╤Л ╨▓ ╨╛╨┤╨╜╨╛ ╨╕ ╤В╨╛ ╨╢╨╡ ╤А╨░╤Б╨┐╨╛╨╗╨╛╨╢╨╡╨╜╨╕╨╡. ╨н╤В╨╛ ╨╝╨╛╨╢╨╡╤В ╤Б╤В╨░╤В╤М ╨┐╤А╨╕╤З╨╕╨╜╨╛╨╣ ╨╜╨╡╨▓╨╡╤А╨╜╨╛╨│╨╛ ╤А╨╡╨╖╤Г╨╗╤М╤В╨░╤В╨░ ╤Б╨▒╨╛╤А╨║╨╕.  ╨Т╨║╨╗╤О╤З╨╡╨╜╨╜╤Л╨╡ ╤Д╨░╨╣╨╗╤Л тАФ C:\Users\KusokMedi\Documents\GitHub\BetterShowcase\build\_deps\bindings-src\bindings\2.2081\inline\ShareCommentDelegate.cpp, C:\Users\KusokMedi\Documents\GitHub\BetterShowcase\build\bindings\bindings\Geode\source\ShareCommentDelegate.cpp. [C:\Users\KusokMedi\Documents\GitHub\BetterShowcase\build\bindings\GeodeBindings.vcxproj]
C:\Program Files (x86)\Microsoft Visual Studio\2022\BuildTools\MSBuild\Microsoft\VC\v170\Microsoft.CppBuild.targets(1129,5): warning MSB8027: ╨┤╨▓╨░ ╨╕╨╗╨╕ ╨▒╨╛╨╗╨╡╨╡ ╤Д╨░╨╣╨╗╨╛╨▓ ╤Б ╨╕╨╝╨╡╨╜╨╡╨╝ ShareCommentLayer.cpp ╨▓╤Л╨▓╨╛╨┤╤П╤В ╤А╨╡╨╖╤Г╨╗╤М╤В╨░╤В╤Л ╨▓ ╨╛╨┤╨╜╨╛ ╨╕ ╤В╨╛ ╨╢╨╡ ╤А╨░╤Б╨┐╨╛╨╗╨╛╨╢╨╡╨╜╨╕╨╡. ╨н╤В╨╛ ╨╝╨╛╨╢╨╡╤В ╤Б╤В╨░╤В╤М ╨┐╤А╨╕╤З╨╕╨╜╨╛╨╣ ╨╜╨╡╨▓╨╡╤А╨╜╨╛╨│╨╛ ╤А╨╡╨╖╤Г╨╗╤М╤В╨░╤В╨░ ╤Б╨▒╨╛╤А╨║╨╕.  ╨Т╨║╨╗╤О╤З╨╡╨╜╨╜╤Л╨╡ ╤Д╨░╨╣╨╗╤Л тАФ C:\Users\KusokMedi\Documents\GitHub\BetterShowcase\build\_deps\bindings-src\bindings\2.2081\inline\ShareCommentLayer.cpp, C:\Users\KusokMedi\Documents\GitHub\BetterShowcase\build\bindings\bindings\Geode\source\ShareCommentLayer.cpp. [C:\Users\KusokMedi\Documents\GitHub\BetterShowcase\build\bindings\GeodeBindings.vcxproj]
C:\Program Files (x86)\Microsoft Visual Studio\2022\BuildTools\MSBuild\Microsoft\VC\v170\Microsoft.CppBuild.targets(1129,5): warning MSB8027: ╨┤╨▓╨░ ╨╕╨╗╨╕ ╨▒╨╛╨╗╨╡╨╡ ╤Д╨░╨╣╨╗╨╛╨▓ ╤Б ╨╕╨╝╨╡╨╜╨╡╨╝ ShareLevelLayer.cpp ╨▓╤Л╨▓╨╛╨┤╤П╤В ╤А╨╡╨╖╤Г╨╗╤М╤В╨░╤В╤Л ╨▓ ╨╛╨┤╨╜╨╛ ╨╕ ╤В╨╛ ╨╢╨╡ ╤А╨░╤Б╨┐╨╛╨╗╨╛╨╢╨╡╨╜╨╕╨╡. ╨н╤В╨╛ ╨╝╨╛╨╢╨╡╤В ╤Б╤В╨░╤В╤М ╨┐╤А╨╕╤З╨╕╨╜╨╛╨╣ ╨╜╨╡╨▓╨╡╤А╨╜╨╛╨│╨╛ ╤А╨╡╨╖╤Г╨╗╤М╤В╨░╤В╨░ ╤Б╨▒╨╛╤А╨║╨╕.  ╨Т╨║╨╗╤О╤З╨╡╨╜╨╜╤Л╨╡ ╤Д╨░╨╣╨╗╤Л тАФ C:\Users\KusokMedi\Documents\GitHub\BetterShowcase\build\_deps\bindings-src\bindings\2.2081\inline\ShareLevelLayer.cpp, C:\Users\KusokMedi\Documents\GitHub\BetterShowcase\build\bindings\bindings\Geode\source\ShareLevelLayer.cpp. [C:\Users\KusokMedi\Documents\GitHub\BetterShowcase\build\bindings\GeodeBindings.vcxproj]
C:\Program Files (x86)\Microsoft Visual Studio\2022\BuildTools\MSBuild\Microsoft\VC\v170\Microsoft.CppBuild.targets(1129,5): warning MSB8027: ╨┤╨▓╨░ ╨╕╨╗╨╕ ╨▒╨╛╨╗╨╡╨╡ ╤Д╨░╨╣╨╗╨╛╨▓ ╤Б ╨╕╨╝╨╡╨╜╨╡╨╝ ShareLevelSettingsLayer.cpp ╨▓╤Л╨▓╨╛╨┤╤П╤В ╤А╨╡╨╖╤Г╨╗╤М╤В╨░╤В╤Л ╨▓ ╨╛╨┤╨╜╨╛ ╨╕ ╤В╨╛ ╨╢╨╡ ╤А╨░╤Б╨┐╨╛╨╗╨╛╨╢╨╡╨╜╨╕╨╡. ╨н╤В╨╛ ╨╝╨╛╨╢╨╡╤В ╤Б╤В╨░╤В╤М ╨┐╤А╨╕╤З╨╕╨╜╨╛╨╣ ╨╜╨╡╨▓╨╡╤А╨╜╨╛╨│╨╛ ╤А╨╡╨╖╤Г╨╗╤М╤В╨░╤В╨░ ╤Б╨▒╨╛╤А╨║╨╕.  ╨Т╨║╨╗╤О╤З╨╡╨╜╨╜╤Л╨╡ ╤Д╨░╨╣╨╗╤Л тАФ C:\Users\KusokMedi\Documents\GitHub\BetterShowcase\build\_deps\bindings-src\bindings\2.2081\inline\ShareLevelSettingsLayer.cpp, C:\Users\KusokMedi\Documents\GitHub\BetterShowcase\build\bindings\bindings\Geode\source\ShareLevelSettingsLayer.cpp. [C:\Users\KusokMedi\Documents\GitHub\BetterShowcase\build\bindings\GeodeBindings.vcxproj]
C:\Program Files (x86)\Microsoft Visual Studio\2022\BuildTools\MSBuild\Microsoft\VC\v170\Microsoft.CppBuild.targets(1129,5): warning MSB8027: ╨┤╨▓╨░ ╨╕╨╗╨╕ ╨▒╨╛╨╗╨╡╨╡ ╤Д╨░╨╣╨╗╨╛╨▓ ╤Б ╨╕╨╝╨╡╨╜╨╡╨╝ ShareListLayer.cpp ╨▓╤Л╨▓╨╛╨┤╤П╤В ╤А╨╡╨╖╤Г╨╗╤М╤В╨░╤В╤Л ╨▓ ╨╛╨┤╨╜╨╛ ╨╕ ╤В╨╛ ╨╢╨╡ ╤А╨░╤Б╨┐╨╛╨╗╨╛╨╢╨╡╨╜╨╕╨╡. ╨н╤В╨╛ ╨╝╨╛╨╢╨╡╤В ╤Б╤В╨░╤В╤М ╨┐╤А╨╕╤З╨╕╨╜╨╛╨╣ ╨╜╨╡╨▓╨╡╤А╨╜╨╛╨│╨╛ ╤А╨╡╨╖╤Г╨╗╤М╤В╨░╤В╨░ ╤Б╨▒╨╛╤А╨║╨╕.  ╨Т╨║╨╗╤О╤З╨╡╨╜╨╜╤Л╨╡ ╤Д╨░╨╣╨╗╤Л тАФ C:\Users\KusokMedi\Documents\GitHub\BetterShowcase\build\_deps\bindings-src\bindings\2.2081\inline\ShareListLayer.cpp, C:\Users\KusokMedi\Documents\GitHub\BetterShowcase\build\bindings\bindings\Geode\source\ShareListLayer.cpp. [C:\Users\KusokMedi\Documents\GitHub\BetterShowcase\build\bindings\GeodeBindings.vcxproj]
C:\Program Files (x86)\Microsoft Visual Studio\2022\BuildTools\MSBuild\Microsoft\VC\v170\Microsoft.CppBuild.targets(1129,5): warning MSB8027: ╨┤╨▓╨░ ╨╕╨╗╨╕ ╨▒╨╛╨╗╨╡╨╡ ╤Д╨░╨╣╨╗╨╛╨▓ ╤Б ╨╕╨╝╨╡╨╜╨╡╨╝ SimpleObject.cpp ╨▓╤Л╨▓╨╛╨┤╤П╤В ╤А╨╡╨╖╤Г╨╗╤М╤В╨░╤В╤Л ╨▓ ╨╛╨┤╨╜╨╛ ╨╕ ╤В╨╛ ╨╢╨╡ ╤А╨░╤Б╨┐╨╛╨╗╨╛╨╢╨╡╨╜╨╕╨╡. ╨н╤В╨╛ ╨╝╨╛╨╢╨╡╤В ╤Б╤В╨░╤В╤М ╨┐╤А╨╕╤З╨╕╨╜╨╛╨╣ ╨╜╨╡╨▓╨╡╤А╨╜╨╛╨│╨╛ ╤А╨╡╨╖╤Г╨╗╤М╤В╨░╤В╨░ ╤Б╨▒╨╛╤А╨║╨╕.  ╨Т╨║╨╗╤О╤З╨╡╨╜╨╜╤Л╨╡ ╤Д╨░╨╣╨╗╤Л тАФ C:\Users\KusokMedi\Documents\GitHub\BetterShowcase\build\_deps\bindings-src\bindings\2.2081\inline\SimpleObject.cpp, C:\Users\KusokMedi\Documents\GitHub\BetterShowcase\build\bindings\bindings\Geode\source\SimpleObject.cpp. [C:\Users\KusokMedi\Documents\GitHub\BetterShowcase\build\bindings\GeodeBindings.vcxproj]
C:\Program Files (x86)\Microsoft Visual Studio\2022\BuildTools\MSBuild\Microsoft\VC\v170\Microsoft.CppBuild.targets(1129,5): warning MSB8027: ╨┤╨▓╨░ ╨╕╨╗╨╕ ╨▒╨╛╨╗╨╡╨╡ ╤Д╨░╨╣╨╗╨╛╨▓ ╤Б ╨╕╨╝╨╡╨╜╨╡╨╝ SimplePlayer.cpp ╨▓╤Л╨▓╨╛╨┤╤П╤В ╤А╨╡╨╖╤Г╨╗╤М╤В╨░╤В╤Л ╨▓ ╨╛╨┤╨╜╨╛ ╨╕ ╤В╨╛ ╨╢╨╡ ╤А╨░╤Б╨┐╨╛╨╗╨╛╨╢╨╡╨╜╨╕╨╡. ╨н╤В╨╛ ╨╝╨╛╨╢╨╡╤В ╤Б╤В╨░╤В╤М ╨┐╤А╨╕╤З╨╕╨╜╨╛╨╣ ╨╜╨╡╨▓╨╡╤А╨╜╨╛╨│╨╛ ╤А╨╡╨╖╤Г╨╗╤М╤В╨░╤В╨░ ╤Б╨▒╨╛╤А╨║╨╕.  ╨Т╨║╨╗╤О╤З╨╡╨╜╨╜╤Л╨╡ ╤Д╨░╨╣╨╗╤Л тАФ C:\Users\KusokMedi\Documents\GitHub\BetterShowcase\build\_deps\bindings-src\bindings\2.2081\inline\SimplePlayer.cpp, C:\Users\KusokMedi\Documents\GitHub\BetterShowcase\build\bindings\bindings\Geode\source\SimplePlayer.cpp. [C:\Users\KusokMedi\Documents\GitHub\BetterShowcase\build\bindings\GeodeBindings.vcxproj]
C:\Program Files (x86)\Microsoft Visual Studio\2022\BuildTools\MSBuild\Microsoft\VC\v170\Microsoft.CppBuild.targets(1129,5): warning MSB8027: ╨┤╨▓╨░ ╨╕╨╗╨╕ ╨▒╨╛╨╗╨╡╨╡ ╤Д╨░╨╣╨╗╨╛╨▓ ╤Б ╨╕╨╝╨╡╨╜╨╡╨╝ SlideInLayer.cpp ╨▓╤Л╨▓╨╛╨┤╤П╤В ╤А╨╡╨╖╤Г╨╗╤М╤В╨░╤В╤Л ╨▓ ╨╛╨┤╨╜╨╛ ╨╕ ╤В╨╛ ╨╢╨╡ ╤А╨░╤Б╨┐╨╛╨╗╨╛╨╢╨╡╨╜╨╕╨╡. ╨н╤В╨╛ ╨╝╨╛╨╢╨╡╤В ╤Б╤В╨░╤В╤М ╨┐╤А╨╕╤З╨╕╨╜╨╛╨╣ ╨╜╨╡╨▓╨╡╤А╨╜╨╛╨│╨╛ ╤А╨╡╨╖╤Г╨╗╤М╤В╨░╤В╨░ ╤Б╨▒╨╛╤А╨║╨╕.  ╨Т╨║╨╗╤О╤З╨╡╨╜╨╜╤Л╨╡ ╤Д╨░╨╣╨╗╤Л тАФ C:\Users\KusokMedi\Documents\GitHub\BetterShowcase\build\_deps\bindings-src\bindings\2.2081\inline\SlideInLayer.cpp, C:\Users\KusokMedi\Documents\GitHub\BetterShowcase\build\bindings\bindings\Geode\source\SlideInLayer.cpp. [C:\Users\KusokMedi\Documents\GitHub\BetterShowcase\build\bindings\GeodeBindings.vcxproj]
C:\Program Files (x86)\Microsoft Visual Studio\2022\BuildTools\MSBuild\Microsoft\VC\v170\Microsoft.CppBuild.targets(1129,5): warning MSB8027: ╨┤╨▓╨░ ╨╕╨╗╨╕ ╨▒╨╛╨╗╨╡╨╡ ╤Д╨░╨╣╨╗╨╛╨▓ ╤Б ╨╕╨╝╨╡╨╜╨╡╨╝ Slider.cpp ╨▓╤Л╨▓╨╛╨┤╤П╤В ╤А╨╡╨╖╤Г╨╗╤М╤В╨░╤В╤Л ╨▓ ╨╛╨┤╨╜╨╛ ╨╕ ╤В╨╛ ╨╢╨╡ ╤А╨░╤Б╨┐╨╛╨╗╨╛╨╢╨╡╨╜╨╕╨╡. ╨н╤В╨╛ ╨╝╨╛╨╢╨╡╤В ╤Б╤В╨░╤В╤М ╨┐╤А╨╕╤З╨╕╨╜╨╛╨╣ ╨╜╨╡╨▓╨╡╤А╨╜╨╛╨│╨╛ ╤А╨╡╨╖╤Г╨╗╤М╤В╨░╤В╨░ ╤Б╨▒╨╛╤А╨║╨╕.  ╨Т╨║╨╗╤О╤З╨╡╨╜╨╜╤Л╨╡ ╤Д╨░╨╣╨╗╤Л тАФ C:\Users\KusokMedi\Documents\GitHub\BetterShowcase\build\_deps\bindings-src\bindings\2.2081\inline\Slider.cpp, C:\Users\KusokMedi\Documents\GitHub\BetterShowcase\build\bindings\bindings\Geode\source\Slider.cpp. [C:\Users\KusokMedi\Documents\GitHub\BetterShowcase\build\bindings\GeodeBindings.vcxproj]
C:\Program Files (x86)\Microsoft Visual Studio\2022\BuildTools\MSBuild\Microsoft\VC\v170\Microsoft.CppBuild.targets(1129,5): warning MSB8027: ╨┤╨▓╨░ ╨╕╨╗╨╕ ╨▒╨╛╨╗╨╡╨╡ ╤Д╨░╨╣╨╗╨╛╨▓ ╤Б ╨╕╨╝╨╡╨╜╨╡╨╝ SliderDelegate.cpp ╨▓╤Л╨▓╨╛╨┤╤П╤В ╤А╨╡╨╖╤Г╨╗╤М╤В╨░╤В╤Л ╨▓ ╨╛╨┤╨╜╨╛ ╨╕ ╤В╨╛ ╨╢╨╡ ╤А╨░╤Б╨┐╨╛╨╗╨╛╨╢╨╡╨╜╨╕╨╡. ╨н╤В╨╛ ╨╝╨╛╨╢╨╡╤В ╤Б╤В╨░╤В╤М ╨┐╤А╨╕╤З╨╕╨╜╨╛╨╣ ╨╜╨╡╨▓╨╡╤А╨╜╨╛╨│╨╛ ╤А╨╡╨╖╤Г╨╗╤М╤В╨░╤В╨░ ╤Б╨▒╨╛╤А╨║╨╕.  ╨Т╨║╨╗╤О╤З╨╡╨╜╨╜╤Л╨╡ ╤Д╨░╨╣╨╗╤Л тАФ C:\Users\KusokMedi\Documents\GitHub\BetterShowcase\build\_deps\bindings-src\bindings\2.2081\inline\SliderDelegate.cpp, C:\Users\KusokMedi\Documents\GitHub\BetterShowcase\build\bindings\bindings\Geode\source\SliderDelegate.cpp. [C:\Users\KusokMedi\Documents\GitHub\BetterShowcase\build\bindings\GeodeBindings.vcxproj]
C:\Program Files (x86)\Microsoft Visual Studio\2022\BuildTools\MSBuild\Microsoft\VC\v170\Microsoft.CppBuild.targets(1129,5): warning MSB8027: ╨┤╨▓╨░ ╨╕╨╗╨╕ ╨▒╨╛╨╗╨╡╨╡ ╤Д╨░╨╣╨╗╨╛╨▓ ╤Б ╨╕╨╝╨╡╨╜╨╡╨╝ SliderThumb.cpp ╨▓╤Л╨▓╨╛╨┤╤П╤В ╤А╨╡╨╖╤Г╨╗╤М╤В╨░╤В╤Л ╨▓ ╨╛╨┤╨╜╨╛ ╨╕ ╤В╨╛ ╨╢╨╡ ╤А╨░╤Б╨┐╨╛╨╗╨╛╨╢╨╡╨╜╨╕╨╡. ╨н╤В╨╛ ╨╝╨╛╨╢╨╡╤В ╤Б╤В╨░╤В╤М ╨┐╤А╨╕╤З╨╕╨╜╨╛╨╣ ╨╜╨╡╨▓╨╡╤А╨╜╨╛╨│╨╛ ╤А╨╡╨╖╤Г╨╗╤М╤В╨░╤В╨░ ╤Б╨▒╨╛╤А╨║╨╕.  ╨Т╨║╨╗╤О╤З╨╡╨╜╨╜╤Л╨╡ ╤Д╨░╨╣╨╗╤Л тАФ C:\Users\KusokMedi\Documents\GitHub\BetterShowcase\build\_deps\bindings-src\bindings\2.2081\inline\SliderThumb.cpp, C:\Users\KusokMedi\Documents\GitHub\BetterShowcase\build\bindings\bindings\Geode\source\SliderThumb.cpp. [C:\Users\KusokMedi\Documents\GitHub\BetterShowcase\build\bindings\GeodeBindings.vcxproj]
C:\Program Files (x86)\Microsoft Visual Studio\2022\BuildTools\MSBuild\Microsoft\VC\v170\Microsoft.CppBuild.targets(1129,5): warning MSB8027: ╨┤╨▓╨░ ╨╕╨╗╨╕ ╨▒╨╛╨╗╨╡╨╡ ╤Д╨░╨╣╨╗╨╛╨▓ ╤Б ╨╕╨╝╨╡╨╜╨╡╨╝ SliderTouchLogic.cpp ╨▓╤Л╨▓╨╛╨┤╤П╤В ╤А╨╡╨╖╤Г╨╗╤М╤В╨░╤В╤Л ╨▓ ╨╛╨┤╨╜╨╛ ╨╕ ╤В╨╛ ╨╢╨╡ ╤А╨░╤Б╨┐╨╛╨╗╨╛╨╢╨╡╨╜╨╕╨╡. ╨н╤В╨╛ ╨╝╨╛╨╢╨╡╤В ╤Б╤В╨░╤В╤М ╨┐╤А╨╕╤З╨╕╨╜╨╛╨╣ ╨╜╨╡╨▓╨╡╤А╨╜╨╛╨│╨╛ ╤А╨╡╨╖╤Г╨╗╤М╤В╨░╤В╨░ ╤Б╨▒╨╛╤А╨║╨╕.  ╨Т╨║╨╗╤О╤З╨╡╨╜╨╜╤Л╨╡ ╤Д╨░╨╣╨╗╤Л тАФ C:\Users\KusokMedi\Documents\GitHub\BetterShowcase\build\_deps\bindings-src\bindings\2.2081\inline\SliderTouchLogic.cpp, C:\Users\KusokMedi\Documents\GitHub\BetterShowcase\build\bindings\bindings\Geode\source\SliderTouchLogic.cpp. [C:\Users\KusokMedi\Documents\GitHub\BetterShowcase\build\bindings\GeodeBindings.vcxproj]
C:\Program Files (x86)\Microsoft Visual Studio\2022\BuildTools\MSBuild\Microsoft\VC\v170\Microsoft.CppBuild.targets(1129,5): warning MSB8027: ╨┤╨▓╨░ ╨╕╨╗╨╕ ╨▒╨╛╨╗╨╡╨╡ ╤Д╨░╨╣╨╗╨╛╨▓ ╤Б ╨╕╨╝╨╡╨╜╨╡╨╝ SmartGameObject.cpp ╨▓╤Л╨▓╨╛╨┤╤П╤В ╤А╨╡╨╖╤Г╨╗╤М╤В╨░╤В╤Л ╨▓ ╨╛╨┤╨╜╨╛ ╨╕ ╤В╨╛ ╨╢╨╡ ╤А╨░╤Б╨┐╨╛╨╗╨╛╨╢╨╡╨╜╨╕╨╡. ╨н╤В╨╛ ╨╝╨╛╨╢╨╡╤В ╤Б╤В╨░╤В╤М ╨┐╤А╨╕╤З╨╕╨╜╨╛╨╣ ╨╜╨╡╨▓╨╡╤А╨╜╨╛╨│╨╛ ╤А╨╡╨╖╤Г╨╗╤М╤В╨░╤В╨░ ╤Б╨▒╨╛╤А╨║╨╕.  ╨Т╨║╨╗╤О╤З╨╡╨╜╨╜╤Л╨╡ ╤Д╨░╨╣╨╗╤Л тАФ C:\Users\KusokMedi\Documents\GitHub\BetterShowcase\build\_deps\bindings-src\bindings\2.2081\inline\SmartGameObject.cpp, C:\Users\KusokMedi\Documents\GitHub\BetterShowcase\build\bindings\bindings\Geode\source\SmartGameObject.cpp. [C:\Users\KusokMedi\Documents\GitHub\BetterShowcase\build\bindings\GeodeBindings.vcxproj]
C:\Program Files (x86)\Microsoft Visual Studio\2022\BuildTools\MSBuild\Microsoft\VC\v170\Microsoft.CppBuild.targets(1129,5): warning MSB8027: ╨┤╨▓╨░ ╨╕╨╗╨╕ ╨▒╨╛╨╗╨╡╨╡ ╤Д╨░╨╣╨╗╨╛╨▓ ╤Б ╨╕╨╝╨╡╨╜╨╡╨╝ SmartPrefabResult.cpp ╨▓╤Л╨▓╨╛╨┤╤П╤В ╤А╨╡╨╖╤Г╨╗╤М╤В╨░╤В╤Л ╨▓ ╨╛╨┤╨╜╨╛ ╨╕ ╤В╨╛ ╨╢╨╡ ╤А╨░╤Б╨┐╨╛╨╗╨╛╨╢╨╡╨╜╨╕╨╡. ╨н╤В╨╛ ╨╝╨╛╨╢╨╡╤В ╤Б╤В╨░╤В╤М ╨┐╤А╨╕╤З╨╕╨╜╨╛╨╣ ╨╜╨╡╨▓╨╡╤А╨╜╨╛╨│╨╛ ╤А╨╡╨╖╤Г╨╗╤М╤В╨░╤В╨░ ╤Б╨▒╨╛╤А╨║╨╕.  ╨Т╨║╨╗╤О╤З╨╡╨╜╨╜╤Л╨╡ ╤Д╨░╨╣╨╗╤Л тАФ C:\Users\KusokMedi\Documents\GitHub\BetterShowcase\build\_deps\bindings-src\bindings\2.2081\inline\SmartPrefabResult.cpp, C:\Users\KusokMedi\Documents\GitHub\BetterShowcase\build\bindings\bindings\Geode\source\SmartPrefabResult.cpp. [C:\Users\KusokMedi\Documents\GitHub\BetterShowcase\build\bindings\GeodeBindings.vcxproj]
C:\Program Files (x86)\Microsoft Visual Studio\2022\BuildTools\MSBuild\Microsoft\VC\v170\Microsoft.CppBuild.targets(1129,5): warning MSB8027: ╨┤╨▓╨░ ╨╕╨╗╨╕ ╨▒╨╛╨╗╨╡╨╡ ╤Д╨░╨╣╨╗╨╛╨▓ ╤Б ╨╕╨╝╨╡╨╜╨╡╨╝ SmartTemplateCell.cpp ╨▓╤Л╨▓╨╛╨┤╤П╤В ╤А╨╡╨╖╤Г╨╗╤М╤В╨░╤В╤Л ╨▓ ╨╛╨┤╨╜╨╛ ╨╕ ╤В╨╛ ╨╢╨╡ ╤А╨░╤Б╨┐╨╛╨╗╨╛╨╢╨╡╨╜╨╕╨╡. ╨н╤В╨╛ ╨╝╨╛╨╢╨╡╤В ╤Б╤В╨░╤В╤М ╨┐╤А╨╕╤З╨╕╨╜╨╛╨╣ ╨╜╨╡╨▓╨╡╤А╨╜╨╛╨│╨╛ ╤А╨╡╨╖╤Г╨╗╤М╤В╨░╤В╨░ ╤Б╨▒╨╛╤А╨║╨╕.  ╨Т╨║╨╗╤О╤З╨╡╨╜╨╜╤Л╨╡ ╤Д╨░╨╣╨╗╤Л тАФ C:\Users\KusokMedi\Documents\GitHub\BetterShowcase\build\_deps\bindings-src\bindings\2.2081\inline\SmartTemplateCell.cpp, C:\Users\KusokMedi\Documents\GitHub\BetterShowcase\build\bindings\bindings\Geode\source\SmartTemplateCell.cpp. [C:\Users\KusokMedi\Documents\GitHub\BetterShowcase\build\bindings\GeodeBindings.vcxproj]
C:\Program Files (x86)\Microsoft Visual Studio\2022\BuildTools\MSBuild\Microsoft\VC\v170\Microsoft.CppBuild.targets(1129,5): warning MSB8027: ╨┤╨▓╨░ ╨╕╨╗╨╕ ╨▒╨╛╨╗╨╡╨╡ ╤Д╨░╨╣╨╗╨╛╨▓ ╤Б ╨╕╨╝╨╡╨╜╨╡╨╝ SongCell.cpp ╨▓╤Л╨▓╨╛╨┤╤П╤В ╤А╨╡╨╖╤Г╨╗╤М╤В╨░╤В╤Л ╨▓ ╨╛╨┤╨╜╨╛ ╨╕ ╤В╨╛ ╨╢╨╡ ╤А╨░╤Б╨┐╨╛╨╗╨╛╨╢╨╡╨╜╨╕╨╡. ╨н╤В╨╛ ╨╝╨╛╨╢╨╡╤В ╤Б╤В╨░╤В╤М ╨┐╤А╨╕╤З╨╕╨╜╨╛╨╣ ╨╜╨╡╨▓╨╡╤А╨╜╨╛╨│╨╛ ╤А╨╡╨╖╤Г╨╗╤М╤В╨░╤В╨░ ╤Б╨▒╨╛╤А╨║╨╕.  ╨Т╨║╨╗╤О╤З╨╡╨╜╨╜╤Л╨╡ ╤Д╨░╨╣╨╗╤Л тАФ C:\Users\KusokMedi\Documents\GitHub\BetterShowcase\build\_deps\bindings-src\bindings\2.2081\inline\SongCell.cpp, C:\Users\KusokMedi\Documents\GitHub\BetterShowcase\build\bindings\bindings\Geode\source\SongCell.cpp. [C:\Users\KusokMedi\Documents\GitHub\BetterShowcase\build\bindings\GeodeBindings.vcxproj]
C:\Program Files (x86)\Microsoft Visual Studio\2022\BuildTools\MSBuild\Microsoft\VC\v170\Microsoft.CppBuild.targets(1129,5): warning MSB8027: ╨┤╨▓╨░ ╨╕╨╗╨╕ ╨▒╨╛╨╗╨╡╨╡ ╤Д╨░╨╣╨╗╨╛╨▓ ╤Б ╨╕╨╝╨╡╨╜╨╡╨╝ SongChannelState.cpp ╨▓╤Л╨▓╨╛╨┤╤П╤В ╤А╨╡╨╖╤Г╨╗╤М╤В╨░╤В╤Л ╨▓ ╨╛╨┤╨╜╨╛ ╨╕ ╤В╨╛ ╨╢╨╡ ╤А╨░╤Б╨┐╨╛╨╗╨╛╨╢╨╡╨╜╨╕╨╡. ╨н╤В╨╛ ╨╝╨╛╨╢╨╡╤В ╤Б╤В╨░╤В╤М ╨┐╤А╨╕╤З╨╕╨╜╨╛╨╣ ╨╜╨╡╨▓╨╡╤А╨╜╨╛╨│╨╛ ╤А╨╡╨╖╤Г╨╗╤М╤В╨░╤В╨░ ╤Б╨▒╨╛╤А╨║╨╕.  ╨Т╨║╨╗╤О╤З╨╡╨╜╨╜╤Л╨╡ ╤Д╨░╨╣╨╗╤Л тАФ C:\Users\KusokMedi\Documents\GitHub\BetterShowcase\build\_deps\bindings-src\bindings\2.2081\inline\SongChannelState.cpp, C:\Users\KusokMedi\Documents\GitHub\BetterShowcase\build\bindings\bindings\Geode\source\SongChannelState.cpp. [C:\Users\KusokMedi\Documents\GitHub\BetterShowcase\build\bindings\GeodeBindings.vcxproj]
C:\Program Files (x86)\Microsoft Visual Studio\2022\BuildTools\MSBuild\Microsoft\VC\v170\Microsoft.CppBuild.targets(1129,5): warning MSB8027: ╨┤╨▓╨░ ╨╕╨╗╨╕ ╨▒╨╛╨╗╨╡╨╡ ╤Д╨░╨╣╨╗╨╛╨▓ ╤Б ╨╕╨╝╨╡╨╜╨╡╨╝ SongInfoLayer.cpp ╨▓╤Л╨▓╨╛╨┤╤П╤В ╤А╨╡╨╖╤Г╨╗╤М╤В╨░╤В╤Л ╨▓ ╨╛╨┤╨╜╨╛ ╨╕ ╤В╨╛ ╨╢╨╡ ╤А╨░╤Б╨┐╨╛╨╗╨╛╨╢╨╡╨╜╨╕╨╡. ╨н╤В╨╛ ╨╝╨╛╨╢╨╡╤В ╤Б╤В╨░╤В╤М ╨┐╤А╨╕╤З╨╕╨╜╨╛╨╣ ╨╜╨╡╨▓╨╡╤А╨╜╨╛╨│╨╛ ╤А╨╡╨╖╤Г╨╗╤М╤В╨░╤В╨░ ╤Б╨▒╨╛╤А╨║╨╕.  ╨Т╨║╨╗╤О╤З╨╡╨╜╨╜╤Л╨╡ ╤Д╨░╨╣╨╗╤Л тАФ C:\Users\KusokMedi\Documents\GitHub\BetterShowcase\build\_deps\bindings-src\bindings\2.2081\inline\SongInfoLayer.cpp, C:\Users\KusokMedi\Documents\GitHub\BetterShowcase\build\bindings\bindings\Geode\source\SongInfoLayer.cpp. [C:\Users\KusokMedi\Documents\GitHub\BetterShowcase\build\bindings\GeodeBindings.vcxproj]
C:\Program Files (x86)\Microsoft Visual Studio\2022\BuildTools\MSBuild\Microsoft\VC\v170\Microsoft.CppBuild.targets(1129,5): warning MSB8027: ╨┤╨▓╨░ ╨╕╨╗╨╕ ╨▒╨╛╨╗╨╡╨╡ ╤Д╨░╨╣╨╗╨╛╨▓ ╤Б ╨╕╨╝╨╡╨╜╨╡╨╝ SongInfoObject.cpp ╨▓╤Л╨▓╨╛╨┤╤П╤В ╤А╨╡╨╖╤Г╨╗╤М╤В╨░╤В╤Л ╨▓ ╨╛╨┤╨╜╨╛ ╨╕ ╤В╨╛ ╨╢╨╡ ╤А╨░╤Б╨┐╨╛╨╗╨╛╨╢╨╡╨╜╨╕╨╡. ╨н╤В╨╛ ╨╝╨╛╨╢╨╡╤В ╤Б╤В╨░╤В╤М ╨┐╤А╨╕╤З╨╕╨╜╨╛╨╣ ╨╜╨╡╨▓╨╡╤А╨╜╨╛╨│╨╛ ╤А╨╡╨╖╤Г╨╗╤М╤В╨░╤В╨░ ╤Б╨▒╨╛╤А╨║╨╕.  ╨Т╨║╨╗╤О╤З╨╡╨╜╨╜╤Л╨╡ ╤Д╨░╨╣╨╗╤Л тАФ C:\Users\KusokMedi\Documents\GitHub\BetterShowcase\build\_deps\bindings-src\bindings\2.2081\inline\SongInfoObject.cpp, C:\Users\KusokMedi\Documents\GitHub\BetterShowcase\build\bindings\bindings\Geode\source\SongInfoObject.cpp. [C:\Users\KusokMedi\Documents\GitHub\BetterShowcase\build\bindings\GeodeBindings.vcxproj]
C:\Program Files (x86)\Microsoft Visual Studio\2022\BuildTools\MSBuild\Microsoft\VC\v170\Microsoft.CppBuild.targets(1129,5): warning MSB8027: ╨┤╨▓╨░ ╨╕╨╗╨╕ ╨▒╨╛╨╗╨╡╨╡ ╤Д╨░╨╣╨╗╨╛╨▓ ╤Б ╨╕╨╝╨╡╨╜╨╡╨╝ SongObject.cpp ╨▓╤Л╨▓╨╛╨┤╤П╤В ╤А╨╡╨╖╤Г╨╗╤М╤В╨░╤В╤Л ╨▓ ╨╛╨┤╨╜╨╛ ╨╕ ╤В╨╛ ╨╢╨╡ ╤А╨░╤Б╨┐╨╛╨╗╨╛╨╢╨╡╨╜╨╕╨╡. ╨н╤В╨╛ ╨╝╨╛╨╢╨╡╤В ╤Б╤В╨░╤В╤М ╨┐╤А╨╕╤З╨╕╨╜╨╛╨╣ ╨╜╨╡╨▓╨╡╤А╨╜╨╛╨│╨╛ ╤А╨╡╨╖╤Г╨╗╤М╤В╨░╤В╨░ ╤Б╨▒╨╛╤А╨║╨╕.  ╨Т╨║╨╗╤О╤З╨╡╨╜╨╜╤Л╨╡ ╤Д╨░╨╣╨╗╤Л тАФ C:\Users\KusokMedi\Documents\GitHub\BetterShowcase\build\_deps\bindings-src\bindings\2.2081\inline\SongObject.cpp, C:\Users\KusokMedi\Documents\GitHub\BetterShowcase\build\bindings\bindings\Geode\source\SongObject.cpp. [C:\Users\KusokMedi\Documents\GitHub\BetterShowcase\build\bindings\GeodeBindings.vcxproj]
C:\Program Files (x86)\Microsoft Visual Studio\2022\BuildTools\MSBuild\Microsoft\VC\v170\Microsoft.CppBuild.targets(1129,5): warning MSB8027: ╨┤╨▓╨░ ╨╕╨╗╨╕ ╨▒╨╛╨╗╨╡╨╡ ╤Д╨░╨╣╨╗╨╛╨▓ ╤Б ╨╕╨╝╨╡╨╜╨╡╨╝ SongOptionsLayer.cpp ╨▓╤Л╨▓╨╛╨┤╤П╤В ╤А╨╡╨╖╤Г╨╗╤М╤В╨░╤В╤Л ╨▓ ╨╛╨┤╨╜╨╛ ╨╕ ╤В╨╛ ╨╢╨╡ ╤А╨░╤Б╨┐╨╛╨╗╨╛╨╢╨╡╨╜╨╕╨╡. ╨н╤В╨╛ ╨╝╨╛╨╢╨╡╤В ╤Б╤В╨░╤В╤М ╨┐╤А╨╕╤З╨╕╨╜╨╛╨╣ ╨╜╨╡╨▓╨╡╤А╨╜╨╛╨│╨╛ ╤А╨╡╨╖╤Г╨╗╤М╤В╨░╤В╨░ ╤Б╨▒╨╛╤А╨║╨╕.  ╨Т╨║╨╗╤О╤З╨╡╨╜╨╜╤Л╨╡ ╤Д╨░╨╣╨╗╤Л тАФ C:\Users\KusokMedi\Documents\GitHub\BetterShowcase\build\_deps\bindings-src\bindings\2.2081\inline\SongOptionsLayer.cpp, C:\Users\KusokMedi\Documents\GitHub\BetterShowcase\build\bindings\bindings\Geode\source\SongOptionsLayer.cpp. [C:\Users\KusokMedi\Documents\GitHub\BetterShowcase\build\bindings\GeodeBindings.vcxproj]
C:\Program Files (x86)\Microsoft Visual Studio\2022\BuildTools\MSBuild\Microsoft\VC\v170\Microsoft.CppBuild.targets(1129,5): warning MSB8027: ╨┤╨▓╨░ ╨╕╨╗╨╕ ╨▒╨╛╨╗╨╡╨╡ ╤Д╨░╨╣╨╗╨╛╨▓ ╤Б ╨╕╨╝╨╡╨╜╨╡╨╝ SongPlaybackDelegate.cpp ╨▓╤Л╨▓╨╛╨┤╤П╤В ╤А╨╡╨╖╤Г╨╗╤М╤В╨░╤В╤Л ╨▓ ╨╛╨┤╨╜╨╛ ╨╕ ╤В╨╛ ╨╢╨╡ ╤А╨░╤Б╨┐╨╛╨╗╨╛╨╢╨╡╨╜╨╕╨╡. ╨н╤В╨╛ ╨╝╨╛╨╢╨╡╤В ╤Б╤В╨░╤В╤М ╨┐╤А╨╕╤З╨╕╨╜╨╛╨╣ ╨╜╨╡╨▓╨╡╤А╨╜╨╛╨│╨╛ ╤А╨╡╨╖╤Г╨╗╤М╤В╨░╤В╨░ ╤Б╨▒╨╛╤А╨║╨╕.  ╨Т╨║╨╗╤О╤З╨╡╨╜╨╜╤Л╨╡ ╤Д╨░╨╣╨╗╤Л тАФ C:\Users\KusokMedi\Documents\GitHub\BetterShowcase\build\_deps\bindings-src\bindings\2.2081\inline\SongPlaybackDelegate.cpp, C:\Users\KusokMedi\Documents\GitHub\BetterShowcase\build\bindings\bindings\Geode\source\SongPlaybackDelegate.cpp. [C:\Users\KusokMedi\Documents\GitHub\BetterShowcase\build\bindings\GeodeBindings.vcxproj]
C:\Program Files (x86)\Microsoft Visual Studio\2022\BuildTools\MSBuild\Microsoft\VC\v170\Microsoft.CppBuild.targets(1129,5): warning MSB8027: ╨┤╨▓╨░ ╨╕╨╗╨╕ ╨▒╨╛╨╗╨╡╨╡ ╤Д╨░╨╣╨╗╨╛╨▓ ╤Б ╨╕╨╝╨╡╨╜╨╡╨╝ SongSelectNode.cpp ╨▓╤Л╨▓╨╛╨┤╤П╤В ╤А╨╡╨╖╤Г╨╗╤М╤В╨░╤В╤Л ╨▓ ╨╛╨┤╨╜╨╛ ╨╕ ╤В╨╛ ╨╢╨╡ ╤А╨░╤Б╨┐╨╛╨╗╨╛╨╢╨╡╨╜╨╕╨╡. ╨н╤В╨╛ ╨╝╨╛╨╢╨╡╤В ╤Б╤В╨░╤В╤М ╨┐╤А╨╕╤З╨╕╨╜╨╛╨╣ ╨╜╨╡╨▓╨╡╤А╨╜╨╛╨│╨╛ ╤А╨╡╨╖╤Г╨╗╤М╤В╨░╤В╨░ ╤Б╨▒╨╛╤А╨║╨╕.  ╨Т╨║╨╗╤О╤З╨╡╨╜╨╜╤Л╨╡ ╤Д╨░╨╣╨╗╤Л тАФ C:\Users\KusokMedi\Documents\GitHub\BetterShowcase\build\_deps\bindings-src\bindings\2.2081\inline\SongSelectNode.cpp, C:\Users\KusokMedi\Documents\GitHub\BetterShowcase\build\bindings\bindings\Geode\source\SongSelectNode.cpp. [C:\Users\KusokMedi\Documents\GitHub\BetterShowcase\build\bindings\GeodeBindings.vcxproj]
C:\Program Files (x86)\Microsoft Visual Studio\2022\BuildTools\MSBuild\Microsoft\VC\v170\Microsoft.CppBuild.targets(1129,5): warning MSB8027: ╨┤╨▓╨░ ╨╕╨╗╨╕ ╨▒╨╛╨╗╨╡╨╡ ╤Д╨░╨╣╨╗╨╛╨▓ ╤Б ╨╕╨╝╨╡╨╜╨╡╨╝ SongTriggerGameObject.cpp ╨▓╤Л╨▓╨╛╨┤╤П╤В ╤А╨╡╨╖╤Г╨╗╤М╤В╨░╤В╤Л ╨▓ ╨╛╨┤╨╜╨╛ ╨╕ ╤В╨╛ ╨╢╨╡ ╤А╨░╤Б╨┐╨╛╨╗╨╛╨╢╨╡╨╜╨╕╨╡. ╨н╤В╨╛ ╨╝╨╛╨╢╨╡╤В ╤Б╤В╨░╤В╤М ╨┐╤А╨╕╤З╨╕╨╜╨╛╨╣ ╨╜╨╡╨▓╨╡╤А╨╜╨╛╨│╨╛ ╤А╨╡╨╖╤Г╨╗╤М╤В╨░╤В╨░ ╤Б╨▒╨╛╤А╨║╨╕.  ╨Т╨║╨╗╤О╤З╨╡╨╜╨╜╤Л╨╡ ╤Д╨░╨╣╨╗╤Л тАФ C:\Users\KusokMedi\Documents\GitHub\BetterShowcase\build\_deps\bindings-src\bindings\2.2081\inline\SongTriggerGameObject.cpp, C:\Users\KusokMedi\Documents\GitHub\BetterShowcase\build\bindings\bindings\Geode\source\SongTriggerGameObject.cpp. [C:\Users\KusokMedi\Documents\GitHub\BetterShowcase\build\bindings\GeodeBindings.vcxproj]
C:\Program Files (x86)\Microsoft Visual Studio\2022\BuildTools\MSBuild\Microsoft\VC\v170\Microsoft.CppBuild.targets(1129,5): warning MSB8027: ╨┤╨▓╨░ ╨╕╨╗╨╕ ╨▒╨╛╨╗╨╡╨╡ ╤Д╨░╨╣╨╗╨╛╨▓ ╤Б ╨╕╨╝╨╡╨╜╨╡╨╝ SongTriggerState.cpp ╨▓╤Л╨▓╨╛╨┤╤П╤В ╤А╨╡╨╖╤Г╨╗╤М╤В╨░╤В╤Л ╨▓ ╨╛╨┤╨╜╨╛ ╨╕ ╤В╨╛ ╨╢╨╡ ╤А╨░╤Б╨┐╨╛╨╗╨╛╨╢╨╡╨╜╨╕╨╡. ╨н╤В╨╛ ╨╝╨╛╨╢╨╡╤В ╤Б╤В╨░╤В╤М ╨┐╤А╨╕╤З╨╕╨╜╨╛╨╣ ╨╜╨╡╨▓╨╡╤А╨╜╨╛╨│╨╛ ╤А╨╡╨╖╤Г╨╗╤М╤В╨░╤В╨░ ╤Б╨▒╨╛╤А╨║╨╕.  ╨Т╨║╨╗╤О╤З╨╡╨╜╨╜╤Л╨╡ ╤Д╨░╨╣╨╗╤Л тАФ C:\Users\KusokMedi\Documents\GitHub\BetterShowcase\build\_deps\bindings-src\bindings\2.2081\inline\SongTriggerState.cpp, C:\Users\KusokMedi\Documents\GitHub\BetterShowcase\build\bindings\bindings\Geode\source\SongTriggerState.cpp. [C:\Users\KusokMedi\Documents\GitHub\BetterShowcase\build\bindings\GeodeBindings.vcxproj]
C:\Program Files (x86)\Microsoft Visual Studio\2022\BuildTools\MSBuild\Microsoft\VC\v170\Microsoft.CppBuild.targets(1129,5): warning MSB8027: ╨┤╨▓╨░ ╨╕╨╗╨╕ ╨▒╨╛╨╗╨╡╨╡ ╤Д╨░╨╣╨╗╨╛╨▓ ╤Б ╨╕╨╝╨╡╨╜╨╡╨╝ SongsLayer.cpp ╨▓╤Л╨▓╨╛╨┤╤П╤В ╤А╨╡╨╖╤Г╨╗╤М╤В╨░╤В╤Л ╨▓ ╨╛╨┤╨╜╨╛ ╨╕ ╤В╨╛ ╨╢╨╡ ╤А╨░╤Б╨┐╨╛╨╗╨╛╨╢╨╡╨╜╨╕╨╡. ╨н╤В╨╛ ╨╝╨╛╨╢╨╡╤В ╤Б╤В╨░╤В╤М ╨┐╤А╨╕╤З╨╕╨╜╨╛╨╣ ╨╜╨╡╨▓╨╡╤А╨╜╨╛╨│╨╛ ╤А╨╡╨╖╤Г╨╗╤М╤В╨░╤В╨░ ╤Б╨▒╨╛╤А╨║╨╕.  ╨Т╨║╨╗╤О╤З╨╡╨╜╨╜╤Л╨╡ ╤Д╨░╨╣╨╗╤Л тАФ C:\Users\KusokMedi\Documents\GitHub\BetterShowcase\build\_deps\bindings-src\bindings\2.2081\inline\SongsLayer.cpp, C:\Users\KusokMedi\Documents\GitHub\BetterShowcase\build\bindings\bindings\Geode\source\SongsLayer.cpp. [C:\Users\KusokMedi\Documents\GitHub\BetterShowcase\build\bindings\GeodeBindings.vcxproj]
C:\Program Files (x86)\Microsoft Visual Studio\2022\BuildTools\MSBuild\Microsoft\VC\v170\Microsoft.CppBuild.targets(1129,5): warning MSB8027: ╨┤╨▓╨░ ╨╕╨╗╨╕ ╨▒╨╛╨╗╨╡╨╡ ╤Д╨░╨╣╨╗╨╛╨▓ ╤Б ╨╕╨╝╨╡╨╜╨╡╨╝ Sound.cpp ╨▓╤Л╨▓╨╛╨┤╤П╤В ╤А╨╡╨╖╤Г╨╗╤М╤В╨░╤В╤Л ╨▓ ╨╛╨┤╨╜╨╛ ╨╕ ╤В╨╛ ╨╢╨╡ ╤А╨░╤Б╨┐╨╛╨╗╨╛╨╢╨╡╨╜╨╕╨╡. ╨н╤В╨╛ ╨╝╨╛╨╢╨╡╤В ╤Б╤В╨░╤В╤М ╨┐╤А╨╕╤З╨╕╨╜╨╛╨╣ ╨╜╨╡╨▓╨╡╤А╨╜╨╛╨│╨╛ ╤А╨╡╨╖╤Г╨╗╤М╤В╨░╤В╨░ ╤Б╨▒╨╛╤А╨║╨╕.  ╨Т╨║╨╗╤О╤З╨╡╨╜╨╜╤Л╨╡ ╤Д╨░╨╣╨╗╤Л тАФ C:\Users\KusokMedi\Documents\GitHub\BetterShowcase\build\_deps\bindings-src\bindings\2.2081\inline\Sound.cpp, C:\Users\KusokMedi\Documents\GitHub\BetterShowcase\build\bindings\bindings\Geode\source\Sound.cpp. [C:\Users\KusokMedi\Documents\GitHub\BetterShowcase\build\bindings\GeodeBindings.vcxproj]
C:\Program Files (x86)\Microsoft Visual Studio\2022\BuildTools\MSBuild\Microsoft\VC\v170\Microsoft.CppBuild.targets(1129,5): warning MSB8027: ╨┤╨▓╨░ ╨╕╨╗╨╕ ╨▒╨╛╨╗╨╡╨╡ ╤Д╨░╨╣╨╗╨╛╨▓ ╤Б ╨╕╨╝╨╡╨╜╨╡╨╝ SoundGroup.cpp ╨▓╤Л╨▓╨╛╨┤╤П╤В ╤А╨╡╨╖╤Г╨╗╤М╤В╨░╤В╤Л ╨▓ ╨╛╨┤╨╜╨╛ ╨╕ ╤В╨╛ ╨╢╨╡ ╤А╨░╤Б╨┐╨╛╨╗╨╛╨╢╨╡╨╜╨╕╨╡. ╨н╤В╨╛ ╨╝╨╛╨╢╨╡╤В ╤Б╤В╨░╤В╤М ╨┐╤А╨╕╤З╨╕╨╜╨╛╨╣ ╨╜╨╡╨▓╨╡╤А╨╜╨╛╨│╨╛ ╤А╨╡╨╖╤Г╨╗╤М╤В╨░╤В╨░ ╤Б╨▒╨╛╤А╨║╨╕.  ╨Т╨║╨╗╤О╤З╨╡╨╜╨╜╤Л╨╡ ╤Д╨░╨╣╨╗╤Л тАФ C:\Users\KusokMedi\Documents\GitHub\BetterShowcase\build\_deps\bindings-src\bindings\2.2081\inline\SoundGroup.cpp, C:\Users\KusokMedi\Documents\GitHub\BetterShowcase\build\bindings\bindings\Geode\source\SoundGroup.cpp. [C:\Users\KusokMedi\Documents\GitHub\BetterShowcase\build\bindings\GeodeBindings.vcxproj]
C:\Program Files (x86)\Microsoft Visual Studio\2022\BuildTools\MSBuild\Microsoft\VC\v170\Microsoft.CppBuild.targets(1129,5): warning MSB8027: ╨┤╨▓╨░ ╨╕╨╗╨╕ ╨▒╨╛╨╗╨╡╨╡ ╤Д╨░╨╣╨╗╨╛╨▓ ╤Б ╨╕╨╝╨╡╨╜╨╡╨╝ SoundStateContainer.cpp ╨▓╤Л╨▓╨╛╨┤╤П╤В ╤А╨╡╨╖╤Г╨╗╤М╤В╨░╤В╤Л ╨▓ ╨╛╨┤╨╜╨╛ ╨╕ ╤В╨╛ ╨╢╨╡ ╤А╨░╤Б╨┐╨╛╨╗╨╛╨╢╨╡╨╜╨╕╨╡. ╨н╤В╨╛ ╨╝╨╛╨╢╨╡╤В ╤Б╤В╨░╤В╤М ╨┐╤А╨╕╤З╨╕╨╜╨╛╨╣ ╨╜╨╡╨▓╨╡╤А╨╜╨╛╨│╨╛ ╤А╨╡╨╖╤Г╨╗╤М╤В╨░╤В╨░ ╤Б╨▒╨╛╤А╨║╨╕.  ╨Т╨║╨╗╤О╤З╨╡╨╜╨╜╤Л╨╡ ╤Д╨░╨╣╨╗╤Л тАФ C:\Users\KusokMedi\Documents\GitHub\BetterShowcase\build\_deps\bindings-src\bindings\2.2081\inline\SoundStateContainer.cpp, C:\Users\KusokMedi\Documents\GitHub\BetterShowcase\build\bindings\bindings\Geode\source\SoundStateContainer.cpp. [C:\Users\KusokMedi\Documents\GitHub\BetterShowcase\build\bindings\GeodeBindings.vcxproj]
C:\Program Files (x86)\Microsoft Visual Studio\2022\BuildTools\MSBuild\Microsoft\VC\v170\Microsoft.CppBuild.targets(1129,5): warning MSB8027: ╨┤╨▓╨░ ╨╕╨╗╨╕ ╨▒╨╛╨╗╨╡╨╡ ╤Д╨░╨╣╨╗╨╛╨▓ ╤Б ╨╕╨╝╨╡╨╜╨╡╨╝ SpawnParticleGameObject.cpp ╨▓╤Л╨▓╨╛╨┤╤П╤В ╤А╨╡╨╖╤Г╨╗╤М╤В╨░╤В╤Л ╨▓ ╨╛╨┤╨╜╨╛ ╨╕ ╤В╨╛ ╨╢╨╡ ╤А╨░╤Б╨┐╨╛╨╗╨╛╨╢╨╡╨╜╨╕╨╡. ╨н╤В╨╛ ╨╝╨╛╨╢╨╡╤В ╤Б╤В╨░╤В╤М ╨┐╤А╨╕╤З╨╕╨╜╨╛╨╣ ╨╜╨╡╨▓╨╡╤А╨╜╨╛╨│╨╛ ╤А╨╡╨╖╤Г╨╗╤М╤В╨░╤В╨░ ╤Б╨▒╨╛╤А╨║╨╕.  ╨Т╨║╨╗╤О╤З╨╡╨╜╨╜╤Л╨╡ ╤Д╨░╨╣╨╗╤Л тАФ C:\Users\KusokMedi\Documents\GitHub\BetterShowcase\build\_deps\bindings-src\bindings\2.2081\inline\SpawnParticleGameObject.cpp, C:\Users\KusokMedi\Documents\GitHub\BetterShowcase\build\bindings\bindings\Geode\source\SpawnParticleGameObject.cpp. [C:\Users\KusokMedi\Documents\GitHub\BetterShowcase\build\bindings\GeodeBindings.vcxproj]
C:\Program Files (x86)\Microsoft Visual Studio\2022\BuildTools\MSBuild\Microsoft\VC\v170\Microsoft.CppBuild.targets(1129,5): warning MSB8027: ╨┤╨▓╨░ ╨╕╨╗╨╕ ╨▒╨╛╨╗╨╡╨╡ ╤Д╨░╨╣╨╗╨╛╨▓ ╤Б ╨╕╨╝╨╡╨╜╨╡╨╝ SpawnTriggerAction.cpp ╨▓╤Л╨▓╨╛╨┤╤П╤В ╤А╨╡╨╖╤Г╨╗╤М╤В╨░╤В╤Л ╨▓ ╨╛╨┤╨╜╨╛ ╨╕ ╤В╨╛ ╨╢╨╡ ╤А╨░╤Б╨┐╨╛╨╗╨╛╨╢╨╡╨╜╨╕╨╡. ╨н╤В╨╛ ╨╝╨╛╨╢╨╡╤В ╤Б╤В╨░╤В╤М ╨┐╤А╨╕╤З╨╕╨╜╨╛╨╣ ╨╜╨╡╨▓╨╡╤А╨╜╨╛╨│╨╛ ╤А╨╡╨╖╤Г╨╗╤М╤В╨░╤В╨░ ╤Б╨▒╨╛╤А╨║╨╕.  ╨Т╨║╨╗╤О╤З╨╡╨╜╨╜╤Л╨╡ ╤Д╨░╨╣╨╗╤Л тАФ C:\Users\KusokMedi\Documents\GitHub\BetterShowcase\build\_deps\bindings-src\bindings\2.2081\inline\SpawnTriggerAction.cpp, C:\Users\KusokMedi\Documents\GitHub\BetterShowcase\build\bindings\bindings\Geode\source\SpawnTriggerAction.cpp. [C:\Users\KusokMedi\Documents\GitHub\BetterShowcase\build\bindings\GeodeBindings.vcxproj]
C:\Program Files (x86)\Microsoft Visual Studio\2022\BuildTools\MSBuild\Microsoft\VC\v170\Microsoft.CppBuild.targets(1129,5): warning MSB8027: ╨┤╨▓╨░ ╨╕╨╗╨╕ ╨▒╨╛╨╗╨╡╨╡ ╤Д╨░╨╣╨╗╨╛╨▓ ╤Б ╨╕╨╝╨╡╨╜╨╡╨╝ SpawnTriggerGameObject.cpp ╨▓╤Л╨▓╨╛╨┤╤П╤В ╤А╨╡╨╖╤Г╨╗╤М╤В╨░╤В╤Л ╨▓ ╨╛╨┤╨╜╨╛ ╨╕ ╤В╨╛ ╨╢╨╡ ╤А╨░╤Б╨┐╨╛╨╗╨╛╨╢╨╡╨╜╨╕╨╡. ╨н╤В╨╛ ╨╝╨╛╨╢╨╡╤В ╤Б╤В╨░╤В╤М ╨┐╤А╨╕╤З╨╕╨╜╨╛╨╣ ╨╜╨╡╨▓╨╡╤А╨╜╨╛╨│╨╛ ╤А╨╡╨╖╤Г╨╗╤М╤В╨░╤В╨░ ╤Б╨▒╨╛╤А╨║╨╕.  ╨Т╨║╨╗╤О╤З╨╡╨╜╨╜╤Л╨╡ ╤Д╨░╨╣╨╗╤Л тАФ C:\Users\KusokMedi\Documents\GitHub\BetterShowcase\build\_deps\bindings-src\bindings\2.2081\inline\SpawnTriggerGameObject.cpp, C:\Users\KusokMedi\Documents\GitHub\BetterShowcase\build\bindings\bindings\Geode\source\SpawnTriggerGameObject.cpp. [C:\Users\KusokMedi\Documents\GitHub\BetterShowcase\build\bindings\GeodeBindings.vcxproj]
C:\Program Files (x86)\Microsoft Visual Studio\2022\BuildTools\MSBuild\Microsoft\VC\v170\Microsoft.CppBuild.targets(1129,5): warning MSB8027: ╨┤╨▓╨░ ╨╕╨╗╨╕ ╨▒╨╛╨╗╨╡╨╡ ╤Д╨░╨╣╨╗╨╛╨▓ ╤Б ╨╕╨╝╨╡╨╜╨╡╨╝ SpecialAnimGameObject.cpp ╨▓╤Л╨▓╨╛╨┤╤П╤В ╤А╨╡╨╖╤Г╨╗╤М╤В╨░╤В╤Л ╨▓ ╨╛╨┤╨╜╨╛ ╨╕ ╤В╨╛ ╨╢╨╡ ╤А╨░╤Б╨┐╨╛╨╗╨╛╨╢╨╡╨╜╨╕╨╡. ╨н╤В╨╛ ╨╝╨╛╨╢╨╡╤В ╤Б╤В╨░╤В╤М ╨┐╤А╨╕╤З╨╕╨╜╨╛╨╣ ╨╜╨╡╨▓╨╡╤А╨╜╨╛╨│╨╛ ╤А╨╡╨╖╤Г╨╗╤М╤В╨░╤В╨░ ╤Б╨▒╨╛╤А╨║╨╕.  ╨Т╨║╨╗╤О╤З╨╡╨╜╨╜╤Л╨╡ ╤Д╨░╨╣╨╗╤Л тАФ C:\Users\KusokMedi\Documents\GitHub\BetterShowcase\build\_deps\bindings-src\bindings\2.2081\inline\SpecialAnimGameObject.cpp, C:\Users\KusokMedi\Documents\GitHub\BetterShowcase\build\bindings\bindings\Geode\source\SpecialAnimGameObject.cpp. [C:\Users\KusokMedi\Documents\GitHub\BetterShowcase\build\bindings\GeodeBindings.vcxproj]
C:\Program Files (x86)\Microsoft Visual Studio\2022\BuildTools\MSBuild\Microsoft\VC\v170\Microsoft.CppBuild.targets(1129,5): warning MSB8027: ╨┤╨▓╨░ ╨╕╨╗╨╕ ╨▒╨╛╨╗╨╡╨╡ ╤Д╨░╨╣╨╗╨╛╨▓ ╤Б ╨╕╨╝╨╡╨╜╨╡╨╝ SpriteAnimationManager.cpp ╨▓╤Л╨▓╨╛╨┤╤П╤В ╤А╨╡╨╖╤Г╨╗╤М╤В╨░╤В╤Л ╨▓ ╨╛╨┤╨╜╨╛ ╨╕ ╤В╨╛ ╨╢╨╡ ╤А╨░╤Б╨┐╨╛╨╗╨╛╨╢╨╡╨╜╨╕╨╡. ╨н╤В╨╛ ╨╝╨╛╨╢╨╡╤В ╤Б╤В╨░╤В╤М ╨┐╤А╨╕╤З╨╕╨╜╨╛╨╣ ╨╜╨╡╨▓╨╡╤А╨╜╨╛╨│╨╛ ╤А╨╡╨╖╤Г╨╗╤М╤В╨░╤В╨░ ╤Б╨▒╨╛╤А╨║╨╕.  ╨Т╨║╨╗╤О╤З╨╡╨╜╨╜╤Л╨╡ ╤Д╨░╨╣╨╗╤Л тАФ C:\Users\KusokMedi\Documents\GitHub\BetterShowcase\build\_deps\bindings-src\bindings\2.2081\inline\SpriteAnimationManager.cpp, C:\Users\KusokMedi\Documents\GitHub\BetterShowcase\build\bindings\bindings\Geode\source\SpriteAnimationManager.cpp. [C:\Users\KusokMedi\Documents\GitHub\BetterShowcase\build\bindings\GeodeBindings.vcxproj]
C:\Program Files (x86)\Microsoft Visual Studio\2022\BuildTools\MSBuild\Microsoft\VC\v170\Microsoft.CppBuild.targets(1129,5): warning MSB8027: ╨┤╨▓╨░ ╨╕╨╗╨╕ ╨▒╨╛╨╗╨╡╨╡ ╤Д╨░╨╣╨╗╨╛╨▓ ╤Б ╨╕╨╝╨╡╨╜╨╡╨╝ SpriteDescription.cpp ╨▓╤Л╨▓╨╛╨┤╤П╤В ╤А╨╡╨╖╤Г╨╗╤М╤В╨░╤В╤Л ╨▓ ╨╛╨┤╨╜╨╛ ╨╕ ╤В╨╛ ╨╢╨╡ ╤А╨░╤Б╨┐╨╛╨╗╨╛╨╢╨╡╨╜╨╕╨╡. ╨н╤В╨╛ ╨╝╨╛╨╢╨╡╤В ╤Б╤В╨░╤В╤М ╨┐╤А╨╕╤З╨╕╨╜╨╛╨╣ ╨╜╨╡╨▓╨╡╤А╨╜╨╛╨│╨╛ ╤А╨╡╨╖╤Г╨╗╤М╤В╨░╤В╨░ ╤Б╨▒╨╛╤А╨║╨╕.  ╨Т╨║╨╗╤О╤З╨╡╨╜╨╜╤Л╨╡ ╤Д╨░╨╣╨╗╤Л тАФ C:\Users\KusokMedi\Documents\GitHub\BetterShowcase\build\_deps\bindings-src\bindings\2.2081\inline\SpriteDescription.cpp, C:\Users\KusokMedi\Documents\GitHub\BetterShowcase\build\bindings\bindings\Geode\source\SpriteDescription.cpp. [C:\Users\KusokMedi\Documents\GitHub\BetterShowcase\build\bindings\GeodeBindings.vcxproj]
C:\Program Files (x86)\Microsoft Visual Studio\2022\BuildTools\MSBuild\Microsoft\VC\v170\Microsoft.CppBuild.targets(1129,5): warning MSB8027: ╨┤╨▓╨░ ╨╕╨╗╨╕ ╨▒╨╛╨╗╨╡╨╡ ╤Д╨░╨╣╨╗╨╛╨▓ ╤Б ╨╕╨╝╨╡╨╜╨╡╨╝ SpritePartDelegate.cpp ╨▓╤Л╨▓╨╛╨┤╤П╤В ╤А╨╡╨╖╤Г╨╗╤М╤В╨░╤В╤Л ╨▓ ╨╛╨┤╨╜╨╛ ╨╕ ╤В╨╛ ╨╢╨╡ ╤А╨░╤Б╨┐╨╛╨╗╨╛╨╢╨╡╨╜╨╕╨╡. ╨н╤В╨╛ ╨╝╨╛╨╢╨╡╤В ╤Б╤В╨░╤В╤М ╨┐╤А╨╕╤З╨╕╨╜╨╛╨╣ ╨╜╨╡╨▓╨╡╤А╨╜╨╛╨│╨╛ ╤А╨╡╨╖╤Г╨╗╤М╤В╨░╤В╨░ ╤Б╨▒╨╛╤А╨║╨╕.  ╨Т╨║╨╗╤О╤З╨╡╨╜╨╜╤Л╨╡ ╤Д╨░╨╣╨╗╤Л тАФ C:\Users\KusokMedi\Documents\GitHub\BetterShowcase\build\_deps\bindings-src\bindings\2.2081\inline\SpritePartDelegate.cpp, C:\Users\KusokMedi\Documents\GitHub\BetterShowcase\build\bindings\bindings\Geode\source\SpritePartDelegate.cpp. [C:\Users\KusokMedi\Documents\GitHub\BetterShowcase\build\bindings\GeodeBindings.vcxproj]
C:\Program Files (x86)\Microsoft Visual Studio\2022\BuildTools\MSBuild\Microsoft\VC\v170\Microsoft.CppBuild.targets(1129,5): warning MSB8027: ╨┤╨▓╨░ ╨╕╨╗╨╕ ╨▒╨╛╨╗╨╡╨╡ ╤Д╨░╨╣╨╗╨╛╨▓ ╤Б ╨╕╨╝╨╡╨╜╨╡╨╝ StarInfoPopup.cpp ╨▓╤Л╨▓╨╛╨┤╤П╤В ╤А╨╡╨╖╤Г╨╗╤М╤В╨░╤В╤Л ╨▓ ╨╛╨┤╨╜╨╛ ╨╕ ╤В╨╛ ╨╢╨╡ ╤А╨░╤Б╨┐╨╛╨╗╨╛╨╢╨╡╨╜╨╕╨╡. ╨н╤В╨╛ ╨╝╨╛╨╢╨╡╤В ╤Б╤В╨░╤В╤М ╨┐╤А╨╕╤З╨╕╨╜╨╛╨╣ ╨╜╨╡╨▓╨╡╤А╨╜╨╛╨│╨╛ ╤А╨╡╨╖╤Г╨╗╤М╤В╨░╤В╨░ ╤Б╨▒╨╛╤А╨║╨╕.  ╨Т╨║╨╗╤О╤З╨╡╨╜╨╜╤Л╨╡ ╤Д╨░╨╣╨╗╤Л тАФ C:\Users\KusokMedi\Documents\GitHub\BetterShowcase\build\_deps\bindings-src\bindings\2.2081\inline\StarInfoPopup.cpp, C:\Users\KusokMedi\Documents\GitHub\BetterShowcase\build\bindings\bindings\Geode\source\StarInfoPopup.cpp. [C:\Users\KusokMedi\Documents\GitHub\BetterShowcase\build\bindings\GeodeBindings.vcxproj]
C:\Program Files (x86)\Microsoft Visual Studio\2022\BuildTools\MSBuild\Microsoft\VC\v170\Microsoft.CppBuild.targets(1129,5): warning MSB8027: ╨┤╨▓╨░ ╨╕╨╗╨╕ ╨▒╨╛╨╗╨╡╨╡ ╤Д╨░╨╣╨╗╨╛╨▓ ╤Б ╨╕╨╝╨╡╨╜╨╡╨╝ StartPosObject.cpp ╨▓╤Л╨▓╨╛╨┤╤П╤В ╤А╨╡╨╖╤Г╨╗╤М╤В╨░╤В╤Л ╨▓ ╨╛╨┤╨╜╨╛ ╨╕ ╤В╨╛ ╨╢╨╡ ╤А╨░╤Б╨┐╨╛╨╗╨╛╨╢╨╡╨╜╨╕╨╡. ╨н╤В╨╛ ╨╝╨╛╨╢╨╡╤В ╤Б╤В╨░╤В╤М ╨┐╤А╨╕╤З╨╕╨╜╨╛╨╣ ╨╜╨╡╨▓╨╡╤А╨╜╨╛╨│╨╛ ╤А╨╡╨╖╤Г╨╗╤М╤В╨░╤В╨░ ╤Б╨▒╨╛╤А╨║╨╕.  ╨Т╨║╨╗╤О╤З╨╡╨╜╨╜╤Л╨╡ ╤Д╨░╨╣╨╗╤Л тАФ C:\Users\KusokMedi\Documents\GitHub\BetterShowcase\build\_deps\bindings-src\bindings\2.2081\inline\StartPosObject.cpp, C:\Users\KusokMedi\Documents\GitHub\BetterShowcase\build\bindings\bindings\Geode\source\StartPosObject.cpp. [C:\Users\KusokMedi\Documents\GitHub\BetterShowcase\build\bindings\GeodeBindings.vcxproj]
C:\Program Files (x86)\Microsoft Visual Studio\2022\BuildTools\MSBuild\Microsoft\VC\v170\Microsoft.CppBuild.targets(1129,5): warning MSB8027: ╨┤╨▓╨░ ╨╕╨╗╨╕ ╨▒╨╛╨╗╨╡╨╡ ╤Д╨░╨╣╨╗╨╛╨▓ ╤Б ╨╕╨╝╨╡╨╜╨╡╨╝ StatsCell.cpp ╨▓╤Л╨▓╨╛╨┤╤П╤В ╤А╨╡╨╖╤Г╨╗╤М╤В╨░╤В╤Л ╨▓ ╨╛╨┤╨╜╨╛ ╨╕ ╤В╨╛ ╨╢╨╡ ╤А╨░╤Б╨┐╨╛╨╗╨╛╨╢╨╡╨╜╨╕╨╡. ╨н╤В╨╛ ╨╝╨╛╨╢╨╡╤В ╤Б╤В╨░╤В╤М ╨┐╤А╨╕╤З╨╕╨╜╨╛╨╣ ╨╜╨╡╨▓╨╡╤А╨╜╨╛╨│╨╛ ╤А╨╡╨╖╤Г╨╗╤М╤В╨░╤В╨░ ╤Б╨▒╨╛╤А╨║╨╕.  ╨Т╨║╨╗╤О╤З╨╡╨╜╨╜╤Л╨╡ ╤Д╨░╨╣╨╗╤Л тАФ C:\Users\KusokMedi\Documents\GitHub\BetterShowcase\build\_deps\bindings-src\bindings\2.2081\inline\StatsCell.cpp, C:\Users\KusokMedi\Documents\GitHub\BetterShowcase\build\bindings\bindings\Geode\source\StatsCell.cpp. [C:\Users\KusokMedi\Documents\GitHub\BetterShowcase\build\bindings\GeodeBindings.vcxproj]
C:\Program Files (x86)\Microsoft Visual Studio\2022\BuildTools\MSBuild\Microsoft\VC\v170\Microsoft.CppBuild.targets(1129,5): warning MSB8027: ╨┤╨▓╨░ ╨╕╨╗╨╕ ╨▒╨╛╨╗╨╡╨╡ ╤Д╨░╨╣╨╗╨╛╨▓ ╤Б ╨╕╨╝╨╡╨╜╨╡╨╝ StatsLayer.cpp ╨▓╤Л╨▓╨╛╨┤╤П╤В ╤А╨╡╨╖╤Г╨╗╤М╤В╨░╤В╤Л ╨▓ ╨╛╨┤╨╜╨╛ ╨╕ ╤В╨╛ ╨╢╨╡ ╤А╨░╤Б╨┐╨╛╨╗╨╛╨╢╨╡╨╜╨╕╨╡. ╨н╤В╨╛ ╨╝╨╛╨╢╨╡╤В ╤Б╤В╨░╤В╤М ╨┐╤А╨╕╤З╨╕╨╜╨╛╨╣ ╨╜╨╡╨▓╨╡╤А╨╜╨╛╨│╨╛ ╤А╨╡╨╖╤Г╨╗╤М╤В╨░╤В╨░ ╤Б╨▒╨╛╤А╨║╨╕.  ╨Т╨║╨╗╤О╤З╨╡╨╜╨╜╤Л╨╡ ╤Д╨░╨╣╨╗╤Л тАФ C:\Users\KusokMedi\Documents\GitHub\BetterShowcase\build\_deps\bindings-src\bindings\2.2081\inline\StatsLayer.cpp, C:\Users\KusokMedi\Documents\GitHub\BetterShowcase\build\bindings\bindings\Geode\source\StatsLayer.cpp. [C:\Users\KusokMedi\Documents\GitHub\BetterShowcase\build\bindings\GeodeBindings.vcxproj]
C:\Program Files (x86)\Microsoft Visual Studio\2022\BuildTools\MSBuild\Microsoft\VC\v170\Microsoft.CppBuild.targets(1129,5): warning MSB8027: ╨┤╨▓╨░ ╨╕╨╗╨╕ ╨▒╨╛╨╗╨╡╨╡ ╤Д╨░╨╣╨╗╨╛╨▓ ╤Б ╨╕╨╝╨╡╨╜╨╡╨╝ StatsObject.cpp ╨▓╤Л╨▓╨╛╨┤╤П╤В ╤А╨╡╨╖╤Г╨╗╤М╤В╨░╤В╤Л ╨▓ ╨╛╨┤╨╜╨╛ ╨╕ ╤В╨╛ ╨╢╨╡ ╤А╨░╤Б╨┐╨╛╨╗╨╛╨╢╨╡╨╜╨╕╨╡. ╨н╤В╨╛ ╨╝╨╛╨╢╨╡╤В ╤Б╤В╨░╤В╤М ╨┐╤А╨╕╤З╨╕╨╜╨╛╨╣ ╨╜╨╡╨▓╨╡╤А╨╜╨╛╨│╨╛ ╤А╨╡╨╖╤Г╨╗╤М╤В╨░╤В╨░ ╤Б╨▒╨╛╤А╨║╨╕.  ╨Т╨║╨╗╤О╤З╨╡╨╜╨╜╤Л╨╡ ╤Д╨░╨╣╨╗╤Л тАФ C:\Users\KusokMedi\Documents\GitHub\BetterShowcase\build\_deps\bindings-src\bindings\2.2081\inline\StatsObject.cpp, C:\Users\KusokMedi\Documents\GitHub\BetterShowcase\build\bindings\bindings\Geode\source\StatsObject.cpp. [C:\Users\KusokMedi\Documents\GitHub\BetterShowcase\build\bindings\GeodeBindings.vcxproj]
C:\Program Files (x86)\Microsoft Visual Studio\2022\BuildTools\MSBuild\Microsoft\VC\v170\Microsoft.CppBuild.targets(1129,5): warning MSB8027: ╨┤╨▓╨░ ╨╕╨╗╨╕ ╨▒╨╛╨╗╨╡╨╡ ╤Д╨░╨╣╨╗╨╛╨▓ ╤Б ╨╕╨╝╨╡╨╜╨╡╨╝ SupportLayer.cpp ╨▓╤Л╨▓╨╛╨┤╤П╤В ╤А╨╡╨╖╤Г╨╗╤М╤В╨░╤В╤Л ╨▓ ╨╛╨┤╨╜╨╛ ╨╕ ╤В╨╛ ╨╢╨╡ ╤А╨░╤Б╨┐╨╛╨╗╨╛╨╢╨╡╨╜╨╕╨╡. ╨н╤В╨╛ ╨╝╨╛╨╢╨╡╤В ╤Б╤В╨░╤В╤М ╨┐╤А╨╕╤З╨╕╨╜╨╛╨╣ ╨╜╨╡╨▓╨╡╤А╨╜╨╛╨│╨╛ ╤А╨╡╨╖╤Г╨╗╤М╤В╨░╤В╨░ ╤Б╨▒╨╛╤А╨║╨╕.  ╨Т╨║╨╗╤О╤З╨╡╨╜╨╜╤Л╨╡ ╤Д╨░╨╣╨╗╤Л тАФ C:\Users\KusokMedi\Documents\GitHub\BetterShowcase\build\_deps\bindings-src\bindings\2.2081\inline\SupportLayer.cpp, C:\Users\KusokMedi\Documents\GitHub\BetterShowcase\build\bindings\bindings\Geode\source\SupportLayer.cpp. [C:\Users\KusokMedi\Documents\GitHub\BetterShowcase\build\bindings\GeodeBindings.vcxproj]
C:\Program Files (x86)\Microsoft Visual Studio\2022\BuildTools\MSBuild\Microsoft\VC\v170\Microsoft.CppBuild.targets(1129,5): warning MSB8027: ╨┤╨▓╨░ ╨╕╨╗╨╕ ╨▒╨╛╨╗╨╡╨╡ ╤Д╨░╨╣╨╗╨╛╨▓ ╤Б ╨╕╨╝╨╡╨╜╨╡╨╝ System.cpp ╨▓╤Л╨▓╨╛╨┤╤П╤В ╤А╨╡╨╖╤Г╨╗╤М╤В╨░╤В╤Л ╨▓ ╨╛╨┤╨╜╨╛ ╨╕ ╤В╨╛ ╨╢╨╡ ╤А╨░╤Б╨┐╨╛╨╗╨╛╨╢╨╡╨╜╨╕╨╡. ╨н╤В╨╛ ╨╝╨╛╨╢╨╡╤В ╤Б╤В╨░╤В╤М ╨┐╤А╨╕╤З╨╕╨╜╨╛╨╣ ╨╜╨╡╨▓╨╡╤А╨╜╨╛╨│╨╛ ╤А╨╡╨╖╤Г╨╗╤М╤В╨░╤В╨░ ╤Б╨▒╨╛╤А╨║╨╕.  ╨Т╨║╨╗╤О╤З╨╡╨╜╨╜╤Л╨╡ ╤Д╨░╨╣╨╗╤Л тАФ C:\Users\KusokMedi\Documents\GitHub\BetterShowcase\build\_deps\bindings-src\bindings\2.2081\inline\System.cpp, C:\Users\KusokMedi\Documents\GitHub\BetterShowcase\build\bindings\bindings\Geode\source\System.cpp. [C:\Users\KusokMedi\Documents\GitHub\BetterShowcase\build\bindings\GeodeBindings.vcxproj]
C:\Program Files (x86)\Microsoft Visual Studio\2022\BuildTools\MSBuild\Microsoft\VC\v170\Microsoft.CppBuild.targets(1129,5): warning MSB8027: ╨┤╨▓╨░ ╨╕╨╗╨╕ ╨▒╨╛╨╗╨╡╨╡ ╤Д╨░╨╣╨╗╨╛╨▓ ╤Б ╨╕╨╝╨╡╨╜╨╡╨╝ TOSPopup.cpp ╨▓╤Л╨▓╨╛╨┤╤П╤В ╤А╨╡╨╖╤Г╨╗╤М╤В╨░╤В╤Л ╨▓ ╨╛╨┤╨╜╨╛ ╨╕ ╤В╨╛ ╨╢╨╡ ╤А╨░╤Б╨┐╨╛╨╗╨╛╨╢╨╡╨╜╨╕╨╡. ╨н╤В╨╛ ╨╝╨╛╨╢╨╡╤В ╤Б╤В╨░╤В╤М ╨┐╤А╨╕╤З╨╕╨╜╨╛╨╣ ╨╜╨╡╨▓╨╡╤А╨╜╨╛╨│╨╛ ╤А╨╡╨╖╤Г╨╗╤М╤В╨░╤В╨░ ╤Б╨▒╨╛╤А╨║╨╕.  ╨Т╨║╨╗╤О╤З╨╡╨╜╨╜╤Л╨╡ ╤Д╨░╨╣╨╗╤Л тАФ C:\Users\KusokMedi\Documents\GitHub\BetterShowcase\build\_deps\bindings-src\bindings\2.2081\inline\TOSPopup.cpp, C:\Users\KusokMedi\Documents\GitHub\BetterShowcase\build\bindings\bindings\Geode\source\TOSPopup.cpp. [C:\Users\KusokMedi\Documents\GitHub\BetterShowcase\build\bindings\GeodeBindings.vcxproj]
C:\Program Files (x86)\Microsoft Visual Studio\2022\BuildTools\MSBuild\Microsoft\VC\v170\Microsoft.CppBuild.targets(1129,5): warning MSB8027: ╨┤╨▓╨░ ╨╕╨╗╨╕ ╨▒╨╛╨╗╨╡╨╡ ╤Д╨░╨╣╨╗╨╛╨▓ ╤Б ╨╕╨╝╨╡╨╜╨╡╨╝ TableView.cpp ╨▓╤Л╨▓╨╛╨┤╤П╤В ╤А╨╡╨╖╤Г╨╗╤М╤В╨░╤В╤Л ╨▓ ╨╛╨┤╨╜╨╛ ╨╕ ╤В╨╛ ╨╢╨╡ ╤А╨░╤Б╨┐╨╛╨╗╨╛╨╢╨╡╨╜╨╕╨╡. ╨н╤В╨╛ ╨╝╨╛╨╢╨╡╤В ╤Б╤В╨░╤В╤М ╨┐╤А╨╕╤З╨╕╨╜╨╛╨╣ ╨╜╨╡╨▓╨╡╤А╨╜╨╛╨│╨╛ ╤А╨╡╨╖╤Г╨╗╤М╤В╨░╤В╨░ ╤Б╨▒╨╛╤А╨║╨╕.  ╨Т╨║╨╗╤О╤З╨╡╨╜╨╜╤Л╨╡ ╤Д╨░╨╣╨╗╤Л тАФ C:\Users\KusokMedi\Documents\GitHub\BetterShowcase\build\_deps\bindings-src\bindings\2.2081\inline\TableView.cpp, C:\Users\KusokMedi\Documents\GitHub\BetterShowcase\build\bindings\bindings\Geode\source\TableView.cpp. [C:\Users\KusokMedi\Documents\GitHub\BetterShowcase\build\bindings\GeodeBindings.vcxproj]
C:\Program Files (x86)\Microsoft Visual Studio\2022\BuildTools\MSBuild\Microsoft\VC\v170\Microsoft.CppBuild.targets(1129,5): warning MSB8027: ╨┤╨▓╨░ ╨╕╨╗╨╕ ╨▒╨╛╨╗╨╡╨╡ ╤Д╨░╨╣╨╗╨╛╨▓ ╤Б ╨╕╨╝╨╡╨╜╨╡╨╝ TableViewCell.cpp ╨▓╤Л╨▓╨╛╨┤╤П╤В ╤А╨╡╨╖╤Г╨╗╤М╤В╨░╤В╤Л ╨▓ ╨╛╨┤╨╜╨╛ ╨╕ ╤В╨╛ ╨╢╨╡ ╤А╨░╤Б╨┐╨╛╨╗╨╛╨╢╨╡╨╜╨╕╨╡. ╨н╤В╨╛ ╨╝╨╛╨╢╨╡╤В ╤Б╤В╨░╤В╤М ╨┐╤А╨╕╤З╨╕╨╜╨╛╨╣ ╨╜╨╡╨▓╨╡╤А╨╜╨╛╨│╨╛ ╤А╨╡╨╖╤Г╨╗╤М╤В╨░╤В╨░ ╤Б╨▒╨╛╤А╨║╨╕.  ╨Т╨║╨╗╤О╤З╨╡╨╜╨╜╤Л╨╡ ╤Д╨░╨╣╨╗╤Л тАФ C:\Users\KusokMedi\Documents\GitHub\BetterShowcase\build\_deps\bindings-src\bindings\2.2081\inline\TableViewCell.cpp, C:\Users\KusokMedi\Documents\GitHub\BetterShowcase\build\bindings\bindings\Geode\source\TableViewCell.cpp. [C:\Users\KusokMedi\Documents\GitHub\BetterShowcase\build\bindings\GeodeBindings.vcxproj]
C:\Program Files (x86)\Microsoft Visual Studio\2022\BuildTools\MSBuild\Microsoft\VC\v170\Microsoft.CppBuild.targets(1129,5): warning MSB8027: ╨┤╨▓╨░ ╨╕╨╗╨╕ ╨▒╨╛╨╗╨╡╨╡ ╤Д╨░╨╣╨╗╨╛╨▓ ╤Б ╨╕╨╝╨╡╨╜╨╡╨╝ TableViewCellDelegate.cpp ╨▓╤Л╨▓╨╛╨┤╤П╤В ╤А╨╡╨╖╤Г╨╗╤М╤В╨░╤В╤Л ╨▓ ╨╛╨┤╨╜╨╛ ╨╕ ╤В╨╛ ╨╢╨╡ ╤А╨░╤Б╨┐╨╛╨╗╨╛╨╢╨╡╨╜╨╕╨╡. ╨н╤В╨╛ ╨╝╨╛╨╢╨╡╤В ╤Б╤В╨░╤В╤М ╨┐╤А╨╕╤З╨╕╨╜╨╛╨╣ ╨╜╨╡╨▓╨╡╤А╨╜╨╛╨│╨╛ ╤А╨╡╨╖╤Г╨╗╤М╤В╨░╤В╨░ ╤Б╨▒╨╛╤А╨║╨╕.  ╨Т╨║╨╗╤О╤З╨╡╨╜╨╜╤Л╨╡ ╤Д╨░╨╣╨╗╤Л тАФ C:\Users\KusokMedi\Documents\GitHub\BetterShowcase\build\_deps\bindings-src\bindings\2.2081\inline\TableViewCellDelegate.cpp, C:\Users\KusokMedi\Documents\GitHub\BetterShowcase\build\bindings\bindings\Geode\source\TableViewCellDelegate.cpp. [C:\Users\KusokMedi\Documents\GitHub\BetterShowcase\build\bindings\GeodeBindings.vcxproj]
C:\Program Files (x86)\Microsoft Visual Studio\2022\BuildTools\MSBuild\Microsoft\VC\v170\Microsoft.CppBuild.targets(1129,5): warning MSB8027: ╨┤╨▓╨░ ╨╕╨╗╨╕ ╨▒╨╛╨╗╨╡╨╡ ╤Д╨░╨╣╨╗╨╛╨▓ ╤Б ╨╕╨╝╨╡╨╜╨╡╨╝ TableViewDataSource.cpp ╨▓╤Л╨▓╨╛╨┤╤П╤В ╤А╨╡╨╖╤Г╨╗╤М╤В╨░╤В╤Л ╨▓ ╨╛╨┤╨╜╨╛ ╨╕ ╤В╨╛ ╨╢╨╡ ╤А╨░╤Б╨┐╨╛╨╗╨╛╨╢╨╡╨╜╨╕╨╡. ╨н╤В╨╛ ╨╝╨╛╨╢╨╡╤В ╤Б╤В╨░╤В╤М ╨┐╤А╨╕╤З╨╕╨╜╨╛╨╣ ╨╜╨╡╨▓╨╡╤А╨╜╨╛╨│╨╛ ╤А╨╡╨╖╤Г╨╗╤М╤В╨░╤В╨░ ╤Б╨▒╨╛╤А╨║╨╕.  ╨Т╨║╨╗╤О╤З╨╡╨╜╨╜╤Л╨╡ ╤Д╨░╨╣╨╗╤Л тАФ C:\Users\KusokMedi\Documents\GitHub\BetterShowcase\build\_deps\bindings-src\bindings\2.2081\inline\TableViewDataSource.cpp, C:\Users\KusokMedi\Documents\GitHub\BetterShowcase\build\bindings\bindings\Geode\source\TableViewDataSource.cpp. [C:\Users\KusokMedi\Documents\GitHub\BetterShowcase\build\bindings\GeodeBindings.vcxproj]
C:\Program Files (x86)\Microsoft Visual Studio\2022\BuildTools\MSBuild\Microsoft\VC\v170\Microsoft.CppBuild.targets(1129,5): warning MSB8027: ╨┤╨▓╨░ ╨╕╨╗╨╕ ╨▒╨╛╨╗╨╡╨╡ ╤Д╨░╨╣╨╗╨╛╨▓ ╤Б ╨╕╨╝╨╡╨╜╨╡╨╝ TableViewDelegate.cpp ╨▓╤Л╨▓╨╛╨┤╤П╤В ╤А╨╡╨╖╤Г╨╗╤М╤В╨░╤В╤Л ╨▓ ╨╛╨┤╨╜╨╛ ╨╕ ╤В╨╛ ╨╢╨╡ ╤А╨░╤Б╨┐╨╛╨╗╨╛╨╢╨╡╨╜╨╕╨╡. ╨н╤В╨╛ ╨╝╨╛╨╢╨╡╤В ╤Б╤В╨░╤В╤М ╨┐╤А╨╕╤З╨╕╨╜╨╛╨╣ ╨╜╨╡╨▓╨╡╤А╨╜╨╛╨│╨╛ ╤А╨╡╨╖╤Г╨╗╤М╤В╨░╤В╨░ ╤Б╨▒╨╛╤А╨║╨╕.  ╨Т╨║╨╗╤О╤З╨╡╨╜╨╜╤Л╨╡ ╤Д╨░╨╣╨╗╤Л тАФ C:\Users\KusokMedi\Documents\GitHub\BetterShowcase\build\_deps\bindings-src\bindings\2.2081\inline\TableViewDelegate.cpp, C:\Users\KusokMedi\Documents\GitHub\BetterShowcase\build\bindings\bindings\Geode\source\TableViewDelegate.cpp. [C:\Users\KusokMedi\Documents\GitHub\BetterShowcase\build\bindings\GeodeBindings.vcxproj]
C:\Program Files (x86)\Microsoft Visual Studio\2022\BuildTools\MSBuild\Microsoft\VC\v170\Microsoft.CppBuild.targets(1129,5): warning MSB8027: ╨┤╨▓╨░ ╨╕╨╗╨╕ ╨▒╨╛╨╗╨╡╨╡ ╤Д╨░╨╣╨╗╨╛╨▓ ╤Б ╨╕╨╝╨╡╨╜╨╡╨╝ TeleportPortalObject.cpp ╨▓╤Л╨▓╨╛╨┤╤П╤В ╤А╨╡╨╖╤Г╨╗╤М╤В╨░╤В╤Л ╨▓ ╨╛╨┤╨╜╨╛ ╨╕ ╤В╨╛ ╨╢╨╡ ╤А╨░╤Б╨┐╨╛╨╗╨╛╨╢╨╡╨╜╨╕╨╡. ╨н╤В╨╛ ╨╝╨╛╨╢╨╡╤В ╤Б╤В╨░╤В╤М ╨┐╤А╨╕╤З╨╕╨╜╨╛╨╣ ╨╜╨╡╨▓╨╡╤А╨╜╨╛╨│╨╛ ╤А╨╡╨╖╤Г╨╗╤М╤В╨░╤В╨░ ╤Б╨▒╨╛╤А╨║╨╕.  ╨Т╨║╨╗╤О╤З╨╡╨╜╨╜╤Л╨╡ ╤Д╨░╨╣╨╗╤Л тАФ C:\Users\KusokMedi\Documents\GitHub\BetterShowcase\build\_deps\bindings-src\bindings\2.2081\inline\TeleportPortalObject.cpp, C:\Users\KusokMedi\Documents\GitHub\BetterShowcase\build\bindings\bindings\Geode\source\TeleportPortalObject.cpp. [C:\Users\KusokMedi\Documents\GitHub\BetterShowcase\build\bindings\GeodeBindings.vcxproj]
C:\Program Files (x86)\Microsoft Visual Studio\2022\BuildTools\MSBuild\Microsoft\VC\v170\Microsoft.CppBuild.targets(1129,5): warning MSB8027: ╨┤╨▓╨░ ╨╕╨╗╨╕ ╨▒╨╛╨╗╨╡╨╡ ╤Д╨░╨╣╨╗╨╛╨▓ ╤Б ╨╕╨╝╨╡╨╜╨╡╨╝ TextAlertPopup.cpp ╨▓╤Л╨▓╨╛╨┤╤П╤В ╤А╨╡╨╖╤Г╨╗╤М╤В╨░╤В╤Л ╨▓ ╨╛╨┤╨╜╨╛ ╨╕ ╤В╨╛ ╨╢╨╡ ╤А╨░╤Б╨┐╨╛╨╗╨╛╨╢╨╡╨╜╨╕╨╡. ╨н╤В╨╛ ╨╝╨╛╨╢╨╡╤В ╤Б╤В╨░╤В╤М ╨┐╤А╨╕╤З╨╕╨╜╨╛╨╣ ╨╜╨╡╨▓╨╡╤А╨╜╨╛╨│╨╛ ╤А╨╡╨╖╤Г╨╗╤М╤В╨░╤В╨░ ╤Б╨▒╨╛╤А╨║╨╕.  ╨Т╨║╨╗╤О╤З╨╡╨╜╨╜╤Л╨╡ ╤Д╨░╨╣╨╗╤Л тАФ C:\Users\KusokMedi\Documents\GitHub\BetterShowcase\build\_deps\bindings-src\bindings\2.2081\inline\TextAlertPopup.cpp, C:\Users\KusokMedi\Documents\GitHub\BetterShowcase\build\bindings\bindings\Geode\source\TextAlertPopup.cpp. [C:\Users\KusokMedi\Documents\GitHub\BetterShowcase\build\bindings\GeodeBindings.vcxproj]
C:\Program Files (x86)\Microsoft Visual Studio\2022\BuildTools\MSBuild\Microsoft\VC\v170\Microsoft.CppBuild.targets(1129,5): warning MSB8027: ╨┤╨▓╨░ ╨╕╨╗╨╕ ╨▒╨╛╨╗╨╡╨╡ ╤Д╨░╨╣╨╗╨╛╨▓ ╤Б ╨╕╨╝╨╡╨╜╨╡╨╝ TextArea.cpp ╨▓╤Л╨▓╨╛╨┤╤П╤В ╤А╨╡╨╖╤Г╨╗╤М╤В╨░╤В╤Л ╨▓ ╨╛╨┤╨╜╨╛ ╨╕ ╤В╨╛ ╨╢╨╡ ╤А╨░╤Б╨┐╨╛╨╗╨╛╨╢╨╡╨╜╨╕╨╡. ╨н╤В╨╛ ╨╝╨╛╨╢╨╡╤В ╤Б╤В╨░╤В╤М ╨┐╤А╨╕╤З╨╕╨╜╨╛╨╣ ╨╜╨╡╨▓╨╡╤А╨╜╨╛╨│╨╛ ╤А╨╡╨╖╤Г╨╗╤М╤В╨░╤В╨░ ╤Б╨▒╨╛╤А╨║╨╕.  ╨Т╨║╨╗╤О╤З╨╡╨╜╨╜╤Л╨╡ ╤Д╨░╨╣╨╗╤Л тАФ C:\Users\KusokMedi\Documents\GitHub\BetterShowcase\build\_deps\bindings-src\bindings\2.2081\inline\TextArea.cpp, C:\Users\KusokMedi\Documents\GitHub\BetterShowcase\build\bindings\bindings\Geode\source\TextArea.cpp. [C:\Users\KusokMedi\Documents\GitHub\BetterShowcase\build\bindings\GeodeBindings.vcxproj]
C:\Program Files (x86)\Microsoft Visual Studio\2022\BuildTools\MSBuild\Microsoft\VC\v170\Microsoft.CppBuild.targets(1129,5): warning MSB8027: ╨┤╨▓╨░ ╨╕╨╗╨╕ ╨▒╨╛╨╗╨╡╨╡ ╤Д╨░╨╣╨╗╨╛╨▓ ╤Б ╨╕╨╝╨╡╨╜╨╡╨╝ TextAreaDelegate.cpp ╨▓╤Л╨▓╨╛╨┤╤П╤В ╤А╨╡╨╖╤Г╨╗╤М╤В╨░╤В╤Л ╨▓ ╨╛╨┤╨╜╨╛ ╨╕ ╤В╨╛ ╨╢╨╡ ╤А╨░╤Б╨┐╨╛╨╗╨╛╨╢╨╡╨╜╨╕╨╡. ╨н╤В╨╛ ╨╝╨╛╨╢╨╡╤В ╤Б╤В╨░╤В╤М ╨┐╤А╨╕╤З╨╕╨╜╨╛╨╣ ╨╜╨╡╨▓╨╡╤А╨╜╨╛╨│╨╛ ╤А╨╡╨╖╤Г╨╗╤М╤В╨░╤В╨░ ╤Б╨▒╨╛╤А╨║╨╕.  ╨Т╨║╨╗╤О╤З╨╡╨╜╨╜╤Л╨╡ ╤Д╨░╨╣╨╗╤Л тАФ C:\Users\KusokMedi\Documents\GitHub\BetterShowcase\build\_deps\bindings-src\bindings\2.2081\inline\TextAreaDelegate.cpp, C:\Users\KusokMedi\Documents\GitHub\BetterShowcase\build\bindings\bindings\Geode\source\TextAreaDelegate.cpp. [C:\Users\KusokMedi\Documents\GitHub\BetterShowcase\build\bindings\GeodeBindings.vcxproj]
C:\Program Files (x86)\Microsoft Visual Studio\2022\BuildTools\MSBuild\Microsoft\VC\v170\Microsoft.CppBuild.targets(1129,5): warning MSB8027: ╨┤╨▓╨░ ╨╕╨╗╨╕ ╨▒╨╛╨╗╨╡╨╡ ╤Д╨░╨╣╨╗╨╛╨▓ ╤Б ╨╕╨╝╨╡╨╜╨╡╨╝ TextGameObject.cpp ╨▓╤Л╨▓╨╛╨┤╤П╤В ╤А╨╡╨╖╤Г╨╗╤М╤В╨░╤В╤Л ╨▓ ╨╛╨┤╨╜╨╛ ╨╕ ╤В╨╛ ╨╢╨╡ ╤А╨░╤Б╨┐╨╛╨╗╨╛╨╢╨╡╨╜╨╕╨╡. ╨н╤В╨╛ ╨╝╨╛╨╢╨╡╤В ╤Б╤В╨░╤В╤М ╨┐╤А╨╕╤З╨╕╨╜╨╛╨╣ ╨╜╨╡╨▓╨╡╤А╨╜╨╛╨│╨╛ ╤А╨╡╨╖╤Г╨╗╤М╤В╨░╤В╨░ ╤Б╨▒╨╛╤А╨║╨╕.  ╨Т╨║╨╗╤О╤З╨╡╨╜╨╜╤Л╨╡ ╤Д╨░╨╣╨╗╤Л тАФ C:\Users\KusokMedi\Documents\GitHub\BetterShowcase\build\_deps\bindings-src\bindings\2.2081\inline\TextGameObject.cpp, C:\Users\KusokMedi\Documents\GitHub\BetterShowcase\build\bindings\bindings\Geode\source\TextGameObject.cpp. [C:\Users\KusokMedi\Documents\GitHub\BetterShowcase\build\bindings\GeodeBindings.vcxproj]
C:\Program Files (x86)\Microsoft Visual Studio\2022\BuildTools\MSBuild\Microsoft\VC\v170\Microsoft.CppBuild.targets(1129,5): warning MSB8027: ╨┤╨▓╨░ ╨╕╨╗╨╕ ╨▒╨╛╨╗╨╡╨╡ ╤Д╨░╨╣╨╗╨╛╨▓ ╤Б ╨╕╨╝╨╡╨╜╨╡╨╝ TextInputDelegate.cpp ╨▓╤Л╨▓╨╛╨┤╤П╤В ╤А╨╡╨╖╤Г╨╗╤М╤В╨░╤В╤Л ╨▓ ╨╛╨┤╨╜╨╛ ╨╕ ╤В╨╛ ╨╢╨╡ ╤А╨░╤Б╨┐╨╛╨╗╨╛╨╢╨╡╨╜╨╕╨╡. ╨н╤В╨╛ ╨╝╨╛╨╢╨╡╤В ╤Б╤В╨░╤В╤М ╨┐╤А╨╕╤З╨╕╨╜╨╛╨╣ ╨╜╨╡╨▓╨╡╤А╨╜╨╛╨│╨╛ ╤А╨╡╨╖╤Г╨╗╤М╤В╨░╤В╨░ ╤Б╨▒╨╛╤А╨║╨╕.  ╨Т╨║╨╗╤О╤З╨╡╨╜╨╜╤Л╨╡ ╤Д╨░╨╣╨╗╤Л тАФ C:\Users\KusokMedi\Documents\GitHub\BetterShowcase\build\_deps\bindings-src\bindings\2.2081\inline\TextInputDelegate.cpp, C:\Users\KusokMedi\Documents\GitHub\BetterShowcase\build\bindings\bindings\Geode\source\TextInputDelegate.cpp. [C:\Users\KusokMedi\Documents\GitHub\BetterShowcase\build\bindings\GeodeBindings.vcxproj]
C:\Program Files (x86)\Microsoft Visual Studio\2022\BuildTools\MSBuild\Microsoft\VC\v170\Microsoft.CppBuild.targets(1129,5): warning MSB8027: ╨┤╨▓╨░ ╨╕╨╗╨╕ ╨▒╨╛╨╗╨╡╨╡ ╤Д╨░╨╣╨╗╨╛╨▓ ╤Б ╨╕╨╝╨╡╨╜╨╡╨╝ TextStyleSection.cpp ╨▓╤Л╨▓╨╛╨┤╤П╤В ╤А╨╡╨╖╤Г╨╗╤М╤В╨░╤В╤Л ╨▓ ╨╛╨┤╨╜╨╛ ╨╕ ╤В╨╛ ╨╢╨╡ ╤А╨░╤Б╨┐╨╛╨╗╨╛╨╢╨╡╨╜╨╕╨╡. ╨н╤В╨╛ ╨╝╨╛╨╢╨╡╤В ╤Б╤В╨░╤В╤М ╨┐╤А╨╕╤З╨╕╨╜╨╛╨╣ ╨╜╨╡╨▓╨╡╤А╨╜╨╛╨│╨╛ ╤А╨╡╨╖╤Г╨╗╤М╤В╨░╤В╨░ ╤Б╨▒╨╛╤А╨║╨╕.  ╨Т╨║╨╗╤О╤З╨╡╨╜╨╜╤Л╨╡ ╤Д╨░╨╣╨╗╤Л тАФ C:\Users\KusokMedi\Documents\GitHub\BetterShowcase\build\_deps\bindings-src\bindings\2.2081\inline\TextStyleSection.cpp, C:\Users\KusokMedi\Documents\GitHub\BetterShowcase\build\bindings\bindings\Geode\source\TextStyleSection.cpp. [C:\Users\KusokMedi\Documents\GitHub\BetterShowcase\build\bindings\GeodeBindings.vcxproj]
C:\Program Files (x86)\Microsoft Visual Studio\2022\BuildTools\MSBuild\Microsoft\VC\v170\Microsoft.CppBuild.targets(1129,5): warning MSB8027: ╨┤╨▓╨░ ╨╕╨╗╨╕ ╨▒╨╛╨╗╨╡╨╡ ╤Д╨░╨╣╨╗╨╛╨▓ ╤Б ╨╕╨╝╨╡╨╜╨╡╨╝ TimerItem.cpp ╨▓╤Л╨▓╨╛╨┤╤П╤В ╤А╨╡╨╖╤Г╨╗╤М╤В╨░╤В╤Л ╨▓ ╨╛╨┤╨╜╨╛ ╨╕ ╤В╨╛ ╨╢╨╡ ╤А╨░╤Б╨┐╨╛╨╗╨╛╨╢╨╡╨╜╨╕╨╡. ╨н╤В╨╛ ╨╝╨╛╨╢╨╡╤В ╤Б╤В╨░╤В╤М ╨┐╤А╨╕╤З╨╕╨╜╨╛╨╣ ╨╜╨╡╨▓╨╡╤А╨╜╨╛╨│╨╛ ╤А╨╡╨╖╤Г╨╗╤М╤В╨░╤В╨░ ╤Б╨▒╨╛╤А╨║╨╕.  ╨Т╨║╨╗╤О╤З╨╡╨╜╨╜╤Л╨╡ ╤Д╨░╨╣╨╗╤Л тАФ C:\Users\KusokMedi\Documents\GitHub\BetterShowcase\build\_deps\bindings-src\bindings\2.2081\inline\TimerItem.cpp, C:\Users\KusokMedi\Documents\GitHub\BetterShowcase\build\bindings\bindings\Geode\source\TimerItem.cpp. [C:\Users\KusokMedi\Documents\GitHub\BetterShowcase\build\bindings\GeodeBindings.vcxproj]
C:\Program Files (x86)\Microsoft Visual Studio\2022\BuildTools\MSBuild\Microsoft\VC\v170\Microsoft.CppBuild.targets(1129,5): warning MSB8027: ╨┤╨▓╨░ ╨╕╨╗╨╕ ╨▒╨╛╨╗╨╡╨╡ ╤Д╨░╨╣╨╗╨╛╨▓ ╤Б ╨╕╨╝╨╡╨╜╨╡╨╝ TimerTriggerAction.cpp ╨▓╤Л╨▓╨╛╨┤╤П╤В ╤А╨╡╨╖╤Г╨╗╤М╤В╨░╤В╤Л ╨▓ ╨╛╨┤╨╜╨╛ ╨╕ ╤В╨╛ ╨╢╨╡ ╤А╨░╤Б╨┐╨╛╨╗╨╛╨╢╨╡╨╜╨╕╨╡. ╨н╤В╨╛ ╨╝╨╛╨╢╨╡╤В ╤Б╤В╨░╤В╤М ╨┐╤А╨╕╤З╨╕╨╜╨╛╨╣ ╨╜╨╡╨▓╨╡╤А╨╜╨╛╨│╨╛ ╤А╨╡╨╖╤Г╨╗╤М╤В╨░╤В╨░ ╤Б╨▒╨╛╤А╨║╨╕.  ╨Т╨║╨╗╤О╤З╨╡╨╜╨╜╤Л╨╡ ╤Д╨░╨╣╨╗╤Л тАФ C:\Users\KusokMedi\Documents\GitHub\BetterShowcase\build\_deps\bindings-src\bindings\2.2081\inline\TimerTriggerAction.cpp, C:\Users\KusokMedi\Documents\GitHub\BetterShowcase\build\bindings\bindings\Geode\source\TimerTriggerAction.cpp. [C:\Users\KusokMedi\Documents\GitHub\BetterShowcase\build\bindings\GeodeBindings.vcxproj]
C:\Program Files (x86)\Microsoft Visual Studio\2022\BuildTools\MSBuild\Microsoft\VC\v170\Microsoft.CppBuild.targets(1129,5): warning MSB8027: ╨┤╨▓╨░ ╨╕╨╗╨╕ ╨▒╨╛╨╗╨╡╨╡ ╤Д╨░╨╣╨╗╨╛╨▓ ╤Б ╨╕╨╝╨╡╨╜╨╡╨╝ TimerTriggerGameObject.cpp ╨▓╤Л╨▓╨╛╨┤╤П╤В ╤А╨╡╨╖╤Г╨╗╤М╤В╨░╤В╤Л ╨▓ ╨╛╨┤╨╜╨╛ ╨╕ ╤В╨╛ ╨╢╨╡ ╤А╨░╤Б╨┐╨╛╨╗╨╛╨╢╨╡╨╜╨╕╨╡. ╨н╤В╨╛ ╨╝╨╛╨╢╨╡╤В ╤Б╤В╨░╤В╤М ╨┐╤А╨╕╤З╨╕╨╜╨╛╨╣ ╨╜╨╡╨▓╨╡╤А╨╜╨╛╨│╨╛ ╤А╨╡╨╖╤Г╨╗╤М╤В╨░╤В╨░ ╤Б╨▒╨╛╤А╨║╨╕.  ╨Т╨║╨╗╤О╤З╨╡╨╜╨╜╤Л╨╡ ╤Д╨░╨╣╨╗╤Л тАФ C:\Users\KusokMedi\Documents\GitHub\BetterShowcase\build\_deps\bindings-src\bindings\2.2081\inline\TimerTriggerGameObject.cpp, C:\Users\KusokMedi\Documents\GitHub\BetterShowcase\build\bindings\bindings\Geode\source\TimerTriggerGameObject.cpp. [C:\Users\KusokMedi\Documents\GitHub\BetterShowcase\build\bindings\GeodeBindings.vcxproj]
C:\Program Files (x86)\Microsoft Visual Studio\2022\BuildTools\MSBuild\Microsoft\VC\v170\Microsoft.CppBuild.targets(1129,5): warning MSB8027: ╨┤╨▓╨░ ╨╕╨╗╨╕ ╨▒╨╛╨╗╨╡╨╡ ╤Д╨░╨╣╨╗╨╛╨▓ ╤Б ╨╕╨╝╨╡╨╜╨╡╨╝ ToggleTriggerAction.cpp ╨▓╤Л╨▓╨╛╨┤╤П╤В ╤А╨╡╨╖╤Г╨╗╤М╤В╨░╤В╤Л ╨▓ ╨╛╨┤╨╜╨╛ ╨╕ ╤В╨╛ ╨╢╨╡ ╤А╨░╤Б╨┐╨╛╨╗╨╛╨╢╨╡╨╜╨╕╨╡. ╨н╤В╨╛ ╨╝╨╛╨╢╨╡╤В ╤Б╤В╨░╤В╤М ╨┐╤А╨╕╤З╨╕╨╜╨╛╨╣ ╨╜╨╡╨▓╨╡╤А╨╜╨╛╨│╨╛ ╤А╨╡╨╖╤Г╨╗╤М╤В╨░╤В╨░ ╤Б╨▒╨╛╤А╨║╨╕.  ╨Т╨║╨╗╤О╤З╨╡╨╜╨╜╤Л╨╡ ╤Д╨░╨╣╨╗╤Л тАФ C:\Users\KusokMedi\Documents\GitHub\BetterShowcase\build\_deps\bindings-src\bindings\2.2081\inline\ToggleTriggerAction.cpp, C:\Users\KusokMedi\Documents\GitHub\BetterShowcase\build\bindings\bindings\Geode\source\ToggleTriggerAction.cpp. [C:\Users\KusokMedi\Documents\GitHub\BetterShowcase\build\bindings\GeodeBindings.vcxproj]
C:\Program Files (x86)\Microsoft Visual Studio\2022\BuildTools\MSBuild\Microsoft\VC\v170\Microsoft.CppBuild.targets(1129,5): warning MSB8027: ╨┤╨▓╨░ ╨╕╨╗╨╕ ╨▒╨╛╨╗╨╡╨╡ ╤Д╨░╨╣╨╗╨╛╨▓ ╤Б ╨╕╨╝╨╡╨╜╨╡╨╝ TopArtistsLayer.cpp ╨▓╤Л╨▓╨╛╨┤╤П╤В ╤А╨╡╨╖╤Г╨╗╤М╤В╨░╤В╤Л ╨▓ ╨╛╨┤╨╜╨╛ ╨╕ ╤В╨╛ ╨╢╨╡ ╤А╨░╤Б╨┐╨╛╨╗╨╛╨╢╨╡╨╜╨╕╨╡. ╨н╤В╨╛ ╨╝╨╛╨╢╨╡╤В ╤Б╤В╨░╤В╤М ╨┐╤А╨╕╤З╨╕╨╜╨╛╨╣ ╨╜╨╡╨▓╨╡╤А╨╜╨╛╨│╨╛ ╤А╨╡╨╖╤Г╨╗╤М╤В╨░╤В╨░ ╤Б╨▒╨╛╤А╨║╨╕.  ╨Т╨║╨╗╤О╤З╨╡╨╜╨╜╤Л╨╡ ╤Д╨░╨╣╨╗╤Л тАФ C:\Users\KusokMedi\Documents\GitHub\BetterShowcase\build\_deps\bindings-src\bindings\2.2081\inline\TopArtistsLayer.cpp, C:\Users\KusokMedi\Documents\GitHub\BetterShowcase\build\bindings\bindings\Geode\source\TopArtistsLayer.cpp. [C:\Users\KusokMedi\Documents\GitHub\BetterShowcase\build\bindings\GeodeBindings.vcxproj]
C:\Program Files (x86)\Microsoft Visual Studio\2022\BuildTools\MSBuild\Microsoft\VC\v170\Microsoft.CppBuild.targets(1129,5): warning MSB8027: ╨┤╨▓╨░ ╨╕╨╗╨╕ ╨▒╨╛╨╗╨╡╨╡ ╤Д╨░╨╣╨╗╨╛╨▓ ╤Б ╨╕╨╝╨╡╨╜╨╡╨╝ TouchToggleAction.cpp ╨▓╤Л╨▓╨╛╨┤╤П╤В ╤А╨╡╨╖╤Г╨╗╤М╤В╨░╤В╤Л ╨▓ ╨╛╨┤╨╜╨╛ ╨╕ ╤В╨╛ ╨╢╨╡ ╤А╨░╤Б╨┐╨╛╨╗╨╛╨╢╨╡╨╜╨╕╨╡. ╨н╤В╨╛ ╨╝╨╛╨╢╨╡╤В ╤Б╤В╨░╤В╤М ╨┐╤А╨╕╤З╨╕╨╜╨╛╨╣ ╨╜╨╡╨▓╨╡╤А╨╜╨╛╨│╨╛ ╤А╨╡╨╖╤Г╨╗╤М╤В╨░╤В╨░ ╤Б╨▒╨╛╤А╨║╨╕.  ╨Т╨║╨╗╤О╤З╨╡╨╜╨╜╤Л╨╡ ╤Д╨░╨╣╨╗╤Л тАФ C:\Users\KusokMedi\Documents\GitHub\BetterShowcase\build\_deps\bindings-src\bindings\2.2081\inline\TouchToggleAction.cpp, C:\Users\KusokMedi\Documents\GitHub\BetterShowcase\build\bindings\bindings\Geode\source\TouchToggleAction.cpp. [C:\Users\KusokMedi\Documents\GitHub\BetterShowcase\build\bindings\GeodeBindings.vcxproj]
C:\Program Files (x86)\Microsoft Visual Studio\2022\BuildTools\MSBuild\Microsoft\VC\v170\Microsoft.CppBuild.targets(1129,5): warning MSB8027: ╨┤╨▓╨░ ╨╕╨╗╨╕ ╨▒╨╛╨╗╨╡╨╡ ╤Д╨░╨╣╨╗╨╛╨▓ ╤Б ╨╕╨╝╨╡╨╜╨╡╨╝ TransformTriggerGameObject.cpp ╨▓╤Л╨▓╨╛╨┤╤П╤В ╤А╨╡╨╖╤Г╨╗╤М╤В╨░╤В╤Л ╨▓ ╨╛╨┤╨╜╨╛ ╨╕ ╤В╨╛ ╨╢╨╡ ╤А╨░╤Б╨┐╨╛╨╗╨╛╨╢╨╡╨╜╨╕╨╡. ╨н╤В╨╛ ╨╝╨╛╨╢╨╡╤В ╤Б╤В╨░╤В╤М ╨┐╤А╨╕╤З╨╕╨╜╨╛╨╣ ╨╜╨╡╨▓╨╡╤А╨╜╨╛╨│╨╛ ╤А╨╡╨╖╤Г╨╗╤М╤В╨░╤В╨░ ╤Б╨▒╨╛╤А╨║╨╕.  ╨Т╨║╨╗╤О╤З╨╡╨╜╨╜╤Л╨╡ ╤Д╨░╨╣╨╗╤Л тАФ C:\Users\KusokMedi\Documents\GitHub\BetterShowcase\build\_deps\bindings-src\bindings\2.2081\inline\TransformTriggerGameObject.cpp, C:\Users\KusokMedi\Documents\GitHub\BetterShowcase\build\bindings\bindings\Geode\source\TransformTriggerGameObject.cpp. [C:\Users\KusokMedi\Documents\GitHub\BetterShowcase\build\bindings\GeodeBindings.vcxproj]
C:\Program Files (x86)\Microsoft Visual Studio\2022\BuildTools\MSBuild\Microsoft\VC\v170\Microsoft.CppBuild.targets(1129,5): warning MSB8027: ╨┤╨▓╨░ ╨╕╨╗╨╕ ╨▒╨╛╨╗╨╡╨╡ ╤Д╨░╨╣╨╗╨╛╨▓ ╤Б ╨╕╨╝╨╡╨╜╨╡╨╝ TriggerControlGameObject.cpp ╨▓╤Л╨▓╨╛╨┤╤П╤В ╤А╨╡╨╖╤Г╨╗╤М╤В╨░╤В╤Л ╨▓ ╨╛╨┤╨╜╨╛ ╨╕ ╤В╨╛ ╨╢╨╡ ╤А╨░╤Б╨┐╨╛╨╗╨╛╨╢╨╡╨╜╨╕╨╡. ╨н╤В╨╛ ╨╝╨╛╨╢╨╡╤В ╤Б╤В╨░╤В╤М ╨┐╤А╨╕╤З╨╕╨╜╨╛╨╣ ╨╜╨╡╨▓╨╡╤А╨╜╨╛╨│╨╛ ╤А╨╡╨╖╤Г╨╗╤М╤В╨░╤В╨░ ╤Б╨▒╨╛╤А╨║╨╕.  ╨Т╨║╨╗╤О╤З╨╡╨╜╨╜╤Л╨╡ ╤Д╨░╨╣╨╗╤Л тАФ C:\Users\KusokMedi\Documents\GitHub\BetterShowcase\build\_deps\bindings-src\bindings\2.2081\inline\TriggerControlGameObject.cpp, C:\Users\KusokMedi\Documents\GitHub\BetterShowcase\build\bindings\bindings\Geode\source\TriggerControlGameObject.cpp. [C:\Users\KusokMedi\Documents\GitHub\BetterShowcase\build\bindings\GeodeBindings.vcxproj]
C:\Program Files (x86)\Microsoft Visual Studio\2022\BuildTools\MSBuild\Microsoft\VC\v170\Microsoft.CppBuild.targets(1129,5): warning MSB8027: ╨┤╨▓╨░ ╨╕╨╗╨╕ ╨▒╨╛╨╗╨╡╨╡ ╤Д╨░╨╣╨╗╨╛╨▓ ╤Б ╨╕╨╝╨╡╨╜╨╡╨╝ TriggerEffectDelegate.cpp ╨▓╤Л╨▓╨╛╨┤╤П╤В ╤А╨╡╨╖╤Г╨╗╤М╤В╨░╤В╤Л ╨▓ ╨╛╨┤╨╜╨╛ ╨╕ ╤В╨╛ ╨╢╨╡ ╤А╨░╤Б╨┐╨╛╨╗╨╛╨╢╨╡╨╜╨╕╨╡. ╨н╤В╨╛ ╨╝╨╛╨╢╨╡╤В ╤Б╤В╨░╤В╤М ╨┐╤А╨╕╤З╨╕╨╜╨╛╨╣ ╨╜╨╡╨▓╨╡╤А╨╜╨╛╨│╨╛ ╤А╨╡╨╖╤Г╨╗╤М╤В╨░╤В╨░ ╤Б╨▒╨╛╤А╨║╨╕.  ╨Т╨║╨╗╤О╤З╨╡╨╜╨╜╤Л╨╡ ╤Д╨░╨╣╨╗╤Л тАФ C:\Users\KusokMedi\Documents\GitHub\BetterShowcase\build\_deps\bindings-src\bindings\2.2081\inline\TriggerEffectDelegate.cpp, C:\Users\KusokMedi\Documents\GitHub\BetterShowcase\build\bindings\bindings\Geode\source\TriggerEffectDelegate.cpp. [C:\Users\KusokMedi\Documents\GitHub\BetterShowcase\build\bindings\GeodeBindings.vcxproj]
C:\Program Files (x86)\Microsoft Visual Studio\2022\BuildTools\MSBuild\Microsoft\VC\v170\Microsoft.CppBuild.targets(1129,5): warning MSB8027: ╨┤╨▓╨░ ╨╕╨╗╨╕ ╨▒╨╛╨╗╨╡╨╡ ╤Д╨░╨╣╨╗╨╛╨▓ ╤Б ╨╕╨╝╨╡╨╜╨╡╨╝ TutorialLayer.cpp ╨▓╤Л╨▓╨╛╨┤╤П╤В ╤А╨╡╨╖╤Г╨╗╤М╤В╨░╤В╤Л ╨▓ ╨╛╨┤╨╜╨╛ ╨╕ ╤В╨╛ ╨╢╨╡ ╤А╨░╤Б╨┐╨╛╨╗╨╛╨╢╨╡╨╜╨╕╨╡. ╨н╤В╨╛ ╨╝╨╛╨╢╨╡╤В ╤Б╤В╨░╤В╤М ╨┐╤А╨╕╤З╨╕╨╜╨╛╨╣ ╨╜╨╡╨▓╨╡╤А╨╜╨╛╨│╨╛ ╤А╨╡╨╖╤Г╨╗╤М╤В╨░╤В╨░ ╤Б╨▒╨╛╤А╨║╨╕.  ╨Т╨║╨╗╤О╤З╨╡╨╜╨╜╤Л╨╡ ╤Д╨░╨╣╨╗╤Л тАФ C:\Users\KusokMedi\Documents\GitHub\BetterShowcase\build\_deps\bindings-src\bindings\2.2081\inline\TutorialLayer.cpp, C:\Users\KusokMedi\Documents\GitHub\BetterShowcase\build\bindings\bindings\Geode\source\TutorialLayer.cpp. [C:\Users\KusokMedi\Documents\GitHub\BetterShowcase\build\bindings\GeodeBindings.vcxproj]
C:\Program Files (x86)\Microsoft Visual Studio\2022\BuildTools\MSBuild\Microsoft\VC\v170\Microsoft.CppBuild.targets(1129,5): warning MSB8027: ╨┤╨▓╨░ ╨╕╨╗╨╕ ╨▒╨╛╨╗╨╡╨╡ ╤Д╨░╨╣╨╗╨╛╨▓ ╤Б ╨╕╨╝╨╡╨╜╨╡╨╝ TutorialPopup.cpp ╨▓╤Л╨▓╨╛╨┤╤П╤В ╤А╨╡╨╖╤Г╨╗╤М╤В╨░╤В╤Л ╨▓ ╨╛╨┤╨╜╨╛ ╨╕ ╤В╨╛ ╨╢╨╡ ╤А╨░╤Б╨┐╨╛╨╗╨╛╨╢╨╡╨╜╨╕╨╡. ╨н╤В╨╛ ╨╝╨╛╨╢╨╡╤В ╤Б╤В╨░╤В╤М ╨┐╤А╨╕╤З╨╕╨╜╨╛╨╣ ╨╜╨╡╨▓╨╡╤А╨╜╨╛╨│╨╛ ╤А╨╡╨╖╤Г╨╗╤М╤В╨░╤В╨░ ╤Б╨▒╨╛╤А╨║╨╕.  ╨Т╨║╨╗╤О╤З╨╡╨╜╨╜╤Л╨╡ ╤Д╨░╨╣╨╗╤Л тАФ C:\Users\KusokMedi\Documents\GitHub\BetterShowcase\build\_deps\bindings-src\bindings\2.2081\inline\TutorialPopup.cpp, C:\Users\KusokMedi\Documents\GitHub\BetterShowcase\build\bindings\bindings\Geode\source\TutorialPopup.cpp. [C:\Users\KusokMedi\Documents\GitHub\BetterShowcase\build\bindings\GeodeBindings.vcxproj]
C:\Program Files (x86)\Microsoft Visual Studio\2022\BuildTools\MSBuild\Microsoft\VC\v170\Microsoft.CppBuild.targets(1129,5): warning MSB8027: ╨┤╨▓╨░ ╨╕╨╗╨╕ ╨▒╨╛╨╗╨╡╨╡ ╤Д╨░╨╣╨╗╨╛╨▓ ╤Б ╨╕╨╝╨╡╨╜╨╡╨╝ UIButtonConfig.cpp ╨▓╤Л╨▓╨╛╨┤╤П╤В ╤А╨╡╨╖╤Г╨╗╤М╤В╨░╤В╤Л ╨▓ ╨╛╨┤╨╜╨╛ ╨╕ ╤В╨╛ ╨╢╨╡ ╤А╨░╤Б╨┐╨╛╨╗╨╛╨╢╨╡╨╜╨╕╨╡. ╨н╤В╨╛ ╨╝╨╛╨╢╨╡╤В ╤Б╤В╨░╤В╤М ╨┐╤А╨╕╤З╨╕╨╜╨╛╨╣ ╨╜╨╡╨▓╨╡╤А╨╜╨╛╨│╨╛ ╤А╨╡╨╖╤Г╨╗╤М╤В╨░╤В╨░ ╤Б╨▒╨╛╤А╨║╨╕.  ╨Т╨║╨╗╤О╤З╨╡╨╜╨╜╤Л╨╡ ╤Д╨░╨╣╨╗╤Л тАФ C:\Users\KusokMedi\Documents\GitHub\BetterShowcase\build\_deps\bindings-src\bindings\2.2081\inline\UIButtonConfig.cpp, C:\Users\KusokMedi\Documents\GitHub\BetterShowcase\build\bindings\bindings\Geode\source\UIButtonConfig.cpp. [C:\Users\KusokMedi\Documents\GitHub\BetterShowcase\build\bindings\GeodeBindings.vcxproj]
C:\Program Files (x86)\Microsoft Visual Studio\2022\BuildTools\MSBuild\Microsoft\VC\v170\Microsoft.CppBuild.targets(1129,5): warning MSB8027: ╨┤╨▓╨░ ╨╕╨╗╨╕ ╨▒╨╛╨╗╨╡╨╡ ╤Д╨░╨╣╨╗╨╛╨▓ ╤Б ╨╕╨╝╨╡╨╜╨╡╨╝ UILayer.cpp ╨▓╤Л╨▓╨╛╨┤╤П╤В ╤А╨╡╨╖╤Г╨╗╤М╤В╨░╤В╤Л ╨▓ ╨╛╨┤╨╜╨╛ ╨╕ ╤В╨╛ ╨╢╨╡ ╤А╨░╤Б╨┐╨╛╨╗╨╛╨╢╨╡╨╜╨╕╨╡. ╨н╤В╨╛ ╨╝╨╛╨╢╨╡╤В ╤Б╤В╨░╤В╤М ╨┐╤А╨╕╤З╨╕╨╜╨╛╨╣ ╨╜╨╡╨▓╨╡╤А╨╜╨╛╨│╨╛ ╤А╨╡╨╖╤Г╨╗╤М╤В╨░╤В╨░ ╤Б╨▒╨╛╤А╨║╨╕.  ╨Т╨║╨╗╤О╤З╨╡╨╜╨╜╤Л╨╡ ╤Д╨░╨╣╨╗╤Л тАФ C:\Users\KusokMedi\Documents\GitHub\BetterShowcase\build\_deps\bindings-src\bindings\2.2081\inline\UILayer.cpp, C:\Users\KusokMedi\Documents\GitHub\BetterShowcase\build\bindings\bindings\Geode\source\UILayer.cpp. [C:\Users\KusokMedi\Documents\GitHub\BetterShowcase\build\bindings\GeodeBindings.vcxproj]
C:\Program Files (x86)\Microsoft Visual Studio\2022\BuildTools\MSBuild\Microsoft\VC\v170\Microsoft.CppBuild.targets(1129,5): warning MSB8027: ╨┤╨▓╨░ ╨╕╨╗╨╕ ╨▒╨╛╨╗╨╡╨╡ ╤Д╨░╨╣╨╗╨╛╨▓ ╤Б ╨╕╨╝╨╡╨╜╨╡╨╝ UIObjectSettingsPopup.cpp ╨▓╤Л╨▓╨╛╨┤╤П╤В ╤А╨╡╨╖╤Г╨╗╤М╤В╨░╤В╤Л ╨▓ ╨╛╨┤╨╜╨╛ ╨╕ ╤В╨╛ ╨╢╨╡ ╤А╨░╤Б╨┐╨╛╨╗╨╛╨╢╨╡╨╜╨╕╨╡. ╨н╤В╨╛ ╨╝╨╛╨╢╨╡╤В ╤Б╤В╨░╤В╤М ╨┐╤А╨╕╤З╨╕╨╜╨╛╨╣ ╨╜╨╡╨▓╨╡╤А╨╜╨╛╨│╨╛ ╤А╨╡╨╖╤Г╨╗╤М╤В╨░╤В╨░ ╤Б╨▒╨╛╤А╨║╨╕.  ╨Т╨║╨╗╤О╤З╨╡╨╜╨╜╤Л╨╡ ╤Д╨░╨╣╨╗╤Л тАФ C:\Users\KusokMedi\Documents\GitHub\BetterShowcase\build\_deps\bindings-src\bindings\2.2081\inline\UIObjectSettingsPopup.cpp, C:\Users\KusokMedi\Documents\GitHub\BetterShowcase\build\bindings\bindings\Geode\source\UIObjectSettingsPopup.cpp. [C:\Users\KusokMedi\Documents\GitHub\BetterShowcase\build\bindings\GeodeBindings.vcxproj]
C:\Program Files (x86)\Microsoft Visual Studio\2022\BuildTools\MSBuild\Microsoft\VC\v170\Microsoft.CppBuild.targets(1129,5): warning MSB8027: ╨┤╨▓╨░ ╨╕╨╗╨╕ ╨▒╨╛╨╗╨╡╨╡ ╤Д╨░╨╣╨╗╨╛╨▓ ╤Б ╨╕╨╝╨╡╨╜╨╡╨╝ UIOptionsLayer.cpp ╨▓╤Л╨▓╨╛╨┤╤П╤В ╤А╨╡╨╖╤Г╨╗╤М╤В╨░╤В╤Л ╨▓ ╨╛╨┤╨╜╨╛ ╨╕ ╤В╨╛ ╨╢╨╡ ╤А╨░╤Б╨┐╨╛╨╗╨╛╨╢╨╡╨╜╨╕╨╡. ╨н╤В╨╛ ╨╝╨╛╨╢╨╡╤В ╤Б╤В╨░╤В╤М ╨┐╤А╨╕╤З╨╕╨╜╨╛╨╣ ╨╜╨╡╨▓╨╡╤А╨╜╨╛╨│╨╛ ╤А╨╡╨╖╤Г╨╗╤М╤В╨░╤В╨░ ╤Б╨▒╨╛╤А╨║╨╕.  ╨Т╨║╨╗╤О╤З╨╡╨╜╨╜╤Л╨╡ ╤Д╨░╨╣╨╗╤Л тАФ C:\Users\KusokMedi\Documents\GitHub\BetterShowcase\build\_deps\bindings-src\bindings\2.2081\inline\UIOptionsLayer.cpp, C:\Users\KusokMedi\Documents\GitHub\BetterShowcase\build\bindings\bindings\Geode\source\UIOptionsLayer.cpp. [C:\Users\KusokMedi\Documents\GitHub\BetterShowcase\build\bindings\GeodeBindings.vcxproj]
C:\Program Files (x86)\Microsoft Visual Studio\2022\BuildTools\MSBuild\Microsoft\VC\v170\Microsoft.CppBuild.targets(1129,5): warning MSB8027: ╨┤╨▓╨░ ╨╕╨╗╨╕ ╨▒╨╛╨╗╨╡╨╡ ╤Д╨░╨╣╨╗╨╛╨▓ ╤Б ╨╕╨╝╨╡╨╜╨╡╨╝ UIPOptionsLayer.cpp ╨▓╤Л╨▓╨╛╨┤╤П╤В ╤А╨╡╨╖╤Г╨╗╤М╤В╨░╤В╤Л ╨▓ ╨╛╨┤╨╜╨╛ ╨╕ ╤В╨╛ ╨╢╨╡ ╤А╨░╤Б╨┐╨╛╨╗╨╛╨╢╨╡╨╜╨╕╨╡. ╨н╤В╨╛ ╨╝╨╛╨╢╨╡╤В ╤Б╤В╨░╤В╤М ╨┐╤А╨╕╤З╨╕╨╜╨╛╨╣ ╨╜╨╡╨▓╨╡╤А╨╜╨╛╨│╨╛ ╤А╨╡╨╖╤Г╨╗╤М╤В╨░╤В╨░ ╤Б╨▒╨╛╤А╨║╨╕.  ╨Т╨║╨╗╤О╤З╨╡╨╜╨╜╤Л╨╡ ╤Д╨░╨╣╨╗╤Л тАФ C:\Users\KusokMedi\Documents\GitHub\BetterShowcase\build\_deps\bindings-src\bindings\2.2081\inline\UIPOptionsLayer.cpp, C:\Users\KusokMedi\Documents\GitHub\BetterShowcase\build\bindings\bindings\Geode\source\UIPOptionsLayer.cpp. [C:\Users\KusokMedi\Documents\GitHub\BetterShowcase\build\bindings\GeodeBindings.vcxproj]
C:\Program Files (x86)\Microsoft Visual Studio\2022\BuildTools\MSBuild\Microsoft\VC\v170\Microsoft.CppBuild.targets(1129,5): warning MSB8027: ╨┤╨▓╨░ ╨╕╨╗╨╕ ╨▒╨╛╨╗╨╡╨╡ ╤Д╨░╨╣╨╗╨╛╨▓ ╤Б ╨╕╨╝╨╡╨╜╨╡╨╝ UISaveLoadLayer.cpp ╨▓╤Л╨▓╨╛╨┤╤П╤В ╤А╨╡╨╖╤Г╨╗╤М╤В╨░╤В╤Л ╨▓ ╨╛╨┤╨╜╨╛ ╨╕ ╤В╨╛ ╨╢╨╡ ╤А╨░╤Б╨┐╨╛╨╗╨╛╨╢╨╡╨╜╨╕╨╡. ╨н╤В╨╛ ╨╝╨╛╨╢╨╡╤В ╤Б╤В╨░╤В╤М ╨┐╤А╨╕╤З╨╕╨╜╨╛╨╣ ╨╜╨╡╨▓╨╡╤А╨╜╨╛╨│╨╛ ╤А╨╡╨╖╤Г╨╗╤М╤В╨░╤В╨░ ╤Б╨▒╨╛╤А╨║╨╕.  ╨Т╨║╨╗╤О╤З╨╡╨╜╨╜╤Л╨╡ ╤Д╨░╨╣╨╗╤Л тАФ C:\Users\KusokMedi\Documents\GitHub\BetterShowcase\build\_deps\bindings-src\bindings\2.2081\inline\UISaveLoadLayer.cpp, C:\Users\KusokMedi\Documents\GitHub\BetterShowcase\build\bindings\bindings\Geode\source\UISaveLoadLayer.cpp. [C:\Users\KusokMedi\Documents\GitHub\BetterShowcase\build\bindings\GeodeBindings.vcxproj]
C:\Program Files (x86)\Microsoft Visual Studio\2022\BuildTools\MSBuild\Microsoft\VC\v170\Microsoft.CppBuild.targets(1129,5): warning MSB8027: ╨┤╨▓╨░ ╨╕╨╗╨╕ ╨▒╨╛╨╗╨╡╨╡ ╤Д╨░╨╣╨╗╨╛╨▓ ╤Б ╨╕╨╝╨╡╨╜╨╡╨╝ UISettingsGameObject.cpp ╨▓╤Л╨▓╨╛╨┤╤П╤В ╤А╨╡╨╖╤Г╨╗╤М╤В╨░╤В╤Л ╨▓ ╨╛╨┤╨╜╨╛ ╨╕ ╤В╨╛ ╨╢╨╡ ╤А╨░╤Б╨┐╨╛╨╗╨╛╨╢╨╡╨╜╨╕╨╡. ╨н╤В╨╛ ╨╝╨╛╨╢╨╡╤В ╤Б╤В╨░╤В╤М ╨┐╤А╨╕╤З╨╕╨╜╨╛╨╣ ╨╜╨╡╨▓╨╡╤А╨╜╨╛╨│╨╛ ╤А╨╡╨╖╤Г╨╗╤М╤В╨░╤В╨░ ╤Б╨▒╨╛╤А╨║╨╕.  ╨Т╨║╨╗╤О╤З╨╡╨╜╨╜╤Л╨╡ ╤Д╨░╨╣╨╗╤Л тАФ C:\Users\KusokMedi\Documents\GitHub\BetterShowcase\build\_deps\bindings-src\bindings\2.2081\inline\UISettingsGameObject.cpp, C:\Users\KusokMedi\Documents\GitHub\BetterShowcase\build\bindings\bindings\Geode\source\UISettingsGameObject.cpp. [C:\Users\KusokMedi\Documents\GitHub\BetterShowcase\build\bindings\GeodeBindings.vcxproj]
C:\Program Files (x86)\Microsoft Visual Studio\2022\BuildTools\MSBuild\Microsoft\VC\v170\Microsoft.CppBuild.targets(1129,5): warning MSB8027: ╨┤╨▓╨░ ╨╕╨╗╨╕ ╨▒╨╛╨╗╨╡╨╡ ╤Д╨░╨╣╨╗╨╛╨▓ ╤Б ╨╕╨╝╨╡╨╜╨╡╨╝ URLCell.cpp ╨▓╤Л╨▓╨╛╨┤╤П╤В ╤А╨╡╨╖╤Г╨╗╤М╤В╨░╤В╤Л ╨▓ ╨╛╨┤╨╜╨╛ ╨╕ ╤В╨╛ ╨╢╨╡ ╤А╨░╤Б╨┐╨╛╨╗╨╛╨╢╨╡╨╜╨╕╨╡. ╨н╤В╨╛ ╨╝╨╛╨╢╨╡╤В ╤Б╤В╨░╤В╤М ╨┐╤А╨╕╤З╨╕╨╜╨╛╨╣ ╨╜╨╡╨▓╨╡╤А╨╜╨╛╨│╨╛ ╤А╨╡╨╖╤Г╨╗╤М╤В╨░╤В╨░ ╤Б╨▒╨╛╤А╨║╨╕.  ╨Т╨║╨╗╤О╤З╨╡╨╜╨╜╤Л╨╡ ╤Д╨░╨╣╨╗╤Л тАФ C:\Users\KusokMedi\Documents\GitHub\BetterShowcase\build\_deps\bindings-src\bindings\2.2081\inline\URLCell.cpp, C:\Users\KusokMedi\Documents\GitHub\BetterShowcase\build\bindings\bindings\Geode\source\URLCell.cpp. [C:\Users\KusokMedi\Documents\GitHub\BetterShowcase\build\bindings\GeodeBindings.vcxproj]
C:\Program Files (x86)\Microsoft Visual Studio\2022\BuildTools\MSBuild\Microsoft\VC\v170\Microsoft.CppBuild.targets(1129,5): warning MSB8027: ╨┤╨▓╨░ ╨╕╨╗╨╕ ╨▒╨╛╨╗╨╡╨╡ ╤Д╨░╨╣╨╗╨╛╨▓ ╤Б ╨╕╨╝╨╡╨╜╨╡╨╝ URLViewLayer.cpp ╨▓╤Л╨▓╨╛╨┤╤П╤В ╤А╨╡╨╖╤Г╨╗╤М╤В╨░╤В╤Л ╨▓ ╨╛╨┤╨╜╨╛ ╨╕ ╤В╨╛ ╨╢╨╡ ╤А╨░╤Б╨┐╨╛╨╗╨╛╨╢╨╡╨╜╨╕╨╡. ╨н╤В╨╛ ╨╝╨╛╨╢╨╡╤В ╤Б╤В╨░╤В╤М ╨┐╤А╨╕╤З╨╕╨╜╨╛╨╣ ╨╜╨╡╨▓╨╡╤А╨╜╨╛╨│╨╛ ╤А╨╡╨╖╤Г╨╗╤М╤В╨░╤В╨░ ╤Б╨▒╨╛╤А╨║╨╕.  ╨Т╨║╨╗╤О╤З╨╡╨╜╨╜╤Л╨╡ ╤Д╨░╨╣╨╗╤Л тАФ C:\Users\KusokMedi\Documents\GitHub\BetterShowcase\build\_deps\bindings-src\bindings\2.2081\inline\URLViewLayer.cpp, C:\Users\KusokMedi\Documents\GitHub\BetterShowcase\build\bindings\bindings\Geode\source\URLViewLayer.cpp. [C:\Users\KusokMedi\Documents\GitHub\BetterShowcase\build\bindings\GeodeBindings.vcxproj]
C:\Program Files (x86)\Microsoft Visual Studio\2022\BuildTools\MSBuild\Microsoft\VC\v170\Microsoft.CppBuild.targets(1129,5): warning MSB8027: ╨┤╨▓╨░ ╨╕╨╗╨╕ ╨▒╨╛╨╗╨╡╨╡ ╤Д╨░╨╣╨╗╨╛╨▓ ╤Б ╨╕╨╝╨╡╨╜╨╡╨╝ UndoObject.cpp ╨▓╤Л╨▓╨╛╨┤╤П╤В ╤А╨╡╨╖╤Г╨╗╤М╤В╨░╤В╤Л ╨▓ ╨╛╨┤╨╜╨╛ ╨╕ ╤В╨╛ ╨╢╨╡ ╤А╨░╤Б╨┐╨╛╨╗╨╛╨╢╨╡╨╜╨╕╨╡. ╨н╤В╨╛ ╨╝╨╛╨╢╨╡╤В ╤Б╤В╨░╤В╤М ╨┐╤А╨╕╤З╨╕╨╜╨╛╨╣ ╨╜╨╡╨▓╨╡╤А╨╜╨╛╨│╨╛ ╤А╨╡╨╖╤Г╨╗╤М╤В╨░╤В╨░ ╤Б╨▒╨╛╤А╨║╨╕.  ╨Т╨║╨╗╤О╤З╨╡╨╜╨╜╤Л╨╡ ╤Д╨░╨╣╨╗╤Л тАФ C:\Users\KusokMedi\Documents\GitHub\BetterShowcase\build\_deps\bindings-src\bindings\2.2081\inline\UndoObject.cpp, C:\Users\KusokMedi\Documents\GitHub\BetterShowcase\build\bindings\bindings\Geode\source\UndoObject.cpp. [C:\Users\KusokMedi\Documents\GitHub\BetterShowcase\build\bindings\GeodeBindings.vcxproj]
C:\Program Files (x86)\Microsoft Visual Studio\2022\BuildTools\MSBuild\Microsoft\VC\v170\Microsoft.CppBuild.targets(1129,5): warning MSB8027: ╨┤╨▓╨░ ╨╕╨╗╨╕ ╨▒╨╛╨╗╨╡╨╡ ╤Д╨░╨╣╨╗╨╛╨▓ ╤Б ╨╕╨╝╨╡╨╜╨╡╨╝ UpdateAccountSettingsPopup.cpp ╨▓╤Л╨▓╨╛╨┤╤П╤В ╤А╨╡╨╖╤Г╨╗╤М╤В╨░╤В╤Л ╨▓ ╨╛╨┤╨╜╨╛ ╨╕ ╤В╨╛ ╨╢╨╡ ╤А╨░╤Б╨┐╨╛╨╗╨╛╨╢╨╡╨╜╨╕╨╡. ╨н╤В╨╛ ╨╝╨╛╨╢╨╡╤В ╤Б╤В╨░╤В╤М ╨┐╤А╨╕╤З╨╕╨╜╨╛╨╣ ╨╜╨╡╨▓╨╡╤А╨╜╨╛╨│╨╛ ╤А╨╡╨╖╤Г╨╗╤М╤В╨░╤В╨░ ╤Б╨▒╨╛╤А╨║╨╕.  ╨Т╨║╨╗╤О╤З╨╡╨╜╨╜╤Л╨╡ ╤Д╨░╨╣╨╗╤Л тАФ C:\Users\KusokMedi\Documents\GitHub\BetterShowcase\build\_deps\bindings-src\bindings\2.2081\inline\UpdateAccountSettingsPopup.cpp, C:\Users\KusokMedi\Documents\GitHub\BetterShowcase\build\bindings\bindings\Geode\source\UpdateAccountSettingsPopup.cpp. [C:\Users\KusokMedi\Documents\GitHub\BetterShowcase\build\bindings\GeodeBindings.vcxproj]
C:\Program Files (x86)\Microsoft Visual Studio\2022\BuildTools\MSBuild\Microsoft\VC\v170\Microsoft.CppBuild.targets(1129,5): warning MSB8027: ╨┤╨▓╨░ ╨╕╨╗╨╕ ╨▒╨╛╨╗╨╡╨╡ ╤Д╨░╨╣╨╗╨╛╨▓ ╤Б ╨╕╨╝╨╡╨╜╨╡╨╝ UploadActionDelegate.cpp ╨▓╤Л╨▓╨╛╨┤╤П╤В ╤А╨╡╨╖╤Г╨╗╤М╤В╨░╤В╤Л ╨▓ ╨╛╨┤╨╜╨╛ ╨╕ ╤В╨╛ ╨╢╨╡ ╤А╨░╤Б╨┐╨╛╨╗╨╛╨╢╨╡╨╜╨╕╨╡. ╨н╤В╨╛ ╨╝╨╛╨╢╨╡╤В ╤Б╤В╨░╤В╤М ╨┐╤А╨╕╤З╨╕╨╜╨╛╨╣ ╨╜╨╡╨▓╨╡╤А╨╜╨╛╨│╨╛ ╤А╨╡╨╖╤Г╨╗╤М╤В╨░╤В╨░ ╤Б╨▒╨╛╤А╨║╨╕.  ╨Т╨║╨╗╤О╤З╨╡╨╜╨╜╤Л╨╡ ╤Д╨░╨╣╨╗╤Л тАФ C:\Users\KusokMedi\Documents\GitHub\BetterShowcase\build\_deps\bindings-src\bindings\2.2081\inline\UploadActionDelegate.cpp, C:\Users\KusokMedi\Documents\GitHub\BetterShowcase\build\bindings\bindings\Geode\source\UploadActionDelegate.cpp. [C:\Users\KusokMedi\Documents\GitHub\BetterShowcase\build\bindings\GeodeBindings.vcxproj]
C:\Program Files (x86)\Microsoft Visual Studio\2022\BuildTools\MSBuild\Microsoft\VC\v170\Microsoft.CppBuild.targets(1129,5): warning MSB8027: ╨┤╨▓╨░ ╨╕╨╗╨╕ ╨▒╨╛╨╗╨╡╨╡ ╤Д╨░╨╣╨╗╨╛╨▓ ╤Б ╨╕╨╝╨╡╨╜╨╡╨╝ UploadActionPopup.cpp ╨▓╤Л╨▓╨╛╨┤╤П╤В ╤А╨╡╨╖╤Г╨╗╤М╤В╨░╤В╤Л ╨▓ ╨╛╨┤╨╜╨╛ ╨╕ ╤В╨╛ ╨╢╨╡ ╤А╨░╤Б╨┐╨╛╨╗╨╛╨╢╨╡╨╜╨╕╨╡. ╨н╤В╨╛ ╨╝╨╛╨╢╨╡╤В ╤Б╤В╨░╤В╤М ╨┐╤А╨╕╤З╨╕╨╜╨╛╨╣ ╨╜╨╡╨▓╨╡╤А╨╜╨╛╨│╨╛ ╤А╨╡╨╖╤Г╨╗╤М╤В╨░╤В╨░ ╤Б╨▒╨╛╤А╨║╨╕.  ╨Т╨║╨╗╤О╤З╨╡╨╜╨╜╤Л╨╡ ╤Д╨░╨╣╨╗╤Л тАФ C:\Users\KusokMedi\Documents\GitHub\BetterShowcase\build\_deps\bindings-src\bindings\2.2081\inline\UploadActionPopup.cpp, C:\Users\KusokMedi\Documents\GitHub\BetterShowcase\build\bindings\bindings\Geode\source\UploadActionPopup.cpp. [C:\Users\KusokMedi\Documents\GitHub\BetterShowcase\build\bindings\GeodeBindings.vcxproj]
C:\Program Files (x86)\Microsoft Visual Studio\2022\BuildTools\MSBuild\Microsoft\VC\v170\Microsoft.CppBuild.targets(1129,5): warning MSB8027: ╨┤╨▓╨░ ╨╕╨╗╨╕ ╨▒╨╛╨╗╨╡╨╡ ╤Д╨░╨╣╨╗╨╛╨▓ ╤Б ╨╕╨╝╨╡╨╜╨╡╨╝ UploadListPopup.cpp ╨▓╤Л╨▓╨╛╨┤╤П╤В ╤А╨╡╨╖╤Г╨╗╤М╤В╨░╤В╤Л ╨▓ ╨╛╨┤╨╜╨╛ ╨╕ ╤В╨╛ ╨╢╨╡ ╤А╨░╤Б╨┐╨╛╨╗╨╛╨╢╨╡╨╜╨╕╨╡. ╨н╤В╨╛ ╨╝╨╛╨╢╨╡╤В ╤Б╤В╨░╤В╤М ╨┐╤А╨╕╤З╨╕╨╜╨╛╨╣ ╨╜╨╡╨▓╨╡╤А╨╜╨╛╨│╨╛ ╤А╨╡╨╖╤Г╨╗╤М╤В╨░╤В╨░ ╤Б╨▒╨╛╤А╨║╨╕.  ╨Т╨║╨╗╤О╤З╨╡╨╜╨╜╤Л╨╡ ╤Д╨░╨╣╨╗╤Л тАФ C:\Users\KusokMedi\Documents\GitHub\BetterShowcase\build\_deps\bindings-src\bindings\2.2081\inline\UploadListPopup.cpp, C:\Users\KusokMedi\Documents\GitHub\BetterShowcase\build\bindings\bindings\Geode\source\UploadListPopup.cpp. [C:\Users\KusokMedi\Documents\GitHub\BetterShowcase\build\bindings\GeodeBindings.vcxproj]
C:\Program Files (x86)\Microsoft Visual Studio\2022\BuildTools\MSBuild\Microsoft\VC\v170\Microsoft.CppBuild.targets(1129,5): warning MSB8027: ╨┤╨▓╨░ ╨╕╨╗╨╕ ╨▒╨╛╨╗╨╡╨╡ ╤Д╨░╨╣╨╗╨╛╨▓ ╤Б ╨╕╨╝╨╡╨╜╨╡╨╝ UploadMessageDelegate.cpp ╨▓╤Л╨▓╨╛╨┤╤П╤В ╤А╨╡╨╖╤Г╨╗╤М╤В╨░╤В╤Л ╨▓ ╨╛╨┤╨╜╨╛ ╨╕ ╤В╨╛ ╨╢╨╡ ╤А╨░╤Б╨┐╨╛╨╗╨╛╨╢╨╡╨╜╨╕╨╡. ╨н╤В╨╛ ╨╝╨╛╨╢╨╡╤В ╤Б╤В╨░╤В╤М ╨┐╤А╨╕╤З╨╕╨╜╨╛╨╣ ╨╜╨╡╨▓╨╡╤А╨╜╨╛╨│╨╛ ╤А╨╡╨╖╤Г╨╗╤М╤В╨░╤В╨░ ╤Б╨▒╨╛╤А╨║╨╕.  ╨Т╨║╨╗╤О╤З╨╡╨╜╨╜╤Л╨╡ ╤Д╨░╨╣╨╗╤Л тАФ C:\Users\KusokMedi\Documents\GitHub\BetterShowcase\build\_deps\bindings-src\bindings\2.2081\inline\UploadMessageDelegate.cpp, C:\Users\KusokMedi\Documents\GitHub\BetterShowcase\build\bindings\bindings\Geode\source\UploadMessageDelegate.cpp. [C:\Users\KusokMedi\Documents\GitHub\BetterShowcase\build\bindings\GeodeBindings.vcxproj]
C:\Program Files (x86)\Microsoft Visual Studio\2022\BuildTools\MSBuild\Microsoft\VC\v170\Microsoft.CppBuild.targets(1129,5): warning MSB8027: ╨┤╨▓╨░ ╨╕╨╗╨╕ ╨▒╨╛╨╗╨╡╨╡ ╤Д╨░╨╣╨╗╨╛╨▓ ╤Б ╨╕╨╝╨╡╨╜╨╡╨╝ UploadPopup.cpp ╨▓╤Л╨▓╨╛╨┤╤П╤В ╤А╨╡╨╖╤Г╨╗╤М╤В╨░╤В╤Л ╨▓ ╨╛╨┤╨╜╨╛ ╨╕ ╤В╨╛ ╨╢╨╡ ╤А╨░╤Б╨┐╨╛╨╗╨╛╨╢╨╡╨╜╨╕╨╡. ╨н╤В╨╛ ╨╝╨╛╨╢╨╡╤В ╤Б╤В╨░╤В╤М ╨┐╤А╨╕╤З╨╕╨╜╨╛╨╣ ╨╜╨╡╨▓╨╡╤А╨╜╨╛╨│╨╛ ╤А╨╡╨╖╤Г╨╗╤М╤В╨░╤В╨░ ╤Б╨▒╨╛╤А╨║╨╕.  ╨Т╨║╨╗╤О╤З╨╡╨╜╨╜╤Л╨╡ ╤Д╨░╨╣╨╗╤Л тАФ C:\Users\KusokMedi\Documents\GitHub\BetterShowcase\build\_deps\bindings-src\bindings\2.2081\inline\UploadPopup.cpp, C:\Users\KusokMedi\Documents\GitHub\BetterShowcase\build\bindings\bindings\Geode\source\UploadPopup.cpp. [C:\Users\KusokMedi\Documents\GitHub\BetterShowcase\build\bindings\GeodeBindings.vcxproj]
C:\Program Files (x86)\Microsoft Visual Studio\2022\BuildTools\MSBuild\Microsoft\VC\v170\Microsoft.CppBuild.targets(1129,5): warning MSB8027: ╨┤╨▓╨░ ╨╕╨╗╨╕ ╨▒╨╛╨╗╨╡╨╡ ╤Д╨░╨╣╨╗╨╛╨▓ ╤Б ╨╕╨╝╨╡╨╜╨╡╨╝ UploadPopupDelegate.cpp ╨▓╤Л╨▓╨╛╨┤╤П╤В ╤А╨╡╨╖╤Г╨╗╤М╤В╨░╤В╤Л ╨▓ ╨╛╨┤╨╜╨╛ ╨╕ ╤В╨╛ ╨╢╨╡ ╤А╨░╤Б╨┐╨╛╨╗╨╛╨╢╨╡╨╜╨╕╨╡. ╨н╤В╨╛ ╨╝╨╛╨╢╨╡╤В ╤Б╤В╨░╤В╤М ╨┐╤А╨╕╤З╨╕╨╜╨╛╨╣ ╨╜╨╡╨▓╨╡╤А╨╜╨╛╨│╨╛ ╤А╨╡╨╖╤Г╨╗╤М╤В╨░╤В╨░ ╤Б╨▒╨╛╤А╨║╨╕.  ╨Т╨║╨╗╤О╤З╨╡╨╜╨╜╤Л╨╡ ╤Д╨░╨╣╨╗╤Л тАФ C:\Users\KusokMedi\Documents\GitHub\BetterShowcase\build\_deps\bindings-src\bindings\2.2081\inline\UploadPopupDelegate.cpp, C:\Users\KusokMedi\Documents\GitHub\BetterShowcase\build\bindings\bindings\Geode\source\UploadPopupDelegate.cpp. [C:\Users\KusokMedi\Documents\GitHub\BetterShowcase\build\bindings\GeodeBindings.vcxproj]
C:\Program Files (x86)\Microsoft Visual Studio\2022\BuildTools\MSBuild\Microsoft\VC\v170\Microsoft.CppBuild.targets(1129,5): warning MSB8027: ╨┤╨▓╨░ ╨╕╨╗╨╕ ╨▒╨╛╨╗╨╡╨╡ ╤Д╨░╨╣╨╗╨╛╨▓ ╤Б ╨╕╨╝╨╡╨╜╨╡╨╝ UserInfoDelegate.cpp ╨▓╤Л╨▓╨╛╨┤╤П╤В ╤А╨╡╨╖╤Г╨╗╤М╤В╨░╤В╤Л ╨▓ ╨╛╨┤╨╜╨╛ ╨╕ ╤В╨╛ ╨╢╨╡ ╤А╨░╤Б╨┐╨╛╨╗╨╛╨╢╨╡╨╜╨╕╨╡. ╨н╤В╨╛ ╨╝╨╛╨╢╨╡╤В ╤Б╤В╨░╤В╤М ╨┐╤А╨╕╤З╨╕╨╜╨╛╨╣ ╨╜╨╡╨▓╨╡╤А╨╜╨╛╨│╨╛ ╤А╨╡╨╖╤Г╨╗╤М╤В╨░╤В╨░ ╤Б╨▒╨╛╤А╨║╨╕.  ╨Т╨║╨╗╤О╤З╨╡╨╜╨╜╤Л╨╡ ╤Д╨░╨╣╨╗╤Л тАФ C:\Users\KusokMedi\Documents\GitHub\BetterShowcase\build\_deps\bindings-src\bindings\2.2081\inline\UserInfoDelegate.cpp, C:\Users\KusokMedi\Documents\GitHub\BetterShowcase\build\bindings\bindings\Geode\source\UserInfoDelegate.cpp. [C:\Users\KusokMedi\Documents\GitHub\BetterShowcase\build\bindings\GeodeBindings.vcxproj]
C:\Program Files (x86)\Microsoft Visual Studio\2022\BuildTools\MSBuild\Microsoft\VC\v170\Microsoft.CppBuild.targets(1129,5): warning MSB8027: ╨┤╨▓╨░ ╨╕╨╗╨╕ ╨▒╨╛╨╗╨╡╨╡ ╤Д╨░╨╣╨╗╨╛╨▓ ╤Б ╨╕╨╝╨╡╨╜╨╡╨╝ UserListDelegate.cpp ╨▓╤Л╨▓╨╛╨┤╤П╤В ╤А╨╡╨╖╤Г╨╗╤М╤В╨░╤В╤Л ╨▓ ╨╛╨┤╨╜╨╛ ╨╕ ╤В╨╛ ╨╢╨╡ ╤А╨░╤Б╨┐╨╛╨╗╨╛╨╢╨╡╨╜╨╕╨╡. ╨н╤В╨╛ ╨╝╨╛╨╢╨╡╤В ╤Б╤В╨░╤В╤М ╨┐╤А╨╕╤З╨╕╨╜╨╛╨╣ ╨╜╨╡╨▓╨╡╤А╨╜╨╛╨│╨╛ ╤А╨╡╨╖╤Г╨╗╤М╤В╨░╤В╨░ ╤Б╨▒╨╛╤А╨║╨╕.  ╨Т╨║╨╗╤О╤З╨╡╨╜╨╜╤Л╨╡ ╤Д╨░╨╣╨╗╤Л тАФ C:\Users\KusokMedi\Documents\GitHub\BetterShowcase\build\_deps\bindings-src\bindings\2.2081\inline\UserListDelegate.cpp, C:\Users\KusokMedi\Documents\GitHub\BetterShowcase\build\bindings\bindings\Geode\source\UserListDelegate.cpp. [C:\Users\KusokMedi\Documents\GitHub\BetterShowcase\build\bindings\GeodeBindings.vcxproj]
C:\Program Files (x86)\Microsoft Visual Studio\2022\BuildTools\MSBuild\Microsoft\VC\v170\Microsoft.CppBuild.targets(1129,5): warning MSB8027: ╨┤╨▓╨░ ╨╕╨╗╨╕ ╨▒╨╛╨╗╨╡╨╡ ╤Д╨░╨╣╨╗╨╛╨▓ ╤Б ╨╕╨╝╨╡╨╜╨╡╨╝ VideoOptionsLayer.cpp ╨▓╤Л╨▓╨╛╨┤╤П╤В ╤А╨╡╨╖╤Г╨╗╤М╤В╨░╤В╤Л ╨▓ ╨╛╨┤╨╜╨╛ ╨╕ ╤В╨╛ ╨╢╨╡ ╤А╨░╤Б╨┐╨╛╨╗╨╛╨╢╨╡╨╜╨╕╨╡. ╨н╤В╨╛ ╨╝╨╛╨╢╨╡╤В ╤Б╤В╨░╤В╤М ╨┐╤А╨╕╤З╨╕╨╜╨╛╨╣ ╨╜╨╡╨▓╨╡╤А╨╜╨╛╨│╨╛ ╤А╨╡╨╖╤Г╨╗╤М╤В╨░╤В╨░ ╤Б╨▒╨╛╤А╨║╨╕.  ╨Т╨║╨╗╤О╤З╨╡╨╜╨╜╤Л╨╡ ╤Д╨░╨╣╨╗╤Л тАФ C:\Users\KusokMedi\Documents\GitHub\BetterShowcase\build\_deps\bindings-src\bindings\2.2081\inline\VideoOptionsLayer.cpp, C:\Users\KusokMedi\Documents\GitHub\BetterShowcase\build\bindings\bindings\Geode\source\VideoOptionsLayer.cpp. [C:\Users\KusokMedi\Documents\GitHub\BetterShowcase\build\bindings\GeodeBindings.vcxproj]
C:\Program Files (x86)\Microsoft Visual Studio\2022\BuildTools\MSBuild\Microsoft\VC\v170\Microsoft.CppBuild.targets(1129,5): warning MSB8027: ╨┤╨▓╨░ ╨╕╨╗╨╕ ╨▒╨╛╨╗╨╡╨╡ ╤Д╨░╨╣╨╗╨╛╨▓ ╤Б ╨╕╨╝╨╡╨╜╨╡╨╝ WorldLevelPage.cpp ╨▓╤Л╨▓╨╛╨┤╤П╤В ╤А╨╡╨╖╤Г╨╗╤М╤В╨░╤В╤Л ╨▓ ╨╛╨┤╨╜╨╛ ╨╕ ╤В╨╛ ╨╢╨╡ ╤А╨░╤Б╨┐╨╛╨╗╨╛╨╢╨╡╨╜╨╕╨╡. ╨н╤В╨╛ ╨╝╨╛╨╢╨╡╤В ╤Б╤В╨░╤В╤М ╨┐╤А╨╕╤З╨╕╨╜╨╛╨╣ ╨╜╨╡╨▓╨╡╤А╨╜╨╛╨│╨╛ ╤А╨╡╨╖╤Г╨╗╤М╤В╨░╤В╨░ ╤Б╨▒╨╛╤А╨║╨╕.  ╨Т╨║╨╗╤О╤З╨╡╨╜╨╜╤Л╨╡ ╤Д╨░╨╣╨╗╤Л тАФ C:\Users\KusokMedi\Documents\GitHub\BetterShowcase\build\_deps\bindings-src\bindings\2.2081\inline\WorldLevelPage.cpp, C:\Users\KusokMedi\Documents\GitHub\BetterShowcase\build\bindings\bindings\Geode\source\WorldLevelPage.cpp. [C:\Users\KusokMedi\Documents\GitHub\BetterShowcase\build\bindings\GeodeBindings.vcxproj]
C:\Program Files (x86)\Microsoft Visual Studio\2022\BuildTools\MSBuild\Microsoft\VC\v170\Microsoft.CppBuild.targets(1129,5): warning MSB8027: ╨┤╨▓╨░ ╨╕╨╗╨╕ ╨▒╨╛╨╗╨╡╨╡ ╤Д╨░╨╣╨╗╨╛╨▓ ╤Б ╨╕╨╝╨╡╨╜╨╡╨╝ WorldSelectLayer.cpp ╨▓╤Л╨▓╨╛╨┤╤П╤В ╤А╨╡╨╖╤Г╨╗╤М╤В╨░╤В╤Л ╨▓ ╨╛╨┤╨╜╨╛ ╨╕ ╤В╨╛ ╨╢╨╡ ╤А╨░╤Б╨┐╨╛╨╗╨╛╨╢╨╡╨╜╨╕╨╡. ╨н╤В╨╛ ╨╝╨╛╨╢╨╡╤В ╤Б╤В╨░╤В╤М ╨┐╤А╨╕╤З╨╕╨╜╨╛╨╣ ╨╜╨╡╨▓╨╡╤А╨╜╨╛╨│╨╛ ╤А╨╡╨╖╤Г╨╗╤М╤В╨░╤В╨░ ╤Б╨▒╨╛╤А╨║╨╕.  ╨Т╨║╨╗╤О╤З╨╡╨╜╨╜╤Л╨╡ ╤Д╨░╨╣╨╗╤Л тАФ C:\Users\KusokMedi\Documents\GitHub\BetterShowcase\build\_deps\bindings-src\bindings\2.2081\inline\WorldSelectLayer.cpp, C:\Users\KusokMedi\Documents\GitHub\BetterShowcase\build\bindings\bindings\Geode\source\WorldSelectLayer.cpp. [C:\Users\KusokMedi\Documents\GitHub\BetterShowcase\build\bindings\GeodeBindings.vcxproj]
C:\Program Files (x86)\Microsoft Visual Studio\2022\BuildTools\MSBuild\Microsoft\VC\v170\Microsoft.CppBuild.targets(1129,5): warning MSB8027: ╨┤╨▓╨░ ╨╕╨╗╨╕ ╨▒╨╛╨╗╨╡╨╡ ╤Д╨░╨╣╨╗╨╛╨▓ ╤Б ╨╕╨╝╨╡╨╜╨╡╨╝ ZipUtils.cpp ╨▓╤Л╨▓╨╛╨┤╤П╤В ╤А╨╡╨╖╤Г╨╗╤М╤В╨░╤В╤Л ╨▓ ╨╛╨┤╨╜╨╛ ╨╕ ╤В╨╛ ╨╢╨╡ ╤А╨░╤Б╨┐╨╛╨╗╨╛╨╢╨╡╨╜╨╕╨╡. ╨н╤В╨╛ ╨╝╨╛╨╢╨╡╤В ╤Б╤В╨░╤В╤М ╨┐╤А╨╕╤З╨╕╨╜╨╛╨╣ ╨╜╨╡╨▓╨╡╤А╨╜╨╛╨│╨╛ ╤А╨╡╨╖╤Г╨╗╤М╤В╨░╤В╨░ ╤Б╨▒╨╛╤А╨║╨╕.  ╨Т╨║╨╗╤О╤З╨╡╨╜╨╜╤Л╨╡ ╤Д╨░╨╣╨╗╤Л тАФ C:\Users\KusokMedi\Documents\GitHub\BetterShowcase\build\_deps\bindings-src\bindings\2.2081\inline\ZipUtils.cpp, C:\Users\KusokMedi\Documents\GitHub\BetterShowcase\build\bindings\bindings\Geode\source\ZipUtils.cpp. [C:\Users\KusokMedi\Documents\GitHub\BetterShowcase\build\bindings\GeodeBindings.vcxproj]
C:\Program Files (x86)\Microsoft Visual Studio\2022\BuildTools\MSBuild\Microsoft\VC\v170\Microsoft.CppBuild.targets(1129,5): warning MSB8027: ╨┤╨▓╨░ ╨╕╨╗╨╕ ╨▒╨╛╨╗╨╡╨╡ ╤Д╨░╨╣╨╗╨╛╨▓ ╤Б ╨╕╨╝╨╡╨╜╨╡╨╝ cocos2d.cpp ╨▓╤Л╨▓╨╛╨┤╤П╤В ╤А╨╡╨╖╤Г╨╗╤М╤В╨░╤В╤Л ╨▓ ╨╛╨┤╨╜╨╛ ╨╕ ╤В╨╛ ╨╢╨╡ ╤А╨░╤Б╨┐╨╛╨╗╨╛╨╢╨╡╨╜╨╕╨╡. ╨н╤В╨╛ ╨╝╨╛╨╢╨╡╤В ╤Б╤В╨░╤В╤М ╨┐╤А╨╕╤З╨╕╨╜╨╛╨╣ ╨╜╨╡╨▓╨╡╤А╨╜╨╛╨│╨╛ ╤А╨╡╨╖╤Г╨╗╤М╤В╨░╤В╨░ ╤Б╨▒╨╛╤А╨║╨╕.  ╨Т╨║╨╗╤О╤З╨╡╨╜╨╜╤Л╨╡ ╤Д╨░╨╣╨╗╤Л тАФ C:\Users\KusokMedi\Documents\GitHub\BetterShowcase\build\_deps\bindings-src\bindings\2.2081\inline\cocos2d.cpp, C:\Users\KusokMedi\Documents\GitHub\BetterShowcase\build\bindings\bindings\Geode\source\cocos2d.cpp. [C:\Users\KusokMedi\Documents\GitHub\BetterShowcase\build\bindings\GeodeBindings.vcxproj]
C:\Program Files (x86)\Microsoft Visual Studio\2022\BuildTools\MSBuild\Microsoft\VC\v170\Microsoft.CppBuild.targets(1129,5): warning MSB8027: ╨┤╨▓╨░ ╨╕╨╗╨╕ ╨▒╨╛╨╗╨╡╨╡ ╤Д╨░╨╣╨╗╨╛╨▓ ╤Б ╨╕╨╝╨╡╨╜╨╡╨╝ tk_spline.cpp ╨▓╤Л╨▓╨╛╨┤╤П╤В ╤А╨╡╨╖╤Г╨╗╤М╤В╨░╤В╤Л ╨▓ ╨╛╨┤╨╜╨╛ ╨╕ ╤В╨╛ ╨╢╨╡ ╤А╨░╤Б╨┐╨╛╨╗╨╛╨╢╨╡╨╜╨╕╨╡. ╨н╤В╨╛ ╨╝╨╛╨╢╨╡╤В ╤Б╤В╨░╤В╤М ╨┐╤А╨╕╤З╨╕╨╜╨╛╨╣ ╨╜╨╡╨▓╨╡╤А╨╜╨╛╨│╨╛ ╤А╨╡╨╖╤Г╨╗╤М╤В╨░╤В╨░ ╤Б╨▒╨╛╤А╨║╨╕.  ╨Т╨║╨╗╤О╤З╨╡╨╜╨╜╤Л╨╡ ╤Д╨░╨╣╨╗╤Л тАФ C:\Users\KusokMedi\Documents\GitHub\BetterShowcase\build\_deps\bindings-src\bindings\2.2081\inline\tk_spline.cpp, C:\Users\KusokMedi\Documents\GitHub\BetterShowcase\build\bindings\bindings\Geode\source\tk_spline.cpp. [C:\Users\KusokMedi\Documents\GitHub\BetterShowcase\build\bindings\GeodeBindings.vcxproj]
C:\Program Files (x86)\Microsoft Visual Studio\2022\BuildTools\MSBuild\Microsoft\VC\v170\Microsoft.CppBuild.targets(1129,5): warning MSB8027: ╨┤╨▓╨░ ╨╕╨╗╨╕ ╨▒╨╛╨╗╨╡╨╡ ╤Д╨░╨╣╨╗╨╛╨▓ ╤Б ╨╕╨╝╨╡╨╜╨╡╨╝ xml_node.cpp ╨▓╤Л╨▓╨╛╨┤╤П╤В ╤А╨╡╨╖╤Г╨╗╤М╤В╨░╤В╤Л ╨▓ ╨╛╨┤╨╜╨╛ ╨╕ ╤В╨╛ ╨╢╨╡ ╤А╨░╤Б╨┐╨╛╨╗╨╛╨╢╨╡╨╜╨╕╨╡. ╨н╤В╨╛ ╨╝╨╛╨╢╨╡╤В ╤Б╤В╨░╤В╤М ╨┐╤А╨╕╤З╨╕╨╜╨╛╨╣ ╨╜╨╡╨▓╨╡╤А╨╜╨╛╨│╨╛ ╤А╨╡╨╖╤Г╨╗╤М╤В╨░╤В╨░ ╤Б╨▒╨╛╤А╨║╨╕.  ╨Т╨║╨╗╤О╤З╨╡╨╜╨╜╤Л╨╡ ╤Д╨░╨╣╨╗╤Л тАФ C:\Users\KusokMedi\Documents\GitHub\BetterShowcase\build\_deps\bindings-src\bindings\2.2081\inline\xml_node.cpp, C:\Users\KusokMedi\Documents\GitHub\BetterShowcase\build\bindings\bindings\Geode\source\xml_node.cpp. [C:\Users\KusokMedi\Documents\GitHub\BetterShowcase\build\bindings\GeodeBindings.vcxproj]
  unity_14_cxx.cxx
  unity_13_cxx.cxx
  unity_12_cxx.cxx
  unity_11_cxx.cxx
  unity_10_cxx.cxx
  unity_9_cxx.cxx
  unity_8_cxx.cxx
  unity_7_cxx.cxx
  unity_6_cxx.cxx
  unity_5_cxx.cxx
  unity_4_cxx.cxx
  unity_3_cxx.cxx
  unity_2_cxx.cxx
  unity_1_cxx.cxx
  unity_0_cxx.cxx
  ╨б╨╛╨╖╨┤╨░╨╜╨╕╨╡ ╨║╨╛╨┤╨░...
  GeodeBindings.vcxproj -> C:\Users\KusokMedi\Documents\GitHub\BetterShowcase\build\bindings\Release\GeodeBindings.lib
  Building Custom Rule C:/Users/KusokMedi/Documents/GitHub/BetterShowcase/CMakeLists.txt
  cmake_pch.cxx
  main.cpp
C:\Users\KusokMedi\Documents\GitHub\BetterShowcase\src\renderer\ffmpeg\events.hpp(11,47): error C2955: "geode::Event": ╨┤╨╗╤П ╨╕╤Б╨┐╨╛╨╗╤М╨╖╨╛╨▓╨░╨╜╨╕╤П ╨║╨╗╨░╤Б╤Б ╤И╨░╨▒╨╗╨╛╨╜ ╤В╤А╨╡╨▒╤Г╨╡╤В╤Б╤П ╤Б╨┐╨╕╤Б╨╛╨║ ╨░╤А╨│╤Г╨╝╨╡╨╜╤В╨╛╨▓ ╤И╨░╨▒╨╗╨╛╨╜ [C:\Users\KusokMedi\Documents\GitHub\BetterShowcase\build\xdBot2.vcxproj]
  (╨║╨╛╨╝╨┐╨╕╨╗╤П╤Ж╨╕╤П ╨╕╤Б╤Е╨╛╨┤╨╜╨╛╨│╨╛ ╤Д╨░╨╣╨╗╨░ "../src/main.cpp")
      C:\Users\KusokMedi\Documents\Geode\loader\include\Geode\loader\Event.hpp(960,12):
       ╤Б╨╝. ╨╛╨▒╤К╤П╨▓╨╗╨╡╨╜╨╕╨╡ "geode::Event"
  
C:\Users\KusokMedi\Documents\GitHub\BetterShowcase\src\renderer\ffmpeg\events.hpp(20,47): error C2955: "geode::Event": ╨┤╨╗╤П ╨╕╤Б╨┐╨╛╨╗╤М╨╖╨╛╨▓╨░╨╜╨╕╤П ╨║╨╗╨░╤Б╤Б ╤И╨░╨▒╨╗╨╛╨╜ ╤В╤А╨╡╨▒╤Г╨╡╤В╤Б╤П ╤Б╨┐╨╕╤Б╨╛╨║ ╨░╤А╨│╤Г╨╝╨╡╨╜╤В╨╛╨▓ ╤И╨░╨▒╨╗╨╛╨╜ [C:\Users\KusokMedi\Documents\GitHub\BetterShowcase\build\xdBot2.vcxproj]
  (╨║╨╛╨╝╨┐╨╕╨╗╤П╤Ж╨╕╤П ╨╕╤Б╤Е╨╛╨┤╨╜╨╛╨│╨╛ ╤Д╨░╨╣╨╗╨░ "../src/main.cpp")
      C:\Users\KusokMedi\Documents\Geode\loader\include\Geode\loader\Event.hpp(960,12):
       ╤Б╨╝. ╨╛╨▒╤К╤П╨▓╨╗╨╡╨╜╨╕╨╡ "geode::Event"
  
C:\Users\KusokMedi\Documents\GitHub\BetterShowcase\src\renderer\ffmpeg\events.hpp(28,45): error C2955: "geode::Event": ╨┤╨╗╤П ╨╕╤Б╨┐╨╛╨╗╤М╨╖╨╛╨▓╨░╨╜╨╕╤П ╨║╨╗╨░╤Б╤Б ╤И╨░╨▒╨╗╨╛╨╜ ╤В╤А╨╡╨▒╤Г╨╡╤В╤Б╤П ╤Б╨┐╨╕╤Б╨╛╨║ ╨░╤А╨│╤Г╨╝╨╡╨╜╤В╨╛╨▓ ╤И╨░╨▒╨╗╨╛╨╜ [C:\Users\KusokMedi\Documents\GitHub\BetterShowcase\build\xdBot2.vcxproj]
  (╨║╨╛╨╝╨┐╨╕╨╗╤П╤Ж╨╕╤П ╨╕╤Б╤Е╨╛╨┤╨╜╨╛╨│╨╛ ╤Д╨░╨╣╨╗╨░ "../src/main.cpp")
      C:\Users\KusokMedi\Documents\Geode\loader\include\Geode\loader\Event.hpp(960,12):
       ╤Б╨╝. ╨╛╨▒╤К╤П╨▓╨╗╨╡╨╜╨╕╨╡ "geode::Event"
  
C:\Users\KusokMedi\Documents\GitHub\BetterShowcase\src\renderer\ffmpeg\events.hpp(48,45): error C2955: "geode::Event": ╨┤╨╗╤П ╨╕╤Б╨┐╨╛╨╗╤М╨╖╨╛╨▓╨░╨╜╨╕╤П ╨║╨╗╨░╤Б╤Б ╤И╨░╨▒╨╗╨╛╨╜ ╤В╤А╨╡╨▒╤Г╨╡╤В╤Б╤П ╤Б╨┐╨╕╤Б╨╛╨║ ╨░╤А╨│╤Г╨╝╨╡╨╜╤В╨╛╨▓ ╤И╨░╨▒╨╗╨╛╨╜ [C:\Users\KusokMedi\Documents\GitHub\BetterShowcase\build\xdBot2.vcxproj]
  (╨║╨╛╨╝╨┐╨╕╨╗╤П╤Ж╨╕╤П ╨╕╤Б╤Е╨╛╨┤╨╜╨╛╨│╨╛ ╤Д╨░╨╣╨╗╨░ "../src/main.cpp")
      C:\Users\KusokMedi\Documents\Geode\loader\include\Geode\loader\Event.hpp(960,12):
       ╤Б╨╝. ╨╛╨▒╤К╤П╨▓╨╗╨╡╨╜╨╕╨╡ "geode::Event"
  
C:\Users\KusokMedi\Documents\GitHub\BetterShowcase\src\renderer\ffmpeg\events.hpp(58,54): error C2955: "geode::Event": ╨┤╨╗╤П ╨╕╤Б╨┐╨╛╨╗╤М╨╖╨╛╨▓╨░╨╜╨╕╤П ╨║╨╗╨░╤Б╤Б ╤И╨░╨▒╨╗╨╛╨╜ ╤В╤А╨╡╨▒╤Г╨╡╤В╤Б╤П ╤Б╨┐╨╕╤Б╨╛╨║ ╨░╤А╨│╤Г╨╝╨╡╨╜╤В╨╛╨▓ ╤И╨░╨▒╨╗╨╛╨╜ [C:\Users\KusokMedi\Documents\GitHub\BetterShowcase\build\xdBot2.vcxproj]
  (╨║╨╛╨╝╨┐╨╕╨╗╤П╤Ж╨╕╤П ╨╕╤Б╤Е╨╛╨┤╨╜╨╛╨│╨╛ ╤Д╨░╨╣╨╗╨░ "../src/main.cpp")
      C:\Users\KusokMedi\Documents\Geode\loader\include\Geode\loader\Event.hpp(960,12):
       ╤Б╨╝. ╨╛╨▒╤К╤П╨▓╨╗╨╡╨╜╨╕╨╡ "geode::Event"
  
C:\Users\KusokMedi\Documents\GitHub\BetterShowcase\src\renderer\ffmpeg\events.hpp(69,46): error C2955: "geode::Event": ╨┤╨╗╤П ╨╕╤Б╨┐╨╛╨╗╤М╨╖╨╛╨▓╨░╨╜╨╕╤П ╨║╨╗╨░╤Б╤Б ╤И╨░╨▒╨╗╨╛╨╜ ╤В╤А╨╡╨▒╤Г╨╡╤В╤Б╤П ╤Б╨┐╨╕╤Б╨╛╨║ ╨░╤А╨│╤Г╨╝╨╡╨╜╤В╨╛╨▓ ╤И╨░╨▒╨╗╨╛╨╜ [C:\Users\KusokMedi\Documents\GitHub\BetterShowcase\build\xdBot2.vcxproj]
  (╨║╨╛╨╝╨┐╨╕╨╗╤П╤Ж╨╕╤П ╨╕╤Б╤Е╨╛╨┤╨╜╨╛╨│╨╛ ╤Д╨░╨╣╨╗╨░ "../src/main.cpp")
      C:\Users\KusokMedi\Documents\Geode\loader\include\Geode\loader\Event.hpp(960,12):
       ╤Б╨╝. ╨╛╨▒╤К╤П╨▓╨╗╨╡╨╜╨╕╨╡ "geode::Event"
  
C:\Users\KusokMedi\Documents\GitHub\BetterShowcase\src\renderer\ffmpeg\events.hpp(79,46): error C2955: "geode::Event": ╨┤╨╗╤П ╨╕╤Б╨┐╨╛╨╗╤М╨╖╨╛╨▓╨░╨╜╨╕╤П ╨║╨╗╨░╤Б╤Б ╤И╨░╨▒╨╗╨╛╨╜ ╤В╤А╨╡╨▒╤Г╨╡╤В╤Б╤П ╤Б╨┐╨╕╤Б╨╛╨║ ╨░╤А╨│╤Г╨╝╨╡╨╜╤В╨╛╨▓ ╤И╨░╨▒╨╗╨╛╨╜ [C:\Users\KusokMedi\Documents\GitHub\BetterShowcase\build\xdBot2.vcxproj]
  (╨║╨╛╨╝╨┐╨╕╨╗╤П╤Ж╨╕╤П ╨╕╤Б╤Е╨╛╨┤╨╜╨╛╨│╨╛ ╤Д╨░╨╣╨╗╨░ "../src/main.cpp")
      C:\Users\KusokMedi\Documents\Geode\loader\include\Geode\loader\Event.hpp(960,12):
       ╤Б╨╝. ╨╛╨▒╤К╤П╨▓╨╗╨╡╨╜╨╕╨╡ "geode::Event"
  
C:\Users\KusokMedi\Documents\GitHub\BetterShowcase\src\renderer\ffmpeg\events.hpp(101,44): error C2955: "geode::Event": ╨┤╨╗╤П ╨╕╤Б╨┐╨╛╨╗╤М╨╖╨╛╨▓╨░╨╜╨╕╤П ╨║╨╗╨░╤Б╤Б ╤И╨░╨▒╨╗╨╛╨╜ ╤В╤А╨╡╨▒╤Г╨╡╤В╤Б╤П ╤Б╨┐╨╕╤Б╨╛╨║ ╨░╤А╨│╤Г╨╝╨╡╨╜╤В╨╛╨▓ ╤И╨░╨▒╨╗╨╛╨╜ [C:\Users\KusokMedi\Documents\GitHub\BetterShowcase\build\xdBot2.vcxproj]
  (╨║╨╛╨╝╨┐╨╕╨╗╤П╤Ж╨╕╤П ╨╕╤Б╤Е╨╛╨┤╨╜╨╛╨│╨╛ ╤Д╨░╨╣╨╗╨░ "../src/main.cpp")
      C:\Users\KusokMedi\Documents\Geode\loader\include\Geode\loader\Event.hpp(960,12):
       ╤Б╨╝. ╨╛╨▒╤К╤П╨▓╨╗╨╡╨╜╨╕╨╡ "geode::Event"
  
C:\Users\KusokMedi\Documents\GitHub\BetterShowcase\src\renderer\ffmpeg\events.hpp(129,21): error C2039: "post": ╨╜╨╡ ╤П╨▓╨╗╤П╨╡╤В╤Б╤П ╤З╨╗╨╡╨╜╨╛╨╝ "ffmpeg::events::impl::CreateRecorderEvent". [C:\Users\KusokMedi\Documents\GitHub\BetterShowcase\build\xdBot2.vcxproj]
  (╨║╨╛╨╝╨┐╨╕╨╗╤П╤Ж╨╕╤П ╨╕╤Б╤Е╨╛╨┤╨╜╨╛╨│╨╛ ╤Д╨░╨╣╨╗╨░ "../src/main.cpp")
      C:\Users\KusokMedi\Documents\GitHub\BetterShowcase\src\renderer\ffmpeg\events.hpp(11,11):
       ╤Б╨╝. ╨╛╨▒╤К╤П╨▓╨╗╨╡╨╜╨╕╨╡ "ffmpeg::events::impl::CreateRecorderEvent"
  
C:\Users\KusokMedi\Documents\GitHub\BetterShowcase\src\renderer\ffmpeg\events.hpp(135,21): error C2039: "post": ╨╜╨╡ ╤П╨▓╨╗╤П╨╡╤В╤Б╤П ╤З╨╗╨╡╨╜╨╛╨╝ "ffmpeg::events::impl::DeleteRecorderEvent". [C:\Users\KusokMedi\Documents\GitHub\BetterShowcase\build\xdBot2.vcxproj]
  (╨║╨╛╨╝╨┐╨╕╨╗╤П╤Ж╨╕╤П ╨╕╤Б╤Е╨╛╨┤╨╜╨╛╨│╨╛ ╤Д╨░╨╣╨╗╨░ "../src/main.cpp")
      C:\Users\KusokMedi\Documents\GitHub\BetterShowcase\src\renderer\ffmpeg\events.hpp(20,11):
       ╤Б╨╝. ╨╛╨▒╤К╤П╨▓╨╗╨╡╨╜╨╕╨╡ "ffmpeg::events::impl::DeleteRecorderEvent"
  
C:\Users\KusokMedi\Documents\GitHub\BetterShowcase\src\renderer\ffmpeg\events.hpp(153,19): error C2039: "post": ╨╜╨╡ ╤П╨▓╨╗╤П╨╡╤В╤Б╤П ╤З╨╗╨╡╨╜╨╛╨╝ "ffmpeg::events::impl::InitRecorderEvent". [C:\Users\KusokMedi\Documents\GitHub\BetterShowcase\build\xdBot2.vcxproj]
  (╨║╨╛╨╝╨┐╨╕╨╗╤П╤Ж╨╕╤П ╨╕╤Б╤Е╨╛╨┤╨╜╨╛╨│╨╛ ╤Д╨░╨╣╨╗╨░ "../src/main.cpp")
      C:\Users\KusokMedi\Documents\GitHub\BetterShowcase\src\renderer\ffmpeg\events.hpp(28,11):
       ╤Б╨╝. ╨╛╨▒╤К╤П╨▓╨╗╨╡╨╜╨╕╨╡ "ffmpeg::events::impl::InitRecorderEvent"
  
C:\Users\KusokMedi\Documents\GitHub\BetterShowcase\src\renderer\ffmpeg\events.hpp(163,40): error C2039: "post": ╨╜╨╡ ╤П╨▓╨╗╤П╨╡╤В╤Б╤П ╤З╨╗╨╡╨╜╨╛╨╝ "ffmpeg::events::impl::StopRecorderEvent". [C:\Users\KusokMedi\Documents\GitHub\BetterShowcase\build\xdBot2.vcxproj]
  (╨║╨╛╨╝╨┐╨╕╨╗╤П╤Ж╨╕╤П ╨╕╤Б╤Е╨╛╨┤╨╜╨╛╨│╨╛ ╤Д╨░╨╣╨╗╨░ "../src/main.cpp")
      C:\Users\KusokMedi\Documents\GitHub\BetterShowcase\src\renderer\ffmpeg\events.hpp(48,11):
       ╤Б╨╝. ╨╛╨▒╤К╤П╨▓╨╗╨╡╨╜╨╕╨╡ "ffmpeg::events::impl::StopRecorderEvent"
  
C:\Users\KusokMedi\Documents\GitHub\BetterShowcase\src\renderer\ffmpeg\events.hpp(182,19): error C2039: "post": ╨╜╨╡ ╤П╨▓╨╗╤П╨╡╤В╤Б╤П ╤З╨╗╨╡╨╜╨╛╨╝ "ffmpeg::events::impl::GetWriteFrameFunctionEvent". [C:\Users\KusokMedi\Documents\GitHub\BetterShowcase\build\xdBot2.vcxproj]
  (╨║╨╛╨╝╨┐╨╕╨╗╤П╤Ж╨╕╤П ╨╕╤Б╤Е╨╛╨┤╨╜╨╛╨│╨╛ ╤Д╨░╨╣╨╗╨░ "../src/main.cpp")
      C:\Users\KusokMedi\Documents\GitHub\BetterShowcase\src\renderer\ffmpeg\events.hpp(58,11):
       ╤Б╨╝. ╨╛╨▒╤К╤П╨▓╨╗╨╡╨╜╨╕╨╡ "ffmpeg::events::impl::GetWriteFrameFunctionEvent"
  
C:\Users\KusokMedi\Documents\GitHub\BetterShowcase\src\renderer\ffmpeg\events.hpp(199,20): error C2039: "post": ╨╜╨╡ ╤П╨▓╨╗╤П╨╡╤В╤Б╤П ╤З╨╗╨╡╨╜╨╛╨╝ "ffmpeg::events::impl::CodecRecorderEvent". [C:\Users\KusokMedi\Documents\GitHub\BetterShowcase\build\xdBot2.vcxproj]
  (╨║╨╛╨╝╨┐╨╕╨╗╤П╤Ж╨╕╤П ╨╕╤Б╤Е╨╛╨┤╨╜╨╛╨│╨╛ ╤Д╨░╨╣╨╗╨░ "../src/main.cpp")
      C:\Users\KusokMedi\Documents\GitHub\BetterShowcase\src\renderer\ffmpeg\events.hpp(69,11):
       ╤Б╨╝. ╨╛╨▒╤К╤П╨▓╨╗╨╡╨╜╨╕╨╡ "ffmpeg::events::impl::CodecRecorderEvent"
  
C:\Users\KusokMedi\Documents\GitHub\BetterShowcase\src\renderer\ffmpeg\events.hpp(225,18): error C2039: "post": ╨╜╨╡ ╤П╨▓╨╗╤П╨╡╤В╤Б╤П ╤З╨╗╨╡╨╜╨╛╨╝ "ffmpeg::events::impl::MixVideoAudioEvent". [C:\Users\KusokMedi\Documents\GitHub\BetterShowcase\build\xdBot2.vcxproj]
  (╨║╨╛╨╝╨┐╨╕╨╗╤П╤Ж╨╕╤П ╨╕╤Б╤Е╨╛╨┤╨╜╨╛╨│╨╛ ╤Д╨░╨╣╨╗╨░ "../src/main.cpp")
      C:\Users\KusokMedi\Documents\GitHub\BetterShowcase\src\renderer\ffmpeg\events.hpp(79,11):
       ╤Б╨╝. ╨╛╨▒╤К╤П╨▓╨╗╨╡╨╜╨╕╨╡ "ffmpeg::events::impl::MixVideoAudioEvent"
  
C:\Users\KusokMedi\Documents\GitHub\BetterShowcase\src\renderer\ffmpeg\events.hpp(244,18): error C2039: "post": ╨╜╨╡ ╤П╨▓╨╗╤П╨╡╤В╤Б╤П ╤З╨╗╨╡╨╜╨╛╨╝ "ffmpeg::events::impl::MixVideoRawEvent". [C:\Users\KusokMedi\Documents\GitHub\BetterShowcase\build\xdBot2.vcxproj]
  (╨║╨╛╨╝╨┐╨╕╨╗╤П╤Ж╨╕╤П ╨╕╤Б╤Е╨╛╨┤╨╜╨╛╨│╨╛ ╤Д╨░╨╣╨╗╨░ "../src/main.cpp")
      C:\Users\KusokMedi\Documents\GitHub\BetterShowcase\src\renderer\ffmpeg\events.hpp(101,11):
       ╤Б╨╝. ╨╛╨▒╤К╤П╨▓╨╗╨╡╨╜╨╕╨╡ "ffmpeg::events::impl::MixVideoRawEvent"
  
C:\Users\KusokMedi\Documents\GitHub\BetterShowcase\src\includes.hpp(82,17): error C2059: ╤Б╨╕╨╜╤В╨░╨║╤Б╨╕╤З╨╡╤Б╨║╨░╤П ╨╛╤И╨╕╨▒╨║╨░: < [C:\Users\KusokMedi\Documents\GitHub\BetterShowcase\build\xdBot2.vcxproj]
  (╨║╨╛╨╝╨┐╨╕╨╗╤П╤Ж╨╕╤П ╨╕╤Б╤Е╨╛╨┤╨╜╨╛╨│╨╛ ╤Д╨░╨╣╨╗╨░ "../src/main.cpp")
  
C:\Users\KusokMedi\Documents\GitHub\BetterShowcase\src\includes.hpp(82,36): error C2238: ╨╜╨╡╨┐╤А╨╡╨┤╨▓╨╕╨┤╨╡╨╜╨╜╤Л╨╡ ╨╗╨╡╨║╤Б╨╡╨╝╤Л ╨┐╨╡╤А╨╡╨┤ ";" [C:\Users\KusokMedi\Documents\GitHub\BetterShowcase\build\xdBot2.vcxproj]
  (╨║╨╛╨╝╨┐╨╕╨╗╤П╤Ж╨╕╤П ╨╕╤Б╤Е╨╛╨┤╨╜╨╛╨│╨╛ ╤Д╨░╨╣╨╗╨░ "../src/main.cpp")
  
C:\Users\KusokMedi\Documents\GitHub\BetterShowcase\src\ui\load_macro_layer.hpp(14,14): error C2059: ╤Б╨╕╨╜╤В╨░╨║╤Б╨╕╤З╨╡╤Б╨║╨░╤П ╨╛╤И╨╕╨▒╨║╨░: < [C:\Users\KusokMedi\Documents\GitHub\BetterShowcase\build\xdBot2.vcxproj]
  (╨║╨╛╨╝╨┐╨╕╨╗╤П╤Ж╨╕╤П ╨╕╤Б╤Е╨╛╨┤╨╜╨╛╨│╨╛ ╤Д╨░╨╣╨╗╨░ "../src/main.cpp")
  
C:\Users\KusokMedi\Documents\GitHub\BetterShowcase\src\ui\load_macro_layer.hpp(14,37): error C2238: ╨╜╨╡╨┐╤А╨╡╨┤╨▓╨╕╨┤╨╡╨╜╨╜╤Л╨╡ ╨╗╨╡╨║╤Б╨╡╨╝╤Л ╨┐╨╡╤А╨╡╨┤ ";" [C:\Users\KusokMedi\Documents\GitHub\BetterShowcase\build\xdBot2.vcxproj]
  (╨║╨╛╨╝╨┐╨╕╨╗╤П╤Ж╨╕╤П ╨╕╤Б╤Е╨╛╨┤╨╜╨╛╨│╨╛ ╤Д╨░╨╣╨╗╨░ "../src/main.cpp")
  
C:\Users\KusokMedi\Documents\GitHub\BetterShowcase\src\ui\load_macro_layer.hpp(15,14): error C2059: ╤Б╨╕╨╜╤В╨░╨║╤Б╨╕╤З╨╡╤Б╨║╨░╤П ╨╛╤И╨╕╨▒╨║╨░: < [C:\Users\KusokMedi\Documents\GitHub\BetterShowcase\build\xdBot2.vcxproj]
  (╨║╨╛╨╝╨┐╨╕╨╗╤П╤Ж╨╕╤П ╨╕╤Б╤Е╨╛╨┤╨╜╨╛╨│╨╛ ╤Д╨░╨╣╨╗╨░ "../src/main.cpp")
  
C:\Users\KusokMedi\Documents\GitHub\BetterShowcase\src\ui\load_macro_layer.hpp(15,38): error C2238: ╨╜╨╡╨┐╤А╨╡╨┤╨▓╨╕╨┤╨╡╨╜╨╜╤Л╨╡ ╨╗╨╡╨║╤Б╨╡╨╝╤Л ╨┐╨╡╤А╨╡╨┤ ";" [C:\Users\KusokMedi\Documents\GitHub\BetterShowcase\build\xdBot2.vcxproj]
  (╨║╨╛╨╝╨┐╨╕╨╗╤П╤Ж╨╕╤П ╨╕╤Б╤Е╨╛╨┤╨╜╨╛╨│╨╛ ╤Д╨░╨╣╨╗╨░ "../src/main.cpp")
  
C:\Users\KusokMedi\Documents\GitHub\BetterShowcase\src\ui\load_macro_layer.hpp(25,103): error C2143: ╤Б╨╕╨╜╤В╨░╨║╤Б╨╕╤З╨╡╤Б╨║╨░╤П ╨╛╤И╨╕╨▒╨║╨░: ╨╛╤В╤Б╤Г╤В╤Б╤В╨▓╨╕╨╡ ")" ╨┐╨╡╤А╨╡╨┤ "<" [C:\Users\KusokMedi\Documents\GitHub\BetterShowcase\build\xdBot2.vcxproj]
  (╨║╨╛╨╝╨┐╨╕╨╗╤П╤Ж╨╕╤П ╨╕╤Б╤Е╨╛╨┤╨╜╨╛╨│╨╛ ╤Д╨░╨╣╨╗╨░ "../src/main.cpp")
  
C:\Users\KusokMedi\Documents\GitHub\BetterShowcase\src\ui\load_macro_layer.hpp(25,103): error C2143: ╤Б╨╕╨╜╤В╨░╨║╤Б╨╕╤З╨╡╤Б╨║╨░╤П ╨╛╤И╨╕╨▒╨║╨░: ╨╛╤В╤Б╤Г╤В╤Б╤В╨▓╨╕╨╡ ";" ╨┐╨╡╤А╨╡╨┤ "<" [C:\Users\KusokMedi\Documents\GitHub\BetterShowcase\build\xdBot2.vcxproj]
  (╨║╨╛╨╝╨┐╨╕╨╗╤П╤Ж╨╕╤П ╨╕╤Б╤Е╨╛╨┤╨╜╨╛╨│╨╛ ╤Д╨░╨╣╨╗╨░ "../src/main.cpp")
  
C:\Users\KusokMedi\Documents\GitHub\BetterShowcase\src\ui\load_macro_layer.hpp(25,103): error C2059: ╤Б╨╕╨╜╤В╨░╨║╤Б╨╕╤З╨╡╤Б╨║╨░╤П ╨╛╤И╨╕╨▒╨║╨░: < [C:\Users\KusokMedi\Documents\GitHub\BetterShowcase\build\xdBot2.vcxproj]
  (╨║╨╛╨╝╨┐╨╕╨╗╤П╤Ж╨╕╤П ╨╕╤Б╤Е╨╛╨┤╨╜╨╛╨│╨╛ ╤Д╨░╨╣╨╗╨░ "../src/main.cpp")
  
C:\Users\KusokMedi\Documents\GitHub\BetterShowcase\src\ui\load_macro_layer.hpp(25,164): error C2059: ╤Б╨╕╨╜╤В╨░╨║╤Б╨╕╤З╨╡╤Б╨║╨░╤П ╨╛╤И╨╕╨▒╨║╨░: ) [C:\Users\KusokMedi\Documents\GitHub\BetterShowcase\build\xdBot2.vcxproj]
  (╨║╨╛╨╝╨┐╨╕╨╗╤П╤Ж╨╕╤П ╨╕╤Б╤Е╨╛╨┤╨╜╨╛╨│╨╛ ╤Д╨░╨╣╨╗╨░ "../src/main.cpp")
  
C:\Users\KusokMedi\Documents\GitHub\BetterShowcase\src\ui\load_macro_layer.hpp(25,165): error C2238: ╨╜╨╡╨┐╤А╨╡╨┤╨▓╨╕╨┤╨╡╨╜╨╜╤Л╨╡ ╨╗╨╡╨║╤Б╨╡╨╝╤Л ╨┐╨╡╤А╨╡╨┤ ";" [C:\Users\KusokMedi\Documents\GitHub\BetterShowcase\build\xdBot2.vcxproj]
  (╨║╨╛╨╝╨┐╨╕╨╗╤П╤Ж╨╕╤П ╨╕╤Б╤Е╨╛╨┤╨╜╨╛╨│╨╛ ╤Д╨░╨╣╨╗╨░ "../src/main.cpp")
  
C:\Users\KusokMedi\Documents\GitHub\BetterShowcase\src\ui\load_macro_layer.hpp(27,88): error C2143: ╤Б╨╕╨╜╤В╨░╨║╤Б╨╕╤З╨╡╤Б╨║╨░╤П ╨╛╤И╨╕╨▒╨║╨░: ╨╛╤В╤Б╤Г╤В╤Б╤В╨▓╨╕╨╡ ")" ╨┐╨╡╤А╨╡╨┤ "<" [C:\Users\KusokMedi\Documents\GitHub\BetterShowcase\build\xdBot2.vcxproj]
  (╨║╨╛╨╝╨┐╨╕╨╗╤П╤Ж╨╕╤П ╨╕╤Б╤Е╨╛╨┤╨╜╨╛╨│╨╛ ╤Д╨░╨╣╨╗╨░ "../src/main.cpp")
  
C:\Users\KusokMedi\Documents\GitHub\BetterShowcase\src\ui\load_macro_layer.hpp(27,88): error C2143: ╤Б╨╕╨╜╤В╨░╨║╤Б╨╕╤З╨╡╤Б╨║╨░╤П ╨╛╤И╨╕╨▒╨║╨░: ╨╛╤В╤Б╤Г╤В╤Б╤В╨▓╨╕╨╡ ";" ╨┐╨╡╤А╨╡╨┤ "<" [C:\Users\KusokMedi\Documents\GitHub\BetterShowcase\build\xdBot2.vcxproj]
  (╨║╨╛╨╝╨┐╨╕╨╗╤П╤Ж╨╕╤П ╨╕╤Б╤Е╨╛╨┤╨╜╨╛╨│╨╛ ╤Д╨░╨╣╨╗╨░ "../src/main.cpp")
  
C:\Users\KusokMedi\Documents\GitHub\BetterShowcase\src\ui\load_macro_layer.hpp(27,88): error C2059: ╤Б╨╕╨╜╤В╨░╨║╤Б╨╕╤З╨╡╤Б╨║╨░╤П ╨╛╤И╨╕╨▒╨║╨░: < [C:\Users\KusokMedi\Documents\GitHub\BetterShowcase\build\xdBot2.vcxproj]
  (╨║╨╛╨╝╨┐╨╕╨╗╤П╤Ж╨╕╤П ╨╕╤Б╤Е╨╛╨┤╨╜╨╛╨│╨╛ ╤Д╨░╨╣╨╗╨░ "../src/main.cpp")
  
C:\Users\KusokMedi\Documents\GitHub\BetterShowcase\src\ui\load_macro_layer.hpp(27,149): error C2059: ╤Б╨╕╨╜╤В╨░╨║╤Б╨╕╤З╨╡╤Б╨║╨░╤П ╨╛╤И╨╕╨▒╨║╨░: ) [C:\Users\KusokMedi\Documents\GitHub\BetterShowcase\build\xdBot2.vcxproj]
  (╨║╨╛╨╝╨┐╨╕╨╗╤П╤Ж╨╕╤П ╨╕╤Б╤Е╨╛╨┤╨╜╨╛╨│╨╛ ╤Д╨░╨╣╨╗╨░ "../src/main.cpp")
  
C:\Users\KusokMedi\Documents\GitHub\BetterShowcase\src\ui\load_macro_layer.hpp(27,150): error C2238: ╨╜╨╡╨┐╤А╨╡╨┤╨▓╨╕╨┤╨╡╨╜╨╜╤Л╨╡ ╨╗╨╡╨║╤Б╨╡╨╝╤Л ╨┐╨╡╤А╨╡╨┤ ";" [C:\Users\KusokMedi\Documents\GitHub\BetterShowcase\build\xdBot2.vcxproj]
  (╨║╨╛╨╝╨┐╨╕╨╗╤П╤Ж╨╕╤П ╨╕╤Б╤Е╨╛╨┤╨╜╨╛╨│╨╛ ╤Д╨░╨╣╨╗╨░ "../src/main.cpp")
  
C:\Users\KusokMedi\Documents\GitHub\BetterShowcase\src\ui\load_macro_layer.hpp(42,43): error C2143: ╤Б╨╕╨╜╤В╨░╨║╤Б╨╕╤З╨╡╤Б╨║╨░╤П ╨╛╤И╨╕╨▒╨║╨░: ╨╛╤В╤Б╤Г╤В╤Б╤В╨▓╨╕╨╡ "," ╨┐╨╡╤А╨╡╨┤ "<" [C:\Users\KusokMedi\Documents\GitHub\BetterShowcase\build\xdBot2.vcxproj]
  (╨║╨╛╨╝╨┐╨╕╨╗╤П╤Ж╨╕╤П ╨╕╤Б╤Е╨╛╨┤╨╜╨╛╨│╨╛ ╤Д╨░╨╣╨╗╨░ "../src/main.cpp")
  
C:\Users\KusokMedi\Documents\GitHub\BetterShowcase\src\ui\load_macro_layer.hpp(45,14): error C2059: ╤Б╨╕╨╜╤В╨░╨║╤Б╨╕╤З╨╡╤Б╨║╨░╤П ╨╛╤И╨╕╨▒╨║╨░: < [C:\Users\KusokMedi\Documents\GitHub\BetterShowcase\build\xdBot2.vcxproj]
  (╨║╨╛╨╝╨┐╨╕╨╗╤П╤Ж╨╕╤П ╨╕╤Б╤Е╨╛╨┤╨╜╨╛╨│╨╛ ╤Д╨░╨╣╨╗╨░ "../src/main.cpp")
  
C:\Users\KusokMedi\Documents\GitHub\BetterShowcase\src\ui\load_macro_layer.hpp(45,37): error C2238: ╨╜╨╡╨┐╤А╨╡╨┤╨▓╨╕╨┤╨╡╨╜╨╜╤Л╨╡ ╨╗╨╡╨║╤Б╨╡╨╝╤Л ╨┐╨╡╤А╨╡╨┤ ";" [C:\Users\KusokMedi\Documents\GitHub\BetterShowcase\build\xdBot2.vcxproj]
  (╨║╨╛╨╝╨┐╨╕╨╗╤П╤Ж╨╕╤П ╨╕╤Б╤Е╨╛╨┤╨╜╨╛╨│╨╛ ╤Д╨░╨╣╨╗╨░ "../src/main.cpp")
  
C:\Users\KusokMedi\Documents\GitHub\BetterShowcase\src\ui\load_macro_layer.hpp(46,14): error C2059: ╤Б╨╕╨╜╤В╨░╨║╤Б╨╕╤З╨╡╤Б╨║╨░╤П ╨╛╤И╨╕╨▒╨║╨░: < [C:\Users\KusokMedi\Documents\GitHub\BetterShowcase\build\xdBot2.vcxproj]
  (╨║╨╛╨╝╨┐╨╕╨╗╤П╤Ж╨╕╤П ╨╕╤Б╤Е╨╛╨┤╨╜╨╛╨│╨╛ ╤Д╨░╨╣╨╗╨░ "../src/main.cpp")
  
C:\Users\KusokMedi\Documents\GitHub\BetterShowcase\src\ui\load_macro_layer.hpp(46,38): error C2238: ╨╜╨╡╨┐╤А╨╡╨┤╨▓╨╕╨┤╨╡╨╜╨╜╤Л╨╡ ╨╗╨╡╨║╤Б╨╡╨╝╤Л ╨┐╨╡╤А╨╡╨┤ ";" [C:\Users\KusokMedi\Documents\GitHub\BetterShowcase\build\xdBot2.vcxproj]
  (╨║╨╛╨╝╨┐╨╕╨╗╤П╤Ж╨╕╤П ╨╕╤Б╤Е╨╛╨┤╨╜╨╛╨│╨╛ ╤Д╨░╨╣╨╗╨░ "../src/main.cpp")
  
C:\Users\KusokMedi\Documents\GitHub\BetterShowcase\src\ui\load_macro_layer.hpp(69,44): error C2143: ╤Б╨╕╨╜╤В╨░╨║╤Б╨╕╤З╨╡╤Б╨║╨░╤П ╨╛╤И╨╕╨▒╨║╨░: ╨╛╤В╤Б╤Г╤В╤Б╤В╨▓╨╕╨╡ ")" ╨┐╨╡╤А╨╡╨┤ "<" [C:\Users\KusokMedi\Documents\GitHub\BetterShowcase\build\xdBot2.vcxproj]
  (╨║╨╛╨╝╨┐╨╕╨╗╤П╤Ж╨╕╤П ╨╕╤Б╤Е╨╛╨┤╨╜╨╛╨│╨╛ ╤Д╨░╨╣╨╗╨░ "../src/main.cpp")
  
C:\Users\KusokMedi\Documents\GitHub\BetterShowcase\src\ui\load_macro_layer.hpp(69,44): error C2143: ╤Б╨╕╨╜╤В╨░╨║╤Б╨╕╤З╨╡╤Б╨║╨░╤П ╨╛╤И╨╕╨▒╨║╨░: ╨╛╤В╤Б╤Г╤В╤Б╤В╨▓╨╕╨╡ ";" ╨┐╨╡╤А╨╡╨┤ "<" [C:\Users\KusokMedi\Documents\GitHub\BetterShowcase\build\xdBot2.vcxproj]
  (╨║╨╛╨╝╨┐╨╕╨╗╤П╤Ж╨╕╤П ╨╕╤Б╤Е╨╛╨┤╨╜╨╛╨│╨╛ ╤Д╨░╨╣╨╗╨░ "../src/main.cpp")
  
C:\Users\KusokMedi\Documents\GitHub\BetterShowcase\src\ui\load_macro_layer.hpp(69,44): error C2059: ╤Б╨╕╨╜╤В╨░╨║╤Б╨╕╤З╨╡╤Б╨║╨░╤П ╨╛╤И╨╕╨▒╨║╨░: < [C:\Users\KusokMedi\Documents\GitHub\BetterShowcase\build\xdBot2.vcxproj]
  (╨║╨╛╨╝╨┐╨╕╨╗╤П╤Ж╨╕╤П ╨╕╤Б╤Е╨╛╨┤╨╜╨╛╨│╨╛ ╤Д╨░╨╣╨╗╨░ "../src/main.cpp")
  
C:\Users\KusokMedi\Documents\GitHub\BetterShowcase\src\ui\load_macro_layer.hpp(69,93): error C2059: ╤Б╨╕╨╜╤В╨░╨║╤Б╨╕╤З╨╡╤Б╨║╨░╤П ╨╛╤И╨╕╨▒╨║╨░: ) [C:\Users\KusokMedi\Documents\GitHub\BetterShowcase\build\xdBot2.vcxproj]
  (╨║╨╛╨╝╨┐╨╕╨╗╤П╤Ж╨╕╤П ╨╕╤Б╤Е╨╛╨┤╨╜╨╛╨│╨╛ ╤Д╨░╨╣╨╗╨░ "../src/main.cpp")
  
C:\Users\KusokMedi\Documents\GitHub\BetterShowcase\src\ui\load_macro_layer.hpp(69,94): error C2238: ╨╜╨╡╨┐╤А╨╡╨┤╨▓╨╕╨┤╨╡╨╜╨╜╤Л╨╡ ╨╗╨╡╨║╤Б╨╡╨╝╤Л ╨┐╨╡╤А╨╡╨┤ ";" [C:\Users\KusokMedi\Documents\GitHub\BetterShowcase\build\xdBot2.vcxproj]
  (╨║╨╛╨╝╨┐╨╕╨╗╤П╤Ж╨╕╤П ╨╕╤Б╤Е╨╛╨┤╨╜╨╛╨│╨╛ ╤Д╨░╨╣╨╗╨░ "../src/main.cpp")
  
C:\Users\KusokMedi\Documents\GitHub\BetterShowcase\src\ui\load_macro_layer.hpp(71,25): error C2143: ╤Б╨╕╨╜╤В╨░╨║╤Б╨╕╤З╨╡╤Б╨║╨░╤П ╨╛╤И╨╕╨▒╨║╨░: ╨╛╤В╤Б╤Г╤В╤Б╤В╨▓╨╕╨╡ ")" ╨┐╨╡╤А╨╡╨┤ "<" [C:\Users\KusokMedi\Documents\GitHub\BetterShowcase\build\xdBot2.vcxproj]
  (╨║╨╛╨╝╨┐╨╕╨╗╤П╤Ж╨╕╤П ╨╕╤Б╤Е╨╛╨┤╨╜╨╛╨│╨╛ ╤Д╨░╨╣╨╗╨░ "../src/main.cpp")
  
C:\Users\KusokMedi\Documents\GitHub\BetterShowcase\src\ui\load_macro_layer.hpp(71,25): error C2143: ╤Б╨╕╨╜╤В╨░╨║╤Б╨╕╤З╨╡╤Б╨║╨░╤П ╨╛╤И╨╕╨▒╨║╨░: ╨╛╤В╤Б╤Г╤В╤Б╤В╨▓╨╕╨╡ ";" ╨┐╨╡╤А╨╡╨┤ "<" [C:\Users\KusokMedi\Documents\GitHub\BetterShowcase\build\xdBot2.vcxproj]
  (╨║╨╛╨╝╨┐╨╕╨╗╤П╤Ж╨╕╤П ╨╕╤Б╤Е╨╛╨┤╨╜╨╛╨│╨╛ ╤Д╨░╨╣╨╗╨░ "../src/main.cpp")
  
C:\Users\KusokMedi\Documents\GitHub\BetterShowcase\src\ui\load_macro_layer.hpp(71,25): error C2059: ╤Б╨╕╨╜╤В╨░╨║╤Б╨╕╤З╨╡╤Б╨║╨░╤П ╨╛╤И╨╕╨▒╨║╨░: < [C:\Users\KusokMedi\Documents\GitHub\BetterShowcase\build\xdBot2.vcxproj]
  (╨║╨╛╨╝╨┐╨╕╨╗╤П╤Ж╨╕╤П ╨╕╤Б╤Е╨╛╨┤╨╜╨╛╨│╨╛ ╤Д╨░╨╣╨╗╨░ "../src/main.cpp")
  
C:\Users\KusokMedi\Documents\GitHub\BetterShowcase\src\ui\load_macro_layer.hpp(71,74): error C2059: ╤Б╨╕╨╜╤В╨░╨║╤Б╨╕╤З╨╡╤Б╨║╨░╤П ╨╛╤И╨╕╨▒╨║╨░: ) [C:\Users\KusokMedi\Documents\GitHub\BetterShowcase\build\xdBot2.vcxproj]
  (╨║╨╛╨╝╨┐╨╕╨╗╤П╤Ж╨╕╤П ╨╕╤Б╤Е╨╛╨┤╨╜╨╛╨│╨╛ ╤Д╨░╨╣╨╗╨░ "../src/main.cpp")
  
C:\Users\KusokMedi\Documents\GitHub\BetterShowcase\src\ui\load_macro_layer.hpp(71,84): error C2238: ╨╜╨╡╨┐╤А╨╡╨┤╨▓╨╕╨┤╨╡╨╜╨╜╤Л╨╡ ╨╗╨╡╨║╤Б╨╡╨╝╤Л ╨┐╨╡╤А╨╡╨┤ ";" [C:\Users\KusokMedi\Documents\GitHub\BetterShowcase\build\xdBot2.vcxproj]
  (╨║╨╛╨╝╨┐╨╕╨╗╤П╤Ж╨╕╤П ╨╕╤Б╤Е╨╛╨┤╨╜╨╛╨│╨╛ ╤Д╨░╨╣╨╗╨░ "../src/main.cpp")
  
C:\Users\KusokMedi\Documents\GitHub\BetterShowcase\src\ui\load_macro_layer.hpp(73,31): error C2143: ╤Б╨╕╨╜╤В╨░╨║╤Б╨╕╤З╨╡╤Б╨║╨░╤П ╨╛╤И╨╕╨▒╨║╨░: ╨╛╤В╤Б╤Г╤В╤Б╤В╨▓╨╕╨╡ ")" ╨┐╨╡╤А╨╡╨┤ "<" [C:\Users\KusokMedi\Documents\GitHub\BetterShowcase\build\xdBot2.vcxproj]
  (╨║╨╛╨╝╨┐╨╕╨╗╤П╤Ж╨╕╤П ╨╕╤Б╤Е╨╛╨┤╨╜╨╛╨│╨╛ ╤Д╨░╨╣╨╗╨░ "../src/main.cpp")
  
C:\Users\KusokMedi\Documents\GitHub\BetterShowcase\src\ui\load_macro_layer.hpp(73,31): error C2143: ╤Б╨╕╨╜╤В╨░╨║╤Б╨╕╤З╨╡╤Б╨║╨░╤П ╨╛╤И╨╕╨▒╨║╨░: ╨╛╤В╤Б╤Г╤В╤Б╤В╨▓╨╕╨╡ ";" ╨┐╨╡╤А╨╡╨┤ "<" [C:\Users\KusokMedi\Documents\GitHub\BetterShowcase\build\xdBot2.vcxproj]
  (╨║╨╛╨╝╨┐╨╕╨╗╤П╤Ж╨╕╤П ╨╕╤Б╤Е╨╛╨┤╨╜╨╛╨│╨╛ ╤Д╨░╨╣╨╗╨░ "../src/main.cpp")
  
C:\Users\KusokMedi\Documents\GitHub\BetterShowcase\src\ui\load_macro_layer.hpp(73,31): error C2059: ╤Б╨╕╨╜╤В╨░╨║╤Б╨╕╤З╨╡╤Б╨║╨░╤П ╨╛╤И╨╕╨▒╨║╨░: < [C:\Users\KusokMedi\Documents\GitHub\BetterShowcase\build\xdBot2.vcxproj]
  (╨║╨╛╨╝╨┐╨╕╨╗╤П╤Ж╨╕╤П ╨╕╤Б╤Е╨╛╨┤╨╜╨╛╨│╨╛ ╤Д╨░╨╣╨╗╨░ "../src/main.cpp")
  
C:\Users\KusokMedi\Documents\GitHub\BetterShowcase\src\ui\load_macro_layer.hpp(73,88): error C2059: ╤Б╨╕╨╜╤В╨░╨║╤Б╨╕╤З╨╡╤Б╨║╨░╤П ╨╛╤И╨╕╨▒╨║╨░: ) [C:\Users\KusokMedi\Documents\GitHub\BetterShowcase\build\xdBot2.vcxproj]
  (╨║╨╛╨╝╨┐╨╕╨╗╤П╤Ж╨╕╤П ╨╕╤Б╤Е╨╛╨┤╨╜╨╛╨│╨╛ ╤Д╨░╨╣╨╗╨░ "../src/main.cpp")
  
C:\Users\KusokMedi\Documents\GitHub\BetterShowcase\src\ui\load_macro_layer.hpp(73,89): error C2238: ╨╜╨╡╨┐╤А╨╡╨┤╨▓╨╕╨┤╨╡╨╜╨╜╤Л╨╡ ╨╗╨╡╨║╤Б╨╡╨╝╤Л ╨┐╨╡╤А╨╡╨┤ ";" [C:\Users\KusokMedi\Documents\GitHub\BetterShowcase\build\xdBot2.vcxproj]
  (╨║╨╛╨╝╨┐╨╕╨╗╤П╤Ж╨╕╤П ╨╕╤Б╤Е╨╛╨┤╨╜╨╛╨│╨╛ ╤Д╨░╨╣╨╗╨░ "../src/main.cpp")
  
C:\Users\KusokMedi\Documents\GitHub\BetterShowcase\src\ui\load_macro_layer.hpp(79,7): error C3668: LoadMacroLayer::textChanged: ╨╝╨╡╤В╨╛╨┤ ╤Б╨╛ ╤Б╨┐╨╡╤Ж╨╕╤Д╨╕╨║╨░╤В╨╛╤А╨╛╨╝ ╨┐╨╡╤А╨╡╨╛╨┐╤А╨╡╨┤╨╡╨╗╨╡╨╜╨╕╤П "override" ╨╜╨╡ ╨┐╨╡╤А╨╡╨╛╨┐╤А╨╡╨┤╨╡╨╗╤П╨╡╤В ╨║╨░╨║╨╕╨╡-╨╗╨╕╨▒╨╛ ╨╝╨╡╤В╨╛╨┤╤Л ╨▒╨░╨╖╨╛╨▓╨╛╨│╨╛ ╨║╨╗╨░╤Б╤Б╨░ [C:\Users\KusokMedi\Documents\GitHub\BetterShowcase\build\xdBot2.vcxproj]
  (╨║╨╛╨╝╨┐╨╕╨╗╤П╤Ж╨╕╤П ╨╕╤Б╤Е╨╛╨┤╨╜╨╛╨│╨╛ ╤Д╨░╨╣╨╗╨░ "../src/main.cpp")
  
C:\Users\KusokMedi\Documents\GitHub\BetterShowcase\src\ui\render_settings_layer.hpp(5,48): error C2143: ╤Б╨╕╨╜╤В╨░╨║╤Б╨╕╤З╨╡╤Б╨║╨░╤П ╨╛╤И╨╕╨▒╨║╨░: ╨╛╤В╤Б╤Г╤В╤Б╤В╨▓╨╕╨╡ "," ╨┐╨╡╤А╨╡╨┤ "<" [C:\Users\KusokMedi\Documents\GitHub\BetterShowcase\build\xdBot2.vcxproj]
  (╨║╨╛╨╝╨┐╨╕╨╗╤П╤Ж╨╕╤П ╨╕╤Б╤Е╨╛╨┤╨╜╨╛╨│╨╛ ╤Д╨░╨╣╨╗╨░ "../src/main.cpp")
  
C:\Users\KusokMedi\Documents\GitHub\BetterShowcase\src\ui\render_settings_layer.hpp(27,7): error C3668: RenderSettingsLayer::setup: ╨╝╨╡╤В╨╛╨┤ ╤Б╨╛ ╤Б╨┐╨╡╤Ж╨╕╤Д╨╕╨║╨░╤В╨╛╤А╨╛╨╝ ╨┐╨╡╤А╨╡╨╛╨┐╤А╨╡╨┤╨╡╨╗╨╡╨╜╨╕╤П "override" ╨╜╨╡ ╨┐╨╡╤А╨╡╨╛╨┐╤А╨╡╨┤╨╡╨╗╤П╨╡╤В ╨║╨░╨║╨╕╨╡-╨╗╨╕╨▒╨╛ ╨╝╨╡╤В╨╛╨┤╤Л ╨▒╨░╨╖╨╛╨▓╨╛╨│╨╛ ╨║╨╗╨░╤Б╤Б╨░ [C:\Users\KusokMedi\Documents\GitHub\BetterShowcase\build\xdBot2.vcxproj]
  (╨║╨╛╨╝╨┐╨╕╨╗╤П╤Ж╨╕╤П ╨╕╤Б╤Е╨╛╨┤╨╜╨╛╨│╨╛ ╤Д╨░╨╣╨╗╨░ "../src/main.cpp")
  
C:\Users\KusokMedi\Documents\GitHub\BetterShowcase\src\ui\render_settings_layer.hpp(41,7): error C3668: RenderSettingsLayer::textChanged: ╨╝╨╡╤В╨╛╨┤ ╤Б╨╛ ╤Б╨┐╨╡╤Ж╨╕╤Д╨╕╨║╨░╤В╨╛╤А╨╛╨╝ ╨┐╨╡╤А╨╡╨╛╨┐╤А╨╡╨┤╨╡╨╗╨╡╨╜╨╕╤П "override" ╨╜╨╡ ╨┐╨╡╤А╨╡╨╛╨┐╤А╨╡╨┤╨╡╨╗╤П╨╡╤В ╨║╨░╨║╨╕╨╡-╨╗╨╕╨▒╨╛ ╨╝╨╡╤В╨╛╨┤╤Л ╨▒╨░╨╖╨╛╨▓╨╛╨│╨╛ ╨║╨╗╨░╤Б╤Б╨░ [C:\Users\KusokMedi\Documents\GitHub\BetterShowcase\build\xdBot2.vcxproj]
  (╨║╨╛╨╝╨┐╨╕╨╗╤П╤Ж╨╕╤П ╨╕╤Б╤Е╨╛╨┤╨╜╨╛╨│╨╛ ╤Д╨░╨╣╨╗╨░ "../src/main.cpp")
  
C:\Users\KusokMedi\Documents\GitHub\BetterShowcase\src\ui\render_settings_layer.hpp(31,2): error C2039: "initAnchored": ╨╜╨╡ ╤П╨▓╨╗╤П╨╡╤В╤Б╤П ╤З╨╗╨╡╨╜╨╛╨╝ "RenderSettingsLayer". [C:\Users\KusokMedi\Documents\GitHub\BetterShowcase\build\xdBot2.vcxproj]
  (╨║╨╛╨╝╨┐╨╕╨╗╤П╤Ж╨╕╤П ╨╕╤Б╤Е╨╛╨┤╨╜╨╛╨│╨╛ ╤Д╨░╨╣╨╗╨░ "../src/main.cpp")
      C:\Users\KusokMedi\Documents\GitHub\BetterShowcase\src\ui\render_settings_layer.hpp(5,7):
       ╤Б╨╝. ╨╛╨▒╤К╤П╨▓╨╗╨╡╨╜╨╕╨╡ "RenderSettingsLayer"
  
C:\Users\KusokMedi\Documents\GitHub\BetterShowcase\src\ui\save_macro_layer.hpp(4,43): error C2143: ╤Б╨╕╨╜╤В╨░╨║╤Б╨╕╤З╨╡╤Б╨║╨░╤П ╨╛╤И╨╕╨▒╨║╨░: ╨╛╤В╤Б╤Г╤В╤Б╤В╨▓╨╕╨╡ "," ╨┐╨╡╤А╨╡╨┤ "<" [C:\Users\KusokMedi\Documents\GitHub\BetterShowcase\build\xdBot2.vcxproj]
  (╨║╨╛╨╝╨┐╨╕╨╗╤П╤Ж╨╕╤П ╨╕╤Б╤Е╨╛╨┤╨╜╨╛╨│╨╛ ╤Д╨░╨╣╨╗╨░ "../src/main.cpp")
  
C:\Users\KusokMedi\Documents\GitHub\BetterShowcase\src\ui\save_macro_layer.hpp(14,10): error C3668: SaveMacroLayer::setup: ╨╝╨╡╤В╨╛╨┤ ╤Б╨╛ ╤Б╨┐╨╡╤Ж╨╕╤Д╨╕╨║╨░╤В╨╛╤А╨╛╨╝ ╨┐╨╡╤А╨╡╨╛╨┐╤А╨╡╨┤╨╡╨╗╨╡╨╜╨╕╤П "override" ╨╜╨╡ ╨┐╨╡╤А╨╡╨╛╨┐╤А╨╡╨┤╨╡╨╗╤П╨╡╤В ╨║╨░╨║╨╕╨╡-╨╗╨╕╨▒╨╛ ╨╝╨╡╤В╨╛╨┤╤Л ╨▒╨░╨╖╨╛╨▓╨╛╨│╨╛ ╨║╨╗╨░╤Б╤Б╨░ [C:\Users\KusokMedi\Documents\GitHub\BetterShowcase\build\xdBot2.vcxproj]
  (╨║╨╛╨╝╨┐╨╕╨╗╤П╤Ж╨╕╤П ╨╕╤Б╤Е╨╛╨┤╨╜╨╛╨│╨╛ ╤Д╨░╨╣╨╗╨░ "../src/main.cpp")
  
C:\Users\KusokMedi\Documents\GitHub\BetterShowcase\src\ui\save_macro_layer.hpp(15,16): error C2664: "void Utils::setBackgroundColor(cocos2d::extension::CCScale9Sprite *)": ╨╜╨╡╨▓╨╛╨╖╨╝╨╛╨╢╨╜╨╛ ╨┐╤А╨╡╨╛╨▒╤А╨░╨╖╨╛╨▓╨░╤В╤М ╨░╤А╨│╤Г╨╝╨╡╨╜╤В 1 ╨╕╨╖ "geode::NineSlice *" ╨▓ "cocos2d::extension::CCScale9Sprite *" [C:\Users\KusokMedi\Documents\GitHub\BetterShowcase\build\xdBot2.vcxproj]
  (╨║╨╛╨╝╨┐╨╕╨╗╤П╤Ж╨╕╤П ╨╕╤Б╤Е╨╛╨┤╨╜╨╛╨│╨╛ ╤Д╨░╨╣╨╗╨░ "../src/main.cpp")
      C:\Users\KusokMedi\Documents\GitHub\BetterShowcase\src\ui\save_macro_layer.hpp(15,35):
      ╨в╨╕╨┐╤Л, ╨╜╨░ ╨║╨╛╤В╨╛╤А╤Л╨╡ ╤Г╨║╨░╨╖╤Л╨▓╨░╤О╤В ╤Г╨║╨░╨╖╨░╤В╨╡╨╗╨╕, ╨╜╨╡ ╤Б╨▓╤П╨╖╨░╨╜╤Л; ╨┤╨╗╤П ╨┐╤А╨╡╨╛╨▒╤А╨░╨╖╨╛╨▓╨░╨╜╨╕╤П ╤В╤А╨╡╨▒╤Г╨╡╤В╤Б╤П reinterpret_cast, ╨┐╤А╨╕╨▓╨╡╨┤╨╡╨╜╨╕╨╡ ╨▓ ╤Б╤В╨╕╨╗╨╡ ╨б ╨╕╨╗╨╕ ╨┐╤А╨╕╨▓╨╡╨┤╨╡╨╜╨╕╨╡ ╨▓ ╤Б╤В╨╕╨╗╨╡ ╤Д╤Г╨╜╨║╤Ж╨╕╨╕ ╨▓ ╨║╤А╤Г╨│╨╗╤Л╤Е ╤Б╨║╨╛╨▒╨║╨░╤Е
      C:\Users\KusokMedi\Documents\GitHub\BetterShowcase\src\utils\utils.hpp(18,17):
       ╤Б╨╝. ╨╛╨▒╤К╤П╨▓╨╗╨╡╨╜╨╕╨╡ "Utils::setBackgroundColor"
      C:\Users\KusokMedi\Documents\GitHub\BetterShowcase\src\ui\save_macro_layer.hpp(15,16):
      ╨┐╤А╨╕ ╨┐╨╛╨┐╤Л╤В╨║╨╡ ╤Б╨╛╨┐╨╛╤Б╤В╨░╨▓╨╕╤В╤М ╤Б╨┐╨╕╤Б╨╛╨║ ╨░╤А╨│╤Г╨╝╨╡╨╜╤В╨╛╨▓ "(geode::NineSlice *)"
  
C:\Users\KusokMedi\Documents\GitHub\BetterShowcase\src\ui\save_macro_layer.hpp(73,5): error C2039: "initAnchored": ╨╜╨╡ ╤П╨▓╨╗╤П╨╡╤В╤Б╤П ╤З╨╗╨╡╨╜╨╛╨╝ "SaveMacroLayer". [C:\Users\KusokMedi\Documents\GitHub\BetterShowcase\build\xdBot2.vcxproj]
  (╨║╨╛╨╝╨┐╨╕╨╗╤П╤Ж╨╕╤П ╨╕╤Б╤Е╨╛╨┤╨╜╨╛╨│╨╛ ╤Д╨░╨╣╨╗╨░ "../src/main.cpp")
      C:\Users\KusokMedi\Documents\GitHub\BetterShowcase\src\ui\save_macro_layer.hpp(4,7):
       ╤Б╨╝. ╨╛╨▒╤К╤П╨▓╨╗╨╡╨╜╨╕╨╡ "SaveMacroLayer"
  
C:\Users\KusokMedi\Documents\GitHub\BetterShowcase\src\ui\macro_info_layer.hpp(5,43): error C2143: ╤Б╨╕╨╜╤В╨░╨║╤Б╨╕╤З╨╡╤Б╨║╨░╤П ╨╛╤И╨╕╨▒╨║╨░: ╨╛╤В╤Б╤Г╤В╤Б╤В╨▓╨╕╨╡ "," ╨┐╨╡╤А╨╡╨┤ "<" [C:\Users\KusokMedi\Documents\GitHub\BetterShowcase\build\xdBot2.vcxproj]
  (╨║╨╛╨╝╨┐╨╕╨╗╤П╤Ж╨╕╤П ╨╕╤Б╤Е╨╛╨┤╨╜╨╛╨│╨╛ ╤Д╨░╨╣╨╗╨░ "../src/main.cpp")
  
C:\Users\KusokMedi\Documents\GitHub\BetterShowcase\src\ui\macro_info_layer.hpp(21,10): error C3668: MacroInfoLayer::setup: ╨╝╨╡╤В╨╛╨┤ ╤Б╨╛ ╤Б╨┐╨╡╤Ж╨╕╤Д╨╕╨║╨░╤В╨╛╤А╨╛╨╝ ╨┐╨╡╤А╨╡╨╛╨┐╤А╨╡╨┤╨╡╨╗╨╡╨╜╨╕╤П "override" ╨╜╨╡ ╨┐╨╡╤А╨╡╨╛╨┐╤А╨╡╨┤╨╡╨╗╤П╨╡╤В ╨║╨░╨║╨╕╨╡-╨╗╨╕╨▒╨╛ ╨╝╨╡╤В╨╛╨┤╤Л ╨▒╨░╨╖╨╛╨▓╨╛╨│╨╛ ╨║╨╗╨░╤Б╤Б╨░ [C:\Users\KusokMedi\Documents\GitHub\BetterShowcase\build\xdBot2.vcxproj]
  (╨║╨╛╨╝╨┐╨╕╨╗╤П╤Ж╨╕╤П ╨╕╤Б╤Е╨╛╨┤╨╜╨╛╨│╨╛ ╤Д╨░╨╣╨╗╨░ "../src/main.cpp")
  
C:\Users\KusokMedi\Documents\GitHub\BetterShowcase\src\ui\macro_info_layer.hpp(11,18): error C2039: "initAnchored": ╨╜╨╡ ╤П╨▓╨╗╤П╨╡╤В╤Б╤П ╤З╨╗╨╡╨╜╨╛╨╝ "MacroInfoLayer". [C:\Users\KusokMedi\Documents\GitHub\BetterShowcase\build\xdBot2.vcxproj]
  (╨║╨╛╨╝╨┐╨╕╨╗╤П╤Ж╨╕╤П ╨╕╤Б╤Е╨╛╨┤╨╜╨╛╨│╨╛ ╤Д╨░╨╣╨╗╨░ "../src/main.cpp")
      C:\Users\KusokMedi\Documents\GitHub\BetterShowcase\src\ui\macro_info_layer.hpp(5,7):
       ╤Б╨╝. ╨╛╨▒╤К╤П╨▓╨╗╨╡╨╜╨╕╨╡ "MacroInfoLayer"
  
C:\Users\KusokMedi\Documents\GitHub\BetterShowcase\src\ui\record_layer.hpp(34,40): error C2143: ╤Б╨╕╨╜╤В╨░╨║╤Б╨╕╤З╨╡╤Б╨║╨░╤П ╨╛╤И╨╕╨▒╨║╨░: ╨╛╤В╤Б╤Г╤В╤Б╤В╨▓╨╕╨╡ "," ╨┐╨╡╤А╨╡╨┤ "<" [C:\Users\KusokMedi\Documents\GitHub\BetterShowcase\build\xdBot2.vcxproj]
  (╨║╨╛╨╝╨┐╨╕╨╗╤П╤Ж╨╕╤П ╨╕╤Б╤Е╨╛╨┤╨╜╨╛╨│╨╛ ╤Д╨░╨╣╨╗╨░ "../src/main.cpp")
  
C:\Users\KusokMedi\Documents\GitHub\BetterShowcase\src\ui\record_layer.hpp(76,7): error C3668: RecordLayer::setup: ╨╝╨╡╤В╨╛╨┤ ╤Б╨╛ ╤Б╨┐╨╡╤Ж╨╕╤Д╨╕╨║╨░╤В╨╛╤А╨╛╨╝ ╨┐╨╡╤А╨╡╨╛╨┐╤А╨╡╨┤╨╡╨╗╨╡╨╜╨╕╤П "override" ╨╜╨╡ ╨┐╨╡╤А╨╡╨╛╨┐╤А╨╡╨┤╨╡╨╗╤П╨╡╤В ╨║╨░╨║╨╕╨╡-╨╗╨╕╨▒╨╛ ╨╝╨╡╤В╨╛╨┤╤Л ╨▒╨░╨╖╨╛╨▓╨╛╨│╨╛ ╨║╨╗╨░╤Б╤Б╨░ [C:\Users\KusokMedi\Documents\GitHub\BetterShowcase\build\xdBot2.vcxproj]
  (╨║╨╛╨╝╨┐╨╕╨╗╤П╤Ж╨╕╤П ╨╕╤Б╤Е╨╛╨┤╨╜╨╛╨│╨╛ ╤Д╨░╨╣╨╗╨░ "../src/main.cpp")
  
C:\Users\KusokMedi\Documents\GitHub\BetterShowcase\src\ui\record_layer.hpp(91,7): error C3668: RecordLayer::textChanged: ╨╝╨╡╤В╨╛╨┤ ╤Б╨╛ ╤Б╨┐╨╡╤Ж╨╕╤Д╨╕╨║╨░╤В╨╛╤А╨╛╨╝ ╨┐╨╡╤А╨╡╨╛╨┐╤А╨╡╨┤╨╡╨╗╨╡╨╜╨╕╤П "override" ╨╜╨╡ ╨┐╨╡╤А╨╡╨╛╨┐╤А╨╡╨┤╨╡╨╗╤П╨╡╤В ╨║╨░╨║╨╕╨╡-╨╗╨╕╨▒╨╛ ╨╝╨╡╤В╨╛╨┤╤Л ╨▒╨░╨╖╨╛╨▓╨╛╨│╨╛ ╨║╨╗╨░╤Б╤Б╨░ [C:\Users\KusokMedi\Documents\GitHub\BetterShowcase\build\xdBot2.vcxproj]
  (╨║╨╛╨╝╨┐╨╕╨╗╤П╤Ж╨╕╤П ╨╕╤Б╤Е╨╛╨┤╨╜╨╛╨│╨╛ ╤Д╨░╨╣╨╗╨░ "../src/main.cpp")
  
C:\Users\KusokMedi\Documents\GitHub\BetterShowcase\src\ui\record_layer.hpp(80,20): error C2039: "layer": ╨╜╨╡ ╤П╨▓╨╗╤П╨╡╤В╤Б╤П ╤З╨╗╨╡╨╜╨╛╨╝ "Global". [C:\Users\KusokMedi\Documents\GitHub\BetterShowcase\build\xdBot2.vcxproj]
  (╨║╨╛╨╝╨┐╨╕╨╗╤П╤Ж╨╕╤П ╨╕╤Б╤Е╨╛╨┤╨╜╨╛╨│╨╛ ╤Д╨░╨╣╨╗╨░ "../src/main.cpp")
      C:\Users\KusokMedi\Documents\GitHub\BetterShowcase\src\includes.hpp(46,7):
       ╤Б╨╝. ╨╛╨▒╤К╤П╨▓╨╗╨╡╨╜╨╕╨╡ "Global"
  
C:\Users\KusokMedi\Documents\GitHub\BetterShowcase\src\ui\record_layer.hpp(87,2): error C2039: "initAnchored": ╨╜╨╡ ╤П╨▓╨╗╤П╨╡╤В╤Б╤П ╤З╨╗╨╡╨╜╨╛╨╝ "RecordLayer". [C:\Users\KusokMedi\Documents\GitHub\BetterShowcase\build\xdBot2.vcxproj]
  (╨║╨╛╨╝╨┐╨╕╨╗╤П╤Ж╨╕╤П ╨╕╤Б╤Е╨╛╨┤╨╜╨╛╨│╨╛ ╤Д╨░╨╣╨╗╨░ "../src/main.cpp")
      C:\Users\KusokMedi\Documents\GitHub\BetterShowcase\src\ui\record_layer.hpp(34,7):
       ╤Б╨╝. ╨╛╨▒╤К╤П╨▓╨╗╨╡╨╜╨╕╨╡ "RecordLayer"
  
C:\Users\KusokMedi\Documents\GitHub\BetterShowcase\src\main.cpp(13,10): error C2672: "geode::listenForSettingChanges": ╨╜╨╡ ╨╜╨░╨╣╨┤╨╡╨╜╨░ ╤Б╨╛╨╛╤В╨▓╨╡╤В╤Б╤В╨▓╤Г╤О╤Й╨░╤П ╨┐╨╡╤А╨╡╨│╤А╤Г╨╢╨╡╨╜╨╜╨░╤П ╤Д╤Г╨╜╨║╤Ж╨╕╤П [C:\Users\KusokMedi\Documents\GitHub\BetterShowcase\build\xdBot2.vcxproj]
  (╨║╨╛╨╝╨┐╨╕╨╗╤П╤Ж╨╕╤П ╨╕╤Б╤Е╨╛╨┤╨╜╨╛╨│╨╛ ╤Д╨░╨╣╨╗╨░ "../src/main.cpp")
      C:\Users\KusokMedi\Documents\Geode\loader\include\Geode\loader\SettingV3.hpp(845,21):
      ╨╝╨╛╨╢╨╡╤В ╨▒╤Л╤В╤М "geode::ListenerHandle *geode::listenForSettingChanges(std::string,Callback &&,geode::Mod *)"
          C:\Users\KusokMedi\Documents\GitHub\BetterShowcase\src\main.cpp(13,10):
          "geode::ListenerHandle *geode::listenForSettingChanges(std::string,Callback &&,geode::Mod *)": ╨╜╨╡ ╤Г╨┤╨░╨╡╤В╤Б╤П ╨▓╤Л╨▓╨╡╤Б╤В╨╕ ╨░╤А╨│╤Г╨╝╨╡╨╜╤В ╤И╨░╨▒╨╗╨╛╨╜ ╨┤╨╗╤П "T"
  
C:\Users\KusokMedi\Documents\GitHub\BetterShowcase\src\main.cpp(23,10): error C2672: "geode::listenForSettingChanges": ╨╜╨╡ ╨╜╨░╨╣╨┤╨╡╨╜╨░ ╤Б╨╛╨╛╤В╨▓╨╡╤В╤Б╤В╨▓╤Г╤О╤Й╨░╤П ╨┐╨╡╤А╨╡╨│╤А╤Г╨╢╨╡╨╜╨╜╨░╤П ╤Д╤Г╨╜╨║╤Ж╨╕╤П [C:\Users\KusokMedi\Documents\GitHub\BetterShowcase\build\xdBot2.vcxproj]
  (╨║╨╛╨╝╨┐╨╕╨╗╤П╤Ж╨╕╤П ╨╕╤Б╤Е╨╛╨┤╨╜╨╛╨│╨╛ ╤Д╨░╨╣╨╗╨░ "../src/main.cpp")
      C:\Users\KusokMedi\Documents\Geode\loader\include\Geode\loader\SettingV3.hpp(845,21):
      ╨╝╨╛╨╢╨╡╤В ╨▒╤Л╤В╤М "geode::ListenerHandle *geode::listenForSettingChanges(std::string,Callback &&,geode::Mod *)"
          C:\Users\KusokMedi\Documents\GitHub\BetterShowcase\src\main.cpp(23,10):
          "geode::ListenerHandle *geode::listenForSettingChanges(std::string,Callback &&,geode::Mod *)": ╨╜╨╡ ╤Г╨┤╨░╨╡╤В╤Б╤П ╨▓╤Л╨▓╨╡╤Б╤В╨╕ ╨░╤А╨│╤Г╨╝╨╡╨╜╤В ╤И╨░╨▒╨╗╨╛╨╜ ╨┤╨╗╤П "T"
  
C:\Users\KusokMedi\Documents\GitHub\BetterShowcase\src\main.cpp(27,10): error C2672: "geode::listenForSettingChanges": ╨╜╨╡ ╨╜╨░╨╣╨┤╨╡╨╜╨░ ╤Б╨╛╨╛╤В╨▓╨╡╤В╤Б╤В╨▓╤Г╤О╤Й╨░╤П ╨┐╨╡╤А╨╡╨│╤А╤Г╨╢╨╡╨╜╨╜╨░╤П ╤Д╤Г╨╜╨║╤Ж╨╕╤П [C:\Users\KusokMedi\Documents\GitHub\BetterShowcase\build\xdBot2.vcxproj]
  (╨║╨╛╨╝╨┐╨╕╨╗╤П╤Ж╨╕╤П ╨╕╤Б╤Е╨╛╨┤╨╜╨╛╨│╨╛ ╤Д╨░╨╣╨╗╨░ "../src/main.cpp")
      C:\Users\KusokMedi\Documents\Geode\loader\include\Geode\loader\SettingV3.hpp(845,21):
      ╨╝╨╛╨╢╨╡╤В ╨▒╤Л╤В╤М "geode::ListenerHandle *geode::listenForSettingChanges(std::string,Callback &&,geode::Mod *)"
          C:\Users\KusokMedi\Documents\GitHub\BetterShowcase\src\main.cpp(27,10):
          "geode::ListenerHandle *geode::listenForSettingChanges(std::string,Callback &&,geode::Mod *)": ╨╜╨╡ ╤Г╨┤╨░╨╡╤В╤Б╤П ╨▓╤Л╨▓╨╡╤Б╤В╨╕ ╨░╤А╨│╤Г╨╝╨╡╨╜╤В ╤И╨░╨▒╨╗╨╛╨╜ ╨┤╨╗╤П "T"
  
C:\Users\KusokMedi\Documents\GitHub\BetterShowcase\src\main.cpp(31,10): error C2672: "geode::listenForSettingChanges": ╨╜╨╡ ╨╜╨░╨╣╨┤╨╡╨╜╨░ ╤Б╨╛╨╛╤В╨▓╨╡╤В╤Б╤В╨▓╤Г╤О╤Й╨░╤П ╨┐╨╡╤А╨╡╨│╤А╤Г╨╢╨╡╨╜╨╜╨░╤П ╤Д╤Г╨╜╨║╤Ж╨╕╤П [C:\Users\KusokMedi\Documents\GitHub\BetterShowcase\build\xdBot2.vcxproj]
  (╨║╨╛╨╝╨┐╨╕╨╗╤П╤Ж╨╕╤П ╨╕╤Б╤Е╨╛╨┤╨╜╨╛╨│╨╛ ╤Д╨░╨╣╨╗╨░ "../src/main.cpp")
      C:\Users\KusokMedi\Documents\Geode\loader\include\Geode\loader\SettingV3.hpp(845,21):
      ╨╝╨╛╨╢╨╡╤В ╨▒╤Л╤В╤М "geode::ListenerHandle *geode::listenForSettingChanges(std::string,Callback &&,geode::Mod *)"
          C:\Users\KusokMedi\Documents\GitHub\BetterShowcase\src\main.cpp(31,10):
          "geode::ListenerHandle *geode::listenForSettingChanges(std::string,Callback &&,geode::Mod *)": ╨╜╨╡ ╤Г╨┤╨░╨╡╤В╤Б╤П ╨▓╤Л╨▓╨╡╤Б╤В╨╕ ╨░╤А╨│╤Г╨╝╨╡╨╜╤В ╤И╨░╨▒╨╗╨╛╨╜ ╨┤╨╗╤П "T"
  
C:\Users\KusokMedi\Documents\GitHub\BetterShowcase\src\main.cpp(160,13): error C2039: "layer": ╨╜╨╡ ╤П╨▓╨╗╤П╨╡╤В╤Б╤П ╤З╨╗╨╡╨╜╨╛╨╝ "Global". [C:\Users\KusokMedi\Documents\GitHub\BetterShowcase\build\xdBot2.vcxproj]
  (╨║╨╛╨╝╨┐╨╕╨╗╤П╤Ж╨╕╤П ╨╕╤Б╤Е╨╛╨┤╨╜╨╛╨│╨╛ ╤Д╨░╨╣╨╗╨░ "../src/main.cpp")
      C:\Users\KusokMedi\Documents\GitHub\BetterShowcase\src\includes.hpp(46,7):
       ╤Б╨╝. ╨╛╨▒╤К╤П╨▓╨╗╨╡╨╜╨╕╨╡ "Global"
  
C:\Users\KusokMedi\Documents\GitHub\BetterShowcase\src\main.cpp(160,48): error C2039: "layer": ╨╜╨╡ ╤П╨▓╨╗╤П╨╡╤В╤Б╤П ╤З╨╗╨╡╨╜╨╛╨╝ "Global". [C:\Users\KusokMedi\Documents\GitHub\BetterShowcase\build\xdBot2.vcxproj]
  (╨║╨╛╨╝╨┐╨╕╨╗╤П╤Ж╨╕╤П ╨╕╤Б╤Е╨╛╨┤╨╜╨╛╨│╨╛ ╤Д╨░╨╣╨╗╨░ "../src/main.cpp")
      C:\Users\KusokMedi\Documents\GitHub\BetterShowcase\src\includes.hpp(46,7):
       ╤Б╨╝. ╨╛╨▒╤К╤П╨▓╨╗╨╡╨╜╨╕╨╡ "Global"
  
C:\Users\KusokMedi\Documents\GitHub\BetterShowcase\src\main.cpp(207,31): error C2660: GJBaseGameLayer::processCommands: ╤Д╤Г╨╜╨║╤Ж╨╕╤П ╨╜╨╡ ╨┐╤А╨╕╨╜╨╕╨╝╨░╨╡╤В 1 ╨░╤А╨│╤Г╨╝╨╡╨╜╤В╨╛╨▓ [C:\Users\KusokMedi\Documents\GitHub\BetterShowcase\build\xdBot2.vcxproj]
  (╨║╨╛╨╝╨┐╨╕╨╗╤П╤Ж╨╕╤П ╨╕╤Б╤Е╨╛╨┤╨╜╨╛╨│╨╛ ╤Д╨░╨╣╨╗╨░ "../src/main.cpp")
      C:\Users\KusokMedi\Documents\GitHub\BetterShowcase\build\bindings\bindings\Geode\binding\GJBaseGameLayer.hpp(2378,10):
       ╤Б╨╝. ╨╛╨▒╤К╤П╨▓╨╗╨╡╨╜╨╕╨╡ "GJBaseGameLayer::processCommands"
      C:\Users\KusokMedi\Documents\GitHub\BetterShowcase\src\main.cpp(207,31):
      ╨┐╤А╨╕ ╨┐╨╛╨┐╤Л╤В╨║╨╡ ╤Б╨╛╨┐╨╛╤Б╤В╨░╨▓╨╕╤В╤М ╤Б╨┐╨╕╤Б╨╛╨║ ╨░╤А╨│╤Г╨╝╨╡╨╜╤В╨╛╨▓ "(float)"
  
C:\Users\KusokMedi\Documents\GitHub\BetterShowcase\src\main.cpp(232,33): error C2660: GJBaseGameLayer::processCommands: ╤Д╤Г╨╜╨║╤Ж╨╕╤П ╨╜╨╡ ╨┐╤А╨╕╨╜╨╕╨╝╨░╨╡╤В 1 ╨░╤А╨│╤Г╨╝╨╡╨╜╤В╨╛╨▓ [C:\Users\KusokMedi\Documents\GitHub\BetterShowcase\build\xdBot2.vcxproj]
  (╨║╨╛╨╝╨┐╨╕╨╗╤П╤Ж╨╕╤П ╨╕╤Б╤Е╨╛╨┤╨╜╨╛╨│╨╛ ╤Д╨░╨╣╨╗╨░ "../src/main.cpp")
      C:\Users\KusokMedi\Documents\GitHub\BetterShowcase\build\bindings\bindings\Geode\binding\GJBaseGameLayer.hpp(2378,10):
       ╤Б╨╝. ╨╛╨▒╤К╤П╨▓╨╗╨╡╨╜╨╕╨╡ "GJBaseGameLayer::processCommands"
      C:\Users\KusokMedi\Documents\GitHub\BetterShowcase\src\main.cpp(232,33):
      ╨┐╤А╨╕ ╨┐╨╛╨┐╤Л╤В╨║╨╡ ╤Б╨╛╨┐╨╛╤Б╤В╨░╨▓╨╕╤В╤М ╤Б╨┐╨╕╤Б╨╛╨║ ╨░╤А╨│╤Г╨╝╨╡╨╜╤В╨╛╨▓ "(float)"
  
C:\Users\KusokMedi\Documents\GitHub\BetterShowcase\src\main.cpp(236,22): error C2660: GJBaseGameLayer::processCommands: ╤Д╤Г╨╜╨║╤Ж╨╕╤П ╨╜╨╡ ╨┐╤А╨╕╨╜╨╕╨╝╨░╨╡╤В 1 ╨░╤А╨│╤Г╨╝╨╡╨╜╤В╨╛╨▓ [C:\Users\KusokMedi\Documents\GitHub\BetterShowcase\build\xdBot2.vcxproj]
  (╨║╨╛╨╝╨┐╨╕╨╗╤П╤Ж╨╕╤П ╨╕╤Б╤Е╨╛╨┤╨╜╨╛╨│╨╛ ╤Д╨░╨╣╨╗╨░ "../src/main.cpp")
      C:\Users\KusokMedi\Documents\GitHub\BetterShowcase\build\bindings\bindings\Geode\binding\GJBaseGameLayer.hpp(2378,10):
       ╤Б╨╝. ╨╛╨▒╤К╤П╨▓╨╗╨╡╨╜╨╕╨╡ "GJBaseGameLayer::processCommands"
      C:\Users\KusokMedi\Documents\GitHub\BetterShowcase\src\main.cpp(236,22):
      ╨┐╤А╨╕ ╨┐╨╛╨┐╤Л╤В╨║╨╡ ╤Б╨╛╨┐╨╛╤Б╤В╨░╨▓╨╕╤В╤М ╤Б╨┐╨╕╤Б╨╛╨║ ╨░╤А╨│╤Г╨╝╨╡╨╜╤В╨╛╨▓ "(float)"
  
  global.cpp
C:\Users\KusokMedi\Documents\GitHub\BetterShowcase\src\renderer\ffmpeg\events.hpp(11,47): error C2955: "geode::Event": ╨┤╨╗╤П ╨╕╤Б╨┐╨╛╨╗╤М╨╖╨╛╨▓╨░╨╜╨╕╤П ╨║╨╗╨░╤Б╤Б ╤И╨░╨▒╨╗╨╛╨╜ ╤В╤А╨╡╨▒╤Г╨╡╤В╤Б╤П ╤Б╨┐╨╕╤Б╨╛╨║ ╨░╤А╨│╤Г╨╝╨╡╨╜╤В╨╛╨▓ ╤И╨░╨▒╨╗╨╛╨╜ [C:\Users\KusokMedi\Documents\GitHub\BetterShowcase\build\xdBot2.vcxproj]
  (╨║╨╛╨╝╨┐╨╕╨╗╤П╤Ж╨╕╤П ╨╕╤Б╤Е╨╛╨┤╨╜╨╛╨│╨╛ ╤Д╨░╨╣╨╗╨░ "../src/global.cpp")
      C:\Users\KusokMedi\Documents\Geode\loader\include\Geode\loader\Event.hpp(960,12):
       ╤Б╨╝. ╨╛╨▒╤К╤П╨▓╨╗╨╡╨╜╨╕╨╡ "geode::Event"
  
C:\Users\KusokMedi\Documents\GitHub\BetterShowcase\src\renderer\ffmpeg\events.hpp(20,47): error C2955: "geode::Event": ╨┤╨╗╤П ╨╕╤Б╨┐╨╛╨╗╤М╨╖╨╛╨▓╨░╨╜╨╕╤П ╨║╨╗╨░╤Б╤Б ╤И╨░╨▒╨╗╨╛╨╜ ╤В╤А╨╡╨▒╤Г╨╡╤В╤Б╤П ╤Б╨┐╨╕╤Б╨╛╨║ ╨░╤А╨│╤Г╨╝╨╡╨╜╤В╨╛╨▓ ╤И╨░╨▒╨╗╨╛╨╜ [C:\Users\KusokMedi\Documents\GitHub\BetterShowcase\build\xdBot2.vcxproj]
  (╨║╨╛╨╝╨┐╨╕╨╗╤П╤Ж╨╕╤П ╨╕╤Б╤Е╨╛╨┤╨╜╨╛╨│╨╛ ╤Д╨░╨╣╨╗╨░ "../src/global.cpp")
      C:\Users\KusokMedi\Documents\Geode\loader\include\Geode\loader\Event.hpp(960,12):
       ╤Б╨╝. ╨╛╨▒╤К╤П╨▓╨╗╨╡╨╜╨╕╨╡ "geode::Event"
  
C:\Users\KusokMedi\Documents\GitHub\BetterShowcase\src\renderer\ffmpeg\events.hpp(28,45): error C2955: "geode::Event": ╨┤╨╗╤П ╨╕╤Б╨┐╨╛╨╗╤М╨╖╨╛╨▓╨░╨╜╨╕╤П ╨║╨╗╨░╤Б╤Б ╤И╨░╨▒╨╗╨╛╨╜ ╤В╤А╨╡╨▒╤Г╨╡╤В╤Б╤П ╤Б╨┐╨╕╤Б╨╛╨║ ╨░╤А╨│╤Г╨╝╨╡╨╜╤В╨╛╨▓ ╤И╨░╨▒╨╗╨╛╨╜ [C:\Users\KusokMedi\Documents\GitHub\BetterShowcase\build\xdBot2.vcxproj]
  (╨║╨╛╨╝╨┐╨╕╨╗╤П╤Ж╨╕╤П ╨╕╤Б╤Е╨╛╨┤╨╜╨╛╨│╨╛ ╤Д╨░╨╣╨╗╨░ "../src/global.cpp")
      C:\Users\KusokMedi\Documents\Geode\loader\include\Geode\loader\Event.hpp(960,12):
       ╤Б╨╝. ╨╛╨▒╤К╤П╨▓╨╗╨╡╨╜╨╕╨╡ "geode::Event"
  
C:\Users\KusokMedi\Documents\GitHub\BetterShowcase\src\renderer\ffmpeg\events.hpp(48,45): error C2955: "geode::Event": ╨┤╨╗╤П ╨╕╤Б╨┐╨╛╨╗╤М╨╖╨╛╨▓╨░╨╜╨╕╤П ╨║╨╗╨░╤Б╤Б ╤И╨░╨▒╨╗╨╛╨╜ ╤В╤А╨╡╨▒╤Г╨╡╤В╤Б╤П ╤Б╨┐╨╕╤Б╨╛╨║ ╨░╤А╨│╤Г╨╝╨╡╨╜╤В╨╛╨▓ ╤И╨░╨▒╨╗╨╛╨╜ [C:\Users\KusokMedi\Documents\GitHub\BetterShowcase\build\xdBot2.vcxproj]
  (╨║╨╛╨╝╨┐╨╕╨╗╤П╤Ж╨╕╤П ╨╕╤Б╤Е╨╛╨┤╨╜╨╛╨│╨╛ ╤Д╨░╨╣╨╗╨░ "../src/global.cpp")
      C:\Users\KusokMedi\Documents\Geode\loader\include\Geode\loader\Event.hpp(960,12):
       ╤Б╨╝. ╨╛╨▒╤К╤П╨▓╨╗╨╡╨╜╨╕╨╡ "geode::Event"
  
C:\Users\KusokMedi\Documents\GitHub\BetterShowcase\src\renderer\ffmpeg\events.hpp(58,54): error C2955: "geode::Event": ╨┤╨╗╤П ╨╕╤Б╨┐╨╛╨╗╤М╨╖╨╛╨▓╨░╨╜╨╕╤П ╨║╨╗╨░╤Б╤Б ╤И╨░╨▒╨╗╨╛╨╜ ╤В╤А╨╡╨▒╤Г╨╡╤В╤Б╤П ╤Б╨┐╨╕╤Б╨╛╨║ ╨░╤А╨│╤Г╨╝╨╡╨╜╤В╨╛╨▓ ╤И╨░╨▒╨╗╨╛╨╜ [C:\Users\KusokMedi\Documents\GitHub\BetterShowcase\build\xdBot2.vcxproj]
  (╨║╨╛╨╝╨┐╨╕╨╗╤П╤Ж╨╕╤П ╨╕╤Б╤Е╨╛╨┤╨╜╨╛╨│╨╛ ╤Д╨░╨╣╨╗╨░ "../src/global.cpp")
      C:\Users\KusokMedi\Documents\Geode\loader\include\Geode\loader\Event.hpp(960,12):
       ╤Б╨╝. ╨╛╨▒╤К╤П╨▓╨╗╨╡╨╜╨╕╨╡ "geode::Event"
  
C:\Users\KusokMedi\Documents\GitHub\BetterShowcase\src\renderer\ffmpeg\events.hpp(69,46): error C2955: "geode::Event": ╨┤╨╗╤П ╨╕╤Б╨┐╨╛╨╗╤М╨╖╨╛╨▓╨░╨╜╨╕╤П ╨║╨╗╨░╤Б╤Б ╤И╨░╨▒╨╗╨╛╨╜ ╤В╤А╨╡╨▒╤Г╨╡╤В╤Б╤П ╤Б╨┐╨╕╤Б╨╛╨║ ╨░╤А╨│╤Г╨╝╨╡╨╜╤В╨╛╨▓ ╤И╨░╨▒╨╗╨╛╨╜ [C:\Users\KusokMedi\Documents\GitHub\BetterShowcase\build\xdBot2.vcxproj]
  (╨║╨╛╨╝╨┐╨╕╨╗╤П╤Ж╨╕╤П ╨╕╤Б╤Е╨╛╨┤╨╜╨╛╨│╨╛ ╤Д╨░╨╣╨╗╨░ "../src/global.cpp")
      C:\Users\KusokMedi\Documents\Geode\loader\include\Geode\loader\Event.hpp(960,12):
       ╤Б╨╝. ╨╛╨▒╤К╤П╨▓╨╗╨╡╨╜╨╕╨╡ "geode::Event"
  
C:\Users\KusokMedi\Documents\GitHub\BetterShowcase\src\renderer\ffmpeg\events.hpp(79,46): error C2955: "geode::Event": ╨┤╨╗╤П ╨╕╤Б╨┐╨╛╨╗╤М╨╖╨╛╨▓╨░╨╜╨╕╤П ╨║╨╗╨░╤Б╤Б ╤И╨░╨▒╨╗╨╛╨╜ ╤В╤А╨╡╨▒╤Г╨╡╤В╤Б╤П ╤Б╨┐╨╕╤Б╨╛╨║ ╨░╤А╨│╤Г╨╝╨╡╨╜╤В╨╛╨▓ ╤И╨░╨▒╨╗╨╛╨╜ [C:\Users\KusokMedi\Documents\GitHub\BetterShowcase\build\xdBot2.vcxproj]
  (╨║╨╛╨╝╨┐╨╕╨╗╤П╤Ж╨╕╤П ╨╕╤Б╤Е╨╛╨┤╨╜╨╛╨│╨╛ ╤Д╨░╨╣╨╗╨░ "../src/global.cpp")
      C:\Users\KusokMedi\Documents\Geode\loader\include\Geode\loader\Event.hpp(960,12):
       ╤Б╨╝. ╨╛╨▒╤К╤П╨▓╨╗╨╡╨╜╨╕╨╡ "geode::Event"
  
C:\Users\KusokMedi\Documents\GitHub\BetterShowcase\src\renderer\ffmpeg\events.hpp(101,44): error C2955: "geode::Event": ╨┤╨╗╤П ╨╕╤Б╨┐╨╛╨╗╤М╨╖╨╛╨▓╨░╨╜╨╕╤П ╨║╨╗╨░╤Б╤Б ╤И╨░╨▒╨╗╨╛╨╜ ╤В╤А╨╡╨▒╤Г╨╡╤В╤Б╤П ╤Б╨┐╨╕╤Б╨╛╨║ ╨░╤А╨│╤Г╨╝╨╡╨╜╤В╨╛╨▓ ╤И╨░╨▒╨╗╨╛╨╜ [C:\Users\KusokMedi\Documents\GitHub\BetterShowcase\build\xdBot2.vcxproj]
  (╨║╨╛╨╝╨┐╨╕╨╗╤П╤Ж╨╕╤П ╨╕╤Б╤Е╨╛╨┤╨╜╨╛╨│╨╛ ╤Д╨░╨╣╨╗╨░ "../src/global.cpp")
      C:\Users\KusokMedi\Documents\Geode\loader\include\Geode\loader\Event.hpp(960,12):
       ╤Б╨╝. ╨╛╨▒╤К╤П╨▓╨╗╨╡╨╜╨╕╨╡ "geode::Event"
  
C:\Users\KusokMedi\Documents\GitHub\BetterShowcase\src\renderer\ffmpeg\events.hpp(129,21): error C2039: "post": ╨╜╨╡ ╤П╨▓╨╗╤П╨╡╤В╤Б╤П ╤З╨╗╨╡╨╜╨╛╨╝ "ffmpeg::events::impl::CreateRecorderEvent". [C:\Users\KusokMedi\Documents\GitHub\BetterShowcase\build\xdBot2.vcxproj]
  (╨║╨╛╨╝╨┐╨╕╨╗╤П╤Ж╨╕╤П ╨╕╤Б╤Е╨╛╨┤╨╜╨╛╨│╨╛ ╤Д╨░╨╣╨╗╨░ "../src/global.cpp")
      C:\Users\KusokMedi\Documents\GitHub\BetterShowcase\src\renderer\ffmpeg\events.hpp(11,11):
       ╤Б╨╝. ╨╛╨▒╤К╤П╨▓╨╗╨╡╨╜╨╕╨╡ "ffmpeg::events::impl::CreateRecorderEvent"
  
C:\Users\KusokMedi\Documents\GitHub\BetterShowcase\src\renderer\ffmpeg\events.hpp(135,21): error C2039: "post": ╨╜╨╡ ╤П╨▓╨╗╤П╨╡╤В╤Б╤П ╤З╨╗╨╡╨╜╨╛╨╝ "ffmpeg::events::impl::DeleteRecorderEvent". [C:\Users\KusokMedi\Documents\GitHub\BetterShowcase\build\xdBot2.vcxproj]
  (╨║╨╛╨╝╨┐╨╕╨╗╤П╤Ж╨╕╤П ╨╕╤Б╤Е╨╛╨┤╨╜╨╛╨│╨╛ ╤Д╨░╨╣╨╗╨░ "../src/global.cpp")
      C:\Users\KusokMedi\Documents\GitHub\BetterShowcase\src\renderer\ffmpeg\events.hpp(20,11):
       ╤Б╨╝. ╨╛╨▒╤К╤П╨▓╨╗╨╡╨╜╨╕╨╡ "ffmpeg::events::impl::DeleteRecorderEvent"
  
C:\Users\KusokMedi\Documents\GitHub\BetterShowcase\src\renderer\ffmpeg\events.hpp(153,19): error C2039: "post": ╨╜╨╡ ╤П╨▓╨╗╤П╨╡╤В╤Б╤П ╤З╨╗╨╡╨╜╨╛╨╝ "ffmpeg::events::impl::InitRecorderEvent". [C:\Users\KusokMedi\Documents\GitHub\BetterShowcase\build\xdBot2.vcxproj]
  (╨║╨╛╨╝╨┐╨╕╨╗╤П╤Ж╨╕╤П ╨╕╤Б╤Е╨╛╨┤╨╜╨╛╨│╨╛ ╤Д╨░╨╣╨╗╨░ "../src/global.cpp")
      C:\Users\KusokMedi\Documents\GitHub\BetterShowcase\src\renderer\ffmpeg\events.hpp(28,11):
       ╤Б╨╝. ╨╛╨▒╤К╤П╨▓╨╗╨╡╨╜╨╕╨╡ "ffmpeg::events::impl::InitRecorderEvent"
  
C:\Users\KusokMedi\Documents\GitHub\BetterShowcase\src\renderer\ffmpeg\events.hpp(163,40): error C2039: "post": ╨╜╨╡ ╤П╨▓╨╗╤П╨╡╤В╤Б╤П ╤З╨╗╨╡╨╜╨╛╨╝ "ffmpeg::events::impl::StopRecorderEvent". [C:\Users\KusokMedi\Documents\GitHub\BetterShowcase\build\xdBot2.vcxproj]
  (╨║╨╛╨╝╨┐╨╕╨╗╤П╤Ж╨╕╤П ╨╕╤Б╤Е╨╛╨┤╨╜╨╛╨│╨╛ ╤Д╨░╨╣╨╗╨░ "../src/global.cpp")
      C:\Users\KusokMedi\Documents\GitHub\BetterShowcase\src\renderer\ffmpeg\events.hpp(48,11):
       ╤Б╨╝. ╨╛╨▒╤К╤П╨▓╨╗╨╡╨╜╨╕╨╡ "ffmpeg::events::impl::StopRecorderEvent"
  
C:\Users\KusokMedi\Documents\GitHub\BetterShowcase\src\renderer\ffmpeg\events.hpp(182,19): error C2039: "post": ╨╜╨╡ ╤П╨▓╨╗╤П╨╡╤В╤Б╤П ╤З╨╗╨╡╨╜╨╛╨╝ "ffmpeg::events::impl::GetWriteFrameFunctionEvent". [C:\Users\KusokMedi\Documents\GitHub\BetterShowcase\build\xdBot2.vcxproj]
  (╨║╨╛╨╝╨┐╨╕╨╗╤П╤Ж╨╕╤П ╨╕╤Б╤Е╨╛╨┤╨╜╨╛╨│╨╛ ╤Д╨░╨╣╨╗╨░ "../src/global.cpp")
      C:\Users\KusokMedi\Documents\GitHub\BetterShowcase\src\renderer\ffmpeg\events.hpp(58,11):
       ╤Б╨╝. ╨╛╨▒╤К╤П╨▓╨╗╨╡╨╜╨╕╨╡ "ffmpeg::events::impl::GetWriteFrameFunctionEvent"
  
C:\Users\KusokMedi\Documents\GitHub\BetterShowcase\src\renderer\ffmpeg\events.hpp(199,20): error C2039: "post": ╨╜╨╡ ╤П╨▓╨╗╤П╨╡╤В╤Б╤П ╤З╨╗╨╡╨╜╨╛╨╝ "ffmpeg::events::impl::CodecRecorderEvent". [C:\Users\KusokMedi\Documents\GitHub\BetterShowcase\build\xdBot2.vcxproj]
  (╨║╨╛╨╝╨┐╨╕╨╗╤П╤Ж╨╕╤П ╨╕╤Б╤Е╨╛╨┤╨╜╨╛╨│╨╛ ╤Д╨░╨╣╨╗╨░ "../src/global.cpp")
      C:\Users\KusokMedi\Documents\GitHub\BetterShowcase\src\renderer\ffmpeg\events.hpp(69,11):
       ╤Б╨╝. ╨╛╨▒╤К╤П╨▓╨╗╨╡╨╜╨╕╨╡ "ffmpeg::events::impl::CodecRecorderEvent"
  
C:\Users\KusokMedi\Documents\GitHub\BetterShowcase\src\renderer\ffmpeg\events.hpp(225,18): error C2039: "post": ╨╜╨╡ ╤П╨▓╨╗╤П╨╡╤В╤Б╤П ╤З╨╗╨╡╨╜╨╛╨╝ "ffmpeg::events::impl::MixVideoAudioEvent". [C:\Users\KusokMedi\Documents\GitHub\BetterShowcase\build\xdBot2.vcxproj]
  (╨║╨╛╨╝╨┐╨╕╨╗╤П╤Ж╨╕╤П ╨╕╤Б╤Е╨╛╨┤╨╜╨╛╨│╨╛ ╤Д╨░╨╣╨╗╨░ "../src/global.cpp")
      C:\Users\KusokMedi\Documents\GitHub\BetterShowcase\src\renderer\ffmpeg\events.hpp(79,11):
       ╤Б╨╝. ╨╛╨▒╤К╤П╨▓╨╗╨╡╨╜╨╕╨╡ "ffmpeg::events::impl::MixVideoAudioEvent"
  
C:\Users\KusokMedi\Documents\GitHub\BetterShowcase\src\renderer\ffmpeg\events.hpp(244,18): error C2039: "post": ╨╜╨╡ ╤П╨▓╨╗╤П╨╡╤В╤Б╤П ╤З╨╗╨╡╨╜╨╛╨╝ "ffmpeg::events::impl::MixVideoRawEvent". [C:\Users\KusokMedi\Documents\GitHub\BetterShowcase\build\xdBot2.vcxproj]
  (╨║╨╛╨╝╨┐╨╕╨╗╤П╤Ж╨╕╤П ╨╕╤Б╤Е╨╛╨┤╨╜╨╛╨│╨╛ ╤Д╨░╨╣╨╗╨░ "../src/global.cpp")
      C:\Users\KusokMedi\Documents\GitHub\BetterShowcase\src\renderer\ffmpeg\events.hpp(101,11):
       ╤Б╨╝. ╨╛╨▒╤К╤П╨▓╨╗╨╡╨╜╨╕╨╡ "ffmpeg::events::impl::MixVideoRawEvent"
  
C:\Users\KusokMedi\Documents\GitHub\BetterShowcase\src\includes.hpp(82,17): error C2059: ╤Б╨╕╨╜╤В╨░╨║╤Б╨╕╤З╨╡╤Б╨║╨░╤П ╨╛╤И╨╕╨▒╨║╨░: < [C:\Users\KusokMedi\Documents\GitHub\BetterShowcase\build\xdBot2.vcxproj]
  (╨║╨╛╨╝╨┐╨╕╨╗╤П╤Ж╨╕╤П ╨╕╤Б╤Е╨╛╨┤╨╜╨╛╨│╨╛ ╤Д╨░╨╣╨╗╨░ "../src/global.cpp")
  
C:\Users\KusokMedi\Documents\GitHub\BetterShowcase\src\includes.hpp(82,36): error C2238: ╨╜╨╡╨┐╤А╨╡╨┤╨▓╨╕╨┤╨╡╨╜╨╜╤Л╨╡ ╨╗╨╡╨║╤Б╨╡╨╝╤Л ╨┐╨╡╤А╨╡╨┤ ";" [C:\Users\KusokMedi\Documents\GitHub\BetterShowcase\build\xdBot2.vcxproj]
  (╨║╨╛╨╝╨┐╨╕╨╗╤П╤Ж╨╕╤П ╨╕╤Б╤Е╨╛╨┤╨╜╨╛╨│╨╛ ╤Д╨░╨╣╨╗╨░ "../src/global.cpp")
  
C:\Users\KusokMedi\Documents\GitHub\BetterShowcase\src\ui\load_macro_layer.hpp(14,14): error C2059: ╤Б╨╕╨╜╤В╨░╨║╤Б╨╕╤З╨╡╤Б╨║╨░╤П ╨╛╤И╨╕╨▒╨║╨░: < [C:\Users\KusokMedi\Documents\GitHub\BetterShowcase\build\xdBot2.vcxproj]
  (╨║╨╛╨╝╨┐╨╕╨╗╤П╤Ж╨╕╤П ╨╕╤Б╤Е╨╛╨┤╨╜╨╛╨│╨╛ ╤Д╨░╨╣╨╗╨░ "../src/global.cpp")
  
C:\Users\KusokMedi\Documents\GitHub\BetterShowcase\src\ui\load_macro_layer.hpp(14,37): error C2238: ╨╜╨╡╨┐╤А╨╡╨┤╨▓╨╕╨┤╨╡╨╜╨╜╤Л╨╡ ╨╗╨╡╨║╤Б╨╡╨╝╤Л ╨┐╨╡╤А╨╡╨┤ ";" [C:\Users\KusokMedi\Documents\GitHub\BetterShowcase\build\xdBot2.vcxproj]
  (╨║╨╛╨╝╨┐╨╕╨╗╤П╤Ж╨╕╤П ╨╕╤Б╤Е╨╛╨┤╨╜╨╛╨│╨╛ ╤Д╨░╨╣╨╗╨░ "../src/global.cpp")
  
C:\Users\KusokMedi\Documents\GitHub\BetterShowcase\src\ui\load_macro_layer.hpp(15,14): error C2059: ╤Б╨╕╨╜╤В╨░╨║╤Б╨╕╤З╨╡╤Б╨║╨░╤П ╨╛╤И╨╕╨▒╨║╨░: < [C:\Users\KusokMedi\Documents\GitHub\BetterShowcase\build\xdBot2.vcxproj]
  (╨║╨╛╨╝╨┐╨╕╨╗╤П╤Ж╨╕╤П ╨╕╤Б╤Е╨╛╨┤╨╜╨╛╨│╨╛ ╤Д╨░╨╣╨╗╨░ "../src/global.cpp")
  
C:\Users\KusokMedi\Documents\GitHub\BetterShowcase\src\ui\load_macro_layer.hpp(15,38): error C2238: ╨╜╨╡╨┐╤А╨╡╨┤╨▓╨╕╨┤╨╡╨╜╨╜╤Л╨╡ ╨╗╨╡╨║╤Б╨╡╨╝╤Л ╨┐╨╡╤А╨╡╨┤ ";" [C:\Users\KusokMedi\Documents\GitHub\BetterShowcase\build\xdBot2.vcxproj]
  (╨║╨╛╨╝╨┐╨╕╨╗╤П╤Ж╨╕╤П ╨╕╤Б╤Е╨╛╨┤╨╜╨╛╨│╨╛ ╤Д╨░╨╣╨╗╨░ "../src/global.cpp")
  
C:\Users\KusokMedi\Documents\GitHub\BetterShowcase\src\ui\load_macro_layer.hpp(25,103): error C2143: ╤Б╨╕╨╜╤В╨░╨║╤Б╨╕╤З╨╡╤Б╨║╨░╤П ╨╛╤И╨╕╨▒╨║╨░: ╨╛╤В╤Б╤Г╤В╤Б╤В╨▓╨╕╨╡ ")" ╨┐╨╡╤А╨╡╨┤ "<" [C:\Users\KusokMedi\Documents\GitHub\BetterShowcase\build\xdBot2.vcxproj]
  (╨║╨╛╨╝╨┐╨╕╨╗╤П╤Ж╨╕╤П ╨╕╤Б╤Е╨╛╨┤╨╜╨╛╨│╨╛ ╤Д╨░╨╣╨╗╨░ "../src/global.cpp")
  
C:\Users\KusokMedi\Documents\GitHub\BetterShowcase\src\ui\load_macro_layer.hpp(25,103): error C2143: ╤Б╨╕╨╜╤В╨░╨║╤Б╨╕╤З╨╡╤Б╨║╨░╤П ╨╛╤И╨╕╨▒╨║╨░: ╨╛╤В╤Б╤Г╤В╤Б╤В╨▓╨╕╨╡ ";" ╨┐╨╡╤А╨╡╨┤ "<" [C:\Users\KusokMedi\Documents\GitHub\BetterShowcase\build\xdBot2.vcxproj]
  (╨║╨╛╨╝╨┐╨╕╨╗╤П╤Ж╨╕╤П ╨╕╤Б╤Е╨╛╨┤╨╜╨╛╨│╨╛ ╤Д╨░╨╣╨╗╨░ "../src/global.cpp")
  
C:\Users\KusokMedi\Documents\GitHub\BetterShowcase\src\ui\load_macro_layer.hpp(25,103): error C2059: ╤Б╨╕╨╜╤В╨░╨║╤Б╨╕╤З╨╡╤Б╨║╨░╤П ╨╛╤И╨╕╨▒╨║╨░: < [C:\Users\KusokMedi\Documents\GitHub\BetterShowcase\build\xdBot2.vcxproj]
  (╨║╨╛╨╝╨┐╨╕╨╗╤П╤Ж╨╕╤П ╨╕╤Б╤Е╨╛╨┤╨╜╨╛╨│╨╛ ╤Д╨░╨╣╨╗╨░ "../src/global.cpp")
  
C:\Users\KusokMedi\Documents\GitHub\BetterShowcase\src\ui\load_macro_layer.hpp(25,164): error C2059: ╤Б╨╕╨╜╤В╨░╨║╤Б╨╕╤З╨╡╤Б╨║╨░╤П ╨╛╤И╨╕╨▒╨║╨░: ) [C:\Users\KusokMedi\Documents\GitHub\BetterShowcase\build\xdBot2.vcxproj]
  (╨║╨╛╨╝╨┐╨╕╨╗╤П╤Ж╨╕╤П ╨╕╤Б╤Е╨╛╨┤╨╜╨╛╨│╨╛ ╤Д╨░╨╣╨╗╨░ "../src/global.cpp")
  
C:\Users\KusokMedi\Documents\GitHub\BetterShowcase\src\ui\load_macro_layer.hpp(25,165): error C2238: ╨╜╨╡╨┐╤А╨╡╨┤╨▓╨╕╨┤╨╡╨╜╨╜╤Л╨╡ ╨╗╨╡╨║╤Б╨╡╨╝╤Л ╨┐╨╡╤А╨╡╨┤ ";" [C:\Users\KusokMedi\Documents\GitHub\BetterShowcase\build\xdBot2.vcxproj]
  (╨║╨╛╨╝╨┐╨╕╨╗╤П╤Ж╨╕╤П ╨╕╤Б╤Е╨╛╨┤╨╜╨╛╨│╨╛ ╤Д╨░╨╣╨╗╨░ "../src/global.cpp")
  
C:\Users\KusokMedi\Documents\GitHub\BetterShowcase\src\ui\load_macro_layer.hpp(27,88): error C2143: ╤Б╨╕╨╜╤В╨░╨║╤Б╨╕╤З╨╡╤Б╨║╨░╤П ╨╛╤И╨╕╨▒╨║╨░: ╨╛╤В╤Б╤Г╤В╤Б╤В╨▓╨╕╨╡ ")" ╨┐╨╡╤А╨╡╨┤ "<" [C:\Users\KusokMedi\Documents\GitHub\BetterShowcase\build\xdBot2.vcxproj]
  (╨║╨╛╨╝╨┐╨╕╨╗╤П╤Ж╨╕╤П ╨╕╤Б╤Е╨╛╨┤╨╜╨╛╨│╨╛ ╤Д╨░╨╣╨╗╨░ "../src/global.cpp")
  
C:\Users\KusokMedi\Documents\GitHub\BetterShowcase\src\ui\load_macro_layer.hpp(27,88): error C2143: ╤Б╨╕╨╜╤В╨░╨║╤Б╨╕╤З╨╡╤Б╨║╨░╤П ╨╛╤И╨╕╨▒╨║╨░: ╨╛╤В╤Б╤Г╤В╤Б╤В╨▓╨╕╨╡ ";" ╨┐╨╡╤А╨╡╨┤ "<" [C:\Users\KusokMedi\Documents\GitHub\BetterShowcase\build\xdBot2.vcxproj]
  (╨║╨╛╨╝╨┐╨╕╨╗╤П╤Ж╨╕╤П ╨╕╤Б╤Е╨╛╨┤╨╜╨╛╨│╨╛ ╤Д╨░╨╣╨╗╨░ "../src/global.cpp")
  
C:\Users\KusokMedi\Documents\GitHub\BetterShowcase\src\ui\load_macro_layer.hpp(27,88): error C2059: ╤Б╨╕╨╜╤В╨░╨║╤Б╨╕╤З╨╡╤Б╨║╨░╤П ╨╛╤И╨╕╨▒╨║╨░: < [C:\Users\KusokMedi\Documents\GitHub\BetterShowcase\build\xdBot2.vcxproj]
  (╨║╨╛╨╝╨┐╨╕╨╗╤П╤Ж╨╕╤П ╨╕╤Б╤Е╨╛╨┤╨╜╨╛╨│╨╛ ╤Д╨░╨╣╨╗╨░ "../src/global.cpp")
  
C:\Users\KusokMedi\Documents\GitHub\BetterShowcase\src\ui\load_macro_layer.hpp(27,149): error C2059: ╤Б╨╕╨╜╤В╨░╨║╤Б╨╕╤З╨╡╤Б╨║╨░╤П ╨╛╤И╨╕╨▒╨║╨░: ) [C:\Users\KusokMedi\Documents\GitHub\BetterShowcase\build\xdBot2.vcxproj]
  (╨║╨╛╨╝╨┐╨╕╨╗╤П╤Ж╨╕╤П ╨╕╤Б╤Е╨╛╨┤╨╜╨╛╨│╨╛ ╤Д╨░╨╣╨╗╨░ "../src/global.cpp")
  
C:\Users\KusokMedi\Documents\GitHub\BetterShowcase\src\ui\load_macro_layer.hpp(27,150): error C2238: ╨╜╨╡╨┐╤А╨╡╨┤╨▓╨╕╨┤╨╡╨╜╨╜╤Л╨╡ ╨╗╨╡╨║╤Б╨╡╨╝╤Л ╨┐╨╡╤А╨╡╨┤ ";" [C:\Users\KusokMedi\Documents\GitHub\BetterShowcase\build\xdBot2.vcxproj]
  (╨║╨╛╨╝╨┐╨╕╨╗╤П╤Ж╨╕╤П ╨╕╤Б╤Е╨╛╨┤╨╜╨╛╨│╨╛ ╤Д╨░╨╣╨╗╨░ "../src/global.cpp")
  
C:\Users\KusokMedi\Documents\GitHub\BetterShowcase\src\ui\load_macro_layer.hpp(42,43): error C2143: ╤Б╨╕╨╜╤В╨░╨║╤Б╨╕╤З╨╡╤Б╨║╨░╤П ╨╛╤И╨╕╨▒╨║╨░: ╨╛╤В╤Б╤Г╤В╤Б╤В╨▓╨╕╨╡ "," ╨┐╨╡╤А╨╡╨┤ "<" [C:\Users\KusokMedi\Documents\GitHub\BetterShowcase\build\xdBot2.vcxproj]
  (╨║╨╛╨╝╨┐╨╕╨╗╤П╤Ж╨╕╤П ╨╕╤Б╤Е╨╛╨┤╨╜╨╛╨│╨╛ ╤Д╨░╨╣╨╗╨░ "../src/global.cpp")
  
C:\Users\KusokMedi\Documents\GitHub\BetterShowcase\src\ui\load_macro_layer.hpp(45,14): error C2059: ╤Б╨╕╨╜╤В╨░╨║╤Б╨╕╤З╨╡╤Б╨║╨░╤П ╨╛╤И╨╕╨▒╨║╨░: < [C:\Users\KusokMedi\Documents\GitHub\BetterShowcase\build\xdBot2.vcxproj]
  (╨║╨╛╨╝╨┐╨╕╨╗╤П╤Ж╨╕╤П ╨╕╤Б╤Е╨╛╨┤╨╜╨╛╨│╨╛ ╤Д╨░╨╣╨╗╨░ "../src/global.cpp")
  
C:\Users\KusokMedi\Documents\GitHub\BetterShowcase\src\ui\load_macro_layer.hpp(45,37): error C2238: ╨╜╨╡╨┐╤А╨╡╨┤╨▓╨╕╨┤╨╡╨╜╨╜╤Л╨╡ ╨╗╨╡╨║╤Б╨╡╨╝╤Л ╨┐╨╡╤А╨╡╨┤ ";" [C:\Users\KusokMedi\Documents\GitHub\BetterShowcase\build\xdBot2.vcxproj]
  (╨║╨╛╨╝╨┐╨╕╨╗╤П╤Ж╨╕╤П ╨╕╤Б╤Е╨╛╨┤╨╜╨╛╨│╨╛ ╤Д╨░╨╣╨╗╨░ "../src/global.cpp")
  
C:\Users\KusokMedi\Documents\GitHub\BetterShowcase\src\ui\load_macro_layer.hpp(46,14): error C2059: ╤Б╨╕╨╜╤В╨░╨║╤Б╨╕╤З╨╡╤Б╨║╨░╤П ╨╛╤И╨╕╨▒╨║╨░: < [C:\Users\KusokMedi\Documents\GitHub\BetterShowcase\build\xdBot2.vcxproj]
  (╨║╨╛╨╝╨┐╨╕╨╗╤П╤Ж╨╕╤П ╨╕╤Б╤Е╨╛╨┤╨╜╨╛╨│╨╛ ╤Д╨░╨╣╨╗╨░ "../src/global.cpp")
  
C:\Users\KusokMedi\Documents\GitHub\BetterShowcase\src\ui\load_macro_layer.hpp(46,38): error C2238: ╨╜╨╡╨┐╤А╨╡╨┤╨▓╨╕╨┤╨╡╨╜╨╜╤Л╨╡ ╨╗╨╡╨║╤Б╨╡╨╝╤Л ╨┐╨╡╤А╨╡╨┤ ";" [C:\Users\KusokMedi\Documents\GitHub\BetterShowcase\build\xdBot2.vcxproj]
  (╨║╨╛╨╝╨┐╨╕╨╗╤П╤Ж╨╕╤П ╨╕╤Б╤Е╨╛╨┤╨╜╨╛╨│╨╛ ╤Д╨░╨╣╨╗╨░ "../src/global.cpp")
  
C:\Users\KusokMedi\Documents\GitHub\BetterShowcase\src\ui\load_macro_layer.hpp(69,44): error C2143: ╤Б╨╕╨╜╤В╨░╨║╤Б╨╕╤З╨╡╤Б╨║╨░╤П ╨╛╤И╨╕╨▒╨║╨░: ╨╛╤В╤Б╤Г╤В╤Б╤В╨▓╨╕╨╡ ")" ╨┐╨╡╤А╨╡╨┤ "<" [C:\Users\KusokMedi\Documents\GitHub\BetterShowcase\build\xdBot2.vcxproj]
  (╨║╨╛╨╝╨┐╨╕╨╗╤П╤Ж╨╕╤П ╨╕╤Б╤Е╨╛╨┤╨╜╨╛╨│╨╛ ╤Д╨░╨╣╨╗╨░ "../src/global.cpp")
  
C:\Users\KusokMedi\Documents\GitHub\BetterShowcase\src\ui\load_macro_layer.hpp(69,44): error C2143: ╤Б╨╕╨╜╤В╨░╨║╤Б╨╕╤З╨╡╤Б╨║╨░╤П ╨╛╤И╨╕╨▒╨║╨░: ╨╛╤В╤Б╤Г╤В╤Б╤В╨▓╨╕╨╡ ";" ╨┐╨╡╤А╨╡╨┤ "<" [C:\Users\KusokMedi\Documents\GitHub\BetterShowcase\build\xdBot2.vcxproj]
  (╨║╨╛╨╝╨┐╨╕╨╗╤П╤Ж╨╕╤П ╨╕╤Б╤Е╨╛╨┤╨╜╨╛╨│╨╛ ╤Д╨░╨╣╨╗╨░ "../src/global.cpp")
  
C:\Users\KusokMedi\Documents\GitHub\BetterShowcase\src\ui\load_macro_layer.hpp(69,44): error C2059: ╤Б╨╕╨╜╤В╨░╨║╤Б╨╕╤З╨╡╤Б╨║╨░╤П ╨╛╤И╨╕╨▒╨║╨░: < [C:\Users\KusokMedi\Documents\GitHub\BetterShowcase\build\xdBot2.vcxproj]
  (╨║╨╛╨╝╨┐╨╕╨╗╤П╤Ж╨╕╤П ╨╕╤Б╤Е╨╛╨┤╨╜╨╛╨│╨╛ ╤Д╨░╨╣╨╗╨░ "../src/global.cpp")
  
C:\Users\KusokMedi\Documents\GitHub\BetterShowcase\src\ui\load_macro_layer.hpp(69,93): error C2059: ╤Б╨╕╨╜╤В╨░╨║╤Б╨╕╤З╨╡╤Б╨║╨░╤П ╨╛╤И╨╕╨▒╨║╨░: ) [C:\Users\KusokMedi\Documents\GitHub\BetterShowcase\build\xdBot2.vcxproj]
  (╨║╨╛╨╝╨┐╨╕╨╗╤П╤Ж╨╕╤П ╨╕╤Б╤Е╨╛╨┤╨╜╨╛╨│╨╛ ╤Д╨░╨╣╨╗╨░ "../src/global.cpp")
  
C:\Users\KusokMedi\Documents\GitHub\BetterShowcase\src\ui\load_macro_layer.hpp(69,94): error C2238: ╨╜╨╡╨┐╤А╨╡╨┤╨▓╨╕╨┤╨╡╨╜╨╜╤Л╨╡ ╨╗╨╡╨║╤Б╨╡╨╝╤Л ╨┐╨╡╤А╨╡╨┤ ";" [C:\Users\KusokMedi\Documents\GitHub\BetterShowcase\build\xdBot2.vcxproj]
  (╨║╨╛╨╝╨┐╨╕╨╗╤П╤Ж╨╕╤П ╨╕╤Б╤Е╨╛╨┤╨╜╨╛╨│╨╛ ╤Д╨░╨╣╨╗╨░ "../src/global.cpp")
  
C:\Users\KusokMedi\Documents\GitHub\BetterShowcase\src\ui\load_macro_layer.hpp(71,25): error C2143: ╤Б╨╕╨╜╤В╨░╨║╤Б╨╕╤З╨╡╤Б╨║╨░╤П ╨╛╤И╨╕╨▒╨║╨░: ╨╛╤В╤Б╤Г╤В╤Б╤В╨▓╨╕╨╡ ")" ╨┐╨╡╤А╨╡╨┤ "<" [C:\Users\KusokMedi\Documents\GitHub\BetterShowcase\build\xdBot2.vcxproj]
  (╨║╨╛╨╝╨┐╨╕╨╗╤П╤Ж╨╕╤П ╨╕╤Б╤Е╨╛╨┤╨╜╨╛╨│╨╛ ╤Д╨░╨╣╨╗╨░ "../src/global.cpp")
  
C:\Users\KusokMedi\Documents\GitHub\BetterShowcase\src\ui\load_macro_layer.hpp(71,25): error C2143: ╤Б╨╕╨╜╤В╨░╨║╤Б╨╕╤З╨╡╤Б╨║╨░╤П ╨╛╤И╨╕╨▒╨║╨░: ╨╛╤В╤Б╤Г╤В╤Б╤В╨▓╨╕╨╡ ";" ╨┐╨╡╤А╨╡╨┤ "<" [C:\Users\KusokMedi\Documents\GitHub\BetterShowcase\build\xdBot2.vcxproj]
  (╨║╨╛╨╝╨┐╨╕╨╗╤П╤Ж╨╕╤П ╨╕╤Б╤Е╨╛╨┤╨╜╨╛╨│╨╛ ╤Д╨░╨╣╨╗╨░ "../src/global.cpp")
  
C:\Users\KusokMedi\Documents\GitHub\BetterShowcase\src\ui\load_macro_layer.hpp(71,25): error C2059: ╤Б╨╕╨╜╤В╨░╨║╤Б╨╕╤З╨╡╤Б╨║╨░╤П ╨╛╤И╨╕╨▒╨║╨░: < [C:\Users\KusokMedi\Documents\GitHub\BetterShowcase\build\xdBot2.vcxproj]
  (╨║╨╛╨╝╨┐╨╕╨╗╤П╤Ж╨╕╤П ╨╕╤Б╤Е╨╛╨┤╨╜╨╛╨│╨╛ ╤Д╨░╨╣╨╗╨░ "../src/global.cpp")
  
C:\Users\KusokMedi\Documents\GitHub\BetterShowcase\src\ui\load_macro_layer.hpp(71,74): error C2059: ╤Б╨╕╨╜╤В╨░╨║╤Б╨╕╤З╨╡╤Б╨║╨░╤П ╨╛╤И╨╕╨▒╨║╨░: ) [C:\Users\KusokMedi\Documents\GitHub\BetterShowcase\build\xdBot2.vcxproj]
  (╨║╨╛╨╝╨┐╨╕╨╗╤П╤Ж╨╕╤П ╨╕╤Б╤Е╨╛╨┤╨╜╨╛╨│╨╛ ╤Д╨░╨╣╨╗╨░ "../src/global.cpp")
  
C:\Users\KusokMedi\Documents\GitHub\BetterShowcase\src\ui\load_macro_layer.hpp(71,84): error C2238: ╨╜╨╡╨┐╤А╨╡╨┤╨▓╨╕╨┤╨╡╨╜╨╜╤Л╨╡ ╨╗╨╡╨║╤Б╨╡╨╝╤Л ╨┐╨╡╤А╨╡╨┤ ";" [C:\Users\KusokMedi\Documents\GitHub\BetterShowcase\build\xdBot2.vcxproj]
  (╨║╨╛╨╝╨┐╨╕╨╗╤П╤Ж╨╕╤П ╨╕╤Б╤Е╨╛╨┤╨╜╨╛╨│╨╛ ╤Д╨░╨╣╨╗╨░ "../src/global.cpp")
  
C:\Users\KusokMedi\Documents\GitHub\BetterShowcase\src\ui\load_macro_layer.hpp(73,31): error C2143: ╤Б╨╕╨╜╤В╨░╨║╤Б╨╕╤З╨╡╤Б╨║╨░╤П ╨╛╤И╨╕╨▒╨║╨░: ╨╛╤В╤Б╤Г╤В╤Б╤В╨▓╨╕╨╡ ")" ╨┐╨╡╤А╨╡╨┤ "<" [C:\Users\KusokMedi\Documents\GitHub\BetterShowcase\build\xdBot2.vcxproj]
  (╨║╨╛╨╝╨┐╨╕╨╗╤П╤Ж╨╕╤П ╨╕╤Б╤Е╨╛╨┤╨╜╨╛╨│╨╛ ╤Д╨░╨╣╨╗╨░ "../src/global.cpp")
  
C:\Users\KusokMedi\Documents\GitHub\BetterShowcase\src\ui\load_macro_layer.hpp(73,31): error C2143: ╤Б╨╕╨╜╤В╨░╨║╤Б╨╕╤З╨╡╤Б╨║╨░╤П ╨╛╤И╨╕╨▒╨║╨░: ╨╛╤В╤Б╤Г╤В╤Б╤В╨▓╨╕╨╡ ";" ╨┐╨╡╤А╨╡╨┤ "<" [C:\Users\KusokMedi\Documents\GitHub\BetterShowcase\build\xdBot2.vcxproj]
  (╨║╨╛╨╝╨┐╨╕╨╗╤П╤Ж╨╕╤П ╨╕╤Б╤Е╨╛╨┤╨╜╨╛╨│╨╛ ╤Д╨░╨╣╨╗╨░ "../src/global.cpp")
  
C:\Users\KusokMedi\Documents\GitHub\BetterShowcase\src\ui\load_macro_layer.hpp(73,31): error C2059: ╤Б╨╕╨╜╤В╨░╨║╤Б╨╕╤З╨╡╤Б╨║╨░╤П ╨╛╤И╨╕╨▒╨║╨░: < [C:\Users\KusokMedi\Documents\GitHub\BetterShowcase\build\xdBot2.vcxproj]
  (╨║╨╛╨╝╨┐╨╕╨╗╤П╤Ж╨╕╤П ╨╕╤Б╤Е╨╛╨┤╨╜╨╛╨│╨╛ ╤Д╨░╨╣╨╗╨░ "../src/global.cpp")
  
C:\Users\KusokMedi\Documents\GitHub\BetterShowcase\src\ui\load_macro_layer.hpp(73,88): error C2059: ╤Б╨╕╨╜╤В╨░╨║╤Б╨╕╤З╨╡╤Б╨║╨░╤П ╨╛╤И╨╕╨▒╨║╨░: ) [C:\Users\KusokMedi\Documents\GitHub\BetterShowcase\build\xdBot2.vcxproj]
  (╨║╨╛╨╝╨┐╨╕╨╗╤П╤Ж╨╕╤П ╨╕╤Б╤Е╨╛╨┤╨╜╨╛╨│╨╛ ╤Д╨░╨╣╨╗╨░ "../src/global.cpp")
  
C:\Users\KusokMedi\Documents\GitHub\BetterShowcase\src\ui\load_macro_layer.hpp(73,89): error C2238: ╨╜╨╡╨┐╤А╨╡╨┤╨▓╨╕╨┤╨╡╨╜╨╜╤Л╨╡ ╨╗╨╡╨║╤Б╨╡╨╝╤Л ╨┐╨╡╤А╨╡╨┤ ";" [C:\Users\KusokMedi\Documents\GitHub\BetterShowcase\build\xdBot2.vcxproj]
  (╨║╨╛╨╝╨┐╨╕╨╗╤П╤Ж╨╕╤П ╨╕╤Б╤Е╨╛╨┤╨╜╨╛╨│╨╛ ╤Д╨░╨╣╨╗╨░ "../src/global.cpp")
  
C:\Users\KusokMedi\Documents\GitHub\BetterShowcase\src\ui\load_macro_layer.hpp(79,7): error C3668: LoadMacroLayer::textChanged: ╨╝╨╡╤В╨╛╨┤ ╤Б╨╛ ╤Б╨┐╨╡╤Ж╨╕╤Д╨╕╨║╨░╤В╨╛╤А╨╛╨╝ ╨┐╨╡╤А╨╡╨╛╨┐╤А╨╡╨┤╨╡╨╗╨╡╨╜╨╕╤П "override" ╨╜╨╡ ╨┐╨╡╤А╨╡╨╛╨┐╤А╨╡╨┤╨╡╨╗╤П╨╡╤В ╨║╨░╨║╨╕╨╡-╨╗╨╕╨▒╨╛ ╨╝╨╡╤В╨╛╨┤╤Л ╨▒╨░╨╖╨╛╨▓╨╛╨│╨╛ ╨║╨╗╨░╤Б╤Б╨░ [C:\Users\KusokMedi\Documents\GitHub\BetterShowcase\build\xdBot2.vcxproj]
  (╨║╨╛╨╝╨┐╨╕╨╗╤П╤Ж╨╕╤П ╨╕╤Б╤Е╨╛╨┤╨╜╨╛╨│╨╛ ╤Д╨░╨╣╨╗╨░ "../src/global.cpp")
  
C:\Users\KusokMedi\Documents\GitHub\BetterShowcase\src\ui\render_settings_layer.hpp(5,48): error C2143: ╤Б╨╕╨╜╤В╨░╨║╤Б╨╕╤З╨╡╤Б╨║╨░╤П ╨╛╤И╨╕╨▒╨║╨░: ╨╛╤В╤Б╤Г╤В╤Б╤В╨▓╨╕╨╡ "," ╨┐╨╡╤А╨╡╨┤ "<" [C:\Users\KusokMedi\Documents\GitHub\BetterShowcase\build\xdBot2.vcxproj]
  (╨║╨╛╨╝╨┐╨╕╨╗╤П╤Ж╨╕╤П ╨╕╤Б╤Е╨╛╨┤╨╜╨╛╨│╨╛ ╤Д╨░╨╣╨╗╨░ "../src/global.cpp")
  
C:\Users\KusokMedi\Documents\GitHub\BetterShowcase\src\ui\render_settings_layer.hpp(27,7): error C3668: RenderSettingsLayer::setup: ╨╝╨╡╤В╨╛╨┤ ╤Б╨╛ ╤Б╨┐╨╡╤Ж╨╕╤Д╨╕╨║╨░╤В╨╛╤А╨╛╨╝ ╨┐╨╡╤А╨╡╨╛╨┐╤А╨╡╨┤╨╡╨╗╨╡╨╜╨╕╤П "override" ╨╜╨╡ ╨┐╨╡╤А╨╡╨╛╨┐╤А╨╡╨┤╨╡╨╗╤П╨╡╤В ╨║╨░╨║╨╕╨╡-╨╗╨╕╨▒╨╛ ╨╝╨╡╤В╨╛╨┤╤Л ╨▒╨░╨╖╨╛╨▓╨╛╨│╨╛ ╨║╨╗╨░╤Б╤Б╨░ [C:\Users\KusokMedi\Documents\GitHub\BetterShowcase\build\xdBot2.vcxproj]
  (╨║╨╛╨╝╨┐╨╕╨╗╤П╤Ж╨╕╤П ╨╕╤Б╤Е╨╛╨┤╨╜╨╛╨│╨╛ ╤Д╨░╨╣╨╗╨░ "../src/global.cpp")
  
C:\Users\KusokMedi\Documents\GitHub\BetterShowcase\src\ui\render_settings_layer.hpp(41,7): error C3668: RenderSettingsLayer::textChanged: ╨╝╨╡╤В╨╛╨┤ ╤Б╨╛ ╤Б╨┐╨╡╤Ж╨╕╤Д╨╕╨║╨░╤В╨╛╤А╨╛╨╝ ╨┐╨╡╤А╨╡╨╛╨┐╤А╨╡╨┤╨╡╨╗╨╡╨╜╨╕╤П "override" ╨╜╨╡ ╨┐╨╡╤А╨╡╨╛╨┐╤А╨╡╨┤╨╡╨╗╤П╨╡╤В ╨║╨░╨║╨╕╨╡-╨╗╨╕╨▒╨╛ ╨╝╨╡╤В╨╛╨┤╤Л ╨▒╨░╨╖╨╛╨▓╨╛╨│╨╛ ╨║╨╗╨░╤Б╤Б╨░ [C:\Users\KusokMedi\Documents\GitHub\BetterShowcase\build\xdBot2.vcxproj]
  (╨║╨╛╨╝╨┐╨╕╨╗╤П╤Ж╨╕╤П ╨╕╤Б╤Е╨╛╨┤╨╜╨╛╨│╨╛ ╤Д╨░╨╣╨╗╨░ "../src/global.cpp")
  
C:\Users\KusokMedi\Documents\GitHub\BetterShowcase\src\ui\render_settings_layer.hpp(31,2): error C2039: "initAnchored": ╨╜╨╡ ╤П╨▓╨╗╤П╨╡╤В╤Б╤П ╤З╨╗╨╡╨╜╨╛╨╝ "RenderSettingsLayer". [C:\Users\KusokMedi\Documents\GitHub\BetterShowcase\build\xdBot2.vcxproj]
  (╨║╨╛╨╝╨┐╨╕╨╗╤П╤Ж╨╕╤П ╨╕╤Б╤Е╨╛╨┤╨╜╨╛╨│╨╛ ╤Д╨░╨╣╨╗╨░ "../src/global.cpp")
      C:\Users\KusokMedi\Documents\GitHub\BetterShowcase\src\ui\render_settings_layer.hpp(5,7):
       ╤Б╨╝. ╨╛╨▒╤К╤П╨▓╨╗╨╡╨╜╨╕╨╡ "RenderSettingsLayer"
  
C:\Users\KusokMedi\Documents\GitHub\BetterShowcase\src\ui\save_macro_layer.hpp(4,43): error C2143: ╤Б╨╕╨╜╤В╨░╨║╤Б╨╕╤З╨╡╤Б╨║╨░╤П ╨╛╤И╨╕╨▒╨║╨░: ╨╛╤В╤Б╤Г╤В╤Б╤В╨▓╨╕╨╡ "," ╨┐╨╡╤А╨╡╨┤ "<" [C:\Users\KusokMedi\Documents\GitHub\BetterShowcase\build\xdBot2.vcxproj]
  (╨║╨╛╨╝╨┐╨╕╨╗╤П╤Ж╨╕╤П ╨╕╤Б╤Е╨╛╨┤╨╜╨╛╨│╨╛ ╤Д╨░╨╣╨╗╨░ "../src/global.cpp")
  
C:\Users\KusokMedi\Documents\GitHub\BetterShowcase\src\ui\save_macro_layer.hpp(14,10): error C3668: SaveMacroLayer::setup: ╨╝╨╡╤В╨╛╨┤ ╤Б╨╛ ╤Б╨┐╨╡╤Ж╨╕╤Д╨╕╨║╨░╤В╨╛╤А╨╛╨╝ ╨┐╨╡╤А╨╡╨╛╨┐╤А╨╡╨┤╨╡╨╗╨╡╨╜╨╕╤П "override" ╨╜╨╡ ╨┐╨╡╤А╨╡╨╛╨┐╤А╨╡╨┤╨╡╨╗╤П╨╡╤В ╨║╨░╨║╨╕╨╡-╨╗╨╕╨▒╨╛ ╨╝╨╡╤В╨╛╨┤╤Л ╨▒╨░╨╖╨╛╨▓╨╛╨│╨╛ ╨║╨╗╨░╤Б╤Б╨░ [C:\Users\KusokMedi\Documents\GitHub\BetterShowcase\build\xdBot2.vcxproj]
  (╨║╨╛╨╝╨┐╨╕╨╗╤П╤Ж╨╕╤П ╨╕╤Б╤Е╨╛╨┤╨╜╨╛╨│╨╛ ╤Д╨░╨╣╨╗╨░ "../src/global.cpp")
  
C:\Users\KusokMedi\Documents\GitHub\BetterShowcase\src\ui\save_macro_layer.hpp(15,16): error C2664: "void Utils::setBackgroundColor(cocos2d::extension::CCScale9Sprite *)": ╨╜╨╡╨▓╨╛╨╖╨╝╨╛╨╢╨╜╨╛ ╨┐╤А╨╡╨╛╨▒╤А╨░╨╖╨╛╨▓╨░╤В╤М ╨░╤А╨│╤Г╨╝╨╡╨╜╤В 1 ╨╕╨╖ "geode::NineSlice *" ╨▓ "cocos2d::extension::CCScale9Sprite *" [C:\Users\KusokMedi\Documents\GitHub\BetterShowcase\build\xdBot2.vcxproj]
  (╨║╨╛╨╝╨┐╨╕╨╗╤П╤Ж╨╕╤П ╨╕╤Б╤Е╨╛╨┤╨╜╨╛╨│╨╛ ╤Д╨░╨╣╨╗╨░ "../src/global.cpp")
      C:\Users\KusokMedi\Documents\GitHub\BetterShowcase\src\ui\save_macro_layer.hpp(15,35):
      ╨в╨╕╨┐╤Л, ╨╜╨░ ╨║╨╛╤В╨╛╤А╤Л╨╡ ╤Г╨║╨░╨╖╤Л╨▓╨░╤О╤В ╤Г╨║╨░╨╖╨░╤В╨╡╨╗╨╕, ╨╜╨╡ ╤Б╨▓╤П╨╖╨░╨╜╤Л; ╨┤╨╗╤П ╨┐╤А╨╡╨╛╨▒╤А╨░╨╖╨╛╨▓╨░╨╜╨╕╤П ╤В╤А╨╡╨▒╤Г╨╡╤В╤Б╤П reinterpret_cast, ╨┐╤А╨╕╨▓╨╡╨┤╨╡╨╜╨╕╨╡ ╨▓ ╤Б╤В╨╕╨╗╨╡ ╨б ╨╕╨╗╨╕ ╨┐╤А╨╕╨▓╨╡╨┤╨╡╨╜╨╕╨╡ ╨▓ ╤Б╤В╨╕╨╗╨╡ ╤Д╤Г╨╜╨║╤Ж╨╕╨╕ ╨▓ ╨║╤А╤Г╨│╨╗╤Л╤Е ╤Б╨║╨╛╨▒╨║╨░╤Е
      C:\Users\KusokMedi\Documents\GitHub\BetterShowcase\src\utils\utils.hpp(18,17):
       ╤Б╨╝. ╨╛╨▒╤К╤П╨▓╨╗╨╡╨╜╨╕╨╡ "Utils::setBackgroundColor"
      C:\Users\KusokMedi\Documents\GitHub\BetterShowcase\src\ui\save_macro_layer.hpp(15,16):
      ╨┐╤А╨╕ ╨┐╨╛╨┐╤Л╤В╨║╨╡ ╤Б╨╛╨┐╨╛╤Б╤В╨░╨▓╨╕╤В╤М ╤Б╨┐╨╕╤Б╨╛╨║ ╨░╤А╨│╤Г╨╝╨╡╨╜╤В╨╛╨▓ "(geode::NineSlice *)"
  
C:\Users\KusokMedi\Documents\GitHub\BetterShowcase\src\ui\save_macro_layer.hpp(73,5): error C2039: "initAnchored": ╨╜╨╡ ╤П╨▓╨╗╤П╨╡╤В╤Б╤П ╤З╨╗╨╡╨╜╨╛╨╝ "SaveMacroLayer". [C:\Users\KusokMedi\Documents\GitHub\BetterShowcase\build\xdBot2.vcxproj]
  (╨║╨╛╨╝╨┐╨╕╨╗╤П╤Ж╨╕╤П ╨╕╤Б╤Е╨╛╨┤╨╜╨╛╨│╨╛ ╤Д╨░╨╣╨╗╨░ "../src/global.cpp")
      C:\Users\KusokMedi\Documents\GitHub\BetterShowcase\src\ui\save_macro_layer.hpp(4,7):
       ╤Б╨╝. ╨╛╨▒╤К╤П╨▓╨╗╨╡╨╜╨╕╨╡ "SaveMacroLayer"
  
C:\Users\KusokMedi\Documents\GitHub\BetterShowcase\src\ui\macro_info_layer.hpp(5,43): error C2143: ╤Б╨╕╨╜╤В╨░╨║╤Б╨╕╤З╨╡╤Б╨║╨░╤П ╨╛╤И╨╕╨▒╨║╨░: ╨╛╤В╤Б╤Г╤В╤Б╤В╨▓╨╕╨╡ "," ╨┐╨╡╤А╨╡╨┤ "<" [C:\Users\KusokMedi\Documents\GitHub\BetterShowcase\build\xdBot2.vcxproj]
  (╨║╨╛╨╝╨┐╨╕╨╗╤П╤Ж╨╕╤П ╨╕╤Б╤Е╨╛╨┤╨╜╨╛╨│╨╛ ╤Д╨░╨╣╨╗╨░ "../src/global.cpp")
  
C:\Users\KusokMedi\Documents\GitHub\BetterShowcase\src\ui\macro_info_layer.hpp(21,10): error C3668: MacroInfoLayer::setup: ╨╝╨╡╤В╨╛╨┤ ╤Б╨╛ ╤Б╨┐╨╡╤Ж╨╕╤Д╨╕╨║╨░╤В╨╛╤А╨╛╨╝ ╨┐╨╡╤А╨╡╨╛╨┐╤А╨╡╨┤╨╡╨╗╨╡╨╜╨╕╤П "override" ╨╜╨╡ ╨┐╨╡╤А╨╡╨╛╨┐╤А╨╡╨┤╨╡╨╗╤П╨╡╤В ╨║╨░╨║╨╕╨╡-╨╗╨╕╨▒╨╛ ╨╝╨╡╤В╨╛╨┤╤Л ╨▒╨░╨╖╨╛╨▓╨╛╨│╨╛ ╨║╨╗╨░╤Б╤Б╨░ [C:\Users\KusokMedi\Documents\GitHub\BetterShowcase\build\xdBot2.vcxproj]
  (╨║╨╛╨╝╨┐╨╕╨╗╤П╤Ж╨╕╤П ╨╕╤Б╤Е╨╛╨┤╨╜╨╛╨│╨╛ ╤Д╨░╨╣╨╗╨░ "../src/global.cpp")
  
C:\Users\KusokMedi\Documents\GitHub\BetterShowcase\src\ui\macro_info_layer.hpp(11,18): error C2039: "initAnchored": ╨╜╨╡ ╤П╨▓╨╗╤П╨╡╤В╤Б╤П ╤З╨╗╨╡╨╜╨╛╨╝ "MacroInfoLayer". [C:\Users\KusokMedi\Documents\GitHub\BetterShowcase\build\xdBot2.vcxproj]
  (╨║╨╛╨╝╨┐╨╕╨╗╤П╤Ж╨╕╤П ╨╕╤Б╤Е╨╛╨┤╨╜╨╛╨│╨╛ ╤Д╨░╨╣╨╗╨░ "../src/global.cpp")
      C:\Users\KusokMedi\Documents\GitHub\BetterShowcase\src\ui\macro_info_layer.hpp(5,7):
       ╤Б╨╝. ╨╛╨▒╤К╤П╨▓╨╗╨╡╨╜╨╕╨╡ "MacroInfoLayer"
  
C:\Users\KusokMedi\Documents\GitHub\BetterShowcase\src\ui\record_layer.hpp(34,40): error C2143: ╤Б╨╕╨╜╤В╨░╨║╤Б╨╕╤З╨╡╤Б╨║╨░╤П ╨╛╤И╨╕╨▒╨║╨░: ╨╛╤В╤Б╤Г╤В╤Б╤В╨▓╨╕╨╡ "," ╨┐╨╡╤А╨╡╨┤ "<" [C:\Users\KusokMedi\Documents\GitHub\BetterShowcase\build\xdBot2.vcxproj]
  (╨║╨╛╨╝╨┐╨╕╨╗╤П╤Ж╨╕╤П ╨╕╤Б╤Е╨╛╨┤╨╜╨╛╨│╨╛ ╤Д╨░╨╣╨╗╨░ "../src/global.cpp")
  
C:\Users\KusokMedi\Documents\GitHub\BetterShowcase\src\ui\record_layer.hpp(76,7): error C3668: RecordLayer::setup: ╨╝╨╡╤В╨╛╨┤ ╤Б╨╛ ╤Б╨┐╨╡╤Ж╨╕╤Д╨╕╨║╨░╤В╨╛╤А╨╛╨╝ ╨┐╨╡╤А╨╡╨╛╨┐╤А╨╡╨┤╨╡╨╗╨╡╨╜╨╕╤П "override" ╨╜╨╡ ╨┐╨╡╤А╨╡╨╛╨┐╤А╨╡╨┤╨╡╨╗╤П╨╡╤В ╨║╨░╨║╨╕╨╡-╨╗╨╕╨▒╨╛ ╨╝╨╡╤В╨╛╨┤╤Л ╨▒╨░╨╖╨╛╨▓╨╛╨│╨╛ ╨║╨╗╨░╤Б╤Б╨░ [C:\Users\KusokMedi\Documents\GitHub\BetterShowcase\build\xdBot2.vcxproj]
  (╨║╨╛╨╝╨┐╨╕╨╗╤П╤Ж╨╕╤П ╨╕╤Б╤Е╨╛╨┤╨╜╨╛╨│╨╛ ╤Д╨░╨╣╨╗╨░ "../src/global.cpp")
  
C:\Users\KusokMedi\Documents\GitHub\BetterShowcase\src\ui\record_layer.hpp(91,7): error C3668: RecordLayer::textChanged: ╨╝╨╡╤В╨╛╨┤ ╤Б╨╛ ╤Б╨┐╨╡╤Ж╨╕╤Д╨╕╨║╨░╤В╨╛╤А╨╛╨╝ ╨┐╨╡╤А╨╡╨╛╨┐╤А╨╡╨┤╨╡╨╗╨╡╨╜╨╕╤П "override" ╨╜╨╡ ╨┐╨╡╤А╨╡╨╛╨┐╤А╨╡╨┤╨╡╨╗╤П╨╡╤В ╨║╨░╨║╨╕╨╡-╨╗╨╕╨▒╨╛ ╨╝╨╡╤В╨╛╨┤╤Л ╨▒╨░╨╖╨╛╨▓╨╛╨│╨╛ ╨║╨╗╨░╤Б╤Б╨░ [C:\Users\KusokMedi\Documents\GitHub\BetterShowcase\build\xdBot2.vcxproj]
  (╨║╨╛╨╝╨┐╨╕╨╗╤П╤Ж╨╕╤П ╨╕╤Б╤Е╨╛╨┤╨╜╨╛╨│╨╛ ╤Д╨░╨╣╨╗╨░ "../src/global.cpp")
  
C:\Users\KusokMedi\Documents\GitHub\BetterShowcase\src\ui\record_layer.hpp(80,20): error C2039: "layer": ╨╜╨╡ ╤П╨▓╨╗╤П╨╡╤В╤Б╤П ╤З╨╗╨╡╨╜╨╛╨╝ "Global". [C:\Users\KusokMedi\Documents\GitHub\BetterShowcase\build\xdBot2.vcxproj]
  (╨║╨╛╨╝╨┐╨╕╨╗╤П╤Ж╨╕╤П ╨╕╤Б╤Е╨╛╨┤╨╜╨╛╨│╨╛ ╤Д╨░╨╣╨╗╨░ "../src/global.cpp")
      C:\Users\KusokMedi\Documents\GitHub\BetterShowcase\src\includes.hpp(46,7):
       ╤Б╨╝. ╨╛╨▒╤К╤П╨▓╨╗╨╡╨╜╨╕╨╡ "Global"
  
C:\Users\KusokMedi\Documents\GitHub\BetterShowcase\src\ui\record_layer.hpp(87,2): error C2039: "initAnchored": ╨╜╨╡ ╤П╨▓╨╗╤П╨╡╤В╤Б╤П ╤З╨╗╨╡╨╜╨╛╨╝ "RecordLayer". [C:\Users\KusokMedi\Documents\GitHub\BetterShowcase\build\xdBot2.vcxproj]
  (╨║╨╛╨╝╨┐╨╕╨╗╤П╤Ж╨╕╤П ╨╕╤Б╤Е╨╛╨┤╨╜╨╛╨│╨╛ ╤Д╨░╨╣╨╗╨░ "../src/global.cpp")
      C:\Users\KusokMedi\Documents\GitHub\BetterShowcase\src\ui\record_layer.hpp(34,7):
       ╤Б╨╝. ╨╛╨▒╤К╤П╨▓╨╗╨╡╨╜╨╕╨╡ "RecordLayer"
  
C:\Users\KusokMedi\Documents\GitHub\BetterShowcase\src\ui\button_edit_layer.hpp(23,44): error C2143: ╤Б╨╕╨╜╤В╨░╨║╤Б╨╕╤З╨╡╤Б╨║╨░╤П ╨╛╤И╨╕╨▒╨║╨░: ╨╛╤В╤Б╤Г╤В╤Б╤В╨▓╨╕╨╡ "," ╨┐╨╡╤А╨╡╨┤ "<" [C:\Users\KusokMedi\Documents\GitHub\BetterShowcase\build\xdBot2.vcxproj]
  (╨║╨╛╨╝╨┐╨╕╨╗╤П╤Ж╨╕╤П ╨╕╤Б╤Е╨╛╨┤╨╜╨╛╨│╨╛ ╤Д╨░╨╣╨╗╨░ "../src/global.cpp")
  
C:\Users\KusokMedi\Documents\GitHub\BetterShowcase\src\ui\button_edit_layer.hpp(27,10): error C3668: ButtonEditLayer::setup: ╨╝╨╡╤В╨╛╨┤ ╤Б╨╛ ╤Б╨┐╨╡╤Ж╨╕╤Д╨╕╨║╨░╤В╨╛╤А╨╛╨╝ ╨┐╨╡╤А╨╡╨╛╨┐╤А╨╡╨┤╨╡╨╗╨╡╨╜╨╕╤П "override" ╨╜╨╡ ╨┐╨╡╤А╨╡╨╛╨┐╤А╨╡╨┤╨╡╨╗╤П╨╡╤В ╨║╨░╨║╨╕╨╡-╨╗╨╕╨▒╨╛ ╨╝╨╡╤В╨╛╨┤╤Л ╨▒╨░╨╖╨╛╨▓╨╛╨│╨╛ ╨║╨╗╨░╤Б╤Б╨░ [C:\Users\KusokMedi\Documents\GitHub\BetterShowcase\build\xdBot2.vcxproj]
  (╨║╨╛╨╝╨┐╨╕╨╗╤П╤Ж╨╕╤П ╨╕╤Б╤Е╨╛╨┤╨╜╨╛╨│╨╛ ╤Д╨░╨╣╨╗╨░ "../src/global.cpp")
  
C:\Users\KusokMedi\Documents\GitHub\BetterShowcase\src\ui\button_edit_layer.hpp(31,5): error C2039: "initAnchored": ╨╜╨╡ ╤П╨▓╨╗╤П╨╡╤В╤Б╤П ╤З╨╗╨╡╨╜╨╛╨╝ "ButtonEditLayer". [C:\Users\KusokMedi\Documents\GitHub\BetterShowcase\build\xdBot2.vcxproj]
  (╨║╨╛╨╝╨┐╨╕╨╗╤П╤Ж╨╕╤П ╨╕╤Б╤Е╨╛╨┤╨╜╨╛╨│╨╛ ╤Д╨░╨╣╨╗╨░ "../src/global.cpp")
      C:\Users\KusokMedi\Documents\GitHub\BetterShowcase\src\ui\button_edit_layer.hpp(23,7):
       ╤Б╨╝. ╨╛╨▒╤К╤П╨▓╨╗╨╡╨╜╨╕╨╡ "ButtonEditLayer"
  
C:\Users\KusokMedi\Documents\GitHub\BetterShowcase\build\geode-deps\geode.custom-keybinds\include\Keybinds.hpp(211,63): error C2955: "geode::Event": ╨┤╨╗╤П ╨╕╤Б╨┐╨╛╨╗╤М╨╖╨╛╨▓╨░╨╜╨╕╤П ╨║╨╗╨░╤Б╤Б ╤И╨░╨▒╨╗╨╛╨╜ ╤В╤А╨╡╨▒╤Г╨╡╤В╤Б╤П ╤Б╨┐╨╕╤Б╨╛╨║ ╨░╤А╨│╤Г╨╝╨╡╨╜╤В╨╛╨▓ ╤И╨░╨▒╨╗╨╛╨╜ [C:\Users\KusokMedi\Documents\GitHub\BetterShowcase\build\xdBot2.vcxproj]
  (╨║╨╛╨╝╨┐╨╕╨╗╤П╤Ж╨╕╤П ╨╕╤Б╤Е╨╛╨┤╨╜╨╛╨│╨╛ ╤Д╨░╨╣╨╗╨░ "../src/global.cpp")
      C:\Users\KusokMedi\Documents\Geode\loader\include\Geode\loader\Event.hpp(960,12):
       ╤Б╨╝. ╨╛╨▒╤К╤П╨▓╨╗╨╡╨╜╨╕╨╡ "geode::Event"
  
C:\Users\KusokMedi\Documents\GitHub\BetterShowcase\build\geode-deps\geode.custom-keybinds\include\Keybinds.hpp(225,64): error C2039: "EventFilter": ╨╜╨╡ ╤П╨▓╨╗╤П╨╡╤В╤Б╤П ╤З╨╗╨╡╨╜╨╛╨╝ "geode". [C:\Users\KusokMedi\Documents\GitHub\BetterShowcase\build\xdBot2.vcxproj]
  (╨║╨╛╨╝╨┐╨╕╨╗╤П╤Ж╨╕╤П ╨╕╤Б╤Е╨╛╨┤╨╜╨╛╨│╨╛ ╤Д╨░╨╣╨╗╨░ "../src/global.cpp")
      C:\Users\KusokMedi\Documents\GitHub\BetterShowcase\build\bindings\bindings\Geode\modify\CCTextInputNode.hpp(6,11):
       ╤Б╨╝. ╨╛╨▒╤К╤П╨▓╨╗╨╡╨╜╨╕╨╡ "geode"
  
C:\Users\KusokMedi\Documents\GitHub\BetterShowcase\build\geode-deps\geode.custom-keybinds\include\Keybinds.hpp(225,64): error C2504: EventFilter: ╨╜╨╡ ╨╛╨┐╤А╨╡╨┤╨╡╨╗╨╡╨╜ ╨▒╨░╨╖╨╛╨▓╤Л╨╣ ╨║╨╗╨░╤Б╤Б [C:\Users\KusokMedi\Documents\GitHub\BetterShowcase\build\xdBot2.vcxproj]
  (╨║╨╛╨╝╨┐╨╕╨╗╤П╤Ж╨╕╤П ╨╕╤Б╤Е╨╛╨┤╨╜╨╛╨│╨╛ ╤Д╨░╨╣╨╗╨░ "../src/global.cpp")
  
C:\Users\KusokMedi\Documents\GitHub\BetterShowcase\build\geode-deps\geode.custom-keybinds\include\Keybinds.hpp(225,75): error C2143: ╤Б╨╕╨╜╤В╨░╨║╤Б╨╕╤З╨╡╤Б╨║╨░╤П ╨╛╤И╨╕╨▒╨║╨░: ╨╛╤В╤Б╤Г╤В╤Б╤В╨▓╨╕╨╡ "," ╨┐╨╡╤А╨╡╨┤ "<" [C:\Users\KusokMedi\Documents\GitHub\BetterShowcase\build\xdBot2.vcxproj]
  (╨║╨╛╨╝╨┐╨╕╨╗╤П╤Ж╨╕╤П ╨╕╤Б╤Е╨╛╨┤╨╜╨╛╨│╨╛ ╤Д╨░╨╣╨╗╨░ "../src/global.cpp")
  
C:\Users\KusokMedi\Documents\GitHub\BetterShowcase\build\geode-deps\geode.custom-keybinds\include\Keybinds.hpp(237,62): error C2955: "geode::Event": ╨┤╨╗╤П ╨╕╤Б╨┐╨╛╨╗╤М╨╖╨╛╨▓╨░╨╜╨╕╤П ╨║╨╗╨░╤Б╤Б ╤И╨░╨▒╨╗╨╛╨╜ ╤В╤А╨╡╨▒╤Г╨╡╤В╤Б╤П ╤Б╨┐╨╕╤Б╨╛╨║ ╨░╤А╨│╤Г╨╝╨╡╨╜╤В╨╛╨▓ ╤И╨░╨▒╨╗╨╛╨╜ [C:\Users\KusokMedi\Documents\GitHub\BetterShowcase\build\xdBot2.vcxproj]
  (╨║╨╛╨╝╨┐╨╕╨╗╤П╤Ж╨╕╤П ╨╕╤Б╤Е╨╛╨┤╨╜╨╛╨│╨╛ ╤Д╨░╨╣╨╗╨░ "../src/global.cpp")
      C:\Users\KusokMedi\Documents\Geode\loader\include\Geode\loader\Event.hpp(960,12):
       ╤Б╨╝. ╨╛╨▒╤К╤П╨▓╨╗╨╡╨╜╨╕╨╡ "geode::Event"
  
C:\Users\KusokMedi\Documents\GitHub\BetterShowcase\build\geode-deps\geode.custom-keybinds\include\Keybinds.hpp(248,63): error C2039: "EventFilter": ╨╜╨╡ ╤П╨▓╨╗╤П╨╡╤В╤Б╤П ╤З╨╗╨╡╨╜╨╛╨╝ "geode". [C:\Users\KusokMedi\Documents\GitHub\BetterShowcase\build\xdBot2.vcxproj]
  (╨║╨╛╨╝╨┐╨╕╨╗╤П╤Ж╨╕╤П ╨╕╤Б╤Е╨╛╨┤╨╜╨╛╨│╨╛ ╤Д╨░╨╣╨╗╨░ "../src/global.cpp")
      C:\Users\KusokMedi\Documents\GitHub\BetterShowcase\build\bindings\bindings\Geode\modify\CCTextInputNode.hpp(6,11):
       ╤Б╨╝. ╨╛╨▒╤К╤П╨▓╨╗╨╡╨╜╨╕╨╡ "geode"
  
C:\Users\KusokMedi\Documents\GitHub\BetterShowcase\build\geode-deps\geode.custom-keybinds\include\Keybinds.hpp(248,63): error C2504: EventFilter: ╨╜╨╡ ╨╛╨┐╤А╨╡╨┤╨╡╨╗╨╡╨╜ ╨▒╨░╨╖╨╛╨▓╤Л╨╣ ╨║╨╗╨░╤Б╤Б [C:\Users\KusokMedi\Documents\GitHub\BetterShowcase\build\xdBot2.vcxproj]
  (╨║╨╛╨╝╨┐╨╕╨╗╤П╤Ж╨╕╤П ╨╕╤Б╤Е╨╛╨┤╨╜╨╛╨│╨╛ ╤Д╨░╨╣╨╗╨░ "../src/global.cpp")
  
C:\Users\KusokMedi\Documents\GitHub\BetterShowcase\build\geode-deps\geode.custom-keybinds\include\Keybinds.hpp(248,74): error C2143: ╤Б╨╕╨╜╤В╨░╨║╤Б╨╕╤З╨╡╤Б╨║╨░╤П ╨╛╤И╨╕╨▒╨║╨░: ╨╛╤В╤Б╤Г╤В╤Б╤В╨▓╨╕╨╡ "," ╨┐╨╡╤А╨╡╨┤ "<" [C:\Users\KusokMedi\Documents\GitHub\BetterShowcase\build\xdBot2.vcxproj]
  (╨║╨╛╨╝╨┐╨╕╨╗╤П╤Ж╨╕╤П ╨╕╤Б╤Е╨╛╨┤╨╜╨╛╨│╨╛ ╤Д╨░╨╣╨╗╨░ "../src/global.cpp")
  
C:\Users\KusokMedi\Documents\GitHub\BetterShowcase\build\geode-deps\geode.custom-keybinds\include\Keybinds.hpp(256,59): error C2955: "geode::Event": ╨┤╨╗╤П ╨╕╤Б╨┐╨╛╨╗╤М╨╖╨╛╨▓╨░╨╜╨╕╤П ╨║╨╗╨░╤Б╤Б ╤И╨░╨▒╨╗╨╛╨╜ ╤В╤А╨╡╨▒╤Г╨╡╤В╤Б╤П ╤Б╨┐╨╕╤Б╨╛╨║ ╨░╤А╨│╤Г╨╝╨╡╨╜╤В╨╛╨▓ ╤И╨░╨▒╨╗╨╛╨╜ [C:\Users\KusokMedi\Documents\GitHub\BetterShowcase\build\xdBot2.vcxproj]
  (╨║╨╛╨╝╨┐╨╕╨╗╤П╤Ж╨╕╤П ╨╕╤Б╤Е╨╛╨┤╨╜╨╛╨│╨╛ ╤Д╨░╨╣╨╗╨░ "../src/global.cpp")
      C:\Users\KusokMedi\Documents\Geode\loader\include\Geode\loader\Event.hpp(960,12):
       ╤Б╨╝. ╨╛╨▒╤К╤П╨▓╨╗╨╡╨╜╨╕╨╡ "geode::Event"
  
C:\Users\KusokMedi\Documents\GitHub\BetterShowcase\build\geode-deps\geode.custom-keybinds\include\Keybinds.hpp(268,60): error C2039: "EventFilter": ╨╜╨╡ ╤П╨▓╨╗╤П╨╡╤В╤Б╤П ╤З╨╗╨╡╨╜╨╛╨╝ "geode". [C:\Users\KusokMedi\Documents\GitHub\BetterShowcase\build\xdBot2.vcxproj]
  (╨║╨╛╨╝╨┐╨╕╨╗╤П╤Ж╨╕╤П ╨╕╤Б╤Е╨╛╨┤╨╜╨╛╨│╨╛ ╤Д╨░╨╣╨╗╨░ "../src/global.cpp")
      C:\Users\KusokMedi\Documents\GitHub\BetterShowcase\build\bindings\bindings\Geode\modify\CCTextInputNode.hpp(6,11):
       ╤Б╨╝. ╨╛╨▒╤К╤П╨▓╨╗╨╡╨╜╨╕╨╡ "geode"
  
C:\Users\KusokMedi\Documents\GitHub\BetterShowcase\build\geode-deps\geode.custom-keybinds\include\Keybinds.hpp(268,60): error C2504: EventFilter: ╨╜╨╡ ╨╛╨┐╤А╨╡╨┤╨╡╨╗╨╡╨╜ ╨▒╨░╨╖╨╛╨▓╤Л╨╣ ╨║╨╗╨░╤Б╤Б [C:\Users\KusokMedi\Documents\GitHub\BetterShowcase\build\xdBot2.vcxproj]
  (╨║╨╛╨╝╨┐╨╕╨╗╤П╤Ж╨╕╤П ╨╕╤Б╤Е╨╛╨┤╨╜╨╛╨│╨╛ ╤Д╨░╨╣╨╗╨░ "../src/global.cpp")
  
C:\Users\KusokMedi\Documents\GitHub\BetterShowcase\build\geode-deps\geode.custom-keybinds\include\Keybinds.hpp(268,71): error C2143: ╤Б╨╕╨╜╤В╨░╨║╤Б╨╕╤З╨╡╤Б╨║╨░╤П ╨╛╤И╨╕╨▒╨║╨░: ╨╛╤В╤Б╤Г╤В╤Б╤В╨▓╨╕╨╡ "," ╨┐╨╡╤А╨╡╨┤ "<" [C:\Users\KusokMedi\Documents\GitHub\BetterShowcase\build\xdBot2.vcxproj]
  (╨║╨╛╨╝╨┐╨╕╨╗╤П╤Ж╨╕╤П ╨╕╤Б╤Е╨╛╨┤╨╜╨╛╨│╨╛ ╤Д╨░╨╣╨╗╨░ "../src/global.cpp")
  
C:\Users\KusokMedi\Documents\GitHub\BetterShowcase\build\geode-deps\geode.custom-keybinds\include\Keybinds.hpp(303,16): error C2039: "EventListener": ╨╜╨╡ ╤П╨▓╨╗╤П╨╡╤В╤Б╤П ╤З╨╗╨╡╨╜╨╛╨╝ "geode". [C:\Users\KusokMedi\Documents\GitHub\BetterShowcase\build\xdBot2.vcxproj]
  (╨║╨╛╨╝╨┐╨╕╨╗╤П╤Ж╨╕╤П ╨╕╤Б╤Е╨╛╨┤╨╜╨╛╨│╨╛ ╤Д╨░╨╣╨╗╨░ "../src/global.cpp")
      C:\Users\KusokMedi\Documents\GitHub\BetterShowcase\build\bindings\bindings\Geode\modify\CCTextInputNode.hpp(6,11):
       ╤Б╨╝. ╨╛╨▒╤К╤П╨▓╨╗╨╡╨╜╨╕╨╡ "geode"
  
C:\Users\KusokMedi\Documents\GitHub\BetterShowcase\build\geode-deps\geode.custom-keybinds\include\Keybinds.hpp(303,16): error C7568: ╨б╨┐╨╕╤Б╨╛╨║ ╨░╤А╨│╤Г╨╝╨╡╨╜╤В╨╛╨▓ ╨╛╤В╤Б╤Г╤В╤Б╤В╨▓╤Г╨╡╤В ╨┐╨╛╤Б╨╗╨╡ ╨┐╤А╨╡╨┤╨┐╨╛╨╗╨░╨│╨░╨╡╨╝╨╛╨│╨╛ ╤И╨░╨▒╨╗╨╛╨╜╨░ ╤Д╤Г╨╜╨║╤Ж╨╕╨╕ "EventListener". [C:\Users\KusokMedi\Documents\GitHub\BetterShowcase\build\xdBot2.vcxproj]
  (╨║╨╛╨╝╨┐╨╕╨╗╤П╤Ж╨╕╤П ╨╕╤Б╤Е╨╛╨┤╨╜╨╛╨│╨╛ ╤Д╨░╨╣╨╗╨░ "../src/global.cpp")
  
C:\Users\KusokMedi\Documents\GitHub\BetterShowcase\build\geode-deps\geode.custom-keybinds\include\Keybinds.hpp(303,16): error C2062: ╤В╨╕╨┐ "<error type>" ╨╜╨╡ ╤В╤А╨╡╨▒╤Г╨╡╤В╤Б╤П [C:\Users\KusokMedi\Documents\GitHub\BetterShowcase\build\xdBot2.vcxproj]
  (╨║╨╛╨╝╨┐╨╕╨╗╤П╤Ж╨╕╤П ╨╕╤Б╤Е╨╛╨┤╨╜╨╛╨│╨╛ ╤Д╨░╨╣╨╗╨░ "../src/global.cpp")
  
C:\Users\KusokMedi\Documents\GitHub\BetterShowcase\build\geode-deps\geode.custom-keybinds\include\Keybinds.hpp(304,20): error C2039: "EventListener": ╨╜╨╡ ╤П╨▓╨╗╤П╨╡╤В╤Б╤П ╤З╨╗╨╡╨╜╨╛╨╝ "geode". [C:\Users\KusokMedi\Documents\GitHub\BetterShowcase\build\xdBot2.vcxproj]
  (╨║╨╛╨╝╨┐╨╕╨╗╤П╤Ж╨╕╤П ╨╕╤Б╤Е╨╛╨┤╨╜╨╛╨│╨╛ ╤Д╨░╨╣╨╗╨░ "../src/global.cpp")
      C:\Users\KusokMedi\Documents\GitHub\BetterShowcase\build\bindings\bindings\Geode\modify\CCTextInputNode.hpp(6,11):
       ╤Б╨╝. ╨╛╨▒╤К╤П╨▓╨╗╨╡╨╜╨╕╨╡ "geode"
  
C:\Users\KusokMedi\Documents\GitHub\BetterShowcase\build\geode-deps\geode.custom-keybinds\include\Keybinds.hpp(304,82): error C2238: ╨╜╨╡╨┐╤А╨╡╨┤╨▓╨╕╨┤╨╡╨╜╨╜╤Л╨╡ ╨╗╨╡╨║╤Б╨╡╨╝╤Л ╨┐╨╡╤А╨╡╨┤ ";" [C:\Users\KusokMedi\Documents\GitHub\BetterShowcase\build\xdBot2.vcxproj]
  (╨║╨╛╨╝╨┐╨╕╨╗╤П╤Ж╨╕╤П ╨╕╤Б╤Е╨╛╨┤╨╜╨╛╨│╨╛ ╤Д╨░╨╣╨╗╨░ "../src/global.cpp")
  
C:\Users\KusokMedi\Documents\GitHub\BetterShowcase\src\global.cpp(282,9): error C2039: "layer": ╨╜╨╡ ╤П╨▓╨╗╤П╨╡╤В╤Б╤П ╤З╨╗╨╡╨╜╨╛╨╝ "Global". [C:\Users\KusokMedi\Documents\GitHub\BetterShowcase\build\xdBot2.vcxproj]
  (╨║╨╛╨╝╨┐╨╕╨╗╤П╤Ж╨╕╤П ╨╕╤Б╤Е╨╛╨┤╨╜╨╛╨│╨╛ ╤Д╨░╨╣╨╗╨░ "../src/global.cpp")
      C:\Users\KusokMedi\Documents\GitHub\BetterShowcase\src\includes.hpp(46,7):
       ╤Б╨╝. ╨╛╨▒╤К╤П╨▓╨╗╨╡╨╜╨╕╨╡ "Global"
  
C:\Users\KusokMedi\Documents\GitHub\BetterShowcase\src\global.cpp(283,37): error C2039: "layer": ╨╜╨╡ ╤П╨▓╨╗╤П╨╡╤В╤Б╤П ╤З╨╗╨╡╨╜╨╛╨╝ "Global". [C:\Users\KusokMedi\Documents\GitHub\BetterShowcase\build\xdBot2.vcxproj]
  (╨║╨╛╨╝╨┐╨╕╨╗╤П╤Ж╨╕╤П ╨╕╤Б╤Е╨╛╨┤╨╜╨╛╨│╨╛ ╤Д╨░╨╣╨╗╨░ "../src/global.cpp")
      C:\Users\KusokMedi\Documents\GitHub\BetterShowcase\src\includes.hpp(46,7):
       ╤Б╨╝. ╨╛╨▒╤К╤П╨▓╨╗╨╡╨╜╨╕╨╡ "Global"
  
C:\Users\KusokMedi\Documents\GitHub\BetterShowcase\src\global.cpp(284,35): error C2039: "layer": ╨╜╨╡ ╤П╨▓╨╗╤П╨╡╤В╤Б╤П ╤З╨╗╨╡╨╜╨╛╨╝ "Global". [C:\Users\KusokMedi\Documents\GitHub\BetterShowcase\build\xdBot2.vcxproj]
  (╨║╨╛╨╝╨┐╨╕╨╗╤П╤Ж╨╕╤П ╨╕╤Б╤Е╨╛╨┤╨╜╨╛╨│╨╛ ╤Д╨░╨╣╨╗╨░ "../src/global.cpp")
      C:\Users\KusokMedi\Documents\GitHub\BetterShowcase\src\includes.hpp(46,7):
       ╤Б╨╝. ╨╛╨▒╤К╤П╨▓╨╗╨╡╨╜╨╕╨╡ "Global"
  
C:\Users\KusokMedi\Documents\GitHub\BetterShowcase\src\global.cpp(304,9): error C2039: "layer": ╨╜╨╡ ╤П╨▓╨╗╤П╨╡╤В╤Б╤П ╤З╨╗╨╡╨╜╨╛╨╝ "Global". [C:\Users\KusokMedi\Documents\GitHub\BetterShowcase\build\xdBot2.vcxproj]
  (╨║╨╛╨╝╨┐╨╕╨╗╤П╤Ж╨╕╤П ╨╕╤Б╤Е╨╛╨┤╨╜╨╛╨│╨╛ ╤Д╨░╨╣╨╗╨░ "../src/global.cpp")
      C:\Users\KusokMedi\Documents\GitHub\BetterShowcase\src\includes.hpp(46,7):
       ╤Б╨╝. ╨╛╨▒╤К╤П╨▓╨╗╨╡╨╜╨╕╨╡ "Global"
  
C:\Users\KusokMedi\Documents\GitHub\BetterShowcase\src\global.cpp(305,37): error C2039: "layer": ╨╜╨╡ ╤П╨▓╨╗╤П╨╡╤В╤Б╤П ╤З╨╗╨╡╨╜╨╛╨╝ "Global". [C:\Users\KusokMedi\Documents\GitHub\BetterShowcase\build\xdBot2.vcxproj]
  (╨║╨╛╨╝╨┐╨╕╨╗╤П╤Ж╨╕╤П ╨╕╤Б╤Е╨╛╨┤╨╜╨╛╨│╨╛ ╤Д╨░╨╣╨╗╨░ "../src/global.cpp")
      C:\Users\KusokMedi\Documents\GitHub\BetterShowcase\src\includes.hpp(46,7):
       ╤Б╨╝. ╨╛╨▒╤К╤П╨▓╨╗╨╡╨╜╨╕╨╡ "Global"
  
C:\Users\KusokMedi\Documents\GitHub\BetterShowcase\src\global.cpp(306,35): error C2039: "layer": ╨╜╨╡ ╤П╨▓╨╗╤П╨╡╤В╤Б╤П ╤З╨╗╨╡╨╜╨╛╨╝ "Global". [C:\Users\KusokMedi\Documents\GitHub\BetterShowcase\build\xdBot2.vcxproj]
  (╨║╨╛╨╝╨┐╨╕╨╗╤П╤Ж╨╕╤П ╨╕╤Б╤Е╨╛╨┤╨╜╨╛╨│╨╛ ╤Д╨░╨╣╨╗╨░ "../src/global.cpp")
      C:\Users\KusokMedi\Documents\GitHub\BetterShowcase\src\includes.hpp(46,7):
       ╤Б╨╝. ╨╛╨▒╤К╤П╨▓╨╗╨╡╨╜╨╕╨╡ "Global"
  
C:\Users\KusokMedi\Documents\GitHub\BetterShowcase\src\global.cpp(328,9): error C2039: "layer": ╨╜╨╡ ╤П╨▓╨╗╤П╨╡╤В╤Б╤П ╤З╨╗╨╡╨╜╨╛╨╝ "Global". [C:\Users\KusokMedi\Documents\GitHub\BetterShowcase\build\xdBot2.vcxproj]
  (╨║╨╛╨╝╨┐╨╕╨╗╤П╤Ж╨╕╤П ╨╕╤Б╤Е╨╛╨┤╨╜╨╛╨│╨╛ ╤Д╨░╨╣╨╗╨░ "../src/global.cpp")
      C:\Users\KusokMedi\Documents\GitHub\BetterShowcase\src\includes.hpp(46,7):
       ╤Б╨╝. ╨╛╨▒╤К╤П╨▓╨╗╨╡╨╜╨╕╨╡ "Global"
  
C:\Users\KusokMedi\Documents\GitHub\BetterShowcase\src\global.cpp(329,37): error C2039: "layer": ╨╜╨╡ ╤П╨▓╨╗╤П╨╡╤В╤Б╤П ╤З╨╗╨╡╨╜╨╛╨╝ "Global". [C:\Users\KusokMedi\Documents\GitHub\BetterShowcase\build\xdBot2.vcxproj]
  (╨║╨╛╨╝╨┐╨╕╨╗╤П╤Ж╨╕╤П ╨╕╤Б╤Е╨╛╨┤╨╜╨╛╨│╨╛ ╤Д╨░╨╣╨╗╨░ "../src/global.cpp")
      C:\Users\KusokMedi\Documents\GitHub\BetterShowcase\src\includes.hpp(46,7):
       ╤Б╨╝. ╨╛╨▒╤К╤П╨▓╨╗╨╡╨╜╨╕╨╡ "Global"
  
C:\Users\KusokMedi\Documents\GitHub\BetterShowcase\src\global.cpp(330,35): error C2039: "layer": ╨╜╨╡ ╤П╨▓╨╗╤П╨╡╤В╤Б╤П ╤З╨╗╨╡╨╜╨╛╨╝ "Global". [C:\Users\KusokMedi\Documents\GitHub\BetterShowcase\build\xdBot2.vcxproj]
  (╨║╨╛╨╝╨┐╨╕╨╗╤П╤Ж╨╕╤П ╨╕╤Б╤Е╨╛╨┤╨╜╨╛╨│╨╛ ╤Д╨░╨╣╨╗╨░ "../src/global.cpp")
      C:\Users\KusokMedi\Documents\GitHub\BetterShowcase\src\includes.hpp(46,7):
       ╤Б╨╝. ╨╛╨▒╤К╤П╨▓╨╗╨╡╨╜╨╕╨╡ "Global"
  
C:\Users\KusokMedi\Documents\GitHub\BetterShowcase\src\global.cpp(339,3): error C2338: static_assert failed: 'Please use `for (auto obj : CCArrayExt(arr))` or `for (auto obj : CCArrayExt<NodeType*>(arr))` instead, this macro has been removed in Geode v5 [C:\Users\KusokMedi\Documents\GitHub\BetterShowcase\build\xdBot2.vcxproj]
C:\Users\KusokMedi\Documents\GitHub\BetterShowcase\src\global.cpp(339,3): error C2338: When iterating over the children of a node, `for (CCNode* node : node->getChildrenExt())` or `for (CCNode* node : node->getChildrenExt<NodeType*>())` can also be used [C:\Users\KusokMedi\Documents\GitHub\BetterShowcase\build\xdBot2.vcxproj]
C:\Users\KusokMedi\Documents\GitHub\BetterShowcase\src\global.cpp(339,3): error C2338: ' [C:\Users\KusokMedi\Documents\GitHub\BetterShowcase\build\xdBot2.vcxproj]
  (╨║╨╛╨╝╨┐╨╕╨╗╤П╤Ж╨╕╤П ╨╕╤Б╤Е╨╛╨┤╨╜╨╛╨│╨╛ ╤Д╨░╨╣╨╗╨░ "../src/global.cpp")
  
  macro.cpp
C:\Users\KusokMedi\Documents\GitHub\BetterShowcase\src\renderer\ffmpeg\events.hpp(11,47): error C2955: "geode::Event": ╨┤╨╗╤П ╨╕╤Б╨┐╨╛╨╗╤М╨╖╨╛╨▓╨░╨╜╨╕╤П ╨║╨╗╨░╤Б╤Б ╤И╨░╨▒╨╗╨╛╨╜ ╤В╤А╨╡╨▒╤Г╨╡╤В╤Б╤П ╤Б╨┐╨╕╤Б╨╛╨║ ╨░╤А╨│╤Г╨╝╨╡╨╜╤В╨╛╨▓ ╤И╨░╨▒╨╗╨╛╨╜ [C:\Users\KusokMedi\Documents\GitHub\BetterShowcase\build\xdBot2.vcxproj]
  (╨║╨╛╨╝╨┐╨╕╨╗╤П╤Ж╨╕╤П ╨╕╤Б╤Е╨╛╨┤╨╜╨╛╨│╨╛ ╤Д╨░╨╣╨╗╨░ "../src/macro.cpp")
      C:\Users\KusokMedi\Documents\Geode\loader\include\Geode\loader\Event.hpp(960,12):
       ╤Б╨╝. ╨╛╨▒╤К╤П╨▓╨╗╨╡╨╜╨╕╨╡ "geode::Event"
  
C:\Users\KusokMedi\Documents\GitHub\BetterShowcase\src\renderer\ffmpeg\events.hpp(20,47): error C2955: "geode::Event": ╨┤╨╗╤П ╨╕╤Б╨┐╨╛╨╗╤М╨╖╨╛╨▓╨░╨╜╨╕╤П ╨║╨╗╨░╤Б╤Б ╤И╨░╨▒╨╗╨╛╨╜ ╤В╤А╨╡╨▒╤Г╨╡╤В╤Б╤П ╤Б╨┐╨╕╤Б╨╛╨║ ╨░╤А╨│╤Г╨╝╨╡╨╜╤В╨╛╨▓ ╤И╨░╨▒╨╗╨╛╨╜ [C:\Users\KusokMedi\Documents\GitHub\BetterShowcase\build\xdBot2.vcxproj]
  (╨║╨╛╨╝╨┐╨╕╨╗╤П╤Ж╨╕╤П ╨╕╤Б╤Е╨╛╨┤╨╜╨╛╨│╨╛ ╤Д╨░╨╣╨╗╨░ "../src/macro.cpp")
      C:\Users\KusokMedi\Documents\Geode\loader\include\Geode\loader\Event.hpp(960,12):
       ╤Б╨╝. ╨╛╨▒╤К╤П╨▓╨╗╨╡╨╜╨╕╨╡ "geode::Event"
  
C:\Users\KusokMedi\Documents\GitHub\BetterShowcase\src\renderer\ffmpeg\events.hpp(28,45): error C2955: "geode::Event": ╨┤╨╗╤П ╨╕╤Б╨┐╨╛╨╗╤М╨╖╨╛╨▓╨░╨╜╨╕╤П ╨║╨╗╨░╤Б╤Б ╤И╨░╨▒╨╗╨╛╨╜ ╤В╤А╨╡╨▒╤Г╨╡╤В╤Б╤П ╤Б╨┐╨╕╤Б╨╛╨║ ╨░╤А╨│╤Г╨╝╨╡╨╜╤В╨╛╨▓ ╤И╨░╨▒╨╗╨╛╨╜ [C:\Users\KusokMedi\Documents\GitHub\BetterShowcase\build\xdBot2.vcxproj]
  (╨║╨╛╨╝╨┐╨╕╨╗╤П╤Ж╨╕╤П ╨╕╤Б╤Е╨╛╨┤╨╜╨╛╨│╨╛ ╤Д╨░╨╣╨╗╨░ "../src/macro.cpp")
      C:\Users\KusokMedi\Documents\Geode\loader\include\Geode\loader\Event.hpp(960,12):
       ╤Б╨╝. ╨╛╨▒╤К╤П╨▓╨╗╨╡╨╜╨╕╨╡ "geode::Event"
  
C:\Users\KusokMedi\Documents\GitHub\BetterShowcase\src\renderer\ffmpeg\events.hpp(48,45): error C2955: "geode::Event": ╨┤╨╗╤П ╨╕╤Б╨┐╨╛╨╗╤М╨╖╨╛╨▓╨░╨╜╨╕╤П ╨║╨╗╨░╤Б╤Б ╤И╨░╨▒╨╗╨╛╨╜ ╤В╤А╨╡╨▒╤Г╨╡╤В╤Б╤П ╤Б╨┐╨╕╤Б╨╛╨║ ╨░╤А╨│╤Г╨╝╨╡╨╜╤В╨╛╨▓ ╤И╨░╨▒╨╗╨╛╨╜ [C:\Users\KusokMedi\Documents\GitHub\BetterShowcase\build\xdBot2.vcxproj]
  (╨║╨╛╨╝╨┐╨╕╨╗╤П╤Ж╨╕╤П ╨╕╤Б╤Е╨╛╨┤╨╜╨╛╨│╨╛ ╤Д╨░╨╣╨╗╨░ "../src/macro.cpp")
      C:\Users\KusokMedi\Documents\Geode\loader\include\Geode\loader\Event.hpp(960,12):
       ╤Б╨╝. ╨╛╨▒╤К╤П╨▓╨╗╨╡╨╜╨╕╨╡ "geode::Event"
  
C:\Users\KusokMedi\Documents\GitHub\BetterShowcase\src\renderer\ffmpeg\events.hpp(58,54): error C2955: "geode::Event": ╨┤╨╗╤П ╨╕╤Б╨┐╨╛╨╗╤М╨╖╨╛╨▓╨░╨╜╨╕╤П ╨║╨╗╨░╤Б╤Б ╤И╨░╨▒╨╗╨╛╨╜ ╤В╤А╨╡╨▒╤Г╨╡╤В╤Б╤П ╤Б╨┐╨╕╤Б╨╛╨║ ╨░╤А╨│╤Г╨╝╨╡╨╜╤В╨╛╨▓ ╤И╨░╨▒╨╗╨╛╨╜ [C:\Users\KusokMedi\Documents\GitHub\BetterShowcase\build\xdBot2.vcxproj]
  (╨║╨╛╨╝╨┐╨╕╨╗╤П╤Ж╨╕╤П ╨╕╤Б╤Е╨╛╨┤╨╜╨╛╨│╨╛ ╤Д╨░╨╣╨╗╨░ "../src/macro.cpp")
      C:\Users\KusokMedi\Documents\Geode\loader\include\Geode\loader\Event.hpp(960,12):
       ╤Б╨╝. ╨╛╨▒╤К╤П╨▓╨╗╨╡╨╜╨╕╨╡ "geode::Event"
  
C:\Users\KusokMedi\Documents\GitHub\BetterShowcase\src\renderer\ffmpeg\events.hpp(69,46): error C2955: "geode::Event": ╨┤╨╗╤П ╨╕╤Б╨┐╨╛╨╗╤М╨╖╨╛╨▓╨░╨╜╨╕╤П ╨║╨╗╨░╤Б╤Б ╤И╨░╨▒╨╗╨╛╨╜ ╤В╤А╨╡╨▒╤Г╨╡╤В╤Б╤П ╤Б╨┐╨╕╤Б╨╛╨║ ╨░╤А╨│╤Г╨╝╨╡╨╜╤В╨╛╨▓ ╤И╨░╨▒╨╗╨╛╨╜ [C:\Users\KusokMedi\Documents\GitHub\BetterShowcase\build\xdBot2.vcxproj]
  (╨║╨╛╨╝╨┐╨╕╨╗╤П╤Ж╨╕╤П ╨╕╤Б╤Е╨╛╨┤╨╜╨╛╨│╨╛ ╤Д╨░╨╣╨╗╨░ "../src/macro.cpp")
      C:\Users\KusokMedi\Documents\Geode\loader\include\Geode\loader\Event.hpp(960,12):
       ╤Б╨╝. ╨╛╨▒╤К╤П╨▓╨╗╨╡╨╜╨╕╨╡ "geode::Event"
  
C:\Users\KusokMedi\Documents\GitHub\BetterShowcase\src\renderer\ffmpeg\events.hpp(79,46): error C2955: "geode::Event": ╨┤╨╗╤П ╨╕╤Б╨┐╨╛╨╗╤М╨╖╨╛╨▓╨░╨╜╨╕╤П ╨║╨╗╨░╤Б╤Б ╤И╨░╨▒╨╗╨╛╨╜ ╤В╤А╨╡╨▒╤Г╨╡╤В╤Б╤П ╤Б╨┐╨╕╤Б╨╛╨║ ╨░╤А╨│╤Г╨╝╨╡╨╜╤В╨╛╨▓ ╤И╨░╨▒╨╗╨╛╨╜ [C:\Users\KusokMedi\Documents\GitHub\BetterShowcase\build\xdBot2.vcxproj]
  (╨║╨╛╨╝╨┐╨╕╨╗╤П╤Ж╨╕╤П ╨╕╤Б╤Е╨╛╨┤╨╜╨╛╨│╨╛ ╤Д╨░╨╣╨╗╨░ "../src/macro.cpp")
      C:\Users\KusokMedi\Documents\Geode\loader\include\Geode\loader\Event.hpp(960,12):
       ╤Б╨╝. ╨╛╨▒╤К╤П╨▓╨╗╨╡╨╜╨╕╨╡ "geode::Event"
  
C:\Users\KusokMedi\Documents\GitHub\BetterShowcase\src\renderer\ffmpeg\events.hpp(101,44): error C2955: "geode::Event": ╨┤╨╗╤П ╨╕╤Б╨┐╨╛╨╗╤М╨╖╨╛╨▓╨░╨╜╨╕╤П ╨║╨╗╨░╤Б╤Б ╤И╨░╨▒╨╗╨╛╨╜ ╤В╤А╨╡╨▒╤Г╨╡╤В╤Б╤П ╤Б╨┐╨╕╤Б╨╛╨║ ╨░╤А╨│╤Г╨╝╨╡╨╜╤В╨╛╨▓ ╤И╨░╨▒╨╗╨╛╨╜ [C:\Users\KusokMedi\Documents\GitHub\BetterShowcase\build\xdBot2.vcxproj]
  (╨║╨╛╨╝╨┐╨╕╨╗╤П╤Ж╨╕╤П ╨╕╤Б╤Е╨╛╨┤╨╜╨╛╨│╨╛ ╤Д╨░╨╣╨╗╨░ "../src/macro.cpp")
      C:\Users\KusokMedi\Documents\Geode\loader\include\Geode\loader\Event.hpp(960,12):
       ╤Б╨╝. ╨╛╨▒╤К╤П╨▓╨╗╨╡╨╜╨╕╨╡ "geode::Event"
  
C:\Users\KusokMedi\Documents\GitHub\BetterShowcase\src\renderer\ffmpeg\events.hpp(129,21): error C2039: "post": ╨╜╨╡ ╤П╨▓╨╗╤П╨╡╤В╤Б╤П ╤З╨╗╨╡╨╜╨╛╨╝ "ffmpeg::events::impl::CreateRecorderEvent". [C:\Users\KusokMedi\Documents\GitHub\BetterShowcase\build\xdBot2.vcxproj]
  (╨║╨╛╨╝╨┐╨╕╨╗╤П╤Ж╨╕╤П ╨╕╤Б╤Е╨╛╨┤╨╜╨╛╨│╨╛ ╤Д╨░╨╣╨╗╨░ "../src/macro.cpp")
      C:\Users\KusokMedi\Documents\GitHub\BetterShowcase\src\renderer\ffmpeg\events.hpp(11,11):
       ╤Б╨╝. ╨╛╨▒╤К╤П╨▓╨╗╨╡╨╜╨╕╨╡ "ffmpeg::events::impl::CreateRecorderEvent"
  
C:\Users\KusokMedi\Documents\GitHub\BetterShowcase\src\renderer\ffmpeg\events.hpp(135,21): error C2039: "post": ╨╜╨╡ ╤П╨▓╨╗╤П╨╡╤В╤Б╤П ╤З╨╗╨╡╨╜╨╛╨╝ "ffmpeg::events::impl::DeleteRecorderEvent". [C:\Users\KusokMedi\Documents\GitHub\BetterShowcase\build\xdBot2.vcxproj]
  (╨║╨╛╨╝╨┐╨╕╨╗╤П╤Ж╨╕╤П ╨╕╤Б╤Е╨╛╨┤╨╜╨╛╨│╨╛ ╤Д╨░╨╣╨╗╨░ "../src/macro.cpp")
      C:\Users\KusokMedi\Documents\GitHub\BetterShowcase\src\renderer\ffmpeg\events.hpp(20,11):
       ╤Б╨╝. ╨╛╨▒╤К╤П╨▓╨╗╨╡╨╜╨╕╨╡ "ffmpeg::events::impl::DeleteRecorderEvent"
  
C:\Users\KusokMedi\Documents\GitHub\BetterShowcase\src\renderer\ffmpeg\events.hpp(153,19): error C2039: "post": ╨╜╨╡ ╤П╨▓╨╗╤П╨╡╤В╤Б╤П ╤З╨╗╨╡╨╜╨╛╨╝ "ffmpeg::events::impl::InitRecorderEvent". [C:\Users\KusokMedi\Documents\GitHub\BetterShowcase\build\xdBot2.vcxproj]
  (╨║╨╛╨╝╨┐╨╕╨╗╤П╤Ж╨╕╤П ╨╕╤Б╤Е╨╛╨┤╨╜╨╛╨│╨╛ ╤Д╨░╨╣╨╗╨░ "../src/macro.cpp")
      C:\Users\KusokMedi\Documents\GitHub\BetterShowcase\src\renderer\ffmpeg\events.hpp(28,11):
       ╤Б╨╝. ╨╛╨▒╤К╤П╨▓╨╗╨╡╨╜╨╕╨╡ "ffmpeg::events::impl::InitRecorderEvent"
  
C:\Users\KusokMedi\Documents\GitHub\BetterShowcase\src\renderer\ffmpeg\events.hpp(163,40): error C2039: "post": ╨╜╨╡ ╤П╨▓╨╗╤П╨╡╤В╤Б╤П ╤З╨╗╨╡╨╜╨╛╨╝ "ffmpeg::events::impl::StopRecorderEvent". [C:\Users\KusokMedi\Documents\GitHub\BetterShowcase\build\xdBot2.vcxproj]
  (╨║╨╛╨╝╨┐╨╕╨╗╤П╤Ж╨╕╤П ╨╕╤Б╤Е╨╛╨┤╨╜╨╛╨│╨╛ ╤Д╨░╨╣╨╗╨░ "../src/macro.cpp")
      C:\Users\KusokMedi\Documents\GitHub\BetterShowcase\src\renderer\ffmpeg\events.hpp(48,11):
       ╤Б╨╝. ╨╛╨▒╤К╤П╨▓╨╗╨╡╨╜╨╕╨╡ "ffmpeg::events::impl::StopRecorderEvent"
  
C:\Users\KusokMedi\Documents\GitHub\BetterShowcase\src\renderer\ffmpeg\events.hpp(182,19): error C2039: "post": ╨╜╨╡ ╤П╨▓╨╗╤П╨╡╤В╤Б╤П ╤З╨╗╨╡╨╜╨╛╨╝ "ffmpeg::events::impl::GetWriteFrameFunctionEvent". [C:\Users\KusokMedi\Documents\GitHub\BetterShowcase\build\xdBot2.vcxproj]
  (╨║╨╛╨╝╨┐╨╕╨╗╤П╤Ж╨╕╤П ╨╕╤Б╤Е╨╛╨┤╨╜╨╛╨│╨╛ ╤Д╨░╨╣╨╗╨░ "../src/macro.cpp")
      C:\Users\KusokMedi\Documents\GitHub\BetterShowcase\src\renderer\ffmpeg\events.hpp(58,11):
       ╤Б╨╝. ╨╛╨▒╤К╤П╨▓╨╗╨╡╨╜╨╕╨╡ "ffmpeg::events::impl::GetWriteFrameFunctionEvent"
  
C:\Users\KusokMedi\Documents\GitHub\BetterShowcase\src\renderer\ffmpeg\events.hpp(199,20): error C2039: "post": ╨╜╨╡ ╤П╨▓╨╗╤П╨╡╤В╤Б╤П ╤З╨╗╨╡╨╜╨╛╨╝ "ffmpeg::events::impl::CodecRecorderEvent". [C:\Users\KusokMedi\Documents\GitHub\BetterShowcase\build\xdBot2.vcxproj]
  (╨║╨╛╨╝╨┐╨╕╨╗╤П╤Ж╨╕╤П ╨╕╤Б╤Е╨╛╨┤╨╜╨╛╨│╨╛ ╤Д╨░╨╣╨╗╨░ "../src/macro.cpp")
      C:\Users\KusokMedi\Documents\GitHub\BetterShowcase\src\renderer\ffmpeg\events.hpp(69,11):
       ╤Б╨╝. ╨╛╨▒╤К╤П╨▓╨╗╨╡╨╜╨╕╨╡ "ffmpeg::events::impl::CodecRecorderEvent"
  
C:\Users\KusokMedi\Documents\GitHub\BetterShowcase\src\renderer\ffmpeg\events.hpp(225,18): error C2039: "post": ╨╜╨╡ ╤П╨▓╨╗╤П╨╡╤В╤Б╤П ╤З╨╗╨╡╨╜╨╛╨╝ "ffmpeg::events::impl::MixVideoAudioEvent". [C:\Users\KusokMedi\Documents\GitHub\BetterShowcase\build\xdBot2.vcxproj]
  (╨║╨╛╨╝╨┐╨╕╨╗╤П╤Ж╨╕╤П ╨╕╤Б╤Е╨╛╨┤╨╜╨╛╨│╨╛ ╤Д╨░╨╣╨╗╨░ "../src/macro.cpp")
      C:\Users\KusokMedi\Documents\GitHub\BetterShowcase\src\renderer\ffmpeg\events.hpp(79,11):
       ╤Б╨╝. ╨╛╨▒╤К╤П╨▓╨╗╨╡╨╜╨╕╨╡ "ffmpeg::events::impl::MixVideoAudioEvent"
  
C:\Users\KusokMedi\Documents\GitHub\BetterShowcase\src\renderer\ffmpeg\events.hpp(244,18): error C2039: "post": ╨╜╨╡ ╤П╨▓╨╗╤П╨╡╤В╤Б╤П ╤З╨╗╨╡╨╜╨╛╨╝ "ffmpeg::events::impl::MixVideoRawEvent". [C:\Users\KusokMedi\Documents\GitHub\BetterShowcase\build\xdBot2.vcxproj]
  (╨║╨╛╨╝╨┐╨╕╨╗╤П╤Ж╨╕╤П ╨╕╤Б╤Е╨╛╨┤╨╜╨╛╨│╨╛ ╤Д╨░╨╣╨╗╨░ "../src/macro.cpp")
      C:\Users\KusokMedi\Documents\GitHub\BetterShowcase\src\renderer\ffmpeg\events.hpp(101,11):
       ╤Б╨╝. ╨╛╨▒╤К╤П╨▓╨╗╨╡╨╜╨╕╨╡ "ffmpeg::events::impl::MixVideoRawEvent"
  
C:\Users\KusokMedi\Documents\GitHub\BetterShowcase\src\includes.hpp(82,17): error C2059: ╤Б╨╕╨╜╤В╨░╨║╤Б╨╕╤З╨╡╤Б╨║╨░╤П ╨╛╤И╨╕╨▒╨║╨░: < [C:\Users\KusokMedi\Documents\GitHub\BetterShowcase\build\xdBot2.vcxproj]
  (╨║╨╛╨╝╨┐╨╕╨╗╤П╤Ж╨╕╤П ╨╕╤Б╤Е╨╛╨┤╨╜╨╛╨│╨╛ ╤Д╨░╨╣╨╗╨░ "../src/macro.cpp")
  
C:\Users\KusokMedi\Documents\GitHub\BetterShowcase\src\includes.hpp(82,36): error C2238: ╨╜╨╡╨┐╤А╨╡╨┤╨▓╨╕╨┤╨╡╨╜╨╜╤Л╨╡ ╨╗╨╡╨║╤Б╨╡╨╝╤Л ╨┐╨╡╤А╨╡╨┤ ";" [C:\Users\KusokMedi\Documents\GitHub\BetterShowcase\build\xdBot2.vcxproj]
  (╨║╨╛╨╝╨┐╨╕╨╗╤П╤Ж╨╕╤П ╨╕╤Б╤Е╨╛╨┤╨╜╨╛╨│╨╛ ╤Д╨░╨╣╨╗╨░ "../src/macro.cpp")
  
C:\Users\KusokMedi\Documents\GitHub\BetterShowcase\src\ui\load_macro_layer.hpp(14,14): error C2059: ╤Б╨╕╨╜╤В╨░╨║╤Б╨╕╤З╨╡╤Б╨║╨░╤П ╨╛╤И╨╕╨▒╨║╨░: < [C:\Users\KusokMedi\Documents\GitHub\BetterShowcase\build\xdBot2.vcxproj]
  (╨║╨╛╨╝╨┐╨╕╨╗╤П╤Ж╨╕╤П ╨╕╤Б╤Е╨╛╨┤╨╜╨╛╨│╨╛ ╤Д╨░╨╣╨╗╨░ "../src/macro.cpp")
  
C:\Users\KusokMedi\Documents\GitHub\BetterShowcase\src\ui\load_macro_layer.hpp(14,37): error C2238: ╨╜╨╡╨┐╤А╨╡╨┤╨▓╨╕╨┤╨╡╨╜╨╜╤Л╨╡ ╨╗╨╡╨║╤Б╨╡╨╝╤Л ╨┐╨╡╤А╨╡╨┤ ";" [C:\Users\KusokMedi\Documents\GitHub\BetterShowcase\build\xdBot2.vcxproj]
  (╨║╨╛╨╝╨┐╨╕╨╗╤П╤Ж╨╕╤П ╨╕╤Б╤Е╨╛╨┤╨╜╨╛╨│╨╛ ╤Д╨░╨╣╨╗╨░ "../src/macro.cpp")
  
C:\Users\KusokMedi\Documents\GitHub\BetterShowcase\src\ui\load_macro_layer.hpp(15,14): error C2059: ╤Б╨╕╨╜╤В╨░╨║╤Б╨╕╤З╨╡╤Б╨║╨░╤П ╨╛╤И╨╕╨▒╨║╨░: < [C:\Users\KusokMedi\Documents\GitHub\BetterShowcase\build\xdBot2.vcxproj]
  (╨║╨╛╨╝╨┐╨╕╨╗╤П╤Ж╨╕╤П ╨╕╤Б╤Е╨╛╨┤╨╜╨╛╨│╨╛ ╤Д╨░╨╣╨╗╨░ "../src/macro.cpp")
  
C:\Users\KusokMedi\Documents\GitHub\BetterShowcase\src\ui\load_macro_layer.hpp(15,38): error C2238: ╨╜╨╡╨┐╤А╨╡╨┤╨▓╨╕╨┤╨╡╨╜╨╜╤Л╨╡ ╨╗╨╡╨║╤Б╨╡╨╝╤Л ╨┐╨╡╤А╨╡╨┤ ";" [C:\Users\KusokMedi\Documents\GitHub\BetterShowcase\build\xdBot2.vcxproj]
  (╨║╨╛╨╝╨┐╨╕╨╗╤П╤Ж╨╕╤П ╨╕╤Б╤Е╨╛╨┤╨╜╨╛╨│╨╛ ╤Д╨░╨╣╨╗╨░ "../src/macro.cpp")
  
C:\Users\KusokMedi\Documents\GitHub\BetterShowcase\src\ui\load_macro_layer.hpp(25,103): error C2143: ╤Б╨╕╨╜╤В╨░╨║╤Б╨╕╤З╨╡╤Б╨║╨░╤П ╨╛╤И╨╕╨▒╨║╨░: ╨╛╤В╤Б╤Г╤В╤Б╤В╨▓╨╕╨╡ ")" ╨┐╨╡╤А╨╡╨┤ "<" [C:\Users\KusokMedi\Documents\GitHub\BetterShowcase\build\xdBot2.vcxproj]
  (╨║╨╛╨╝╨┐╨╕╨╗╤П╤Ж╨╕╤П ╨╕╤Б╤Е╨╛╨┤╨╜╨╛╨│╨╛ ╤Д╨░╨╣╨╗╨░ "../src/macro.cpp")
  
C:\Users\KusokMedi\Documents\GitHub\BetterShowcase\src\ui\load_macro_layer.hpp(25,103): error C2143: ╤Б╨╕╨╜╤В╨░╨║╤Б╨╕╤З╨╡╤Б╨║╨░╤П ╨╛╤И╨╕╨▒╨║╨░: ╨╛╤В╤Б╤Г╤В╤Б╤В╨▓╨╕╨╡ ";" ╨┐╨╡╤А╨╡╨┤ "<" [C:\Users\KusokMedi\Documents\GitHub\BetterShowcase\build\xdBot2.vcxproj]
  (╨║╨╛╨╝╨┐╨╕╨╗╤П╤Ж╨╕╤П ╨╕╤Б╤Е╨╛╨┤╨╜╨╛╨│╨╛ ╤Д╨░╨╣╨╗╨░ "../src/macro.cpp")
  
C:\Users\KusokMedi\Documents\GitHub\BetterShowcase\src\ui\load_macro_layer.hpp(25,103): error C2059: ╤Б╨╕╨╜╤В╨░╨║╤Б╨╕╤З╨╡╤Б╨║╨░╤П ╨╛╤И╨╕╨▒╨║╨░: < [C:\Users\KusokMedi\Documents\GitHub\BetterShowcase\build\xdBot2.vcxproj]
  (╨║╨╛╨╝╨┐╨╕╨╗╤П╤Ж╨╕╤П ╨╕╤Б╤Е╨╛╨┤╨╜╨╛╨│╨╛ ╤Д╨░╨╣╨╗╨░ "../src/macro.cpp")
  
C:\Users\KusokMedi\Documents\GitHub\BetterShowcase\src\ui\load_macro_layer.hpp(25,164): error C2059: ╤Б╨╕╨╜╤В╨░╨║╤Б╨╕╤З╨╡╤Б╨║╨░╤П ╨╛╤И╨╕╨▒╨║╨░: ) [C:\Users\KusokMedi\Documents\GitHub\BetterShowcase\build\xdBot2.vcxproj]
  (╨║╨╛╨╝╨┐╨╕╨╗╤П╤Ж╨╕╤П ╨╕╤Б╤Е╨╛╨┤╨╜╨╛╨│╨╛ ╤Д╨░╨╣╨╗╨░ "../src/macro.cpp")
  
C:\Users\KusokMedi\Documents\GitHub\BetterShowcase\src\ui\load_macro_layer.hpp(25,165): error C2238: ╨╜╨╡╨┐╤А╨╡╨┤╨▓╨╕╨┤╨╡╨╜╨╜╤Л╨╡ ╨╗╨╡╨║╤Б╨╡╨╝╤Л ╨┐╨╡╤А╨╡╨┤ ";" [C:\Users\KusokMedi\Documents\GitHub\BetterShowcase\build\xdBot2.vcxproj]
  (╨║╨╛╨╝╨┐╨╕╨╗╤П╤Ж╨╕╤П ╨╕╤Б╤Е╨╛╨┤╨╜╨╛╨│╨╛ ╤Д╨░╨╣╨╗╨░ "../src/macro.cpp")
  
C:\Users\KusokMedi\Documents\GitHub\BetterShowcase\src\ui\load_macro_layer.hpp(27,88): error C2143: ╤Б╨╕╨╜╤В╨░╨║╤Б╨╕╤З╨╡╤Б╨║╨░╤П ╨╛╤И╨╕╨▒╨║╨░: ╨╛╤В╤Б╤Г╤В╤Б╤В╨▓╨╕╨╡ ")" ╨┐╨╡╤А╨╡╨┤ "<" [C:\Users\KusokMedi\Documents\GitHub\BetterShowcase\build\xdBot2.vcxproj]
  (╨║╨╛╨╝╨┐╨╕╨╗╤П╤Ж╨╕╤П ╨╕╤Б╤Е╨╛╨┤╨╜╨╛╨│╨╛ ╤Д╨░╨╣╨╗╨░ "../src/macro.cpp")
  
C:\Users\KusokMedi\Documents\GitHub\BetterShowcase\src\ui\load_macro_layer.hpp(27,88): error C2143: ╤Б╨╕╨╜╤В╨░╨║╤Б╨╕╤З╨╡╤Б╨║╨░╤П ╨╛╤И╨╕╨▒╨║╨░: ╨╛╤В╤Б╤Г╤В╤Б╤В╨▓╨╕╨╡ ";" ╨┐╨╡╤А╨╡╨┤ "<" [C:\Users\KusokMedi\Documents\GitHub\BetterShowcase\build\xdBot2.vcxproj]
  (╨║╨╛╨╝╨┐╨╕╨╗╤П╤Ж╨╕╤П ╨╕╤Б╤Е╨╛╨┤╨╜╨╛╨│╨╛ ╤Д╨░╨╣╨╗╨░ "../src/macro.cpp")
  
C:\Users\KusokMedi\Documents\GitHub\BetterShowcase\src\ui\load_macro_layer.hpp(27,88): error C2059: ╤Б╨╕╨╜╤В╨░╨║╤Б╨╕╤З╨╡╤Б╨║╨░╤П ╨╛╤И╨╕╨▒╨║╨░: < [C:\Users\KusokMedi\Documents\GitHub\BetterShowcase\build\xdBot2.vcxproj]
  (╨║╨╛╨╝╨┐╨╕╨╗╤П╤Ж╨╕╤П ╨╕╤Б╤Е╨╛╨┤╨╜╨╛╨│╨╛ ╤Д╨░╨╣╨╗╨░ "../src/macro.cpp")
  
C:\Users\KusokMedi\Documents\GitHub\BetterShowcase\src\ui\load_macro_layer.hpp(27,149): error C2059: ╤Б╨╕╨╜╤В╨░╨║╤Б╨╕╤З╨╡╤Б╨║╨░╤П ╨╛╤И╨╕╨▒╨║╨░: ) [C:\Users\KusokMedi\Documents\GitHub\BetterShowcase\build\xdBot2.vcxproj]
  (╨║╨╛╨╝╨┐╨╕╨╗╤П╤Ж╨╕╤П ╨╕╤Б╤Е╨╛╨┤╨╜╨╛╨│╨╛ ╤Д╨░╨╣╨╗╨░ "../src/macro.cpp")
  
C:\Users\KusokMedi\Documents\GitHub\BetterShowcase\src\ui\load_macro_layer.hpp(27,150): error C2238: ╨╜╨╡╨┐╤А╨╡╨┤╨▓╨╕╨┤╨╡╨╜╨╜╤Л╨╡ ╨╗╨╡╨║╤Б╨╡╨╝╤Л ╨┐╨╡╤А╨╡╨┤ ";" [C:\Users\KusokMedi\Documents\GitHub\BetterShowcase\build\xdBot2.vcxproj]
  (╨║╨╛╨╝╨┐╨╕╨╗╤П╤Ж╨╕╤П ╨╕╤Б╤Е╨╛╨┤╨╜╨╛╨│╨╛ ╤Д╨░╨╣╨╗╨░ "../src/macro.cpp")
  
C:\Users\KusokMedi\Documents\GitHub\BetterShowcase\src\ui\load_macro_layer.hpp(42,43): error C2143: ╤Б╨╕╨╜╤В╨░╨║╤Б╨╕╤З╨╡╤Б╨║╨░╤П ╨╛╤И╨╕╨▒╨║╨░: ╨╛╤В╤Б╤Г╤В╤Б╤В╨▓╨╕╨╡ "," ╨┐╨╡╤А╨╡╨┤ "<" [C:\Users\KusokMedi\Documents\GitHub\BetterShowcase\build\xdBot2.vcxproj]
  (╨║╨╛╨╝╨┐╨╕╨╗╤П╤Ж╨╕╤П ╨╕╤Б╤Е╨╛╨┤╨╜╨╛╨│╨╛ ╤Д╨░╨╣╨╗╨░ "../src/macro.cpp")
  
C:\Users\KusokMedi\Documents\GitHub\BetterShowcase\src\ui\load_macro_layer.hpp(45,14): error C2059: ╤Б╨╕╨╜╤В╨░╨║╤Б╨╕╤З╨╡╤Б╨║╨░╤П ╨╛╤И╨╕╨▒╨║╨░: < [C:\Users\KusokMedi\Documents\GitHub\BetterShowcase\build\xdBot2.vcxproj]
  (╨║╨╛╨╝╨┐╨╕╨╗╤П╤Ж╨╕╤П ╨╕╤Б╤Е╨╛╨┤╨╜╨╛╨│╨╛ ╤Д╨░╨╣╨╗╨░ "../src/macro.cpp")
  
C:\Users\KusokMedi\Documents\GitHub\BetterShowcase\src\ui\load_macro_layer.hpp(45,37): error C2238: ╨╜╨╡╨┐╤А╨╡╨┤╨▓╨╕╨┤╨╡╨╜╨╜╤Л╨╡ ╨╗╨╡╨║╤Б╨╡╨╝╤Л ╨┐╨╡╤А╨╡╨┤ ";" [C:\Users\KusokMedi\Documents\GitHub\BetterShowcase\build\xdBot2.vcxproj]
  (╨║╨╛╨╝╨┐╨╕╨╗╤П╤Ж╨╕╤П ╨╕╤Б╤Е╨╛╨┤╨╜╨╛╨│╨╛ ╤Д╨░╨╣╨╗╨░ "../src/macro.cpp")
  
C:\Users\KusokMedi\Documents\GitHub\BetterShowcase\src\ui\load_macro_layer.hpp(46,14): error C2059: ╤Б╨╕╨╜╤В╨░╨║╤Б╨╕╤З╨╡╤Б╨║╨░╤П ╨╛╤И╨╕╨▒╨║╨░: < [C:\Users\KusokMedi\Documents\GitHub\BetterShowcase\build\xdBot2.vcxproj]
  (╨║╨╛╨╝╨┐╨╕╨╗╤П╤Ж╨╕╤П ╨╕╤Б╤Е╨╛╨┤╨╜╨╛╨│╨╛ ╤Д╨░╨╣╨╗╨░ "../src/macro.cpp")
  
C:\Users\KusokMedi\Documents\GitHub\BetterShowcase\src\ui\load_macro_layer.hpp(46,38): error C2238: ╨╜╨╡╨┐╤А╨╡╨┤╨▓╨╕╨┤╨╡╨╜╨╜╤Л╨╡ ╨╗╨╡╨║╤Б╨╡╨╝╤Л ╨┐╨╡╤А╨╡╨┤ ";" [C:\Users\KusokMedi\Documents\GitHub\BetterShowcase\build\xdBot2.vcxproj]
  (╨║╨╛╨╝╨┐╨╕╨╗╤П╤Ж╨╕╤П ╨╕╤Б╤Е╨╛╨┤╨╜╨╛╨│╨╛ ╤Д╨░╨╣╨╗╨░ "../src/macro.cpp")
  
C:\Users\KusokMedi\Documents\GitHub\BetterShowcase\src\ui\load_macro_layer.hpp(69,44): error C2143: ╤Б╨╕╨╜╤В╨░╨║╤Б╨╕╤З╨╡╤Б╨║╨░╤П ╨╛╤И╨╕╨▒╨║╨░: ╨╛╤В╤Б╤Г╤В╤Б╤В╨▓╨╕╨╡ ")" ╨┐╨╡╤А╨╡╨┤ "<" [C:\Users\KusokMedi\Documents\GitHub\BetterShowcase\build\xdBot2.vcxproj]
  (╨║╨╛╨╝╨┐╨╕╨╗╤П╤Ж╨╕╤П ╨╕╤Б╤Е╨╛╨┤╨╜╨╛╨│╨╛ ╤Д╨░╨╣╨╗╨░ "../src/macro.cpp")
  
C:\Users\KusokMedi\Documents\GitHub\BetterShowcase\src\ui\load_macro_layer.hpp(69,44): error C2143: ╤Б╨╕╨╜╤В╨░╨║╤Б╨╕╤З╨╡╤Б╨║╨░╤П ╨╛╤И╨╕╨▒╨║╨░: ╨╛╤В╤Б╤Г╤В╤Б╤В╨▓╨╕╨╡ ";" ╨┐╨╡╤А╨╡╨┤ "<" [C:\Users\KusokMedi\Documents\GitHub\BetterShowcase\build\xdBot2.vcxproj]
  (╨║╨╛╨╝╨┐╨╕╨╗╤П╤Ж╨╕╤П ╨╕╤Б╤Е╨╛╨┤╨╜╨╛╨│╨╛ ╤Д╨░╨╣╨╗╨░ "../src/macro.cpp")
  
C:\Users\KusokMedi\Documents\GitHub\BetterShowcase\src\ui\load_macro_layer.hpp(69,44): error C2059: ╤Б╨╕╨╜╤В╨░╨║╤Б╨╕╤З╨╡╤Б╨║╨░╤П ╨╛╤И╨╕╨▒╨║╨░: < [C:\Users\KusokMedi\Documents\GitHub\BetterShowcase\build\xdBot2.vcxproj]
  (╨║╨╛╨╝╨┐╨╕╨╗╤П╤Ж╨╕╤П ╨╕╤Б╤Е╨╛╨┤╨╜╨╛╨│╨╛ ╤Д╨░╨╣╨╗╨░ "../src/macro.cpp")
  
C:\Users\KusokMedi\Documents\GitHub\BetterShowcase\src\ui\load_macro_layer.hpp(69,93): error C2059: ╤Б╨╕╨╜╤В╨░╨║╤Б╨╕╤З╨╡╤Б╨║╨░╤П ╨╛╤И╨╕╨▒╨║╨░: ) [C:\Users\KusokMedi\Documents\GitHub\BetterShowcase\build\xdBot2.vcxproj]
  (╨║╨╛╨╝╨┐╨╕╨╗╤П╤Ж╨╕╤П ╨╕╤Б╤Е╨╛╨┤╨╜╨╛╨│╨╛ ╤Д╨░╨╣╨╗╨░ "../src/macro.cpp")
  
C:\Users\KusokMedi\Documents\GitHub\BetterShowcase\src\ui\load_macro_layer.hpp(69,94): error C2238: ╨╜╨╡╨┐╤А╨╡╨┤╨▓╨╕╨┤╨╡╨╜╨╜╤Л╨╡ ╨╗╨╡╨║╤Б╨╡╨╝╤Л ╨┐╨╡╤А╨╡╨┤ ";" [C:\Users\KusokMedi\Documents\GitHub\BetterShowcase\build\xdBot2.vcxproj]
  (╨║╨╛╨╝╨┐╨╕╨╗╤П╤Ж╨╕╤П ╨╕╤Б╤Е╨╛╨┤╨╜╨╛╨│╨╛ ╤Д╨░╨╣╨╗╨░ "../src/macro.cpp")
  
C:\Users\KusokMedi\Documents\GitHub\BetterShowcase\src\ui\load_macro_layer.hpp(71,25): error C2143: ╤Б╨╕╨╜╤В╨░╨║╤Б╨╕╤З╨╡╤Б╨║╨░╤П ╨╛╤И╨╕╨▒╨║╨░: ╨╛╤В╤Б╤Г╤В╤Б╤В╨▓╨╕╨╡ ")" ╨┐╨╡╤А╨╡╨┤ "<" [C:\Users\KusokMedi\Documents\GitHub\BetterShowcase\build\xdBot2.vcxproj]
  (╨║╨╛╨╝╨┐╨╕╨╗╤П╤Ж╨╕╤П ╨╕╤Б╤Е╨╛╨┤╨╜╨╛╨│╨╛ ╤Д╨░╨╣╨╗╨░ "../src/macro.cpp")
  
C:\Users\KusokMedi\Documents\GitHub\BetterShowcase\src\ui\load_macro_layer.hpp(71,25): error C2143: ╤Б╨╕╨╜╤В╨░╨║╤Б╨╕╤З╨╡╤Б╨║╨░╤П ╨╛╤И╨╕╨▒╨║╨░: ╨╛╤В╤Б╤Г╤В╤Б╤В╨▓╨╕╨╡ ";" ╨┐╨╡╤А╨╡╨┤ "<" [C:\Users\KusokMedi\Documents\GitHub\BetterShowcase\build\xdBot2.vcxproj]
  (╨║╨╛╨╝╨┐╨╕╨╗╤П╤Ж╨╕╤П ╨╕╤Б╤Е╨╛╨┤╨╜╨╛╨│╨╛ ╤Д╨░╨╣╨╗╨░ "../src/macro.cpp")
  
C:\Users\KusokMedi\Documents\GitHub\BetterShowcase\src\ui\load_macro_layer.hpp(71,25): error C2059: ╤Б╨╕╨╜╤В╨░╨║╤Б╨╕╤З╨╡╤Б╨║╨░╤П ╨╛╤И╨╕╨▒╨║╨░: < [C:\Users\KusokMedi\Documents\GitHub\BetterShowcase\build\xdBot2.vcxproj]
  (╨║╨╛╨╝╨┐╨╕╨╗╤П╤Ж╨╕╤П ╨╕╤Б╤Е╨╛╨┤╨╜╨╛╨│╨╛ ╤Д╨░╨╣╨╗╨░ "../src/macro.cpp")
  
C:\Users\KusokMedi\Documents\GitHub\BetterShowcase\src\ui\load_macro_layer.hpp(71,74): error C2059: ╤Б╨╕╨╜╤В╨░╨║╤Б╨╕╤З╨╡╤Б╨║╨░╤П ╨╛╤И╨╕╨▒╨║╨░: ) [C:\Users\KusokMedi\Documents\GitHub\BetterShowcase\build\xdBot2.vcxproj]
  (╨║╨╛╨╝╨┐╨╕╨╗╤П╤Ж╨╕╤П ╨╕╤Б╤Е╨╛╨┤╨╜╨╛╨│╨╛ ╤Д╨░╨╣╨╗╨░ "../src/macro.cpp")
  
C:\Users\KusokMedi\Documents\GitHub\BetterShowcase\src\ui\load_macro_layer.hpp(71,84): error C2238: ╨╜╨╡╨┐╤А╨╡╨┤╨▓╨╕╨┤╨╡╨╜╨╜╤Л╨╡ ╨╗╨╡╨║╤Б╨╡╨╝╤Л ╨┐╨╡╤А╨╡╨┤ ";" [C:\Users\KusokMedi\Documents\GitHub\BetterShowcase\build\xdBot2.vcxproj]
  (╨║╨╛╨╝╨┐╨╕╨╗╤П╤Ж╨╕╤П ╨╕╤Б╤Е╨╛╨┤╨╜╨╛╨│╨╛ ╤Д╨░╨╣╨╗╨░ "../src/macro.cpp")
  
C:\Users\KusokMedi\Documents\GitHub\BetterShowcase\src\ui\load_macro_layer.hpp(73,31): error C2143: ╤Б╨╕╨╜╤В╨░╨║╤Б╨╕╤З╨╡╤Б╨║╨░╤П ╨╛╤И╨╕╨▒╨║╨░: ╨╛╤В╤Б╤Г╤В╤Б╤В╨▓╨╕╨╡ ")" ╨┐╨╡╤А╨╡╨┤ "<" [C:\Users\KusokMedi\Documents\GitHub\BetterShowcase\build\xdBot2.vcxproj]
  (╨║╨╛╨╝╨┐╨╕╨╗╤П╤Ж╨╕╤П ╨╕╤Б╤Е╨╛╨┤╨╜╨╛╨│╨╛ ╤Д╨░╨╣╨╗╨░ "../src/macro.cpp")
  
C:\Users\KusokMedi\Documents\GitHub\BetterShowcase\src\ui\load_macro_layer.hpp(73,31): error C2143: ╤Б╨╕╨╜╤В╨░╨║╤Б╨╕╤З╨╡╤Б╨║╨░╤П ╨╛╤И╨╕╨▒╨║╨░: ╨╛╤В╤Б╤Г╤В╤Б╤В╨▓╨╕╨╡ ";" ╨┐╨╡╤А╨╡╨┤ "<" [C:\Users\KusokMedi\Documents\GitHub\BetterShowcase\build\xdBot2.vcxproj]
  (╨║╨╛╨╝╨┐╨╕╨╗╤П╤Ж╨╕╤П ╨╕╤Б╤Е╨╛╨┤╨╜╨╛╨│╨╛ ╤Д╨░╨╣╨╗╨░ "../src/macro.cpp")
  
C:\Users\KusokMedi\Documents\GitHub\BetterShowcase\src\ui\load_macro_layer.hpp(73,31): error C2059: ╤Б╨╕╨╜╤В╨░╨║╤Б╨╕╤З╨╡╤Б╨║╨░╤П ╨╛╤И╨╕╨▒╨║╨░: < [C:\Users\KusokMedi\Documents\GitHub\BetterShowcase\build\xdBot2.vcxproj]
  (╨║╨╛╨╝╨┐╨╕╨╗╤П╤Ж╨╕╤П ╨╕╤Б╤Е╨╛╨┤╨╜╨╛╨│╨╛ ╤Д╨░╨╣╨╗╨░ "../src/macro.cpp")
  
C:\Users\KusokMedi\Documents\GitHub\BetterShowcase\src\ui\load_macro_layer.hpp(73,88): error C2059: ╤Б╨╕╨╜╤В╨░╨║╤Б╨╕╤З╨╡╤Б╨║╨░╤П ╨╛╤И╨╕╨▒╨║╨░: ) [C:\Users\KusokMedi\Documents\GitHub\BetterShowcase\build\xdBot2.vcxproj]
  (╨║╨╛╨╝╨┐╨╕╨╗╤П╤Ж╨╕╤П ╨╕╤Б╤Е╨╛╨┤╨╜╨╛╨│╨╛ ╤Д╨░╨╣╨╗╨░ "../src/macro.cpp")
  
C:\Users\KusokMedi\Documents\GitHub\BetterShowcase\src\ui\load_macro_layer.hpp(73,89): error C2238: ╨╜╨╡╨┐╤А╨╡╨┤╨▓╨╕╨┤╨╡╨╜╨╜╤Л╨╡ ╨╗╨╡╨║╤Б╨╡╨╝╤Л ╨┐╨╡╤А╨╡╨┤ ";" [C:\Users\KusokMedi\Documents\GitHub\BetterShowcase\build\xdBot2.vcxproj]
  (╨║╨╛╨╝╨┐╨╕╨╗╤П╤Ж╨╕╤П ╨╕╤Б╤Е╨╛╨┤╨╜╨╛╨│╨╛ ╤Д╨░╨╣╨╗╨░ "../src/macro.cpp")
  
C:\Users\KusokMedi\Documents\GitHub\BetterShowcase\src\ui\load_macro_layer.hpp(79,7): error C3668: LoadMacroLayer::textChanged: ╨╝╨╡╤В╨╛╨┤ ╤Б╨╛ ╤Б╨┐╨╡╤Ж╨╕╤Д╨╕╨║╨░╤В╨╛╤А╨╛╨╝ ╨┐╨╡╤А╨╡╨╛╨┐╤А╨╡╨┤╨╡╨╗╨╡╨╜╨╕╤П "override" ╨╜╨╡ ╨┐╨╡╤А╨╡╨╛╨┐╤А╨╡╨┤╨╡╨╗╤П╨╡╤В ╨║╨░╨║╨╕╨╡-╨╗╨╕╨▒╨╛ ╨╝╨╡╤В╨╛╨┤╤Л ╨▒╨░╨╖╨╛╨▓╨╛╨│╨╛ ╨║╨╗╨░╤Б╤Б╨░ [C:\Users\KusokMedi\Documents\GitHub\BetterShowcase\build\xdBot2.vcxproj]
  (╨║╨╛╨╝╨┐╨╕╨╗╤П╤Ж╨╕╤П ╨╕╤Б╤Е╨╛╨┤╨╜╨╛╨│╨╛ ╤Д╨░╨╣╨╗╨░ "../src/macro.cpp")
  
C:\Users\KusokMedi\Documents\GitHub\BetterShowcase\src\ui\render_settings_layer.hpp(5,48): error C2143: ╤Б╨╕╨╜╤В╨░╨║╤Б╨╕╤З╨╡╤Б╨║╨░╤П ╨╛╤И╨╕╨▒╨║╨░: ╨╛╤В╤Б╤Г╤В╤Б╤В╨▓╨╕╨╡ "," ╨┐╨╡╤А╨╡╨┤ "<" [C:\Users\KusokMedi\Documents\GitHub\BetterShowcase\build\xdBot2.vcxproj]
  (╨║╨╛╨╝╨┐╨╕╨╗╤П╤Ж╨╕╤П ╨╕╤Б╤Е╨╛╨┤╨╜╨╛╨│╨╛ ╤Д╨░╨╣╨╗╨░ "../src/macro.cpp")
  
C:\Users\KusokMedi\Documents\GitHub\BetterShowcase\src\ui\render_settings_layer.hpp(27,7): error C3668: RenderSettingsLayer::setup: ╨╝╨╡╤В╨╛╨┤ ╤Б╨╛ ╤Б╨┐╨╡╤Ж╨╕╤Д╨╕╨║╨░╤В╨╛╤А╨╛╨╝ ╨┐╨╡╤А╨╡╨╛╨┐╤А╨╡╨┤╨╡╨╗╨╡╨╜╨╕╤П "override" ╨╜╨╡ ╨┐╨╡╤А╨╡╨╛╨┐╤А╨╡╨┤╨╡╨╗╤П╨╡╤В ╨║╨░╨║╨╕╨╡-╨╗╨╕╨▒╨╛ ╨╝╨╡╤В╨╛╨┤╤Л ╨▒╨░╨╖╨╛╨▓╨╛╨│╨╛ ╨║╨╗╨░╤Б╤Б╨░ [C:\Users\KusokMedi\Documents\GitHub\BetterShowcase\build\xdBot2.vcxproj]
  (╨║╨╛╨╝╨┐╨╕╨╗╤П╤Ж╨╕╤П ╨╕╤Б╤Е╨╛╨┤╨╜╨╛╨│╨╛ ╤Д╨░╨╣╨╗╨░ "../src/macro.cpp")
  
C:\Users\KusokMedi\Documents\GitHub\BetterShowcase\src\ui\render_settings_layer.hpp(41,7): error C3668: RenderSettingsLayer::textChanged: ╨╝╨╡╤В╨╛╨┤ ╤Б╨╛ ╤Б╨┐╨╡╤Ж╨╕╤Д╨╕╨║╨░╤В╨╛╤А╨╛╨╝ ╨┐╨╡╤А╨╡╨╛╨┐╤А╨╡╨┤╨╡╨╗╨╡╨╜╨╕╤П "override" ╨╜╨╡ ╨┐╨╡╤А╨╡╨╛╨┐╤А╨╡╨┤╨╡╨╗╤П╨╡╤В ╨║╨░╨║╨╕╨╡-╨╗╨╕╨▒╨╛ ╨╝╨╡╤В╨╛╨┤╤Л ╨▒╨░╨╖╨╛╨▓╨╛╨│╨╛ ╨║╨╗╨░╤Б╤Б╨░ [C:\Users\KusokMedi\Documents\GitHub\BetterShowcase\build\xdBot2.vcxproj]
  (╨║╨╛╨╝╨┐╨╕╨╗╤П╤Ж╨╕╤П ╨╕╤Б╤Е╨╛╨┤╨╜╨╛╨│╨╛ ╤Д╨░╨╣╨╗╨░ "../src/macro.cpp")
  
C:\Users\KusokMedi\Documents\GitHub\BetterShowcase\src\ui\render_settings_layer.hpp(31,2): error C2039: "initAnchored": ╨╜╨╡ ╤П╨▓╨╗╤П╨╡╤В╤Б╤П ╤З╨╗╨╡╨╜╨╛╨╝ "RenderSettingsLayer". [C:\Users\KusokMedi\Documents\GitHub\BetterShowcase\build\xdBot2.vcxproj]
  (╨║╨╛╨╝╨┐╨╕╨╗╤П╤Ж╨╕╤П ╨╕╤Б╤Е╨╛╨┤╨╜╨╛╨│╨╛ ╤Д╨░╨╣╨╗╨░ "../src/macro.cpp")
      C:\Users\KusokMedi\Documents\GitHub\BetterShowcase\src\ui\render_settings_layer.hpp(5,7):
       ╤Б╨╝. ╨╛╨▒╤К╤П╨▓╨╗╨╡╨╜╨╕╨╡ "RenderSettingsLayer"
  
C:\Users\KusokMedi\Documents\GitHub\BetterShowcase\src\ui\save_macro_layer.hpp(4,43): error C2143: ╤Б╨╕╨╜╤В╨░╨║╤Б╨╕╤З╨╡╤Б╨║╨░╤П ╨╛╤И╨╕╨▒╨║╨░: ╨╛╤В╤Б╤Г╤В╤Б╤В╨▓╨╕╨╡ "," ╨┐╨╡╤А╨╡╨┤ "<" [C:\Users\KusokMedi\Documents\GitHub\BetterShowcase\build\xdBot2.vcxproj]
  (╨║╨╛╨╝╨┐╨╕╨╗╤П╤Ж╨╕╤П ╨╕╤Б╤Е╨╛╨┤╨╜╨╛╨│╨╛ ╤Д╨░╨╣╨╗╨░ "../src/macro.cpp")
  
C:\Users\KusokMedi\Documents\GitHub\BetterShowcase\src\ui\save_macro_layer.hpp(14,10): error C3668: SaveMacroLayer::setup: ╨╝╨╡╤В╨╛╨┤ ╤Б╨╛ ╤Б╨┐╨╡╤Ж╨╕╤Д╨╕╨║╨░╤В╨╛╤А╨╛╨╝ ╨┐╨╡╤А╨╡╨╛╨┐╤А╨╡╨┤╨╡╨╗╨╡╨╜╨╕╤П "override" ╨╜╨╡ ╨┐╨╡╤А╨╡╨╛╨┐╤А╨╡╨┤╨╡╨╗╤П╨╡╤В ╨║╨░╨║╨╕╨╡-╨╗╨╕╨▒╨╛ ╨╝╨╡╤В╨╛╨┤╤Л ╨▒╨░╨╖╨╛╨▓╨╛╨│╨╛ ╨║╨╗╨░╤Б╤Б╨░ [C:\Users\KusokMedi\Documents\GitHub\BetterShowcase\build\xdBot2.vcxproj]
  (╨║╨╛╨╝╨┐╨╕╨╗╤П╤Ж╨╕╤П ╨╕╤Б╤Е╨╛╨┤╨╜╨╛╨│╨╛ ╤Д╨░╨╣╨╗╨░ "../src/macro.cpp")
  
C:\Users\KusokMedi\Documents\GitHub\BetterShowcase\src\ui\save_macro_layer.hpp(15,16): error C2664: "void Utils::setBackgroundColor(cocos2d::extension::CCScale9Sprite *)": ╨╜╨╡╨▓╨╛╨╖╨╝╨╛╨╢╨╜╨╛ ╨┐╤А╨╡╨╛╨▒╤А╨░╨╖╨╛╨▓╨░╤В╤М ╨░╤А╨│╤Г╨╝╨╡╨╜╤В 1 ╨╕╨╖ "geode::NineSlice *" ╨▓ "cocos2d::extension::CCScale9Sprite *" [C:\Users\KusokMedi\Documents\GitHub\BetterShowcase\build\xdBot2.vcxproj]
  (╨║╨╛╨╝╨┐╨╕╨╗╤П╤Ж╨╕╤П ╨╕╤Б╤Е╨╛╨┤╨╜╨╛╨│╨╛ ╤Д╨░╨╣╨╗╨░ "../src/macro.cpp")
      C:\Users\KusokMedi\Documents\GitHub\BetterShowcase\src\ui\save_macro_layer.hpp(15,35):
      ╨в╨╕╨┐╤Л, ╨╜╨░ ╨║╨╛╤В╨╛╤А╤Л╨╡ ╤Г╨║╨░╨╖╤Л╨▓╨░╤О╤В ╤Г╨║╨░╨╖╨░╤В╨╡╨╗╨╕, ╨╜╨╡ ╤Б╨▓╤П╨╖╨░╨╜╤Л; ╨┤╨╗╤П ╨┐╤А╨╡╨╛╨▒╤А╨░╨╖╨╛╨▓╨░╨╜╨╕╤П ╤В╤А╨╡╨▒╤Г╨╡╤В╤Б╤П reinterpret_cast, ╨┐╤А╨╕╨▓╨╡╨┤╨╡╨╜╨╕╨╡ ╨▓ ╤Б╤В╨╕╨╗╨╡ ╨б ╨╕╨╗╨╕ ╨┐╤А╨╕╨▓╨╡╨┤╨╡╨╜╨╕╨╡ ╨▓ ╤Б╤В╨╕╨╗╨╡ ╤Д╤Г╨╜╨║╤Ж╨╕╨╕ ╨▓ ╨║╤А╤Г╨│╨╗╤Л╤Е ╤Б╨║╨╛╨▒╨║╨░╤Е
      C:\Users\KusokMedi\Documents\GitHub\BetterShowcase\src\utils\utils.hpp(18,17):
       ╤Б╨╝. ╨╛╨▒╤К╤П╨▓╨╗╨╡╨╜╨╕╨╡ "Utils::setBackgroundColor"
      C:\Users\KusokMedi\Documents\GitHub\BetterShowcase\src\ui\save_macro_layer.hpp(15,16):
      ╨┐╤А╨╕ ╨┐╨╛╨┐╤Л╤В╨║╨╡ ╤Б╨╛╨┐╨╛╤Б╤В╨░╨▓╨╕╤В╤М ╤Б╨┐╨╕╤Б╨╛╨║ ╨░╤А╨│╤Г╨╝╨╡╨╜╤В╨╛╨▓ "(geode::NineSlice *)"
  
C:\Users\KusokMedi\Documents\GitHub\BetterShowcase\src\ui\save_macro_layer.hpp(73,5): error C2039: "initAnchored": ╨╜╨╡ ╤П╨▓╨╗╤П╨╡╤В╤Б╤П ╤З╨╗╨╡╨╜╨╛╨╝ "SaveMacroLayer". [C:\Users\KusokMedi\Documents\GitHub\BetterShowcase\build\xdBot2.vcxproj]
  (╨║╨╛╨╝╨┐╨╕╨╗╤П╤Ж╨╕╤П ╨╕╤Б╤Е╨╛╨┤╨╜╨╛╨│╨╛ ╤Д╨░╨╣╨╗╨░ "../src/macro.cpp")
      C:\Users\KusokMedi\Documents\GitHub\BetterShowcase\src\ui\save_macro_layer.hpp(4,7):
       ╤Б╨╝. ╨╛╨▒╤К╤П╨▓╨╗╨╡╨╜╨╕╨╡ "SaveMacroLayer"
  
C:\Users\KusokMedi\Documents\GitHub\BetterShowcase\src\ui\macro_info_layer.hpp(5,43): error C2143: ╤Б╨╕╨╜╤В╨░╨║╤Б╨╕╤З╨╡╤Б╨║╨░╤П ╨╛╤И╨╕╨▒╨║╨░: ╨╛╤В╤Б╤Г╤В╤Б╤В╨▓╨╕╨╡ "," ╨┐╨╡╤А╨╡╨┤ "<" [C:\Users\KusokMedi\Documents\GitHub\BetterShowcase\build\xdBot2.vcxproj]
  (╨║╨╛╨╝╨┐╨╕╨╗╤П╤Ж╨╕╤П ╨╕╤Б╤Е╨╛╨┤╨╜╨╛╨│╨╛ ╤Д╨░╨╣╨╗╨░ "../src/macro.cpp")
  
C:\Users\KusokMedi\Documents\GitHub\BetterShowcase\src\ui\macro_info_layer.hpp(21,10): error C3668: MacroInfoLayer::setup: ╨╝╨╡╤В╨╛╨┤ ╤Б╨╛ ╤Б╨┐╨╡╤Ж╨╕╤Д╨╕╨║╨░╤В╨╛╤А╨╛╨╝ ╨┐╨╡╤А╨╡╨╛╨┐╤А╨╡╨┤╨╡╨╗╨╡╨╜╨╕╤П "override" ╨╜╨╡ ╨┐╨╡╤А╨╡╨╛╨┐╤А╨╡╨┤╨╡╨╗╤П╨╡╤В ╨║╨░╨║╨╕╨╡-╨╗╨╕╨▒╨╛ ╨╝╨╡╤В╨╛╨┤╤Л ╨▒╨░╨╖╨╛╨▓╨╛╨│╨╛ ╨║╨╗╨░╤Б╤Б╨░ [C:\Users\KusokMedi\Documents\GitHub\BetterShowcase\build\xdBot2.vcxproj]
  (╨║╨╛╨╝╨┐╨╕╨╗╤П╤Ж╨╕╤П ╨╕╤Б╤Е╨╛╨┤╨╜╨╛╨│╨╛ ╤Д╨░╨╣╨╗╨░ "../src/macro.cpp")
  
C:\Users\KusokMedi\Documents\GitHub\BetterShowcase\src\ui\macro_info_layer.hpp(11,18): error C2039: "initAnchored": ╨╜╨╡ ╤П╨▓╨╗╤П╨╡╤В╤Б╤П ╤З╨╗╨╡╨╜╨╛╨╝ "MacroInfoLayer". [C:\Users\KusokMedi\Documents\GitHub\BetterShowcase\build\xdBot2.vcxproj]
  (╨║╨╛╨╝╨┐╨╕╨╗╤П╤Ж╨╕╤П ╨╕╤Б╤Е╨╛╨┤╨╜╨╛╨│╨╛ ╤Д╨░╨╣╨╗╨░ "../src/macro.cpp")
      C:\Users\KusokMedi\Documents\GitHub\BetterShowcase\src\ui\macro_info_layer.hpp(5,7):
       ╤Б╨╝. ╨╛╨▒╤К╤П╨▓╨╗╨╡╨╜╨╕╨╡ "MacroInfoLayer"
  
C:\Users\KusokMedi\Documents\GitHub\BetterShowcase\src\ui\record_layer.hpp(34,40): error C2143: ╤Б╨╕╨╜╤В╨░╨║╤Б╨╕╤З╨╡╤Б╨║╨░╤П ╨╛╤И╨╕╨▒╨║╨░: ╨╛╤В╤Б╤Г╤В╤Б╤В╨▓╨╕╨╡ "," ╨┐╨╡╤А╨╡╨┤ "<" [C:\Users\KusokMedi\Documents\GitHub\BetterShowcase\build\xdBot2.vcxproj]
  (╨║╨╛╨╝╨┐╨╕╨╗╤П╤Ж╨╕╤П ╨╕╤Б╤Е╨╛╨┤╨╜╨╛╨│╨╛ ╤Д╨░╨╣╨╗╨░ "../src/macro.cpp")
  
C:\Users\KusokMedi\Documents\GitHub\BetterShowcase\src\ui\record_layer.hpp(76,7): error C3668: RecordLayer::setup: ╨╝╨╡╤В╨╛╨┤ ╤Б╨╛ ╤Б╨┐╨╡╤Ж╨╕╤Д╨╕╨║╨░╤В╨╛╤А╨╛╨╝ ╨┐╨╡╤А╨╡╨╛╨┐╤А╨╡╨┤╨╡╨╗╨╡╨╜╨╕╤П "override" ╨╜╨╡ ╨┐╨╡╤А╨╡╨╛╨┐╤А╨╡╨┤╨╡╨╗╤П╨╡╤В ╨║╨░╨║╨╕╨╡-╨╗╨╕╨▒╨╛ ╨╝╨╡╤В╨╛╨┤╤Л ╨▒╨░╨╖╨╛╨▓╨╛╨│╨╛ ╨║╨╗╨░╤Б╤Б╨░ [C:\Users\KusokMedi\Documents\GitHub\BetterShowcase\build\xdBot2.vcxproj]
  (╨║╨╛╨╝╨┐╨╕╨╗╤П╤Ж╨╕╤П ╨╕╤Б╤Е╨╛╨┤╨╜╨╛╨│╨╛ ╤Д╨░╨╣╨╗╨░ "../src/macro.cpp")
  
C:\Users\KusokMedi\Documents\GitHub\BetterShowcase\src\ui\record_layer.hpp(91,7): error C3668: RecordLayer::textChanged: ╨╝╨╡╤В╨╛╨┤ ╤Б╨╛ ╤Б╨┐╨╡╤Ж╨╕╤Д╨╕╨║╨░╤В╨╛╤А╨╛╨╝ ╨┐╨╡╤А╨╡╨╛╨┐╤А╨╡╨┤╨╡╨╗╨╡╨╜╨╕╤П "override" ╨╜╨╡ ╨┐╨╡╤А╨╡╨╛╨┐╤А╨╡╨┤╨╡╨╗╤П╨╡╤В ╨║╨░╨║╨╕╨╡-╨╗╨╕╨▒╨╛ ╨╝╨╡╤В╨╛╨┤╤Л ╨▒╨░╨╖╨╛╨▓╨╛╨│╨╛ ╨║╨╗╨░╤Б╤Б╨░ [C:\Users\KusokMedi\Documents\GitHub\BetterShowcase\build\xdBot2.vcxproj]
  (╨║╨╛╨╝╨┐╨╕╨╗╤П╤Ж╨╕╤П ╨╕╤Б╤Е╨╛╨┤╨╜╨╛╨│╨╛ ╤Д╨░╨╣╨╗╨░ "../src/macro.cpp")
  
C:\Users\KusokMedi\Documents\GitHub\BetterShowcase\src\ui\record_layer.hpp(80,20): error C2039: "layer": ╨╜╨╡ ╤П╨▓╨╗╤П╨╡╤В╤Б╤П ╤З╨╗╨╡╨╜╨╛╨╝ "Global". [C:\Users\KusokMedi\Documents\GitHub\BetterShowcase\build\xdBot2.vcxproj]
  (╨║╨╛╨╝╨┐╨╕╨╗╤П╤Ж╨╕╤П ╨╕╤Б╤Е╨╛╨┤╨╜╨╛╨│╨╛ ╤Д╨░╨╣╨╗╨░ "../src/macro.cpp")
      C:\Users\KusokMedi\Documents\GitHub\BetterShowcase\src\includes.hpp(46,7):
       ╤Б╨╝. ╨╛╨▒╤К╤П╨▓╨╗╨╡╨╜╨╕╨╡ "Global"
  
C:\Users\KusokMedi\Documents\GitHub\BetterShowcase\src\ui\record_layer.hpp(87,2): error C2039: "initAnchored": ╨╜╨╡ ╤П╨▓╨╗╤П╨╡╤В╤Б╤П ╤З╨╗╨╡╨╜╨╛╨╝ "RecordLayer". [C:\Users\KusokMedi\Documents\GitHub\BetterShowcase\build\xdBot2.vcxproj]
  (╨║╨╛╨╝╨┐╨╕╨╗╤П╤Ж╨╕╤П ╨╕╤Б╤Е╨╛╨┤╨╜╨╛╨│╨╛ ╤Д╨░╨╣╨╗╨░ "../src/macro.cpp")
      C:\Users\KusokMedi\Documents\GitHub\BetterShowcase\src\ui\record_layer.hpp(34,7):
       ╤Б╨╝. ╨╛╨▒╤К╤П╨▓╨╗╨╡╨╜╨╕╨╡ "RecordLayer"
  
C:\Users\KusokMedi\Documents\GitHub\BetterShowcase\src\ui\button_edit_layer.hpp(23,44): error C2143: ╤Б╨╕╨╜╤В╨░╨║╤Б╨╕╤З╨╡╤Б╨║╨░╤П ╨╛╤И╨╕╨▒╨║╨░: ╨╛╤В╤Б╤Г╤В╤Б╤В╨▓╨╕╨╡ "," ╨┐╨╡╤А╨╡╨┤ "<" [C:\Users\KusokMedi\Documents\GitHub\BetterShowcase\build\xdBot2.vcxproj]
  (╨║╨╛╨╝╨┐╨╕╨╗╤П╤Ж╨╕╤П ╨╕╤Б╤Е╨╛╨┤╨╜╨╛╨│╨╛ ╤Д╨░╨╣╨╗╨░ "../src/macro.cpp")
  
C:\Users\KusokMedi\Documents\GitHub\BetterShowcase\src\ui\button_edit_layer.hpp(27,10): error C3668: ButtonEditLayer::setup: ╨╝╨╡╤В╨╛╨┤ ╤Б╨╛ ╤Б╨┐╨╡╤Ж╨╕╤Д╨╕╨║╨░╤В╨╛╤А╨╛╨╝ ╨┐╨╡╤А╨╡╨╛╨┐╤А╨╡╨┤╨╡╨╗╨╡╨╜╨╕╤П "override" ╨╜╨╡ ╨┐╨╡╤А╨╡╨╛╨┐╤А╨╡╨┤╨╡╨╗╤П╨╡╤В ╨║╨░╨║╨╕╨╡-╨╗╨╕╨▒╨╛ ╨╝╨╡╤В╨╛╨┤╤Л ╨▒╨░╨╖╨╛╨▓╨╛╨│╨╛ ╨║╨╗╨░╤Б╤Б╨░ [C:\Users\KusokMedi\Documents\GitHub\BetterShowcase\build\xdBot2.vcxproj]
  (╨║╨╛╨╝╨┐╨╕╨╗╤П╤Ж╨╕╤П ╨╕╤Б╤Е╨╛╨┤╨╜╨╛╨│╨╛ ╤Д╨░╨╣╨╗╨░ "../src/macro.cpp")
  
C:\Users\KusokMedi\Documents\GitHub\BetterShowcase\src\ui\button_edit_layer.hpp(31,5): error C2039: "initAnchored": ╨╜╨╡ ╤П╨▓╨╗╤П╨╡╤В╤Б╤П ╤З╨╗╨╡╨╜╨╛╨╝ "ButtonEditLayer". [C:\Users\KusokMedi\Documents\GitHub\BetterShowcase\build\xdBot2.vcxproj]
  (╨║╨╛╨╝╨┐╨╕╨╗╤П╤Ж╨╕╤П ╨╕╤Б╤Е╨╛╨┤╨╜╨╛╨│╨╛ ╤Д╨░╨╣╨╗╨░ "../src/macro.cpp")
      C:\Users\KusokMedi\Documents\GitHub\BetterShowcase\src\ui\button_edit_layer.hpp(23,7):
       ╤Б╨╝. ╨╛╨▒╤К╤П╨▓╨╗╨╡╨╜╨╕╨╡ "ButtonEditLayer"
  
C:\Users\KusokMedi\Documents\GitHub\BetterShowcase\src\macro.cpp(139,11): error C2039: "layer": ╨╜╨╡ ╤П╨▓╨╗╤П╨╡╤В╤Б╤П ╤З╨╗╨╡╨╜╨╛╨╝ "Global". [C:\Users\KusokMedi\Documents\GitHub\BetterShowcase\build\xdBot2.vcxproj]
  (╨║╨╛╨╝╨┐╨╕╨╗╤П╤Ж╨╕╤П ╨╕╤Б╤Е╨╛╨┤╨╜╨╛╨│╨╛ ╤Д╨░╨╣╨╗╨░ "../src/macro.cpp")
      C:\Users\KusokMedi\Documents\GitHub\BetterShowcase\src\includes.hpp(46,7):
       ╤Б╨╝. ╨╛╨▒╤К╤П╨▓╨╗╨╡╨╜╨╕╨╡ "Global"
  
C:\Users\KusokMedi\Documents\GitHub\BetterShowcase\src\macro.cpp(139,46): error C2039: "layer": ╨╜╨╡ ╤П╨▓╨╗╤П╨╡╤В╤Б╤П ╤З╨╗╨╡╨╜╨╛╨╝ "Global". [C:\Users\KusokMedi\Documents\GitHub\BetterShowcase\build\xdBot2.vcxproj]
  (╨║╨╛╨╝╨┐╨╕╨╗╤П╤Ж╨╕╤П ╨╕╤Б╤Е╨╛╨┤╨╜╨╛╨│╨╛ ╤Д╨░╨╣╨╗╨░ "../src/macro.cpp")
      C:\Users\KusokMedi\Documents\GitHub\BetterShowcase\src\includes.hpp(46,7):
       ╤Б╨╝. ╨╛╨▒╤К╤П╨▓╨╗╨╡╨╜╨╕╨╡ "Global"
  
C:\Users\KusokMedi\Documents\GitHub\BetterShowcase\src\macro.cpp(313,11): error C2039: "layer": ╨╜╨╡ ╤П╨▓╨╗╤П╨╡╤В╤Б╤П ╤З╨╗╨╡╨╜╨╛╨╝ "Global". [C:\Users\KusokMedi\Documents\GitHub\BetterShowcase\build\xdBot2.vcxproj]
  (╨║╨╛╨╝╨┐╨╕╨╗╤П╤Ж╨╕╤П ╨╕╤Б╤Е╨╛╨┤╨╜╨╛╨│╨╛ ╤Д╨░╨╣╨╗╨░ "../src/macro.cpp")
      C:\Users\KusokMedi\Documents\GitHub\BetterShowcase\src\includes.hpp(46,7):
       ╤Б╨╝. ╨╛╨▒╤К╤П╨▓╨╗╨╡╨╜╨╕╨╡ "Global"
  
C:\Users\KusokMedi\Documents\GitHub\BetterShowcase\src\macro.cpp(314,37): error C2039: "layer": ╨╜╨╡ ╤П╨▓╨╗╤П╨╡╤В╤Б╤П ╤З╨╗╨╡╨╜╨╛╨╝ "Global". [C:\Users\KusokMedi\Documents\GitHub\BetterShowcase\build\xdBot2.vcxproj]
  (╨║╨╛╨╝╨┐╨╕╨╗╤П╤Ж╨╕╤П ╨╕╤Б╤Е╨╛╨┤╨╜╨╛╨│╨╛ ╤Д╨░╨╣╨╗╨░ "../src/macro.cpp")
      C:\Users\KusokMedi\Documents\GitHub\BetterShowcase\src\includes.hpp(46,7):
       ╤Б╨╝. ╨╛╨▒╤К╤П╨▓╨╗╨╡╨╜╨╕╨╡ "Global"
  
C:\Users\KusokMedi\Documents\GitHub\BetterShowcase\src\macro.cpp(315,37): error C2039: "layer": ╨╜╨╡ ╤П╨▓╨╗╤П╨╡╤В╤Б╤П ╤З╨╗╨╡╨╜╨╛╨╝ "Global". [C:\Users\KusokMedi\Documents\GitHub\BetterShowcase\build\xdBot2.vcxproj]
  (╨║╨╛╨╝╨┐╨╕╨╗╤П╤Ж╨╕╤П ╨╕╤Б╤Е╨╛╨┤╨╜╨╛╨│╨╛ ╤Д╨░╨╣╨╗╨░ "../src/macro.cpp")
      C:\Users\KusokMedi\Documents\GitHub\BetterShowcase\src\includes.hpp(46,7):
       ╤Б╨╝. ╨╛╨▒╤К╤П╨▓╨╗╨╡╨╜╨╕╨╡ "Global"
  
C:\Users\KusokMedi\Documents\GitHub\BetterShowcase\src\macro.cpp(328,11): error C2039: "layer": ╨╜╨╡ ╤П╨▓╨╗╤П╨╡╤В╤Б╤П ╤З╨╗╨╡╨╜╨╛╨╝ "Global". [C:\Users\KusokMedi\Documents\GitHub\BetterShowcase\build\xdBot2.vcxproj]
  (╨║╨╛╨╝╨┐╨╕╨╗╤П╤Ж╨╕╤П ╨╕╤Б╤Е╨╛╨┤╨╜╨╛╨│╨╛ ╤Д╨░╨╣╨╗╨░ "../src/macro.cpp")
      C:\Users\KusokMedi\Documents\GitHub\BetterShowcase\src\includes.hpp(46,7):
       ╤Б╨╝. ╨╛╨▒╤К╤П╨▓╨╗╨╡╨╜╨╕╨╡ "Global"
  
C:\Users\KusokMedi\Documents\GitHub\BetterShowcase\src\macro.cpp(329,37): error C2039: "layer": ╨╜╨╡ ╤П╨▓╨╗╤П╨╡╤В╤Б╤П ╤З╨╗╨╡╨╜╨╛╨╝ "Global". [C:\Users\KusokMedi\Documents\GitHub\BetterShowcase\build\xdBot2.vcxproj]
  (╨║╨╛╨╝╨┐╨╕╨╗╤П╤Ж╨╕╤П ╨╕╤Б╤Е╨╛╨┤╨╜╨╛╨│╨╛ ╤Д╨░╨╣╨╗╨░ "../src/macro.cpp")
      C:\Users\KusokMedi\Documents\GitHub\BetterShowcase\src\includes.hpp(46,7):
       ╤Б╨╝. ╨╛╨▒╤К╤П╨▓╨╗╨╡╨╜╨╕╨╡ "Global"
  
C:\Users\KusokMedi\Documents\GitHub\BetterShowcase\src\macro.cpp(330,37): error C2039: "layer": ╨╜╨╡ ╤П╨▓╨╗╤П╨╡╤В╤Б╤П ╤З╨╗╨╡╨╜╨╛╨╝ "Global". [C:\Users\KusokMedi\Documents\GitHub\BetterShowcase\build\xdBot2.vcxproj]
  (╨║╨╛╨╝╨┐╨╕╨╗╤П╤Ж╨╕╤П ╨╕╤Б╤Е╨╛╨┤╨╜╨╛╨│╨╛ ╤Д╨░╨╣╨╗╨░ "../src/macro.cpp")
      C:\Users\KusokMedi\Documents\GitHub\BetterShowcase\src\includes.hpp(46,7):
       ╤Б╨╝. ╨╛╨▒╤К╤П╨▓╨╗╨╡╨╜╨╕╨╡ "Global"
  
  keybinds.cpp
C:\Users\KusokMedi\Documents\GitHub\BetterShowcase\src\renderer\ffmpeg\events.hpp(11,47): error C2955: "geode::Event": ╨┤╨╗╤П ╨╕╤Б╨┐╨╛╨╗╤М╨╖╨╛╨▓╨░╨╜╨╕╤П ╨║╨╗╨░╤Б╤Б ╤И╨░╨▒╨╗╨╛╨╜ ╤В╤А╨╡╨▒╤Г╨╡╤В╤Б╤П ╤Б╨┐╨╕╤Б╨╛╨║ ╨░╤А╨│╤Г╨╝╨╡╨╜╤В╨╛╨▓ ╤И╨░╨▒╨╗╨╛╨╜ [C:\Users\KusokMedi\Documents\GitHub\BetterShowcase\build\xdBot2.vcxproj]
  (╨║╨╛╨╝╨┐╨╕╨╗╤П╤Ж╨╕╤П ╨╕╤Б╤Е╨╛╨┤╨╜╨╛╨│╨╛ ╤Д╨░╨╣╨╗╨░ "../src/keybinds.cpp")
      C:\Users\KusokMedi\Documents\Geode\loader\include\Geode\loader\Event.hpp(960,12):
       ╤Б╨╝. ╨╛╨▒╤К╤П╨▓╨╗╨╡╨╜╨╕╨╡ "geode::Event"
  
C:\Users\KusokMedi\Documents\GitHub\BetterShowcase\src\renderer\ffmpeg\events.hpp(20,47): error C2955: "geode::Event": ╨┤╨╗╤П ╨╕╤Б╨┐╨╛╨╗╤М╨╖╨╛╨▓╨░╨╜╨╕╤П ╨║╨╗╨░╤Б╤Б ╤И╨░╨▒╨╗╨╛╨╜ ╤В╤А╨╡╨▒╤Г╨╡╤В╤Б╤П ╤Б╨┐╨╕╤Б╨╛╨║ ╨░╤А╨│╤Г╨╝╨╡╨╜╤В╨╛╨▓ ╤И╨░╨▒╨╗╨╛╨╜ [C:\Users\KusokMedi\Documents\GitHub\BetterShowcase\build\xdBot2.vcxproj]
  (╨║╨╛╨╝╨┐╨╕╨╗╤П╤Ж╨╕╤П ╨╕╤Б╤Е╨╛╨┤╨╜╨╛╨│╨╛ ╤Д╨░╨╣╨╗╨░ "../src/keybinds.cpp")
      C:\Users\KusokMedi\Documents\Geode\loader\include\Geode\loader\Event.hpp(960,12):
       ╤Б╨╝. ╨╛╨▒╤К╤П╨▓╨╗╨╡╨╜╨╕╨╡ "geode::Event"
  
C:\Users\KusokMedi\Documents\GitHub\BetterShowcase\src\renderer\ffmpeg\events.hpp(28,45): error C2955: "geode::Event": ╨┤╨╗╤П ╨╕╤Б╨┐╨╛╨╗╤М╨╖╨╛╨▓╨░╨╜╨╕╤П ╨║╨╗╨░╤Б╤Б ╤И╨░╨▒╨╗╨╛╨╜ ╤В╤А╨╡╨▒╤Г╨╡╤В╤Б╤П ╤Б╨┐╨╕╤Б╨╛╨║ ╨░╤А╨│╤Г╨╝╨╡╨╜╤В╨╛╨▓ ╤И╨░╨▒╨╗╨╛╨╜ [C:\Users\KusokMedi\Documents\GitHub\BetterShowcase\build\xdBot2.vcxproj]
  (╨║╨╛╨╝╨┐╨╕╨╗╤П╤Ж╨╕╤П ╨╕╤Б╤Е╨╛╨┤╨╜╨╛╨│╨╛ ╤Д╨░╨╣╨╗╨░ "../src/keybinds.cpp")
      C:\Users\KusokMedi\Documents\Geode\loader\include\Geode\loader\Event.hpp(960,12):
       ╤Б╨╝. ╨╛╨▒╤К╤П╨▓╨╗╨╡╨╜╨╕╨╡ "geode::Event"
  
C:\Users\KusokMedi\Documents\GitHub\BetterShowcase\src\renderer\ffmpeg\events.hpp(48,45): error C2955: "geode::Event": ╨┤╨╗╤П ╨╕╤Б╨┐╨╛╨╗╤М╨╖╨╛╨▓╨░╨╜╨╕╤П ╨║╨╗╨░╤Б╤Б ╤И╨░╨▒╨╗╨╛╨╜ ╤В╤А╨╡╨▒╤Г╨╡╤В╤Б╤П ╤Б╨┐╨╕╤Б╨╛╨║ ╨░╤А╨│╤Г╨╝╨╡╨╜╤В╨╛╨▓ ╤И╨░╨▒╨╗╨╛╨╜ [C:\Users\KusokMedi\Documents\GitHub\BetterShowcase\build\xdBot2.vcxproj]
  (╨║╨╛╨╝╨┐╨╕╨╗╤П╤Ж╨╕╤П ╨╕╤Б╤Е╨╛╨┤╨╜╨╛╨│╨╛ ╤Д╨░╨╣╨╗╨░ "../src/keybinds.cpp")
      C:\Users\KusokMedi\Documents\Geode\loader\include\Geode\loader\Event.hpp(960,12):
       ╤Б╨╝. ╨╛╨▒╤К╤П╨▓╨╗╨╡╨╜╨╕╨╡ "geode::Event"
  
C:\Users\KusokMedi\Documents\GitHub\BetterShowcase\src\renderer\ffmpeg\events.hpp(58,54): error C2955: "geode::Event": ╨┤╨╗╤П ╨╕╤Б╨┐╨╛╨╗╤М╨╖╨╛╨▓╨░╨╜╨╕╤П ╨║╨╗╨░╤Б╤Б ╤И╨░╨▒╨╗╨╛╨╜ ╤В╤А╨╡╨▒╤Г╨╡╤В╤Б╤П ╤Б╨┐╨╕╤Б╨╛╨║ ╨░╤А╨│╤Г╨╝╨╡╨╜╤В╨╛╨▓ ╤И╨░╨▒╨╗╨╛╨╜ [C:\Users\KusokMedi\Documents\GitHub\BetterShowcase\build\xdBot2.vcxproj]
  (╨║╨╛╨╝╨┐╨╕╨╗╤П╤Ж╨╕╤П ╨╕╤Б╤Е╨╛╨┤╨╜╨╛╨│╨╛ ╤Д╨░╨╣╨╗╨░ "../src/keybinds.cpp")
      C:\Users\KusokMedi\Documents\Geode\loader\include\Geode\loader\Event.hpp(960,12):
       ╤Б╨╝. ╨╛╨▒╤К╤П╨▓╨╗╨╡╨╜╨╕╨╡ "geode::Event"
  
C:\Users\KusokMedi\Documents\GitHub\BetterShowcase\src\renderer\ffmpeg\events.hpp(69,46): error C2955: "geode::Event": ╨┤╨╗╤П ╨╕╤Б╨┐╨╛╨╗╤М╨╖╨╛╨▓╨░╨╜╨╕╤П ╨║╨╗╨░╤Б╤Б ╤И╨░╨▒╨╗╨╛╨╜ ╤В╤А╨╡╨▒╤Г╨╡╤В╤Б╤П ╤Б╨┐╨╕╤Б╨╛╨║ ╨░╤А╨│╤Г╨╝╨╡╨╜╤В╨╛╨▓ ╤И╨░╨▒╨╗╨╛╨╜ [C:\Users\KusokMedi\Documents\GitHub\BetterShowcase\build\xdBot2.vcxproj]
  (╨║╨╛╨╝╨┐╨╕╨╗╤П╤Ж╨╕╤П ╨╕╤Б╤Е╨╛╨┤╨╜╨╛╨│╨╛ ╤Д╨░╨╣╨╗╨░ "../src/keybinds.cpp")
      C:\Users\KusokMedi\Documents\Geode\loader\include\Geode\loader\Event.hpp(960,12):
       ╤Б╨╝. ╨╛╨▒╤К╤П╨▓╨╗╨╡╨╜╨╕╨╡ "geode::Event"
  
C:\Users\KusokMedi\Documents\GitHub\BetterShowcase\src\renderer\ffmpeg\events.hpp(79,46): error C2955: "geode::Event": ╨┤╨╗╤П ╨╕╤Б╨┐╨╛╨╗╤М╨╖╨╛╨▓╨░╨╜╨╕╤П ╨║╨╗╨░╤Б╤Б ╤И╨░╨▒╨╗╨╛╨╜ ╤В╤А╨╡╨▒╤Г╨╡╤В╤Б╤П ╤Б╨┐╨╕╤Б╨╛╨║ ╨░╤А╨│╤Г╨╝╨╡╨╜╤В╨╛╨▓ ╤И╨░╨▒╨╗╨╛╨╜ [C:\Users\KusokMedi\Documents\GitHub\BetterShowcase\build\xdBot2.vcxproj]
  (╨║╨╛╨╝╨┐╨╕╨╗╤П╤Ж╨╕╤П ╨╕╤Б╤Е╨╛╨┤╨╜╨╛╨│╨╛ ╤Д╨░╨╣╨╗╨░ "../src/keybinds.cpp")
      C:\Users\KusokMedi\Documents\Geode\loader\include\Geode\loader\Event.hpp(960,12):
       ╤Б╨╝. ╨╛╨▒╤К╤П╨▓╨╗╨╡╨╜╨╕╨╡ "geode::Event"
  
C:\Users\KusokMedi\Documents\GitHub\BetterShowcase\src\renderer\ffmpeg\events.hpp(101,44): error C2955: "geode::Event": ╨┤╨╗╤П ╨╕╤Б╨┐╨╛╨╗╤М╨╖╨╛╨▓╨░╨╜╨╕╤П ╨║╨╗╨░╤Б╤Б ╤И╨░╨▒╨╗╨╛╨╜ ╤В╤А╨╡╨▒╤Г╨╡╤В╤Б╤П ╤Б╨┐╨╕╤Б╨╛╨║ ╨░╤А╨│╤Г╨╝╨╡╨╜╤В╨╛╨▓ ╤И╨░╨▒╨╗╨╛╨╜ [C:\Users\KusokMedi\Documents\GitHub\BetterShowcase\build\xdBot2.vcxproj]
  (╨║╨╛╨╝╨┐╨╕╨╗╤П╤Ж╨╕╤П ╨╕╤Б╤Е╨╛╨┤╨╜╨╛╨│╨╛ ╤Д╨░╨╣╨╗╨░ "../src/keybinds.cpp")
      C:\Users\KusokMedi\Documents\Geode\loader\include\Geode\loader\Event.hpp(960,12):
       ╤Б╨╝. ╨╛╨▒╤К╤П╨▓╨╗╨╡╨╜╨╕╨╡ "geode::Event"
  
C:\Users\KusokMedi\Documents\GitHub\BetterShowcase\src\renderer\ffmpeg\events.hpp(129,21): error C2039: "post": ╨╜╨╡ ╤П╨▓╨╗╤П╨╡╤В╤Б╤П ╤З╨╗╨╡╨╜╨╛╨╝ "ffmpeg::events::impl::CreateRecorderEvent". [C:\Users\KusokMedi\Documents\GitHub\BetterShowcase\build\xdBot2.vcxproj]
  (╨║╨╛╨╝╨┐╨╕╨╗╤П╤Ж╨╕╤П ╨╕╤Б╤Е╨╛╨┤╨╜╨╛╨│╨╛ ╤Д╨░╨╣╨╗╨░ "../src/keybinds.cpp")
      C:\Users\KusokMedi\Documents\GitHub\BetterShowcase\src\renderer\ffmpeg\events.hpp(11,11):
       ╤Б╨╝. ╨╛╨▒╤К╤П╨▓╨╗╨╡╨╜╨╕╨╡ "ffmpeg::events::impl::CreateRecorderEvent"
  
C:\Users\KusokMedi\Documents\GitHub\BetterShowcase\src\renderer\ffmpeg\events.hpp(135,21): error C2039: "post": ╨╜╨╡ ╤П╨▓╨╗╤П╨╡╤В╤Б╤П ╤З╨╗╨╡╨╜╨╛╨╝ "ffmpeg::events::impl::DeleteRecorderEvent". [C:\Users\KusokMedi\Documents\GitHub\BetterShowcase\build\xdBot2.vcxproj]
  (╨║╨╛╨╝╨┐╨╕╨╗╤П╤Ж╨╕╤П ╨╕╤Б╤Е╨╛╨┤╨╜╨╛╨│╨╛ ╤Д╨░╨╣╨╗╨░ "../src/keybinds.cpp")
      C:\Users\KusokMedi\Documents\GitHub\BetterShowcase\src\renderer\ffmpeg\events.hpp(20,11):
       ╤Б╨╝. ╨╛╨▒╤К╤П╨▓╨╗╨╡╨╜╨╕╨╡ "ffmpeg::events::impl::DeleteRecorderEvent"
  
C:\Users\KusokMedi\Documents\GitHub\BetterShowcase\src\renderer\ffmpeg\events.hpp(153,19): error C2039: "post": ╨╜╨╡ ╤П╨▓╨╗╤П╨╡╤В╤Б╤П ╤З╨╗╨╡╨╜╨╛╨╝ "ffmpeg::events::impl::InitRecorderEvent". [C:\Users\KusokMedi\Documents\GitHub\BetterShowcase\build\xdBot2.vcxproj]
  (╨║╨╛╨╝╨┐╨╕╨╗╤П╤Ж╨╕╤П ╨╕╤Б╤Е╨╛╨┤╨╜╨╛╨│╨╛ ╤Д╨░╨╣╨╗╨░ "../src/keybinds.cpp")
      C:\Users\KusokMedi\Documents\GitHub\BetterShowcase\src\renderer\ffmpeg\events.hpp(28,11):
       ╤Б╨╝. ╨╛╨▒╤К╤П╨▓╨╗╨╡╨╜╨╕╨╡ "ffmpeg::events::impl::InitRecorderEvent"
  
C:\Users\KusokMedi\Documents\GitHub\BetterShowcase\src\renderer\ffmpeg\events.hpp(163,40): error C2039: "post": ╨╜╨╡ ╤П╨▓╨╗╤П╨╡╤В╤Б╤П ╤З╨╗╨╡╨╜╨╛╨╝ "ffmpeg::events::impl::StopRecorderEvent". [C:\Users\KusokMedi\Documents\GitHub\BetterShowcase\build\xdBot2.vcxproj]
  (╨║╨╛╨╝╨┐╨╕╨╗╤П╤Ж╨╕╤П ╨╕╤Б╤Е╨╛╨┤╨╜╨╛╨│╨╛ ╤Д╨░╨╣╨╗╨░ "../src/keybinds.cpp")
      C:\Users\KusokMedi\Documents\GitHub\BetterShowcase\src\renderer\ffmpeg\events.hpp(48,11):
       ╤Б╨╝. ╨╛╨▒╤К╤П╨▓╨╗╨╡╨╜╨╕╨╡ "ffmpeg::events::impl::StopRecorderEvent"
  
C:\Users\KusokMedi\Documents\GitHub\BetterShowcase\src\renderer\ffmpeg\events.hpp(182,19): error C2039: "post": ╨╜╨╡ ╤П╨▓╨╗╤П╨╡╤В╤Б╤П ╤З╨╗╨╡╨╜╨╛╨╝ "ffmpeg::events::impl::GetWriteFrameFunctionEvent". [C:\Users\KusokMedi\Documents\GitHub\BetterShowcase\build\xdBot2.vcxproj]
  (╨║╨╛╨╝╨┐╨╕╨╗╤П╤Ж╨╕╤П ╨╕╤Б╤Е╨╛╨┤╨╜╨╛╨│╨╛ ╤Д╨░╨╣╨╗╨░ "../src/keybinds.cpp")
      C:\Users\KusokMedi\Documents\GitHub\BetterShowcase\src\renderer\ffmpeg\events.hpp(58,11):
       ╤Б╨╝. ╨╛╨▒╤К╤П╨▓╨╗╨╡╨╜╨╕╨╡ "ffmpeg::events::impl::GetWriteFrameFunctionEvent"
  
C:\Users\KusokMedi\Documents\GitHub\BetterShowcase\src\renderer\ffmpeg\events.hpp(199,20): error C2039: "post": ╨╜╨╡ ╤П╨▓╨╗╤П╨╡╤В╤Б╤П ╤З╨╗╨╡╨╜╨╛╨╝ "ffmpeg::events::impl::CodecRecorderEvent". [C:\Users\KusokMedi\Documents\GitHub\BetterShowcase\build\xdBot2.vcxproj]
  (╨║╨╛╨╝╨┐╨╕╨╗╤П╤Ж╨╕╤П ╨╕╤Б╤Е╨╛╨┤╨╜╨╛╨│╨╛ ╤Д╨░╨╣╨╗╨░ "../src/keybinds.cpp")
      C:\Users\KusokMedi\Documents\GitHub\BetterShowcase\src\renderer\ffmpeg\events.hpp(69,11):
       ╤Б╨╝. ╨╛╨▒╤К╤П╨▓╨╗╨╡╨╜╨╕╨╡ "ffmpeg::events::impl::CodecRecorderEvent"
  
C:\Users\KusokMedi\Documents\GitHub\BetterShowcase\src\renderer\ffmpeg\events.hpp(225,18): error C2039: "post": ╨╜╨╡ ╤П╨▓╨╗╤П╨╡╤В╤Б╤П ╤З╨╗╨╡╨╜╨╛╨╝ "ffmpeg::events::impl::MixVideoAudioEvent". [C:\Users\KusokMedi\Documents\GitHub\BetterShowcase\build\xdBot2.vcxproj]
  (╨║╨╛╨╝╨┐╨╕╨╗╤П╤Ж╨╕╤П ╨╕╤Б╤Е╨╛╨┤╨╜╨╛╨│╨╛ ╤Д╨░╨╣╨╗╨░ "../src/keybinds.cpp")
      C:\Users\KusokMedi\Documents\GitHub\BetterShowcase\src\renderer\ffmpeg\events.hpp(79,11):
       ╤Б╨╝. ╨╛╨▒╤К╤П╨▓╨╗╨╡╨╜╨╕╨╡ "ffmpeg::events::impl::MixVideoAudioEvent"
  
C:\Users\KusokMedi\Documents\GitHub\BetterShowcase\src\renderer\ffmpeg\events.hpp(244,18): error C2039: "post": ╨╜╨╡ ╤П╨▓╨╗╤П╨╡╤В╤Б╤П ╤З╨╗╨╡╨╜╨╛╨╝ "ffmpeg::events::impl::MixVideoRawEvent". [C:\Users\KusokMedi\Documents\GitHub\BetterShowcase\build\xdBot2.vcxproj]
  (╨║╨╛╨╝╨┐╨╕╨╗╤П╤Ж╨╕╤П ╨╕╤Б╤Е╨╛╨┤╨╜╨╛╨│╨╛ ╤Д╨░╨╣╨╗╨░ "../src/keybinds.cpp")
      C:\Users\KusokMedi\Documents\GitHub\BetterShowcase\src\renderer\ffmpeg\events.hpp(101,11):
       ╤Б╨╝. ╨╛╨▒╤К╤П╨▓╨╗╨╡╨╜╨╕╨╡ "ffmpeg::events::impl::MixVideoRawEvent"
  
C:\Users\KusokMedi\Documents\GitHub\BetterShowcase\src\includes.hpp(82,17): error C2059: ╤Б╨╕╨╜╤В╨░╨║╤Б╨╕╤З╨╡╤Б╨║╨░╤П ╨╛╤И╨╕╨▒╨║╨░: < [C:\Users\KusokMedi\Documents\GitHub\BetterShowcase\build\xdBot2.vcxproj]
  (╨║╨╛╨╝╨┐╨╕╨╗╤П╤Ж╨╕╤П ╨╕╤Б╤Е╨╛╨┤╨╜╨╛╨│╨╛ ╤Д╨░╨╣╨╗╨░ "../src/keybinds.cpp")
  
C:\Users\KusokMedi\Documents\GitHub\BetterShowcase\src\includes.hpp(82,36): error C2238: ╨╜╨╡╨┐╤А╨╡╨┤╨▓╨╕╨┤╨╡╨╜╨╜╤Л╨╡ ╨╗╨╡╨║╤Б╨╡╨╝╤Л ╨┐╨╡╤А╨╡╨┤ ";" [C:\Users\KusokMedi\Documents\GitHub\BetterShowcase\build\xdBot2.vcxproj]
  (╨║╨╛╨╝╨┐╨╕╨╗╤П╤Ж╨╕╤П ╨╕╤Б╤Е╨╛╨┤╨╜╨╛╨│╨╛ ╤Д╨░╨╣╨╗╨░ "../src/keybinds.cpp")
  
C:\Users\KusokMedi\Documents\GitHub\BetterShowcase\src\ui\load_macro_layer.hpp(14,14): error C2059: ╤Б╨╕╨╜╤В╨░╨║╤Б╨╕╤З╨╡╤Б╨║╨░╤П ╨╛╤И╨╕╨▒╨║╨░: < [C:\Users\KusokMedi\Documents\GitHub\BetterShowcase\build\xdBot2.vcxproj]
  (╨║╨╛╨╝╨┐╨╕╨╗╤П╤Ж╨╕╤П ╨╕╤Б╤Е╨╛╨┤╨╜╨╛╨│╨╛ ╤Д╨░╨╣╨╗╨░ "../src/keybinds.cpp")
  
C:\Users\KusokMedi\Documents\GitHub\BetterShowcase\src\ui\load_macro_layer.hpp(14,37): error C2238: ╨╜╨╡╨┐╤А╨╡╨┤╨▓╨╕╨┤╨╡╨╜╨╜╤Л╨╡ ╨╗╨╡╨║╤Б╨╡╨╝╤Л ╨┐╨╡╤А╨╡╨┤ ";" [C:\Users\KusokMedi\Documents\GitHub\BetterShowcase\build\xdBot2.vcxproj]
  (╨║╨╛╨╝╨┐╨╕╨╗╤П╤Ж╨╕╤П ╨╕╤Б╤Е╨╛╨┤╨╜╨╛╨│╨╛ ╤Д╨░╨╣╨╗╨░ "../src/keybinds.cpp")
  
C:\Users\KusokMedi\Documents\GitHub\BetterShowcase\src\ui\load_macro_layer.hpp(15,14): error C2059: ╤Б╨╕╨╜╤В╨░╨║╤Б╨╕╤З╨╡╤Б╨║╨░╤П ╨╛╤И╨╕╨▒╨║╨░: < [C:\Users\KusokMedi\Documents\GitHub\BetterShowcase\build\xdBot2.vcxproj]
  (╨║╨╛╨╝╨┐╨╕╨╗╤П╤Ж╨╕╤П ╨╕╤Б╤Е╨╛╨┤╨╜╨╛╨│╨╛ ╤Д╨░╨╣╨╗╨░ "../src/keybinds.cpp")
  
C:\Users\KusokMedi\Documents\GitHub\BetterShowcase\src\ui\load_macro_layer.hpp(15,38): error C2238: ╨╜╨╡╨┐╤А╨╡╨┤╨▓╨╕╨┤╨╡╨╜╨╜╤Л╨╡ ╨╗╨╡╨║╤Б╨╡╨╝╤Л ╨┐╨╡╤А╨╡╨┤ ";" [C:\Users\KusokMedi\Documents\GitHub\BetterShowcase\build\xdBot2.vcxproj]
  (╨║╨╛╨╝╨┐╨╕╨╗╤П╤Ж╨╕╤П ╨╕╤Б╤Е╨╛╨┤╨╜╨╛╨│╨╛ ╤Д╨░╨╣╨╗╨░ "../src/keybinds.cpp")
  
C:\Users\KusokMedi\Documents\GitHub\BetterShowcase\src\ui\load_macro_layer.hpp(25,103): error C2143: ╤Б╨╕╨╜╤В╨░╨║╤Б╨╕╤З╨╡╤Б╨║╨░╤П ╨╛╤И╨╕╨▒╨║╨░: ╨╛╤В╤Б╤Г╤В╤Б╤В╨▓╨╕╨╡ ")" ╨┐╨╡╤А╨╡╨┤ "<" [C:\Users\KusokMedi\Documents\GitHub\BetterShowcase\build\xdBot2.vcxproj]
  (╨║╨╛╨╝╨┐╨╕╨╗╤П╤Ж╨╕╤П ╨╕╤Б╤Е╨╛╨┤╨╜╨╛╨│╨╛ ╤Д╨░╨╣╨╗╨░ "../src/keybinds.cpp")
  
C:\Users\KusokMedi\Documents\GitHub\BetterShowcase\src\ui\load_macro_layer.hpp(25,103): error C2143: ╤Б╨╕╨╜╤В╨░╨║╤Б╨╕╤З╨╡╤Б╨║╨░╤П ╨╛╤И╨╕╨▒╨║╨░: ╨╛╤В╤Б╤Г╤В╤Б╤В╨▓╨╕╨╡ ";" ╨┐╨╡╤А╨╡╨┤ "<" [C:\Users\KusokMedi\Documents\GitHub\BetterShowcase\build\xdBot2.vcxproj]
  (╨║╨╛╨╝╨┐╨╕╨╗╤П╤Ж╨╕╤П ╨╕╤Б╤Е╨╛╨┤╨╜╨╛╨│╨╛ ╤Д╨░╨╣╨╗╨░ "../src/keybinds.cpp")
  
C:\Users\KusokMedi\Documents\GitHub\BetterShowcase\src\ui\load_macro_layer.hpp(25,103): error C2059: ╤Б╨╕╨╜╤В╨░╨║╤Б╨╕╤З╨╡╤Б╨║╨░╤П ╨╛╤И╨╕╨▒╨║╨░: < [C:\Users\KusokMedi\Documents\GitHub\BetterShowcase\build\xdBot2.vcxproj]
  (╨║╨╛╨╝╨┐╨╕╨╗╤П╤Ж╨╕╤П ╨╕╤Б╤Е╨╛╨┤╨╜╨╛╨│╨╛ ╤Д╨░╨╣╨╗╨░ "../src/keybinds.cpp")
  
C:\Users\KusokMedi\Documents\GitHub\BetterShowcase\src\ui\load_macro_layer.hpp(25,164): error C2059: ╤Б╨╕╨╜╤В╨░╨║╤Б╨╕╤З╨╡╤Б╨║╨░╤П ╨╛╤И╨╕╨▒╨║╨░: ) [C:\Users\KusokMedi\Documents\GitHub\BetterShowcase\build\xdBot2.vcxproj]
  (╨║╨╛╨╝╨┐╨╕╨╗╤П╤Ж╨╕╤П ╨╕╤Б╤Е╨╛╨┤╨╜╨╛╨│╨╛ ╤Д╨░╨╣╨╗╨░ "../src/keybinds.cpp")
  
C:\Users\KusokMedi\Documents\GitHub\BetterShowcase\src\ui\load_macro_layer.hpp(25,165): error C2238: ╨╜╨╡╨┐╤А╨╡╨┤╨▓╨╕╨┤╨╡╨╜╨╜╤Л╨╡ ╨╗╨╡╨║╤Б╨╡╨╝╤Л ╨┐╨╡╤А╨╡╨┤ ";" [C:\Users\KusokMedi\Documents\GitHub\BetterShowcase\build\xdBot2.vcxproj]
  (╨║╨╛╨╝╨┐╨╕╨╗╤П╤Ж╨╕╤П ╨╕╤Б╤Е╨╛╨┤╨╜╨╛╨│╨╛ ╤Д╨░╨╣╨╗╨░ "../src/keybinds.cpp")
  
C:\Users\KusokMedi\Documents\GitHub\BetterShowcase\src\ui\load_macro_layer.hpp(27,88): error C2143: ╤Б╨╕╨╜╤В╨░╨║╤Б╨╕╤З╨╡╤Б╨║╨░╤П ╨╛╤И╨╕╨▒╨║╨░: ╨╛╤В╤Б╤Г╤В╤Б╤В╨▓╨╕╨╡ ")" ╨┐╨╡╤А╨╡╨┤ "<" [C:\Users\KusokMedi\Documents\GitHub\BetterShowcase\build\xdBot2.vcxproj]
  (╨║╨╛╨╝╨┐╨╕╨╗╤П╤Ж╨╕╤П ╨╕╤Б╤Е╨╛╨┤╨╜╨╛╨│╨╛ ╤Д╨░╨╣╨╗╨░ "../src/keybinds.cpp")
  
C:\Users\KusokMedi\Documents\GitHub\BetterShowcase\src\ui\load_macro_layer.hpp(27,88): error C2143: ╤Б╨╕╨╜╤В╨░╨║╤Б╨╕╤З╨╡╤Б╨║╨░╤П ╨╛╤И╨╕╨▒╨║╨░: ╨╛╤В╤Б╤Г╤В╤Б╤В╨▓╨╕╨╡ ";" ╨┐╨╡╤А╨╡╨┤ "<" [C:\Users\KusokMedi\Documents\GitHub\BetterShowcase\build\xdBot2.vcxproj]
  (╨║╨╛╨╝╨┐╨╕╨╗╤П╤Ж╨╕╤П ╨╕╤Б╤Е╨╛╨┤╨╜╨╛╨│╨╛ ╤Д╨░╨╣╨╗╨░ "../src/keybinds.cpp")
  
C:\Users\KusokMedi\Documents\GitHub\BetterShowcase\src\ui\load_macro_layer.hpp(27,88): error C2059: ╤Б╨╕╨╜╤В╨░╨║╤Б╨╕╤З╨╡╤Б╨║╨░╤П ╨╛╤И╨╕╨▒╨║╨░: < [C:\Users\KusokMedi\Documents\GitHub\BetterShowcase\build\xdBot2.vcxproj]
  (╨║╨╛╨╝╨┐╨╕╨╗╤П╤Ж╨╕╤П ╨╕╤Б╤Е╨╛╨┤╨╜╨╛╨│╨╛ ╤Д╨░╨╣╨╗╨░ "../src/keybinds.cpp")
  
C:\Users\KusokMedi\Documents\GitHub\BetterShowcase\src\ui\load_macro_layer.hpp(27,149): error C2059: ╤Б╨╕╨╜╤В╨░╨║╤Б╨╕╤З╨╡╤Б╨║╨░╤П ╨╛╤И╨╕╨▒╨║╨░: ) [C:\Users\KusokMedi\Documents\GitHub\BetterShowcase\build\xdBot2.vcxproj]
  (╨║╨╛╨╝╨┐╨╕╨╗╤П╤Ж╨╕╤П ╨╕╤Б╤Е╨╛╨┤╨╜╨╛╨│╨╛ ╤Д╨░╨╣╨╗╨░ "../src/keybinds.cpp")
  
C:\Users\KusokMedi\Documents\GitHub\BetterShowcase\src\ui\load_macro_layer.hpp(27,150): error C2238: ╨╜╨╡╨┐╤А╨╡╨┤╨▓╨╕╨┤╨╡╨╜╨╜╤Л╨╡ ╨╗╨╡╨║╤Б╨╡╨╝╤Л ╨┐╨╡╤А╨╡╨┤ ";" [C:\Users\KusokMedi\Documents\GitHub\BetterShowcase\build\xdBot2.vcxproj]
  (╨║╨╛╨╝╨┐╨╕╨╗╤П╤Ж╨╕╤П ╨╕╤Б╤Е╨╛╨┤╨╜╨╛╨│╨╛ ╤Д╨░╨╣╨╗╨░ "../src/keybinds.cpp")
  
C:\Users\KusokMedi\Documents\GitHub\BetterShowcase\src\ui\load_macro_layer.hpp(42,43): error C2143: ╤Б╨╕╨╜╤В╨░╨║╤Б╨╕╤З╨╡╤Б╨║╨░╤П ╨╛╤И╨╕╨▒╨║╨░: ╨╛╤В╤Б╤Г╤В╤Б╤В╨▓╨╕╨╡ "," ╨┐╨╡╤А╨╡╨┤ "<" [C:\Users\KusokMedi\Documents\GitHub\BetterShowcase\build\xdBot2.vcxproj]
  (╨║╨╛╨╝╨┐╨╕╨╗╤П╤Ж╨╕╤П ╨╕╤Б╤Е╨╛╨┤╨╜╨╛╨│╨╛ ╤Д╨░╨╣╨╗╨░ "../src/keybinds.cpp")
  
C:\Users\KusokMedi\Documents\GitHub\BetterShowcase\src\ui\load_macro_layer.hpp(45,14): error C2059: ╤Б╨╕╨╜╤В╨░╨║╤Б╨╕╤З╨╡╤Б╨║╨░╤П ╨╛╤И╨╕╨▒╨║╨░: < [C:\Users\KusokMedi\Documents\GitHub\BetterShowcase\build\xdBot2.vcxproj]
  (╨║╨╛╨╝╨┐╨╕╨╗╤П╤Ж╨╕╤П ╨╕╤Б╤Е╨╛╨┤╨╜╨╛╨│╨╛ ╤Д╨░╨╣╨╗╨░ "../src/keybinds.cpp")
  
C:\Users\KusokMedi\Documents\GitHub\BetterShowcase\src\ui\load_macro_layer.hpp(45,37): error C2238: ╨╜╨╡╨┐╤А╨╡╨┤╨▓╨╕╨┤╨╡╨╜╨╜╤Л╨╡ ╨╗╨╡╨║╤Б╨╡╨╝╤Л ╨┐╨╡╤А╨╡╨┤ ";" [C:\Users\KusokMedi\Documents\GitHub\BetterShowcase\build\xdBot2.vcxproj]
  (╨║╨╛╨╝╨┐╨╕╨╗╤П╤Ж╨╕╤П ╨╕╤Б╤Е╨╛╨┤╨╜╨╛╨│╨╛ ╤Д╨░╨╣╨╗╨░ "../src/keybinds.cpp")
  
C:\Users\KusokMedi\Documents\GitHub\BetterShowcase\src\ui\load_macro_layer.hpp(46,14): error C2059: ╤Б╨╕╨╜╤В╨░╨║╤Б╨╕╤З╨╡╤Б╨║╨░╤П ╨╛╤И╨╕╨▒╨║╨░: < [C:\Users\KusokMedi\Documents\GitHub\BetterShowcase\build\xdBot2.vcxproj]
  (╨║╨╛╨╝╨┐╨╕╨╗╤П╤Ж╨╕╤П ╨╕╤Б╤Е╨╛╨┤╨╜╨╛╨│╨╛ ╤Д╨░╨╣╨╗╨░ "../src/keybinds.cpp")
  
C:\Users\KusokMedi\Documents\GitHub\BetterShowcase\src\ui\load_macro_layer.hpp(46,38): error C2238: ╨╜╨╡╨┐╤А╨╡╨┤╨▓╨╕╨┤╨╡╨╜╨╜╤Л╨╡ ╨╗╨╡╨║╤Б╨╡╨╝╤Л ╨┐╨╡╤А╨╡╨┤ ";" [C:\Users\KusokMedi\Documents\GitHub\BetterShowcase\build\xdBot2.vcxproj]
  (╨║╨╛╨╝╨┐╨╕╨╗╤П╤Ж╨╕╤П ╨╕╤Б╤Е╨╛╨┤╨╜╨╛╨│╨╛ ╤Д╨░╨╣╨╗╨░ "../src/keybinds.cpp")
  
C:\Users\KusokMedi\Documents\GitHub\BetterShowcase\src\ui\load_macro_layer.hpp(69,44): error C2143: ╤Б╨╕╨╜╤В╨░╨║╤Б╨╕╤З╨╡╤Б╨║╨░╤П ╨╛╤И╨╕╨▒╨║╨░: ╨╛╤В╤Б╤Г╤В╤Б╤В╨▓╨╕╨╡ ")" ╨┐╨╡╤А╨╡╨┤ "<" [C:\Users\KusokMedi\Documents\GitHub\BetterShowcase\build\xdBot2.vcxproj]
  (╨║╨╛╨╝╨┐╨╕╨╗╤П╤Ж╨╕╤П ╨╕╤Б╤Е╨╛╨┤╨╜╨╛╨│╨╛ ╤Д╨░╨╣╨╗╨░ "../src/keybinds.cpp")
  
C:\Users\KusokMedi\Documents\GitHub\BetterShowcase\src\ui\load_macro_layer.hpp(69,44): error C2143: ╤Б╨╕╨╜╤В╨░╨║╤Б╨╕╤З╨╡╤Б╨║╨░╤П ╨╛╤И╨╕╨▒╨║╨░: ╨╛╤В╤Б╤Г╤В╤Б╤В╨▓╨╕╨╡ ";" ╨┐╨╡╤А╨╡╨┤ "<" [C:\Users\KusokMedi\Documents\GitHub\BetterShowcase\build\xdBot2.vcxproj]
  (╨║╨╛╨╝╨┐╨╕╨╗╤П╤Ж╨╕╤П ╨╕╤Б╤Е╨╛╨┤╨╜╨╛╨│╨╛ ╤Д╨░╨╣╨╗╨░ "../src/keybinds.cpp")
  
C:\Users\KusokMedi\Documents\GitHub\BetterShowcase\src\ui\load_macro_layer.hpp(69,44): error C2059: ╤Б╨╕╨╜╤В╨░╨║╤Б╨╕╤З╨╡╤Б╨║╨░╤П ╨╛╤И╨╕╨▒╨║╨░: < [C:\Users\KusokMedi\Documents\GitHub\BetterShowcase\build\xdBot2.vcxproj]
  (╨║╨╛╨╝╨┐╨╕╨╗╤П╤Ж╨╕╤П ╨╕╤Б╤Е╨╛╨┤╨╜╨╛╨│╨╛ ╤Д╨░╨╣╨╗╨░ "../src/keybinds.cpp")
  
C:\Users\KusokMedi\Documents\GitHub\BetterShowcase\src\ui\load_macro_layer.hpp(69,93): error C2059: ╤Б╨╕╨╜╤В╨░╨║╤Б╨╕╤З╨╡╤Б╨║╨░╤П ╨╛╤И╨╕╨▒╨║╨░: ) [C:\Users\KusokMedi\Documents\GitHub\BetterShowcase\build\xdBot2.vcxproj]
  (╨║╨╛╨╝╨┐╨╕╨╗╤П╤Ж╨╕╤П ╨╕╤Б╤Е╨╛╨┤╨╜╨╛╨│╨╛ ╤Д╨░╨╣╨╗╨░ "../src/keybinds.cpp")
  
C:\Users\KusokMedi\Documents\GitHub\BetterShowcase\src\ui\load_macro_layer.hpp(69,94): error C2238: ╨╜╨╡╨┐╤А╨╡╨┤╨▓╨╕╨┤╨╡╨╜╨╜╤Л╨╡ ╨╗╨╡╨║╤Б╨╡╨╝╤Л ╨┐╨╡╤А╨╡╨┤ ";" [C:\Users\KusokMedi\Documents\GitHub\BetterShowcase\build\xdBot2.vcxproj]
  (╨║╨╛╨╝╨┐╨╕╨╗╤П╤Ж╨╕╤П ╨╕╤Б╤Е╨╛╨┤╨╜╨╛╨│╨╛ ╤Д╨░╨╣╨╗╨░ "../src/keybinds.cpp")
  
C:\Users\KusokMedi\Documents\GitHub\BetterShowcase\src\ui\load_macro_layer.hpp(71,25): error C2143: ╤Б╨╕╨╜╤В╨░╨║╤Б╨╕╤З╨╡╤Б╨║╨░╤П ╨╛╤И╨╕╨▒╨║╨░: ╨╛╤В╤Б╤Г╤В╤Б╤В╨▓╨╕╨╡ ")" ╨┐╨╡╤А╨╡╨┤ "<" [C:\Users\KusokMedi\Documents\GitHub\BetterShowcase\build\xdBot2.vcxproj]
  (╨║╨╛╨╝╨┐╨╕╨╗╤П╤Ж╨╕╤П ╨╕╤Б╤Е╨╛╨┤╨╜╨╛╨│╨╛ ╤Д╨░╨╣╨╗╨░ "../src/keybinds.cpp")
  
C:\Users\KusokMedi\Documents\GitHub\BetterShowcase\src\ui\load_macro_layer.hpp(71,25): error C2143: ╤Б╨╕╨╜╤В╨░╨║╤Б╨╕╤З╨╡╤Б╨║╨░╤П ╨╛╤И╨╕╨▒╨║╨░: ╨╛╤В╤Б╤Г╤В╤Б╤В╨▓╨╕╨╡ ";" ╨┐╨╡╤А╨╡╨┤ "<" [C:\Users\KusokMedi\Documents\GitHub\BetterShowcase\build\xdBot2.vcxproj]
  (╨║╨╛╨╝╨┐╨╕╨╗╤П╤Ж╨╕╤П ╨╕╤Б╤Е╨╛╨┤╨╜╨╛╨│╨╛ ╤Д╨░╨╣╨╗╨░ "../src/keybinds.cpp")
  
C:\Users\KusokMedi\Documents\GitHub\BetterShowcase\src\ui\load_macro_layer.hpp(71,25): error C2059: ╤Б╨╕╨╜╤В╨░╨║╤Б╨╕╤З╨╡╤Б╨║╨░╤П ╨╛╤И╨╕╨▒╨║╨░: < [C:\Users\KusokMedi\Documents\GitHub\BetterShowcase\build\xdBot2.vcxproj]
  (╨║╨╛╨╝╨┐╨╕╨╗╤П╤Ж╨╕╤П ╨╕╤Б╤Е╨╛╨┤╨╜╨╛╨│╨╛ ╤Д╨░╨╣╨╗╨░ "../src/keybinds.cpp")
  
C:\Users\KusokMedi\Documents\GitHub\BetterShowcase\src\ui\load_macro_layer.hpp(71,74): error C2059: ╤Б╨╕╨╜╤В╨░╨║╤Б╨╕╤З╨╡╤Б╨║╨░╤П ╨╛╤И╨╕╨▒╨║╨░: ) [C:\Users\KusokMedi\Documents\GitHub\BetterShowcase\build\xdBot2.vcxproj]
  (╨║╨╛╨╝╨┐╨╕╨╗╤П╤Ж╨╕╤П ╨╕╤Б╤Е╨╛╨┤╨╜╨╛╨│╨╛ ╤Д╨░╨╣╨╗╨░ "../src/keybinds.cpp")
  
C:\Users\KusokMedi\Documents\GitHub\BetterShowcase\src\ui\load_macro_layer.hpp(71,84): error C2238: ╨╜╨╡╨┐╤А╨╡╨┤╨▓╨╕╨┤╨╡╨╜╨╜╤Л╨╡ ╨╗╨╡╨║╤Б╨╡╨╝╤Л ╨┐╨╡╤А╨╡╨┤ ";" [C:\Users\KusokMedi\Documents\GitHub\BetterShowcase\build\xdBot2.vcxproj]
  (╨║╨╛╨╝╨┐╨╕╨╗╤П╤Ж╨╕╤П ╨╕╤Б╤Е╨╛╨┤╨╜╨╛╨│╨╛ ╤Д╨░╨╣╨╗╨░ "../src/keybinds.cpp")
  
C:\Users\KusokMedi\Documents\GitHub\BetterShowcase\src\ui\load_macro_layer.hpp(73,31): error C2143: ╤Б╨╕╨╜╤В╨░╨║╤Б╨╕╤З╨╡╤Б╨║╨░╤П ╨╛╤И╨╕╨▒╨║╨░: ╨╛╤В╤Б╤Г╤В╤Б╤В╨▓╨╕╨╡ ")" ╨┐╨╡╤А╨╡╨┤ "<" [C:\Users\KusokMedi\Documents\GitHub\BetterShowcase\build\xdBot2.vcxproj]
  (╨║╨╛╨╝╨┐╨╕╨╗╤П╤Ж╨╕╤П ╨╕╤Б╤Е╨╛╨┤╨╜╨╛╨│╨╛ ╤Д╨░╨╣╨╗╨░ "../src/keybinds.cpp")
  
C:\Users\KusokMedi\Documents\GitHub\BetterShowcase\src\ui\load_macro_layer.hpp(73,31): error C2143: ╤Б╨╕╨╜╤В╨░╨║╤Б╨╕╤З╨╡╤Б╨║╨░╤П ╨╛╤И╨╕╨▒╨║╨░: ╨╛╤В╤Б╤Г╤В╤Б╤В╨▓╨╕╨╡ ";" ╨┐╨╡╤А╨╡╨┤ "<" [C:\Users\KusokMedi\Documents\GitHub\BetterShowcase\build\xdBot2.vcxproj]
  (╨║╨╛╨╝╨┐╨╕╨╗╤П╤Ж╨╕╤П ╨╕╤Б╤Е╨╛╨┤╨╜╨╛╨│╨╛ ╤Д╨░╨╣╨╗╨░ "../src/keybinds.cpp")
  
C:\Users\KusokMedi\Documents\GitHub\BetterShowcase\src\ui\load_macro_layer.hpp(73,31): error C2059: ╤Б╨╕╨╜╤В╨░╨║╤Б╨╕╤З╨╡╤Б╨║╨░╤П ╨╛╤И╨╕╨▒╨║╨░: < [C:\Users\KusokMedi\Documents\GitHub\BetterShowcase\build\xdBot2.vcxproj]
  (╨║╨╛╨╝╨┐╨╕╨╗╤П╤Ж╨╕╤П ╨╕╤Б╤Е╨╛╨┤╨╜╨╛╨│╨╛ ╤Д╨░╨╣╨╗╨░ "../src/keybinds.cpp")
  
C:\Users\KusokMedi\Documents\GitHub\BetterShowcase\src\ui\load_macro_layer.hpp(73,88): error C2059: ╤Б╨╕╨╜╤В╨░╨║╤Б╨╕╤З╨╡╤Б╨║╨░╤П ╨╛╤И╨╕╨▒╨║╨░: ) [C:\Users\KusokMedi\Documents\GitHub\BetterShowcase\build\xdBot2.vcxproj]
  (╨║╨╛╨╝╨┐╨╕╨╗╤П╤Ж╨╕╤П ╨╕╤Б╤Е╨╛╨┤╨╜╨╛╨│╨╛ ╤Д╨░╨╣╨╗╨░ "../src/keybinds.cpp")
  
C:\Users\KusokMedi\Documents\GitHub\BetterShowcase\src\ui\load_macro_layer.hpp(73,89): error C2238: ╨╜╨╡╨┐╤А╨╡╨┤╨▓╨╕╨┤╨╡╨╜╨╜╤Л╨╡ ╨╗╨╡╨║╤Б╨╡╨╝╤Л ╨┐╨╡╤А╨╡╨┤ ";" [C:\Users\KusokMedi\Documents\GitHub\BetterShowcase\build\xdBot2.vcxproj]
  (╨║╨╛╨╝╨┐╨╕╨╗╤П╤Ж╨╕╤П ╨╕╤Б╤Е╨╛╨┤╨╜╨╛╨│╨╛ ╤Д╨░╨╣╨╗╨░ "../src/keybinds.cpp")
  
C:\Users\KusokMedi\Documents\GitHub\BetterShowcase\src\ui\load_macro_layer.hpp(79,7): error C3668: LoadMacroLayer::textChanged: ╨╝╨╡╤В╨╛╨┤ ╤Б╨╛ ╤Б╨┐╨╡╤Ж╨╕╤Д╨╕╨║╨░╤В╨╛╤А╨╛╨╝ ╨┐╨╡╤А╨╡╨╛╨┐╤А╨╡╨┤╨╡╨╗╨╡╨╜╨╕╤П "override" ╨╜╨╡ ╨┐╨╡╤А╨╡╨╛╨┐╤А╨╡╨┤╨╡╨╗╤П╨╡╤В ╨║╨░╨║╨╕╨╡-╨╗╨╕╨▒╨╛ ╨╝╨╡╤В╨╛╨┤╤Л ╨▒╨░╨╖╨╛╨▓╨╛╨│╨╛ ╨║╨╗╨░╤Б╤Б╨░ [C:\Users\KusokMedi\Documents\GitHub\BetterShowcase\build\xdBot2.vcxproj]
  (╨║╨╛╨╝╨┐╨╕╨╗╤П╤Ж╨╕╤П ╨╕╤Б╤Е╨╛╨┤╨╜╨╛╨│╨╛ ╤Д╨░╨╣╨╗╨░ "../src/keybinds.cpp")
  
C:\Users\KusokMedi\Documents\GitHub\BetterShowcase\src\ui\render_settings_layer.hpp(5,48): error C2143: ╤Б╨╕╨╜╤В╨░╨║╤Б╨╕╤З╨╡╤Б╨║╨░╤П ╨╛╤И╨╕╨▒╨║╨░: ╨╛╤В╤Б╤Г╤В╤Б╤В╨▓╨╕╨╡ "," ╨┐╨╡╤А╨╡╨┤ "<" [C:\Users\KusokMedi\Documents\GitHub\BetterShowcase\build\xdBot2.vcxproj]
  (╨║╨╛╨╝╨┐╨╕╨╗╤П╤Ж╨╕╤П ╨╕╤Б╤Е╨╛╨┤╨╜╨╛╨│╨╛ ╤Д╨░╨╣╨╗╨░ "../src/keybinds.cpp")
  
C:\Users\KusokMedi\Documents\GitHub\BetterShowcase\src\ui\render_settings_layer.hpp(27,7): error C3668: RenderSettingsLayer::setup: ╨╝╨╡╤В╨╛╨┤ ╤Б╨╛ ╤Б╨┐╨╡╤Ж╨╕╤Д╨╕╨║╨░╤В╨╛╤А╨╛╨╝ ╨┐╨╡╤А╨╡╨╛╨┐╤А╨╡╨┤╨╡╨╗╨╡╨╜╨╕╤П "override" ╨╜╨╡ ╨┐╨╡╤А╨╡╨╛╨┐╤А╨╡╨┤╨╡╨╗╤П╨╡╤В ╨║╨░╨║╨╕╨╡-╨╗╨╕╨▒╨╛ ╨╝╨╡╤В╨╛╨┤╤Л ╨▒╨░╨╖╨╛╨▓╨╛╨│╨╛ ╨║╨╗╨░╤Б╤Б╨░ [C:\Users\KusokMedi\Documents\GitHub\BetterShowcase\build\xdBot2.vcxproj]
  (╨║╨╛╨╝╨┐╨╕╨╗╤П╤Ж╨╕╤П ╨╕╤Б╤Е╨╛╨┤╨╜╨╛╨│╨╛ ╤Д╨░╨╣╨╗╨░ "../src/keybinds.cpp")
  
C:\Users\KusokMedi\Documents\GitHub\BetterShowcase\src\ui\render_settings_layer.hpp(41,7): error C3668: RenderSettingsLayer::textChanged: ╨╝╨╡╤В╨╛╨┤ ╤Б╨╛ ╤Б╨┐╨╡╤Ж╨╕╤Д╨╕╨║╨░╤В╨╛╤А╨╛╨╝ ╨┐╨╡╤А╨╡╨╛╨┐╤А╨╡╨┤╨╡╨╗╨╡╨╜╨╕╤П "override" ╨╜╨╡ ╨┐╨╡╤А╨╡╨╛╨┐╤А╨╡╨┤╨╡╨╗╤П╨╡╤В ╨║╨░╨║╨╕╨╡-╨╗╨╕╨▒╨╛ ╨╝╨╡╤В╨╛╨┤╤Л ╨▒╨░╨╖╨╛╨▓╨╛╨│╨╛ ╨║╨╗╨░╤Б╤Б╨░ [C:\Users\KusokMedi\Documents\GitHub\BetterShowcase\build\xdBot2.vcxproj]
  (╨║╨╛╨╝╨┐╨╕╨╗╤П╤Ж╨╕╤П ╨╕╤Б╤Е╨╛╨┤╨╜╨╛╨│╨╛ ╤Д╨░╨╣╨╗╨░ "../src/keybinds.cpp")
  
C:\Users\KusokMedi\Documents\GitHub\BetterShowcase\src\ui\render_settings_layer.hpp(31,2): error C2039: "initAnchored": ╨╜╨╡ ╤П╨▓╨╗╤П╨╡╤В╤Б╤П ╤З╨╗╨╡╨╜╨╛╨╝ "RenderSettingsLayer". [C:\Users\KusokMedi\Documents\GitHub\BetterShowcase\build\xdBot2.vcxproj]
  (╨║╨╛╨╝╨┐╨╕╨╗╤П╤Ж╨╕╤П ╨╕╤Б╤Е╨╛╨┤╨╜╨╛╨│╨╛ ╤Д╨░╨╣╨╗╨░ "../src/keybinds.cpp")
      C:\Users\KusokMedi\Documents\GitHub\BetterShowcase\src\ui\render_settings_layer.hpp(5,7):
       ╤Б╨╝. ╨╛╨▒╤К╤П╨▓╨╗╨╡╨╜╨╕╨╡ "RenderSettingsLayer"
  
C:\Users\KusokMedi\Documents\GitHub\BetterShowcase\src\ui\save_macro_layer.hpp(4,43): error C2143: ╤Б╨╕╨╜╤В╨░╨║╤Б╨╕╤З╨╡╤Б╨║╨░╤П ╨╛╤И╨╕╨▒╨║╨░: ╨╛╤В╤Б╤Г╤В╤Б╤В╨▓╨╕╨╡ "," ╨┐╨╡╤А╨╡╨┤ "<" [C:\Users\KusokMedi\Documents\GitHub\BetterShowcase\build\xdBot2.vcxproj]
  (╨║╨╛╨╝╨┐╨╕╨╗╤П╤Ж╨╕╤П ╨╕╤Б╤Е╨╛╨┤╨╜╨╛╨│╨╛ ╤Д╨░╨╣╨╗╨░ "../src/keybinds.cpp")
  
C:\Users\KusokMedi\Documents\GitHub\BetterShowcase\src\ui\save_macro_layer.hpp(14,10): error C3668: SaveMacroLayer::setup: ╨╝╨╡╤В╨╛╨┤ ╤Б╨╛ ╤Б╨┐╨╡╤Ж╨╕╤Д╨╕╨║╨░╤В╨╛╤А╨╛╨╝ ╨┐╨╡╤А╨╡╨╛╨┐╤А╨╡╨┤╨╡╨╗╨╡╨╜╨╕╤П "override" ╨╜╨╡ ╨┐╨╡╤А╨╡╨╛╨┐╤А╨╡╨┤╨╡╨╗╤П╨╡╤В ╨║╨░╨║╨╕╨╡-╨╗╨╕╨▒╨╛ ╨╝╨╡╤В╨╛╨┤╤Л ╨▒╨░╨╖╨╛╨▓╨╛╨│╨╛ ╨║╨╗╨░╤Б╤Б╨░ [C:\Users\KusokMedi\Documents\GitHub\BetterShowcase\build\xdBot2.vcxproj]
  (╨║╨╛╨╝╨┐╨╕╨╗╤П╤Ж╨╕╤П ╨╕╤Б╤Е╨╛╨┤╨╜╨╛╨│╨╛ ╤Д╨░╨╣╨╗╨░ "../src/keybinds.cpp")
  
C:\Users\KusokMedi\Documents\GitHub\BetterShowcase\src\ui\save_macro_layer.hpp(15,16): error C2664: "void Utils::setBackgroundColor(cocos2d::extension::CCScale9Sprite *)": ╨╜╨╡╨▓╨╛╨╖╨╝╨╛╨╢╨╜╨╛ ╨┐╤А╨╡╨╛╨▒╤А╨░╨╖╨╛╨▓╨░╤В╤М ╨░╤А╨│╤Г╨╝╨╡╨╜╤В 1 ╨╕╨╖ "geode::NineSlice *" ╨▓ "cocos2d::extension::CCScale9Sprite *" [C:\Users\KusokMedi\Documents\GitHub\BetterShowcase\build\xdBot2.vcxproj]
  (╨║╨╛╨╝╨┐╨╕╨╗╤П╤Ж╨╕╤П ╨╕╤Б╤Е╨╛╨┤╨╜╨╛╨│╨╛ ╤Д╨░╨╣╨╗╨░ "../src/keybinds.cpp")
      C:\Users\KusokMedi\Documents\GitHub\BetterShowcase\src\ui\save_macro_layer.hpp(15,35):
      ╨в╨╕╨┐╤Л, ╨╜╨░ ╨║╨╛╤В╨╛╤А╤Л╨╡ ╤Г╨║╨░╨╖╤Л╨▓╨░╤О╤В ╤Г╨║╨░╨╖╨░╤В╨╡╨╗╨╕, ╨╜╨╡ ╤Б╨▓╤П╨╖╨░╨╜╤Л; ╨┤╨╗╤П ╨┐╤А╨╡╨╛╨▒╤А╨░╨╖╨╛╨▓╨░╨╜╨╕╤П ╤В╤А╨╡╨▒╤Г╨╡╤В╤Б╤П reinterpret_cast, ╨┐╤А╨╕╨▓╨╡╨┤╨╡╨╜╨╕╨╡ ╨▓ ╤Б╤В╨╕╨╗╨╡ ╨б ╨╕╨╗╨╕ ╨┐╤А╨╕╨▓╨╡╨┤╨╡╨╜╨╕╨╡ ╨▓ ╤Б╤В╨╕╨╗╨╡ ╤Д╤Г╨╜╨║╤Ж╨╕╨╕ ╨▓ ╨║╤А╤Г╨│╨╗╤Л╤Е ╤Б╨║╨╛╨▒╨║╨░╤Е
      C:\Users\KusokMedi\Documents\GitHub\BetterShowcase\src\utils\utils.hpp(18,17):
       ╤Б╨╝. ╨╛╨▒╤К╤П╨▓╨╗╨╡╨╜╨╕╨╡ "Utils::setBackgroundColor"
      C:\Users\KusokMedi\Documents\GitHub\BetterShowcase\src\ui\save_macro_layer.hpp(15,16):
      ╨┐╤А╨╕ ╨┐╨╛╨┐╤Л╤В╨║╨╡ ╤Б╨╛╨┐╨╛╤Б╤В╨░╨▓╨╕╤В╤М ╤Б╨┐╨╕╤Б╨╛╨║ ╨░╤А╨│╤Г╨╝╨╡╨╜╤В╨╛╨▓ "(geode::NineSlice *)"
  
C:\Users\KusokMedi\Documents\GitHub\BetterShowcase\src\ui\save_macro_layer.hpp(73,5): error C2039: "initAnchored": ╨╜╨╡ ╤П╨▓╨╗╤П╨╡╤В╤Б╤П ╤З╨╗╨╡╨╜╨╛╨╝ "SaveMacroLayer". [C:\Users\KusokMedi\Documents\GitHub\BetterShowcase\build\xdBot2.vcxproj]
  (╨║╨╛╨╝╨┐╨╕╨╗╤П╤Ж╨╕╤П ╨╕╤Б╤Е╨╛╨┤╨╜╨╛╨│╨╛ ╤Д╨░╨╣╨╗╨░ "../src/keybinds.cpp")
      C:\Users\KusokMedi\Documents\GitHub\BetterShowcase\src\ui\save_macro_layer.hpp(4,7):
       ╤Б╨╝. ╨╛╨▒╤К╤П╨▓╨╗╨╡╨╜╨╕╨╡ "SaveMacroLayer"
  
C:\Users\KusokMedi\Documents\GitHub\BetterShowcase\src\ui\macro_info_layer.hpp(5,43): error C2143: ╤Б╨╕╨╜╤В╨░╨║╤Б╨╕╤З╨╡╤Б╨║╨░╤П ╨╛╤И╨╕╨▒╨║╨░: ╨╛╤В╤Б╤Г╤В╤Б╤В╨▓╨╕╨╡ "," ╨┐╨╡╤А╨╡╨┤ "<" [C:\Users\KusokMedi\Documents\GitHub\BetterShowcase\build\xdBot2.vcxproj]
  (╨║╨╛╨╝╨┐╨╕╨╗╤П╤Ж╨╕╤П ╨╕╤Б╤Е╨╛╨┤╨╜╨╛╨│╨╛ ╤Д╨░╨╣╨╗╨░ "../src/keybinds.cpp")
  
C:\Users\KusokMedi\Documents\GitHub\BetterShowcase\src\ui\macro_info_layer.hpp(21,10): error C3668: MacroInfoLayer::setup: ╨╝╨╡╤В╨╛╨┤ ╤Б╨╛ ╤Б╨┐╨╡╤Ж╨╕╤Д╨╕╨║╨░╤В╨╛╤А╨╛╨╝ ╨┐╨╡╤А╨╡╨╛╨┐╤А╨╡╨┤╨╡╨╗╨╡╨╜╨╕╤П "override" ╨╜╨╡ ╨┐╨╡╤А╨╡╨╛╨┐╤А╨╡╨┤╨╡╨╗╤П╨╡╤В ╨║╨░╨║╨╕╨╡-╨╗╨╕╨▒╨╛ ╨╝╨╡╤В╨╛╨┤╤Л ╨▒╨░╨╖╨╛╨▓╨╛╨│╨╛ ╨║╨╗╨░╤Б╤Б╨░ [C:\Users\KusokMedi\Documents\GitHub\BetterShowcase\build\xdBot2.vcxproj]
  (╨║╨╛╨╝╨┐╨╕╨╗╤П╤Ж╨╕╤П ╨╕╤Б╤Е╨╛╨┤╨╜╨╛╨│╨╛ ╤Д╨░╨╣╨╗╨░ "../src/keybinds.cpp")
  
C:\Users\KusokMedi\Documents\GitHub\BetterShowcase\src\ui\macro_info_layer.hpp(11,18): error C2039: "initAnchored": ╨╜╨╡ ╤П╨▓╨╗╤П╨╡╤В╤Б╤П ╤З╨╗╨╡╨╜╨╛╨╝ "MacroInfoLayer". [C:\Users\KusokMedi\Documents\GitHub\BetterShowcase\build\xdBot2.vcxproj]
  (╨║╨╛╨╝╨┐╨╕╨╗╤П╤Ж╨╕╤П ╨╕╤Б╤Е╨╛╨┤╨╜╨╛╨│╨╛ ╤Д╨░╨╣╨╗╨░ "../src/keybinds.cpp")
      C:\Users\KusokMedi\Documents\GitHub\BetterShowcase\src\ui\macro_info_layer.hpp(5,7):
       ╤Б╨╝. ╨╛╨▒╤К╤П╨▓╨╗╨╡╨╜╨╕╨╡ "MacroInfoLayer"
  
C:\Users\KusokMedi\Documents\GitHub\BetterShowcase\src\ui\record_layer.hpp(34,40): error C2143: ╤Б╨╕╨╜╤В╨░╨║╤Б╨╕╤З╨╡╤Б╨║╨░╤П ╨╛╤И╨╕╨▒╨║╨░: ╨╛╤В╤Б╤Г╤В╤Б╤В╨▓╨╕╨╡ "," ╨┐╨╡╤А╨╡╨┤ "<" [C:\Users\KusokMedi\Documents\GitHub\BetterShowcase\build\xdBot2.vcxproj]
  (╨║╨╛╨╝╨┐╨╕╨╗╤П╤Ж╨╕╤П ╨╕╤Б╤Е╨╛╨┤╨╜╨╛╨│╨╛ ╤Д╨░╨╣╨╗╨░ "../src/keybinds.cpp")
  
C:\Users\KusokMedi\Documents\GitHub\BetterShowcase\src\ui\record_layer.hpp(76,7): error C3668: RecordLayer::setup: ╨╝╨╡╤В╨╛╨┤ ╤Б╨╛ ╤Б╨┐╨╡╤Ж╨╕╤Д╨╕╨║╨░╤В╨╛╤А╨╛╨╝ ╨┐╨╡╤А╨╡╨╛╨┐╤А╨╡╨┤╨╡╨╗╨╡╨╜╨╕╤П "override" ╨╜╨╡ ╨┐╨╡╤А╨╡╨╛╨┐╤А╨╡╨┤╨╡╨╗╤П╨╡╤В ╨║╨░╨║╨╕╨╡-╨╗╨╕╨▒╨╛ ╨╝╨╡╤В╨╛╨┤╤Л ╨▒╨░╨╖╨╛╨▓╨╛╨│╨╛ ╨║╨╗╨░╤Б╤Б╨░ [C:\Users\KusokMedi\Documents\GitHub\BetterShowcase\build\xdBot2.vcxproj]
  (╨║╨╛╨╝╨┐╨╕╨╗╤П╤Ж╨╕╤П ╨╕╤Б╤Е╨╛╨┤╨╜╨╛╨│╨╛ ╤Д╨░╨╣╨╗╨░ "../src/keybinds.cpp")
  
C:\Users\KusokMedi\Documents\GitHub\BetterShowcase\src\ui\record_layer.hpp(91,7): error C3668: RecordLayer::textChanged: ╨╝╨╡╤В╨╛╨┤ ╤Б╨╛ ╤Б╨┐╨╡╤Ж╨╕╤Д╨╕╨║╨░╤В╨╛╤А╨╛╨╝ ╨┐╨╡╤А╨╡╨╛╨┐╤А╨╡╨┤╨╡╨╗╨╡╨╜╨╕╤П "override" ╨╜╨╡ ╨┐╨╡╤А╨╡╨╛╨┐╤А╨╡╨┤╨╡╨╗╤П╨╡╤В ╨║╨░╨║╨╕╨╡-╨╗╨╕╨▒╨╛ ╨╝╨╡╤В╨╛╨┤╤Л ╨▒╨░╨╖╨╛╨▓╨╛╨│╨╛ ╨║╨╗╨░╤Б╤Б╨░ [C:\Users\KusokMedi\Documents\GitHub\BetterShowcase\build\xdBot2.vcxproj]
  (╨║╨╛╨╝╨┐╨╕╨╗╤П╤Ж╨╕╤П ╨╕╤Б╤Е╨╛╨┤╨╜╨╛╨│╨╛ ╤Д╨░╨╣╨╗╨░ "../src/keybinds.cpp")
  
C:\Users\KusokMedi\Documents\GitHub\BetterShowcase\src\ui\record_layer.hpp(80,20): error C2039: "layer": ╨╜╨╡ ╤П╨▓╨╗╤П╨╡╤В╤Б╤П ╤З╨╗╨╡╨╜╨╛╨╝ "Global". [C:\Users\KusokMedi\Documents\GitHub\BetterShowcase\build\xdBot2.vcxproj]
  (╨║╨╛╨╝╨┐╨╕╨╗╤П╤Ж╨╕╤П ╨╕╤Б╤Е╨╛╨┤╨╜╨╛╨│╨╛ ╤Д╨░╨╣╨╗╨░ "../src/keybinds.cpp")
      C:\Users\KusokMedi\Documents\GitHub\BetterShowcase\src\includes.hpp(46,7):
       ╤Б╨╝. ╨╛╨▒╤К╤П╨▓╨╗╨╡╨╜╨╕╨╡ "Global"
  
C:\Users\KusokMedi\Documents\GitHub\BetterShowcase\src\ui\record_layer.hpp(87,2): error C2039: "initAnchored": ╨╜╨╡ ╤П╨▓╨╗╤П╨╡╤В╤Б╤П ╤З╨╗╨╡╨╜╨╛╨╝ "RecordLayer". [C:\Users\KusokMedi\Documents\GitHub\BetterShowcase\build\xdBot2.vcxproj]
  (╨║╨╛╨╝╨┐╨╕╨╗╤П╤Ж╨╕╤П ╨╕╤Б╤Е╨╛╨┤╨╜╨╛╨│╨╛ ╤Д╨░╨╣╨╗╨░ "../src/keybinds.cpp")
      C:\Users\KusokMedi\Documents\GitHub\BetterShowcase\src\ui\record_layer.hpp(34,7):
       ╤Б╨╝. ╨╛╨▒╤К╤П╨▓╨╗╨╡╨╜╨╕╨╡ "RecordLayer"
  
C:\Users\KusokMedi\Documents\GitHub\BetterShowcase\src\ui\button_edit_layer.hpp(23,44): error C2143: ╤Б╨╕╨╜╤В╨░╨║╤Б╨╕╤З╨╡╤Б╨║╨░╤П ╨╛╤И╨╕╨▒╨║╨░: ╨╛╤В╤Б╤Г╤В╤Б╤В╨▓╨╕╨╡ "," ╨┐╨╡╤А╨╡╨┤ "<" [C:\Users\KusokMedi\Documents\GitHub\BetterShowcase\build\xdBot2.vcxproj]
  (╨║╨╛╨╝╨┐╨╕╨╗╤П╤Ж╨╕╤П ╨╕╤Б╤Е╨╛╨┤╨╜╨╛╨│╨╛ ╤Д╨░╨╣╨╗╨░ "../src/keybinds.cpp")
  
C:\Users\KusokMedi\Documents\GitHub\BetterShowcase\src\ui\button_edit_layer.hpp(27,10): error C3668: ButtonEditLayer::setup: ╨╝╨╡╤В╨╛╨┤ ╤Б╨╛ ╤Б╨┐╨╡╤Ж╨╕╤Д╨╕╨║╨░╤В╨╛╤А╨╛╨╝ ╨┐╨╡╤А╨╡╨╛╨┐╤А╨╡╨┤╨╡╨╗╨╡╨╜╨╕╤П "override" ╨╜╨╡ ╨┐╨╡╤А╨╡╨╛╨┐╤А╨╡╨┤╨╡╨╗╤П╨╡╤В ╨║╨░╨║╨╕╨╡-╨╗╨╕╨▒╨╛ ╨╝╨╡╤В╨╛╨┤╤Л ╨▒╨░╨╖╨╛╨▓╨╛╨│╨╛ ╨║╨╗╨░╤Б╤Б╨░ [C:\Users\KusokMedi\Documents\GitHub\BetterShowcase\build\xdBot2.vcxproj]
  (╨║╨╛╨╝╨┐╨╕╨╗╤П╤Ж╨╕╤П ╨╕╤Б╤Е╨╛╨┤╨╜╨╛╨│╨╛ ╤Д╨░╨╣╨╗╨░ "../src/keybinds.cpp")
  
C:\Users\KusokMedi\Documents\GitHub\BetterShowcase\src\ui\button_edit_layer.hpp(31,5): error C2039: "initAnchored": ╨╜╨╡ ╤П╨▓╨╗╤П╨╡╤В╤Б╤П ╤З╨╗╨╡╨╜╨╛╨╝ "ButtonEditLayer". [C:\Users\KusokMedi\Documents\GitHub\BetterShowcase\build\xdBot2.vcxproj]
  (╨║╨╛╨╝╨┐╨╕╨╗╤П╤Ж╨╕╤П ╨╕╤Б╤Е╨╛╨┤╨╜╨╛╨│╨╛ ╤Д╨░╨╣╨╗╨░ "../src/keybinds.cpp")
      C:\Users\KusokMedi\Documents\GitHub\BetterShowcase\src\ui\button_edit_layer.hpp(23,7):
       ╤Б╨╝. ╨╛╨▒╤К╤П╨▓╨╗╨╡╨╜╨╕╨╡ "ButtonEditLayer"
  
C:\Users\KusokMedi\Documents\GitHub\BetterShowcase\src\ui\clickbot_layer.hpp(9,47): error C2143: ╤Б╨╕╨╜╤В╨░╨║╤Б╨╕╤З╨╡╤Б╨║╨░╤П ╨╛╤И╨╕╨▒╨║╨░: ╨╛╤В╤Б╤Г╤В╤Б╤В╨▓╨╕╨╡ "," ╨┐╨╡╤А╨╡╨┤ "<" [C:\Users\KusokMedi\Documents\GitHub\BetterShowcase\build\xdBot2.vcxproj]
  (╨║╨╛╨╝╨┐╨╕╨╗╤П╤Ж╨╕╤П ╨╕╤Б╤Е╨╛╨┤╨╜╨╛╨│╨╛ ╤Д╨░╨╣╨╗╨░ "../src/keybinds.cpp")
  
C:\Users\KusokMedi\Documents\GitHub\BetterShowcase\src\ui\clickbot_layer.hpp(25,48): error C2143: ╤Б╨╕╨╜╤В╨░╨║╤Б╨╕╤З╨╡╤Б╨║╨░╤П ╨╛╤И╨╕╨▒╨║╨░: ╨╛╤В╤Б╤Г╤В╤Б╤В╨▓╨╕╨╡ ")" ╨┐╨╡╤А╨╡╨┤ "<" [C:\Users\KusokMedi\Documents\GitHub\BetterShowcase\build\xdBot2.vcxproj]
  (╨║╨╛╨╝╨┐╨╕╨╗╤П╤Ж╨╕╤П ╨╕╤Б╤Е╨╛╨┤╨╜╨╛╨│╨╛ ╤Д╨░╨╣╨╗╨░ "../src/keybinds.cpp")
  
C:\Users\KusokMedi\Documents\GitHub\BetterShowcase\src\ui\clickbot_layer.hpp(25,48): error C2143: ╤Б╨╕╨╜╤В╨░╨║╤Б╨╕╤З╨╡╤Б╨║╨░╤П ╨╛╤И╨╕╨▒╨║╨░: ╨╛╤В╤Б╤Г╤В╤Б╤В╨▓╨╕╨╡ ";" ╨┐╨╡╤А╨╡╨┤ "<" [C:\Users\KusokMedi\Documents\GitHub\BetterShowcase\build\xdBot2.vcxproj]
  (╨║╨╛╨╝╨┐╨╕╨╗╤П╤Ж╨╕╤П ╨╕╤Б╤Е╨╛╨┤╨╜╨╛╨│╨╛ ╤Д╨░╨╣╨╗╨░ "../src/keybinds.cpp")
  
C:\Users\KusokMedi\Documents\GitHub\BetterShowcase\src\ui\clickbot_layer.hpp(25,48): error C2059: ╤Б╨╕╨╜╤В╨░╨║╤Б╨╕╤З╨╡╤Б╨║╨░╤П ╨╛╤И╨╕╨▒╨║╨░: < [C:\Users\KusokMedi\Documents\GitHub\BetterShowcase\build\xdBot2.vcxproj]
  (╨║╨╛╨╝╨┐╨╕╨╗╤П╤Ж╨╕╤П ╨╕╤Б╤Е╨╛╨┤╨╜╨╛╨│╨╛ ╤Д╨░╨╣╨╗╨░ "../src/keybinds.cpp")
  
C:\Users\KusokMedi\Documents\GitHub\BetterShowcase\src\ui\clickbot_layer.hpp(25,57): error C2059: ╤Б╨╕╨╜╤В╨░╨║╤Б╨╕╤З╨╡╤Б╨║╨░╤П ╨╛╤И╨╕╨▒╨║╨░: ) [C:\Users\KusokMedi\Documents\GitHub\BetterShowcase\build\xdBot2.vcxproj]
  (╨║╨╛╨╝╨┐╨╕╨╗╤П╤Ж╨╕╤П ╨╕╤Б╤Е╨╛╨┤╨╜╨╛╨│╨╛ ╤Д╨░╨╣╨╗╨░ "../src/keybinds.cpp")
  
C:\Users\KusokMedi\Documents\GitHub\BetterShowcase\src\ui\clickbot_layer.hpp(25,67): error C2238: ╨╜╨╡╨┐╤А╨╡╨┤╨▓╨╕╨┤╨╡╨╜╨╜╤Л╨╡ ╨╗╨╡╨║╤Б╨╡╨╝╤Л ╨┐╨╡╤А╨╡╨┤ ";" [C:\Users\KusokMedi\Documents\GitHub\BetterShowcase\build\xdBot2.vcxproj]
  (╨║╨╛╨╝╨┐╨╕╨╗╤П╤Ж╨╕╤П ╨╕╤Б╤Е╨╛╨┤╨╜╨╛╨│╨╛ ╤Д╨░╨╣╨╗╨░ "../src/keybinds.cpp")
  
C:\Users\KusokMedi\Documents\GitHub\BetterShowcase\src\ui\clickbot_layer.hpp(29,17): error C2059: ╤Б╨╕╨╜╤В╨░╨║╤Б╨╕╤З╨╡╤Б╨║╨░╤П ╨╛╤И╨╕╨▒╨║╨░: < [C:\Users\KusokMedi\Documents\GitHub\BetterShowcase\build\xdBot2.vcxproj]
  (╨║╨╛╨╝╨┐╨╕╨╗╤П╤Ж╨╕╤П ╨╕╤Б╤Е╨╛╨┤╨╜╨╛╨│╨╛ ╤Д╨░╨╣╨╗╨░ "../src/keybinds.cpp")
  
C:\Users\KusokMedi\Documents\GitHub\BetterShowcase\src\ui\clickbot_layer.hpp(29,44): error C2238: ╨╜╨╡╨┐╤А╨╡╨┤╨▓╨╕╨┤╨╡╨╜╨╜╤Л╨╡ ╨╗╨╡╨║╤Б╨╡╨╝╤Л ╨┐╨╡╤А╨╡╨┤ ";" [C:\Users\KusokMedi\Documents\GitHub\BetterShowcase\build\xdBot2.vcxproj]
  (╨║╨╛╨╝╨┐╨╕╨╗╤П╤Ж╨╕╤П ╨╕╤Б╤Е╨╛╨┤╨╜╨╛╨│╨╛ ╤Д╨░╨╣╨╗╨░ "../src/keybinds.cpp")
  
C:\Users\KusokMedi\Documents\GitHub\BetterShowcase\src\ui\clickbot_layer.hpp(31,71): error C2143: ╤Б╨╕╨╜╤В╨░╨║╤Б╨╕╤З╨╡╤Б╨║╨░╤П ╨╛╤И╨╕╨▒╨║╨░: ╨╛╤В╤Б╤Г╤В╤Б╤В╨▓╨╕╨╡ ")" ╨┐╨╡╤А╨╡╨┤ "<" [C:\Users\KusokMedi\Documents\GitHub\BetterShowcase\build\xdBot2.vcxproj]
  (╨║╨╛╨╝╨┐╨╕╨╗╤П╤Ж╨╕╤П ╨╕╤Б╤Е╨╛╨┤╨╜╨╛╨│╨╛ ╤Д╨░╨╣╨╗╨░ "../src/keybinds.cpp")
  
C:\Users\KusokMedi\Documents\GitHub\BetterShowcase\src\ui\clickbot_layer.hpp(31,71): error C2143: ╤Б╨╕╨╜╤В╨░╨║╤Б╨╕╤З╨╡╤Б╨║╨░╤П ╨╛╤И╨╕╨▒╨║╨░: ╨╛╤В╤Б╤Г╤В╤Б╤В╨▓╨╕╨╡ ";" ╨┐╨╡╤А╨╡╨┤ "<" [C:\Users\KusokMedi\Documents\GitHub\BetterShowcase\build\xdBot2.vcxproj]
  (╨║╨╛╨╝╨┐╨╕╨╗╤П╤Ж╨╕╤П ╨╕╤Б╤Е╨╛╨┤╨╜╨╛╨│╨╛ ╤Д╨░╨╣╨╗╨░ "../src/keybinds.cpp")
  
C:\Users\KusokMedi\Documents\GitHub\BetterShowcase\src\ui\clickbot_layer.hpp(31,71): error C2059: ╤Б╨╕╨╜╤В╨░╨║╤Б╨╕╤З╨╡╤Б╨║╨░╤П ╨╛╤И╨╕╨▒╨║╨░: < [C:\Users\KusokMedi\Documents\GitHub\BetterShowcase\build\xdBot2.vcxproj]
  (╨║╨╛╨╝╨┐╨╕╨╗╤П╤Ж╨╕╤П ╨╕╤Б╤Е╨╛╨┤╨╜╨╛╨│╨╛ ╤Д╨░╨╣╨╗╨░ "../src/keybinds.cpp")
  
C:\Users\KusokMedi\Documents\GitHub\BetterShowcase\src\ui\clickbot_layer.hpp(31,80): error C2059: ╤Б╨╕╨╜╤В╨░╨║╤Б╨╕╤З╨╡╤Б╨║╨░╤П ╨╛╤И╨╕╨▒╨║╨░: ) [C:\Users\KusokMedi\Documents\GitHub\BetterShowcase\build\xdBot2.vcxproj]
  (╨║╨╛╨╝╨┐╨╕╨╗╤П╤Ж╨╕╤П ╨╕╤Б╤Е╨╛╨┤╨╜╨╛╨│╨╛ ╤Д╨░╨╣╨╗╨░ "../src/keybinds.cpp")
  
C:\Users\KusokMedi\Documents\GitHub\BetterShowcase\src\ui\clickbot_layer.hpp(31,81): error C2238: ╨╜╨╡╨┐╤А╨╡╨┤╨▓╨╕╨┤╨╡╨╜╨╜╤Л╨╡ ╨╗╨╡╨║╤Б╨╡╨╝╤Л ╨┐╨╡╤А╨╡╨┤ ";" [C:\Users\KusokMedi\Documents\GitHub\BetterShowcase\build\xdBot2.vcxproj]
  (╨║╨╛╨╝╨┐╨╕╨╗╤П╤Ж╨╕╤П ╨╕╤Б╤Е╨╛╨┤╨╜╨╛╨│╨╛ ╤Д╨░╨╣╨╗╨░ "../src/keybinds.cpp")
  
C:\Users\KusokMedi\Documents\GitHub\BetterShowcase\src\ui\clickbot_layer.hpp(77,42): error C2143: ╤Б╨╕╨╜╤В╨░╨║╤Б╨╕╤З╨╡╤Б╨║╨░╤П ╨╛╤И╨╕╨▒╨║╨░: ╨╛╤В╤Б╤Г╤В╤Б╤В╨▓╨╕╨╡ "," ╨┐╨╡╤А╨╡╨┤ "<" [C:\Users\KusokMedi\Documents\GitHub\BetterShowcase\build\xdBot2.vcxproj]
  (╨║╨╛╨╝╨┐╨╕╨╗╤П╤Ж╨╕╤П ╨╕╤Б╤Е╨╛╨┤╨╜╨╛╨│╨╛ ╤Д╨░╨╣╨╗╨░ "../src/keybinds.cpp")
  
C:\Users\KusokMedi\Documents\GitHub\BetterShowcase\src\ui\clickbot_layer.hpp(87,10): error C3668: ClickbotLayer::setup: ╨╝╨╡╤В╨╛╨┤ ╤Б╨╛ ╤Б╨┐╨╡╤Ж╨╕╤Д╨╕╨║╨░╤В╨╛╤А╨╛╨╝ ╨┐╨╡╤А╨╡╨╛╨┐╤А╨╡╨┤╨╡╨╗╨╡╨╜╨╕╤П "override" ╨╜╨╡ ╨┐╨╡╤А╨╡╨╛╨┐╤А╨╡╨┤╨╡╨╗╤П╨╡╤В ╨║╨░╨║╨╕╨╡-╨╗╨╕╨▒╨╛ ╨╝╨╡╤В╨╛╨┤╤Л ╨▒╨░╨╖╨╛╨▓╨╛╨│╨╛ ╨║╨╗╨░╤Б╤Б╨░ [C:\Users\KusokMedi\Documents\GitHub\BetterShowcase\build\xdBot2.vcxproj]
  (╨║╨╛╨╝╨┐╨╕╨╗╤П╤Ж╨╕╤П ╨╕╤Б╤Е╨╛╨┤╨╜╨╛╨│╨╛ ╤Д╨░╨╣╨╗╨░ "../src/keybinds.cpp")
  
C:\Users\KusokMedi\Documents\GitHub\BetterShowcase\src\ui\clickbot_layer.hpp(91,5): error C2039: "initAnchored": ╨╜╨╡ ╤П╨▓╨╗╤П╨╡╤В╤Б╤П ╤З╨╗╨╡╨╜╨╛╨╝ "ClickbotLayer". [C:\Users\KusokMedi\Documents\GitHub\BetterShowcase\build\xdBot2.vcxproj]
  (╨║╨╛╨╝╨┐╨╕╨╗╤П╤Ж╨╕╤П ╨╕╤Б╤Е╨╛╨┤╨╜╨╛╨│╨╛ ╤Д╨░╨╣╨╗╨░ "../src/keybinds.cpp")
      C:\Users\KusokMedi\Documents\GitHub\BetterShowcase\src\ui\clickbot_layer.hpp(77,7):
       ╤Б╨╝. ╨╛╨▒╤К╤П╨▓╨╗╨╡╨╜╨╕╨╡ "ClickbotLayer"
  
C:\Users\KusokMedi\Documents\GitHub\BetterShowcase\src\ui\clickbot_layer.hpp(101,64): error C2760: ╤Б╨╕╨╜╤В╨░╨║╤Б╨╕╤З╨╡╤Б╨║╨░╤П ╨╛╤И╨╕╨▒╨║╨░: ╨╜╨╡╨┐╤А╨╡╨┤╨▓╨╕╨┤╨╡╨╜╨╜╤Л╨╣ ╤Н╨╗╨╡╨╝╨╡╨╜╤В "<". ╨Ю╨╢╨╕╨┤╨░╨╡╤В╤Б╤П ">" [C:\Users\KusokMedi\Documents\GitHub\BetterShowcase\build\xdBot2.vcxproj]
  (╨║╨╛╨╝╨┐╨╕╨╗╤П╤Ж╨╕╤П ╨╕╤Б╤Е╨╛╨┤╨╜╨╛╨│╨╛ ╤Д╨░╨╣╨╗╨░ "../src/keybinds.cpp")
  
C:\Users\KusokMedi\Documents\GitHub\BetterShowcase\src\ui\clickbot_layer.hpp(101,65): error C2059: ╤Б╨╕╨╜╤В╨░╨║╤Б╨╕╤З╨╡╤Б╨║╨░╤П ╨╛╤И╨╕╨▒╨║╨░: > [C:\Users\KusokMedi\Documents\GitHub\BetterShowcase\build\xdBot2.vcxproj]
  (╨║╨╛╨╝╨┐╨╕╨╗╤П╤Ж╨╕╤П ╨╕╤Б╤Е╨╛╨┤╨╜╨╛╨│╨╛ ╤Д╨░╨╣╨╗╨░ "../src/keybinds.cpp")
  
C:\Users\KusokMedi\Documents\GitHub\BetterShowcase\src\ui\clickbot_layer.hpp(101,65): error C2143: ╤Б╨╕╨╜╤В╨░╨║╤Б╨╕╤З╨╡╤Б╨║╨░╤П ╨╛╤И╨╕╨▒╨║╨░: ╨╛╤В╤Б╤Г╤В╤Б╤В╨▓╨╕╨╡ "(" ╨┐╨╡╤А╨╡╨┤ ">" [C:\Users\KusokMedi\Documents\GitHub\BetterShowcase\build\xdBot2.vcxproj]
  (╨║╨╛╨╝╨┐╨╕╨╗╤П╤Ж╨╕╤П ╨╕╤Б╤Е╨╛╨┤╨╜╨╛╨│╨╛ ╤Д╨░╨╣╨╗╨░ "../src/keybinds.cpp")
  
C:\Users\KusokMedi\Documents\GitHub\BetterShowcase\src\ui\macro_editor.hpp(14,43): error C2143: ╤Б╨╕╨╜╤В╨░╨║╤Б╨╕╤З╨╡╤Б╨║╨░╤П ╨╛╤И╨╕╨▒╨║╨░: ╨╛╤В╤Б╤Г╤В╤Б╤В╨▓╨╕╨╡ "," ╨┐╨╡╤А╨╡╨┤ "<" [C:\Users\KusokMedi\Documents\GitHub\BetterShowcase\build\xdBot2.vcxproj]
  (╨║╨╛╨╝╨┐╨╕╨╗╤П╤Ж╨╕╤П ╨╕╤Б╤Е╨╛╨┤╨╜╨╛╨│╨╛ ╤Д╨░╨╣╨╗╨░ "../src/keybinds.cpp")
  
C:\Users\KusokMedi\Documents\GitHub\BetterShowcase\src\ui\macro_editor.hpp(26,10): error C3668: MacroEditLayer::textChanged: ╨╝╨╡╤В╨╛╨┤ ╤Б╨╛ ╤Б╨┐╨╡╤Ж╨╕╤Д╨╕╨║╨░╤В╨╛╤А╨╛╨╝ ╨┐╨╡╤А╨╡╨╛╨┐╤А╨╡╨┤╨╡╨╗╨╡╨╜╨╕╤П "override" ╨╜╨╡ ╨┐╨╡╤А╨╡╨╛╨┐╤А╨╡╨┤╨╡╨╗╤П╨╡╤В ╨║╨░╨║╨╕╨╡-╨╗╨╕╨▒╨╛ ╨╝╨╡╤В╨╛╨┤╤Л ╨▒╨░╨╖╨╛╨▓╨╛╨│╨╛ ╨║╨╗╨░╤Б╤Б╨░ [C:\Users\KusokMedi\Documents\GitHub\BetterShowcase\build\xdBot2.vcxproj]
  (╨║╨╛╨╝╨┐╨╕╨╗╤П╤Ж╨╕╤П ╨╕╤Б╤Е╨╛╨┤╨╜╨╛╨│╨╛ ╤Д╨░╨╣╨╗╨░ "../src/keybinds.cpp")
  
C:\Users\KusokMedi\Documents\GitHub\BetterShowcase\src\ui\macro_editor.hpp(32,5): error C2039: "initAnchored": ╨╜╨╡ ╤П╨▓╨╗╤П╨╡╤В╤Б╤П ╤З╨╗╨╡╨╜╨╛╨╝ "MacroEditLayer". [C:\Users\KusokMedi\Documents\GitHub\BetterShowcase\build\xdBot2.vcxproj]
  (╨║╨╛╨╝╨┐╨╕╨╗╤П╤Ж╨╕╤П ╨╕╤Б╤Е╨╛╨┤╨╜╨╛╨│╨╛ ╤Д╨░╨╣╨╗╨░ "../src/keybinds.cpp")
      C:\Users\KusokMedi\Documents\GitHub\BetterShowcase\src\ui\macro_editor.hpp(14,7):
       ╤Б╨╝. ╨╛╨▒╤К╤П╨▓╨╗╨╡╨╜╨╕╨╡ "MacroEditLayer"
  
C:\Users\KusokMedi\Documents\GitHub\BetterShowcase\build\geode-deps\geode.custom-keybinds\include\Keybinds.hpp(211,63): error C2955: "geode::Event": ╨┤╨╗╤П ╨╕╤Б╨┐╨╛╨╗╤М╨╖╨╛╨▓╨░╨╜╨╕╤П ╨║╨╗╨░╤Б╤Б ╤И╨░╨▒╨╗╨╛╨╜ ╤В╤А╨╡╨▒╤Г╨╡╤В╤Б╤П ╤Б╨┐╨╕╤Б╨╛╨║ ╨░╤А╨│╤Г╨╝╨╡╨╜╤В╨╛╨▓ ╤И╨░╨▒╨╗╨╛╨╜ [C:\Users\KusokMedi\Documents\GitHub\BetterShowcase\build\xdBot2.vcxproj]
  (╨║╨╛╨╝╨┐╨╕╨╗╤П╤Ж╨╕╤П ╨╕╤Б╤Е╨╛╨┤╨╜╨╛╨│╨╛ ╤Д╨░╨╣╨╗╨░ "../src/keybinds.cpp")
      C:\Users\KusokMedi\Documents\Geode\loader\include\Geode\loader\Event.hpp(960,12):
       ╤Б╨╝. ╨╛╨▒╤К╤П╨▓╨╗╨╡╨╜╨╕╨╡ "geode::Event"
  
C:\Users\KusokMedi\Documents\GitHub\BetterShowcase\build\geode-deps\geode.custom-keybinds\include\Keybinds.hpp(225,64): error C2039: "EventFilter": ╨╜╨╡ ╤П╨▓╨╗╤П╨╡╤В╤Б╤П ╤З╨╗╨╡╨╜╨╛╨╝ "geode". [C:\Users\KusokMedi\Documents\GitHub\BetterShowcase\build\xdBot2.vcxproj]
  (╨║╨╛╨╝╨┐╨╕╨╗╤П╤Ж╨╕╤П ╨╕╤Б╤Е╨╛╨┤╨╜╨╛╨│╨╛ ╤Д╨░╨╣╨╗╨░ "../src/keybinds.cpp")
      C:\Users\KusokMedi\Documents\GitHub\BetterShowcase\build\bindings\bindings\Geode\modify\CCTouchDispatcher.hpp(6,11):
       ╤Б╨╝. ╨╛╨▒╤К╤П╨▓╨╗╨╡╨╜╨╕╨╡ "geode"
  
C:\Users\KusokMedi\Documents\GitHub\BetterShowcase\build\geode-deps\geode.custom-keybinds\include\Keybinds.hpp(225,64): error C2504: EventFilter: ╨╜╨╡ ╨╛╨┐╤А╨╡╨┤╨╡╨╗╨╡╨╜ ╨▒╨░╨╖╨╛╨▓╤Л╨╣ ╨║╨╗╨░╤Б╤Б [C:\Users\KusokMedi\Documents\GitHub\BetterShowcase\build\xdBot2.vcxproj]
  (╨║╨╛╨╝╨┐╨╕╨╗╤П╤Ж╨╕╤П ╨╕╤Б╤Е╨╛╨┤╨╜╨╛╨│╨╛ ╤Д╨░╨╣╨╗╨░ "../src/keybinds.cpp")
  
C:\Users\KusokMedi\Documents\GitHub\BetterShowcase\build\geode-deps\geode.custom-keybinds\include\Keybinds.hpp(225,75): error C2143: ╤Б╨╕╨╜╤В╨░╨║╤Б╨╕╤З╨╡╤Б╨║╨░╤П ╨╛╤И╨╕╨▒╨║╨░: ╨╛╤В╤Б╤Г╤В╤Б╤В╨▓╨╕╨╡ "," ╨┐╨╡╤А╨╡╨┤ "<" [C:\Users\KusokMedi\Documents\GitHub\BetterShowcase\build\xdBot2.vcxproj]
  (╨║╨╛╨╝╨┐╨╕╨╗╤П╤Ж╨╕╤П ╨╕╤Б╤Е╨╛╨┤╨╜╨╛╨│╨╛ ╤Д╨░╨╣╨╗╨░ "../src/keybinds.cpp")
  
C:\Users\KusokMedi\Documents\GitHub\BetterShowcase\build\geode-deps\geode.custom-keybinds\include\Keybinds.hpp(237,62): error C2955: "geode::Event": ╨┤╨╗╤П ╨╕╤Б╨┐╨╛╨╗╤М╨╖╨╛╨▓╨░╨╜╨╕╤П ╨║╨╗╨░╤Б╤Б ╤И╨░╨▒╨╗╨╛╨╜ ╤В╤А╨╡╨▒╤Г╨╡╤В╤Б╤П ╤Б╨┐╨╕╤Б╨╛╨║ ╨░╤А╨│╤Г╨╝╨╡╨╜╤В╨╛╨▓ ╤И╨░╨▒╨╗╨╛╨╜ [C:\Users\KusokMedi\Documents\GitHub\BetterShowcase\build\xdBot2.vcxproj]
  (╨║╨╛╨╝╨┐╨╕╨╗╤П╤Ж╨╕╤П ╨╕╤Б╤Е╨╛╨┤╨╜╨╛╨│╨╛ ╤Д╨░╨╣╨╗╨░ "../src/keybinds.cpp")
      C:\Users\KusokMedi\Documents\Geode\loader\include\Geode\loader\Event.hpp(960,12):
       ╤Б╨╝. ╨╛╨▒╤К╤П╨▓╨╗╨╡╨╜╨╕╨╡ "geode::Event"
  
C:\Users\KusokMedi\Documents\GitHub\BetterShowcase\build\geode-deps\geode.custom-keybinds\include\Keybinds.hpp(248,63): error C2039: "EventFilter": ╨╜╨╡ ╤П╨▓╨╗╤П╨╡╤В╤Б╤П ╤З╨╗╨╡╨╜╨╛╨╝ "geode". [C:\Users\KusokMedi\Documents\GitHub\BetterShowcase\build\xdBot2.vcxproj]
  (╨║╨╛╨╝╨┐╨╕╨╗╤П╤Ж╨╕╤П ╨╕╤Б╤Е╨╛╨┤╨╜╨╛╨│╨╛ ╤Д╨░╨╣╨╗╨░ "../src/keybinds.cpp")
      C:\Users\KusokMedi\Documents\GitHub\BetterShowcase\build\bindings\bindings\Geode\modify\CCTouchDispatcher.hpp(6,11):
       ╤Б╨╝. ╨╛╨▒╤К╤П╨▓╨╗╨╡╨╜╨╕╨╡ "geode"
  
C:\Users\KusokMedi\Documents\GitHub\BetterShowcase\build\geode-deps\geode.custom-keybinds\include\Keybinds.hpp(248,63): error C2504: EventFilter: ╨╜╨╡ ╨╛╨┐╤А╨╡╨┤╨╡╨╗╨╡╨╜ ╨▒╨░╨╖╨╛╨▓╤Л╨╣ ╨║╨╗╨░╤Б╤Б [C:\Users\KusokMedi\Documents\GitHub\BetterShowcase\build\xdBot2.vcxproj]
  (╨║╨╛╨╝╨┐╨╕╨╗╤П╤Ж╨╕╤П ╨╕╤Б╤Е╨╛╨┤╨╜╨╛╨│╨╛ ╤Д╨░╨╣╨╗╨░ "../src/keybinds.cpp")
  
C:\Users\KusokMedi\Documents\GitHub\BetterShowcase\build\geode-deps\geode.custom-keybinds\include\Keybinds.hpp(248,63): error C1003: ╤З╨╕╤Б╨╗╨╛ ╨╛╤И╨╕╨▒╨╛╨║ ╨┐╤А╨╡╨▓╤Л╤И╨░╨╡╤В 100; ╨╛╤Б╤В╨░╨╜╨╛╨▓╨║╨░ ╨║╨╛╨╝╨┐╨╕╨╗╤П╤Ж╨╕╨╕ [C:\Users\KusokMedi\Documents\GitHub\BetterShowcase\build\xdBot2.vcxproj]
  (╨║╨╛╨╝╨┐╨╕╨╗╤П╤Ж╨╕╤П ╨╕╤Б╤Е╨╛╨┤╨╜╨╛╨│╨╛ ╤Д╨░╨╣╨╗╨░ "../src/keybinds.cpp")
  
  utils.cpp
C:\Users\KusokMedi\Documents\GitHub\BetterShowcase\src\renderer\ffmpeg\events.hpp(11,47): error C2955: "geode::Event": ╨┤╨╗╤П ╨╕╤Б╨┐╨╛╨╗╤М╨╖╨╛╨▓╨░╨╜╨╕╤П ╨║╨╗╨░╤Б╤Б ╤И╨░╨▒╨╗╨╛╨╜ ╤В╤А╨╡╨▒╤Г╨╡╤В╤Б╤П ╤Б╨┐╨╕╤Б╨╛╨║ ╨░╤А╨│╤Г╨╝╨╡╨╜╤В╨╛╨▓ ╤И╨░╨▒╨╗╨╛╨╜ [C:\Users\KusokMedi\Documents\GitHub\BetterShowcase\build\xdBot2.vcxproj]
  (╨║╨╛╨╝╨┐╨╕╨╗╤П╤Ж╨╕╤П ╨╕╤Б╤Е╨╛╨┤╨╜╨╛╨│╨╛ ╤Д╨░╨╣╨╗╨░ "../src/utils/utils.cpp")
      C:\Users\KusokMedi\Documents\Geode\loader\include\Geode\loader\Event.hpp(960,12):
       ╤Б╨╝. ╨╛╨▒╤К╤П╨▓╨╗╨╡╨╜╨╕╨╡ "geode::Event"
  
C:\Users\KusokMedi\Documents\GitHub\BetterShowcase\src\renderer\ffmpeg\events.hpp(20,47): error C2955: "geode::Event": ╨┤╨╗╤П ╨╕╤Б╨┐╨╛╨╗╤М╨╖╨╛╨▓╨░╨╜╨╕╤П ╨║╨╗╨░╤Б╤Б ╤И╨░╨▒╨╗╨╛╨╜ ╤В╤А╨╡╨▒╤Г╨╡╤В╤Б╤П ╤Б╨┐╨╕╤Б╨╛╨║ ╨░╤А╨│╤Г╨╝╨╡╨╜╤В╨╛╨▓ ╤И╨░╨▒╨╗╨╛╨╜ [C:\Users\KusokMedi\Documents\GitHub\BetterShowcase\build\xdBot2.vcxproj]
  (╨║╨╛╨╝╨┐╨╕╨╗╤П╤Ж╨╕╤П ╨╕╤Б╤Е╨╛╨┤╨╜╨╛╨│╨╛ ╤Д╨░╨╣╨╗╨░ "../src/utils/utils.cpp")
      C:\Users\KusokMedi\Documents\Geode\loader\include\Geode\loader\Event.hpp(960,12):
       ╤Б╨╝. ╨╛╨▒╤К╤П╨▓╨╗╨╡╨╜╨╕╨╡ "geode::Event"
  
C:\Users\KusokMedi\Documents\GitHub\BetterShowcase\src\renderer\ffmpeg\events.hpp(28,45): error C2955: "geode::Event": ╨┤╨╗╤П ╨╕╤Б╨┐╨╛╨╗╤М╨╖╨╛╨▓╨░╨╜╨╕╤П ╨║╨╗╨░╤Б╤Б ╤И╨░╨▒╨╗╨╛╨╜ ╤В╤А╨╡╨▒╤Г╨╡╤В╤Б╤П ╤Б╨┐╨╕╤Б╨╛╨║ ╨░╤А╨│╤Г╨╝╨╡╨╜╤В╨╛╨▓ ╤И╨░╨▒╨╗╨╛╨╜ [C:\Users\KusokMedi\Documents\GitHub\BetterShowcase\build\xdBot2.vcxproj]
  (╨║╨╛╨╝╨┐╨╕╨╗╤П╤Ж╨╕╤П ╨╕╤Б╤Е╨╛╨┤╨╜╨╛╨│╨╛ ╤Д╨░╨╣╨╗╨░ "../src/utils/utils.cpp")
      C:\Users\KusokMedi\Documents\Geode\loader\include\Geode\loader\Event.hpp(960,12):
       ╤Б╨╝. ╨╛╨▒╤К╤П╨▓╨╗╨╡╨╜╨╕╨╡ "geode::Event"
  
C:\Users\KusokMedi\Documents\GitHub\BetterShowcase\src\renderer\ffmpeg\events.hpp(48,45): error C2955: "geode::Event": ╨┤╨╗╤П ╨╕╤Б╨┐╨╛╨╗╤М╨╖╨╛╨▓╨░╨╜╨╕╤П ╨║╨╗╨░╤Б╤Б ╤И╨░╨▒╨╗╨╛╨╜ ╤В╤А╨╡╨▒╤Г╨╡╤В╤Б╤П ╤Б╨┐╨╕╤Б╨╛╨║ ╨░╤А╨│╤Г╨╝╨╡╨╜╤В╨╛╨▓ ╤И╨░╨▒╨╗╨╛╨╜ [C:\Users\KusokMedi\Documents\GitHub\BetterShowcase\build\xdBot2.vcxproj]
  (╨║╨╛╨╝╨┐╨╕╨╗╤П╤Ж╨╕╤П ╨╕╤Б╤Е╨╛╨┤╨╜╨╛╨│╨╛ ╤Д╨░╨╣╨╗╨░ "../src/utils/utils.cpp")
      C:\Users\KusokMedi\Documents\Geode\loader\include\Geode\loader\Event.hpp(960,12):
       ╤Б╨╝. ╨╛╨▒╤К╤П╨▓╨╗╨╡╨╜╨╕╨╡ "geode::Event"
  
C:\Users\KusokMedi\Documents\GitHub\BetterShowcase\src\renderer\ffmpeg\events.hpp(58,54): error C2955: "geode::Event": ╨┤╨╗╤П ╨╕╤Б╨┐╨╛╨╗╤М╨╖╨╛╨▓╨░╨╜╨╕╤П ╨║╨╗╨░╤Б╤Б ╤И╨░╨▒╨╗╨╛╨╜ ╤В╤А╨╡╨▒╤Г╨╡╤В╤Б╤П ╤Б╨┐╨╕╤Б╨╛╨║ ╨░╤А╨│╤Г╨╝╨╡╨╜╤В╨╛╨▓ ╤И╨░╨▒╨╗╨╛╨╜ [C:\Users\KusokMedi\Documents\GitHub\BetterShowcase\build\xdBot2.vcxproj]
  (╨║╨╛╨╝╨┐╨╕╨╗╤П╤Ж╨╕╤П ╨╕╤Б╤Е╨╛╨┤╨╜╨╛╨│╨╛ ╤Д╨░╨╣╨╗╨░ "../src/utils/utils.cpp")
      C:\Users\KusokMedi\Documents\Geode\loader\include\Geode\loader\Event.hpp(960,12):
       ╤Б╨╝. ╨╛╨▒╤К╤П╨▓╨╗╨╡╨╜╨╕╨╡ "geode::Event"
  
C:\Users\KusokMedi\Documents\GitHub\BetterShowcase\src\renderer\ffmpeg\events.hpp(69,46): error C2955: "geode::Event": ╨┤╨╗╤П ╨╕╤Б╨┐╨╛╨╗╤М╨╖╨╛╨▓╨░╨╜╨╕╤П ╨║╨╗╨░╤Б╤Б ╤И╨░╨▒╨╗╨╛╨╜ ╤В╤А╨╡╨▒╤Г╨╡╤В╤Б╤П ╤Б╨┐╨╕╤Б╨╛╨║ ╨░╤А╨│╤Г╨╝╨╡╨╜╤В╨╛╨▓ ╤И╨░╨▒╨╗╨╛╨╜ [C:\Users\KusokMedi\Documents\GitHub\BetterShowcase\build\xdBot2.vcxproj]
  (╨║╨╛╨╝╨┐╨╕╨╗╤П╤Ж╨╕╤П ╨╕╤Б╤Е╨╛╨┤╨╜╨╛╨│╨╛ ╤Д╨░╨╣╨╗╨░ "../src/utils/utils.cpp")
      C:\Users\KusokMedi\Documents\Geode\loader\include\Geode\loader\Event.hpp(960,12):
       ╤Б╨╝. ╨╛╨▒╤К╤П╨▓╨╗╨╡╨╜╨╕╨╡ "geode::Event"
  
C:\Users\KusokMedi\Documents\GitHub\BetterShowcase\src\renderer\ffmpeg\events.hpp(79,46): error C2955: "geode::Event": ╨┤╨╗╤П ╨╕╤Б╨┐╨╛╨╗╤М╨╖╨╛╨▓╨░╨╜╨╕╤П ╨║╨╗╨░╤Б╤Б ╤И╨░╨▒╨╗╨╛╨╜ ╤В╤А╨╡╨▒╤Г╨╡╤В╤Б╤П ╤Б╨┐╨╕╤Б╨╛╨║ ╨░╤А╨│╤Г╨╝╨╡╨╜╤В╨╛╨▓ ╤И╨░╨▒╨╗╨╛╨╜ [C:\Users\KusokMedi\Documents\GitHub\BetterShowcase\build\xdBot2.vcxproj]
  (╨║╨╛╨╝╨┐╨╕╨╗╤П╤Ж╨╕╤П ╨╕╤Б╤Е╨╛╨┤╨╜╨╛╨│╨╛ ╤Д╨░╨╣╨╗╨░ "../src/utils/utils.cpp")
      C:\Users\KusokMedi\Documents\Geode\loader\include\Geode\loader\Event.hpp(960,12):
       ╤Б╨╝. ╨╛╨▒╤К╤П╨▓╨╗╨╡╨╜╨╕╨╡ "geode::Event"
  
C:\Users\KusokMedi\Documents\GitHub\BetterShowcase\src\renderer\ffmpeg\events.hpp(101,44): error C2955: "geode::Event": ╨┤╨╗╤П ╨╕╤Б╨┐╨╛╨╗╤М╨╖╨╛╨▓╨░╨╜╨╕╤П ╨║╨╗╨░╤Б╤Б ╤И╨░╨▒╨╗╨╛╨╜ ╤В╤А╨╡╨▒╤Г╨╡╤В╤Б╤П ╤Б╨┐╨╕╤Б╨╛╨║ ╨░╤А╨│╤Г╨╝╨╡╨╜╤В╨╛╨▓ ╤И╨░╨▒╨╗╨╛╨╜ [C:\Users\KusokMedi\Documents\GitHub\BetterShowcase\build\xdBot2.vcxproj]
  (╨║╨╛╨╝╨┐╨╕╨╗╤П╤Ж╨╕╤П ╨╕╤Б╤Е╨╛╨┤╨╜╨╛╨│╨╛ ╤Д╨░╨╣╨╗╨░ "../src/utils/utils.cpp")
      C:\Users\KusokMedi\Documents\Geode\loader\include\Geode\loader\Event.hpp(960,12):
       ╤Б╨╝. ╨╛╨▒╤К╤П╨▓╨╗╨╡╨╜╨╕╨╡ "geode::Event"
  
C:\Users\KusokMedi\Documents\GitHub\BetterShowcase\src\renderer\ffmpeg\events.hpp(129,21): error C2039: "post": ╨╜╨╡ ╤П╨▓╨╗╤П╨╡╤В╤Б╤П ╤З╨╗╨╡╨╜╨╛╨╝ "ffmpeg::events::impl::CreateRecorderEvent". [C:\Users\KusokMedi\Documents\GitHub\BetterShowcase\build\xdBot2.vcxproj]
  (╨║╨╛╨╝╨┐╨╕╨╗╤П╤Ж╨╕╤П ╨╕╤Б╤Е╨╛╨┤╨╜╨╛╨│╨╛ ╤Д╨░╨╣╨╗╨░ "../src/utils/utils.cpp")
      C:\Users\KusokMedi\Documents\GitHub\BetterShowcase\src\renderer\ffmpeg\events.hpp(11,11):
       ╤Б╨╝. ╨╛╨▒╤К╤П╨▓╨╗╨╡╨╜╨╕╨╡ "ffmpeg::events::impl::CreateRecorderEvent"
  
C:\Users\KusokMedi\Documents\GitHub\BetterShowcase\src\renderer\ffmpeg\events.hpp(135,21): error C2039: "post": ╨╜╨╡ ╤П╨▓╨╗╤П╨╡╤В╤Б╤П ╤З╨╗╨╡╨╜╨╛╨╝ "ffmpeg::events::impl::DeleteRecorderEvent". [C:\Users\KusokMedi\Documents\GitHub\BetterShowcase\build\xdBot2.vcxproj]
  (╨║╨╛╨╝╨┐╨╕╨╗╤П╤Ж╨╕╤П ╨╕╤Б╤Е╨╛╨┤╨╜╨╛╨│╨╛ ╤Д╨░╨╣╨╗╨░ "../src/utils/utils.cpp")
      C:\Users\KusokMedi\Documents\GitHub\BetterShowcase\src\renderer\ffmpeg\events.hpp(20,11):
       ╤Б╨╝. ╨╛╨▒╤К╤П╨▓╨╗╨╡╨╜╨╕╨╡ "ffmpeg::events::impl::DeleteRecorderEvent"
  
C:\Users\KusokMedi\Documents\GitHub\BetterShowcase\src\renderer\ffmpeg\events.hpp(153,19): error C2039: "post": ╨╜╨╡ ╤П╨▓╨╗╤П╨╡╤В╤Б╤П ╤З╨╗╨╡╨╜╨╛╨╝ "ffmpeg::events::impl::InitRecorderEvent". [C:\Users\KusokMedi\Documents\GitHub\BetterShowcase\build\xdBot2.vcxproj]
  (╨║╨╛╨╝╨┐╨╕╨╗╤П╤Ж╨╕╤П ╨╕╤Б╤Е╨╛╨┤╨╜╨╛╨│╨╛ ╤Д╨░╨╣╨╗╨░ "../src/utils/utils.cpp")
      C:\Users\KusokMedi\Documents\GitHub\BetterShowcase\src\renderer\ffmpeg\events.hpp(28,11):
       ╤Б╨╝. ╨╛╨▒╤К╤П╨▓╨╗╨╡╨╜╨╕╨╡ "ffmpeg::events::impl::InitRecorderEvent"
  
C:\Users\KusokMedi\Documents\GitHub\BetterShowcase\src\renderer\ffmpeg\events.hpp(163,40): error C2039: "post": ╨╜╨╡ ╤П╨▓╨╗╤П╨╡╤В╤Б╤П ╤З╨╗╨╡╨╜╨╛╨╝ "ffmpeg::events::impl::StopRecorderEvent". [C:\Users\KusokMedi\Documents\GitHub\BetterShowcase\build\xdBot2.vcxproj]
  (╨║╨╛╨╝╨┐╨╕╨╗╤П╤Ж╨╕╤П ╨╕╤Б╤Е╨╛╨┤╨╜╨╛╨│╨╛ ╤Д╨░╨╣╨╗╨░ "../src/utils/utils.cpp")
      C:\Users\KusokMedi\Documents\GitHub\BetterShowcase\src\renderer\ffmpeg\events.hpp(48,11):
       ╤Б╨╝. ╨╛╨▒╤К╤П╨▓╨╗╨╡╨╜╨╕╨╡ "ffmpeg::events::impl::StopRecorderEvent"
  
C:\Users\KusokMedi\Documents\GitHub\BetterShowcase\src\renderer\ffmpeg\events.hpp(182,19): error C2039: "post": ╨╜╨╡ ╤П╨▓╨╗╤П╨╡╤В╤Б╤П ╤З╨╗╨╡╨╜╨╛╨╝ "ffmpeg::events::impl::GetWriteFrameFunctionEvent". [C:\Users\KusokMedi\Documents\GitHub\BetterShowcase\build\xdBot2.vcxproj]
  (╨║╨╛╨╝╨┐╨╕╨╗╤П╤Ж╨╕╤П ╨╕╤Б╤Е╨╛╨┤╨╜╨╛╨│╨╛ ╤Д╨░╨╣╨╗╨░ "../src/utils/utils.cpp")
      C:\Users\KusokMedi\Documents\GitHub\BetterShowcase\src\renderer\ffmpeg\events.hpp(58,11):
       ╤Б╨╝. ╨╛╨▒╤К╤П╨▓╨╗╨╡╨╜╨╕╨╡ "ffmpeg::events::impl::GetWriteFrameFunctionEvent"
  
C:\Users\KusokMedi\Documents\GitHub\BetterShowcase\src\renderer\ffmpeg\events.hpp(199,20): error C2039: "post": ╨╜╨╡ ╤П╨▓╨╗╤П╨╡╤В╤Б╤П ╤З╨╗╨╡╨╜╨╛╨╝ "ffmpeg::events::impl::CodecRecorderEvent". [C:\Users\KusokMedi\Documents\GitHub\BetterShowcase\build\xdBot2.vcxproj]
  (╨║╨╛╨╝╨┐╨╕╨╗╤П╤Ж╨╕╤П ╨╕╤Б╤Е╨╛╨┤╨╜╨╛╨│╨╛ ╤Д╨░╨╣╨╗╨░ "../src/utils/utils.cpp")
      C:\Users\KusokMedi\Documents\GitHub\BetterShowcase\src\renderer\ffmpeg\events.hpp(69,11):
       ╤Б╨╝. ╨╛╨▒╤К╤П╨▓╨╗╨╡╨╜╨╕╨╡ "ffmpeg::events::impl::CodecRecorderEvent"
  
C:\Users\KusokMedi\Documents\GitHub\BetterShowcase\src\renderer\ffmpeg\events.hpp(225,18): error C2039: "post": ╨╜╨╡ ╤П╨▓╨╗╤П╨╡╤В╤Б╤П ╤З╨╗╨╡╨╜╨╛╨╝ "ffmpeg::events::impl::MixVideoAudioEvent". [C:\Users\KusokMedi\Documents\GitHub\BetterShowcase\build\xdBot2.vcxproj]
  (╨║╨╛╨╝╨┐╨╕╨╗╤П╤Ж╨╕╤П ╨╕╤Б╤Е╨╛╨┤╨╜╨╛╨│╨╛ ╤Д╨░╨╣╨╗╨░ "../src/utils/utils.cpp")
      C:\Users\KusokMedi\Documents\GitHub\BetterShowcase\src\renderer\ffmpeg\events.hpp(79,11):
       ╤Б╨╝. ╨╛╨▒╤К╤П╨▓╨╗╨╡╨╜╨╕╨╡ "ffmpeg::events::impl::MixVideoAudioEvent"
  
C:\Users\KusokMedi\Documents\GitHub\BetterShowcase\src\renderer\ffmpeg\events.hpp(244,18): error C2039: "post": ╨╜╨╡ ╤П╨▓╨╗╤П╨╡╤В╤Б╤П ╤З╨╗╨╡╨╜╨╛╨╝ "ffmpeg::events::impl::MixVideoRawEvent". [C:\Users\KusokMedi\Documents\GitHub\BetterShowcase\build\xdBot2.vcxproj]
  (╨║╨╛╨╝╨┐╨╕╨╗╤П╤Ж╨╕╤П ╨╕╤Б╤Е╨╛╨┤╨╜╨╛╨│╨╛ ╤Д╨░╨╣╨╗╨░ "../src/utils/utils.cpp")
      C:\Users\KusokMedi\Documents\GitHub\BetterShowcase\src\renderer\ffmpeg\events.hpp(101,11):
       ╤Б╨╝. ╨╛╨▒╤К╤П╨▓╨╗╨╡╨╜╨╕╨╡ "ffmpeg::events::impl::MixVideoRawEvent"
  
C:\Users\KusokMedi\Documents\GitHub\BetterShowcase\src\includes.hpp(82,17): error C2059: ╤Б╨╕╨╜╤В╨░╨║╤Б╨╕╤З╨╡╤Б╨║╨░╤П ╨╛╤И╨╕╨▒╨║╨░: < [C:\Users\KusokMedi\Documents\GitHub\BetterShowcase\build\xdBot2.vcxproj]
  (╨║╨╛╨╝╨┐╨╕╨╗╤П╤Ж╨╕╤П ╨╕╤Б╤Е╨╛╨┤╨╜╨╛╨│╨╛ ╤Д╨░╨╣╨╗╨░ "../src/utils/utils.cpp")
  
C:\Users\KusokMedi\Documents\GitHub\BetterShowcase\src\includes.hpp(82,36): error C2238: ╨╜╨╡╨┐╤А╨╡╨┤╨▓╨╕╨┤╨╡╨╜╨╜╤Л╨╡ ╨╗╨╡╨║╤Б╨╡╨╝╤Л ╨┐╨╡╤А╨╡╨┤ ";" [C:\Users\KusokMedi\Documents\GitHub\BetterShowcase\build\xdBot2.vcxproj]
  (╨║╨╛╨╝╨┐╨╕╨╗╤П╤Ж╨╕╤П ╨╕╤Б╤Е╨╛╨┤╨╜╨╛╨│╨╛ ╤Д╨░╨╣╨╗╨░ "../src/utils/utils.cpp")
  
  gdr.cpp
  renderer.cpp
C:\Users\KusokMedi\Documents\GitHub\BetterShowcase\src\renderer\ffmpeg\events.hpp(11,47): error C2955: "geode::Event": ╨┤╨╗╤П ╨╕╤Б╨┐╨╛╨╗╤М╨╖╨╛╨▓╨░╨╜╨╕╤П ╨║╨╗╨░╤Б╤Б ╤И╨░╨▒╨╗╨╛╨╜ ╤В╤А╨╡╨▒╤Г╨╡╤В╤Б╤П ╤Б╨┐╨╕╤Б╨╛╨║ ╨░╤А╨│╤Г╨╝╨╡╨╜╤В╨╛╨▓ ╤И╨░╨▒╨╗╨╛╨╜ [C:\Users\KusokMedi\Documents\GitHub\BetterShowcase\build\xdBot2.vcxproj]
  (╨║╨╛╨╝╨┐╨╕╨╗╤П╤Ж╨╕╤П ╨╕╤Б╤Е╨╛╨┤╨╜╨╛╨│╨╛ ╤Д╨░╨╣╨╗╨░ "../src/renderer/renderer.cpp")
      C:\Users\KusokMedi\Documents\Geode\loader\include\Geode\loader\Event.hpp(960,12):
       ╤Б╨╝. ╨╛╨▒╤К╤П╨▓╨╗╨╡╨╜╨╕╨╡ "geode::Event"
  
C:\Users\KusokMedi\Documents\GitHub\BetterShowcase\src\renderer\ffmpeg\events.hpp(20,47): error C2955: "geode::Event": ╨┤╨╗╤П ╨╕╤Б╨┐╨╛╨╗╤М╨╖╨╛╨▓╨░╨╜╨╕╤П ╨║╨╗╨░╤Б╤Б ╤И╨░╨▒╨╗╨╛╨╜ ╤В╤А╨╡╨▒╤Г╨╡╤В╤Б╤П ╤Б╨┐╨╕╤Б╨╛╨║ ╨░╤А╨│╤Г╨╝╨╡╨╜╤В╨╛╨▓ ╤И╨░╨▒╨╗╨╛╨╜ [C:\Users\KusokMedi\Documents\GitHub\BetterShowcase\build\xdBot2.vcxproj]
  (╨║╨╛╨╝╨┐╨╕╨╗╤П╤Ж╨╕╤П ╨╕╤Б╤Е╨╛╨┤╨╜╨╛╨│╨╛ ╤Д╨░╨╣╨╗╨░ "../src/renderer/renderer.cpp")
      C:\Users\KusokMedi\Documents\Geode\loader\include\Geode\loader\Event.hpp(960,12):
       ╤Б╨╝. ╨╛╨▒╤К╤П╨▓╨╗╨╡╨╜╨╕╨╡ "geode::Event"
  
C:\Users\KusokMedi\Documents\GitHub\BetterShowcase\src\renderer\ffmpeg\events.hpp(28,45): error C2955: "geode::Event": ╨┤╨╗╤П ╨╕╤Б╨┐╨╛╨╗╤М╨╖╨╛╨▓╨░╨╜╨╕╤П ╨║╨╗╨░╤Б╤Б ╤И╨░╨▒╨╗╨╛╨╜ ╤В╤А╨╡╨▒╤Г╨╡╤В╤Б╤П ╤Б╨┐╨╕╤Б╨╛╨║ ╨░╤А╨│╤Г╨╝╨╡╨╜╤В╨╛╨▓ ╤И╨░╨▒╨╗╨╛╨╜ [C:\Users\KusokMedi\Documents\GitHub\BetterShowcase\build\xdBot2.vcxproj]
  (╨║╨╛╨╝╨┐╨╕╨╗╤П╤Ж╨╕╤П ╨╕╤Б╤Е╨╛╨┤╨╜╨╛╨│╨╛ ╤Д╨░╨╣╨╗╨░ "../src/renderer/renderer.cpp")
      C:\Users\KusokMedi\Documents\Geode\loader\include\Geode\loader\Event.hpp(960,12):
       ╤Б╨╝. ╨╛╨▒╤К╤П╨▓╨╗╨╡╨╜╨╕╨╡ "geode::Event"
  
C:\Users\KusokMedi\Documents\GitHub\BetterShowcase\src\renderer\ffmpeg\events.hpp(48,45): error C2955: "geode::Event": ╨┤╨╗╤П ╨╕╤Б╨┐╨╛╨╗╤М╨╖╨╛╨▓╨░╨╜╨╕╤П ╨║╨╗╨░╤Б╤Б ╤И╨░╨▒╨╗╨╛╨╜ ╤В╤А╨╡╨▒╤Г╨╡╤В╤Б╤П ╤Б╨┐╨╕╤Б╨╛╨║ ╨░╤А╨│╤Г╨╝╨╡╨╜╤В╨╛╨▓ ╤И╨░╨▒╨╗╨╛╨╜ [C:\Users\KusokMedi\Documents\GitHub\BetterShowcase\build\xdBot2.vcxproj]
  (╨║╨╛╨╝╨┐╨╕╨╗╤П╤Ж╨╕╤П ╨╕╤Б╤Е╨╛╨┤╨╜╨╛╨│╨╛ ╤Д╨░╨╣╨╗╨░ "../src/renderer/renderer.cpp")
      C:\Users\KusokMedi\Documents\Geode\loader\include\Geode\loader\Event.hpp(960,12):
       ╤Б╨╝. ╨╛╨▒╤К╤П╨▓╨╗╨╡╨╜╨╕╨╡ "geode::Event"
  
C:\Users\KusokMedi\Documents\GitHub\BetterShowcase\src\renderer\ffmpeg\events.hpp(58,54): error C2955: "geode::Event": ╨┤╨╗╤П ╨╕╤Б╨┐╨╛╨╗╤М╨╖╨╛╨▓╨░╨╜╨╕╤П ╨║╨╗╨░╤Б╤Б ╤И╨░╨▒╨╗╨╛╨╜ ╤В╤А╨╡╨▒╤Г╨╡╤В╤Б╤П ╤Б╨┐╨╕╤Б╨╛╨║ ╨░╤А╨│╤Г╨╝╨╡╨╜╤В╨╛╨▓ ╤И╨░╨▒╨╗╨╛╨╜ [C:\Users\KusokMedi\Documents\GitHub\BetterShowcase\build\xdBot2.vcxproj]
  (╨║╨╛╨╝╨┐╨╕╨╗╤П╤Ж╨╕╤П ╨╕╤Б╤Е╨╛╨┤╨╜╨╛╨│╨╛ ╤Д╨░╨╣╨╗╨░ "../src/renderer/renderer.cpp")
      C:\Users\KusokMedi\Documents\Geode\loader\include\Geode\loader\Event.hpp(960,12):
       ╤Б╨╝. ╨╛╨▒╤К╤П╨▓╨╗╨╡╨╜╨╕╨╡ "geode::Event"
  
C:\Users\KusokMedi\Documents\GitHub\BetterShowcase\src\renderer\ffmpeg\events.hpp(69,46): error C2955: "geode::Event": ╨┤╨╗╤П ╨╕╤Б╨┐╨╛╨╗╤М╨╖╨╛╨▓╨░╨╜╨╕╤П ╨║╨╗╨░╤Б╤Б ╤И╨░╨▒╨╗╨╛╨╜ ╤В╤А╨╡╨▒╤Г╨╡╤В╤Б╤П ╤Б╨┐╨╕╤Б╨╛╨║ ╨░╤А╨│╤Г╨╝╨╡╨╜╤В╨╛╨▓ ╤И╨░╨▒╨╗╨╛╨╜ [C:\Users\KusokMedi\Documents\GitHub\BetterShowcase\build\xdBot2.vcxproj]
  (╨║╨╛╨╝╨┐╨╕╨╗╤П╤Ж╨╕╤П ╨╕╤Б╤Е╨╛╨┤╨╜╨╛╨│╨╛ ╤Д╨░╨╣╨╗╨░ "../src/renderer/renderer.cpp")
      C:\Users\KusokMedi\Documents\Geode\loader\include\Geode\loader\Event.hpp(960,12):
       ╤Б╨╝. ╨╛╨▒╤К╤П╨▓╨╗╨╡╨╜╨╕╨╡ "geode::Event"
  
C:\Users\KusokMedi\Documents\GitHub\BetterShowcase\src\renderer\ffmpeg\events.hpp(79,46): error C2955: "geode::Event": ╨┤╨╗╤П ╨╕╤Б╨┐╨╛╨╗╤М╨╖╨╛╨▓╨░╨╜╨╕╤П ╨║╨╗╨░╤Б╤Б ╤И╨░╨▒╨╗╨╛╨╜ ╤В╤А╨╡╨▒╤Г╨╡╤В╤Б╤П ╤Б╨┐╨╕╤Б╨╛╨║ ╨░╤А╨│╤Г╨╝╨╡╨╜╤В╨╛╨▓ ╤И╨░╨▒╨╗╨╛╨╜ [C:\Users\KusokMedi\Documents\GitHub\BetterShowcase\build\xdBot2.vcxproj]
  (╨║╨╛╨╝╨┐╨╕╨╗╤П╤Ж╨╕╤П ╨╕╤Б╤Е╨╛╨┤╨╜╨╛╨│╨╛ ╤Д╨░╨╣╨╗╨░ "../src/renderer/renderer.cpp")
      C:\Users\KusokMedi\Documents\Geode\loader\include\Geode\loader\Event.hpp(960,12):
       ╤Б╨╝. ╨╛╨▒╤К╤П╨▓╨╗╨╡╨╜╨╕╨╡ "geode::Event"
  
C:\Users\KusokMedi\Documents\GitHub\BetterShowcase\src\renderer\ffmpeg\events.hpp(101,44): error C2955: "geode::Event": ╨┤╨╗╤П ╨╕╤Б╨┐╨╛╨╗╤М╨╖╨╛╨▓╨░╨╜╨╕╤П ╨║╨╗╨░╤Б╤Б ╤И╨░╨▒╨╗╨╛╨╜ ╤В╤А╨╡╨▒╤Г╨╡╤В╤Б╤П ╤Б╨┐╨╕╤Б╨╛╨║ ╨░╤А╨│╤Г╨╝╨╡╨╜╤В╨╛╨▓ ╤И╨░╨▒╨╗╨╛╨╜ [C:\Users\KusokMedi\Documents\GitHub\BetterShowcase\build\xdBot2.vcxproj]
  (╨║╨╛╨╝╨┐╨╕╨╗╤П╤Ж╨╕╤П ╨╕╤Б╤Е╨╛╨┤╨╜╨╛╨│╨╛ ╤Д╨░╨╣╨╗╨░ "../src/renderer/renderer.cpp")
      C:\Users\KusokMedi\Documents\Geode\loader\include\Geode\loader\Event.hpp(960,12):
       ╤Б╨╝. ╨╛╨▒╤К╤П╨▓╨╗╨╡╨╜╨╕╨╡ "geode::Event"
  
C:\Users\KusokMedi\Documents\GitHub\BetterShowcase\src\renderer\ffmpeg\events.hpp(129,21): error C2039: "post": ╨╜╨╡ ╤П╨▓╨╗╤П╨╡╤В╤Б╤П ╤З╨╗╨╡╨╜╨╛╨╝ "ffmpeg::events::impl::CreateRecorderEvent". [C:\Users\KusokMedi\Documents\GitHub\BetterShowcase\build\xdBot2.vcxproj]
  (╨║╨╛╨╝╨┐╨╕╨╗╤П╤Ж╨╕╤П ╨╕╤Б╤Е╨╛╨┤╨╜╨╛╨│╨╛ ╤Д╨░╨╣╨╗╨░ "../src/renderer/renderer.cpp")
      C:\Users\KusokMedi\Documents\GitHub\BetterShowcase\src\renderer\ffmpeg\events.hpp(11,11):
       ╤Б╨╝. ╨╛╨▒╤К╤П╨▓╨╗╨╡╨╜╨╕╨╡ "ffmpeg::events::impl::CreateRecorderEvent"
  
C:\Users\KusokMedi\Documents\GitHub\BetterShowcase\src\renderer\ffmpeg\events.hpp(135,21): error C2039: "post": ╨╜╨╡ ╤П╨▓╨╗╤П╨╡╤В╤Б╤П ╤З╨╗╨╡╨╜╨╛╨╝ "ffmpeg::events::impl::DeleteRecorderEvent". [C:\Users\KusokMedi\Documents\GitHub\BetterShowcase\build\xdBot2.vcxproj]
  (╨║╨╛╨╝╨┐╨╕╨╗╤П╤Ж╨╕╤П ╨╕╤Б╤Е╨╛╨┤╨╜╨╛╨│╨╛ ╤Д╨░╨╣╨╗╨░ "../src/renderer/renderer.cpp")
      C:\Users\KusokMedi\Documents\GitHub\BetterShowcase\src\renderer\ffmpeg\events.hpp(20,11):
       ╤Б╨╝. ╨╛╨▒╤К╤П╨▓╨╗╨╡╨╜╨╕╨╡ "ffmpeg::events::impl::DeleteRecorderEvent"
  
C:\Users\KusokMedi\Documents\GitHub\BetterShowcase\src\renderer\ffmpeg\events.hpp(153,19): error C2039: "post": ╨╜╨╡ ╤П╨▓╨╗╤П╨╡╤В╤Б╤П ╤З╨╗╨╡╨╜╨╛╨╝ "ffmpeg::events::impl::InitRecorderEvent". [C:\Users\KusokMedi\Documents\GitHub\BetterShowcase\build\xdBot2.vcxproj]
  (╨║╨╛╨╝╨┐╨╕╨╗╤П╤Ж╨╕╤П ╨╕╤Б╤Е╨╛╨┤╨╜╨╛╨│╨╛ ╤Д╨░╨╣╨╗╨░ "../src/renderer/renderer.cpp")
      C:\Users\KusokMedi\Documents\GitHub\BetterShowcase\src\renderer\ffmpeg\events.hpp(28,11):
       ╤Б╨╝. ╨╛╨▒╤К╤П╨▓╨╗╨╡╨╜╨╕╨╡ "ffmpeg::events::impl::InitRecorderEvent"
  
C:\Users\KusokMedi\Documents\GitHub\BetterShowcase\src\renderer\ffmpeg\events.hpp(163,40): error C2039: "post": ╨╜╨╡ ╤П╨▓╨╗╤П╨╡╤В╤Б╤П ╤З╨╗╨╡╨╜╨╛╨╝ "ffmpeg::events::impl::StopRecorderEvent". [C:\Users\KusokMedi\Documents\GitHub\BetterShowcase\build\xdBot2.vcxproj]
  (╨║╨╛╨╝╨┐╨╕╨╗╤П╤Ж╨╕╤П ╨╕╤Б╤Е╨╛╨┤╨╜╨╛╨│╨╛ ╤Д╨░╨╣╨╗╨░ "../src/renderer/renderer.cpp")
      C:\Users\KusokMedi\Documents\GitHub\BetterShowcase\src\renderer\ffmpeg\events.hpp(48,11):
       ╤Б╨╝. ╨╛╨▒╤К╤П╨▓╨╗╨╡╨╜╨╕╨╡ "ffmpeg::events::impl::StopRecorderEvent"
  
C:\Users\KusokMedi\Documents\GitHub\BetterShowcase\src\renderer\ffmpeg\events.hpp(182,19): error C2039: "post": ╨╜╨╡ ╤П╨▓╨╗╤П╨╡╤В╤Б╤П ╤З╨╗╨╡╨╜╨╛╨╝ "ffmpeg::events::impl::GetWriteFrameFunctionEvent". [C:\Users\KusokMedi\Documents\GitHub\BetterShowcase\build\xdBot2.vcxproj]
  (╨║╨╛╨╝╨┐╨╕╨╗╤П╤Ж╨╕╤П ╨╕╤Б╤Е╨╛╨┤╨╜╨╛╨│╨╛ ╤Д╨░╨╣╨╗╨░ "../src/renderer/renderer.cpp")
      C:\Users\KusokMedi\Documents\GitHub\BetterShowcase\src\renderer\ffmpeg\events.hpp(58,11):
       ╤Б╨╝. ╨╛╨▒╤К╤П╨▓╨╗╨╡╨╜╨╕╨╡ "ffmpeg::events::impl::GetWriteFrameFunctionEvent"
  
C:\Users\KusokMedi\Documents\GitHub\BetterShowcase\src\renderer\ffmpeg\events.hpp(199,20): error C2039: "post": ╨╜╨╡ ╤П╨▓╨╗╤П╨╡╤В╤Б╤П ╤З╨╗╨╡╨╜╨╛╨╝ "ffmpeg::events::impl::CodecRecorderEvent". [C:\Users\KusokMedi\Documents\GitHub\BetterShowcase\build\xdBot2.vcxproj]
  (╨║╨╛╨╝╨┐╨╕╨╗╤П╤Ж╨╕╤П ╨╕╤Б╤Е╨╛╨┤╨╜╨╛╨│╨╛ ╤Д╨░╨╣╨╗╨░ "../src/renderer/renderer.cpp")
      C:\Users\KusokMedi\Documents\GitHub\BetterShowcase\src\renderer\ffmpeg\events.hpp(69,11):
       ╤Б╨╝. ╨╛╨▒╤К╤П╨▓╨╗╨╡╨╜╨╕╨╡ "ffmpeg::events::impl::CodecRecorderEvent"
  
C:\Users\KusokMedi\Documents\GitHub\BetterShowcase\src\renderer\ffmpeg\events.hpp(225,18): error C2039: "post": ╨╜╨╡ ╤П╨▓╨╗╤П╨╡╤В╤Б╤П ╤З╨╗╨╡╨╜╨╛╨╝ "ffmpeg::events::impl::MixVideoAudioEvent". [C:\Users\KusokMedi\Documents\GitHub\BetterShowcase\build\xdBot2.vcxproj]
  (╨║╨╛╨╝╨┐╨╕╨╗╤П╤Ж╨╕╤П ╨╕╤Б╤Е╨╛╨┤╨╜╨╛╨│╨╛ ╤Д╨░╨╣╨╗╨░ "../src/renderer/renderer.cpp")
      C:\Users\KusokMedi\Documents\GitHub\BetterShowcase\src\renderer\ffmpeg\events.hpp(79,11):
       ╤Б╨╝. ╨╛╨▒╤К╤П╨▓╨╗╨╡╨╜╨╕╨╡ "ffmpeg::events::impl::MixVideoAudioEvent"
  
C:\Users\KusokMedi\Documents\GitHub\BetterShowcase\src\renderer\ffmpeg\events.hpp(244,18): error C2039: "post": ╨╜╨╡ ╤П╨▓╨╗╤П╨╡╤В╤Б╤П ╤З╨╗╨╡╨╜╨╛╨╝ "ffmpeg::events::impl::MixVideoRawEvent". [C:\Users\KusokMedi\Documents\GitHub\BetterShowcase\build\xdBot2.vcxproj]
  (╨║╨╛╨╝╨┐╨╕╨╗╤П╤Ж╨╕╤П ╨╕╤Б╤Е╨╛╨┤╨╜╨╛╨│╨╛ ╤Д╨░╨╣╨╗╨░ "../src/renderer/renderer.cpp")
      C:\Users\KusokMedi\Documents\GitHub\BetterShowcase\src\renderer\ffmpeg\events.hpp(101,11):
       ╤Б╨╝. ╨╛╨▒╤К╤П╨▓╨╗╨╡╨╜╨╕╨╡ "ffmpeg::events::impl::MixVideoRawEvent"
  
C:\Users\KusokMedi\Documents\GitHub\BetterShowcase\src\includes.hpp(82,17): error C2059: ╤Б╨╕╨╜╤В╨░╨║╤Б╨╕╤З╨╡╤Б╨║╨░╤П ╨╛╤И╨╕╨▒╨║╨░: < [C:\Users\KusokMedi\Documents\GitHub\BetterShowcase\build\xdBot2.vcxproj]
  (╨║╨╛╨╝╨┐╨╕╨╗╤П╤Ж╨╕╤П ╨╕╤Б╤Е╨╛╨┤╨╜╨╛╨│╨╛ ╤Д╨░╨╣╨╗╨░ "../src/renderer/renderer.cpp")
  
C:\Users\KusokMedi\Documents\GitHub\BetterShowcase\src\includes.hpp(82,36): error C2238: ╨╜╨╡╨┐╤А╨╡╨┤╨▓╨╕╨┤╨╡╨╜╨╜╤Л╨╡ ╨╗╨╡╨║╤Б╨╡╨╝╤Л ╨┐╨╡╤А╨╡╨┤ ";" [C:\Users\KusokMedi\Documents\GitHub\BetterShowcase\build\xdBot2.vcxproj]
  (╨║╨╛╨╝╨┐╨╕╨╗╤П╤Ж╨╕╤П ╨╕╤Б╤Е╨╛╨┤╨╜╨╛╨│╨╛ ╤Д╨░╨╣╨╗╨░ "../src/renderer/renderer.cpp")
  
C:\Users\KusokMedi\Documents\GitHub\BetterShowcase\src\ui\load_macro_layer.hpp(14,14): error C2059: ╤Б╨╕╨╜╤В╨░╨║╤Б╨╕╤З╨╡╤Б╨║╨░╤П ╨╛╤И╨╕╨▒╨║╨░: < [C:\Users\KusokMedi\Documents\GitHub\BetterShowcase\build\xdBot2.vcxproj]
  (╨║╨╛╨╝╨┐╨╕╨╗╤П╤Ж╨╕╤П ╨╕╤Б╤Е╨╛╨┤╨╜╨╛╨│╨╛ ╤Д╨░╨╣╨╗╨░ "../src/renderer/renderer.cpp")
  
C:\Users\KusokMedi\Documents\GitHub\BetterShowcase\src\ui\load_macro_layer.hpp(14,37): error C2238: ╨╜╨╡╨┐╤А╨╡╨┤╨▓╨╕╨┤╨╡╨╜╨╜╤Л╨╡ ╨╗╨╡╨║╤Б╨╡╨╝╤Л ╨┐╨╡╤А╨╡╨┤ ";" [C:\Users\KusokMedi\Documents\GitHub\BetterShowcase\build\xdBot2.vcxproj]
  (╨║╨╛╨╝╨┐╨╕╨╗╤П╤Ж╨╕╤П ╨╕╤Б╤Е╨╛╨┤╨╜╨╛╨│╨╛ ╤Д╨░╨╣╨╗╨░ "../src/renderer/renderer.cpp")
  
C:\Users\KusokMedi\Documents\GitHub\BetterShowcase\src\ui\load_macro_layer.hpp(15,14): error C2059: ╤Б╨╕╨╜╤В╨░╨║╤Б╨╕╤З╨╡╤Б╨║╨░╤П ╨╛╤И╨╕╨▒╨║╨░: < [C:\Users\KusokMedi\Documents\GitHub\BetterShowcase\build\xdBot2.vcxproj]
  (╨║╨╛╨╝╨┐╨╕╨╗╤П╤Ж╨╕╤П ╨╕╤Б╤Е╨╛╨┤╨╜╨╛╨│╨╛ ╤Д╨░╨╣╨╗╨░ "../src/renderer/renderer.cpp")
  
C:\Users\KusokMedi\Documents\GitHub\BetterShowcase\src\ui\load_macro_layer.hpp(15,38): error C2238: ╨╜╨╡╨┐╤А╨╡╨┤╨▓╨╕╨┤╨╡╨╜╨╜╤Л╨╡ ╨╗╨╡╨║╤Б╨╡╨╝╤Л ╨┐╨╡╤А╨╡╨┤ ";" [C:\Users\KusokMedi\Documents\GitHub\BetterShowcase\build\xdBot2.vcxproj]
  (╨║╨╛╨╝╨┐╨╕╨╗╤П╤Ж╨╕╤П ╨╕╤Б╤Е╨╛╨┤╨╜╨╛╨│╨╛ ╤Д╨░╨╣╨╗╨░ "../src/renderer/renderer.cpp")
  
C:\Users\KusokMedi\Documents\GitHub\BetterShowcase\src\ui\load_macro_layer.hpp(25,103): error C2143: ╤Б╨╕╨╜╤В╨░╨║╤Б╨╕╤З╨╡╤Б╨║╨░╤П ╨╛╤И╨╕╨▒╨║╨░: ╨╛╤В╤Б╤Г╤В╤Б╤В╨▓╨╕╨╡ ")" ╨┐╨╡╤А╨╡╨┤ "<" [C:\Users\KusokMedi\Documents\GitHub\BetterShowcase\build\xdBot2.vcxproj]
  (╨║╨╛╨╝╨┐╨╕╨╗╤П╤Ж╨╕╤П ╨╕╤Б╤Е╨╛╨┤╨╜╨╛╨│╨╛ ╤Д╨░╨╣╨╗╨░ "../src/renderer/renderer.cpp")
  
C:\Users\KusokMedi\Documents\GitHub\BetterShowcase\src\ui\load_macro_layer.hpp(25,103): error C2143: ╤Б╨╕╨╜╤В╨░╨║╤Б╨╕╤З╨╡╤Б╨║╨░╤П ╨╛╤И╨╕╨▒╨║╨░: ╨╛╤В╤Б╤Г╤В╤Б╤В╨▓╨╕╨╡ ";" ╨┐╨╡╤А╨╡╨┤ "<" [C:\Users\KusokMedi\Documents\GitHub\BetterShowcase\build\xdBot2.vcxproj]
  (╨║╨╛╨╝╨┐╨╕╨╗╤П╤Ж╨╕╤П ╨╕╤Б╤Е╨╛╨┤╨╜╨╛╨│╨╛ ╤Д╨░╨╣╨╗╨░ "../src/renderer/renderer.cpp")
  
C:\Users\KusokMedi\Documents\GitHub\BetterShowcase\src\ui\load_macro_layer.hpp(25,103): error C2059: ╤Б╨╕╨╜╤В╨░╨║╤Б╨╕╤З╨╡╤Б╨║╨░╤П ╨╛╤И╨╕╨▒╨║╨░: < [C:\Users\KusokMedi\Documents\GitHub\BetterShowcase\build\xdBot2.vcxproj]
  (╨║╨╛╨╝╨┐╨╕╨╗╤П╤Ж╨╕╤П ╨╕╤Б╤Е╨╛╨┤╨╜╨╛╨│╨╛ ╤Д╨░╨╣╨╗╨░ "../src/renderer/renderer.cpp")
  
C:\Users\KusokMedi\Documents\GitHub\BetterShowcase\src\ui\load_macro_layer.hpp(25,164): error C2059: ╤Б╨╕╨╜╤В╨░╨║╤Б╨╕╤З╨╡╤Б╨║╨░╤П ╨╛╤И╨╕╨▒╨║╨░: ) [C:\Users\KusokMedi\Documents\GitHub\BetterShowcase\build\xdBot2.vcxproj]
  (╨║╨╛╨╝╨┐╨╕╨╗╤П╤Ж╨╕╤П ╨╕╤Б╤Е╨╛╨┤╨╜╨╛╨│╨╛ ╤Д╨░╨╣╨╗╨░ "../src/renderer/renderer.cpp")
  
C:\Users\KusokMedi\Documents\GitHub\BetterShowcase\src\ui\load_macro_layer.hpp(25,165): error C2238: ╨╜╨╡╨┐╤А╨╡╨┤╨▓╨╕╨┤╨╡╨╜╨╜╤Л╨╡ ╨╗╨╡╨║╤Б╨╡╨╝╤Л ╨┐╨╡╤А╨╡╨┤ ";" [C:\Users\KusokMedi\Documents\GitHub\BetterShowcase\build\xdBot2.vcxproj]
  (╨║╨╛╨╝╨┐╨╕╨╗╤П╤Ж╨╕╤П ╨╕╤Б╤Е╨╛╨┤╨╜╨╛╨│╨╛ ╤Д╨░╨╣╨╗╨░ "../src/renderer/renderer.cpp")
  
C:\Users\KusokMedi\Documents\GitHub\BetterShowcase\src\ui\load_macro_layer.hpp(27,88): error C2143: ╤Б╨╕╨╜╤В╨░╨║╤Б╨╕╤З╨╡╤Б╨║╨░╤П ╨╛╤И╨╕╨▒╨║╨░: ╨╛╤В╤Б╤Г╤В╤Б╤В╨▓╨╕╨╡ ")" ╨┐╨╡╤А╨╡╨┤ "<" [C:\Users\KusokMedi\Documents\GitHub\BetterShowcase\build\xdBot2.vcxproj]
  (╨║╨╛╨╝╨┐╨╕╨╗╤П╤Ж╨╕╤П ╨╕╤Б╤Е╨╛╨┤╨╜╨╛╨│╨╛ ╤Д╨░╨╣╨╗╨░ "../src/renderer/renderer.cpp")
  
C:\Users\KusokMedi\Documents\GitHub\BetterShowcase\src\ui\load_macro_layer.hpp(27,88): error C2143: ╤Б╨╕╨╜╤В╨░╨║╤Б╨╕╤З╨╡╤Б╨║╨░╤П ╨╛╤И╨╕╨▒╨║╨░: ╨╛╤В╤Б╤Г╤В╤Б╤В╨▓╨╕╨╡ ";" ╨┐╨╡╤А╨╡╨┤ "<" [C:\Users\KusokMedi\Documents\GitHub\BetterShowcase\build\xdBot2.vcxproj]
  (╨║╨╛╨╝╨┐╨╕╨╗╤П╤Ж╨╕╤П ╨╕╤Б╤Е╨╛╨┤╨╜╨╛╨│╨╛ ╤Д╨░╨╣╨╗╨░ "../src/renderer/renderer.cpp")
  
C:\Users\KusokMedi\Documents\GitHub\BetterShowcase\src\ui\load_macro_layer.hpp(27,88): error C2059: ╤Б╨╕╨╜╤В╨░╨║╤Б╨╕╤З╨╡╤Б╨║╨░╤П ╨╛╤И╨╕╨▒╨║╨░: < [C:\Users\KusokMedi\Documents\GitHub\BetterShowcase\build\xdBot2.vcxproj]
  (╨║╨╛╨╝╨┐╨╕╨╗╤П╤Ж╨╕╤П ╨╕╤Б╤Е╨╛╨┤╨╜╨╛╨│╨╛ ╤Д╨░╨╣╨╗╨░ "../src/renderer/renderer.cpp")
  
C:\Users\KusokMedi\Documents\GitHub\BetterShowcase\src\ui\load_macro_layer.hpp(27,149): error C2059: ╤Б╨╕╨╜╤В╨░╨║╤Б╨╕╤З╨╡╤Б╨║╨░╤П ╨╛╤И╨╕╨▒╨║╨░: ) [C:\Users\KusokMedi\Documents\GitHub\BetterShowcase\build\xdBot2.vcxproj]
  (╨║╨╛╨╝╨┐╨╕╨╗╤П╤Ж╨╕╤П ╨╕╤Б╤Е╨╛╨┤╨╜╨╛╨│╨╛ ╤Д╨░╨╣╨╗╨░ "../src/renderer/renderer.cpp")
  
C:\Users\KusokMedi\Documents\GitHub\BetterShowcase\src\ui\load_macro_layer.hpp(27,150): error C2238: ╨╜╨╡╨┐╤А╨╡╨┤╨▓╨╕╨┤╨╡╨╜╨╜╤Л╨╡ ╨╗╨╡╨║╤Б╨╡╨╝╤Л ╨┐╨╡╤А╨╡╨┤ ";" [C:\Users\KusokMedi\Documents\GitHub\BetterShowcase\build\xdBot2.vcxproj]
  (╨║╨╛╨╝╨┐╨╕╨╗╤П╤Ж╨╕╤П ╨╕╤Б╤Е╨╛╨┤╨╜╨╛╨│╨╛ ╤Д╨░╨╣╨╗╨░ "../src/renderer/renderer.cpp")
  
C:\Users\KusokMedi\Documents\GitHub\BetterShowcase\src\ui\load_macro_layer.hpp(42,43): error C2143: ╤Б╨╕╨╜╤В╨░╨║╤Б╨╕╤З╨╡╤Б╨║╨░╤П ╨╛╤И╨╕╨▒╨║╨░: ╨╛╤В╤Б╤Г╤В╤Б╤В╨▓╨╕╨╡ "," ╨┐╨╡╤А╨╡╨┤ "<" [C:\Users\KusokMedi\Documents\GitHub\BetterShowcase\build\xdBot2.vcxproj]
  (╨║╨╛╨╝╨┐╨╕╨╗╤П╤Ж╨╕╤П ╨╕╤Б╤Е╨╛╨┤╨╜╨╛╨│╨╛ ╤Д╨░╨╣╨╗╨░ "../src/renderer/renderer.cpp")
  
C:\Users\KusokMedi\Documents\GitHub\BetterShowcase\src\ui\load_macro_layer.hpp(45,14): error C2059: ╤Б╨╕╨╜╤В╨░╨║╤Б╨╕╤З╨╡╤Б╨║╨░╤П ╨╛╤И╨╕╨▒╨║╨░: < [C:\Users\KusokMedi\Documents\GitHub\BetterShowcase\build\xdBot2.vcxproj]
  (╨║╨╛╨╝╨┐╨╕╨╗╤П╤Ж╨╕╤П ╨╕╤Б╤Е╨╛╨┤╨╜╨╛╨│╨╛ ╤Д╨░╨╣╨╗╨░ "../src/renderer/renderer.cpp")
  
C:\Users\KusokMedi\Documents\GitHub\BetterShowcase\src\ui\load_macro_layer.hpp(45,37): error C2238: ╨╜╨╡╨┐╤А╨╡╨┤╨▓╨╕╨┤╨╡╨╜╨╜╤Л╨╡ ╨╗╨╡╨║╤Б╨╡╨╝╤Л ╨┐╨╡╤А╨╡╨┤ ";" [C:\Users\KusokMedi\Documents\GitHub\BetterShowcase\build\xdBot2.vcxproj]
  (╨║╨╛╨╝╨┐╨╕╨╗╤П╤Ж╨╕╤П ╨╕╤Б╤Е╨╛╨┤╨╜╨╛╨│╨╛ ╤Д╨░╨╣╨╗╨░ "../src/renderer/renderer.cpp")
  
C:\Users\KusokMedi\Documents\GitHub\BetterShowcase\src\ui\load_macro_layer.hpp(46,14): error C2059: ╤Б╨╕╨╜╤В╨░╨║╤Б╨╕╤З╨╡╤Б╨║╨░╤П ╨╛╤И╨╕╨▒╨║╨░: < [C:\Users\KusokMedi\Documents\GitHub\BetterShowcase\build\xdBot2.vcxproj]
  (╨║╨╛╨╝╨┐╨╕╨╗╤П╤Ж╨╕╤П ╨╕╤Б╤Е╨╛╨┤╨╜╨╛╨│╨╛ ╤Д╨░╨╣╨╗╨░ "../src/renderer/renderer.cpp")
  
C:\Users\KusokMedi\Documents\GitHub\BetterShowcase\src\ui\load_macro_layer.hpp(46,38): error C2238: ╨╜╨╡╨┐╤А╨╡╨┤╨▓╨╕╨┤╨╡╨╜╨╜╤Л╨╡ ╨╗╨╡╨║╤Б╨╡╨╝╤Л ╨┐╨╡╤А╨╡╨┤ ";" [C:\Users\KusokMedi\Documents\GitHub\BetterShowcase\build\xdBot2.vcxproj]
  (╨║╨╛╨╝╨┐╨╕╨╗╤П╤Ж╨╕╤П ╨╕╤Б╤Е╨╛╨┤╨╜╨╛╨│╨╛ ╤Д╨░╨╣╨╗╨░ "../src/renderer/renderer.cpp")
  
C:\Users\KusokMedi\Documents\GitHub\BetterShowcase\src\ui\load_macro_layer.hpp(69,44): error C2143: ╤Б╨╕╨╜╤В╨░╨║╤Б╨╕╤З╨╡╤Б╨║╨░╤П ╨╛╤И╨╕╨▒╨║╨░: ╨╛╤В╤Б╤Г╤В╤Б╤В╨▓╨╕╨╡ ")" ╨┐╨╡╤А╨╡╨┤ "<" [C:\Users\KusokMedi\Documents\GitHub\BetterShowcase\build\xdBot2.vcxproj]
  (╨║╨╛╨╝╨┐╨╕╨╗╤П╤Ж╨╕╤П ╨╕╤Б╤Е╨╛╨┤╨╜╨╛╨│╨╛ ╤Д╨░╨╣╨╗╨░ "../src/renderer/renderer.cpp")
  
C:\Users\KusokMedi\Documents\GitHub\BetterShowcase\src\ui\load_macro_layer.hpp(69,44): error C2143: ╤Б╨╕╨╜╤В╨░╨║╤Б╨╕╤З╨╡╤Б╨║╨░╤П ╨╛╤И╨╕╨▒╨║╨░: ╨╛╤В╤Б╤Г╤В╤Б╤В╨▓╨╕╨╡ ";" ╨┐╨╡╤А╨╡╨┤ "<" [C:\Users\KusokMedi\Documents\GitHub\BetterShowcase\build\xdBot2.vcxproj]
  (╨║╨╛╨╝╨┐╨╕╨╗╤П╤Ж╨╕╤П ╨╕╤Б╤Е╨╛╨┤╨╜╨╛╨│╨╛ ╤Д╨░╨╣╨╗╨░ "../src/renderer/renderer.cpp")
  
C:\Users\KusokMedi\Documents\GitHub\BetterShowcase\src\ui\load_macro_layer.hpp(69,44): error C2059: ╤Б╨╕╨╜╤В╨░╨║╤Б╨╕╤З╨╡╤Б╨║╨░╤П ╨╛╤И╨╕╨▒╨║╨░: < [C:\Users\KusokMedi\Documents\GitHub\BetterShowcase\build\xdBot2.vcxproj]
  (╨║╨╛╨╝╨┐╨╕╨╗╤П╤Ж╨╕╤П ╨╕╤Б╤Е╨╛╨┤╨╜╨╛╨│╨╛ ╤Д╨░╨╣╨╗╨░ "../src/renderer/renderer.cpp")
  
C:\Users\KusokMedi\Documents\GitHub\BetterShowcase\src\ui\load_macro_layer.hpp(69,93): error C2059: ╤Б╨╕╨╜╤В╨░╨║╤Б╨╕╤З╨╡╤Б╨║╨░╤П ╨╛╤И╨╕╨▒╨║╨░: ) [C:\Users\KusokMedi\Documents\GitHub\BetterShowcase\build\xdBot2.vcxproj]
  (╨║╨╛╨╝╨┐╨╕╨╗╤П╤Ж╨╕╤П ╨╕╤Б╤Е╨╛╨┤╨╜╨╛╨│╨╛ ╤Д╨░╨╣╨╗╨░ "../src/renderer/renderer.cpp")
  
C:\Users\KusokMedi\Documents\GitHub\BetterShowcase\src\ui\load_macro_layer.hpp(69,94): error C2238: ╨╜╨╡╨┐╤А╨╡╨┤╨▓╨╕╨┤╨╡╨╜╨╜╤Л╨╡ ╨╗╨╡╨║╤Б╨╡╨╝╤Л ╨┐╨╡╤А╨╡╨┤ ";" [C:\Users\KusokMedi\Documents\GitHub\BetterShowcase\build\xdBot2.vcxproj]
  (╨║╨╛╨╝╨┐╨╕╨╗╤П╤Ж╨╕╤П ╨╕╤Б╤Е╨╛╨┤╨╜╨╛╨│╨╛ ╤Д╨░╨╣╨╗╨░ "../src/renderer/renderer.cpp")
  
C:\Users\KusokMedi\Documents\GitHub\BetterShowcase\src\ui\load_macro_layer.hpp(71,25): error C2143: ╤Б╨╕╨╜╤В╨░╨║╤Б╨╕╤З╨╡╤Б╨║╨░╤П ╨╛╤И╨╕╨▒╨║╨░: ╨╛╤В╤Б╤Г╤В╤Б╤В╨▓╨╕╨╡ ")" ╨┐╨╡╤А╨╡╨┤ "<" [C:\Users\KusokMedi\Documents\GitHub\BetterShowcase\build\xdBot2.vcxproj]
  (╨║╨╛╨╝╨┐╨╕╨╗╤П╤Ж╨╕╤П ╨╕╤Б╤Е╨╛╨┤╨╜╨╛╨│╨╛ ╤Д╨░╨╣╨╗╨░ "../src/renderer/renderer.cpp")
  
C:\Users\KusokMedi\Documents\GitHub\BetterShowcase\src\ui\load_macro_layer.hpp(71,25): error C2143: ╤Б╨╕╨╜╤В╨░╨║╤Б╨╕╤З╨╡╤Б╨║╨░╤П ╨╛╤И╨╕╨▒╨║╨░: ╨╛╤В╤Б╤Г╤В╤Б╤В╨▓╨╕╨╡ ";" ╨┐╨╡╤А╨╡╨┤ "<" [C:\Users\KusokMedi\Documents\GitHub\BetterShowcase\build\xdBot2.vcxproj]
  (╨║╨╛╨╝╨┐╨╕╨╗╤П╤Ж╨╕╤П ╨╕╤Б╤Е╨╛╨┤╨╜╨╛╨│╨╛ ╤Д╨░╨╣╨╗╨░ "../src/renderer/renderer.cpp")
  
C:\Users\KusokMedi\Documents\GitHub\BetterShowcase\src\ui\load_macro_layer.hpp(71,25): error C2059: ╤Б╨╕╨╜╤В╨░╨║╤Б╨╕╤З╨╡╤Б╨║╨░╤П ╨╛╤И╨╕╨▒╨║╨░: < [C:\Users\KusokMedi\Documents\GitHub\BetterShowcase\build\xdBot2.vcxproj]
  (╨║╨╛╨╝╨┐╨╕╨╗╤П╤Ж╨╕╤П ╨╕╤Б╤Е╨╛╨┤╨╜╨╛╨│╨╛ ╤Д╨░╨╣╨╗╨░ "../src/renderer/renderer.cpp")
  
C:\Users\KusokMedi\Documents\GitHub\BetterShowcase\src\ui\load_macro_layer.hpp(71,74): error C2059: ╤Б╨╕╨╜╤В╨░╨║╤Б╨╕╤З╨╡╤Б╨║╨░╤П ╨╛╤И╨╕╨▒╨║╨░: ) [C:\Users\KusokMedi\Documents\GitHub\BetterShowcase\build\xdBot2.vcxproj]
  (╨║╨╛╨╝╨┐╨╕╨╗╤П╤Ж╨╕╤П ╨╕╤Б╤Е╨╛╨┤╨╜╨╛╨│╨╛ ╤Д╨░╨╣╨╗╨░ "../src/renderer/renderer.cpp")
  
C:\Users\KusokMedi\Documents\GitHub\BetterShowcase\src\ui\load_macro_layer.hpp(71,84): error C2238: ╨╜╨╡╨┐╤А╨╡╨┤╨▓╨╕╨┤╨╡╨╜╨╜╤Л╨╡ ╨╗╨╡╨║╤Б╨╡╨╝╤Л ╨┐╨╡╤А╨╡╨┤ ";" [C:\Users\KusokMedi\Documents\GitHub\BetterShowcase\build\xdBot2.vcxproj]
  (╨║╨╛╨╝╨┐╨╕╨╗╤П╤Ж╨╕╤П ╨╕╤Б╤Е╨╛╨┤╨╜╨╛╨│╨╛ ╤Д╨░╨╣╨╗╨░ "../src/renderer/renderer.cpp")
  
C:\Users\KusokMedi\Documents\GitHub\BetterShowcase\src\ui\load_macro_layer.hpp(73,31): error C2143: ╤Б╨╕╨╜╤В╨░╨║╤Б╨╕╤З╨╡╤Б╨║╨░╤П ╨╛╤И╨╕╨▒╨║╨░: ╨╛╤В╤Б╤Г╤В╤Б╤В╨▓╨╕╨╡ ")" ╨┐╨╡╤А╨╡╨┤ "<" [C:\Users\KusokMedi\Documents\GitHub\BetterShowcase\build\xdBot2.vcxproj]
  (╨║╨╛╨╝╨┐╨╕╨╗╤П╤Ж╨╕╤П ╨╕╤Б╤Е╨╛╨┤╨╜╨╛╨│╨╛ ╤Д╨░╨╣╨╗╨░ "../src/renderer/renderer.cpp")
  
C:\Users\KusokMedi\Documents\GitHub\BetterShowcase\src\ui\load_macro_layer.hpp(73,31): error C2143: ╤Б╨╕╨╜╤В╨░╨║╤Б╨╕╤З╨╡╤Б╨║╨░╤П ╨╛╤И╨╕╨▒╨║╨░: ╨╛╤В╤Б╤Г╤В╤Б╤В╨▓╨╕╨╡ ";" ╨┐╨╡╤А╨╡╨┤ "<" [C:\Users\KusokMedi\Documents\GitHub\BetterShowcase\build\xdBot2.vcxproj]
  (╨║╨╛╨╝╨┐╨╕╨╗╤П╤Ж╨╕╤П ╨╕╤Б╤Е╨╛╨┤╨╜╨╛╨│╨╛ ╤Д╨░╨╣╨╗╨░ "../src/renderer/renderer.cpp")
  
C:\Users\KusokMedi\Documents\GitHub\BetterShowcase\src\ui\load_macro_layer.hpp(73,31): error C2059: ╤Б╨╕╨╜╤В╨░╨║╤Б╨╕╤З╨╡╤Б╨║╨░╤П ╨╛╤И╨╕╨▒╨║╨░: < [C:\Users\KusokMedi\Documents\GitHub\BetterShowcase\build\xdBot2.vcxproj]
  (╨║╨╛╨╝╨┐╨╕╨╗╤П╤Ж╨╕╤П ╨╕╤Б╤Е╨╛╨┤╨╜╨╛╨│╨╛ ╤Д╨░╨╣╨╗╨░ "../src/renderer/renderer.cpp")
  
C:\Users\KusokMedi\Documents\GitHub\BetterShowcase\src\ui\load_macro_layer.hpp(73,88): error C2059: ╤Б╨╕╨╜╤В╨░╨║╤Б╨╕╤З╨╡╤Б╨║╨░╤П ╨╛╤И╨╕╨▒╨║╨░: ) [C:\Users\KusokMedi\Documents\GitHub\BetterShowcase\build\xdBot2.vcxproj]
  (╨║╨╛╨╝╨┐╨╕╨╗╤П╤Ж╨╕╤П ╨╕╤Б╤Е╨╛╨┤╨╜╨╛╨│╨╛ ╤Д╨░╨╣╨╗╨░ "../src/renderer/renderer.cpp")
  
C:\Users\KusokMedi\Documents\GitHub\BetterShowcase\src\ui\load_macro_layer.hpp(73,89): error C2238: ╨╜╨╡╨┐╤А╨╡╨┤╨▓╨╕╨┤╨╡╨╜╨╜╤Л╨╡ ╨╗╨╡╨║╤Б╨╡╨╝╤Л ╨┐╨╡╤А╨╡╨┤ ";" [C:\Users\KusokMedi\Documents\GitHub\BetterShowcase\build\xdBot2.vcxproj]
  (╨║╨╛╨╝╨┐╨╕╨╗╤П╤Ж╨╕╤П ╨╕╤Б╤Е╨╛╨┤╨╜╨╛╨│╨╛ ╤Д╨░╨╣╨╗╨░ "../src/renderer/renderer.cpp")
  
C:\Users\KusokMedi\Documents\GitHub\BetterShowcase\src\ui\load_macro_layer.hpp(79,7): error C3668: LoadMacroLayer::textChanged: ╨╝╨╡╤В╨╛╨┤ ╤Б╨╛ ╤Б╨┐╨╡╤Ж╨╕╤Д╨╕╨║╨░╤В╨╛╤А╨╛╨╝ ╨┐╨╡╤А╨╡╨╛╨┐╤А╨╡╨┤╨╡╨╗╨╡╨╜╨╕╤П "override" ╨╜╨╡ ╨┐╨╡╤А╨╡╨╛╨┐╤А╨╡╨┤╨╡╨╗╤П╨╡╤В ╨║╨░╨║╨╕╨╡-╨╗╨╕╨▒╨╛ ╨╝╨╡╤В╨╛╨┤╤Л ╨▒╨░╨╖╨╛╨▓╨╛╨│╨╛ ╨║╨╗╨░╤Б╤Б╨░ [C:\Users\KusokMedi\Documents\GitHub\BetterShowcase\build\xdBot2.vcxproj]
  (╨║╨╛╨╝╨┐╨╕╨╗╤П╤Ж╨╕╤П ╨╕╤Б╤Е╨╛╨┤╨╜╨╛╨│╨╛ ╤Д╨░╨╣╨╗╨░ "../src/renderer/renderer.cpp")
  
C:\Users\KusokMedi\Documents\GitHub\BetterShowcase\src\ui\render_settings_layer.hpp(5,48): error C2143: ╤Б╨╕╨╜╤В╨░╨║╤Б╨╕╤З╨╡╤Б╨║╨░╤П ╨╛╤И╨╕╨▒╨║╨░: ╨╛╤В╤Б╤Г╤В╤Б╤В╨▓╨╕╨╡ "," ╨┐╨╡╤А╨╡╨┤ "<" [C:\Users\KusokMedi\Documents\GitHub\BetterShowcase\build\xdBot2.vcxproj]
  (╨║╨╛╨╝╨┐╨╕╨╗╤П╤Ж╨╕╤П ╨╕╤Б╤Е╨╛╨┤╨╜╨╛╨│╨╛ ╤Д╨░╨╣╨╗╨░ "../src/renderer/renderer.cpp")
  
C:\Users\KusokMedi\Documents\GitHub\BetterShowcase\src\ui\render_settings_layer.hpp(27,7): error C3668: RenderSettingsLayer::setup: ╨╝╨╡╤В╨╛╨┤ ╤Б╨╛ ╤Б╨┐╨╡╤Ж╨╕╤Д╨╕╨║╨░╤В╨╛╤А╨╛╨╝ ╨┐╨╡╤А╨╡╨╛╨┐╤А╨╡╨┤╨╡╨╗╨╡╨╜╨╕╤П "override" ╨╜╨╡ ╨┐╨╡╤А╨╡╨╛╨┐╤А╨╡╨┤╨╡╨╗╤П╨╡╤В ╨║╨░╨║╨╕╨╡-╨╗╨╕╨▒╨╛ ╨╝╨╡╤В╨╛╨┤╤Л ╨▒╨░╨╖╨╛╨▓╨╛╨│╨╛ ╨║╨╗╨░╤Б╤Б╨░ [C:\Users\KusokMedi\Documents\GitHub\BetterShowcase\build\xdBot2.vcxproj]
  (╨║╨╛╨╝╨┐╨╕╨╗╤П╤Ж╨╕╤П ╨╕╤Б╤Е╨╛╨┤╨╜╨╛╨│╨╛ ╤Д╨░╨╣╨╗╨░ "../src/renderer/renderer.cpp")
  
C:\Users\KusokMedi\Documents\GitHub\BetterShowcase\src\ui\render_settings_layer.hpp(41,7): error C3668: RenderSettingsLayer::textChanged: ╨╝╨╡╤В╨╛╨┤ ╤Б╨╛ ╤Б╨┐╨╡╤Ж╨╕╤Д╨╕╨║╨░╤В╨╛╤А╨╛╨╝ ╨┐╨╡╤А╨╡╨╛╨┐╤А╨╡╨┤╨╡╨╗╨╡╨╜╨╕╤П "override" ╨╜╨╡ ╨┐╨╡╤А╨╡╨╛╨┐╤А╨╡╨┤╨╡╨╗╤П╨╡╤В ╨║╨░╨║╨╕╨╡-╨╗╨╕╨▒╨╛ ╨╝╨╡╤В╨╛╨┤╤Л ╨▒╨░╨╖╨╛╨▓╨╛╨│╨╛ ╨║╨╗╨░╤Б╤Б╨░ [C:\Users\KusokMedi\Documents\GitHub\BetterShowcase\build\xdBot2.vcxproj]
  (╨║╨╛╨╝╨┐╨╕╨╗╤П╤Ж╨╕╤П ╨╕╤Б╤Е╨╛╨┤╨╜╨╛╨│╨╛ ╤Д╨░╨╣╨╗╨░ "../src/renderer/renderer.cpp")
  
C:\Users\KusokMedi\Documents\GitHub\BetterShowcase\src\ui\render_settings_layer.hpp(31,2): error C2039: "initAnchored": ╨╜╨╡ ╤П╨▓╨╗╤П╨╡╤В╤Б╤П ╤З╨╗╨╡╨╜╨╛╨╝ "RenderSettingsLayer". [C:\Users\KusokMedi\Documents\GitHub\BetterShowcase\build\xdBot2.vcxproj]
  (╨║╨╛╨╝╨┐╨╕╨╗╤П╤Ж╨╕╤П ╨╕╤Б╤Е╨╛╨┤╨╜╨╛╨│╨╛ ╤Д╨░╨╣╨╗╨░ "../src/renderer/renderer.cpp")
      C:\Users\KusokMedi\Documents\GitHub\BetterShowcase\src\ui\render_settings_layer.hpp(5,7):
       ╤Б╨╝. ╨╛╨▒╤К╤П╨▓╨╗╨╡╨╜╨╕╨╡ "RenderSettingsLayer"
  
C:\Users\KusokMedi\Documents\GitHub\BetterShowcase\src\ui\save_macro_layer.hpp(4,43): error C2143: ╤Б╨╕╨╜╤В╨░╨║╤Б╨╕╤З╨╡╤Б╨║╨░╤П ╨╛╤И╨╕╨▒╨║╨░: ╨╛╤В╤Б╤Г╤В╤Б╤В╨▓╨╕╨╡ "," ╨┐╨╡╤А╨╡╨┤ "<" [C:\Users\KusokMedi\Documents\GitHub\BetterShowcase\build\xdBot2.vcxproj]
  (╨║╨╛╨╝╨┐╨╕╨╗╤П╤Ж╨╕╤П ╨╕╤Б╤Е╨╛╨┤╨╜╨╛╨│╨╛ ╤Д╨░╨╣╨╗╨░ "../src/renderer/renderer.cpp")
  
C:\Users\KusokMedi\Documents\GitHub\BetterShowcase\src\ui\save_macro_layer.hpp(14,10): error C3668: SaveMacroLayer::setup: ╨╝╨╡╤В╨╛╨┤ ╤Б╨╛ ╤Б╨┐╨╡╤Ж╨╕╤Д╨╕╨║╨░╤В╨╛╤А╨╛╨╝ ╨┐╨╡╤А╨╡╨╛╨┐╤А╨╡╨┤╨╡╨╗╨╡╨╜╨╕╤П "override" ╨╜╨╡ ╨┐╨╡╤А╨╡╨╛╨┐╤А╨╡╨┤╨╡╨╗╤П╨╡╤В ╨║╨░╨║╨╕╨╡-╨╗╨╕╨▒╨╛ ╨╝╨╡╤В╨╛╨┤╤Л ╨▒╨░╨╖╨╛╨▓╨╛╨│╨╛ ╨║╨╗╨░╤Б╤Б╨░ [C:\Users\KusokMedi\Documents\GitHub\BetterShowcase\build\xdBot2.vcxproj]
  (╨║╨╛╨╝╨┐╨╕╨╗╤П╤Ж╨╕╤П ╨╕╤Б╤Е╨╛╨┤╨╜╨╛╨│╨╛ ╤Д╨░╨╣╨╗╨░ "../src/renderer/renderer.cpp")
  
C:\Users\KusokMedi\Documents\GitHub\BetterShowcase\src\ui\save_macro_layer.hpp(15,16): error C2664: "void Utils::setBackgroundColor(cocos2d::extension::CCScale9Sprite *)": ╨╜╨╡╨▓╨╛╨╖╨╝╨╛╨╢╨╜╨╛ ╨┐╤А╨╡╨╛╨▒╤А╨░╨╖╨╛╨▓╨░╤В╤М ╨░╤А╨│╤Г╨╝╨╡╨╜╤В 1 ╨╕╨╖ "geode::NineSlice *" ╨▓ "cocos2d::extension::CCScale9Sprite *" [C:\Users\KusokMedi\Documents\GitHub\BetterShowcase\build\xdBot2.vcxproj]
  (╨║╨╛╨╝╨┐╨╕╨╗╤П╤Ж╨╕╤П ╨╕╤Б╤Е╨╛╨┤╨╜╨╛╨│╨╛ ╤Д╨░╨╣╨╗╨░ "../src/renderer/renderer.cpp")
      C:\Users\KusokMedi\Documents\GitHub\BetterShowcase\src\ui\save_macro_layer.hpp(15,35):
      ╨в╨╕╨┐╤Л, ╨╜╨░ ╨║╨╛╤В╨╛╤А╤Л╨╡ ╤Г╨║╨░╨╖╤Л╨▓╨░╤О╤В ╤Г╨║╨░╨╖╨░╤В╨╡╨╗╨╕, ╨╜╨╡ ╤Б╨▓╤П╨╖╨░╨╜╤Л; ╨┤╨╗╤П ╨┐╤А╨╡╨╛╨▒╤А╨░╨╖╨╛╨▓╨░╨╜╨╕╤П ╤В╤А╨╡╨▒╤Г╨╡╤В╤Б╤П reinterpret_cast, ╨┐╤А╨╕╨▓╨╡╨┤╨╡╨╜╨╕╨╡ ╨▓ ╤Б╤В╨╕╨╗╨╡ ╨б ╨╕╨╗╨╕ ╨┐╤А╨╕╨▓╨╡╨┤╨╡╨╜╨╕╨╡ ╨▓ ╤Б╤В╨╕╨╗╨╡ ╤Д╤Г╨╜╨║╤Ж╨╕╨╕ ╨▓ ╨║╤А╤Г╨│╨╗╤Л╤Е ╤Б╨║╨╛╨▒╨║╨░╤Е
      C:\Users\KusokMedi\Documents\GitHub\BetterShowcase\src\utils\utils.hpp(18,17):
       ╤Б╨╝. ╨╛╨▒╤К╤П╨▓╨╗╨╡╨╜╨╕╨╡ "Utils::setBackgroundColor"
      C:\Users\KusokMedi\Documents\GitHub\BetterShowcase\src\ui\save_macro_layer.hpp(15,16):
      ╨┐╤А╨╕ ╨┐╨╛╨┐╤Л╤В╨║╨╡ ╤Б╨╛╨┐╨╛╤Б╤В╨░╨▓╨╕╤В╤М ╤Б╨┐╨╕╤Б╨╛╨║ ╨░╤А╨│╤Г╨╝╨╡╨╜╤В╨╛╨▓ "(geode::NineSlice *)"
  
C:\Users\KusokMedi\Documents\GitHub\BetterShowcase\src\ui\save_macro_layer.hpp(73,5): error C2039: "initAnchored": ╨╜╨╡ ╤П╨▓╨╗╤П╨╡╤В╤Б╤П ╤З╨╗╨╡╨╜╨╛╨╝ "SaveMacroLayer". [C:\Users\KusokMedi\Documents\GitHub\BetterShowcase\build\xdBot2.vcxproj]
  (╨║╨╛╨╝╨┐╨╕╨╗╤П╤Ж╨╕╤П ╨╕╤Б╤Е╨╛╨┤╨╜╨╛╨│╨╛ ╤Д╨░╨╣╨╗╨░ "../src/renderer/renderer.cpp")
      C:\Users\KusokMedi\Documents\GitHub\BetterShowcase\src\ui\save_macro_layer.hpp(4,7):
       ╤Б╨╝. ╨╛╨▒╤К╤П╨▓╨╗╨╡╨╜╨╕╨╡ "SaveMacroLayer"
  
C:\Users\KusokMedi\Documents\GitHub\BetterShowcase\src\ui\macro_info_layer.hpp(5,43): error C2143: ╤Б╨╕╨╜╤В╨░╨║╤Б╨╕╤З╨╡╤Б╨║╨░╤П ╨╛╤И╨╕╨▒╨║╨░: ╨╛╤В╤Б╤Г╤В╤Б╤В╨▓╨╕╨╡ "," ╨┐╨╡╤А╨╡╨┤ "<" [C:\Users\KusokMedi\Documents\GitHub\BetterShowcase\build\xdBot2.vcxproj]
  (╨║╨╛╨╝╨┐╨╕╨╗╤П╤Ж╨╕╤П ╨╕╤Б╤Е╨╛╨┤╨╜╨╛╨│╨╛ ╤Д╨░╨╣╨╗╨░ "../src/renderer/renderer.cpp")
  
C:\Users\KusokMedi\Documents\GitHub\BetterShowcase\src\ui\macro_info_layer.hpp(21,10): error C3668: MacroInfoLayer::setup: ╨╝╨╡╤В╨╛╨┤ ╤Б╨╛ ╤Б╨┐╨╡╤Ж╨╕╤Д╨╕╨║╨░╤В╨╛╤А╨╛╨╝ ╨┐╨╡╤А╨╡╨╛╨┐╤А╨╡╨┤╨╡╨╗╨╡╨╜╨╕╤П "override" ╨╜╨╡ ╨┐╨╡╤А╨╡╨╛╨┐╤А╨╡╨┤╨╡╨╗╤П╨╡╤В ╨║╨░╨║╨╕╨╡-╨╗╨╕╨▒╨╛ ╨╝╨╡╤В╨╛╨┤╤Л ╨▒╨░╨╖╨╛╨▓╨╛╨│╨╛ ╨║╨╗╨░╤Б╤Б╨░ [C:\Users\KusokMedi\Documents\GitHub\BetterShowcase\build\xdBot2.vcxproj]
  (╨║╨╛╨╝╨┐╨╕╨╗╤П╤Ж╨╕╤П ╨╕╤Б╤Е╨╛╨┤╨╜╨╛╨│╨╛ ╤Д╨░╨╣╨╗╨░ "../src/renderer/renderer.cpp")
  
C:\Users\KusokMedi\Documents\GitHub\BetterShowcase\src\ui\macro_info_layer.hpp(11,18): error C2039: "initAnchored": ╨╜╨╡ ╤П╨▓╨╗╤П╨╡╤В╤Б╤П ╤З╨╗╨╡╨╜╨╛╨╝ "MacroInfoLayer". [C:\Users\KusokMedi\Documents\GitHub\BetterShowcase\build\xdBot2.vcxproj]
  (╨║╨╛╨╝╨┐╨╕╨╗╤П╤Ж╨╕╤П ╨╕╤Б╤Е╨╛╨┤╨╜╨╛╨│╨╛ ╤Д╨░╨╣╨╗╨░ "../src/renderer/renderer.cpp")
      C:\Users\KusokMedi\Documents\GitHub\BetterShowcase\src\ui\macro_info_layer.hpp(5,7):
       ╤Б╨╝. ╨╛╨▒╤К╤П╨▓╨╗╨╡╨╜╨╕╨╡ "MacroInfoLayer"
  
C:\Users\KusokMedi\Documents\GitHub\BetterShowcase\src\ui\record_layer.hpp(34,40): error C2143: ╤Б╨╕╨╜╤В╨░╨║╤Б╨╕╤З╨╡╤Б╨║╨░╤П ╨╛╤И╨╕╨▒╨║╨░: ╨╛╤В╤Б╤Г╤В╤Б╤В╨▓╨╕╨╡ "," ╨┐╨╡╤А╨╡╨┤ "<" [C:\Users\KusokMedi\Documents\GitHub\BetterShowcase\build\xdBot2.vcxproj]
  (╨║╨╛╨╝╨┐╨╕╨╗╤П╤Ж╨╕╤П ╨╕╤Б╤Е╨╛╨┤╨╜╨╛╨│╨╛ ╤Д╨░╨╣╨╗╨░ "../src/renderer/renderer.cpp")
  
C:\Users\KusokMedi\Documents\GitHub\BetterShowcase\src\ui\record_layer.hpp(76,7): error C3668: RecordLayer::setup: ╨╝╨╡╤В╨╛╨┤ ╤Б╨╛ ╤Б╨┐╨╡╤Ж╨╕╤Д╨╕╨║╨░╤В╨╛╤А╨╛╨╝ ╨┐╨╡╤А╨╡╨╛╨┐╤А╨╡╨┤╨╡╨╗╨╡╨╜╨╕╤П "override" ╨╜╨╡ ╨┐╨╡╤А╨╡╨╛╨┐╤А╨╡╨┤╨╡╨╗╤П╨╡╤В ╨║╨░╨║╨╕╨╡-╨╗╨╕╨▒╨╛ ╨╝╨╡╤В╨╛╨┤╤Л ╨▒╨░╨╖╨╛╨▓╨╛╨│╨╛ ╨║╨╗╨░╤Б╤Б╨░ [C:\Users\KusokMedi\Documents\GitHub\BetterShowcase\build\xdBot2.vcxproj]
  (╨║╨╛╨╝╨┐╨╕╨╗╤П╤Ж╨╕╤П ╨╕╤Б╤Е╨╛╨┤╨╜╨╛╨│╨╛ ╤Д╨░╨╣╨╗╨░ "../src/renderer/renderer.cpp")
  
C:\Users\KusokMedi\Documents\GitHub\BetterShowcase\src\ui\record_layer.hpp(91,7): error C3668: RecordLayer::textChanged: ╨╝╨╡╤В╨╛╨┤ ╤Б╨╛ ╤Б╨┐╨╡╤Ж╨╕╤Д╨╕╨║╨░╤В╨╛╤А╨╛╨╝ ╨┐╨╡╤А╨╡╨╛╨┐╤А╨╡╨┤╨╡╨╗╨╡╨╜╨╕╤П "override" ╨╜╨╡ ╨┐╨╡╤А╨╡╨╛╨┐╤А╨╡╨┤╨╡╨╗╤П╨╡╤В ╨║╨░╨║╨╕╨╡-╨╗╨╕╨▒╨╛ ╨╝╨╡╤В╨╛╨┤╤Л ╨▒╨░╨╖╨╛╨▓╨╛╨│╨╛ ╨║╨╗╨░╤Б╤Б╨░ [C:\Users\KusokMedi\Documents\GitHub\BetterShowcase\build\xdBot2.vcxproj]
  (╨║╨╛╨╝╨┐╨╕╨╗╤П╤Ж╨╕╤П ╨╕╤Б╤Е╨╛╨┤╨╜╨╛╨│╨╛ ╤Д╨░╨╣╨╗╨░ "../src/renderer/renderer.cpp")
  
C:\Users\KusokMedi\Documents\GitHub\BetterShowcase\src\ui\record_layer.hpp(80,20): error C2039: "layer": ╨╜╨╡ ╤П╨▓╨╗╤П╨╡╤В╤Б╤П ╤З╨╗╨╡╨╜╨╛╨╝ "Global". [C:\Users\KusokMedi\Documents\GitHub\BetterShowcase\build\xdBot2.vcxproj]
  (╨║╨╛╨╝╨┐╨╕╨╗╤П╤Ж╨╕╤П ╨╕╤Б╤Е╨╛╨┤╨╜╨╛╨│╨╛ ╤Д╨░╨╣╨╗╨░ "../src/renderer/renderer.cpp")
      C:\Users\KusokMedi\Documents\GitHub\BetterShowcase\src\includes.hpp(46,7):
       ╤Б╨╝. ╨╛╨▒╤К╤П╨▓╨╗╨╡╨╜╨╕╨╡ "Global"
  
C:\Users\KusokMedi\Documents\GitHub\BetterShowcase\src\ui\record_layer.hpp(87,2): error C2039: "initAnchored": ╨╜╨╡ ╤П╨▓╨╗╤П╨╡╤В╤Б╤П ╤З╨╗╨╡╨╜╨╛╨╝ "RecordLayer". [C:\Users\KusokMedi\Documents\GitHub\BetterShowcase\build\xdBot2.vcxproj]
  (╨║╨╛╨╝╨┐╨╕╨╗╤П╤Ж╨╕╤П ╨╕╤Б╤Е╨╛╨┤╨╜╨╛╨│╨╛ ╤Д╨░╨╣╨╗╨░ "../src/renderer/renderer.cpp")
      C:\Users\KusokMedi\Documents\GitHub\BetterShowcase\src\ui\record_layer.hpp(34,7):
       ╤Б╨╝. ╨╛╨▒╤К╤П╨▓╨╗╨╡╨╜╨╕╨╡ "RecordLayer"
  
C:\Users\KusokMedi\Documents\GitHub\BetterShowcase\src\ui\button_edit_layer.hpp(23,44): error C2143: ╤Б╨╕╨╜╤В╨░╨║╤Б╨╕╤З╨╡╤Б╨║╨░╤П ╨╛╤И╨╕╨▒╨║╨░: ╨╛╤В╤Б╤Г╤В╤Б╤В╨▓╨╕╨╡ "," ╨┐╨╡╤А╨╡╨┤ "<" [C:\Users\KusokMedi\Documents\GitHub\BetterShowcase\build\xdBot2.vcxproj]
  (╨║╨╛╨╝╨┐╨╕╨╗╤П╤Ж╨╕╤П ╨╕╤Б╤Е╨╛╨┤╨╜╨╛╨│╨╛ ╤Д╨░╨╣╨╗╨░ "../src/renderer/renderer.cpp")
  
C:\Users\KusokMedi\Documents\GitHub\BetterShowcase\src\ui\button_edit_layer.hpp(27,10): error C3668: ButtonEditLayer::setup: ╨╝╨╡╤В╨╛╨┤ ╤Б╨╛ ╤Б╨┐╨╡╤Ж╨╕╤Д╨╕╨║╨░╤В╨╛╤А╨╛╨╝ ╨┐╨╡╤А╨╡╨╛╨┐╤А╨╡╨┤╨╡╨╗╨╡╨╜╨╕╤П "override" ╨╜╨╡ ╨┐╨╡╤А╨╡╨╛╨┐╤А╨╡╨┤╨╡╨╗╤П╨╡╤В ╨║╨░╨║╨╕╨╡-╨╗╨╕╨▒╨╛ ╨╝╨╡╤В╨╛╨┤╤Л ╨▒╨░╨╖╨╛╨▓╨╛╨│╨╛ ╨║╨╗╨░╤Б╤Б╨░ [C:\Users\KusokMedi\Documents\GitHub\BetterShowcase\build\xdBot2.vcxproj]
  (╨║╨╛╨╝╨┐╨╕╨╗╤П╤Ж╨╕╤П ╨╕╤Б╤Е╨╛╨┤╨╜╨╛╨│╨╛ ╤Д╨░╨╣╨╗╨░ "../src/renderer/renderer.cpp")
  
C:\Users\KusokMedi\Documents\GitHub\BetterShowcase\src\ui\button_edit_layer.hpp(31,5): error C2039: "initAnchored": ╨╜╨╡ ╤П╨▓╨╗╤П╨╡╤В╤Б╤П ╤З╨╗╨╡╨╜╨╛╨╝ "ButtonEditLayer". [C:\Users\KusokMedi\Documents\GitHub\BetterShowcase\build\xdBot2.vcxproj]
  (╨║╨╛╨╝╨┐╨╕╨╗╤П╤Ж╨╕╤П ╨╕╤Б╤Е╨╛╨┤╨╜╨╛╨│╨╛ ╤Д╨░╨╣╨╗╨░ "../src/renderer/renderer.cpp")
      C:\Users\KusokMedi\Documents\GitHub\BetterShowcase\src\ui\button_edit_layer.hpp(23,7):
       ╤Б╨╝. ╨╛╨▒╤К╤П╨▓╨╗╨╡╨╜╨╕╨╡ "ButtonEditLayer"
  
C:\Users\KusokMedi\Documents\GitHub\BetterShowcase\src\renderer\renderer.cpp(775,38): error C2660: cocos2d::CCKeyboardDispatcher::dispatchKeyboardMSG: ╤Д╤Г╨╜╨║╤Ж╨╕╤П ╨╜╨╡ ╨┐╤А╨╕╨╜╨╕╨╝╨░╨╡╤В 3 ╨░╤А╨│╤Г╨╝╨╡╨╜╤В╨╛╨▓ [C:\Users\KusokMedi\Documents\GitHub\BetterShowcase\build\xdBot2.vcxproj]
  (╨║╨╛╨╝╨┐╨╕╨╗╤П╤Ж╨╕╤П ╨╕╤Б╤Е╨╛╨┤╨╜╨╛╨│╨╛ ╤Д╨░╨╣╨╗╨░ "../src/renderer/renderer.cpp")
      C:\Users\KusokMedi\Documents\Geode\loader\include\Geode\cocos\robtop\keyboard_dispatcher\CCKeyboardDispatcher.h(26,7):
       ╤Б╨╝. ╨╛╨▒╤К╤П╨▓╨╗╨╡╨╜╨╕╨╡ "cocos2d::CCKeyboardDispatcher::dispatchKeyboardMSG"
      C:\Users\KusokMedi\Documents\GitHub\BetterShowcase\src\renderer\renderer.cpp(775,38):
      ╨┐╤А╨╕ ╨┐╨╛╨┐╤Л╤В╨║╨╡ ╤Б╨╛╨┐╨╛╤Б╤В╨░╨▓╨╕╤В╤М ╤Б╨┐╨╕╤Б╨╛╨║ ╨░╤А╨│╤Г╨╝╨╡╨╜╤В╨╛╨▓ "(cocos2d::enumKeyCodes, bool, bool)"
  
C:\Users\KusokMedi\Documents\GitHub\BetterShowcase\src\renderer\renderer.cpp(776,38): error C2660: cocos2d::CCKeyboardDispatcher::dispatchKeyboardMSG: ╤Д╤Г╨╜╨║╤Ж╨╕╤П ╨╜╨╡ ╨┐╤А╨╕╨╜╨╕╨╝╨░╨╡╤В 3 ╨░╤А╨│╤Г╨╝╨╡╨╜╤В╨╛╨▓ [C:\Users\KusokMedi\Documents\GitHub\BetterShowcase\build\xdBot2.vcxproj]
  (╨║╨╛╨╝╨┐╨╕╨╗╤П╤Ж╨╕╤П ╨╕╤Б╤Е╨╛╨┤╨╜╨╛╨│╨╛ ╤Д╨░╨╣╨╗╨░ "../src/renderer/renderer.cpp")
      C:\Users\KusokMedi\Documents\Geode\loader\include\Geode\cocos\robtop\keyboard_dispatcher\CCKeyboardDispatcher.h(26,7):
       ╤Б╨╝. ╨╛╨▒╤К╤П╨▓╨╗╨╡╨╜╨╕╨╡ "cocos2d::CCKeyboardDispatcher::dispatchKeyboardMSG"
      C:\Users\KusokMedi\Documents\GitHub\BetterShowcase\src\renderer\renderer.cpp(776,38):
      ╨┐╤А╨╕ ╨┐╨╛╨┐╤Л╤В╨║╨╡ ╤Б╨╛╨┐╨╛╤Б╤В╨░╨▓╨╕╤В╤М ╤Б╨┐╨╕╤Б╨╛╨║ ╨░╤А╨│╤Г╨╝╨╡╨╜╤В╨╛╨▓ "(cocos2d::enumKeyCodes, bool, bool)"
  
  other.cpp
C:\Users\KusokMedi\Documents\GitHub\BetterShowcase\src\renderer\ffmpeg\events.hpp(11,47): error C2955: "geode::Event": ╨┤╨╗╤П ╨╕╤Б╨┐╨╛╨╗╤М╨╖╨╛╨▓╨░╨╜╨╕╤П ╨║╨╗╨░╤Б╤Б ╤И╨░╨▒╨╗╨╛╨╜ ╤В╤А╨╡╨▒╤Г╨╡╤В╤Б╤П ╤Б╨┐╨╕╤Б╨╛╨║ ╨░╤А╨│╤Г╨╝╨╡╨╜╤В╨╛╨▓ ╤И╨░╨▒╨╗╨╛╨╜ [C:\Users\KusokMedi\Documents\GitHub\BetterShowcase\build\xdBot2.vcxproj]
  (╨║╨╛╨╝╨┐╨╕╨╗╤П╤Ж╨╕╤П ╨╕╤Б╤Е╨╛╨┤╨╜╨╛╨│╨╛ ╤Д╨░╨╣╨╗╨░ "../src/hacks/other.cpp")
      C:\Users\KusokMedi\Documents\Geode\loader\include\Geode\loader\Event.hpp(960,12):
       ╤Б╨╝. ╨╛╨▒╤К╤П╨▓╨╗╨╡╨╜╨╕╨╡ "geode::Event"
  
C:\Users\KusokMedi\Documents\GitHub\BetterShowcase\src\renderer\ffmpeg\events.hpp(20,47): error C2955: "geode::Event": ╨┤╨╗╤П ╨╕╤Б╨┐╨╛╨╗╤М╨╖╨╛╨▓╨░╨╜╨╕╤П ╨║╨╗╨░╤Б╤Б ╤И╨░╨▒╨╗╨╛╨╜ ╤В╤А╨╡╨▒╤Г╨╡╤В╤Б╤П ╤Б╨┐╨╕╤Б╨╛╨║ ╨░╤А╨│╤Г╨╝╨╡╨╜╤В╨╛╨▓ ╤И╨░╨▒╨╗╨╛╨╜ [C:\Users\KusokMedi\Documents\GitHub\BetterShowcase\build\xdBot2.vcxproj]
  (╨║╨╛╨╝╨┐╨╕╨╗╤П╤Ж╨╕╤П ╨╕╤Б╤Е╨╛╨┤╨╜╨╛╨│╨╛ ╤Д╨░╨╣╨╗╨░ "../src/hacks/other.cpp")
      C:\Users\KusokMedi\Documents\Geode\loader\include\Geode\loader\Event.hpp(960,12):
       ╤Б╨╝. ╨╛╨▒╤К╤П╨▓╨╗╨╡╨╜╨╕╨╡ "geode::Event"
  
C:\Users\KusokMedi\Documents\GitHub\BetterShowcase\src\renderer\ffmpeg\events.hpp(28,45): error C2955: "geode::Event": ╨┤╨╗╤П ╨╕╤Б╨┐╨╛╨╗╤М╨╖╨╛╨▓╨░╨╜╨╕╤П ╨║╨╗╨░╤Б╤Б ╤И╨░╨▒╨╗╨╛╨╜ ╤В╤А╨╡╨▒╤Г╨╡╤В╤Б╤П ╤Б╨┐╨╕╤Б╨╛╨║ ╨░╤А╨│╤Г╨╝╨╡╨╜╤В╨╛╨▓ ╤И╨░╨▒╨╗╨╛╨╜ [C:\Users\KusokMedi\Documents\GitHub\BetterShowcase\build\xdBot2.vcxproj]
  (╨║╨╛╨╝╨┐╨╕╨╗╤П╤Ж╨╕╤П ╨╕╤Б╤Е╨╛╨┤╨╜╨╛╨│╨╛ ╤Д╨░╨╣╨╗╨░ "../src/hacks/other.cpp")
      C:\Users\KusokMedi\Documents\Geode\loader\include\Geode\loader\Event.hpp(960,12):
       ╤Б╨╝. ╨╛╨▒╤К╤П╨▓╨╗╨╡╨╜╨╕╨╡ "geode::Event"
  
C:\Users\KusokMedi\Documents\GitHub\BetterShowcase\src\renderer\ffmpeg\events.hpp(48,45): error C2955: "geode::Event": ╨┤╨╗╤П ╨╕╤Б╨┐╨╛╨╗╤М╨╖╨╛╨▓╨░╨╜╨╕╤П ╨║╨╗╨░╤Б╤Б ╤И╨░╨▒╨╗╨╛╨╜ ╤В╤А╨╡╨▒╤Г╨╡╤В╤Б╤П ╤Б╨┐╨╕╤Б╨╛╨║ ╨░╤А╨│╤Г╨╝╨╡╨╜╤В╨╛╨▓ ╤И╨░╨▒╨╗╨╛╨╜ [C:\Users\KusokMedi\Documents\GitHub\BetterShowcase\build\xdBot2.vcxproj]
  (╨║╨╛╨╝╨┐╨╕╨╗╤П╤Ж╨╕╤П ╨╕╤Б╤Е╨╛╨┤╨╜╨╛╨│╨╛ ╤Д╨░╨╣╨╗╨░ "../src/hacks/other.cpp")
      C:\Users\KusokMedi\Documents\Geode\loader\include\Geode\loader\Event.hpp(960,12):
       ╤Б╨╝. ╨╛╨▒╤К╤П╨▓╨╗╨╡╨╜╨╕╨╡ "geode::Event"
  
C:\Users\KusokMedi\Documents\GitHub\BetterShowcase\src\renderer\ffmpeg\events.hpp(58,54): error C2955: "geode::Event": ╨┤╨╗╤П ╨╕╤Б╨┐╨╛╨╗╤М╨╖╨╛╨▓╨░╨╜╨╕╤П ╨║╨╗╨░╤Б╤Б ╤И╨░╨▒╨╗╨╛╨╜ ╤В╤А╨╡╨▒╤Г╨╡╤В╤Б╤П ╤Б╨┐╨╕╤Б╨╛╨║ ╨░╤А╨│╤Г╨╝╨╡╨╜╤В╨╛╨▓ ╤И╨░╨▒╨╗╨╛╨╜ [C:\Users\KusokMedi\Documents\GitHub\BetterShowcase\build\xdBot2.vcxproj]
  (╨║╨╛╨╝╨┐╨╕╨╗╤П╤Ж╨╕╤П ╨╕╤Б╤Е╨╛╨┤╨╜╨╛╨│╨╛ ╤Д╨░╨╣╨╗╨░ "../src/hacks/other.cpp")
      C:\Users\KusokMedi\Documents\Geode\loader\include\Geode\loader\Event.hpp(960,12):
       ╤Б╨╝. ╨╛╨▒╤К╤П╨▓╨╗╨╡╨╜╨╕╨╡ "geode::Event"
  
C:\Users\KusokMedi\Documents\GitHub\BetterShowcase\src\renderer\ffmpeg\events.hpp(69,46): error C2955: "geode::Event": ╨┤╨╗╤П ╨╕╤Б╨┐╨╛╨╗╤М╨╖╨╛╨▓╨░╨╜╨╕╤П ╨║╨╗╨░╤Б╤Б ╤И╨░╨▒╨╗╨╛╨╜ ╤В╤А╨╡╨▒╤Г╨╡╤В╤Б╤П ╤Б╨┐╨╕╤Б╨╛╨║ ╨░╤А╨│╤Г╨╝╨╡╨╜╤В╨╛╨▓ ╤И╨░╨▒╨╗╨╛╨╜ [C:\Users\KusokMedi\Documents\GitHub\BetterShowcase\build\xdBot2.vcxproj]
  (╨║╨╛╨╝╨┐╨╕╨╗╤П╤Ж╨╕╤П ╨╕╤Б╤Е╨╛╨┤╨╜╨╛╨│╨╛ ╤Д╨░╨╣╨╗╨░ "../src/hacks/other.cpp")
      C:\Users\KusokMedi\Documents\Geode\loader\include\Geode\loader\Event.hpp(960,12):
       ╤Б╨╝. ╨╛╨▒╤К╤П╨▓╨╗╨╡╨╜╨╕╨╡ "geode::Event"
  
C:\Users\KusokMedi\Documents\GitHub\BetterShowcase\src\renderer\ffmpeg\events.hpp(79,46): error C2955: "geode::Event": ╨┤╨╗╤П ╨╕╤Б╨┐╨╛╨╗╤М╨╖╨╛╨▓╨░╨╜╨╕╤П ╨║╨╗╨░╤Б╤Б ╤И╨░╨▒╨╗╨╛╨╜ ╤В╤А╨╡╨▒╤Г╨╡╤В╤Б╤П ╤Б╨┐╨╕╤Б╨╛╨║ ╨░╤А╨│╤Г╨╝╨╡╨╜╤В╨╛╨▓ ╤И╨░╨▒╨╗╨╛╨╜ [C:\Users\KusokMedi\Documents\GitHub\BetterShowcase\build\xdBot2.vcxproj]
  (╨║╨╛╨╝╨┐╨╕╨╗╤П╤Ж╨╕╤П ╨╕╤Б╤Е╨╛╨┤╨╜╨╛╨│╨╛ ╤Д╨░╨╣╨╗╨░ "../src/hacks/other.cpp")
      C:\Users\KusokMedi\Documents\Geode\loader\include\Geode\loader\Event.hpp(960,12):
       ╤Б╨╝. ╨╛╨▒╤К╤П╨▓╨╗╨╡╨╜╨╕╨╡ "geode::Event"
  
C:\Users\KusokMedi\Documents\GitHub\BetterShowcase\src\renderer\ffmpeg\events.hpp(101,44): error C2955: "geode::Event": ╨┤╨╗╤П ╨╕╤Б╨┐╨╛╨╗╤М╨╖╨╛╨▓╨░╨╜╨╕╤П ╨║╨╗╨░╤Б╤Б ╤И╨░╨▒╨╗╨╛╨╜ ╤В╤А╨╡╨▒╤Г╨╡╤В╤Б╤П ╤Б╨┐╨╕╤Б╨╛╨║ ╨░╤А╨│╤Г╨╝╨╡╨╜╤В╨╛╨▓ ╤И╨░╨▒╨╗╨╛╨╜ [C:\Users\KusokMedi\Documents\GitHub\BetterShowcase\build\xdBot2.vcxproj]
  (╨║╨╛╨╝╨┐╨╕╨╗╤П╤Ж╨╕╤П ╨╕╤Б╤Е╨╛╨┤╨╜╨╛╨│╨╛ ╤Д╨░╨╣╨╗╨░ "../src/hacks/other.cpp")
      C:\Users\KusokMedi\Documents\Geode\loader\include\Geode\loader\Event.hpp(960,12):
       ╤Б╨╝. ╨╛╨▒╤К╤П╨▓╨╗╨╡╨╜╨╕╨╡ "geode::Event"
  
C:\Users\KusokMedi\Documents\GitHub\BetterShowcase\src\renderer\ffmpeg\events.hpp(129,21): error C2039: "post": ╨╜╨╡ ╤П╨▓╨╗╤П╨╡╤В╤Б╤П ╤З╨╗╨╡╨╜╨╛╨╝ "ffmpeg::events::impl::CreateRecorderEvent". [C:\Users\KusokMedi\Documents\GitHub\BetterShowcase\build\xdBot2.vcxproj]
  (╨║╨╛╨╝╨┐╨╕╨╗╤П╤Ж╨╕╤П ╨╕╤Б╤Е╨╛╨┤╨╜╨╛╨│╨╛ ╤Д╨░╨╣╨╗╨░ "../src/hacks/other.cpp")
      C:\Users\KusokMedi\Documents\GitHub\BetterShowcase\src\renderer\ffmpeg\events.hpp(11,11):
       ╤Б╨╝. ╨╛╨▒╤К╤П╨▓╨╗╨╡╨╜╨╕╨╡ "ffmpeg::events::impl::CreateRecorderEvent"
  
C:\Users\KusokMedi\Documents\GitHub\BetterShowcase\src\renderer\ffmpeg\events.hpp(135,21): error C2039: "post": ╨╜╨╡ ╤П╨▓╨╗╤П╨╡╤В╤Б╤П ╤З╨╗╨╡╨╜╨╛╨╝ "ffmpeg::events::impl::DeleteRecorderEvent". [C:\Users\KusokMedi\Documents\GitHub\BetterShowcase\build\xdBot2.vcxproj]
  (╨║╨╛╨╝╨┐╨╕╨╗╤П╤Ж╨╕╤П ╨╕╤Б╤Е╨╛╨┤╨╜╨╛╨│╨╛ ╤Д╨░╨╣╨╗╨░ "../src/hacks/other.cpp")
      C:\Users\KusokMedi\Documents\GitHub\BetterShowcase\src\renderer\ffmpeg\events.hpp(20,11):
       ╤Б╨╝. ╨╛╨▒╤К╤П╨▓╨╗╨╡╨╜╨╕╨╡ "ffmpeg::events::impl::DeleteRecorderEvent"
  
C:\Users\KusokMedi\Documents\GitHub\BetterShowcase\src\renderer\ffmpeg\events.hpp(153,19): error C2039: "post": ╨╜╨╡ ╤П╨▓╨╗╤П╨╡╤В╤Б╤П ╤З╨╗╨╡╨╜╨╛╨╝ "ffmpeg::events::impl::InitRecorderEvent". [C:\Users\KusokMedi\Documents\GitHub\BetterShowcase\build\xdBot2.vcxproj]
  (╨║╨╛╨╝╨┐╨╕╨╗╤П╤Ж╨╕╤П ╨╕╤Б╤Е╨╛╨┤╨╜╨╛╨│╨╛ ╤Д╨░╨╣╨╗╨░ "../src/hacks/other.cpp")
      C:\Users\KusokMedi\Documents\GitHub\BetterShowcase\src\renderer\ffmpeg\events.hpp(28,11):
       ╤Б╨╝. ╨╛╨▒╤К╤П╨▓╨╗╨╡╨╜╨╕╨╡ "ffmpeg::events::impl::InitRecorderEvent"
  
C:\Users\KusokMedi\Documents\GitHub\BetterShowcase\src\renderer\ffmpeg\events.hpp(163,40): error C2039: "post": ╨╜╨╡ ╤П╨▓╨╗╤П╨╡╤В╤Б╤П ╤З╨╗╨╡╨╜╨╛╨╝ "ffmpeg::events::impl::StopRecorderEvent". [C:\Users\KusokMedi\Documents\GitHub\BetterShowcase\build\xdBot2.vcxproj]
  (╨║╨╛╨╝╨┐╨╕╨╗╤П╤Ж╨╕╤П ╨╕╤Б╤Е╨╛╨┤╨╜╨╛╨│╨╛ ╤Д╨░╨╣╨╗╨░ "../src/hacks/other.cpp")
      C:\Users\KusokMedi\Documents\GitHub\BetterShowcase\src\renderer\ffmpeg\events.hpp(48,11):
       ╤Б╨╝. ╨╛╨▒╤К╤П╨▓╨╗╨╡╨╜╨╕╨╡ "ffmpeg::events::impl::StopRecorderEvent"
  
C:\Users\KusokMedi\Documents\GitHub\BetterShowcase\src\renderer\ffmpeg\events.hpp(182,19): error C2039: "post": ╨╜╨╡ ╤П╨▓╨╗╤П╨╡╤В╤Б╤П ╤З╨╗╨╡╨╜╨╛╨╝ "ffmpeg::events::impl::GetWriteFrameFunctionEvent". [C:\Users\KusokMedi\Documents\GitHub\BetterShowcase\build\xdBot2.vcxproj]
  (╨║╨╛╨╝╨┐╨╕╨╗╤П╤Ж╨╕╤П ╨╕╤Б╤Е╨╛╨┤╨╜╨╛╨│╨╛ ╤Д╨░╨╣╨╗╨░ "../src/hacks/other.cpp")
      C:\Users\KusokMedi\Documents\GitHub\BetterShowcase\src\renderer\ffmpeg\events.hpp(58,11):
       ╤Б╨╝. ╨╛╨▒╤К╤П╨▓╨╗╨╡╨╜╨╕╨╡ "ffmpeg::events::impl::GetWriteFrameFunctionEvent"
  
C:\Users\KusokMedi\Documents\GitHub\BetterShowcase\src\renderer\ffmpeg\events.hpp(199,20): error C2039: "post": ╨╜╨╡ ╤П╨▓╨╗╤П╨╡╤В╤Б╤П ╤З╨╗╨╡╨╜╨╛╨╝ "ffmpeg::events::impl::CodecRecorderEvent". [C:\Users\KusokMedi\Documents\GitHub\BetterShowcase\build\xdBot2.vcxproj]
  (╨║╨╛╨╝╨┐╨╕╨╗╤П╤Ж╨╕╤П ╨╕╤Б╤Е╨╛╨┤╨╜╨╛╨│╨╛ ╤Д╨░╨╣╨╗╨░ "../src/hacks/other.cpp")
      C:\Users\KusokMedi\Documents\GitHub\BetterShowcase\src\renderer\ffmpeg\events.hpp(69,11):
       ╤Б╨╝. ╨╛╨▒╤К╤П╨▓╨╗╨╡╨╜╨╕╨╡ "ffmpeg::events::impl::CodecRecorderEvent"
  
C:\Users\KusokMedi\Documents\GitHub\BetterShowcase\src\renderer\ffmpeg\events.hpp(225,18): error C2039: "post": ╨╜╨╡ ╤П╨▓╨╗╤П╨╡╤В╤Б╤П ╤З╨╗╨╡╨╜╨╛╨╝ "ffmpeg::events::impl::MixVideoAudioEvent". [C:\Users\KusokMedi\Documents\GitHub\BetterShowcase\build\xdBot2.vcxproj]
  (╨║╨╛╨╝╨┐╨╕╨╗╤П╤Ж╨╕╤П ╨╕╤Б╤Е╨╛╨┤╨╜╨╛╨│╨╛ ╤Д╨░╨╣╨╗╨░ "../src/hacks/other.cpp")
      C:\Users\KusokMedi\Documents\GitHub\BetterShowcase\src\renderer\ffmpeg\events.hpp(79,11):
       ╤Б╨╝. ╨╛╨▒╤К╤П╨▓╨╗╨╡╨╜╨╕╨╡ "ffmpeg::events::impl::MixVideoAudioEvent"
  
C:\Users\KusokMedi\Documents\GitHub\BetterShowcase\src\renderer\ffmpeg\events.hpp(244,18): error C2039: "post": ╨╜╨╡ ╤П╨▓╨╗╤П╨╡╤В╤Б╤П ╤З╨╗╨╡╨╜╨╛╨╝ "ffmpeg::events::impl::MixVideoRawEvent". [C:\Users\KusokMedi\Documents\GitHub\BetterShowcase\build\xdBot2.vcxproj]
  (╨║╨╛╨╝╨┐╨╕╨╗╤П╤Ж╨╕╤П ╨╕╤Б╤Е╨╛╨┤╨╜╨╛╨│╨╛ ╤Д╨░╨╣╨╗╨░ "../src/hacks/other.cpp")
      C:\Users\KusokMedi\Documents\GitHub\BetterShowcase\src\renderer\ffmpeg\events.hpp(101,11):
       ╤Б╨╝. ╨╛╨▒╤К╤П╨▓╨╗╨╡╨╜╨╕╨╡ "ffmpeg::events::impl::MixVideoRawEvent"
  
C:\Users\KusokMedi\Documents\GitHub\BetterShowcase\src\includes.hpp(82,17): error C2059: ╤Б╨╕╨╜╤В╨░╨║╤Б╨╕╤З╨╡╤Б╨║╨░╤П ╨╛╤И╨╕╨▒╨║╨░: < [C:\Users\KusokMedi\Documents\GitHub\BetterShowcase\build\xdBot2.vcxproj]
  (╨║╨╛╨╝╨┐╨╕╨╗╤П╤Ж╨╕╤П ╨╕╤Б╤Е╨╛╨┤╨╜╨╛╨│╨╛ ╤Д╨░╨╣╨╗╨░ "../src/hacks/other.cpp")
  
C:\Users\KusokMedi\Documents\GitHub\BetterShowcase\src\includes.hpp(82,36): error C2238: ╨╜╨╡╨┐╤А╨╡╨┤╨▓╨╕╨┤╨╡╨╜╨╜╤Л╨╡ ╨╗╨╡╨║╤Б╨╡╨╝╤Л ╨┐╨╡╤А╨╡╨┤ ";" [C:\Users\KusokMedi\Documents\GitHub\BetterShowcase\build\xdBot2.vcxproj]
  (╨║╨╛╨╝╨┐╨╕╨╗╤П╤Ж╨╕╤П ╨╕╤Б╤Е╨╛╨┤╨╜╨╛╨│╨╛ ╤Д╨░╨╣╨╗╨░ "../src/hacks/other.cpp")
  
C:\Users\KusokMedi\Documents\GitHub\BetterShowcase\src\ui\load_macro_layer.hpp(14,14): error C2059: ╤Б╨╕╨╜╤В╨░╨║╤Б╨╕╤З╨╡╤Б╨║╨░╤П ╨╛╤И╨╕╨▒╨║╨░: < [C:\Users\KusokMedi\Documents\GitHub\BetterShowcase\build\xdBot2.vcxproj]
  (╨║╨╛╨╝╨┐╨╕╨╗╤П╤Ж╨╕╤П ╨╕╤Б╤Е╨╛╨┤╨╜╨╛╨│╨╛ ╤Д╨░╨╣╨╗╨░ "../src/hacks/other.cpp")
  
C:\Users\KusokMedi\Documents\GitHub\BetterShowcase\src\ui\load_macro_layer.hpp(14,37): error C2238: ╨╜╨╡╨┐╤А╨╡╨┤╨▓╨╕╨┤╨╡╨╜╨╜╤Л╨╡ ╨╗╨╡╨║╤Б╨╡╨╝╤Л ╨┐╨╡╤А╨╡╨┤ ";" [C:\Users\KusokMedi\Documents\GitHub\BetterShowcase\build\xdBot2.vcxproj]
  (╨║╨╛╨╝╨┐╨╕╨╗╤П╤Ж╨╕╤П ╨╕╤Б╤Е╨╛╨┤╨╜╨╛╨│╨╛ ╤Д╨░╨╣╨╗╨░ "../src/hacks/other.cpp")
  
C:\Users\KusokMedi\Documents\GitHub\BetterShowcase\src\ui\load_macro_layer.hpp(15,14): error C2059: ╤Б╨╕╨╜╤В╨░╨║╤Б╨╕╤З╨╡╤Б╨║╨░╤П ╨╛╤И╨╕╨▒╨║╨░: < [C:\Users\KusokMedi\Documents\GitHub\BetterShowcase\build\xdBot2.vcxproj]
  (╨║╨╛╨╝╨┐╨╕╨╗╤П╤Ж╨╕╤П ╨╕╤Б╤Е╨╛╨┤╨╜╨╛╨│╨╛ ╤Д╨░╨╣╨╗╨░ "../src/hacks/other.cpp")
  
C:\Users\KusokMedi\Documents\GitHub\BetterShowcase\src\ui\load_macro_layer.hpp(15,38): error C2238: ╨╜╨╡╨┐╤А╨╡╨┤╨▓╨╕╨┤╨╡╨╜╨╜╤Л╨╡ ╨╗╨╡╨║╤Б╨╡╨╝╤Л ╨┐╨╡╤А╨╡╨┤ ";" [C:\Users\KusokMedi\Documents\GitHub\BetterShowcase\build\xdBot2.vcxproj]
  (╨║╨╛╨╝╨┐╨╕╨╗╤П╤Ж╨╕╤П ╨╕╤Б╤Е╨╛╨┤╨╜╨╛╨│╨╛ ╤Д╨░╨╣╨╗╨░ "../src/hacks/other.cpp")
  
C:\Users\KusokMedi\Documents\GitHub\BetterShowcase\src\ui\load_macro_layer.hpp(25,103): error C2143: ╤Б╨╕╨╜╤В╨░╨║╤Б╨╕╤З╨╡╤Б╨║╨░╤П ╨╛╤И╨╕╨▒╨║╨░: ╨╛╤В╤Б╤Г╤В╤Б╤В╨▓╨╕╨╡ ")" ╨┐╨╡╤А╨╡╨┤ "<" [C:\Users\KusokMedi\Documents\GitHub\BetterShowcase\build\xdBot2.vcxproj]
  (╨║╨╛╨╝╨┐╨╕╨╗╤П╤Ж╨╕╤П ╨╕╤Б╤Е╨╛╨┤╨╜╨╛╨│╨╛ ╤Д╨░╨╣╨╗╨░ "../src/hacks/other.cpp")
  
C:\Users\KusokMedi\Documents\GitHub\BetterShowcase\src\ui\load_macro_layer.hpp(25,103): error C2143: ╤Б╨╕╨╜╤В╨░╨║╤Б╨╕╤З╨╡╤Б╨║╨░╤П ╨╛╤И╨╕╨▒╨║╨░: ╨╛╤В╤Б╤Г╤В╤Б╤В╨▓╨╕╨╡ ";" ╨┐╨╡╤А╨╡╨┤ "<" [C:\Users\KusokMedi\Documents\GitHub\BetterShowcase\build\xdBot2.vcxproj]
  (╨║╨╛╨╝╨┐╨╕╨╗╤П╤Ж╨╕╤П ╨╕╤Б╤Е╨╛╨┤╨╜╨╛╨│╨╛ ╤Д╨░╨╣╨╗╨░ "../src/hacks/other.cpp")
  
C:\Users\KusokMedi\Documents\GitHub\BetterShowcase\src\ui\load_macro_layer.hpp(25,103): error C2059: ╤Б╨╕╨╜╤В╨░╨║╤Б╨╕╤З╨╡╤Б╨║╨░╤П ╨╛╤И╨╕╨▒╨║╨░: < [C:\Users\KusokMedi\Documents\GitHub\BetterShowcase\build\xdBot2.vcxproj]
  (╨║╨╛╨╝╨┐╨╕╨╗╤П╤Ж╨╕╤П ╨╕╤Б╤Е╨╛╨┤╨╜╨╛╨│╨╛ ╤Д╨░╨╣╨╗╨░ "../src/hacks/other.cpp")
  
C:\Users\KusokMedi\Documents\GitHub\BetterShowcase\src\ui\load_macro_layer.hpp(25,164): error C2059: ╤Б╨╕╨╜╤В╨░╨║╤Б╨╕╤З╨╡╤Б╨║╨░╤П ╨╛╤И╨╕╨▒╨║╨░: ) [C:\Users\KusokMedi\Documents\GitHub\BetterShowcase\build\xdBot2.vcxproj]
  (╨║╨╛╨╝╨┐╨╕╨╗╤П╤Ж╨╕╤П ╨╕╤Б╤Е╨╛╨┤╨╜╨╛╨│╨╛ ╤Д╨░╨╣╨╗╨░ "../src/hacks/other.cpp")
  
C:\Users\KusokMedi\Documents\GitHub\BetterShowcase\src\ui\load_macro_layer.hpp(25,165): error C2238: ╨╜╨╡╨┐╤А╨╡╨┤╨▓╨╕╨┤╨╡╨╜╨╜╤Л╨╡ ╨╗╨╡╨║╤Б╨╡╨╝╤Л ╨┐╨╡╤А╨╡╨┤ ";" [C:\Users\KusokMedi\Documents\GitHub\BetterShowcase\build\xdBot2.vcxproj]
  (╨║╨╛╨╝╨┐╨╕╨╗╤П╤Ж╨╕╤П ╨╕╤Б╤Е╨╛╨┤╨╜╨╛╨│╨╛ ╤Д╨░╨╣╨╗╨░ "../src/hacks/other.cpp")
  
C:\Users\KusokMedi\Documents\GitHub\BetterShowcase\src\ui\load_macro_layer.hpp(27,88): error C2143: ╤Б╨╕╨╜╤В╨░╨║╤Б╨╕╤З╨╡╤Б╨║╨░╤П ╨╛╤И╨╕╨▒╨║╨░: ╨╛╤В╤Б╤Г╤В╤Б╤В╨▓╨╕╨╡ ")" ╨┐╨╡╤А╨╡╨┤ "<" [C:\Users\KusokMedi\Documents\GitHub\BetterShowcase\build\xdBot2.vcxproj]
  (╨║╨╛╨╝╨┐╨╕╨╗╤П╤Ж╨╕╤П ╨╕╤Б╤Е╨╛╨┤╨╜╨╛╨│╨╛ ╤Д╨░╨╣╨╗╨░ "../src/hacks/other.cpp")
  
C:\Users\KusokMedi\Documents\GitHub\BetterShowcase\src\ui\load_macro_layer.hpp(27,88): error C2143: ╤Б╨╕╨╜╤В╨░╨║╤Б╨╕╤З╨╡╤Б╨║╨░╤П ╨╛╤И╨╕╨▒╨║╨░: ╨╛╤В╤Б╤Г╤В╤Б╤В╨▓╨╕╨╡ ";" ╨┐╨╡╤А╨╡╨┤ "<" [C:\Users\KusokMedi\Documents\GitHub\BetterShowcase\build\xdBot2.vcxproj]
  (╨║╨╛╨╝╨┐╨╕╨╗╤П╤Ж╨╕╤П ╨╕╤Б╤Е╨╛╨┤╨╜╨╛╨│╨╛ ╤Д╨░╨╣╨╗╨░ "../src/hacks/other.cpp")
  
C:\Users\KusokMedi\Documents\GitHub\BetterShowcase\src\ui\load_macro_layer.hpp(27,88): error C2059: ╤Б╨╕╨╜╤В╨░╨║╤Б╨╕╤З╨╡╤Б╨║╨░╤П ╨╛╤И╨╕╨▒╨║╨░: < [C:\Users\KusokMedi\Documents\GitHub\BetterShowcase\build\xdBot2.vcxproj]
  (╨║╨╛╨╝╨┐╨╕╨╗╤П╤Ж╨╕╤П ╨╕╤Б╤Е╨╛╨┤╨╜╨╛╨│╨╛ ╤Д╨░╨╣╨╗╨░ "../src/hacks/other.cpp")
  
C:\Users\KusokMedi\Documents\GitHub\BetterShowcase\src\ui\load_macro_layer.hpp(27,149): error C2059: ╤Б╨╕╨╜╤В╨░╨║╤Б╨╕╤З╨╡╤Б╨║╨░╤П ╨╛╤И╨╕╨▒╨║╨░: ) [C:\Users\KusokMedi\Documents\GitHub\BetterShowcase\build\xdBot2.vcxproj]
  (╨║╨╛╨╝╨┐╨╕╨╗╤П╤Ж╨╕╤П ╨╕╤Б╤Е╨╛╨┤╨╜╨╛╨│╨╛ ╤Д╨░╨╣╨╗╨░ "../src/hacks/other.cpp")
  
C:\Users\KusokMedi\Documents\GitHub\BetterShowcase\src\ui\load_macro_layer.hpp(27,150): error C2238: ╨╜╨╡╨┐╤А╨╡╨┤╨▓╨╕╨┤╨╡╨╜╨╜╤Л╨╡ ╨╗╨╡╨║╤Б╨╡╨╝╤Л ╨┐╨╡╤А╨╡╨┤ ";" [C:\Users\KusokMedi\Documents\GitHub\BetterShowcase\build\xdBot2.vcxproj]
  (╨║╨╛╨╝╨┐╨╕╨╗╤П╤Ж╨╕╤П ╨╕╤Б╤Е╨╛╨┤╨╜╨╛╨│╨╛ ╤Д╨░╨╣╨╗╨░ "../src/hacks/other.cpp")
  
C:\Users\KusokMedi\Documents\GitHub\BetterShowcase\src\ui\load_macro_layer.hpp(42,43): error C2143: ╤Б╨╕╨╜╤В╨░╨║╤Б╨╕╤З╨╡╤Б╨║╨░╤П ╨╛╤И╨╕╨▒╨║╨░: ╨╛╤В╤Б╤Г╤В╤Б╤В╨▓╨╕╨╡ "," ╨┐╨╡╤А╨╡╨┤ "<" [C:\Users\KusokMedi\Documents\GitHub\BetterShowcase\build\xdBot2.vcxproj]
  (╨║╨╛╨╝╨┐╨╕╨╗╤П╤Ж╨╕╤П ╨╕╤Б╤Е╨╛╨┤╨╜╨╛╨│╨╛ ╤Д╨░╨╣╨╗╨░ "../src/hacks/other.cpp")
  
C:\Users\KusokMedi\Documents\GitHub\BetterShowcase\src\ui\load_macro_layer.hpp(45,14): error C2059: ╤Б╨╕╨╜╤В╨░╨║╤Б╨╕╤З╨╡╤Б╨║╨░╤П ╨╛╤И╨╕╨▒╨║╨░: < [C:\Users\KusokMedi\Documents\GitHub\BetterShowcase\build\xdBot2.vcxproj]
  (╨║╨╛╨╝╨┐╨╕╨╗╤П╤Ж╨╕╤П ╨╕╤Б╤Е╨╛╨┤╨╜╨╛╨│╨╛ ╤Д╨░╨╣╨╗╨░ "../src/hacks/other.cpp")
  
C:\Users\KusokMedi\Documents\GitHub\BetterShowcase\src\ui\load_macro_layer.hpp(45,37): error C2238: ╨╜╨╡╨┐╤А╨╡╨┤╨▓╨╕╨┤╨╡╨╜╨╜╤Л╨╡ ╨╗╨╡╨║╤Б╨╡╨╝╤Л ╨┐╨╡╤А╨╡╨┤ ";" [C:\Users\KusokMedi\Documents\GitHub\BetterShowcase\build\xdBot2.vcxproj]
  (╨║╨╛╨╝╨┐╨╕╨╗╤П╤Ж╨╕╤П ╨╕╤Б╤Е╨╛╨┤╨╜╨╛╨│╨╛ ╤Д╨░╨╣╨╗╨░ "../src/hacks/other.cpp")
  
C:\Users\KusokMedi\Documents\GitHub\BetterShowcase\src\ui\load_macro_layer.hpp(46,14): error C2059: ╤Б╨╕╨╜╤В╨░╨║╤Б╨╕╤З╨╡╤Б╨║╨░╤П ╨╛╤И╨╕╨▒╨║╨░: < [C:\Users\KusokMedi\Documents\GitHub\BetterShowcase\build\xdBot2.vcxproj]
  (╨║╨╛╨╝╨┐╨╕╨╗╤П╤Ж╨╕╤П ╨╕╤Б╤Е╨╛╨┤╨╜╨╛╨│╨╛ ╤Д╨░╨╣╨╗╨░ "../src/hacks/other.cpp")
  
C:\Users\KusokMedi\Documents\GitHub\BetterShowcase\src\ui\load_macro_layer.hpp(46,38): error C2238: ╨╜╨╡╨┐╤А╨╡╨┤╨▓╨╕╨┤╨╡╨╜╨╜╤Л╨╡ ╨╗╨╡╨║╤Б╨╡╨╝╤Л ╨┐╨╡╤А╨╡╨┤ ";" [C:\Users\KusokMedi\Documents\GitHub\BetterShowcase\build\xdBot2.vcxproj]
  (╨║╨╛╨╝╨┐╨╕╨╗╤П╤Ж╨╕╤П ╨╕╤Б╤Е╨╛╨┤╨╜╨╛╨│╨╛ ╤Д╨░╨╣╨╗╨░ "../src/hacks/other.cpp")
  
C:\Users\KusokMedi\Documents\GitHub\BetterShowcase\src\ui\load_macro_layer.hpp(69,44): error C2143: ╤Б╨╕╨╜╤В╨░╨║╤Б╨╕╤З╨╡╤Б╨║╨░╤П ╨╛╤И╨╕╨▒╨║╨░: ╨╛╤В╤Б╤Г╤В╤Б╤В╨▓╨╕╨╡ ")" ╨┐╨╡╤А╨╡╨┤ "<" [C:\Users\KusokMedi\Documents\GitHub\BetterShowcase\build\xdBot2.vcxproj]
  (╨║╨╛╨╝╨┐╨╕╨╗╤П╤Ж╨╕╤П ╨╕╤Б╤Е╨╛╨┤╨╜╨╛╨│╨╛ ╤Д╨░╨╣╨╗╨░ "../src/hacks/other.cpp")
  
C:\Users\KusokMedi\Documents\GitHub\BetterShowcase\src\ui\load_macro_layer.hpp(69,44): error C2143: ╤Б╨╕╨╜╤В╨░╨║╤Б╨╕╤З╨╡╤Б╨║╨░╤П ╨╛╤И╨╕╨▒╨║╨░: ╨╛╤В╤Б╤Г╤В╤Б╤В╨▓╨╕╨╡ ";" ╨┐╨╡╤А╨╡╨┤ "<" [C:\Users\KusokMedi\Documents\GitHub\BetterShowcase\build\xdBot2.vcxproj]
  (╨║╨╛╨╝╨┐╨╕╨╗╤П╤Ж╨╕╤П ╨╕╤Б╤Е╨╛╨┤╨╜╨╛╨│╨╛ ╤Д╨░╨╣╨╗╨░ "../src/hacks/other.cpp")
  
C:\Users\KusokMedi\Documents\GitHub\BetterShowcase\src\ui\load_macro_layer.hpp(69,44): error C2059: ╤Б╨╕╨╜╤В╨░╨║╤Б╨╕╤З╨╡╤Б╨║╨░╤П ╨╛╤И╨╕╨▒╨║╨░: < [C:\Users\KusokMedi\Documents\GitHub\BetterShowcase\build\xdBot2.vcxproj]
  (╨║╨╛╨╝╨┐╨╕╨╗╤П╤Ж╨╕╤П ╨╕╤Б╤Е╨╛╨┤╨╜╨╛╨│╨╛ ╤Д╨░╨╣╨╗╨░ "../src/hacks/other.cpp")
  
C:\Users\KusokMedi\Documents\GitHub\BetterShowcase\src\ui\load_macro_layer.hpp(69,93): error C2059: ╤Б╨╕╨╜╤В╨░╨║╤Б╨╕╤З╨╡╤Б╨║╨░╤П ╨╛╤И╨╕╨▒╨║╨░: ) [C:\Users\KusokMedi\Documents\GitHub\BetterShowcase\build\xdBot2.vcxproj]
  (╨║╨╛╨╝╨┐╨╕╨╗╤П╤Ж╨╕╤П ╨╕╤Б╤Е╨╛╨┤╨╜╨╛╨│╨╛ ╤Д╨░╨╣╨╗╨░ "../src/hacks/other.cpp")
  
C:\Users\KusokMedi\Documents\GitHub\BetterShowcase\src\ui\load_macro_layer.hpp(69,94): error C2238: ╨╜╨╡╨┐╤А╨╡╨┤╨▓╨╕╨┤╨╡╨╜╨╜╤Л╨╡ ╨╗╨╡╨║╤Б╨╡╨╝╤Л ╨┐╨╡╤А╨╡╨┤ ";" [C:\Users\KusokMedi\Documents\GitHub\BetterShowcase\build\xdBot2.vcxproj]
  (╨║╨╛╨╝╨┐╨╕╨╗╤П╤Ж╨╕╤П ╨╕╤Б╤Е╨╛╨┤╨╜╨╛╨│╨╛ ╤Д╨░╨╣╨╗╨░ "../src/hacks/other.cpp")
  
C:\Users\KusokMedi\Documents\GitHub\BetterShowcase\src\ui\load_macro_layer.hpp(71,25): error C2143: ╤Б╨╕╨╜╤В╨░╨║╤Б╨╕╤З╨╡╤Б╨║╨░╤П ╨╛╤И╨╕╨▒╨║╨░: ╨╛╤В╤Б╤Г╤В╤Б╤В╨▓╨╕╨╡ ")" ╨┐╨╡╤А╨╡╨┤ "<" [C:\Users\KusokMedi\Documents\GitHub\BetterShowcase\build\xdBot2.vcxproj]
  (╨║╨╛╨╝╨┐╨╕╨╗╤П╤Ж╨╕╤П ╨╕╤Б╤Е╨╛╨┤╨╜╨╛╨│╨╛ ╤Д╨░╨╣╨╗╨░ "../src/hacks/other.cpp")
  
C:\Users\KusokMedi\Documents\GitHub\BetterShowcase\src\ui\load_macro_layer.hpp(71,25): error C2143: ╤Б╨╕╨╜╤В╨░╨║╤Б╨╕╤З╨╡╤Б╨║╨░╤П ╨╛╤И╨╕╨▒╨║╨░: ╨╛╤В╤Б╤Г╤В╤Б╤В╨▓╨╕╨╡ ";" ╨┐╨╡╤А╨╡╨┤ "<" [C:\Users\KusokMedi\Documents\GitHub\BetterShowcase\build\xdBot2.vcxproj]
  (╨║╨╛╨╝╨┐╨╕╨╗╤П╤Ж╨╕╤П ╨╕╤Б╤Е╨╛╨┤╨╜╨╛╨│╨╛ ╤Д╨░╨╣╨╗╨░ "../src/hacks/other.cpp")
  
C:\Users\KusokMedi\Documents\GitHub\BetterShowcase\src\ui\load_macro_layer.hpp(71,25): error C2059: ╤Б╨╕╨╜╤В╨░╨║╤Б╨╕╤З╨╡╤Б╨║╨░╤П ╨╛╤И╨╕╨▒╨║╨░: < [C:\Users\KusokMedi\Documents\GitHub\BetterShowcase\build\xdBot2.vcxproj]
  (╨║╨╛╨╝╨┐╨╕╨╗╤П╤Ж╨╕╤П ╨╕╤Б╤Е╨╛╨┤╨╜╨╛╨│╨╛ ╤Д╨░╨╣╨╗╨░ "../src/hacks/other.cpp")
  
C:\Users\KusokMedi\Documents\GitHub\BetterShowcase\src\ui\load_macro_layer.hpp(71,74): error C2059: ╤Б╨╕╨╜╤В╨░╨║╤Б╨╕╤З╨╡╤Б╨║╨░╤П ╨╛╤И╨╕╨▒╨║╨░: ) [C:\Users\KusokMedi\Documents\GitHub\BetterShowcase\build\xdBot2.vcxproj]
  (╨║╨╛╨╝╨┐╨╕╨╗╤П╤Ж╨╕╤П ╨╕╤Б╤Е╨╛╨┤╨╜╨╛╨│╨╛ ╤Д╨░╨╣╨╗╨░ "../src/hacks/other.cpp")
  
C:\Users\KusokMedi\Documents\GitHub\BetterShowcase\src\ui\load_macro_layer.hpp(71,84): error C2238: ╨╜╨╡╨┐╤А╨╡╨┤╨▓╨╕╨┤╨╡╨╜╨╜╤Л╨╡ ╨╗╨╡╨║╤Б╨╡╨╝╤Л ╨┐╨╡╤А╨╡╨┤ ";" [C:\Users\KusokMedi\Documents\GitHub\BetterShowcase\build\xdBot2.vcxproj]
  (╨║╨╛╨╝╨┐╨╕╨╗╤П╤Ж╨╕╤П ╨╕╤Б╤Е╨╛╨┤╨╜╨╛╨│╨╛ ╤Д╨░╨╣╨╗╨░ "../src/hacks/other.cpp")
  
C:\Users\KusokMedi\Documents\GitHub\BetterShowcase\src\ui\load_macro_layer.hpp(73,31): error C2143: ╤Б╨╕╨╜╤В╨░╨║╤Б╨╕╤З╨╡╤Б╨║╨░╤П ╨╛╤И╨╕╨▒╨║╨░: ╨╛╤В╤Б╤Г╤В╤Б╤В╨▓╨╕╨╡ ")" ╨┐╨╡╤А╨╡╨┤ "<" [C:\Users\KusokMedi\Documents\GitHub\BetterShowcase\build\xdBot2.vcxproj]
  (╨║╨╛╨╝╨┐╨╕╨╗╤П╤Ж╨╕╤П ╨╕╤Б╤Е╨╛╨┤╨╜╨╛╨│╨╛ ╤Д╨░╨╣╨╗╨░ "../src/hacks/other.cpp")
  
C:\Users\KusokMedi\Documents\GitHub\BetterShowcase\src\ui\load_macro_layer.hpp(73,31): error C2143: ╤Б╨╕╨╜╤В╨░╨║╤Б╨╕╤З╨╡╤Б╨║╨░╤П ╨╛╤И╨╕╨▒╨║╨░: ╨╛╤В╤Б╤Г╤В╤Б╤В╨▓╨╕╨╡ ";" ╨┐╨╡╤А╨╡╨┤ "<" [C:\Users\KusokMedi\Documents\GitHub\BetterShowcase\build\xdBot2.vcxproj]
  (╨║╨╛╨╝╨┐╨╕╨╗╤П╤Ж╨╕╤П ╨╕╤Б╤Е╨╛╨┤╨╜╨╛╨│╨╛ ╤Д╨░╨╣╨╗╨░ "../src/hacks/other.cpp")
  
C:\Users\KusokMedi\Documents\GitHub\BetterShowcase\src\ui\load_macro_layer.hpp(73,31): error C2059: ╤Б╨╕╨╜╤В╨░╨║╤Б╨╕╤З╨╡╤Б╨║╨░╤П ╨╛╤И╨╕╨▒╨║╨░: < [C:\Users\KusokMedi\Documents\GitHub\BetterShowcase\build\xdBot2.vcxproj]
  (╨║╨╛╨╝╨┐╨╕╨╗╤П╤Ж╨╕╤П ╨╕╤Б╤Е╨╛╨┤╨╜╨╛╨│╨╛ ╤Д╨░╨╣╨╗╨░ "../src/hacks/other.cpp")
  
C:\Users\KusokMedi\Documents\GitHub\BetterShowcase\src\ui\load_macro_layer.hpp(73,88): error C2059: ╤Б╨╕╨╜╤В╨░╨║╤Б╨╕╤З╨╡╤Б╨║╨░╤П ╨╛╤И╨╕╨▒╨║╨░: ) [C:\Users\KusokMedi\Documents\GitHub\BetterShowcase\build\xdBot2.vcxproj]
  (╨║╨╛╨╝╨┐╨╕╨╗╤П╤Ж╨╕╤П ╨╕╤Б╤Е╨╛╨┤╨╜╨╛╨│╨╛ ╤Д╨░╨╣╨╗╨░ "../src/hacks/other.cpp")
  
C:\Users\KusokMedi\Documents\GitHub\BetterShowcase\src\ui\load_macro_layer.hpp(73,89): error C2238: ╨╜╨╡╨┐╤А╨╡╨┤╨▓╨╕╨┤╨╡╨╜╨╜╤Л╨╡ ╨╗╨╡╨║╤Б╨╡╨╝╤Л ╨┐╨╡╤А╨╡╨┤ ";" [C:\Users\KusokMedi\Documents\GitHub\BetterShowcase\build\xdBot2.vcxproj]
  (╨║╨╛╨╝╨┐╨╕╨╗╤П╤Ж╨╕╤П ╨╕╤Б╤Е╨╛╨┤╨╜╨╛╨│╨╛ ╤Д╨░╨╣╨╗╨░ "../src/hacks/other.cpp")
  
C:\Users\KusokMedi\Documents\GitHub\BetterShowcase\src\ui\load_macro_layer.hpp(79,7): error C3668: LoadMacroLayer::textChanged: ╨╝╨╡╤В╨╛╨┤ ╤Б╨╛ ╤Б╨┐╨╡╤Ж╨╕╤Д╨╕╨║╨░╤В╨╛╤А╨╛╨╝ ╨┐╨╡╤А╨╡╨╛╨┐╤А╨╡╨┤╨╡╨╗╨╡╨╜╨╕╤П "override" ╨╜╨╡ ╨┐╨╡╤А╨╡╨╛╨┐╤А╨╡╨┤╨╡╨╗╤П╨╡╤В ╨║╨░╨║╨╕╨╡-╨╗╨╕╨▒╨╛ ╨╝╨╡╤В╨╛╨┤╤Л ╨▒╨░╨╖╨╛╨▓╨╛╨│╨╛ ╨║╨╗╨░╤Б╤Б╨░ [C:\Users\KusokMedi\Documents\GitHub\BetterShowcase\build\xdBot2.vcxproj]
  (╨║╨╛╨╝╨┐╨╕╨╗╤П╤Ж╨╕╤П ╨╕╤Б╤Е╨╛╨┤╨╜╨╛╨│╨╛ ╤Д╨░╨╣╨╗╨░ "../src/hacks/other.cpp")
  
C:\Users\KusokMedi\Documents\GitHub\BetterShowcase\src\ui\render_settings_layer.hpp(5,48): error C2143: ╤Б╨╕╨╜╤В╨░╨║╤Б╨╕╤З╨╡╤Б╨║╨░╤П ╨╛╤И╨╕╨▒╨║╨░: ╨╛╤В╤Б╤Г╤В╤Б╤В╨▓╨╕╨╡ "," ╨┐╨╡╤А╨╡╨┤ "<" [C:\Users\KusokMedi\Documents\GitHub\BetterShowcase\build\xdBot2.vcxproj]
  (╨║╨╛╨╝╨┐╨╕╨╗╤П╤Ж╨╕╤П ╨╕╤Б╤Е╨╛╨┤╨╜╨╛╨│╨╛ ╤Д╨░╨╣╨╗╨░ "../src/hacks/other.cpp")
  
C:\Users\KusokMedi\Documents\GitHub\BetterShowcase\src\ui\render_settings_layer.hpp(27,7): error C3668: RenderSettingsLayer::setup: ╨╝╨╡╤В╨╛╨┤ ╤Б╨╛ ╤Б╨┐╨╡╤Ж╨╕╤Д╨╕╨║╨░╤В╨╛╤А╨╛╨╝ ╨┐╨╡╤А╨╡╨╛╨┐╤А╨╡╨┤╨╡╨╗╨╡╨╜╨╕╤П "override" ╨╜╨╡ ╨┐╨╡╤А╨╡╨╛╨┐╤А╨╡╨┤╨╡╨╗╤П╨╡╤В ╨║╨░╨║╨╕╨╡-╨╗╨╕╨▒╨╛ ╨╝╨╡╤В╨╛╨┤╤Л ╨▒╨░╨╖╨╛╨▓╨╛╨│╨╛ ╨║╨╗╨░╤Б╤Б╨░ [C:\Users\KusokMedi\Documents\GitHub\BetterShowcase\build\xdBot2.vcxproj]
  (╨║╨╛╨╝╨┐╨╕╨╗╤П╤Ж╨╕╤П ╨╕╤Б╤Е╨╛╨┤╨╜╨╛╨│╨╛ ╤Д╨░╨╣╨╗╨░ "../src/hacks/other.cpp")
  
C:\Users\KusokMedi\Documents\GitHub\BetterShowcase\src\ui\render_settings_layer.hpp(41,7): error C3668: RenderSettingsLayer::textChanged: ╨╝╨╡╤В╨╛╨┤ ╤Б╨╛ ╤Б╨┐╨╡╤Ж╨╕╤Д╨╕╨║╨░╤В╨╛╤А╨╛╨╝ ╨┐╨╡╤А╨╡╨╛╨┐╤А╨╡╨┤╨╡╨╗╨╡╨╜╨╕╤П "override" ╨╜╨╡ ╨┐╨╡╤А╨╡╨╛╨┐╤А╨╡╨┤╨╡╨╗╤П╨╡╤В ╨║╨░╨║╨╕╨╡-╨╗╨╕╨▒╨╛ ╨╝╨╡╤В╨╛╨┤╤Л ╨▒╨░╨╖╨╛╨▓╨╛╨│╨╛ ╨║╨╗╨░╤Б╤Б╨░ [C:\Users\KusokMedi\Documents\GitHub\BetterShowcase\build\xdBot2.vcxproj]
  (╨║╨╛╨╝╨┐╨╕╨╗╤П╤Ж╨╕╤П ╨╕╤Б╤Е╨╛╨┤╨╜╨╛╨│╨╛ ╤Д╨░╨╣╨╗╨░ "../src/hacks/other.cpp")
  
C:\Users\KusokMedi\Documents\GitHub\BetterShowcase\src\ui\render_settings_layer.hpp(31,2): error C2039: "initAnchored": ╨╜╨╡ ╤П╨▓╨╗╤П╨╡╤В╤Б╤П ╤З╨╗╨╡╨╜╨╛╨╝ "RenderSettingsLayer". [C:\Users\KusokMedi\Documents\GitHub\BetterShowcase\build\xdBot2.vcxproj]
  (╨║╨╛╨╝╨┐╨╕╨╗╤П╤Ж╨╕╤П ╨╕╤Б╤Е╨╛╨┤╨╜╨╛╨│╨╛ ╤Д╨░╨╣╨╗╨░ "../src/hacks/other.cpp")
      C:\Users\KusokMedi\Documents\GitHub\BetterShowcase\src\ui\render_settings_layer.hpp(5,7):
       ╤Б╨╝. ╨╛╨▒╤К╤П╨▓╨╗╨╡╨╜╨╕╨╡ "RenderSettingsLayer"
  
C:\Users\KusokMedi\Documents\GitHub\BetterShowcase\src\ui\save_macro_layer.hpp(4,43): error C2143: ╤Б╨╕╨╜╤В╨░╨║╤Б╨╕╤З╨╡╤Б╨║╨░╤П ╨╛╤И╨╕╨▒╨║╨░: ╨╛╤В╤Б╤Г╤В╤Б╤В╨▓╨╕╨╡ "," ╨┐╨╡╤А╨╡╨┤ "<" [C:\Users\KusokMedi\Documents\GitHub\BetterShowcase\build\xdBot2.vcxproj]
  (╨║╨╛╨╝╨┐╨╕╨╗╤П╤Ж╨╕╤П ╨╕╤Б╤Е╨╛╨┤╨╜╨╛╨│╨╛ ╤Д╨░╨╣╨╗╨░ "../src/hacks/other.cpp")
  
C:\Users\KusokMedi\Documents\GitHub\BetterShowcase\src\ui\save_macro_layer.hpp(14,10): error C3668: SaveMacroLayer::setup: ╨╝╨╡╤В╨╛╨┤ ╤Б╨╛ ╤Б╨┐╨╡╤Ж╨╕╤Д╨╕╨║╨░╤В╨╛╤А╨╛╨╝ ╨┐╨╡╤А╨╡╨╛╨┐╤А╨╡╨┤╨╡╨╗╨╡╨╜╨╕╤П "override" ╨╜╨╡ ╨┐╨╡╤А╨╡╨╛╨┐╤А╨╡╨┤╨╡╨╗╤П╨╡╤В ╨║╨░╨║╨╕╨╡-╨╗╨╕╨▒╨╛ ╨╝╨╡╤В╨╛╨┤╤Л ╨▒╨░╨╖╨╛╨▓╨╛╨│╨╛ ╨║╨╗╨░╤Б╤Б╨░ [C:\Users\KusokMedi\Documents\GitHub\BetterShowcase\build\xdBot2.vcxproj]
  (╨║╨╛╨╝╨┐╨╕╨╗╤П╤Ж╨╕╤П ╨╕╤Б╤Е╨╛╨┤╨╜╨╛╨│╨╛ ╤Д╨░╨╣╨╗╨░ "../src/hacks/other.cpp")
  
C:\Users\KusokMedi\Documents\GitHub\BetterShowcase\src\ui\save_macro_layer.hpp(15,16): error C2664: "void Utils::setBackgroundColor(cocos2d::extension::CCScale9Sprite *)": ╨╜╨╡╨▓╨╛╨╖╨╝╨╛╨╢╨╜╨╛ ╨┐╤А╨╡╨╛╨▒╤А╨░╨╖╨╛╨▓╨░╤В╤М ╨░╤А╨│╤Г╨╝╨╡╨╜╤В 1 ╨╕╨╖ "geode::NineSlice *" ╨▓ "cocos2d::extension::CCScale9Sprite *" [C:\Users\KusokMedi\Documents\GitHub\BetterShowcase\build\xdBot2.vcxproj]
  (╨║╨╛╨╝╨┐╨╕╨╗╤П╤Ж╨╕╤П ╨╕╤Б╤Е╨╛╨┤╨╜╨╛╨│╨╛ ╤Д╨░╨╣╨╗╨░ "../src/hacks/other.cpp")
      C:\Users\KusokMedi\Documents\GitHub\BetterShowcase\src\ui\save_macro_layer.hpp(15,35):
      ╨в╨╕╨┐╤Л, ╨╜╨░ ╨║╨╛╤В╨╛╤А╤Л╨╡ ╤Г╨║╨░╨╖╤Л╨▓╨░╤О╤В ╤Г╨║╨░╨╖╨░╤В╨╡╨╗╨╕, ╨╜╨╡ ╤Б╨▓╤П╨╖╨░╨╜╤Л; ╨┤╨╗╤П ╨┐╤А╨╡╨╛╨▒╤А╨░╨╖╨╛╨▓╨░╨╜╨╕╤П ╤В╤А╨╡╨▒╤Г╨╡╤В╤Б╤П reinterpret_cast, ╨┐╤А╨╕╨▓╨╡╨┤╨╡╨╜╨╕╨╡ ╨▓ ╤Б╤В╨╕╨╗╨╡ ╨б ╨╕╨╗╨╕ ╨┐╤А╨╕╨▓╨╡╨┤╨╡╨╜╨╕╨╡ ╨▓ ╤Б╤В╨╕╨╗╨╡ ╤Д╤Г╨╜╨║╤Ж╨╕╨╕ ╨▓ ╨║╤А╤Г╨│╨╗╤Л╤Е ╤Б╨║╨╛╨▒╨║╨░╤Е
      C:\Users\KusokMedi\Documents\GitHub\BetterShowcase\src\utils\utils.hpp(18,17):
       ╤Б╨╝. ╨╛╨▒╤К╤П╨▓╨╗╨╡╨╜╨╕╨╡ "Utils::setBackgroundColor"
      C:\Users\KusokMedi\Documents\GitHub\BetterShowcase\src\ui\save_macro_layer.hpp(15,16):
      ╨┐╤А╨╕ ╨┐╨╛╨┐╤Л╤В╨║╨╡ ╤Б╨╛╨┐╨╛╤Б╤В╨░╨▓╨╕╤В╤М ╤Б╨┐╨╕╤Б╨╛╨║ ╨░╤А╨│╤Г╨╝╨╡╨╜╤В╨╛╨▓ "(geode::NineSlice *)"
  
C:\Users\KusokMedi\Documents\GitHub\BetterShowcase\src\ui\save_macro_layer.hpp(73,5): error C2039: "initAnchored": ╨╜╨╡ ╤П╨▓╨╗╤П╨╡╤В╤Б╤П ╤З╨╗╨╡╨╜╨╛╨╝ "SaveMacroLayer". [C:\Users\KusokMedi\Documents\GitHub\BetterShowcase\build\xdBot2.vcxproj]
  (╨║╨╛╨╝╨┐╨╕╨╗╤П╤Ж╨╕╤П ╨╕╤Б╤Е╨╛╨┤╨╜╨╛╨│╨╛ ╤Д╨░╨╣╨╗╨░ "../src/hacks/other.cpp")
      C:\Users\KusokMedi\Documents\GitHub\BetterShowcase\src\ui\save_macro_layer.hpp(4,7):
       ╤Б╨╝. ╨╛╨▒╤К╤П╨▓╨╗╨╡╨╜╨╕╨╡ "SaveMacroLayer"
  
C:\Users\KusokMedi\Documents\GitHub\BetterShowcase\src\ui\macro_info_layer.hpp(5,43): error C2143: ╤Б╨╕╨╜╤В╨░╨║╤Б╨╕╤З╨╡╤Б╨║╨░╤П ╨╛╤И╨╕╨▒╨║╨░: ╨╛╤В╤Б╤Г╤В╤Б╤В╨▓╨╕╨╡ "," ╨┐╨╡╤А╨╡╨┤ "<" [C:\Users\KusokMedi\Documents\GitHub\BetterShowcase\build\xdBot2.vcxproj]
  (╨║╨╛╨╝╨┐╨╕╨╗╤П╤Ж╨╕╤П ╨╕╤Б╤Е╨╛╨┤╨╜╨╛╨│╨╛ ╤Д╨░╨╣╨╗╨░ "../src/hacks/other.cpp")
  
C:\Users\KusokMedi\Documents\GitHub\BetterShowcase\src\ui\macro_info_layer.hpp(21,10): error C3668: MacroInfoLayer::setup: ╨╝╨╡╤В╨╛╨┤ ╤Б╨╛ ╤Б╨┐╨╡╤Ж╨╕╤Д╨╕╨║╨░╤В╨╛╤А╨╛╨╝ ╨┐╨╡╤А╨╡╨╛╨┐╤А╨╡╨┤╨╡╨╗╨╡╨╜╨╕╤П "override" ╨╜╨╡ ╨┐╨╡╤А╨╡╨╛╨┐╤А╨╡╨┤╨╡╨╗╤П╨╡╤В ╨║╨░╨║╨╕╨╡-╨╗╨╕╨▒╨╛ ╨╝╨╡╤В╨╛╨┤╤Л ╨▒╨░╨╖╨╛╨▓╨╛╨│╨╛ ╨║╨╗╨░╤Б╤Б╨░ [C:\Users\KusokMedi\Documents\GitHub\BetterShowcase\build\xdBot2.vcxproj]
  (╨║╨╛╨╝╨┐╨╕╨╗╤П╤Ж╨╕╤П ╨╕╤Б╤Е╨╛╨┤╨╜╨╛╨│╨╛ ╤Д╨░╨╣╨╗╨░ "../src/hacks/other.cpp")
  
C:\Users\KusokMedi\Documents\GitHub\BetterShowcase\src\ui\macro_info_layer.hpp(11,18): error C2039: "initAnchored": ╨╜╨╡ ╤П╨▓╨╗╤П╨╡╤В╤Б╤П ╤З╨╗╨╡╨╜╨╛╨╝ "MacroInfoLayer". [C:\Users\KusokMedi\Documents\GitHub\BetterShowcase\build\xdBot2.vcxproj]
  (╨║╨╛╨╝╨┐╨╕╨╗╤П╤Ж╨╕╤П ╨╕╤Б╤Е╨╛╨┤╨╜╨╛╨│╨╛ ╤Д╨░╨╣╨╗╨░ "../src/hacks/other.cpp")
      C:\Users\KusokMedi\Documents\GitHub\BetterShowcase\src\ui\macro_info_layer.hpp(5,7):
       ╤Б╨╝. ╨╛╨▒╤К╤П╨▓╨╗╨╡╨╜╨╕╨╡ "MacroInfoLayer"
  
C:\Users\KusokMedi\Documents\GitHub\BetterShowcase\src\ui\record_layer.hpp(34,40): error C2143: ╤Б╨╕╨╜╤В╨░╨║╤Б╨╕╤З╨╡╤Б╨║╨░╤П ╨╛╤И╨╕╨▒╨║╨░: ╨╛╤В╤Б╤Г╤В╤Б╤В╨▓╨╕╨╡ "," ╨┐╨╡╤А╨╡╨┤ "<" [C:\Users\KusokMedi\Documents\GitHub\BetterShowcase\build\xdBot2.vcxproj]
  (╨║╨╛╨╝╨┐╨╕╨╗╤П╤Ж╨╕╤П ╨╕╤Б╤Е╨╛╨┤╨╜╨╛╨│╨╛ ╤Д╨░╨╣╨╗╨░ "../src/hacks/other.cpp")
  
C:\Users\KusokMedi\Documents\GitHub\BetterShowcase\src\ui\record_layer.hpp(76,7): error C3668: RecordLayer::setup: ╨╝╨╡╤В╨╛╨┤ ╤Б╨╛ ╤Б╨┐╨╡╤Ж╨╕╤Д╨╕╨║╨░╤В╨╛╤А╨╛╨╝ ╨┐╨╡╤А╨╡╨╛╨┐╤А╨╡╨┤╨╡╨╗╨╡╨╜╨╕╤П "override" ╨╜╨╡ ╨┐╨╡╤А╨╡╨╛╨┐╤А╨╡╨┤╨╡╨╗╤П╨╡╤В ╨║╨░╨║╨╕╨╡-╨╗╨╕╨▒╨╛ ╨╝╨╡╤В╨╛╨┤╤Л ╨▒╨░╨╖╨╛╨▓╨╛╨│╨╛ ╨║╨╗╨░╤Б╤Б╨░ [C:\Users\KusokMedi\Documents\GitHub\BetterShowcase\build\xdBot2.vcxproj]
  (╨║╨╛╨╝╨┐╨╕╨╗╤П╤Ж╨╕╤П ╨╕╤Б╤Е╨╛╨┤╨╜╨╛╨│╨╛ ╤Д╨░╨╣╨╗╨░ "../src/hacks/other.cpp")
  
C:\Users\KusokMedi\Documents\GitHub\BetterShowcase\src\ui\record_layer.hpp(91,7): error C3668: RecordLayer::textChanged: ╨╝╨╡╤В╨╛╨┤ ╤Б╨╛ ╤Б╨┐╨╡╤Ж╨╕╤Д╨╕╨║╨░╤В╨╛╤А╨╛╨╝ ╨┐╨╡╤А╨╡╨╛╨┐╤А╨╡╨┤╨╡╨╗╨╡╨╜╨╕╤П "override" ╨╜╨╡ ╨┐╨╡╤А╨╡╨╛╨┐╤А╨╡╨┤╨╡╨╗╤П╨╡╤В ╨║╨░╨║╨╕╨╡-╨╗╨╕╨▒╨╛ ╨╝╨╡╤В╨╛╨┤╤Л ╨▒╨░╨╖╨╛╨▓╨╛╨│╨╛ ╨║╨╗╨░╤Б╤Б╨░ [C:\Users\KusokMedi\Documents\GitHub\BetterShowcase\build\xdBot2.vcxproj]
  (╨║╨╛╨╝╨┐╨╕╨╗╤П╤Ж╨╕╤П ╨╕╤Б╤Е╨╛╨┤╨╜╨╛╨│╨╛ ╤Д╨░╨╣╨╗╨░ "../src/hacks/other.cpp")
  
C:\Users\KusokMedi\Documents\GitHub\BetterShowcase\src\ui\record_layer.hpp(80,20): error C2039: "layer": ╨╜╨╡ ╤П╨▓╨╗╤П╨╡╤В╤Б╤П ╤З╨╗╨╡╨╜╨╛╨╝ "Global". [C:\Users\KusokMedi\Documents\GitHub\BetterShowcase\build\xdBot2.vcxproj]
  (╨║╨╛╨╝╨┐╨╕╨╗╤П╤Ж╨╕╤П ╨╕╤Б╤Е╨╛╨┤╨╜╨╛╨│╨╛ ╤Д╨░╨╣╨╗╨░ "../src/hacks/other.cpp")
      C:\Users\KusokMedi\Documents\GitHub\BetterShowcase\src\includes.hpp(46,7):
       ╤Б╨╝. ╨╛╨▒╤К╤П╨▓╨╗╨╡╨╜╨╕╨╡ "Global"
  
C:\Users\KusokMedi\Documents\GitHub\BetterShowcase\src\ui\record_layer.hpp(87,2): error C2039: "initAnchored": ╨╜╨╡ ╤П╨▓╨╗╤П╨╡╤В╤Б╤П ╤З╨╗╨╡╨╜╨╛╨╝ "RecordLayer". [C:\Users\KusokMedi\Documents\GitHub\BetterShowcase\build\xdBot2.vcxproj]
  (╨║╨╛╨╝╨┐╨╕╨╗╤П╤Ж╨╕╤П ╨╕╤Б╤Е╨╛╨┤╨╜╨╛╨│╨╛ ╤Д╨░╨╣╨╗╨░ "../src/hacks/other.cpp")
      C:\Users\KusokMedi\Documents\GitHub\BetterShowcase\src\ui\record_layer.hpp(34,7):
       ╤Б╨╝. ╨╛╨▒╤К╤П╨▓╨╗╨╡╨╜╨╕╨╡ "RecordLayer"
  
C:\Users\KusokMedi\Documents\GitHub\BetterShowcase\src\hacks\other.cpp(201,15): error C2039: "layer": ╨╜╨╡ ╤П╨▓╨╗╤П╨╡╤В╤Б╤П ╤З╨╗╨╡╨╜╨╛╨╝ "Global". [C:\Users\KusokMedi\Documents\GitHub\BetterShowcase\build\xdBot2.vcxproj]
  (╨║╨╛╨╝╨┐╨╕╨╗╤П╤Ж╨╕╤П ╨╕╤Б╤Е╨╛╨┤╨╜╨╛╨│╨╛ ╤Д╨░╨╣╨╗╨░ "../src/hacks/other.cpp")
      C:\Users\KusokMedi\Documents\GitHub\BetterShowcase\src\includes.hpp(46,7):
       ╤Б╨╝. ╨╛╨▒╤К╤П╨▓╨╗╨╡╨╜╨╕╨╡ "Global"
  
C:\Users\KusokMedi\Documents\GitHub\BetterShowcase\src\hacks\other.cpp(202,41): error C2039: "layer": ╨╜╨╡ ╤П╨▓╨╗╤П╨╡╤В╤Б╤П ╤З╨╗╨╡╨╜╨╛╨╝ "Global". [C:\Users\KusokMedi\Documents\GitHub\BetterShowcase\build\xdBot2.vcxproj]
  (╨║╨╛╨╝╨┐╨╕╨╗╤П╤Ж╨╕╤П ╨╕╤Б╤Е╨╛╨┤╨╜╨╛╨│╨╛ ╤Д╨░╨╣╨╗╨░ "../src/hacks/other.cpp")
      C:\Users\KusokMedi\Documents\GitHub\BetterShowcase\src\includes.hpp(46,7):
       ╤Б╨╝. ╨╛╨▒╤К╤П╨▓╨╗╨╡╨╜╨╕╨╡ "Global"
  
C:\Users\KusokMedi\Documents\GitHub\BetterShowcase\src\hacks\other.cpp(203,41): error C2039: "layer": ╨╜╨╡ ╤П╨▓╨╗╤П╨╡╤В╤Б╤П ╤З╨╗╨╡╨╜╨╛╨╝ "Global". [C:\Users\KusokMedi\Documents\GitHub\BetterShowcase\build\xdBot2.vcxproj]
  (╨║╨╛╨╝╨┐╨╕╨╗╤П╤Ж╨╕╤П ╨╕╤Б╤Е╨╛╨┤╨╜╨╛╨│╨╛ ╤Д╨░╨╣╨╗╨░ "../src/hacks/other.cpp")
      C:\Users\KusokMedi\Documents\GitHub\BetterShowcase\src\includes.hpp(46,7):
       ╤Б╨╝. ╨╛╨▒╤К╤П╨▓╨╗╨╡╨╜╨╕╨╡ "Global"
  
  tps_bypass.cpp
C:\Users\KusokMedi\Documents\GitHub\BetterShowcase\src\renderer\ffmpeg\events.hpp(11,47): error C2955: "geode::Event": ╨┤╨╗╤П ╨╕╤Б╨┐╨╛╨╗╤М╨╖╨╛╨▓╨░╨╜╨╕╤П ╨║╨╗╨░╤Б╤Б ╤И╨░╨▒╨╗╨╛╨╜ ╤В╤А╨╡╨▒╤Г╨╡╤В╤Б╤П ╤Б╨┐╨╕╤Б╨╛╨║ ╨░╤А╨│╤Г╨╝╨╡╨╜╤В╨╛╨▓ ╤И╨░╨▒╨╗╨╛╨╜ [C:\Users\KusokMedi\Documents\GitHub\BetterShowcase\build\xdBot2.vcxproj]
  (╨║╨╛╨╝╨┐╨╕╨╗╤П╤Ж╨╕╤П ╨╕╤Б╤Е╨╛╨┤╨╜╨╛╨│╨╛ ╤Д╨░╨╣╨╗╨░ "../src/hacks/tps_bypass.cpp")
      C:\Users\KusokMedi\Documents\Geode\loader\include\Geode\loader\Event.hpp(960,12):
       ╤Б╨╝. ╨╛╨▒╤К╤П╨▓╨╗╨╡╨╜╨╕╨╡ "geode::Event"
  
C:\Users\KusokMedi\Documents\GitHub\BetterShowcase\src\renderer\ffmpeg\events.hpp(20,47): error C2955: "geode::Event": ╨┤╨╗╤П ╨╕╤Б╨┐╨╛╨╗╤М╨╖╨╛╨▓╨░╨╜╨╕╤П ╨║╨╗╨░╤Б╤Б ╤И╨░╨▒╨╗╨╛╨╜ ╤В╤А╨╡╨▒╤Г╨╡╤В╤Б╤П ╤Б╨┐╨╕╤Б╨╛╨║ ╨░╤А╨│╤Г╨╝╨╡╨╜╤В╨╛╨▓ ╤И╨░╨▒╨╗╨╛╨╜ [C:\Users\KusokMedi\Documents\GitHub\BetterShowcase\build\xdBot2.vcxproj]
  (╨║╨╛╨╝╨┐╨╕╨╗╤П╤Ж╨╕╤П ╨╕╤Б╤Е╨╛╨┤╨╜╨╛╨│╨╛ ╤Д╨░╨╣╨╗╨░ "../src/hacks/tps_bypass.cpp")
      C:\Users\KusokMedi\Documents\Geode\loader\include\Geode\loader\Event.hpp(960,12):
       ╤Б╨╝. ╨╛╨▒╤К╤П╨▓╨╗╨╡╨╜╨╕╨╡ "geode::Event"
  
C:\Users\KusokMedi\Documents\GitHub\BetterShowcase\src\renderer\ffmpeg\events.hpp(28,45): error C2955: "geode::Event": ╨┤╨╗╤П ╨╕╤Б╨┐╨╛╨╗╤М╨╖╨╛╨▓╨░╨╜╨╕╤П ╨║╨╗╨░╤Б╤Б ╤И╨░╨▒╨╗╨╛╨╜ ╤В╤А╨╡╨▒╤Г╨╡╤В╤Б╤П ╤Б╨┐╨╕╤Б╨╛╨║ ╨░╤А╨│╤Г╨╝╨╡╨╜╤В╨╛╨▓ ╤И╨░╨▒╨╗╨╛╨╜ [C:\Users\KusokMedi\Documents\GitHub\BetterShowcase\build\xdBot2.vcxproj]
  (╨║╨╛╨╝╨┐╨╕╨╗╤П╤Ж╨╕╤П ╨╕╤Б╤Е╨╛╨┤╨╜╨╛╨│╨╛ ╤Д╨░╨╣╨╗╨░ "../src/hacks/tps_bypass.cpp")
      C:\Users\KusokMedi\Documents\Geode\loader\include\Geode\loader\Event.hpp(960,12):
       ╤Б╨╝. ╨╛╨▒╤К╤П╨▓╨╗╨╡╨╜╨╕╨╡ "geode::Event"
  
C:\Users\KusokMedi\Documents\GitHub\BetterShowcase\src\renderer\ffmpeg\events.hpp(48,45): error C2955: "geode::Event": ╨┤╨╗╤П ╨╕╤Б╨┐╨╛╨╗╤М╨╖╨╛╨▓╨░╨╜╨╕╤П ╨║╨╗╨░╤Б╤Б ╤И╨░╨▒╨╗╨╛╨╜ ╤В╤А╨╡╨▒╤Г╨╡╤В╤Б╤П ╤Б╨┐╨╕╤Б╨╛╨║ ╨░╤А╨│╤Г╨╝╨╡╨╜╤В╨╛╨▓ ╤И╨░╨▒╨╗╨╛╨╜ [C:\Users\KusokMedi\Documents\GitHub\BetterShowcase\build\xdBot2.vcxproj]
  (╨║╨╛╨╝╨┐╨╕╨╗╤П╤Ж╨╕╤П ╨╕╤Б╤Е╨╛╨┤╨╜╨╛╨│╨╛ ╤Д╨░╨╣╨╗╨░ "../src/hacks/tps_bypass.cpp")
      C:\Users\KusokMedi\Documents\Geode\loader\include\Geode\loader\Event.hpp(960,12):
       ╤Б╨╝. ╨╛╨▒╤К╤П╨▓╨╗╨╡╨╜╨╕╨╡ "geode::Event"
  
C:\Users\KusokMedi\Documents\GitHub\BetterShowcase\src\renderer\ffmpeg\events.hpp(58,54): error C2955: "geode::Event": ╨┤╨╗╤П ╨╕╤Б╨┐╨╛╨╗╤М╨╖╨╛╨▓╨░╨╜╨╕╤П ╨║╨╗╨░╤Б╤Б ╤И╨░╨▒╨╗╨╛╨╜ ╤В╤А╨╡╨▒╤Г╨╡╤В╤Б╤П ╤Б╨┐╨╕╤Б╨╛╨║ ╨░╤А╨│╤Г╨╝╨╡╨╜╤В╨╛╨▓ ╤И╨░╨▒╨╗╨╛╨╜ [C:\Users\KusokMedi\Documents\GitHub\BetterShowcase\build\xdBot2.vcxproj]
  (╨║╨╛╨╝╨┐╨╕╨╗╤П╤Ж╨╕╤П ╨╕╤Б╤Е╨╛╨┤╨╜╨╛╨│╨╛ ╤Д╨░╨╣╨╗╨░ "../src/hacks/tps_bypass.cpp")
      C:\Users\KusokMedi\Documents\Geode\loader\include\Geode\loader\Event.hpp(960,12):
       ╤Б╨╝. ╨╛╨▒╤К╤П╨▓╨╗╨╡╨╜╨╕╨╡ "geode::Event"
  
C:\Users\KusokMedi\Documents\GitHub\BetterShowcase\src\renderer\ffmpeg\events.hpp(69,46): error C2955: "geode::Event": ╨┤╨╗╤П ╨╕╤Б╨┐╨╛╨╗╤М╨╖╨╛╨▓╨░╨╜╨╕╤П ╨║╨╗╨░╤Б╤Б ╤И╨░╨▒╨╗╨╛╨╜ ╤В╤А╨╡╨▒╤Г╨╡╤В╤Б╤П ╤Б╨┐╨╕╤Б╨╛╨║ ╨░╤А╨│╤Г╨╝╨╡╨╜╤В╨╛╨▓ ╤И╨░╨▒╨╗╨╛╨╜ [C:\Users\KusokMedi\Documents\GitHub\BetterShowcase\build\xdBot2.vcxproj]
  (╨║╨╛╨╝╨┐╨╕╨╗╤П╤Ж╨╕╤П ╨╕╤Б╤Е╨╛╨┤╨╜╨╛╨│╨╛ ╤Д╨░╨╣╨╗╨░ "../src/hacks/tps_bypass.cpp")
      C:\Users\KusokMedi\Documents\Geode\loader\include\Geode\loader\Event.hpp(960,12):
       ╤Б╨╝. ╨╛╨▒╤К╤П╨▓╨╗╨╡╨╜╨╕╨╡ "geode::Event"
  
C:\Users\KusokMedi\Documents\GitHub\BetterShowcase\src\renderer\ffmpeg\events.hpp(79,46): error C2955: "geode::Event": ╨┤╨╗╤П ╨╕╤Б╨┐╨╛╨╗╤М╨╖╨╛╨▓╨░╨╜╨╕╤П ╨║╨╗╨░╤Б╤Б ╤И╨░╨▒╨╗╨╛╨╜ ╤В╤А╨╡╨▒╤Г╨╡╤В╤Б╤П ╤Б╨┐╨╕╤Б╨╛╨║ ╨░╤А╨│╤Г╨╝╨╡╨╜╤В╨╛╨▓ ╤И╨░╨▒╨╗╨╛╨╜ [C:\Users\KusokMedi\Documents\GitHub\BetterShowcase\build\xdBot2.vcxproj]
  (╨║╨╛╨╝╨┐╨╕╨╗╤П╤Ж╨╕╤П ╨╕╤Б╤Е╨╛╨┤╨╜╨╛╨│╨╛ ╤Д╨░╨╣╨╗╨░ "../src/hacks/tps_bypass.cpp")
      C:\Users\KusokMedi\Documents\Geode\loader\include\Geode\loader\Event.hpp(960,12):
       ╤Б╨╝. ╨╛╨▒╤К╤П╨▓╨╗╨╡╨╜╨╕╨╡ "geode::Event"
  
C:\Users\KusokMedi\Documents\GitHub\BetterShowcase\src\renderer\ffmpeg\events.hpp(101,44): error C2955: "geode::Event": ╨┤╨╗╤П ╨╕╤Б╨┐╨╛╨╗╤М╨╖╨╛╨▓╨░╨╜╨╕╤П ╨║╨╗╨░╤Б╤Б ╤И╨░╨▒╨╗╨╛╨╜ ╤В╤А╨╡╨▒╤Г╨╡╤В╤Б╤П ╤Б╨┐╨╕╤Б╨╛╨║ ╨░╤А╨│╤Г╨╝╨╡╨╜╤В╨╛╨▓ ╤И╨░╨▒╨╗╨╛╨╜ [C:\Users\KusokMedi\Documents\GitHub\BetterShowcase\build\xdBot2.vcxproj]
  (╨║╨╛╨╝╨┐╨╕╨╗╤П╤Ж╨╕╤П ╨╕╤Б╤Е╨╛╨┤╨╜╨╛╨│╨╛ ╤Д╨░╨╣╨╗╨░ "../src/hacks/tps_bypass.cpp")
      C:\Users\KusokMedi\Documents\Geode\loader\include\Geode\loader\Event.hpp(960,12):
       ╤Б╨╝. ╨╛╨▒╤К╤П╨▓╨╗╨╡╨╜╨╕╨╡ "geode::Event"
  
C:\Users\KusokMedi\Documents\GitHub\BetterShowcase\src\renderer\ffmpeg\events.hpp(129,21): error C2039: "post": ╨╜╨╡ ╤П╨▓╨╗╤П╨╡╤В╤Б╤П ╤З╨╗╨╡╨╜╨╛╨╝ "ffmpeg::events::impl::CreateRecorderEvent". [C:\Users\KusokMedi\Documents\GitHub\BetterShowcase\build\xdBot2.vcxproj]
  (╨║╨╛╨╝╨┐╨╕╨╗╤П╤Ж╨╕╤П ╨╕╤Б╤Е╨╛╨┤╨╜╨╛╨│╨╛ ╤Д╨░╨╣╨╗╨░ "../src/hacks/tps_bypass.cpp")
      C:\Users\KusokMedi\Documents\GitHub\BetterShowcase\src\renderer\ffmpeg\events.hpp(11,11):
       ╤Б╨╝. ╨╛╨▒╤К╤П╨▓╨╗╨╡╨╜╨╕╨╡ "ffmpeg::events::impl::CreateRecorderEvent"
  
C:\Users\KusokMedi\Documents\GitHub\BetterShowcase\src\renderer\ffmpeg\events.hpp(135,21): error C2039: "post": ╨╜╨╡ ╤П╨▓╨╗╤П╨╡╤В╤Б╤П ╤З╨╗╨╡╨╜╨╛╨╝ "ffmpeg::events::impl::DeleteRecorderEvent". [C:\Users\KusokMedi\Documents\GitHub\BetterShowcase\build\xdBot2.vcxproj]
  (╨║╨╛╨╝╨┐╨╕╨╗╤П╤Ж╨╕╤П ╨╕╤Б╤Е╨╛╨┤╨╜╨╛╨│╨╛ ╤Д╨░╨╣╨╗╨░ "../src/hacks/tps_bypass.cpp")
      C:\Users\KusokMedi\Documents\GitHub\BetterShowcase\src\renderer\ffmpeg\events.hpp(20,11):
       ╤Б╨╝. ╨╛╨▒╤К╤П╨▓╨╗╨╡╨╜╨╕╨╡ "ffmpeg::events::impl::DeleteRecorderEvent"
  
C:\Users\KusokMedi\Documents\GitHub\BetterShowcase\src\renderer\ffmpeg\events.hpp(153,19): error C2039: "post": ╨╜╨╡ ╤П╨▓╨╗╤П╨╡╤В╤Б╤П ╤З╨╗╨╡╨╜╨╛╨╝ "ffmpeg::events::impl::InitRecorderEvent". [C:\Users\KusokMedi\Documents\GitHub\BetterShowcase\build\xdBot2.vcxproj]
  (╨║╨╛╨╝╨┐╨╕╨╗╤П╤Ж╨╕╤П ╨╕╤Б╤Е╨╛╨┤╨╜╨╛╨│╨╛ ╤Д╨░╨╣╨╗╨░ "../src/hacks/tps_bypass.cpp")
      C:\Users\KusokMedi\Documents\GitHub\BetterShowcase\src\renderer\ffmpeg\events.hpp(28,11):
       ╤Б╨╝. ╨╛╨▒╤К╤П╨▓╨╗╨╡╨╜╨╕╨╡ "ffmpeg::events::impl::InitRecorderEvent"
  
C:\Users\KusokMedi\Documents\GitHub\BetterShowcase\src\renderer\ffmpeg\events.hpp(163,40): error C2039: "post": ╨╜╨╡ ╤П╨▓╨╗╤П╨╡╤В╤Б╤П ╤З╨╗╨╡╨╜╨╛╨╝ "ffmpeg::events::impl::StopRecorderEvent". [C:\Users\KusokMedi\Documents\GitHub\BetterShowcase\build\xdBot2.vcxproj]
  (╨║╨╛╨╝╨┐╨╕╨╗╤П╤Ж╨╕╤П ╨╕╤Б╤Е╨╛╨┤╨╜╨╛╨│╨╛ ╤Д╨░╨╣╨╗╨░ "../src/hacks/tps_bypass.cpp")
      C:\Users\KusokMedi\Documents\GitHub\BetterShowcase\src\renderer\ffmpeg\events.hpp(48,11):
       ╤Б╨╝. ╨╛╨▒╤К╤П╨▓╨╗╨╡╨╜╨╕╨╡ "ffmpeg::events::impl::StopRecorderEvent"
  
C:\Users\KusokMedi\Documents\GitHub\BetterShowcase\src\renderer\ffmpeg\events.hpp(182,19): error C2039: "post": ╨╜╨╡ ╤П╨▓╨╗╤П╨╡╤В╤Б╤П ╤З╨╗╨╡╨╜╨╛╨╝ "ffmpeg::events::impl::GetWriteFrameFunctionEvent". [C:\Users\KusokMedi\Documents\GitHub\BetterShowcase\build\xdBot2.vcxproj]
  (╨║╨╛╨╝╨┐╨╕╨╗╤П╤Ж╨╕╤П ╨╕╤Б╤Е╨╛╨┤╨╜╨╛╨│╨╛ ╤Д╨░╨╣╨╗╨░ "../src/hacks/tps_bypass.cpp")
      C:\Users\KusokMedi\Documents\GitHub\BetterShowcase\src\renderer\ffmpeg\events.hpp(58,11):
       ╤Б╨╝. ╨╛╨▒╤К╤П╨▓╨╗╨╡╨╜╨╕╨╡ "ffmpeg::events::impl::GetWriteFrameFunctionEvent"
  
C:\Users\KusokMedi\Documents\GitHub\BetterShowcase\src\renderer\ffmpeg\events.hpp(199,20): error C2039: "post": ╨╜╨╡ ╤П╨▓╨╗╤П╨╡╤В╤Б╤П ╤З╨╗╨╡╨╜╨╛╨╝ "ffmpeg::events::impl::CodecRecorderEvent". [C:\Users\KusokMedi\Documents\GitHub\BetterShowcase\build\xdBot2.vcxproj]
  (╨║╨╛╨╝╨┐╨╕╨╗╤П╤Ж╨╕╤П ╨╕╤Б╤Е╨╛╨┤╨╜╨╛╨│╨╛ ╤Д╨░╨╣╨╗╨░ "../src/hacks/tps_bypass.cpp")
      C:\Users\KusokMedi\Documents\GitHub\BetterShowcase\src\renderer\ffmpeg\events.hpp(69,11):
       ╤Б╨╝. ╨╛╨▒╤К╤П╨▓╨╗╨╡╨╜╨╕╨╡ "ffmpeg::events::impl::CodecRecorderEvent"
  
C:\Users\KusokMedi\Documents\GitHub\BetterShowcase\src\renderer\ffmpeg\events.hpp(225,18): error C2039: "post": ╨╜╨╡ ╤П╨▓╨╗╤П╨╡╤В╤Б╤П ╤З╨╗╨╡╨╜╨╛╨╝ "ffmpeg::events::impl::MixVideoAudioEvent". [C:\Users\KusokMedi\Documents\GitHub\BetterShowcase\build\xdBot2.vcxproj]
  (╨║╨╛╨╝╨┐╨╕╨╗╤П╤Ж╨╕╤П ╨╕╤Б╤Е╨╛╨┤╨╜╨╛╨│╨╛ ╤Д╨░╨╣╨╗╨░ "../src/hacks/tps_bypass.cpp")
      C:\Users\KusokMedi\Documents\GitHub\BetterShowcase\src\renderer\ffmpeg\events.hpp(79,11):
       ╤Б╨╝. ╨╛╨▒╤К╤П╨▓╨╗╨╡╨╜╨╕╨╡ "ffmpeg::events::impl::MixVideoAudioEvent"
  
C:\Users\KusokMedi\Documents\GitHub\BetterShowcase\src\renderer\ffmpeg\events.hpp(244,18): error C2039: "post": ╨╜╨╡ ╤П╨▓╨╗╤П╨╡╤В╤Б╤П ╤З╨╗╨╡╨╜╨╛╨╝ "ffmpeg::events::impl::MixVideoRawEvent". [C:\Users\KusokMedi\Documents\GitHub\BetterShowcase\build\xdBot2.vcxproj]
  (╨║╨╛╨╝╨┐╨╕╨╗╤П╤Ж╨╕╤П ╨╕╤Б╤Е╨╛╨┤╨╜╨╛╨│╨╛ ╤Д╨░╨╣╨╗╨░ "../src/hacks/tps_bypass.cpp")
      C:\Users\KusokMedi\Documents\GitHub\BetterShowcase\src\renderer\ffmpeg\events.hpp(101,11):
       ╤Б╨╝. ╨╛╨▒╤К╤П╨▓╨╗╨╡╨╜╨╕╨╡ "ffmpeg::events::impl::MixVideoRawEvent"
  
C:\Users\KusokMedi\Documents\GitHub\BetterShowcase\src\includes.hpp(82,17): error C2059: ╤Б╨╕╨╜╤В╨░╨║╤Б╨╕╤З╨╡╤Б╨║╨░╤П ╨╛╤И╨╕╨▒╨║╨░: < [C:\Users\KusokMedi\Documents\GitHub\BetterShowcase\build\xdBot2.vcxproj]
  (╨║╨╛╨╝╨┐╨╕╨╗╤П╤Ж╨╕╤П ╨╕╤Б╤Е╨╛╨┤╨╜╨╛╨│╨╛ ╤Д╨░╨╣╨╗╨░ "../src/hacks/tps_bypass.cpp")
  
C:\Users\KusokMedi\Documents\GitHub\BetterShowcase\src\includes.hpp(82,36): error C2238: ╨╜╨╡╨┐╤А╨╡╨┤╨▓╨╕╨┤╨╡╨╜╨╜╤Л╨╡ ╨╗╨╡╨║╤Б╨╡╨╝╤Л ╨┐╨╡╤А╨╡╨┤ ";" [C:\Users\KusokMedi\Documents\GitHub\BetterShowcase\build\xdBot2.vcxproj]
  (╨║╨╛╨╝╨┐╨╕╨╗╤П╤Ж╨╕╤П ╨╕╤Б╤Е╨╛╨┤╨╜╨╛╨│╨╛ ╤Д╨░╨╣╨╗╨░ "../src/hacks/tps_bypass.cpp")
  
  frame_stepper.cpp
C:\Users\KusokMedi\Documents\GitHub\BetterShowcase\src\renderer\ffmpeg\events.hpp(11,47): error C2955: "geode::Event": ╨┤╨╗╤П ╨╕╤Б╨┐╨╛╨╗╤М╨╖╨╛╨▓╨░╨╜╨╕╤П ╨║╨╗╨░╤Б╤Б ╤И╨░╨▒╨╗╨╛╨╜ ╤В╤А╨╡╨▒╤Г╨╡╤В╤Б╤П ╤Б╨┐╨╕╤Б╨╛╨║ ╨░╤А╨│╤Г╨╝╨╡╨╜╤В╨╛╨▓ ╤И╨░╨▒╨╗╨╛╨╜ [C:\Users\KusokMedi\Documents\GitHub\BetterShowcase\build\xdBot2.vcxproj]
  (╨║╨╛╨╝╨┐╨╕╨╗╤П╤Ж╨╕╤П ╨╕╤Б╤Е╨╛╨┤╨╜╨╛╨│╨╛ ╤Д╨░╨╣╨╗╨░ "../src/hacks/frame_stepper.cpp")
      C:\Users\KusokMedi\Documents\Geode\loader\include\Geode\loader\Event.hpp(960,12):
       ╤Б╨╝. ╨╛╨▒╤К╤П╨▓╨╗╨╡╨╜╨╕╨╡ "geode::Event"
  
C:\Users\KusokMedi\Documents\GitHub\BetterShowcase\src\renderer\ffmpeg\events.hpp(20,47): error C2955: "geode::Event": ╨┤╨╗╤П ╨╕╤Б╨┐╨╛╨╗╤М╨╖╨╛╨▓╨░╨╜╨╕╤П ╨║╨╗╨░╤Б╤Б ╤И╨░╨▒╨╗╨╛╨╜ ╤В╤А╨╡╨▒╤Г╨╡╤В╤Б╤П ╤Б╨┐╨╕╤Б╨╛╨║ ╨░╤А╨│╤Г╨╝╨╡╨╜╤В╨╛╨▓ ╤И╨░╨▒╨╗╨╛╨╜ [C:\Users\KusokMedi\Documents\GitHub\BetterShowcase\build\xdBot2.vcxproj]
  (╨║╨╛╨╝╨┐╨╕╨╗╤П╤Ж╨╕╤П ╨╕╤Б╤Е╨╛╨┤╨╜╨╛╨│╨╛ ╤Д╨░╨╣╨╗╨░ "../src/hacks/frame_stepper.cpp")
      C:\Users\KusokMedi\Documents\Geode\loader\include\Geode\loader\Event.hpp(960,12):
       ╤Б╨╝. ╨╛╨▒╤К╤П╨▓╨╗╨╡╨╜╨╕╨╡ "geode::Event"
  
C:\Users\KusokMedi\Documents\GitHub\BetterShowcase\src\renderer\ffmpeg\events.hpp(28,45): error C2955: "geode::Event": ╨┤╨╗╤П ╨╕╤Б╨┐╨╛╨╗╤М╨╖╨╛╨▓╨░╨╜╨╕╤П ╨║╨╗╨░╤Б╤Б ╤И╨░╨▒╨╗╨╛╨╜ ╤В╤А╨╡╨▒╤Г╨╡╤В╤Б╤П ╤Б╨┐╨╕╤Б╨╛╨║ ╨░╤А╨│╤Г╨╝╨╡╨╜╤В╨╛╨▓ ╤И╨░╨▒╨╗╨╛╨╜ [C:\Users\KusokMedi\Documents\GitHub\BetterShowcase\build\xdBot2.vcxproj]
  (╨║╨╛╨╝╨┐╨╕╨╗╤П╤Ж╨╕╤П ╨╕╤Б╤Е╨╛╨┤╨╜╨╛╨│╨╛ ╤Д╨░╨╣╨╗╨░ "../src/hacks/frame_stepper.cpp")
      C:\Users\KusokMedi\Documents\Geode\loader\include\Geode\loader\Event.hpp(960,12):
       ╤Б╨╝. ╨╛╨▒╤К╤П╨▓╨╗╨╡╨╜╨╕╨╡ "geode::Event"
  
C:\Users\KusokMedi\Documents\GitHub\BetterShowcase\src\renderer\ffmpeg\events.hpp(48,45): error C2955: "geode::Event": ╨┤╨╗╤П ╨╕╤Б╨┐╨╛╨╗╤М╨╖╨╛╨▓╨░╨╜╨╕╤П ╨║╨╗╨░╤Б╤Б ╤И╨░╨▒╨╗╨╛╨╜ ╤В╤А╨╡╨▒╤Г╨╡╤В╤Б╤П ╤Б╨┐╨╕╤Б╨╛╨║ ╨░╤А╨│╤Г╨╝╨╡╨╜╤В╨╛╨▓ ╤И╨░╨▒╨╗╨╛╨╜ [C:\Users\KusokMedi\Documents\GitHub\BetterShowcase\build\xdBot2.vcxproj]
  (╨║╨╛╨╝╨┐╨╕╨╗╤П╤Ж╨╕╤П ╨╕╤Б╤Е╨╛╨┤╨╜╨╛╨│╨╛ ╤Д╨░╨╣╨╗╨░ "../src/hacks/frame_stepper.cpp")
      C:\Users\KusokMedi\Documents\Geode\loader\include\Geode\loader\Event.hpp(960,12):
       ╤Б╨╝. ╨╛╨▒╤К╤П╨▓╨╗╨╡╨╜╨╕╨╡ "geode::Event"
  
C:\Users\KusokMedi\Documents\GitHub\BetterShowcase\src\renderer\ffmpeg\events.hpp(58,54): error C2955: "geode::Event": ╨┤╨╗╤П ╨╕╤Б╨┐╨╛╨╗╤М╨╖╨╛╨▓╨░╨╜╨╕╤П ╨║╨╗╨░╤Б╤Б ╤И╨░╨▒╨╗╨╛╨╜ ╤В╤А╨╡╨▒╤Г╨╡╤В╤Б╤П ╤Б╨┐╨╕╤Б╨╛╨║ ╨░╤А╨│╤Г╨╝╨╡╨╜╤В╨╛╨▓ ╤И╨░╨▒╨╗╨╛╨╜ [C:\Users\KusokMedi\Documents\GitHub\BetterShowcase\build\xdBot2.vcxproj]
  (╨║╨╛╨╝╨┐╨╕╨╗╤П╤Ж╨╕╤П ╨╕╤Б╤Е╨╛╨┤╨╜╨╛╨│╨╛ ╤Д╨░╨╣╨╗╨░ "../src/hacks/frame_stepper.cpp")
      C:\Users\KusokMedi\Documents\Geode\loader\include\Geode\loader\Event.hpp(960,12):
       ╤Б╨╝. ╨╛╨▒╤К╤П╨▓╨╗╨╡╨╜╨╕╨╡ "geode::Event"
  
C:\Users\KusokMedi\Documents\GitHub\BetterShowcase\src\renderer\ffmpeg\events.hpp(69,46): error C2955: "geode::Event": ╨┤╨╗╤П ╨╕╤Б╨┐╨╛╨╗╤М╨╖╨╛╨▓╨░╨╜╨╕╤П ╨║╨╗╨░╤Б╤Б ╤И╨░╨▒╨╗╨╛╨╜ ╤В╤А╨╡╨▒╤Г╨╡╤В╤Б╤П ╤Б╨┐╨╕╤Б╨╛╨║ ╨░╤А╨│╤Г╨╝╨╡╨╜╤В╨╛╨▓ ╤И╨░╨▒╨╗╨╛╨╜ [C:\Users\KusokMedi\Documents\GitHub\BetterShowcase\build\xdBot2.vcxproj]
  (╨║╨╛╨╝╨┐╨╕╨╗╤П╤Ж╨╕╤П ╨╕╤Б╤Е╨╛╨┤╨╜╨╛╨│╨╛ ╤Д╨░╨╣╨╗╨░ "../src/hacks/frame_stepper.cpp")
      C:\Users\KusokMedi\Documents\Geode\loader\include\Geode\loader\Event.hpp(960,12):
       ╤Б╨╝. ╨╛╨▒╤К╤П╨▓╨╗╨╡╨╜╨╕╨╡ "geode::Event"
  
C:\Users\KusokMedi\Documents\GitHub\BetterShowcase\src\renderer\ffmpeg\events.hpp(79,46): error C2955: "geode::Event": ╨┤╨╗╤П ╨╕╤Б╨┐╨╛╨╗╤М╨╖╨╛╨▓╨░╨╜╨╕╤П ╨║╨╗╨░╤Б╤Б ╤И╨░╨▒╨╗╨╛╨╜ ╤В╤А╨╡╨▒╤Г╨╡╤В╤Б╤П ╤Б╨┐╨╕╤Б╨╛╨║ ╨░╤А╨│╤Г╨╝╨╡╨╜╤В╨╛╨▓ ╤И╨░╨▒╨╗╨╛╨╜ [C:\Users\KusokMedi\Documents\GitHub\BetterShowcase\build\xdBot2.vcxproj]
  (╨║╨╛╨╝╨┐╨╕╨╗╤П╤Ж╨╕╤П ╨╕╤Б╤Е╨╛╨┤╨╜╨╛╨│╨╛ ╤Д╨░╨╣╨╗╨░ "../src/hacks/frame_stepper.cpp")
      C:\Users\KusokMedi\Documents\Geode\loader\include\Geode\loader\Event.hpp(960,12):
       ╤Б╨╝. ╨╛╨▒╤К╤П╨▓╨╗╨╡╨╜╨╕╨╡ "geode::Event"
  
C:\Users\KusokMedi\Documents\GitHub\BetterShowcase\src\renderer\ffmpeg\events.hpp(101,44): error C2955: "geode::Event": ╨┤╨╗╤П ╨╕╤Б╨┐╨╛╨╗╤М╨╖╨╛╨▓╨░╨╜╨╕╤П ╨║╨╗╨░╤Б╤Б ╤И╨░╨▒╨╗╨╛╨╜ ╤В╤А╨╡╨▒╤Г╨╡╤В╤Б╤П ╤Б╨┐╨╕╤Б╨╛╨║ ╨░╤А╨│╤Г╨╝╨╡╨╜╤В╨╛╨▓ ╤И╨░╨▒╨╗╨╛╨╜ [C:\Users\KusokMedi\Documents\GitHub\BetterShowcase\build\xdBot2.vcxproj]
  (╨║╨╛╨╝╨┐╨╕╨╗╤П╤Ж╨╕╤П ╨╕╤Б╤Е╨╛╨┤╨╜╨╛╨│╨╛ ╤Д╨░╨╣╨╗╨░ "../src/hacks/frame_stepper.cpp")
      C:\Users\KusokMedi\Documents\Geode\loader\include\Geode\loader\Event.hpp(960,12):
       ╤Б╨╝. ╨╛╨▒╤К╤П╨▓╨╗╨╡╨╜╨╕╨╡ "geode::Event"
  
C:\Users\KusokMedi\Documents\GitHub\BetterShowcase\src\renderer\ffmpeg\events.hpp(129,21): error C2039: "post": ╨╜╨╡ ╤П╨▓╨╗╤П╨╡╤В╤Б╤П ╤З╨╗╨╡╨╜╨╛╨╝ "ffmpeg::events::impl::CreateRecorderEvent". [C:\Users\KusokMedi\Documents\GitHub\BetterShowcase\build\xdBot2.vcxproj]
  (╨║╨╛╨╝╨┐╨╕╨╗╤П╤Ж╨╕╤П ╨╕╤Б╤Е╨╛╨┤╨╜╨╛╨│╨╛ ╤Д╨░╨╣╨╗╨░ "../src/hacks/frame_stepper.cpp")
      C:\Users\KusokMedi\Documents\GitHub\BetterShowcase\src\renderer\ffmpeg\events.hpp(11,11):
       ╤Б╨╝. ╨╛╨▒╤К╤П╨▓╨╗╨╡╨╜╨╕╨╡ "ffmpeg::events::impl::CreateRecorderEvent"
  
C:\Users\KusokMedi\Documents\GitHub\BetterShowcase\src\renderer\ffmpeg\events.hpp(135,21): error C2039: "post": ╨╜╨╡ ╤П╨▓╨╗╤П╨╡╤В╤Б╤П ╤З╨╗╨╡╨╜╨╛╨╝ "ffmpeg::events::impl::DeleteRecorderEvent". [C:\Users\KusokMedi\Documents\GitHub\BetterShowcase\build\xdBot2.vcxproj]
  (╨║╨╛╨╝╨┐╨╕╨╗╤П╤Ж╨╕╤П ╨╕╤Б╤Е╨╛╨┤╨╜╨╛╨│╨╛ ╤Д╨░╨╣╨╗╨░ "../src/hacks/frame_stepper.cpp")
      C:\Users\KusokMedi\Documents\GitHub\BetterShowcase\src\renderer\ffmpeg\events.hpp(20,11):
       ╤Б╨╝. ╨╛╨▒╤К╤П╨▓╨╗╨╡╨╜╨╕╨╡ "ffmpeg::events::impl::DeleteRecorderEvent"
  
C:\Users\KusokMedi\Documents\GitHub\BetterShowcase\src\renderer\ffmpeg\events.hpp(153,19): error C2039: "post": ╨╜╨╡ ╤П╨▓╨╗╤П╨╡╤В╤Б╤П ╤З╨╗╨╡╨╜╨╛╨╝ "ffmpeg::events::impl::InitRecorderEvent". [C:\Users\KusokMedi\Documents\GitHub\BetterShowcase\build\xdBot2.vcxproj]
  (╨║╨╛╨╝╨┐╨╕╨╗╤П╤Ж╨╕╤П ╨╕╤Б╤Е╨╛╨┤╨╜╨╛╨│╨╛ ╤Д╨░╨╣╨╗╨░ "../src/hacks/frame_stepper.cpp")
      C:\Users\KusokMedi\Documents\GitHub\BetterShowcase\src\renderer\ffmpeg\events.hpp(28,11):
       ╤Б╨╝. ╨╛╨▒╤К╤П╨▓╨╗╨╡╨╜╨╕╨╡ "ffmpeg::events::impl::InitRecorderEvent"
  
C:\Users\KusokMedi\Documents\GitHub\BetterShowcase\src\renderer\ffmpeg\events.hpp(163,40): error C2039: "post": ╨╜╨╡ ╤П╨▓╨╗╤П╨╡╤В╤Б╤П ╤З╨╗╨╡╨╜╨╛╨╝ "ffmpeg::events::impl::StopRecorderEvent". [C:\Users\KusokMedi\Documents\GitHub\BetterShowcase\build\xdBot2.vcxproj]
  (╨║╨╛╨╝╨┐╨╕╨╗╤П╤Ж╨╕╤П ╨╕╤Б╤Е╨╛╨┤╨╜╨╛╨│╨╛ ╤Д╨░╨╣╨╗╨░ "../src/hacks/frame_stepper.cpp")
      C:\Users\KusokMedi\Documents\GitHub\BetterShowcase\src\renderer\ffmpeg\events.hpp(48,11):
       ╤Б╨╝. ╨╛╨▒╤К╤П╨▓╨╗╨╡╨╜╨╕╨╡ "ffmpeg::events::impl::StopRecorderEvent"
  
C:\Users\KusokMedi\Documents\GitHub\BetterShowcase\src\renderer\ffmpeg\events.hpp(182,19): error C2039: "post": ╨╜╨╡ ╤П╨▓╨╗╤П╨╡╤В╤Б╤П ╤З╨╗╨╡╨╜╨╛╨╝ "ffmpeg::events::impl::GetWriteFrameFunctionEvent". [C:\Users\KusokMedi\Documents\GitHub\BetterShowcase\build\xdBot2.vcxproj]
  (╨║╨╛╨╝╨┐╨╕╨╗╤П╤Ж╨╕╤П ╨╕╤Б╤Е╨╛╨┤╨╜╨╛╨│╨╛ ╤Д╨░╨╣╨╗╨░ "../src/hacks/frame_stepper.cpp")
      C:\Users\KusokMedi\Documents\GitHub\BetterShowcase\src\renderer\ffmpeg\events.hpp(58,11):
       ╤Б╨╝. ╨╛╨▒╤К╤П╨▓╨╗╨╡╨╜╨╕╨╡ "ffmpeg::events::impl::GetWriteFrameFunctionEvent"
  
C:\Users\KusokMedi\Documents\GitHub\BetterShowcase\src\renderer\ffmpeg\events.hpp(199,20): error C2039: "post": ╨╜╨╡ ╤П╨▓╨╗╤П╨╡╤В╤Б╤П ╤З╨╗╨╡╨╜╨╛╨╝ "ffmpeg::events::impl::CodecRecorderEvent". [C:\Users\KusokMedi\Documents\GitHub\BetterShowcase\build\xdBot2.vcxproj]
  (╨║╨╛╨╝╨┐╨╕╨╗╤П╤Ж╨╕╤П ╨╕╤Б╤Е╨╛╨┤╨╜╨╛╨│╨╛ ╤Д╨░╨╣╨╗╨░ "../src/hacks/frame_stepper.cpp")
      C:\Users\KusokMedi\Documents\GitHub\BetterShowcase\src\renderer\ffmpeg\events.hpp(69,11):
       ╤Б╨╝. ╨╛╨▒╤К╤П╨▓╨╗╨╡╨╜╨╕╨╡ "ffmpeg::events::impl::CodecRecorderEvent"
  
C:\Users\KusokMedi\Documents\GitHub\BetterShowcase\src\renderer\ffmpeg\events.hpp(225,18): error C2039: "post": ╨╜╨╡ ╤П╨▓╨╗╤П╨╡╤В╤Б╤П ╤З╨╗╨╡╨╜╨╛╨╝ "ffmpeg::events::impl::MixVideoAudioEvent". [C:\Users\KusokMedi\Documents\GitHub\BetterShowcase\build\xdBot2.vcxproj]
  (╨║╨╛╨╝╨┐╨╕╨╗╤П╤Ж╨╕╤П ╨╕╤Б╤Е╨╛╨┤╨╜╨╛╨│╨╛ ╤Д╨░╨╣╨╗╨░ "../src/hacks/frame_stepper.cpp")
      C:\Users\KusokMedi\Documents\GitHub\BetterShowcase\src\renderer\ffmpeg\events.hpp(79,11):
       ╤Б╨╝. ╨╛╨▒╤К╤П╨▓╨╗╨╡╨╜╨╕╨╡ "ffmpeg::events::impl::MixVideoAudioEvent"
  
C:\Users\KusokMedi\Documents\GitHub\BetterShowcase\src\renderer\ffmpeg\events.hpp(244,18): error C2039: "post": ╨╜╨╡ ╤П╨▓╨╗╤П╨╡╤В╤Б╤П ╤З╨╗╨╡╨╜╨╛╨╝ "ffmpeg::events::impl::MixVideoRawEvent". [C:\Users\KusokMedi\Documents\GitHub\BetterShowcase\build\xdBot2.vcxproj]
  (╨║╨╛╨╝╨┐╨╕╨╗╤П╤Ж╨╕╤П ╨╕╤Б╤Е╨╛╨┤╨╜╨╛╨│╨╛ ╤Д╨░╨╣╨╗╨░ "../src/hacks/frame_stepper.cpp")
      C:\Users\KusokMedi\Documents\GitHub\BetterShowcase\src\renderer\ffmpeg\events.hpp(101,11):
       ╤Б╨╝. ╨╛╨▒╤К╤П╨▓╨╗╨╡╨╜╨╕╨╡ "ffmpeg::events::impl::MixVideoRawEvent"
  
C:\Users\KusokMedi\Documents\GitHub\BetterShowcase\src\includes.hpp(82,17): error C2059: ╤Б╨╕╨╜╤В╨░╨║╤Б╨╕╤З╨╡╤Б╨║╨░╤П ╨╛╤И╨╕╨▒╨║╨░: < [C:\Users\KusokMedi\Documents\GitHub\BetterShowcase\build\xdBot2.vcxproj]
  (╨║╨╛╨╝╨┐╨╕╨╗╤П╤Ж╨╕╤П ╨╕╤Б╤Е╨╛╨┤╨╜╨╛╨│╨╛ ╤Д╨░╨╣╨╗╨░ "../src/hacks/frame_stepper.cpp")
  
C:\Users\KusokMedi\Documents\GitHub\BetterShowcase\src\includes.hpp(82,36): error C2238: ╨╜╨╡╨┐╤А╨╡╨┤╨▓╨╕╨┤╨╡╨╜╨╜╤Л╨╡ ╨╗╨╡╨║╤Б╨╡╨╝╤Л ╨┐╨╡╤А╨╡╨┤ ";" [C:\Users\KusokMedi\Documents\GitHub\BetterShowcase\build\xdBot2.vcxproj]
  (╨║╨╛╨╝╨┐╨╕╨╗╤П╤Ж╨╕╤П ╨╕╤Б╤Е╨╛╨┤╨╜╨╛╨│╨╛ ╤Д╨░╨╣╨╗╨░ "../src/hacks/frame_stepper.cpp")
  
  layout_mode.cpp
C:\Users\KusokMedi\Documents\GitHub\BetterShowcase\src\renderer\ffmpeg\events.hpp(11,47): error C2955: "geode::Event": ╨┤╨╗╤П ╨╕╤Б╨┐╨╛╨╗╤М╨╖╨╛╨▓╨░╨╜╨╕╤П ╨║╨╗╨░╤Б╤Б ╤И╨░╨▒╨╗╨╛╨╜ ╤В╤А╨╡╨▒╤Г╨╡╤В╤Б╤П ╤Б╨┐╨╕╤Б╨╛╨║ ╨░╤А╨│╤Г╨╝╨╡╨╜╤В╨╛╨▓ ╤И╨░╨▒╨╗╨╛╨╜ [C:\Users\KusokMedi\Documents\GitHub\BetterShowcase\build\xdBot2.vcxproj]
  (╨║╨╛╨╝╨┐╨╕╨╗╤П╤Ж╨╕╤П ╨╕╤Б╤Е╨╛╨┤╨╜╨╛╨│╨╛ ╤Д╨░╨╣╨╗╨░ "../src/hacks/layout_mode.cpp")
      C:\Users\KusokMedi\Documents\Geode\loader\include\Geode\loader\Event.hpp(960,12):
       ╤Б╨╝. ╨╛╨▒╤К╤П╨▓╨╗╨╡╨╜╨╕╨╡ "geode::Event"
  
C:\Users\KusokMedi\Documents\GitHub\BetterShowcase\src\renderer\ffmpeg\events.hpp(20,47): error C2955: "geode::Event": ╨┤╨╗╤П ╨╕╤Б╨┐╨╛╨╗╤М╨╖╨╛╨▓╨░╨╜╨╕╤П ╨║╨╗╨░╤Б╤Б ╤И╨░╨▒╨╗╨╛╨╜ ╤В╤А╨╡╨▒╤Г╨╡╤В╤Б╤П ╤Б╨┐╨╕╤Б╨╛╨║ ╨░╤А╨│╤Г╨╝╨╡╨╜╤В╨╛╨▓ ╤И╨░╨▒╨╗╨╛╨╜ [C:\Users\KusokMedi\Documents\GitHub\BetterShowcase\build\xdBot2.vcxproj]
  (╨║╨╛╨╝╨┐╨╕╨╗╤П╤Ж╨╕╤П ╨╕╤Б╤Е╨╛╨┤╨╜╨╛╨│╨╛ ╤Д╨░╨╣╨╗╨░ "../src/hacks/layout_mode.cpp")
      C:\Users\KusokMedi\Documents\Geode\loader\include\Geode\loader\Event.hpp(960,12):
       ╤Б╨╝. ╨╛╨▒╤К╤П╨▓╨╗╨╡╨╜╨╕╨╡ "geode::Event"
  
C:\Users\KusokMedi\Documents\GitHub\BetterShowcase\src\renderer\ffmpeg\events.hpp(28,45): error C2955: "geode::Event": ╨┤╨╗╤П ╨╕╤Б╨┐╨╛╨╗╤М╨╖╨╛╨▓╨░╨╜╨╕╤П ╨║╨╗╨░╤Б╤Б ╤И╨░╨▒╨╗╨╛╨╜ ╤В╤А╨╡╨▒╤Г╨╡╤В╤Б╤П ╤Б╨┐╨╕╤Б╨╛╨║ ╨░╤А╨│╤Г╨╝╨╡╨╜╤В╨╛╨▓ ╤И╨░╨▒╨╗╨╛╨╜ [C:\Users\KusokMedi\Documents\GitHub\BetterShowcase\build\xdBot2.vcxproj]
  (╨║╨╛╨╝╨┐╨╕╨╗╤П╤Ж╨╕╤П ╨╕╤Б╤Е╨╛╨┤╨╜╨╛╨│╨╛ ╤Д╨░╨╣╨╗╨░ "../src/hacks/layout_mode.cpp")
      C:\Users\KusokMedi\Documents\Geode\loader\include\Geode\loader\Event.hpp(960,12):
       ╤Б╨╝. ╨╛╨▒╤К╤П╨▓╨╗╨╡╨╜╨╕╨╡ "geode::Event"
  
C:\Users\KusokMedi\Documents\GitHub\BetterShowcase\src\renderer\ffmpeg\events.hpp(48,45): error C2955: "geode::Event": ╨┤╨╗╤П ╨╕╤Б╨┐╨╛╨╗╤М╨╖╨╛╨▓╨░╨╜╨╕╤П ╨║╨╗╨░╤Б╤Б ╤И╨░╨▒╨╗╨╛╨╜ ╤В╤А╨╡╨▒╤Г╨╡╤В╤Б╤П ╤Б╨┐╨╕╤Б╨╛╨║ ╨░╤А╨│╤Г╨╝╨╡╨╜╤В╨╛╨▓ ╤И╨░╨▒╨╗╨╛╨╜ [C:\Users\KusokMedi\Documents\GitHub\BetterShowcase\build\xdBot2.vcxproj]
  (╨║╨╛╨╝╨┐╨╕╨╗╤П╤Ж╨╕╤П ╨╕╤Б╤Е╨╛╨┤╨╜╨╛╨│╨╛ ╤Д╨░╨╣╨╗╨░ "../src/hacks/layout_mode.cpp")
      C:\Users\KusokMedi\Documents\Geode\loader\include\Geode\loader\Event.hpp(960,12):
       ╤Б╨╝. ╨╛╨▒╤К╤П╨▓╨╗╨╡╨╜╨╕╨╡ "geode::Event"
  
C:\Users\KusokMedi\Documents\GitHub\BetterShowcase\src\renderer\ffmpeg\events.hpp(58,54): error C2955: "geode::Event": ╨┤╨╗╤П ╨╕╤Б╨┐╨╛╨╗╤М╨╖╨╛╨▓╨░╨╜╨╕╤П ╨║╨╗╨░╤Б╤Б ╤И╨░╨▒╨╗╨╛╨╜ ╤В╤А╨╡╨▒╤Г╨╡╤В╤Б╤П ╤Б╨┐╨╕╤Б╨╛╨║ ╨░╤А╨│╤Г╨╝╨╡╨╜╤В╨╛╨▓ ╤И╨░╨▒╨╗╨╛╨╜ [C:\Users\KusokMedi\Documents\GitHub\BetterShowcase\build\xdBot2.vcxproj]
  (╨║╨╛╨╝╨┐╨╕╨╗╤П╤Ж╨╕╤П ╨╕╤Б╤Е╨╛╨┤╨╜╨╛╨│╨╛ ╤Д╨░╨╣╨╗╨░ "../src/hacks/layout_mode.cpp")
      C:\Users\KusokMedi\Documents\Geode\loader\include\Geode\loader\Event.hpp(960,12):
       ╤Б╨╝. ╨╛╨▒╤К╤П╨▓╨╗╨╡╨╜╨╕╨╡ "geode::Event"
  
C:\Users\KusokMedi\Documents\GitHub\BetterShowcase\src\renderer\ffmpeg\events.hpp(69,46): error C2955: "geode::Event": ╨┤╨╗╤П ╨╕╤Б╨┐╨╛╨╗╤М╨╖╨╛╨▓╨░╨╜╨╕╤П ╨║╨╗╨░╤Б╤Б ╤И╨░╨▒╨╗╨╛╨╜ ╤В╤А╨╡╨▒╤Г╨╡╤В╤Б╤П ╤Б╨┐╨╕╤Б╨╛╨║ ╨░╤А╨│╤Г╨╝╨╡╨╜╤В╨╛╨▓ ╤И╨░╨▒╨╗╨╛╨╜ [C:\Users\KusokMedi\Documents\GitHub\BetterShowcase\build\xdBot2.vcxproj]
  (╨║╨╛╨╝╨┐╨╕╨╗╤П╤Ж╨╕╤П ╨╕╤Б╤Е╨╛╨┤╨╜╨╛╨│╨╛ ╤Д╨░╨╣╨╗╨░ "../src/hacks/layout_mode.cpp")
      C:\Users\KusokMedi\Documents\Geode\loader\include\Geode\loader\Event.hpp(960,12):
       ╤Б╨╝. ╨╛╨▒╤К╤П╨▓╨╗╨╡╨╜╨╕╨╡ "geode::Event"
  
C:\Users\KusokMedi\Documents\GitHub\BetterShowcase\src\renderer\ffmpeg\events.hpp(79,46): error C2955: "geode::Event": ╨┤╨╗╤П ╨╕╤Б╨┐╨╛╨╗╤М╨╖╨╛╨▓╨░╨╜╨╕╤П ╨║╨╗╨░╤Б╤Б ╤И╨░╨▒╨╗╨╛╨╜ ╤В╤А╨╡╨▒╤Г╨╡╤В╤Б╤П ╤Б╨┐╨╕╤Б╨╛╨║ ╨░╤А╨│╤Г╨╝╨╡╨╜╤В╨╛╨▓ ╤И╨░╨▒╨╗╨╛╨╜ [C:\Users\KusokMedi\Documents\GitHub\BetterShowcase\build\xdBot2.vcxproj]
  (╨║╨╛╨╝╨┐╨╕╨╗╤П╤Ж╨╕╤П ╨╕╤Б╤Е╨╛╨┤╨╜╨╛╨│╨╛ ╤Д╨░╨╣╨╗╨░ "../src/hacks/layout_mode.cpp")
      C:\Users\KusokMedi\Documents\Geode\loader\include\Geode\loader\Event.hpp(960,12):
       ╤Б╨╝. ╨╛╨▒╤К╤П╨▓╨╗╨╡╨╜╨╕╨╡ "geode::Event"
  
C:\Users\KusokMedi\Documents\GitHub\BetterShowcase\src\renderer\ffmpeg\events.hpp(101,44): error C2955: "geode::Event": ╨┤╨╗╤П ╨╕╤Б╨┐╨╛╨╗╤М╨╖╨╛╨▓╨░╨╜╨╕╤П ╨║╨╗╨░╤Б╤Б ╤И╨░╨▒╨╗╨╛╨╜ ╤В╤А╨╡╨▒╤Г╨╡╤В╤Б╤П ╤Б╨┐╨╕╤Б╨╛╨║ ╨░╤А╨│╤Г╨╝╨╡╨╜╤В╨╛╨▓ ╤И╨░╨▒╨╗╨╛╨╜ [C:\Users\KusokMedi\Documents\GitHub\BetterShowcase\build\xdBot2.vcxproj]
  (╨║╨╛╨╝╨┐╨╕╨╗╤П╤Ж╨╕╤П ╨╕╤Б╤Е╨╛╨┤╨╜╨╛╨│╨╛ ╤Д╨░╨╣╨╗╨░ "../src/hacks/layout_mode.cpp")
      C:\Users\KusokMedi\Documents\Geode\loader\include\Geode\loader\Event.hpp(960,12):
       ╤Б╨╝. ╨╛╨▒╤К╤П╨▓╨╗╨╡╨╜╨╕╨╡ "geode::Event"
  
C:\Users\KusokMedi\Documents\GitHub\BetterShowcase\src\renderer\ffmpeg\events.hpp(129,21): error C2039: "post": ╨╜╨╡ ╤П╨▓╨╗╤П╨╡╤В╤Б╤П ╤З╨╗╨╡╨╜╨╛╨╝ "ffmpeg::events::impl::CreateRecorderEvent". [C:\Users\KusokMedi\Documents\GitHub\BetterShowcase\build\xdBot2.vcxproj]
  (╨║╨╛╨╝╨┐╨╕╨╗╤П╤Ж╨╕╤П ╨╕╤Б╤Е╨╛╨┤╨╜╨╛╨│╨╛ ╤Д╨░╨╣╨╗╨░ "../src/hacks/layout_mode.cpp")
      C:\Users\KusokMedi\Documents\GitHub\BetterShowcase\src\renderer\ffmpeg\events.hpp(11,11):
       ╤Б╨╝. ╨╛╨▒╤К╤П╨▓╨╗╨╡╨╜╨╕╨╡ "ffmpeg::events::impl::CreateRecorderEvent"
  
C:\Users\KusokMedi\Documents\GitHub\BetterShowcase\src\renderer\ffmpeg\events.hpp(135,21): error C2039: "post": ╨╜╨╡ ╤П╨▓╨╗╤П╨╡╤В╤Б╤П ╤З╨╗╨╡╨╜╨╛╨╝ "ffmpeg::events::impl::DeleteRecorderEvent". [C:\Users\KusokMedi\Documents\GitHub\BetterShowcase\build\xdBot2.vcxproj]
  (╨║╨╛╨╝╨┐╨╕╨╗╤П╤Ж╨╕╤П ╨╕╤Б╤Е╨╛╨┤╨╜╨╛╨│╨╛ ╤Д╨░╨╣╨╗╨░ "../src/hacks/layout_mode.cpp")
      C:\Users\KusokMedi\Documents\GitHub\BetterShowcase\src\renderer\ffmpeg\events.hpp(20,11):
       ╤Б╨╝. ╨╛╨▒╤К╤П╨▓╨╗╨╡╨╜╨╕╨╡ "ffmpeg::events::impl::DeleteRecorderEvent"
  
C:\Users\KusokMedi\Documents\GitHub\BetterShowcase\src\renderer\ffmpeg\events.hpp(153,19): error C2039: "post": ╨╜╨╡ ╤П╨▓╨╗╤П╨╡╤В╤Б╤П ╤З╨╗╨╡╨╜╨╛╨╝ "ffmpeg::events::impl::InitRecorderEvent". [C:\Users\KusokMedi\Documents\GitHub\BetterShowcase\build\xdBot2.vcxproj]
  (╨║╨╛╨╝╨┐╨╕╨╗╤П╤Ж╨╕╤П ╨╕╤Б╤Е╨╛╨┤╨╜╨╛╨│╨╛ ╤Д╨░╨╣╨╗╨░ "../src/hacks/layout_mode.cpp")
      C:\Users\KusokMedi\Documents\GitHub\BetterShowcase\src\renderer\ffmpeg\events.hpp(28,11):
       ╤Б╨╝. ╨╛╨▒╤К╤П╨▓╨╗╨╡╨╜╨╕╨╡ "ffmpeg::events::impl::InitRecorderEvent"
  
C:\Users\KusokMedi\Documents\GitHub\BetterShowcase\src\renderer\ffmpeg\events.hpp(163,40): error C2039: "post": ╨╜╨╡ ╤П╨▓╨╗╤П╨╡╤В╤Б╤П ╤З╨╗╨╡╨╜╨╛╨╝ "ffmpeg::events::impl::StopRecorderEvent". [C:\Users\KusokMedi\Documents\GitHub\BetterShowcase\build\xdBot2.vcxproj]
  (╨║╨╛╨╝╨┐╨╕╨╗╤П╤Ж╨╕╤П ╨╕╤Б╤Е╨╛╨┤╨╜╨╛╨│╨╛ ╤Д╨░╨╣╨╗╨░ "../src/hacks/layout_mode.cpp")
      C:\Users\KusokMedi\Documents\GitHub\BetterShowcase\src\renderer\ffmpeg\events.hpp(48,11):
       ╤Б╨╝. ╨╛╨▒╤К╤П╨▓╨╗╨╡╨╜╨╕╨╡ "ffmpeg::events::impl::StopRecorderEvent"
  
C:\Users\KusokMedi\Documents\GitHub\BetterShowcase\src\renderer\ffmpeg\events.hpp(182,19): error C2039: "post": ╨╜╨╡ ╤П╨▓╨╗╤П╨╡╤В╤Б╤П ╤З╨╗╨╡╨╜╨╛╨╝ "ffmpeg::events::impl::GetWriteFrameFunctionEvent". [C:\Users\KusokMedi\Documents\GitHub\BetterShowcase\build\xdBot2.vcxproj]
  (╨║╨╛╨╝╨┐╨╕╨╗╤П╤Ж╨╕╤П ╨╕╤Б╤Е╨╛╨┤╨╜╨╛╨│╨╛ ╤Д╨░╨╣╨╗╨░ "../src/hacks/layout_mode.cpp")
      C:\Users\KusokMedi\Documents\GitHub\BetterShowcase\src\renderer\ffmpeg\events.hpp(58,11):
       ╤Б╨╝. ╨╛╨▒╤К╤П╨▓╨╗╨╡╨╜╨╕╨╡ "ffmpeg::events::impl::GetWriteFrameFunctionEvent"
  
C:\Users\KusokMedi\Documents\GitHub\BetterShowcase\src\renderer\ffmpeg\events.hpp(199,20): error C2039: "post": ╨╜╨╡ ╤П╨▓╨╗╤П╨╡╤В╤Б╤П ╤З╨╗╨╡╨╜╨╛╨╝ "ffmpeg::events::impl::CodecRecorderEvent". [C:\Users\KusokMedi\Documents\GitHub\BetterShowcase\build\xdBot2.vcxproj]
  (╨║╨╛╨╝╨┐╨╕╨╗╤П╤Ж╨╕╤П ╨╕╤Б╤Е╨╛╨┤╨╜╨╛╨│╨╛ ╤Д╨░╨╣╨╗╨░ "../src/hacks/layout_mode.cpp")
      C:\Users\KusokMedi\Documents\GitHub\BetterShowcase\src\renderer\ffmpeg\events.hpp(69,11):
       ╤Б╨╝. ╨╛╨▒╤К╤П╨▓╨╗╨╡╨╜╨╕╨╡ "ffmpeg::events::impl::CodecRecorderEvent"
  
C:\Users\KusokMedi\Documents\GitHub\BetterShowcase\src\renderer\ffmpeg\events.hpp(225,18): error C2039: "post": ╨╜╨╡ ╤П╨▓╨╗╤П╨╡╤В╤Б╤П ╤З╨╗╨╡╨╜╨╛╨╝ "ffmpeg::events::impl::MixVideoAudioEvent". [C:\Users\KusokMedi\Documents\GitHub\BetterShowcase\build\xdBot2.vcxproj]
  (╨║╨╛╨╝╨┐╨╕╨╗╤П╤Ж╨╕╤П ╨╕╤Б╤Е╨╛╨┤╨╜╨╛╨│╨╛ ╤Д╨░╨╣╨╗╨░ "../src/hacks/layout_mode.cpp")
      C:\Users\KusokMedi\Documents\GitHub\BetterShowcase\src\renderer\ffmpeg\events.hpp(79,11):
       ╤Б╨╝. ╨╛╨▒╤К╤П╨▓╨╗╨╡╨╜╨╕╨╡ "ffmpeg::events::impl::MixVideoAudioEvent"
  
C:\Users\KusokMedi\Documents\GitHub\BetterShowcase\src\renderer\ffmpeg\events.hpp(244,18): error C2039: "post": ╨╜╨╡ ╤П╨▓╨╗╤П╨╡╤В╤Б╤П ╤З╨╗╨╡╨╜╨╛╨╝ "ffmpeg::events::impl::MixVideoRawEvent". [C:\Users\KusokMedi\Documents\GitHub\BetterShowcase\build\xdBot2.vcxproj]
  (╨║╨╛╨╝╨┐╨╕╨╗╤П╤Ж╨╕╤П ╨╕╤Б╤Е╨╛╨┤╨╜╨╛╨│╨╛ ╤Д╨░╨╣╨╗╨░ "../src/hacks/layout_mode.cpp")
      C:\Users\KusokMedi\Documents\GitHub\BetterShowcase\src\renderer\ffmpeg\events.hpp(101,11):
       ╤Б╨╝. ╨╛╨▒╤К╤П╨▓╨╗╨╡╨╜╨╕╨╡ "ffmpeg::events::impl::MixVideoRawEvent"
  
C:\Users\KusokMedi\Documents\GitHub\BetterShowcase\src\includes.hpp(82,17): error C2059: ╤Б╨╕╨╜╤В╨░╨║╤Б╨╕╤З╨╡╤Б╨║╨░╤П ╨╛╤И╨╕╨▒╨║╨░: < [C:\Users\KusokMedi\Documents\GitHub\BetterShowcase\build\xdBot2.vcxproj]
  (╨║╨╛╨╝╨┐╨╕╨╗╤П╤Ж╨╕╤П ╨╕╤Б╤Е╨╛╨┤╨╜╨╛╨│╨╛ ╤Д╨░╨╣╨╗╨░ "../src/hacks/layout_mode.cpp")
  
C:\Users\KusokMedi\Documents\GitHub\BetterShowcase\src\includes.hpp(82,36): error C2238: ╨╜╨╡╨┐╤А╨╡╨┤╨▓╨╕╨┤╨╡╨╜╨╜╤Л╨╡ ╨╗╨╡╨║╤Б╨╡╨╝╤Л ╨┐╨╡╤А╨╡╨┤ ";" [C:\Users\KusokMedi\Documents\GitHub\BetterShowcase\build\xdBot2.vcxproj]
  (╨║╨╛╨╝╨┐╨╕╨╗╤П╤Ж╨╕╤П ╨╕╤Б╤Е╨╛╨┤╨╜╨╛╨│╨╛ ╤Д╨░╨╣╨╗╨░ "../src/hacks/layout_mode.cpp")
  
  show_trajectory.cpp
C:\Users\KusokMedi\Documents\GitHub\BetterShowcase\src\renderer\ffmpeg\events.hpp(11,47): error C2955: "geode::Event": ╨┤╨╗╤П ╨╕╤Б╨┐╨╛╨╗╤М╨╖╨╛╨▓╨░╨╜╨╕╤П ╨║╨╗╨░╤Б╤Б ╤И╨░╨▒╨╗╨╛╨╜ ╤В╤А╨╡╨▒╤Г╨╡╤В╤Б╤П ╤Б╨┐╨╕╤Б╨╛╨║ ╨░╤А╨│╤Г╨╝╨╡╨╜╤В╨╛╨▓ ╤И╨░╨▒╨╗╨╛╨╜ [C:\Users\KusokMedi\Documents\GitHub\BetterShowcase\build\xdBot2.vcxproj]
  (╨║╨╛╨╝╨┐╨╕╨╗╤П╤Ж╨╕╤П ╨╕╤Б╤Е╨╛╨┤╨╜╨╛╨│╨╛ ╤Д╨░╨╣╨╗╨░ "../src/hacks/show_trajectory.cpp")
      C:\Users\KusokMedi\Documents\Geode\loader\include\Geode\loader\Event.hpp(960,12):
       ╤Б╨╝. ╨╛╨▒╤К╤П╨▓╨╗╨╡╨╜╨╕╨╡ "geode::Event"
  
C:\Users\KusokMedi\Documents\GitHub\BetterShowcase\src\renderer\ffmpeg\events.hpp(20,47): error C2955: "geode::Event": ╨┤╨╗╤П ╨╕╤Б╨┐╨╛╨╗╤М╨╖╨╛╨▓╨░╨╜╨╕╤П ╨║╨╗╨░╤Б╤Б ╤И╨░╨▒╨╗╨╛╨╜ ╤В╤А╨╡╨▒╤Г╨╡╤В╤Б╤П ╤Б╨┐╨╕╤Б╨╛╨║ ╨░╤А╨│╤Г╨╝╨╡╨╜╤В╨╛╨▓ ╤И╨░╨▒╨╗╨╛╨╜ [C:\Users\KusokMedi\Documents\GitHub\BetterShowcase\build\xdBot2.vcxproj]
  (╨║╨╛╨╝╨┐╨╕╨╗╤П╤Ж╨╕╤П ╨╕╤Б╤Е╨╛╨┤╨╜╨╛╨│╨╛ ╤Д╨░╨╣╨╗╨░ "../src/hacks/show_trajectory.cpp")
      C:\Users\KusokMedi\Documents\Geode\loader\include\Geode\loader\Event.hpp(960,12):
       ╤Б╨╝. ╨╛╨▒╤К╤П╨▓╨╗╨╡╨╜╨╕╨╡ "geode::Event"
  
C:\Users\KusokMedi\Documents\GitHub\BetterShowcase\src\renderer\ffmpeg\events.hpp(28,45): error C2955: "geode::Event": ╨┤╨╗╤П ╨╕╤Б╨┐╨╛╨╗╤М╨╖╨╛╨▓╨░╨╜╨╕╤П ╨║╨╗╨░╤Б╤Б ╤И╨░╨▒╨╗╨╛╨╜ ╤В╤А╨╡╨▒╤Г╨╡╤В╤Б╤П ╤Б╨┐╨╕╤Б╨╛╨║ ╨░╤А╨│╤Г╨╝╨╡╨╜╤В╨╛╨▓ ╤И╨░╨▒╨╗╨╛╨╜ [C:\Users\KusokMedi\Documents\GitHub\BetterShowcase\build\xdBot2.vcxproj]
  (╨║╨╛╨╝╨┐╨╕╨╗╤П╤Ж╨╕╤П ╨╕╤Б╤Е╨╛╨┤╨╜╨╛╨│╨╛ ╤Д╨░╨╣╨╗╨░ "../src/hacks/show_trajectory.cpp")
      C:\Users\KusokMedi\Documents\Geode\loader\include\Geode\loader\Event.hpp(960,12):
       ╤Б╨╝. ╨╛╨▒╤К╤П╨▓╨╗╨╡╨╜╨╕╨╡ "geode::Event"
  
C:\Users\KusokMedi\Documents\GitHub\BetterShowcase\src\renderer\ffmpeg\events.hpp(48,45): error C2955: "geode::Event": ╨┤╨╗╤П ╨╕╤Б╨┐╨╛╨╗╤М╨╖╨╛╨▓╨░╨╜╨╕╤П ╨║╨╗╨░╤Б╤Б ╤И╨░╨▒╨╗╨╛╨╜ ╤В╤А╨╡╨▒╤Г╨╡╤В╤Б╤П ╤Б╨┐╨╕╤Б╨╛╨║ ╨░╤А╨│╤Г╨╝╨╡╨╜╤В╨╛╨▓ ╤И╨░╨▒╨╗╨╛╨╜ [C:\Users\KusokMedi\Documents\GitHub\BetterShowcase\build\xdBot2.vcxproj]
  (╨║╨╛╨╝╨┐╨╕╨╗╤П╤Ж╨╕╤П ╨╕╤Б╤Е╨╛╨┤╨╜╨╛╨│╨╛ ╤Д╨░╨╣╨╗╨░ "../src/hacks/show_trajectory.cpp")
      C:\Users\KusokMedi\Documents\Geode\loader\include\Geode\loader\Event.hpp(960,12):
       ╤Б╨╝. ╨╛╨▒╤К╤П╨▓╨╗╨╡╨╜╨╕╨╡ "geode::Event"
  
C:\Users\KusokMedi\Documents\GitHub\BetterShowcase\src\renderer\ffmpeg\events.hpp(58,54): error C2955: "geode::Event": ╨┤╨╗╤П ╨╕╤Б╨┐╨╛╨╗╤М╨╖╨╛╨▓╨░╨╜╨╕╤П ╨║╨╗╨░╤Б╤Б ╤И╨░╨▒╨╗╨╛╨╜ ╤В╤А╨╡╨▒╤Г╨╡╤В╤Б╤П ╤Б╨┐╨╕╤Б╨╛╨║ ╨░╤А╨│╤Г╨╝╨╡╨╜╤В╨╛╨▓ ╤И╨░╨▒╨╗╨╛╨╜ [C:\Users\KusokMedi\Documents\GitHub\BetterShowcase\build\xdBot2.vcxproj]
  (╨║╨╛╨╝╨┐╨╕╨╗╤П╤Ж╨╕╤П ╨╕╤Б╤Е╨╛╨┤╨╜╨╛╨│╨╛ ╤Д╨░╨╣╨╗╨░ "../src/hacks/show_trajectory.cpp")
      C:\Users\KusokMedi\Documents\Geode\loader\include\Geode\loader\Event.hpp(960,12):
       ╤Б╨╝. ╨╛╨▒╤К╤П╨▓╨╗╨╡╨╜╨╕╨╡ "geode::Event"
  
C:\Users\KusokMedi\Documents\GitHub\BetterShowcase\src\renderer\ffmpeg\events.hpp(69,46): error C2955: "geode::Event": ╨┤╨╗╤П ╨╕╤Б╨┐╨╛╨╗╤М╨╖╨╛╨▓╨░╨╜╨╕╤П ╨║╨╗╨░╤Б╤Б ╤И╨░╨▒╨╗╨╛╨╜ ╤В╤А╨╡╨▒╤Г╨╡╤В╤Б╤П ╤Б╨┐╨╕╤Б╨╛╨║ ╨░╤А╨│╤Г╨╝╨╡╨╜╤В╨╛╨▓ ╤И╨░╨▒╨╗╨╛╨╜ [C:\Users\KusokMedi\Documents\GitHub\BetterShowcase\build\xdBot2.vcxproj]
  (╨║╨╛╨╝╨┐╨╕╨╗╤П╤Ж╨╕╤П ╨╕╤Б╤Е╨╛╨┤╨╜╨╛╨│╨╛ ╤Д╨░╨╣╨╗╨░ "../src/hacks/show_trajectory.cpp")
      C:\Users\KusokMedi\Documents\Geode\loader\include\Geode\loader\Event.hpp(960,12):
       ╤Б╨╝. ╨╛╨▒╤К╤П╨▓╨╗╨╡╨╜╨╕╨╡ "geode::Event"
  
C:\Users\KusokMedi\Documents\GitHub\BetterShowcase\src\renderer\ffmpeg\events.hpp(79,46): error C2955: "geode::Event": ╨┤╨╗╤П ╨╕╤Б╨┐╨╛╨╗╤М╨╖╨╛╨▓╨░╨╜╨╕╤П ╨║╨╗╨░╤Б╤Б ╤И╨░╨▒╨╗╨╛╨╜ ╤В╤А╨╡╨▒╤Г╨╡╤В╤Б╤П ╤Б╨┐╨╕╤Б╨╛╨║ ╨░╤А╨│╤Г╨╝╨╡╨╜╤В╨╛╨▓ ╤И╨░╨▒╨╗╨╛╨╜ [C:\Users\KusokMedi\Documents\GitHub\BetterShowcase\build\xdBot2.vcxproj]
  (╨║╨╛╨╝╨┐╨╕╨╗╤П╤Ж╨╕╤П ╨╕╤Б╤Е╨╛╨┤╨╜╨╛╨│╨╛ ╤Д╨░╨╣╨╗╨░ "../src/hacks/show_trajectory.cpp")
      C:\Users\KusokMedi\Documents\Geode\loader\include\Geode\loader\Event.hpp(960,12):
       ╤Б╨╝. ╨╛╨▒╤К╤П╨▓╨╗╨╡╨╜╨╕╨╡ "geode::Event"
  
C:\Users\KusokMedi\Documents\GitHub\BetterShowcase\src\renderer\ffmpeg\events.hpp(101,44): error C2955: "geode::Event": ╨┤╨╗╤П ╨╕╤Б╨┐╨╛╨╗╤М╨╖╨╛╨▓╨░╨╜╨╕╤П ╨║╨╗╨░╤Б╤Б ╤И╨░╨▒╨╗╨╛╨╜ ╤В╤А╨╡╨▒╤Г╨╡╤В╤Б╤П ╤Б╨┐╨╕╤Б╨╛╨║ ╨░╤А╨│╤Г╨╝╨╡╨╜╤В╨╛╨▓ ╤И╨░╨▒╨╗╨╛╨╜ [C:\Users\KusokMedi\Documents\GitHub\BetterShowcase\build\xdBot2.vcxproj]
  (╨║╨╛╨╝╨┐╨╕╨╗╤П╤Ж╨╕╤П ╨╕╤Б╤Е╨╛╨┤╨╜╨╛╨│╨╛ ╤Д╨░╨╣╨╗╨░ "../src/hacks/show_trajectory.cpp")
      C:\Users\KusokMedi\Documents\Geode\loader\include\Geode\loader\Event.hpp(960,12):
       ╤Б╨╝. ╨╛╨▒╤К╤П╨▓╨╗╨╡╨╜╨╕╨╡ "geode::Event"
  
C:\Users\KusokMedi\Documents\GitHub\BetterShowcase\src\renderer\ffmpeg\events.hpp(129,21): error C2039: "post": ╨╜╨╡ ╤П╨▓╨╗╤П╨╡╤В╤Б╤П ╤З╨╗╨╡╨╜╨╛╨╝ "ffmpeg::events::impl::CreateRecorderEvent". [C:\Users\KusokMedi\Documents\GitHub\BetterShowcase\build\xdBot2.vcxproj]
  (╨║╨╛╨╝╨┐╨╕╨╗╤П╤Ж╨╕╤П ╨╕╤Б╤Е╨╛╨┤╨╜╨╛╨│╨╛ ╤Д╨░╨╣╨╗╨░ "../src/hacks/show_trajectory.cpp")
      C:\Users\KusokMedi\Documents\GitHub\BetterShowcase\src\renderer\ffmpeg\events.hpp(11,11):
       ╤Б╨╝. ╨╛╨▒╤К╤П╨▓╨╗╨╡╨╜╨╕╨╡ "ffmpeg::events::impl::CreateRecorderEvent"
  
C:\Users\KusokMedi\Documents\GitHub\BetterShowcase\src\renderer\ffmpeg\events.hpp(135,21): error C2039: "post": ╨╜╨╡ ╤П╨▓╨╗╤П╨╡╤В╤Б╤П ╤З╨╗╨╡╨╜╨╛╨╝ "ffmpeg::events::impl::DeleteRecorderEvent". [C:\Users\KusokMedi\Documents\GitHub\BetterShowcase\build\xdBot2.vcxproj]
  (╨║╨╛╨╝╨┐╨╕╨╗╤П╤Ж╨╕╤П ╨╕╤Б╤Е╨╛╨┤╨╜╨╛╨│╨╛ ╤Д╨░╨╣╨╗╨░ "../src/hacks/show_trajectory.cpp")
      C:\Users\KusokMedi\Documents\GitHub\BetterShowcase\src\renderer\ffmpeg\events.hpp(20,11):
       ╤Б╨╝. ╨╛╨▒╤К╤П╨▓╨╗╨╡╨╜╨╕╨╡ "ffmpeg::events::impl::DeleteRecorderEvent"
  
C:\Users\KusokMedi\Documents\GitHub\BetterShowcase\src\renderer\ffmpeg\events.hpp(153,19): error C2039: "post": ╨╜╨╡ ╤П╨▓╨╗╤П╨╡╤В╤Б╤П ╤З╨╗╨╡╨╜╨╛╨╝ "ffmpeg::events::impl::InitRecorderEvent". [C:\Users\KusokMedi\Documents\GitHub\BetterShowcase\build\xdBot2.vcxproj]
  (╨║╨╛╨╝╨┐╨╕╨╗╤П╤Ж╨╕╤П ╨╕╤Б╤Е╨╛╨┤╨╜╨╛╨│╨╛ ╤Д╨░╨╣╨╗╨░ "../src/hacks/show_trajectory.cpp")
      C:\Users\KusokMedi\Documents\GitHub\BetterShowcase\src\renderer\ffmpeg\events.hpp(28,11):
       ╤Б╨╝. ╨╛╨▒╤К╤П╨▓╨╗╨╡╨╜╨╕╨╡ "ffmpeg::events::impl::InitRecorderEvent"
  
C:\Users\KusokMedi\Documents\GitHub\BetterShowcase\src\renderer\ffmpeg\events.hpp(163,40): error C2039: "post": ╨╜╨╡ ╤П╨▓╨╗╤П╨╡╤В╤Б╤П ╤З╨╗╨╡╨╜╨╛╨╝ "ffmpeg::events::impl::StopRecorderEvent". [C:\Users\KusokMedi\Documents\GitHub\BetterShowcase\build\xdBot2.vcxproj]
  (╨║╨╛╨╝╨┐╨╕╨╗╤П╤Ж╨╕╤П ╨╕╤Б╤Е╨╛╨┤╨╜╨╛╨│╨╛ ╤Д╨░╨╣╨╗╨░ "../src/hacks/show_trajectory.cpp")
      C:\Users\KusokMedi\Documents\GitHub\BetterShowcase\src\renderer\ffmpeg\events.hpp(48,11):
       ╤Б╨╝. ╨╛╨▒╤К╤П╨▓╨╗╨╡╨╜╨╕╨╡ "ffmpeg::events::impl::StopRecorderEvent"
  
C:\Users\KusokMedi\Documents\GitHub\BetterShowcase\src\renderer\ffmpeg\events.hpp(182,19): error C2039: "post": ╨╜╨╡ ╤П╨▓╨╗╤П╨╡╤В╤Б╤П ╤З╨╗╨╡╨╜╨╛╨╝ "ffmpeg::events::impl::GetWriteFrameFunctionEvent". [C:\Users\KusokMedi\Documents\GitHub\BetterShowcase\build\xdBot2.vcxproj]
  (╨║╨╛╨╝╨┐╨╕╨╗╤П╤Ж╨╕╤П ╨╕╤Б╤Е╨╛╨┤╨╜╨╛╨│╨╛ ╤Д╨░╨╣╨╗╨░ "../src/hacks/show_trajectory.cpp")
      C:\Users\KusokMedi\Documents\GitHub\BetterShowcase\src\renderer\ffmpeg\events.hpp(58,11):
       ╤Б╨╝. ╨╛╨▒╤К╤П╨▓╨╗╨╡╨╜╨╕╨╡ "ffmpeg::events::impl::GetWriteFrameFunctionEvent"
  
C:\Users\KusokMedi\Documents\GitHub\BetterShowcase\src\renderer\ffmpeg\events.hpp(199,20): error C2039: "post": ╨╜╨╡ ╤П╨▓╨╗╤П╨╡╤В╤Б╤П ╤З╨╗╨╡╨╜╨╛╨╝ "ffmpeg::events::impl::CodecRecorderEvent". [C:\Users\KusokMedi\Documents\GitHub\BetterShowcase\build\xdBot2.vcxproj]
  (╨║╨╛╨╝╨┐╨╕╨╗╤П╤Ж╨╕╤П ╨╕╤Б╤Е╨╛╨┤╨╜╨╛╨│╨╛ ╤Д╨░╨╣╨╗╨░ "../src/hacks/show_trajectory.cpp")
      C:\Users\KusokMedi\Documents\GitHub\BetterShowcase\src\renderer\ffmpeg\events.hpp(69,11):
       ╤Б╨╝. ╨╛╨▒╤К╤П╨▓╨╗╨╡╨╜╨╕╨╡ "ffmpeg::events::impl::CodecRecorderEvent"
  
C:\Users\KusokMedi\Documents\GitHub\BetterShowcase\src\renderer\ffmpeg\events.hpp(225,18): error C2039: "post": ╨╜╨╡ ╤П╨▓╨╗╤П╨╡╤В╤Б╤П ╤З╨╗╨╡╨╜╨╛╨╝ "ffmpeg::events::impl::MixVideoAudioEvent". [C:\Users\KusokMedi\Documents\GitHub\BetterShowcase\build\xdBot2.vcxproj]
  (╨║╨╛╨╝╨┐╨╕╨╗╤П╤Ж╨╕╤П ╨╕╤Б╤Е╨╛╨┤╨╜╨╛╨│╨╛ ╤Д╨░╨╣╨╗╨░ "../src/hacks/show_trajectory.cpp")
      C:\Users\KusokMedi\Documents\GitHub\BetterShowcase\src\renderer\ffmpeg\events.hpp(79,11):
       ╤Б╨╝. ╨╛╨▒╤К╤П╨▓╨╗╨╡╨╜╨╕╨╡ "ffmpeg::events::impl::MixVideoAudioEvent"
  
C:\Users\KusokMedi\Documents\GitHub\BetterShowcase\src\renderer\ffmpeg\events.hpp(244,18): error C2039: "post": ╨╜╨╡ ╤П╨▓╨╗╤П╨╡╤В╤Б╤П ╤З╨╗╨╡╨╜╨╛╨╝ "ffmpeg::events::impl::MixVideoRawEvent". [C:\Users\KusokMedi\Documents\GitHub\BetterShowcase\build\xdBot2.vcxproj]
  (╨║╨╛╨╝╨┐╨╕╨╗╤П╤Ж╨╕╤П ╨╕╤Б╤Е╨╛╨┤╨╜╨╛╨│╨╛ ╤Д╨░╨╣╨╗╨░ "../src/hacks/show_trajectory.cpp")
      C:\Users\KusokMedi\Documents\GitHub\BetterShowcase\src\renderer\ffmpeg\events.hpp(101,11):
       ╤Б╨╝. ╨╛╨▒╤К╤П╨▓╨╗╨╡╨╜╨╕╨╡ "ffmpeg::events::impl::MixVideoRawEvent"
  
C:\Users\KusokMedi\Documents\GitHub\BetterShowcase\src\includes.hpp(82,17): error C2059: ╤Б╨╕╨╜╤В╨░╨║╤Б╨╕╤З╨╡╤Б╨║╨░╤П ╨╛╤И╨╕╨▒╨║╨░: < [C:\Users\KusokMedi\Documents\GitHub\BetterShowcase\build\xdBot2.vcxproj]
  (╨║╨╛╨╝╨┐╨╕╨╗╤П╤Ж╨╕╤П ╨╕╤Б╤Е╨╛╨┤╨╜╨╛╨│╨╛ ╤Д╨░╨╣╨╗╨░ "../src/hacks/show_trajectory.cpp")
  
C:\Users\KusokMedi\Documents\GitHub\BetterShowcase\src\includes.hpp(82,36): error C2238: ╨╜╨╡╨┐╤А╨╡╨┤╨▓╨╕╨┤╨╡╨╜╨╜╤Л╨╡ ╨╗╨╡╨║╤Б╨╡╨╝╤Л ╨┐╨╡╤А╨╡╨┤ ";" [C:\Users\KusokMedi\Documents\GitHub\BetterShowcase\build\xdBot2.vcxproj]
  (╨║╨╛╨╝╨┐╨╕╨╗╤П╤Ж╨╕╤П ╨╕╤Б╤Е╨╛╨┤╨╜╨╛╨│╨╛ ╤Д╨░╨╣╨╗╨░ "../src/hacks/show_trajectory.cpp")
  
  coin_finder.cpp
C:\Users\KusokMedi\Documents\GitHub\BetterShowcase\src\renderer\ffmpeg\events.hpp(11,47): error C2955: "geode::Event": ╨┤╨╗╤П ╨╕╤Б╨┐╨╛╨╗╤М╨╖╨╛╨▓╨░╨╜╨╕╤П ╨║╨╗╨░╤Б╤Б ╤И╨░╨▒╨╗╨╛╨╜ ╤В╤А╨╡╨▒╤Г╨╡╤В╤Б╤П ╤Б╨┐╨╕╤Б╨╛╨║ ╨░╤А╨│╤Г╨╝╨╡╨╜╤В╨╛╨▓ ╤И╨░╨▒╨╗╨╛╨╜ [C:\Users\KusokMedi\Documents\GitHub\BetterShowcase\build\xdBot2.vcxproj]
  (╨║╨╛╨╝╨┐╨╕╨╗╤П╤Ж╨╕╤П ╨╕╤Б╤Е╨╛╨┤╨╜╨╛╨│╨╛ ╤Д╨░╨╣╨╗╨░ "../src/hacks/coin_finder.cpp")
      C:\Users\KusokMedi\Documents\Geode\loader\include\Geode\loader\Event.hpp(960,12):
       ╤Б╨╝. ╨╛╨▒╤К╤П╨▓╨╗╨╡╨╜╨╕╨╡ "geode::Event"
  
C:\Users\KusokMedi\Documents\GitHub\BetterShowcase\src\renderer\ffmpeg\events.hpp(20,47): error C2955: "geode::Event": ╨┤╨╗╤П ╨╕╤Б╨┐╨╛╨╗╤М╨╖╨╛╨▓╨░╨╜╨╕╤П ╨║╨╗╨░╤Б╤Б ╤И╨░╨▒╨╗╨╛╨╜ ╤В╤А╨╡╨▒╤Г╨╡╤В╤Б╤П ╤Б╨┐╨╕╤Б╨╛╨║ ╨░╤А╨│╤Г╨╝╨╡╨╜╤В╨╛╨▓ ╤И╨░╨▒╨╗╨╛╨╜ [C:\Users\KusokMedi\Documents\GitHub\BetterShowcase\build\xdBot2.vcxproj]
  (╨║╨╛╨╝╨┐╨╕╨╗╤П╤Ж╨╕╤П ╨╕╤Б╤Е╨╛╨┤╨╜╨╛╨│╨╛ ╤Д╨░╨╣╨╗╨░ "../src/hacks/coin_finder.cpp")
      C:\Users\KusokMedi\Documents\Geode\loader\include\Geode\loader\Event.hpp(960,12):
       ╤Б╨╝. ╨╛╨▒╤К╤П╨▓╨╗╨╡╨╜╨╕╨╡ "geode::Event"
  
C:\Users\KusokMedi\Documents\GitHub\BetterShowcase\src\renderer\ffmpeg\events.hpp(28,45): error C2955: "geode::Event": ╨┤╨╗╤П ╨╕╤Б╨┐╨╛╨╗╤М╨╖╨╛╨▓╨░╨╜╨╕╤П ╨║╨╗╨░╤Б╤Б ╤И╨░╨▒╨╗╨╛╨╜ ╤В╤А╨╡╨▒╤Г╨╡╤В╤Б╤П ╤Б╨┐╨╕╤Б╨╛╨║ ╨░╤А╨│╤Г╨╝╨╡╨╜╤В╨╛╨▓ ╤И╨░╨▒╨╗╨╛╨╜ [C:\Users\KusokMedi\Documents\GitHub\BetterShowcase\build\xdBot2.vcxproj]
  (╨║╨╛╨╝╨┐╨╕╨╗╤П╤Ж╨╕╤П ╨╕╤Б╤Е╨╛╨┤╨╜╨╛╨│╨╛ ╤Д╨░╨╣╨╗╨░ "../src/hacks/coin_finder.cpp")
      C:\Users\KusokMedi\Documents\Geode\loader\include\Geode\loader\Event.hpp(960,12):
       ╤Б╨╝. ╨╛╨▒╤К╤П╨▓╨╗╨╡╨╜╨╕╨╡ "geode::Event"
  
C:\Users\KusokMedi\Documents\GitHub\BetterShowcase\src\renderer\ffmpeg\events.hpp(48,45): error C2955: "geode::Event": ╨┤╨╗╤П ╨╕╤Б╨┐╨╛╨╗╤М╨╖╨╛╨▓╨░╨╜╨╕╤П ╨║╨╗╨░╤Б╤Б ╤И╨░╨▒╨╗╨╛╨╜ ╤В╤А╨╡╨▒╤Г╨╡╤В╤Б╤П ╤Б╨┐╨╕╤Б╨╛╨║ ╨░╤А╨│╤Г╨╝╨╡╨╜╤В╨╛╨▓ ╤И╨░╨▒╨╗╨╛╨╜ [C:\Users\KusokMedi\Documents\GitHub\BetterShowcase\build\xdBot2.vcxproj]
  (╨║╨╛╨╝╨┐╨╕╨╗╤П╤Ж╨╕╤П ╨╕╤Б╤Е╨╛╨┤╨╜╨╛╨│╨╛ ╤Д╨░╨╣╨╗╨░ "../src/hacks/coin_finder.cpp")
      C:\Users\KusokMedi\Documents\Geode\loader\include\Geode\loader\Event.hpp(960,12):
       ╤Б╨╝. ╨╛╨▒╤К╤П╨▓╨╗╨╡╨╜╨╕╨╡ "geode::Event"
  
C:\Users\KusokMedi\Documents\GitHub\BetterShowcase\src\renderer\ffmpeg\events.hpp(58,54): error C2955: "geode::Event": ╨┤╨╗╤П ╨╕╤Б╨┐╨╛╨╗╤М╨╖╨╛╨▓╨░╨╜╨╕╤П ╨║╨╗╨░╤Б╤Б ╤И╨░╨▒╨╗╨╛╨╜ ╤В╤А╨╡╨▒╤Г╨╡╤В╤Б╤П ╤Б╨┐╨╕╤Б╨╛╨║ ╨░╤А╨│╤Г╨╝╨╡╨╜╤В╨╛╨▓ ╤И╨░╨▒╨╗╨╛╨╜ [C:\Users\KusokMedi\Documents\GitHub\BetterShowcase\build\xdBot2.vcxproj]
  (╨║╨╛╨╝╨┐╨╕╨╗╤П╤Ж╨╕╤П ╨╕╤Б╤Е╨╛╨┤╨╜╨╛╨│╨╛ ╤Д╨░╨╣╨╗╨░ "../src/hacks/coin_finder.cpp")
      C:\Users\KusokMedi\Documents\Geode\loader\include\Geode\loader\Event.hpp(960,12):
       ╤Б╨╝. ╨╛╨▒╤К╤П╨▓╨╗╨╡╨╜╨╕╨╡ "geode::Event"
  
C:\Users\KusokMedi\Documents\GitHub\BetterShowcase\src\renderer\ffmpeg\events.hpp(69,46): error C2955: "geode::Event": ╨┤╨╗╤П ╨╕╤Б╨┐╨╛╨╗╤М╨╖╨╛╨▓╨░╨╜╨╕╤П ╨║╨╗╨░╤Б╤Б ╤И╨░╨▒╨╗╨╛╨╜ ╤В╤А╨╡╨▒╤Г╨╡╤В╤Б╤П ╤Б╨┐╨╕╤Б╨╛╨║ ╨░╤А╨│╤Г╨╝╨╡╨╜╤В╨╛╨▓ ╤И╨░╨▒╨╗╨╛╨╜ [C:\Users\KusokMedi\Documents\GitHub\BetterShowcase\build\xdBot2.vcxproj]
  (╨║╨╛╨╝╨┐╨╕╨╗╤П╤Ж╨╕╤П ╨╕╤Б╤Е╨╛╨┤╨╜╨╛╨│╨╛ ╤Д╨░╨╣╨╗╨░ "../src/hacks/coin_finder.cpp")
      C:\Users\KusokMedi\Documents\Geode\loader\include\Geode\loader\Event.hpp(960,12):
       ╤Б╨╝. ╨╛╨▒╤К╤П╨▓╨╗╨╡╨╜╨╕╨╡ "geode::Event"
  
C:\Users\KusokMedi\Documents\GitHub\BetterShowcase\src\renderer\ffmpeg\events.hpp(79,46): error C2955: "geode::Event": ╨┤╨╗╤П ╨╕╤Б╨┐╨╛╨╗╤М╨╖╨╛╨▓╨░╨╜╨╕╤П ╨║╨╗╨░╤Б╤Б ╤И╨░╨▒╨╗╨╛╨╜ ╤В╤А╨╡╨▒╤Г╨╡╤В╤Б╤П ╤Б╨┐╨╕╤Б╨╛╨║ ╨░╤А╨│╤Г╨╝╨╡╨╜╤В╨╛╨▓ ╤И╨░╨▒╨╗╨╛╨╜ [C:\Users\KusokMedi\Documents\GitHub\BetterShowcase\build\xdBot2.vcxproj]
  (╨║╨╛╨╝╨┐╨╕╨╗╤П╤Ж╨╕╤П ╨╕╤Б╤Е╨╛╨┤╨╜╨╛╨│╨╛ ╤Д╨░╨╣╨╗╨░ "../src/hacks/coin_finder.cpp")
      C:\Users\KusokMedi\Documents\Geode\loader\include\Geode\loader\Event.hpp(960,12):
       ╤Б╨╝. ╨╛╨▒╤К╤П╨▓╨╗╨╡╨╜╨╕╨╡ "geode::Event"
  
C:\Users\KusokMedi\Documents\GitHub\BetterShowcase\src\renderer\ffmpeg\events.hpp(101,44): error C2955: "geode::Event": ╨┤╨╗╤П ╨╕╤Б╨┐╨╛╨╗╤М╨╖╨╛╨▓╨░╨╜╨╕╤П ╨║╨╗╨░╤Б╤Б ╤И╨░╨▒╨╗╨╛╨╜ ╤В╤А╨╡╨▒╤Г╨╡╤В╤Б╤П ╤Б╨┐╨╕╤Б╨╛╨║ ╨░╤А╨│╤Г╨╝╨╡╨╜╤В╨╛╨▓ ╤И╨░╨▒╨╗╨╛╨╜ [C:\Users\KusokMedi\Documents\GitHub\BetterShowcase\build\xdBot2.vcxproj]
  (╨║╨╛╨╝╨┐╨╕╨╗╤П╤Ж╨╕╤П ╨╕╤Б╤Е╨╛╨┤╨╜╨╛╨│╨╛ ╤Д╨░╨╣╨╗╨░ "../src/hacks/coin_finder.cpp")
      C:\Users\KusokMedi\Documents\Geode\loader\include\Geode\loader\Event.hpp(960,12):
       ╤Б╨╝. ╨╛╨▒╤К╤П╨▓╨╗╨╡╨╜╨╕╨╡ "geode::Event"
  
C:\Users\KusokMedi\Documents\GitHub\BetterShowcase\src\renderer\ffmpeg\events.hpp(129,21): error C2039: "post": ╨╜╨╡ ╤П╨▓╨╗╤П╨╡╤В╤Б╤П ╤З╨╗╨╡╨╜╨╛╨╝ "ffmpeg::events::impl::CreateRecorderEvent". [C:\Users\KusokMedi\Documents\GitHub\BetterShowcase\build\xdBot2.vcxproj]
  (╨║╨╛╨╝╨┐╨╕╨╗╤П╤Ж╨╕╤П ╨╕╤Б╤Е╨╛╨┤╨╜╨╛╨│╨╛ ╤Д╨░╨╣╨╗╨░ "../src/hacks/coin_finder.cpp")
      C:\Users\KusokMedi\Documents\GitHub\BetterShowcase\src\renderer\ffmpeg\events.hpp(11,11):
       ╤Б╨╝. ╨╛╨▒╤К╤П╨▓╨╗╨╡╨╜╨╕╨╡ "ffmpeg::events::impl::CreateRecorderEvent"
  
C:\Users\KusokMedi\Documents\GitHub\BetterShowcase\src\renderer\ffmpeg\events.hpp(135,21): error C2039: "post": ╨╜╨╡ ╤П╨▓╨╗╤П╨╡╤В╤Б╤П ╤З╨╗╨╡╨╜╨╛╨╝ "ffmpeg::events::impl::DeleteRecorderEvent". [C:\Users\KusokMedi\Documents\GitHub\BetterShowcase\build\xdBot2.vcxproj]
  (╨║╨╛╨╝╨┐╨╕╨╗╤П╤Ж╨╕╤П ╨╕╤Б╤Е╨╛╨┤╨╜╨╛╨│╨╛ ╤Д╨░╨╣╨╗╨░ "../src/hacks/coin_finder.cpp")
      C:\Users\KusokMedi\Documents\GitHub\BetterShowcase\src\renderer\ffmpeg\events.hpp(20,11):
       ╤Б╨╝. ╨╛╨▒╤К╤П╨▓╨╗╨╡╨╜╨╕╨╡ "ffmpeg::events::impl::DeleteRecorderEvent"
  
C:\Users\KusokMedi\Documents\GitHub\BetterShowcase\src\renderer\ffmpeg\events.hpp(153,19): error C2039: "post": ╨╜╨╡ ╤П╨▓╨╗╤П╨╡╤В╤Б╤П ╤З╨╗╨╡╨╜╨╛╨╝ "ffmpeg::events::impl::InitRecorderEvent". [C:\Users\KusokMedi\Documents\GitHub\BetterShowcase\build\xdBot2.vcxproj]
  (╨║╨╛╨╝╨┐╨╕╨╗╤П╤Ж╨╕╤П ╨╕╤Б╤Е╨╛╨┤╨╜╨╛╨│╨╛ ╤Д╨░╨╣╨╗╨░ "../src/hacks/coin_finder.cpp")
      C:\Users\KusokMedi\Documents\GitHub\BetterShowcase\src\renderer\ffmpeg\events.hpp(28,11):
       ╤Б╨╝. ╨╛╨▒╤К╤П╨▓╨╗╨╡╨╜╨╕╨╡ "ffmpeg::events::impl::InitRecorderEvent"
  
C:\Users\KusokMedi\Documents\GitHub\BetterShowcase\src\renderer\ffmpeg\events.hpp(163,40): error C2039: "post": ╨╜╨╡ ╤П╨▓╨╗╤П╨╡╤В╤Б╤П ╤З╨╗╨╡╨╜╨╛╨╝ "ffmpeg::events::impl::StopRecorderEvent". [C:\Users\KusokMedi\Documents\GitHub\BetterShowcase\build\xdBot2.vcxproj]
  (╨║╨╛╨╝╨┐╨╕╨╗╤П╤Ж╨╕╤П ╨╕╤Б╤Е╨╛╨┤╨╜╨╛╨│╨╛ ╤Д╨░╨╣╨╗╨░ "../src/hacks/coin_finder.cpp")
      C:\Users\KusokMedi\Documents\GitHub\BetterShowcase\src\renderer\ffmpeg\events.hpp(48,11):
       ╤Б╨╝. ╨╛╨▒╤К╤П╨▓╨╗╨╡╨╜╨╕╨╡ "ffmpeg::events::impl::StopRecorderEvent"
  
C:\Users\KusokMedi\Documents\GitHub\BetterShowcase\src\renderer\ffmpeg\events.hpp(182,19): error C2039: "post": ╨╜╨╡ ╤П╨▓╨╗╤П╨╡╤В╤Б╤П ╤З╨╗╨╡╨╜╨╛╨╝ "ffmpeg::events::impl::GetWriteFrameFunctionEvent". [C:\Users\KusokMedi\Documents\GitHub\BetterShowcase\build\xdBot2.vcxproj]
  (╨║╨╛╨╝╨┐╨╕╨╗╤П╤Ж╨╕╤П ╨╕╤Б╤Е╨╛╨┤╨╜╨╛╨│╨╛ ╤Д╨░╨╣╨╗╨░ "../src/hacks/coin_finder.cpp")
      C:\Users\KusokMedi\Documents\GitHub\BetterShowcase\src\renderer\ffmpeg\events.hpp(58,11):
       ╤Б╨╝. ╨╛╨▒╤К╤П╨▓╨╗╨╡╨╜╨╕╨╡ "ffmpeg::events::impl::GetWriteFrameFunctionEvent"
  
C:\Users\KusokMedi\Documents\GitHub\BetterShowcase\src\renderer\ffmpeg\events.hpp(199,20): error C2039: "post": ╨╜╨╡ ╤П╨▓╨╗╤П╨╡╤В╤Б╤П ╤З╨╗╨╡╨╜╨╛╨╝ "ffmpeg::events::impl::CodecRecorderEvent". [C:\Users\KusokMedi\Documents\GitHub\BetterShowcase\build\xdBot2.vcxproj]
  (╨║╨╛╨╝╨┐╨╕╨╗╤П╤Ж╨╕╤П ╨╕╤Б╤Е╨╛╨┤╨╜╨╛╨│╨╛ ╤Д╨░╨╣╨╗╨░ "../src/hacks/coin_finder.cpp")
      C:\Users\KusokMedi\Documents\GitHub\BetterShowcase\src\renderer\ffmpeg\events.hpp(69,11):
       ╤Б╨╝. ╨╛╨▒╤К╤П╨▓╨╗╨╡╨╜╨╕╨╡ "ffmpeg::events::impl::CodecRecorderEvent"
  
C:\Users\KusokMedi\Documents\GitHub\BetterShowcase\src\renderer\ffmpeg\events.hpp(225,18): error C2039: "post": ╨╜╨╡ ╤П╨▓╨╗╤П╨╡╤В╤Б╤П ╤З╨╗╨╡╨╜╨╛╨╝ "ffmpeg::events::impl::MixVideoAudioEvent". [C:\Users\KusokMedi\Documents\GitHub\BetterShowcase\build\xdBot2.vcxproj]
  (╨║╨╛╨╝╨┐╨╕╨╗╤П╤Ж╨╕╤П ╨╕╤Б╤Е╨╛╨┤╨╜╨╛╨│╨╛ ╤Д╨░╨╣╨╗╨░ "../src/hacks/coin_finder.cpp")
      C:\Users\KusokMedi\Documents\GitHub\BetterShowcase\src\renderer\ffmpeg\events.hpp(79,11):
       ╤Б╨╝. ╨╛╨▒╤К╤П╨▓╨╗╨╡╨╜╨╕╨╡ "ffmpeg::events::impl::MixVideoAudioEvent"
  
C:\Users\KusokMedi\Documents\GitHub\BetterShowcase\src\renderer\ffmpeg\events.hpp(244,18): error C2039: "post": ╨╜╨╡ ╤П╨▓╨╗╤П╨╡╤В╤Б╤П ╤З╨╗╨╡╨╜╨╛╨╝ "ffmpeg::events::impl::MixVideoRawEvent". [C:\Users\KusokMedi\Documents\GitHub\BetterShowcase\build\xdBot2.vcxproj]
  (╨║╨╛╨╝╨┐╨╕╨╗╤П╤Ж╨╕╤П ╨╕╤Б╤Е╨╛╨┤╨╜╨╛╨│╨╛ ╤Д╨░╨╣╨╗╨░ "../src/hacks/coin_finder.cpp")
      C:\Users\KusokMedi\Documents\GitHub\BetterShowcase\src\renderer\ffmpeg\events.hpp(101,11):
       ╤Б╨╝. ╨╛╨▒╤К╤П╨▓╨╗╨╡╨╜╨╕╨╡ "ffmpeg::events::impl::MixVideoRawEvent"
  
C:\Users\KusokMedi\Documents\GitHub\BetterShowcase\src\includes.hpp(82,17): error C2059: ╤Б╨╕╨╜╤В╨░╨║╤Б╨╕╤З╨╡╤Б╨║╨░╤П ╨╛╤И╨╕╨▒╨║╨░: < [C:\Users\KusokMedi\Documents\GitHub\BetterShowcase\build\xdBot2.vcxproj]
  (╨║╨╛╨╝╨┐╨╕╨╗╤П╤Ж╨╕╤П ╨╕╤Б╤Е╨╛╨┤╨╜╨╛╨│╨╛ ╤Д╨░╨╣╨╗╨░ "../src/hacks/coin_finder.cpp")
  
C:\Users\KusokMedi\Documents\GitHub\BetterShowcase\src\includes.hpp(82,36): error C2238: ╨╜╨╡╨┐╤А╨╡╨┤╨▓╨╕╨┤╨╡╨╜╨╜╤Л╨╡ ╨╗╨╡╨║╤Б╨╡╨╝╤Л ╨┐╨╡╤А╨╡╨┤ ";" [C:\Users\KusokMedi\Documents\GitHub\BetterShowcase\build\xdBot2.vcxproj]
  (╨║╨╛╨╝╨┐╨╕╨╗╤П╤Ж╨╕╤П ╨╕╤Б╤Е╨╛╨┤╨╜╨╛╨│╨╛ ╤Д╨░╨╣╨╗╨░ "../src/hacks/coin_finder.cpp")
  
  clickbot.cpp
C:\Users\KusokMedi\Documents\GitHub\BetterShowcase\src\renderer\ffmpeg\events.hpp(11,47): error C2955: "geode::Event": ╨┤╨╗╤П ╨╕╤Б╨┐╨╛╨╗╤М╨╖╨╛╨▓╨░╨╜╨╕╤П ╨║╨╗╨░╤Б╤Б ╤И╨░╨▒╨╗╨╛╨╜ ╤В╤А╨╡╨▒╤Г╨╡╤В╤Б╤П ╤Б╨┐╨╕╤Б╨╛╨║ ╨░╤А╨│╤Г╨╝╨╡╨╜╤В╨╛╨▓ ╤И╨░╨▒╨╗╨╛╨╜ [C:\Users\KusokMedi\Documents\GitHub\BetterShowcase\build\xdBot2.vcxproj]
  (╨║╨╛╨╝╨┐╨╕╨╗╤П╤Ж╨╕╤П ╨╕╤Б╤Е╨╛╨┤╨╜╨╛╨│╨╛ ╤Д╨░╨╣╨╗╨░ "../src/hacks/clickbot.cpp")
      C:\Users\KusokMedi\Documents\Geode\loader\include\Geode\loader\Event.hpp(960,12):
       ╤Б╨╝. ╨╛╨▒╤К╤П╨▓╨╗╨╡╨╜╨╕╨╡ "geode::Event"
  
C:\Users\KusokMedi\Documents\GitHub\BetterShowcase\src\renderer\ffmpeg\events.hpp(20,47): error C2955: "geode::Event": ╨┤╨╗╤П ╨╕╤Б╨┐╨╛╨╗╤М╨╖╨╛╨▓╨░╨╜╨╕╤П ╨║╨╗╨░╤Б╤Б ╤И╨░╨▒╨╗╨╛╨╜ ╤В╤А╨╡╨▒╤Г╨╡╤В╤Б╤П ╤Б╨┐╨╕╤Б╨╛╨║ ╨░╤А╨│╤Г╨╝╨╡╨╜╤В╨╛╨▓ ╤И╨░╨▒╨╗╨╛╨╜ [C:\Users\KusokMedi\Documents\GitHub\BetterShowcase\build\xdBot2.vcxproj]
  (╨║╨╛╨╝╨┐╨╕╨╗╤П╤Ж╨╕╤П ╨╕╤Б╤Е╨╛╨┤╨╜╨╛╨│╨╛ ╤Д╨░╨╣╨╗╨░ "../src/hacks/clickbot.cpp")
      C:\Users\KusokMedi\Documents\Geode\loader\include\Geode\loader\Event.hpp(960,12):
       ╤Б╨╝. ╨╛╨▒╤К╤П╨▓╨╗╨╡╨╜╨╕╨╡ "geode::Event"
  
C:\Users\KusokMedi\Documents\GitHub\BetterShowcase\src\renderer\ffmpeg\events.hpp(28,45): error C2955: "geode::Event": ╨┤╨╗╤П ╨╕╤Б╨┐╨╛╨╗╤М╨╖╨╛╨▓╨░╨╜╨╕╤П ╨║╨╗╨░╤Б╤Б ╤И╨░╨▒╨╗╨╛╨╜ ╤В╤А╨╡╨▒╤Г╨╡╤В╤Б╤П ╤Б╨┐╨╕╤Б╨╛╨║ ╨░╤А╨│╤Г╨╝╨╡╨╜╤В╨╛╨▓ ╤И╨░╨▒╨╗╨╛╨╜ [C:\Users\KusokMedi\Documents\GitHub\BetterShowcase\build\xdBot2.vcxproj]
  (╨║╨╛╨╝╨┐╨╕╨╗╤П╤Ж╨╕╤П ╨╕╤Б╤Е╨╛╨┤╨╜╨╛╨│╨╛ ╤Д╨░╨╣╨╗╨░ "../src/hacks/clickbot.cpp")
      C:\Users\KusokMedi\Documents\Geode\loader\include\Geode\loader\Event.hpp(960,12):
       ╤Б╨╝. ╨╛╨▒╤К╤П╨▓╨╗╨╡╨╜╨╕╨╡ "geode::Event"
  
C:\Users\KusokMedi\Documents\GitHub\BetterShowcase\src\renderer\ffmpeg\events.hpp(48,45): error C2955: "geode::Event": ╨┤╨╗╤П ╨╕╤Б╨┐╨╛╨╗╤М╨╖╨╛╨▓╨░╨╜╨╕╤П ╨║╨╗╨░╤Б╤Б ╤И╨░╨▒╨╗╨╛╨╜ ╤В╤А╨╡╨▒╤Г╨╡╤В╤Б╤П ╤Б╨┐╨╕╤Б╨╛╨║ ╨░╤А╨│╤Г╨╝╨╡╨╜╤В╨╛╨▓ ╤И╨░╨▒╨╗╨╛╨╜ [C:\Users\KusokMedi\Documents\GitHub\BetterShowcase\build\xdBot2.vcxproj]
  (╨║╨╛╨╝╨┐╨╕╨╗╤П╤Ж╨╕╤П ╨╕╤Б╤Е╨╛╨┤╨╜╨╛╨│╨╛ ╤Д╨░╨╣╨╗╨░ "../src/hacks/clickbot.cpp")
      C:\Users\KusokMedi\Documents\Geode\loader\include\Geode\loader\Event.hpp(960,12):
       ╤Б╨╝. ╨╛╨▒╤К╤П╨▓╨╗╨╡╨╜╨╕╨╡ "geode::Event"
  
C:\Users\KusokMedi\Documents\GitHub\BetterShowcase\src\renderer\ffmpeg\events.hpp(58,54): error C2955: "geode::Event": ╨┤╨╗╤П ╨╕╤Б╨┐╨╛╨╗╤М╨╖╨╛╨▓╨░╨╜╨╕╤П ╨║╨╗╨░╤Б╤Б ╤И╨░╨▒╨╗╨╛╨╜ ╤В╤А╨╡╨▒╤Г╨╡╤В╤Б╤П ╤Б╨┐╨╕╤Б╨╛╨║ ╨░╤А╨│╤Г╨╝╨╡╨╜╤В╨╛╨▓ ╤И╨░╨▒╨╗╨╛╨╜ [C:\Users\KusokMedi\Documents\GitHub\BetterShowcase\build\xdBot2.vcxproj]
  (╨║╨╛╨╝╨┐╨╕╨╗╤П╤Ж╨╕╤П ╨╕╤Б╤Е╨╛╨┤╨╜╨╛╨│╨╛ ╤Д╨░╨╣╨╗╨░ "../src/hacks/clickbot.cpp")
      C:\Users\KusokMedi\Documents\Geode\loader\include\Geode\loader\Event.hpp(960,12):
       ╤Б╨╝. ╨╛╨▒╤К╤П╨▓╨╗╨╡╨╜╨╕╨╡ "geode::Event"
  
C:\Users\KusokMedi\Documents\GitHub\BetterShowcase\src\renderer\ffmpeg\events.hpp(69,46): error C2955: "geode::Event": ╨┤╨╗╤П ╨╕╤Б╨┐╨╛╨╗╤М╨╖╨╛╨▓╨░╨╜╨╕╤П ╨║╨╗╨░╤Б╤Б ╤И╨░╨▒╨╗╨╛╨╜ ╤В╤А╨╡╨▒╤Г╨╡╤В╤Б╤П ╤Б╨┐╨╕╤Б╨╛╨║ ╨░╤А╨│╤Г╨╝╨╡╨╜╤В╨╛╨▓ ╤И╨░╨▒╨╗╨╛╨╜ [C:\Users\KusokMedi\Documents\GitHub\BetterShowcase\build\xdBot2.vcxproj]
  (╨║╨╛╨╝╨┐╨╕╨╗╤П╤Ж╨╕╤П ╨╕╤Б╤Е╨╛╨┤╨╜╨╛╨│╨╛ ╤Д╨░╨╣╨╗╨░ "../src/hacks/clickbot.cpp")
      C:\Users\KusokMedi\Documents\Geode\loader\include\Geode\loader\Event.hpp(960,12):
       ╤Б╨╝. ╨╛╨▒╤К╤П╨▓╨╗╨╡╨╜╨╕╨╡ "geode::Event"
  
C:\Users\KusokMedi\Documents\GitHub\BetterShowcase\src\renderer\ffmpeg\events.hpp(79,46): error C2955: "geode::Event": ╨┤╨╗╤П ╨╕╤Б╨┐╨╛╨╗╤М╨╖╨╛╨▓╨░╨╜╨╕╤П ╨║╨╗╨░╤Б╤Б ╤И╨░╨▒╨╗╨╛╨╜ ╤В╤А╨╡╨▒╤Г╨╡╤В╤Б╤П ╤Б╨┐╨╕╤Б╨╛╨║ ╨░╤А╨│╤Г╨╝╨╡╨╜╤В╨╛╨▓ ╤И╨░╨▒╨╗╨╛╨╜ [C:\Users\KusokMedi\Documents\GitHub\BetterShowcase\build\xdBot2.vcxproj]
  (╨║╨╛╨╝╨┐╨╕╨╗╤П╤Ж╨╕╤П ╨╕╤Б╤Е╨╛╨┤╨╜╨╛╨│╨╛ ╤Д╨░╨╣╨╗╨░ "../src/hacks/clickbot.cpp")
      C:\Users\KusokMedi\Documents\Geode\loader\include\Geode\loader\Event.hpp(960,12):
       ╤Б╨╝. ╨╛╨▒╤К╤П╨▓╨╗╨╡╨╜╨╕╨╡ "geode::Event"
  
C:\Users\KusokMedi\Documents\GitHub\BetterShowcase\src\renderer\ffmpeg\events.hpp(101,44): error C2955: "geode::Event": ╨┤╨╗╤П ╨╕╤Б╨┐╨╛╨╗╤М╨╖╨╛╨▓╨░╨╜╨╕╤П ╨║╨╗╨░╤Б╤Б ╤И╨░╨▒╨╗╨╛╨╜ ╤В╤А╨╡╨▒╤Г╨╡╤В╤Б╤П ╤Б╨┐╨╕╤Б╨╛╨║ ╨░╤А╨│╤Г╨╝╨╡╨╜╤В╨╛╨▓ ╤И╨░╨▒╨╗╨╛╨╜ [C:\Users\KusokMedi\Documents\GitHub\BetterShowcase\build\xdBot2.vcxproj]
  (╨║╨╛╨╝╨┐╨╕╨╗╤П╤Ж╨╕╤П ╨╕╤Б╤Е╨╛╨┤╨╜╨╛╨│╨╛ ╤Д╨░╨╣╨╗╨░ "../src/hacks/clickbot.cpp")
      C:\Users\KusokMedi\Documents\Geode\loader\include\Geode\loader\Event.hpp(960,12):
       ╤Б╨╝. ╨╛╨▒╤К╤П╨▓╨╗╨╡╨╜╨╕╨╡ "geode::Event"
  
C:\Users\KusokMedi\Documents\GitHub\BetterShowcase\src\renderer\ffmpeg\events.hpp(129,21): error C2039: "post": ╨╜╨╡ ╤П╨▓╨╗╤П╨╡╤В╤Б╤П ╤З╨╗╨╡╨╜╨╛╨╝ "ffmpeg::events::impl::CreateRecorderEvent". [C:\Users\KusokMedi\Documents\GitHub\BetterShowcase\build\xdBot2.vcxproj]
  (╨║╨╛╨╝╨┐╨╕╨╗╤П╤Ж╨╕╤П ╨╕╤Б╤Е╨╛╨┤╨╜╨╛╨│╨╛ ╤Д╨░╨╣╨╗╨░ "../src/hacks/clickbot.cpp")
      C:\Users\KusokMedi\Documents\GitHub\BetterShowcase\src\renderer\ffmpeg\events.hpp(11,11):
       ╤Б╨╝. ╨╛╨▒╤К╤П╨▓╨╗╨╡╨╜╨╕╨╡ "ffmpeg::events::impl::CreateRecorderEvent"
  
C:\Users\KusokMedi\Documents\GitHub\BetterShowcase\src\renderer\ffmpeg\events.hpp(135,21): error C2039: "post": ╨╜╨╡ ╤П╨▓╨╗╤П╨╡╤В╤Б╤П ╤З╨╗╨╡╨╜╨╛╨╝ "ffmpeg::events::impl::DeleteRecorderEvent". [C:\Users\KusokMedi\Documents\GitHub\BetterShowcase\build\xdBot2.vcxproj]
  (╨║╨╛╨╝╨┐╨╕╨╗╤П╤Ж╨╕╤П ╨╕╤Б╤Е╨╛╨┤╨╜╨╛╨│╨╛ ╤Д╨░╨╣╨╗╨░ "../src/hacks/clickbot.cpp")
      C:\Users\KusokMedi\Documents\GitHub\BetterShowcase\src\renderer\ffmpeg\events.hpp(20,11):
       ╤Б╨╝. ╨╛╨▒╤К╤П╨▓╨╗╨╡╨╜╨╕╨╡ "ffmpeg::events::impl::DeleteRecorderEvent"
  
C:\Users\KusokMedi\Documents\GitHub\BetterShowcase\src\renderer\ffmpeg\events.hpp(153,19): error C2039: "post": ╨╜╨╡ ╤П╨▓╨╗╤П╨╡╤В╤Б╤П ╤З╨╗╨╡╨╜╨╛╨╝ "ffmpeg::events::impl::InitRecorderEvent". [C:\Users\KusokMedi\Documents\GitHub\BetterShowcase\build\xdBot2.vcxproj]
  (╨║╨╛╨╝╨┐╨╕╨╗╤П╤Ж╨╕╤П ╨╕╤Б╤Е╨╛╨┤╨╜╨╛╨│╨╛ ╤Д╨░╨╣╨╗╨░ "../src/hacks/clickbot.cpp")
      C:\Users\KusokMedi\Documents\GitHub\BetterShowcase\src\renderer\ffmpeg\events.hpp(28,11):
       ╤Б╨╝. ╨╛╨▒╤К╤П╨▓╨╗╨╡╨╜╨╕╨╡ "ffmpeg::events::impl::InitRecorderEvent"
  
C:\Users\KusokMedi\Documents\GitHub\BetterShowcase\src\renderer\ffmpeg\events.hpp(163,40): error C2039: "post": ╨╜╨╡ ╤П╨▓╨╗╤П╨╡╤В╤Б╤П ╤З╨╗╨╡╨╜╨╛╨╝ "ffmpeg::events::impl::StopRecorderEvent". [C:\Users\KusokMedi\Documents\GitHub\BetterShowcase\build\xdBot2.vcxproj]
  (╨║╨╛╨╝╨┐╨╕╨╗╤П╤Ж╨╕╤П ╨╕╤Б╤Е╨╛╨┤╨╜╨╛╨│╨╛ ╤Д╨░╨╣╨╗╨░ "../src/hacks/clickbot.cpp")
      C:\Users\KusokMedi\Documents\GitHub\BetterShowcase\src\renderer\ffmpeg\events.hpp(48,11):
       ╤Б╨╝. ╨╛╨▒╤К╤П╨▓╨╗╨╡╨╜╨╕╨╡ "ffmpeg::events::impl::StopRecorderEvent"
  
C:\Users\KusokMedi\Documents\GitHub\BetterShowcase\src\renderer\ffmpeg\events.hpp(182,19): error C2039: "post": ╨╜╨╡ ╤П╨▓╨╗╤П╨╡╤В╤Б╤П ╤З╨╗╨╡╨╜╨╛╨╝ "ffmpeg::events::impl::GetWriteFrameFunctionEvent". [C:\Users\KusokMedi\Documents\GitHub\BetterShowcase\build\xdBot2.vcxproj]
  (╨║╨╛╨╝╨┐╨╕╨╗╤П╤Ж╨╕╤П ╨╕╤Б╤Е╨╛╨┤╨╜╨╛╨│╨╛ ╤Д╨░╨╣╨╗╨░ "../src/hacks/clickbot.cpp")
      C:\Users\KusokMedi\Documents\GitHub\BetterShowcase\src\renderer\ffmpeg\events.hpp(58,11):
       ╤Б╨╝. ╨╛╨▒╤К╤П╨▓╨╗╨╡╨╜╨╕╨╡ "ffmpeg::events::impl::GetWriteFrameFunctionEvent"
  
C:\Users\KusokMedi\Documents\GitHub\BetterShowcase\src\renderer\ffmpeg\events.hpp(199,20): error C2039: "post": ╨╜╨╡ ╤П╨▓╨╗╤П╨╡╤В╤Б╤П ╤З╨╗╨╡╨╜╨╛╨╝ "ffmpeg::events::impl::CodecRecorderEvent". [C:\Users\KusokMedi\Documents\GitHub\BetterShowcase\build\xdBot2.vcxproj]
  (╨║╨╛╨╝╨┐╨╕╨╗╤П╤Ж╨╕╤П ╨╕╤Б╤Е╨╛╨┤╨╜╨╛╨│╨╛ ╤Д╨░╨╣╨╗╨░ "../src/hacks/clickbot.cpp")
      C:\Users\KusokMedi\Documents\GitHub\BetterShowcase\src\renderer\ffmpeg\events.hpp(69,11):
       ╤Б╨╝. ╨╛╨▒╤К╤П╨▓╨╗╨╡╨╜╨╕╨╡ "ffmpeg::events::impl::CodecRecorderEvent"
  
C:\Users\KusokMedi\Documents\GitHub\BetterShowcase\src\renderer\ffmpeg\events.hpp(225,18): error C2039: "post": ╨╜╨╡ ╤П╨▓╨╗╤П╨╡╤В╤Б╤П ╤З╨╗╨╡╨╜╨╛╨╝ "ffmpeg::events::impl::MixVideoAudioEvent". [C:\Users\KusokMedi\Documents\GitHub\BetterShowcase\build\xdBot2.vcxproj]
  (╨║╨╛╨╝╨┐╨╕╨╗╤П╤Ж╨╕╤П ╨╕╤Б╤Е╨╛╨┤╨╜╨╛╨│╨╛ ╤Д╨░╨╣╨╗╨░ "../src/hacks/clickbot.cpp")
      C:\Users\KusokMedi\Documents\GitHub\BetterShowcase\src\renderer\ffmpeg\events.hpp(79,11):
       ╤Б╨╝. ╨╛╨▒╤К╤П╨▓╨╗╨╡╨╜╨╕╨╡ "ffmpeg::events::impl::MixVideoAudioEvent"
  
C:\Users\KusokMedi\Documents\GitHub\BetterShowcase\src\renderer\ffmpeg\events.hpp(244,18): error C2039: "post": ╨╜╨╡ ╤П╨▓╨╗╤П╨╡╤В╤Б╤П ╤З╨╗╨╡╨╜╨╛╨╝ "ffmpeg::events::impl::MixVideoRawEvent". [C:\Users\KusokMedi\Documents\GitHub\BetterShowcase\build\xdBot2.vcxproj]
  (╨║╨╛╨╝╨┐╨╕╨╗╤П╤Ж╨╕╤П ╨╕╤Б╤Е╨╛╨┤╨╜╨╛╨│╨╛ ╤Д╨░╨╣╨╗╨░ "../src/hacks/clickbot.cpp")
      C:\Users\KusokMedi\Documents\GitHub\BetterShowcase\src\renderer\ffmpeg\events.hpp(101,11):
       ╤Б╨╝. ╨╛╨▒╤К╤П╨▓╨╗╨╡╨╜╨╕╨╡ "ffmpeg::events::impl::MixVideoRawEvent"
  
C:\Users\KusokMedi\Documents\GitHub\BetterShowcase\src\includes.hpp(82,17): error C2059: ╤Б╨╕╨╜╤В╨░╨║╤Б╨╕╤З╨╡╤Б╨║╨░╤П ╨╛╤И╨╕╨▒╨║╨░: < [C:\Users\KusokMedi\Documents\GitHub\BetterShowcase\build\xdBot2.vcxproj]
  (╨║╨╛╨╝╨┐╨╕╨╗╤П╤Ж╨╕╤П ╨╕╤Б╤Е╨╛╨┤╨╜╨╛╨│╨╛ ╤Д╨░╨╣╨╗╨░ "../src/hacks/clickbot.cpp")
  
C:\Users\KusokMedi\Documents\GitHub\BetterShowcase\src\includes.hpp(82,36): error C2238: ╨╜╨╡╨┐╤А╨╡╨┤╨▓╨╕╨┤╨╡╨╜╨╜╤Л╨╡ ╨╗╨╡╨║╤Б╨╡╨╝╤Л ╨┐╨╡╤А╨╡╨┤ ";" [C:\Users\KusokMedi\Documents\GitHub\BetterShowcase\build\xdBot2.vcxproj]
  (╨║╨╛╨╝╨┐╨╕╨╗╤П╤Ж╨╕╤П ╨╕╤Б╤Е╨╛╨┤╨╜╨╛╨│╨╛ ╤Д╨░╨╣╨╗╨░ "../src/hacks/clickbot.cpp")
  
  autoclicker.cpp
C:\Users\KusokMedi\Documents\GitHub\BetterShowcase\src\renderer\ffmpeg\events.hpp(11,47): error C2955: "geode::Event": ╨┤╨╗╤П ╨╕╤Б╨┐╨╛╨╗╤М╨╖╨╛╨▓╨░╨╜╨╕╤П ╨║╨╗╨░╤Б╤Б ╤И╨░╨▒╨╗╨╛╨╜ ╤В╤А╨╡╨▒╤Г╨╡╤В╤Б╤П ╤Б╨┐╨╕╤Б╨╛╨║ ╨░╤А╨│╤Г╨╝╨╡╨╜╤В╨╛╨▓ ╤И╨░╨▒╨╗╨╛╨╜ [C:\Users\KusokMedi\Documents\GitHub\BetterShowcase\build\xdBot2.vcxproj]
  (╨║╨╛╨╝╨┐╨╕╨╗╤П╤Ж╨╕╤П ╨╕╤Б╤Е╨╛╨┤╨╜╨╛╨│╨╛ ╤Д╨░╨╣╨╗╨░ "../src/hacks/autoclicker.cpp")
      C:\Users\KusokMedi\Documents\Geode\loader\include\Geode\loader\Event.hpp(960,12):
       ╤Б╨╝. ╨╛╨▒╤К╤П╨▓╨╗╨╡╨╜╨╕╨╡ "geode::Event"
  
C:\Users\KusokMedi\Documents\GitHub\BetterShowcase\src\renderer\ffmpeg\events.hpp(20,47): error C2955: "geode::Event": ╨┤╨╗╤П ╨╕╤Б╨┐╨╛╨╗╤М╨╖╨╛╨▓╨░╨╜╨╕╤П ╨║╨╗╨░╤Б╤Б ╤И╨░╨▒╨╗╨╛╨╜ ╤В╤А╨╡╨▒╤Г╨╡╤В╤Б╤П ╤Б╨┐╨╕╤Б╨╛╨║ ╨░╤А╨│╤Г╨╝╨╡╨╜╤В╨╛╨▓ ╤И╨░╨▒╨╗╨╛╨╜ [C:\Users\KusokMedi\Documents\GitHub\BetterShowcase\build\xdBot2.vcxproj]
  (╨║╨╛╨╝╨┐╨╕╨╗╤П╤Ж╨╕╤П ╨╕╤Б╤Е╨╛╨┤╨╜╨╛╨│╨╛ ╤Д╨░╨╣╨╗╨░ "../src/hacks/autoclicker.cpp")
      C:\Users\KusokMedi\Documents\Geode\loader\include\Geode\loader\Event.hpp(960,12):
       ╤Б╨╝. ╨╛╨▒╤К╤П╨▓╨╗╨╡╨╜╨╕╨╡ "geode::Event"
  
C:\Users\KusokMedi\Documents\GitHub\BetterShowcase\src\renderer\ffmpeg\events.hpp(28,45): error C2955: "geode::Event": ╨┤╨╗╤П ╨╕╤Б╨┐╨╛╨╗╤М╨╖╨╛╨▓╨░╨╜╨╕╤П ╨║╨╗╨░╤Б╤Б ╤И╨░╨▒╨╗╨╛╨╜ ╤В╤А╨╡╨▒╤Г╨╡╤В╤Б╤П ╤Б╨┐╨╕╤Б╨╛╨║ ╨░╤А╨│╤Г╨╝╨╡╨╜╤В╨╛╨▓ ╤И╨░╨▒╨╗╨╛╨╜ [C:\Users\KusokMedi\Documents\GitHub\BetterShowcase\build\xdBot2.vcxproj]
  (╨║╨╛╨╝╨┐╨╕╨╗╤П╤Ж╨╕╤П ╨╕╤Б╤Е╨╛╨┤╨╜╨╛╨│╨╛ ╤Д╨░╨╣╨╗╨░ "../src/hacks/autoclicker.cpp")
      C:\Users\KusokMedi\Documents\Geode\loader\include\Geode\loader\Event.hpp(960,12):
       ╤Б╨╝. ╨╛╨▒╤К╤П╨▓╨╗╨╡╨╜╨╕╨╡ "geode::Event"
  
C:\Users\KusokMedi\Documents\GitHub\BetterShowcase\src\renderer\ffmpeg\events.hpp(48,45): error C2955: "geode::Event": ╨┤╨╗╤П ╨╕╤Б╨┐╨╛╨╗╤М╨╖╨╛╨▓╨░╨╜╨╕╤П ╨║╨╗╨░╤Б╤Б ╤И╨░╨▒╨╗╨╛╨╜ ╤В╤А╨╡╨▒╤Г╨╡╤В╤Б╤П ╤Б╨┐╨╕╤Б╨╛╨║ ╨░╤А╨│╤Г╨╝╨╡╨╜╤В╨╛╨▓ ╤И╨░╨▒╨╗╨╛╨╜ [C:\Users\KusokMedi\Documents\GitHub\BetterShowcase\build\xdBot2.vcxproj]
  (╨║╨╛╨╝╨┐╨╕╨╗╤П╤Ж╨╕╤П ╨╕╤Б╤Е╨╛╨┤╨╜╨╛╨│╨╛ ╤Д╨░╨╣╨╗╨░ "../src/hacks/autoclicker.cpp")
      C:\Users\KusokMedi\Documents\Geode\loader\include\Geode\loader\Event.hpp(960,12):
       ╤Б╨╝. ╨╛╨▒╤К╤П╨▓╨╗╨╡╨╜╨╕╨╡ "geode::Event"
  
C:\Users\KusokMedi\Documents\GitHub\BetterShowcase\src\renderer\ffmpeg\events.hpp(58,54): error C2955: "geode::Event": ╨┤╨╗╤П ╨╕╤Б╨┐╨╛╨╗╤М╨╖╨╛╨▓╨░╨╜╨╕╤П ╨║╨╗╨░╤Б╤Б ╤И╨░╨▒╨╗╨╛╨╜ ╤В╤А╨╡╨▒╤Г╨╡╤В╤Б╤П ╤Б╨┐╨╕╤Б╨╛╨║ ╨░╤А╨│╤Г╨╝╨╡╨╜╤В╨╛╨▓ ╤И╨░╨▒╨╗╨╛╨╜ [C:\Users\KusokMedi\Documents\GitHub\BetterShowcase\build\xdBot2.vcxproj]
  (╨║╨╛╨╝╨┐╨╕╨╗╤П╤Ж╨╕╤П ╨╕╤Б╤Е╨╛╨┤╨╜╨╛╨│╨╛ ╤Д╨░╨╣╨╗╨░ "../src/hacks/autoclicker.cpp")
      C:\Users\KusokMedi\Documents\Geode\loader\include\Geode\loader\Event.hpp(960,12):
       ╤Б╨╝. ╨╛╨▒╤К╤П╨▓╨╗╨╡╨╜╨╕╨╡ "geode::Event"
  
C:\Users\KusokMedi\Documents\GitHub\BetterShowcase\src\renderer\ffmpeg\events.hpp(69,46): error C2955: "geode::Event": ╨┤╨╗╤П ╨╕╤Б╨┐╨╛╨╗╤М╨╖╨╛╨▓╨░╨╜╨╕╤П ╨║╨╗╨░╤Б╤Б ╤И╨░╨▒╨╗╨╛╨╜ ╤В╤А╨╡╨▒╤Г╨╡╤В╤Б╤П ╤Б╨┐╨╕╤Б╨╛╨║ ╨░╤А╨│╤Г╨╝╨╡╨╜╤В╨╛╨▓ ╤И╨░╨▒╨╗╨╛╨╜ [C:\Users\KusokMedi\Documents\GitHub\BetterShowcase\build\xdBot2.vcxproj]
  (╨║╨╛╨╝╨┐╨╕╨╗╤П╤Ж╨╕╤П ╨╕╤Б╤Е╨╛╨┤╨╜╨╛╨│╨╛ ╤Д╨░╨╣╨╗╨░ "../src/hacks/autoclicker.cpp")
      C:\Users\KusokMedi\Documents\Geode\loader\include\Geode\loader\Event.hpp(960,12):
       ╤Б╨╝. ╨╛╨▒╤К╤П╨▓╨╗╨╡╨╜╨╕╨╡ "geode::Event"
  
C:\Users\KusokMedi\Documents\GitHub\BetterShowcase\src\renderer\ffmpeg\events.hpp(79,46): error C2955: "geode::Event": ╨┤╨╗╤П ╨╕╤Б╨┐╨╛╨╗╤М╨╖╨╛╨▓╨░╨╜╨╕╤П ╨║╨╗╨░╤Б╤Б ╤И╨░╨▒╨╗╨╛╨╜ ╤В╤А╨╡╨▒╤Г╨╡╤В╤Б╤П ╤Б╨┐╨╕╤Б╨╛╨║ ╨░╤А╨│╤Г╨╝╨╡╨╜╤В╨╛╨▓ ╤И╨░╨▒╨╗╨╛╨╜ [C:\Users\KusokMedi\Documents\GitHub\BetterShowcase\build\xdBot2.vcxproj]
  (╨║╨╛╨╝╨┐╨╕╨╗╤П╤Ж╨╕╤П ╨╕╤Б╤Е╨╛╨┤╨╜╨╛╨│╨╛ ╤Д╨░╨╣╨╗╨░ "../src/hacks/autoclicker.cpp")
      C:\Users\KusokMedi\Documents\Geode\loader\include\Geode\loader\Event.hpp(960,12):
       ╤Б╨╝. ╨╛╨▒╤К╤П╨▓╨╗╨╡╨╜╨╕╨╡ "geode::Event"
  
C:\Users\KusokMedi\Documents\GitHub\BetterShowcase\src\renderer\ffmpeg\events.hpp(101,44): error C2955: "geode::Event": ╨┤╨╗╤П ╨╕╤Б╨┐╨╛╨╗╤М╨╖╨╛╨▓╨░╨╜╨╕╤П ╨║╨╗╨░╤Б╤Б ╤И╨░╨▒╨╗╨╛╨╜ ╤В╤А╨╡╨▒╤Г╨╡╤В╤Б╤П ╤Б╨┐╨╕╤Б╨╛╨║ ╨░╤А╨│╤Г╨╝╨╡╨╜╤В╨╛╨▓ ╤И╨░╨▒╨╗╨╛╨╜ [C:\Users\KusokMedi\Documents\GitHub\BetterShowcase\build\xdBot2.vcxproj]
  (╨║╨╛╨╝╨┐╨╕╨╗╤П╤Ж╨╕╤П ╨╕╤Б╤Е╨╛╨┤╨╜╨╛╨│╨╛ ╤Д╨░╨╣╨╗╨░ "../src/hacks/autoclicker.cpp")
      C:\Users\KusokMedi\Documents\Geode\loader\include\Geode\loader\Event.hpp(960,12):
       ╤Б╨╝. ╨╛╨▒╤К╤П╨▓╨╗╨╡╨╜╨╕╨╡ "geode::Event"
  
C:\Users\KusokMedi\Documents\GitHub\BetterShowcase\src\renderer\ffmpeg\events.hpp(129,21): error C2039: "post": ╨╜╨╡ ╤П╨▓╨╗╤П╨╡╤В╤Б╤П ╤З╨╗╨╡╨╜╨╛╨╝ "ffmpeg::events::impl::CreateRecorderEvent". [C:\Users\KusokMedi\Documents\GitHub\BetterShowcase\build\xdBot2.vcxproj]
  (╨║╨╛╨╝╨┐╨╕╨╗╤П╤Ж╨╕╤П ╨╕╤Б╤Е╨╛╨┤╨╜╨╛╨│╨╛ ╤Д╨░╨╣╨╗╨░ "../src/hacks/autoclicker.cpp")
      C:\Users\KusokMedi\Documents\GitHub\BetterShowcase\src\renderer\ffmpeg\events.hpp(11,11):
       ╤Б╨╝. ╨╛╨▒╤К╤П╨▓╨╗╨╡╨╜╨╕╨╡ "ffmpeg::events::impl::CreateRecorderEvent"
  
C:\Users\KusokMedi\Documents\GitHub\BetterShowcase\src\renderer\ffmpeg\events.hpp(135,21): error C2039: "post": ╨╜╨╡ ╤П╨▓╨╗╤П╨╡╤В╤Б╤П ╤З╨╗╨╡╨╜╨╛╨╝ "ffmpeg::events::impl::DeleteRecorderEvent". [C:\Users\KusokMedi\Documents\GitHub\BetterShowcase\build\xdBot2.vcxproj]
  (╨║╨╛╨╝╨┐╨╕╨╗╤П╤Ж╨╕╤П ╨╕╤Б╤Е╨╛╨┤╨╜╨╛╨│╨╛ ╤Д╨░╨╣╨╗╨░ "../src/hacks/autoclicker.cpp")
      C:\Users\KusokMedi\Documents\GitHub\BetterShowcase\src\renderer\ffmpeg\events.hpp(20,11):
       ╤Б╨╝. ╨╛╨▒╤К╤П╨▓╨╗╨╡╨╜╨╕╨╡ "ffmpeg::events::impl::DeleteRecorderEvent"
  
C:\Users\KusokMedi\Documents\GitHub\BetterShowcase\src\renderer\ffmpeg\events.hpp(153,19): error C2039: "post": ╨╜╨╡ ╤П╨▓╨╗╤П╨╡╤В╤Б╤П ╤З╨╗╨╡╨╜╨╛╨╝ "ffmpeg::events::impl::InitRecorderEvent". [C:\Users\KusokMedi\Documents\GitHub\BetterShowcase\build\xdBot2.vcxproj]
  (╨║╨╛╨╝╨┐╨╕╨╗╤П╤Ж╨╕╤П ╨╕╤Б╤Е╨╛╨┤╨╜╨╛╨│╨╛ ╤Д╨░╨╣╨╗╨░ "../src/hacks/autoclicker.cpp")
      C:\Users\KusokMedi\Documents\GitHub\BetterShowcase\src\renderer\ffmpeg\events.hpp(28,11):
       ╤Б╨╝. ╨╛╨▒╤К╤П╨▓╨╗╨╡╨╜╨╕╨╡ "ffmpeg::events::impl::InitRecorderEvent"
  
C:\Users\KusokMedi\Documents\GitHub\BetterShowcase\src\renderer\ffmpeg\events.hpp(163,40): error C2039: "post": ╨╜╨╡ ╤П╨▓╨╗╤П╨╡╤В╤Б╤П ╤З╨╗╨╡╨╜╨╛╨╝ "ffmpeg::events::impl::StopRecorderEvent". [C:\Users\KusokMedi\Documents\GitHub\BetterShowcase\build\xdBot2.vcxproj]
  (╨║╨╛╨╝╨┐╨╕╨╗╤П╤Ж╨╕╤П ╨╕╤Б╤Е╨╛╨┤╨╜╨╛╨│╨╛ ╤Д╨░╨╣╨╗╨░ "../src/hacks/autoclicker.cpp")
      C:\Users\KusokMedi\Documents\GitHub\BetterShowcase\src\renderer\ffmpeg\events.hpp(48,11):
       ╤Б╨╝. ╨╛╨▒╤К╤П╨▓╨╗╨╡╨╜╨╕╨╡ "ffmpeg::events::impl::StopRecorderEvent"
  
C:\Users\KusokMedi\Documents\GitHub\BetterShowcase\src\renderer\ffmpeg\events.hpp(182,19): error C2039: "post": ╨╜╨╡ ╤П╨▓╨╗╤П╨╡╤В╤Б╤П ╤З╨╗╨╡╨╜╨╛╨╝ "ffmpeg::events::impl::GetWriteFrameFunctionEvent". [C:\Users\KusokMedi\Documents\GitHub\BetterShowcase\build\xdBot2.vcxproj]
  (╨║╨╛╨╝╨┐╨╕╨╗╤П╤Ж╨╕╤П ╨╕╤Б╤Е╨╛╨┤╨╜╨╛╨│╨╛ ╤Д╨░╨╣╨╗╨░ "../src/hacks/autoclicker.cpp")
      C:\Users\KusokMedi\Documents\GitHub\BetterShowcase\src\renderer\ffmpeg\events.hpp(58,11):
       ╤Б╨╝. ╨╛╨▒╤К╤П╨▓╨╗╨╡╨╜╨╕╨╡ "ffmpeg::events::impl::GetWriteFrameFunctionEvent"
  
C:\Users\KusokMedi\Documents\GitHub\BetterShowcase\src\renderer\ffmpeg\events.hpp(199,20): error C2039: "post": ╨╜╨╡ ╤П╨▓╨╗╤П╨╡╤В╤Б╤П ╤З╨╗╨╡╨╜╨╛╨╝ "ffmpeg::events::impl::CodecRecorderEvent". [C:\Users\KusokMedi\Documents\GitHub\BetterShowcase\build\xdBot2.vcxproj]
  (╨║╨╛╨╝╨┐╨╕╨╗╤П╤Ж╨╕╤П ╨╕╤Б╤Е╨╛╨┤╨╜╨╛╨│╨╛ ╤Д╨░╨╣╨╗╨░ "../src/hacks/autoclicker.cpp")
      C:\Users\KusokMedi\Documents\GitHub\BetterShowcase\src\renderer\ffmpeg\events.hpp(69,11):
       ╤Б╨╝. ╨╛╨▒╤К╤П╨▓╨╗╨╡╨╜╨╕╨╡ "ffmpeg::events::impl::CodecRecorderEvent"
  
C:\Users\KusokMedi\Documents\GitHub\BetterShowcase\src\renderer\ffmpeg\events.hpp(225,18): error C2039: "post": ╨╜╨╡ ╤П╨▓╨╗╤П╨╡╤В╤Б╤П ╤З╨╗╨╡╨╜╨╛╨╝ "ffmpeg::events::impl::MixVideoAudioEvent". [C:\Users\KusokMedi\Documents\GitHub\BetterShowcase\build\xdBot2.vcxproj]
  (╨║╨╛╨╝╨┐╨╕╨╗╤П╤Ж╨╕╤П ╨╕╤Б╤Е╨╛╨┤╨╜╨╛╨│╨╛ ╤Д╨░╨╣╨╗╨░ "../src/hacks/autoclicker.cpp")
      C:\Users\KusokMedi\Documents\GitHub\BetterShowcase\src\renderer\ffmpeg\events.hpp(79,11):
       ╤Б╨╝. ╨╛╨▒╤К╤П╨▓╨╗╨╡╨╜╨╕╨╡ "ffmpeg::events::impl::MixVideoAudioEvent"
  
C:\Users\KusokMedi\Documents\GitHub\BetterShowcase\src\renderer\ffmpeg\events.hpp(244,18): error C2039: "post": ╨╜╨╡ ╤П╨▓╨╗╤П╨╡╤В╤Б╤П ╤З╨╗╨╡╨╜╨╛╨╝ "ffmpeg::events::impl::MixVideoRawEvent". [C:\Users\KusokMedi\Documents\GitHub\BetterShowcase\build\xdBot2.vcxproj]
  (╨║╨╛╨╝╨┐╨╕╨╗╤П╤Ж╨╕╤П ╨╕╤Б╤Е╨╛╨┤╨╜╨╛╨│╨╛ ╤Д╨░╨╣╨╗╨░ "../src/hacks/autoclicker.cpp")
      C:\Users\KusokMedi\Documents\GitHub\BetterShowcase\src\renderer\ffmpeg\events.hpp(101,11):
       ╤Б╨╝. ╨╛╨▒╤К╤П╨▓╨╗╨╡╨╜╨╕╨╡ "ffmpeg::events::impl::MixVideoRawEvent"
  
C:\Users\KusokMedi\Documents\GitHub\BetterShowcase\src\includes.hpp(82,17): error C2059: ╤Б╨╕╨╜╤В╨░╨║╤Б╨╕╤З╨╡╤Б╨║╨░╤П ╨╛╤И╨╕╨▒╨║╨░: < [C:\Users\KusokMedi\Documents\GitHub\BetterShowcase\build\xdBot2.vcxproj]
  (╨║╨╛╨╝╨┐╨╕╨╗╤П╤Ж╨╕╤П ╨╕╤Б╤Е╨╛╨┤╨╜╨╛╨│╨╛ ╤Д╨░╨╣╨╗╨░ "../src/hacks/autoclicker.cpp")
  
C:\Users\KusokMedi\Documents\GitHub\BetterShowcase\src\includes.hpp(82,36): error C2238: ╨╜╨╡╨┐╤А╨╡╨┤╨▓╨╕╨┤╨╡╨╜╨╜╤Л╨╡ ╨╗╨╡╨║╤Б╨╡╨╝╤Л ╨┐╨╡╤А╨╡╨┤ ";" [C:\Users\KusokMedi\Documents\GitHub\BetterShowcase\build\xdBot2.vcxproj]
  (╨║╨╛╨╝╨┐╨╕╨╗╤П╤Ж╨╕╤П ╨╕╤Б╤Е╨╛╨┤╨╜╨╛╨│╨╛ ╤Д╨░╨╣╨╗╨░ "../src/hacks/autoclicker.cpp")
  
C:\Users\KusokMedi\Documents\GitHub\BetterShowcase\src\hacks\autoclicker.cpp(15,26): error C2660: GJBaseGameLayer::processCommands: ╤Д╤Г╨╜╨║╤Ж╨╕╤П ╨╜╨╡ ╨┐╤А╨╕╨╜╨╕╨╝╨░╨╡╤В 1 ╨░╤А╨│╤Г╨╝╨╡╨╜╤В╨╛╨▓ [C:\Users\KusokMedi\Documents\GitHub\BetterShowcase\build\xdBot2.vcxproj]
  (╨║╨╛╨╝╨┐╨╕╨╗╤П╤Ж╨╕╤П ╨╕╤Б╤Е╨╛╨┤╨╜╨╛╨│╨╛ ╤Д╨░╨╣╨╗╨░ "../src/hacks/autoclicker.cpp")
      C:\Users\KusokMedi\Documents\GitHub\BetterShowcase\build\bindings\bindings\Geode\binding\GJBaseGameLayer.hpp(2378,10):
       ╤Б╨╝. ╨╛╨▒╤К╤П╨▓╨╗╨╡╨╜╨╕╨╡ "GJBaseGameLayer::processCommands"
      C:\Users\KusokMedi\Documents\GitHub\BetterShowcase\src\hacks\autoclicker.cpp(15,26):
      ╨┐╤А╨╕ ╨┐╨╛╨┐╤Л╤В╨║╨╡ ╤Б╨╛╨┐╨╛╤Б╤В╨░╨▓╨╕╤В╤М ╤Б╨┐╨╕╤Б╨╛╨║ ╨░╤А╨│╤Г╨╝╨╡╨╜╤В╨╛╨▓ "(float)"
  
  macro_editor.cpp
C:\Users\KusokMedi\Documents\GitHub\BetterShowcase\src\renderer\ffmpeg\events.hpp(11,47): error C2955: "geode::Event": ╨┤╨╗╤П ╨╕╤Б╨┐╨╛╨╗╤М╨╖╨╛╨▓╨░╨╜╨╕╤П ╨║╨╗╨░╤Б╤Б ╤И╨░╨▒╨╗╨╛╨╜ ╤В╤А╨╡╨▒╤Г╨╡╤В╤Б╤П ╤Б╨┐╨╕╤Б╨╛╨║ ╨░╤А╨│╤Г╨╝╨╡╨╜╤В╨╛╨▓ ╤И╨░╨▒╨╗╨╛╨╜ [C:\Users\KusokMedi\Documents\GitHub\BetterShowcase\build\xdBot2.vcxproj]
  (╨║╨╛╨╝╨┐╨╕╨╗╤П╤Ж╨╕╤П ╨╕╤Б╤Е╨╛╨┤╨╜╨╛╨│╨╛ ╤Д╨░╨╣╨╗╨░ "../src/ui/macro_editor.cpp")
      C:\Users\KusokMedi\Documents\Geode\loader\include\Geode\loader\Event.hpp(960,12):
       ╤Б╨╝. ╨╛╨▒╤К╤П╨▓╨╗╨╡╨╜╨╕╨╡ "geode::Event"
  
C:\Users\KusokMedi\Documents\GitHub\BetterShowcase\src\renderer\ffmpeg\events.hpp(20,47): error C2955: "geode::Event": ╨┤╨╗╤П ╨╕╤Б╨┐╨╛╨╗╤М╨╖╨╛╨▓╨░╨╜╨╕╤П ╨║╨╗╨░╤Б╤Б ╤И╨░╨▒╨╗╨╛╨╜ ╤В╤А╨╡╨▒╤Г╨╡╤В╤Б╤П ╤Б╨┐╨╕╤Б╨╛╨║ ╨░╤А╨│╤Г╨╝╨╡╨╜╤В╨╛╨▓ ╤И╨░╨▒╨╗╨╛╨╜ [C:\Users\KusokMedi\Documents\GitHub\BetterShowcase\build\xdBot2.vcxproj]
  (╨║╨╛╨╝╨┐╨╕╨╗╤П╤Ж╨╕╤П ╨╕╤Б╤Е╨╛╨┤╨╜╨╛╨│╨╛ ╤Д╨░╨╣╨╗╨░ "../src/ui/macro_editor.cpp")
      C:\Users\KusokMedi\Documents\Geode\loader\include\Geode\loader\Event.hpp(960,12):
       ╤Б╨╝. ╨╛╨▒╤К╤П╨▓╨╗╨╡╨╜╨╕╨╡ "geode::Event"
  
C:\Users\KusokMedi\Documents\GitHub\BetterShowcase\src\renderer\ffmpeg\events.hpp(28,45): error C2955: "geode::Event": ╨┤╨╗╤П ╨╕╤Б╨┐╨╛╨╗╤М╨╖╨╛╨▓╨░╨╜╨╕╤П ╨║╨╗╨░╤Б╤Б ╤И╨░╨▒╨╗╨╛╨╜ ╤В╤А╨╡╨▒╤Г╨╡╤В╤Б╤П ╤Б╨┐╨╕╤Б╨╛╨║ ╨░╤А╨│╤Г╨╝╨╡╨╜╤В╨╛╨▓ ╤И╨░╨▒╨╗╨╛╨╜ [C:\Users\KusokMedi\Documents\GitHub\BetterShowcase\build\xdBot2.vcxproj]
  (╨║╨╛╨╝╨┐╨╕╨╗╤П╤Ж╨╕╤П ╨╕╤Б╤Е╨╛╨┤╨╜╨╛╨│╨╛ ╤Д╨░╨╣╨╗╨░ "../src/ui/macro_editor.cpp")
      C:\Users\KusokMedi\Documents\Geode\loader\include\Geode\loader\Event.hpp(960,12):
       ╤Б╨╝. ╨╛╨▒╤К╤П╨▓╨╗╨╡╨╜╨╕╨╡ "geode::Event"
  
C:\Users\KusokMedi\Documents\GitHub\BetterShowcase\src\renderer\ffmpeg\events.hpp(48,45): error C2955: "geode::Event": ╨┤╨╗╤П ╨╕╤Б╨┐╨╛╨╗╤М╨╖╨╛╨▓╨░╨╜╨╕╤П ╨║╨╗╨░╤Б╤Б ╤И╨░╨▒╨╗╨╛╨╜ ╤В╤А╨╡╨▒╤Г╨╡╤В╤Б╤П ╤Б╨┐╨╕╤Б╨╛╨║ ╨░╤А╨│╤Г╨╝╨╡╨╜╤В╨╛╨▓ ╤И╨░╨▒╨╗╨╛╨╜ [C:\Users\KusokMedi\Documents\GitHub\BetterShowcase\build\xdBot2.vcxproj]
  (╨║╨╛╨╝╨┐╨╕╨╗╤П╤Ж╨╕╤П ╨╕╤Б╤Е╨╛╨┤╨╜╨╛╨│╨╛ ╤Д╨░╨╣╨╗╨░ "../src/ui/macro_editor.cpp")
      C:\Users\KusokMedi\Documents\Geode\loader\include\Geode\loader\Event.hpp(960,12):
       ╤Б╨╝. ╨╛╨▒╤К╤П╨▓╨╗╨╡╨╜╨╕╨╡ "geode::Event"
  
C:\Users\KusokMedi\Documents\GitHub\BetterShowcase\src\renderer\ffmpeg\events.hpp(58,54): error C2955: "geode::Event": ╨┤╨╗╤П ╨╕╤Б╨┐╨╛╨╗╤М╨╖╨╛╨▓╨░╨╜╨╕╤П ╨║╨╗╨░╤Б╤Б ╤И╨░╨▒╨╗╨╛╨╜ ╤В╤А╨╡╨▒╤Г╨╡╤В╤Б╤П ╤Б╨┐╨╕╤Б╨╛╨║ ╨░╤А╨│╤Г╨╝╨╡╨╜╤В╨╛╨▓ ╤И╨░╨▒╨╗╨╛╨╜ [C:\Users\KusokMedi\Documents\GitHub\BetterShowcase\build\xdBot2.vcxproj]
  (╨║╨╛╨╝╨┐╨╕╨╗╤П╤Ж╨╕╤П ╨╕╤Б╤Е╨╛╨┤╨╜╨╛╨│╨╛ ╤Д╨░╨╣╨╗╨░ "../src/ui/macro_editor.cpp")
      C:\Users\KusokMedi\Documents\Geode\loader\include\Geode\loader\Event.hpp(960,12):
       ╤Б╨╝. ╨╛╨▒╤К╤П╨▓╨╗╨╡╨╜╨╕╨╡ "geode::Event"
  
C:\Users\KusokMedi\Documents\GitHub\BetterShowcase\src\renderer\ffmpeg\events.hpp(69,46): error C2955: "geode::Event": ╨┤╨╗╤П ╨╕╤Б╨┐╨╛╨╗╤М╨╖╨╛╨▓╨░╨╜╨╕╤П ╨║╨╗╨░╤Б╤Б ╤И╨░╨▒╨╗╨╛╨╜ ╤В╤А╨╡╨▒╤Г╨╡╤В╤Б╤П ╤Б╨┐╨╕╤Б╨╛╨║ ╨░╤А╨│╤Г╨╝╨╡╨╜╤В╨╛╨▓ ╤И╨░╨▒╨╗╨╛╨╜ [C:\Users\KusokMedi\Documents\GitHub\BetterShowcase\build\xdBot2.vcxproj]
  (╨║╨╛╨╝╨┐╨╕╨╗╤П╤Ж╨╕╤П ╨╕╤Б╤Е╨╛╨┤╨╜╨╛╨│╨╛ ╤Д╨░╨╣╨╗╨░ "../src/ui/macro_editor.cpp")
      C:\Users\KusokMedi\Documents\Geode\loader\include\Geode\loader\Event.hpp(960,12):
       ╤Б╨╝. ╨╛╨▒╤К╤П╨▓╨╗╨╡╨╜╨╕╨╡ "geode::Event"
  
C:\Users\KusokMedi\Documents\GitHub\BetterShowcase\src\renderer\ffmpeg\events.hpp(79,46): error C2955: "geode::Event": ╨┤╨╗╤П ╨╕╤Б╨┐╨╛╨╗╤М╨╖╨╛╨▓╨░╨╜╨╕╤П ╨║╨╗╨░╤Б╤Б ╤И╨░╨▒╨╗╨╛╨╜ ╤В╤А╨╡╨▒╤Г╨╡╤В╤Б╤П ╤Б╨┐╨╕╤Б╨╛╨║ ╨░╤А╨│╤Г╨╝╨╡╨╜╤В╨╛╨▓ ╤И╨░╨▒╨╗╨╛╨╜ [C:\Users\KusokMedi\Documents\GitHub\BetterShowcase\build\xdBot2.vcxproj]
  (╨║╨╛╨╝╨┐╨╕╨╗╤П╤Ж╨╕╤П ╨╕╤Б╤Е╨╛╨┤╨╜╨╛╨│╨╛ ╤Д╨░╨╣╨╗╨░ "../src/ui/macro_editor.cpp")
      C:\Users\KusokMedi\Documents\Geode\loader\include\Geode\loader\Event.hpp(960,12):
       ╤Б╨╝. ╨╛╨▒╤К╤П╨▓╨╗╨╡╨╜╨╕╨╡ "geode::Event"
  
C:\Users\KusokMedi\Documents\GitHub\BetterShowcase\src\renderer\ffmpeg\events.hpp(101,44): error C2955: "geode::Event": ╨┤╨╗╤П ╨╕╤Б╨┐╨╛╨╗╤М╨╖╨╛╨▓╨░╨╜╨╕╤П ╨║╨╗╨░╤Б╤Б ╤И╨░╨▒╨╗╨╛╨╜ ╤В╤А╨╡╨▒╤Г╨╡╤В╤Б╤П ╤Б╨┐╨╕╤Б╨╛╨║ ╨░╤А╨│╤Г╨╝╨╡╨╜╤В╨╛╨▓ ╤И╨░╨▒╨╗╨╛╨╜ [C:\Users\KusokMedi\Documents\GitHub\BetterShowcase\build\xdBot2.vcxproj]
  (╨║╨╛╨╝╨┐╨╕╨╗╤П╤Ж╨╕╤П ╨╕╤Б╤Е╨╛╨┤╨╜╨╛╨│╨╛ ╤Д╨░╨╣╨╗╨░ "../src/ui/macro_editor.cpp")
      C:\Users\KusokMedi\Documents\Geode\loader\include\Geode\loader\Event.hpp(960,12):
       ╤Б╨╝. ╨╛╨▒╤К╤П╨▓╨╗╨╡╨╜╨╕╨╡ "geode::Event"
  
C:\Users\KusokMedi\Documents\GitHub\BetterShowcase\src\renderer\ffmpeg\events.hpp(129,21): error C2039: "post": ╨╜╨╡ ╤П╨▓╨╗╤П╨╡╤В╤Б╤П ╤З╨╗╨╡╨╜╨╛╨╝ "ffmpeg::events::impl::CreateRecorderEvent". [C:\Users\KusokMedi\Documents\GitHub\BetterShowcase\build\xdBot2.vcxproj]
  (╨║╨╛╨╝╨┐╨╕╨╗╤П╤Ж╨╕╤П ╨╕╤Б╤Е╨╛╨┤╨╜╨╛╨│╨╛ ╤Д╨░╨╣╨╗╨░ "../src/ui/macro_editor.cpp")
      C:\Users\KusokMedi\Documents\GitHub\BetterShowcase\src\renderer\ffmpeg\events.hpp(11,11):
       ╤Б╨╝. ╨╛╨▒╤К╤П╨▓╨╗╨╡╨╜╨╕╨╡ "ffmpeg::events::impl::CreateRecorderEvent"
  
C:\Users\KusokMedi\Documents\GitHub\BetterShowcase\src\renderer\ffmpeg\events.hpp(135,21): error C2039: "post": ╨╜╨╡ ╤П╨▓╨╗╤П╨╡╤В╤Б╤П ╤З╨╗╨╡╨╜╨╛╨╝ "ffmpeg::events::impl::DeleteRecorderEvent". [C:\Users\KusokMedi\Documents\GitHub\BetterShowcase\build\xdBot2.vcxproj]
  (╨║╨╛╨╝╨┐╨╕╨╗╤П╤Ж╨╕╤П ╨╕╤Б╤Е╨╛╨┤╨╜╨╛╨│╨╛ ╤Д╨░╨╣╨╗╨░ "../src/ui/macro_editor.cpp")
      C:\Users\KusokMedi\Documents\GitHub\BetterShowcase\src\renderer\ffmpeg\events.hpp(20,11):
       ╤Б╨╝. ╨╛╨▒╤К╤П╨▓╨╗╨╡╨╜╨╕╨╡ "ffmpeg::events::impl::DeleteRecorderEvent"
  
C:\Users\KusokMedi\Documents\GitHub\BetterShowcase\src\renderer\ffmpeg\events.hpp(153,19): error C2039: "post": ╨╜╨╡ ╤П╨▓╨╗╤П╨╡╤В╤Б╤П ╤З╨╗╨╡╨╜╨╛╨╝ "ffmpeg::events::impl::InitRecorderEvent". [C:\Users\KusokMedi\Documents\GitHub\BetterShowcase\build\xdBot2.vcxproj]
  (╨║╨╛╨╝╨┐╨╕╨╗╤П╤Ж╨╕╤П ╨╕╤Б╤Е╨╛╨┤╨╜╨╛╨│╨╛ ╤Д╨░╨╣╨╗╨░ "../src/ui/macro_editor.cpp")
      C:\Users\KusokMedi\Documents\GitHub\BetterShowcase\src\renderer\ffmpeg\events.hpp(28,11):
       ╤Б╨╝. ╨╛╨▒╤К╤П╨▓╨╗╨╡╨╜╨╕╨╡ "ffmpeg::events::impl::InitRecorderEvent"
  
C:\Users\KusokMedi\Documents\GitHub\BetterShowcase\src\renderer\ffmpeg\events.hpp(163,40): error C2039: "post": ╨╜╨╡ ╤П╨▓╨╗╤П╨╡╤В╤Б╤П ╤З╨╗╨╡╨╜╨╛╨╝ "ffmpeg::events::impl::StopRecorderEvent". [C:\Users\KusokMedi\Documents\GitHub\BetterShowcase\build\xdBot2.vcxproj]
  (╨║╨╛╨╝╨┐╨╕╨╗╤П╤Ж╨╕╤П ╨╕╤Б╤Е╨╛╨┤╨╜╨╛╨│╨╛ ╤Д╨░╨╣╨╗╨░ "../src/ui/macro_editor.cpp")
      C:\Users\KusokMedi\Documents\GitHub\BetterShowcase\src\renderer\ffmpeg\events.hpp(48,11):
       ╤Б╨╝. ╨╛╨▒╤К╤П╨▓╨╗╨╡╨╜╨╕╨╡ "ffmpeg::events::impl::StopRecorderEvent"
  
C:\Users\KusokMedi\Documents\GitHub\BetterShowcase\src\renderer\ffmpeg\events.hpp(182,19): error C2039: "post": ╨╜╨╡ ╤П╨▓╨╗╤П╨╡╤В╤Б╤П ╤З╨╗╨╡╨╜╨╛╨╝ "ffmpeg::events::impl::GetWriteFrameFunctionEvent". [C:\Users\KusokMedi\Documents\GitHub\BetterShowcase\build\xdBot2.vcxproj]
  (╨║╨╛╨╝╨┐╨╕╨╗╤П╤Ж╨╕╤П ╨╕╤Б╤Е╨╛╨┤╨╜╨╛╨│╨╛ ╤Д╨░╨╣╨╗╨░ "../src/ui/macro_editor.cpp")
      C:\Users\KusokMedi\Documents\GitHub\BetterShowcase\src\renderer\ffmpeg\events.hpp(58,11):
       ╤Б╨╝. ╨╛╨▒╤К╤П╨▓╨╗╨╡╨╜╨╕╨╡ "ffmpeg::events::impl::GetWriteFrameFunctionEvent"
  
C:\Users\KusokMedi\Documents\GitHub\BetterShowcase\src\renderer\ffmpeg\events.hpp(199,20): error C2039: "post": ╨╜╨╡ ╤П╨▓╨╗╤П╨╡╤В╤Б╤П ╤З╨╗╨╡╨╜╨╛╨╝ "ffmpeg::events::impl::CodecRecorderEvent". [C:\Users\KusokMedi\Documents\GitHub\BetterShowcase\build\xdBot2.vcxproj]
  (╨║╨╛╨╝╨┐╨╕╨╗╤П╤Ж╨╕╤П ╨╕╤Б╤Е╨╛╨┤╨╜╨╛╨│╨╛ ╤Д╨░╨╣╨╗╨░ "../src/ui/macro_editor.cpp")
      C:\Users\KusokMedi\Documents\GitHub\BetterShowcase\src\renderer\ffmpeg\events.hpp(69,11):
       ╤Б╨╝. ╨╛╨▒╤К╤П╨▓╨╗╨╡╨╜╨╕╨╡ "ffmpeg::events::impl::CodecRecorderEvent"
  
C:\Users\KusokMedi\Documents\GitHub\BetterShowcase\src\renderer\ffmpeg\events.hpp(225,18): error C2039: "post": ╨╜╨╡ ╤П╨▓╨╗╤П╨╡╤В╤Б╤П ╤З╨╗╨╡╨╜╨╛╨╝ "ffmpeg::events::impl::MixVideoAudioEvent". [C:\Users\KusokMedi\Documents\GitHub\BetterShowcase\build\xdBot2.vcxproj]
  (╨║╨╛╨╝╨┐╨╕╨╗╤П╤Ж╨╕╤П ╨╕╤Б╤Е╨╛╨┤╨╜╨╛╨│╨╛ ╤Д╨░╨╣╨╗╨░ "../src/ui/macro_editor.cpp")
      C:\Users\KusokMedi\Documents\GitHub\BetterShowcase\src\renderer\ffmpeg\events.hpp(79,11):
       ╤Б╨╝. ╨╛╨▒╤К╤П╨▓╨╗╨╡╨╜╨╕╨╡ "ffmpeg::events::impl::MixVideoAudioEvent"
  
C:\Users\KusokMedi\Documents\GitHub\BetterShowcase\src\renderer\ffmpeg\events.hpp(244,18): error C2039: "post": ╨╜╨╡ ╤П╨▓╨╗╤П╨╡╤В╤Б╤П ╤З╨╗╨╡╨╜╨╛╨╝ "ffmpeg::events::impl::MixVideoRawEvent". [C:\Users\KusokMedi\Documents\GitHub\BetterShowcase\build\xdBot2.vcxproj]
  (╨║╨╛╨╝╨┐╨╕╨╗╤П╤Ж╨╕╤П ╨╕╤Б╤Е╨╛╨┤╨╜╨╛╨│╨╛ ╤Д╨░╨╣╨╗╨░ "../src/ui/macro_editor.cpp")
      C:\Users\KusokMedi\Documents\GitHub\BetterShowcase\src\renderer\ffmpeg\events.hpp(101,11):
       ╤Б╨╝. ╨╛╨▒╤К╤П╨▓╨╗╨╡╨╜╨╕╨╡ "ffmpeg::events::impl::MixVideoRawEvent"
  
C:\Users\KusokMedi\Documents\GitHub\BetterShowcase\src\includes.hpp(82,17): error C2059: ╤Б╨╕╨╜╤В╨░╨║╤Б╨╕╤З╨╡╤Б╨║╨░╤П ╨╛╤И╨╕╨▒╨║╨░: < [C:\Users\KusokMedi\Documents\GitHub\BetterShowcase\build\xdBot2.vcxproj]
  (╨║╨╛╨╝╨┐╨╕╨╗╤П╤Ж╨╕╤П ╨╕╤Б╤Е╨╛╨┤╨╜╨╛╨│╨╛ ╤Д╨░╨╣╨╗╨░ "../src/ui/macro_editor.cpp")
  
C:\Users\KusokMedi\Documents\GitHub\BetterShowcase\src\includes.hpp(82,36): error C2238: ╨╜╨╡╨┐╤А╨╡╨┤╨▓╨╕╨┤╨╡╨╜╨╜╤Л╨╡ ╨╗╨╡╨║╤Б╨╡╨╝╤Л ╨┐╨╡╤А╨╡╨┤ ";" [C:\Users\KusokMedi\Documents\GitHub\BetterShowcase\build\xdBot2.vcxproj]
  (╨║╨╛╨╝╨┐╨╕╨╗╤П╤Ж╨╕╤П ╨╕╤Б╤Е╨╛╨┤╨╜╨╛╨│╨╛ ╤Д╨░╨╣╨╗╨░ "../src/ui/macro_editor.cpp")
  
C:\Users\KusokMedi\Documents\GitHub\BetterShowcase\src\ui\macro_editor.hpp(14,43): error C2143: ╤Б╨╕╨╜╤В╨░╨║╤Б╨╕╤З╨╡╤Б╨║╨░╤П ╨╛╤И╨╕╨▒╨║╨░: ╨╛╤В╤Б╤Г╤В╤Б╤В╨▓╨╕╨╡ "," ╨┐╨╡╤А╨╡╨┤ "<" [C:\Users\KusokMedi\Documents\GitHub\BetterShowcase\build\xdBot2.vcxproj]
  (╨║╨╛╨╝╨┐╨╕╨╗╤П╤Ж╨╕╤П ╨╕╤Б╤Е╨╛╨┤╨╜╨╛╨│╨╛ ╤Д╨░╨╣╨╗╨░ "../src/ui/macro_editor.cpp")
  
C:\Users\KusokMedi\Documents\GitHub\BetterShowcase\src\ui\macro_editor.hpp(26,10): error C3668: MacroEditLayer::textChanged: ╨╝╨╡╤В╨╛╨┤ ╤Б╨╛ ╤Б╨┐╨╡╤Ж╨╕╤Д╨╕╨║╨░╤В╨╛╤А╨╛╨╝ ╨┐╨╡╤А╨╡╨╛╨┐╤А╨╡╨┤╨╡╨╗╨╡╨╜╨╕╤П "override" ╨╜╨╡ ╨┐╨╡╤А╨╡╨╛╨┐╤А╨╡╨┤╨╡╨╗╤П╨╡╤В ╨║╨░╨║╨╕╨╡-╨╗╨╕╨▒╨╛ ╨╝╨╡╤В╨╛╨┤╤Л ╨▒╨░╨╖╨╛╨▓╨╛╨│╨╛ ╨║╨╗╨░╤Б╤Б╨░ [C:\Users\KusokMedi\Documents\GitHub\BetterShowcase\build\xdBot2.vcxproj]
  (╨║╨╛╨╝╨┐╨╕╨╗╤П╤Ж╨╕╤П ╨╕╤Б╤Е╨╛╨┤╨╜╨╛╨│╨╛ ╤Д╨░╨╣╨╗╨░ "../src/ui/macro_editor.cpp")
  
C:\Users\KusokMedi\Documents\GitHub\BetterShowcase\src\ui\macro_editor.hpp(32,5): error C2039: "initAnchored": ╨╜╨╡ ╤П╨▓╨╗╤П╨╡╤В╤Б╤П ╤З╨╗╨╡╨╜╨╛╨╝ "MacroEditLayer". [C:\Users\KusokMedi\Documents\GitHub\BetterShowcase\build\xdBot2.vcxproj]
  (╨║╨╛╨╝╨┐╨╕╨╗╤П╤Ж╨╕╤П ╨╕╤Б╤Е╨╛╨┤╨╜╨╛╨│╨╛ ╤Д╨░╨╣╨╗╨░ "../src/ui/macro_editor.cpp")
      C:\Users\KusokMedi\Documents\GitHub\BetterShowcase\src\ui\macro_editor.hpp(14,7):
       ╤Б╨╝. ╨╛╨▒╤К╤П╨▓╨╗╨╡╨╜╨╕╨╡ "MacroEditLayer"
  
C:\Users\KusokMedi\Documents\GitHub\BetterShowcase\src\ui\load_macro_layer.hpp(14,14): error C2059: ╤Б╨╕╨╜╤В╨░╨║╤Б╨╕╤З╨╡╤Б╨║╨░╤П ╨╛╤И╨╕╨▒╨║╨░: < [C:\Users\KusokMedi\Documents\GitHub\BetterShowcase\build\xdBot2.vcxproj]
  (╨║╨╛╨╝╨┐╨╕╨╗╤П╤Ж╨╕╤П ╨╕╤Б╤Е╨╛╨┤╨╜╨╛╨│╨╛ ╤Д╨░╨╣╨╗╨░ "../src/ui/macro_editor.cpp")
  
C:\Users\KusokMedi\Documents\GitHub\BetterShowcase\src\ui\load_macro_layer.hpp(14,37): error C2238: ╨╜╨╡╨┐╤А╨╡╨┤╨▓╨╕╨┤╨╡╨╜╨╜╤Л╨╡ ╨╗╨╡╨║╤Б╨╡╨╝╤Л ╨┐╨╡╤А╨╡╨┤ ";" [C:\Users\KusokMedi\Documents\GitHub\BetterShowcase\build\xdBot2.vcxproj]
  (╨║╨╛╨╝╨┐╨╕╨╗╤П╤Ж╨╕╤П ╨╕╤Б╤Е╨╛╨┤╨╜╨╛╨│╨╛ ╤Д╨░╨╣╨╗╨░ "../src/ui/macro_editor.cpp")
  
C:\Users\KusokMedi\Documents\GitHub\BetterShowcase\src\ui\load_macro_layer.hpp(15,14): error C2059: ╤Б╨╕╨╜╤В╨░╨║╤Б╨╕╤З╨╡╤Б╨║╨░╤П ╨╛╤И╨╕╨▒╨║╨░: < [C:\Users\KusokMedi\Documents\GitHub\BetterShowcase\build\xdBot2.vcxproj]
  (╨║╨╛╨╝╨┐╨╕╨╗╤П╤Ж╨╕╤П ╨╕╤Б╤Е╨╛╨┤╨╜╨╛╨│╨╛ ╤Д╨░╨╣╨╗╨░ "../src/ui/macro_editor.cpp")
  
C:\Users\KusokMedi\Documents\GitHub\BetterShowcase\src\ui\load_macro_layer.hpp(15,38): error C2238: ╨╜╨╡╨┐╤А╨╡╨┤╨▓╨╕╨┤╨╡╨╜╨╜╤Л╨╡ ╨╗╨╡╨║╤Б╨╡╨╝╤Л ╨┐╨╡╤А╨╡╨┤ ";" [C:\Users\KusokMedi\Documents\GitHub\BetterShowcase\build\xdBot2.vcxproj]
  (╨║╨╛╨╝╨┐╨╕╨╗╤П╤Ж╨╕╤П ╨╕╤Б╤Е╨╛╨┤╨╜╨╛╨│╨╛ ╤Д╨░╨╣╨╗╨░ "../src/ui/macro_editor.cpp")
  
C:\Users\KusokMedi\Documents\GitHub\BetterShowcase\src\ui\load_macro_layer.hpp(25,103): error C2143: ╤Б╨╕╨╜╤В╨░╨║╤Б╨╕╤З╨╡╤Б╨║╨░╤П ╨╛╤И╨╕╨▒╨║╨░: ╨╛╤В╤Б╤Г╤В╤Б╤В╨▓╨╕╨╡ ")" ╨┐╨╡╤А╨╡╨┤ "<" [C:\Users\KusokMedi\Documents\GitHub\BetterShowcase\build\xdBot2.vcxproj]
  (╨║╨╛╨╝╨┐╨╕╨╗╤П╤Ж╨╕╤П ╨╕╤Б╤Е╨╛╨┤╨╜╨╛╨│╨╛ ╤Д╨░╨╣╨╗╨░ "../src/ui/macro_editor.cpp")
  
C:\Users\KusokMedi\Documents\GitHub\BetterShowcase\src\ui\load_macro_layer.hpp(25,103): error C2143: ╤Б╨╕╨╜╤В╨░╨║╤Б╨╕╤З╨╡╤Б╨║╨░╤П ╨╛╤И╨╕╨▒╨║╨░: ╨╛╤В╤Б╤Г╤В╤Б╤В╨▓╨╕╨╡ ";" ╨┐╨╡╤А╨╡╨┤ "<" [C:\Users\KusokMedi\Documents\GitHub\BetterShowcase\build\xdBot2.vcxproj]
  (╨║╨╛╨╝╨┐╨╕╨╗╤П╤Ж╨╕╤П ╨╕╤Б╤Е╨╛╨┤╨╜╨╛╨│╨╛ ╤Д╨░╨╣╨╗╨░ "../src/ui/macro_editor.cpp")
  
C:\Users\KusokMedi\Documents\GitHub\BetterShowcase\src\ui\load_macro_layer.hpp(25,103): error C2059: ╤Б╨╕╨╜╤В╨░╨║╤Б╨╕╤З╨╡╤Б╨║╨░╤П ╨╛╤И╨╕╨▒╨║╨░: < [C:\Users\KusokMedi\Documents\GitHub\BetterShowcase\build\xdBot2.vcxproj]
  (╨║╨╛╨╝╨┐╨╕╨╗╤П╤Ж╨╕╤П ╨╕╤Б╤Е╨╛╨┤╨╜╨╛╨│╨╛ ╤Д╨░╨╣╨╗╨░ "../src/ui/macro_editor.cpp")
  
C:\Users\KusokMedi\Documents\GitHub\BetterShowcase\src\ui\load_macro_layer.hpp(25,164): error C2059: ╤Б╨╕╨╜╤В╨░╨║╤Б╨╕╤З╨╡╤Б╨║╨░╤П ╨╛╤И╨╕╨▒╨║╨░: ) [C:\Users\KusokMedi\Documents\GitHub\BetterShowcase\build\xdBot2.vcxproj]
  (╨║╨╛╨╝╨┐╨╕╨╗╤П╤Ж╨╕╤П ╨╕╤Б╤Е╨╛╨┤╨╜╨╛╨│╨╛ ╤Д╨░╨╣╨╗╨░ "../src/ui/macro_editor.cpp")
  
C:\Users\KusokMedi\Documents\GitHub\BetterShowcase\src\ui\load_macro_layer.hpp(25,165): error C2238: ╨╜╨╡╨┐╤А╨╡╨┤╨▓╨╕╨┤╨╡╨╜╨╜╤Л╨╡ ╨╗╨╡╨║╤Б╨╡╨╝╤Л ╨┐╨╡╤А╨╡╨┤ ";" [C:\Users\KusokMedi\Documents\GitHub\BetterShowcase\build\xdBot2.vcxproj]
  (╨║╨╛╨╝╨┐╨╕╨╗╤П╤Ж╨╕╤П ╨╕╤Б╤Е╨╛╨┤╨╜╨╛╨│╨╛ ╤Д╨░╨╣╨╗╨░ "../src/ui/macro_editor.cpp")
  
C:\Users\KusokMedi\Documents\GitHub\BetterShowcase\src\ui\load_macro_layer.hpp(27,88): error C2143: ╤Б╨╕╨╜╤В╨░╨║╤Б╨╕╤З╨╡╤Б╨║╨░╤П ╨╛╤И╨╕╨▒╨║╨░: ╨╛╤В╤Б╤Г╤В╤Б╤В╨▓╨╕╨╡ ")" ╨┐╨╡╤А╨╡╨┤ "<" [C:\Users\KusokMedi\Documents\GitHub\BetterShowcase\build\xdBot2.vcxproj]
  (╨║╨╛╨╝╨┐╨╕╨╗╤П╤Ж╨╕╤П ╨╕╤Б╤Е╨╛╨┤╨╜╨╛╨│╨╛ ╤Д╨░╨╣╨╗╨░ "../src/ui/macro_editor.cpp")
  
C:\Users\KusokMedi\Documents\GitHub\BetterShowcase\src\ui\load_macro_layer.hpp(27,88): error C2143: ╤Б╨╕╨╜╤В╨░╨║╤Б╨╕╤З╨╡╤Б╨║╨░╤П ╨╛╤И╨╕╨▒╨║╨░: ╨╛╤В╤Б╤Г╤В╤Б╤В╨▓╨╕╨╡ ";" ╨┐╨╡╤А╨╡╨┤ "<" [C:\Users\KusokMedi\Documents\GitHub\BetterShowcase\build\xdBot2.vcxproj]
  (╨║╨╛╨╝╨┐╨╕╨╗╤П╤Ж╨╕╤П ╨╕╤Б╤Е╨╛╨┤╨╜╨╛╨│╨╛ ╤Д╨░╨╣╨╗╨░ "../src/ui/macro_editor.cpp")
  
C:\Users\KusokMedi\Documents\GitHub\BetterShowcase\src\ui\load_macro_layer.hpp(27,88): error C2059: ╤Б╨╕╨╜╤В╨░╨║╤Б╨╕╤З╨╡╤Б╨║╨░╤П ╨╛╤И╨╕╨▒╨║╨░: < [C:\Users\KusokMedi\Documents\GitHub\BetterShowcase\build\xdBot2.vcxproj]
  (╨║╨╛╨╝╨┐╨╕╨╗╤П╤Ж╨╕╤П ╨╕╤Б╤Е╨╛╨┤╨╜╨╛╨│╨╛ ╤Д╨░╨╣╨╗╨░ "../src/ui/macro_editor.cpp")
  
C:\Users\KusokMedi\Documents\GitHub\BetterShowcase\src\ui\load_macro_layer.hpp(27,149): error C2059: ╤Б╨╕╨╜╤В╨░╨║╤Б╨╕╤З╨╡╤Б╨║╨░╤П ╨╛╤И╨╕╨▒╨║╨░: ) [C:\Users\KusokMedi\Documents\GitHub\BetterShowcase\build\xdBot2.vcxproj]
  (╨║╨╛╨╝╨┐╨╕╨╗╤П╤Ж╨╕╤П ╨╕╤Б╤Е╨╛╨┤╨╜╨╛╨│╨╛ ╤Д╨░╨╣╨╗╨░ "../src/ui/macro_editor.cpp")
  
C:\Users\KusokMedi\Documents\GitHub\BetterShowcase\src\ui\load_macro_layer.hpp(27,150): error C2238: ╨╜╨╡╨┐╤А╨╡╨┤╨▓╨╕╨┤╨╡╨╜╨╜╤Л╨╡ ╨╗╨╡╨║╤Б╨╡╨╝╤Л ╨┐╨╡╤А╨╡╨┤ ";" [C:\Users\KusokMedi\Documents\GitHub\BetterShowcase\build\xdBot2.vcxproj]
  (╨║╨╛╨╝╨┐╨╕╨╗╤П╤Ж╨╕╤П ╨╕╤Б╤Е╨╛╨┤╨╜╨╛╨│╨╛ ╤Д╨░╨╣╨╗╨░ "../src/ui/macro_editor.cpp")
  
C:\Users\KusokMedi\Documents\GitHub\BetterShowcase\src\ui\load_macro_layer.hpp(42,43): error C2143: ╤Б╨╕╨╜╤В╨░╨║╤Б╨╕╤З╨╡╤Б╨║╨░╤П ╨╛╤И╨╕╨▒╨║╨░: ╨╛╤В╤Б╤Г╤В╤Б╤В╨▓╨╕╨╡ "," ╨┐╨╡╤А╨╡╨┤ "<" [C:\Users\KusokMedi\Documents\GitHub\BetterShowcase\build\xdBot2.vcxproj]
  (╨║╨╛╨╝╨┐╨╕╨╗╤П╤Ж╨╕╤П ╨╕╤Б╤Е╨╛╨┤╨╜╨╛╨│╨╛ ╤Д╨░╨╣╨╗╨░ "../src/ui/macro_editor.cpp")
  
C:\Users\KusokMedi\Documents\GitHub\BetterShowcase\src\ui\load_macro_layer.hpp(45,14): error C2059: ╤Б╨╕╨╜╤В╨░╨║╤Б╨╕╤З╨╡╤Б╨║╨░╤П ╨╛╤И╨╕╨▒╨║╨░: < [C:\Users\KusokMedi\Documents\GitHub\BetterShowcase\build\xdBot2.vcxproj]
  (╨║╨╛╨╝╨┐╨╕╨╗╤П╤Ж╨╕╤П ╨╕╤Б╤Е╨╛╨┤╨╜╨╛╨│╨╛ ╤Д╨░╨╣╨╗╨░ "../src/ui/macro_editor.cpp")
  
C:\Users\KusokMedi\Documents\GitHub\BetterShowcase\src\ui\load_macro_layer.hpp(45,37): error C2238: ╨╜╨╡╨┐╤А╨╡╨┤╨▓╨╕╨┤╨╡╨╜╨╜╤Л╨╡ ╨╗╨╡╨║╤Б╨╡╨╝╤Л ╨┐╨╡╤А╨╡╨┤ ";" [C:\Users\KusokMedi\Documents\GitHub\BetterShowcase\build\xdBot2.vcxproj]
  (╨║╨╛╨╝╨┐╨╕╨╗╤П╤Ж╨╕╤П ╨╕╤Б╤Е╨╛╨┤╨╜╨╛╨│╨╛ ╤Д╨░╨╣╨╗╨░ "../src/ui/macro_editor.cpp")
  
C:\Users\KusokMedi\Documents\GitHub\BetterShowcase\src\ui\load_macro_layer.hpp(46,14): error C2059: ╤Б╨╕╨╜╤В╨░╨║╤Б╨╕╤З╨╡╤Б╨║╨░╤П ╨╛╤И╨╕╨▒╨║╨░: < [C:\Users\KusokMedi\Documents\GitHub\BetterShowcase\build\xdBot2.vcxproj]
  (╨║╨╛╨╝╨┐╨╕╨╗╤П╤Ж╨╕╤П ╨╕╤Б╤Е╨╛╨┤╨╜╨╛╨│╨╛ ╤Д╨░╨╣╨╗╨░ "../src/ui/macro_editor.cpp")
  
C:\Users\KusokMedi\Documents\GitHub\BetterShowcase\src\ui\load_macro_layer.hpp(46,38): error C2238: ╨╜╨╡╨┐╤А╨╡╨┤╨▓╨╕╨┤╨╡╨╜╨╜╤Л╨╡ ╨╗╨╡╨║╤Б╨╡╨╝╤Л ╨┐╨╡╤А╨╡╨┤ ";" [C:\Users\KusokMedi\Documents\GitHub\BetterShowcase\build\xdBot2.vcxproj]
  (╨║╨╛╨╝╨┐╨╕╨╗╤П╤Ж╨╕╤П ╨╕╤Б╤Е╨╛╨┤╨╜╨╛╨│╨╛ ╤Д╨░╨╣╨╗╨░ "../src/ui/macro_editor.cpp")
  
C:\Users\KusokMedi\Documents\GitHub\BetterShowcase\src\ui\load_macro_layer.hpp(69,44): error C2143: ╤Б╨╕╨╜╤В╨░╨║╤Б╨╕╤З╨╡╤Б╨║╨░╤П ╨╛╤И╨╕╨▒╨║╨░: ╨╛╤В╤Б╤Г╤В╤Б╤В╨▓╨╕╨╡ ")" ╨┐╨╡╤А╨╡╨┤ "<" [C:\Users\KusokMedi\Documents\GitHub\BetterShowcase\build\xdBot2.vcxproj]
  (╨║╨╛╨╝╨┐╨╕╨╗╤П╤Ж╨╕╤П ╨╕╤Б╤Е╨╛╨┤╨╜╨╛╨│╨╛ ╤Д╨░╨╣╨╗╨░ "../src/ui/macro_editor.cpp")
  
C:\Users\KusokMedi\Documents\GitHub\BetterShowcase\src\ui\load_macro_layer.hpp(69,44): error C2143: ╤Б╨╕╨╜╤В╨░╨║╤Б╨╕╤З╨╡╤Б╨║╨░╤П ╨╛╤И╨╕╨▒╨║╨░: ╨╛╤В╤Б╤Г╤В╤Б╤В╨▓╨╕╨╡ ";" ╨┐╨╡╤А╨╡╨┤ "<" [C:\Users\KusokMedi\Documents\GitHub\BetterShowcase\build\xdBot2.vcxproj]
  (╨║╨╛╨╝╨┐╨╕╨╗╤П╤Ж╨╕╤П ╨╕╤Б╤Е╨╛╨┤╨╜╨╛╨│╨╛ ╤Д╨░╨╣╨╗╨░ "../src/ui/macro_editor.cpp")
  
C:\Users\KusokMedi\Documents\GitHub\BetterShowcase\src\ui\load_macro_layer.hpp(69,44): error C2059: ╤Б╨╕╨╜╤В╨░╨║╤Б╨╕╤З╨╡╤Б╨║╨░╤П ╨╛╤И╨╕╨▒╨║╨░: < [C:\Users\KusokMedi\Documents\GitHub\BetterShowcase\build\xdBot2.vcxproj]
  (╨║╨╛╨╝╨┐╨╕╨╗╤П╤Ж╨╕╤П ╨╕╤Б╤Е╨╛╨┤╨╜╨╛╨│╨╛ ╤Д╨░╨╣╨╗╨░ "../src/ui/macro_editor.cpp")
  
C:\Users\KusokMedi\Documents\GitHub\BetterShowcase\src\ui\load_macro_layer.hpp(69,93): error C2059: ╤Б╨╕╨╜╤В╨░╨║╤Б╨╕╤З╨╡╤Б╨║╨░╤П ╨╛╤И╨╕╨▒╨║╨░: ) [C:\Users\KusokMedi\Documents\GitHub\BetterShowcase\build\xdBot2.vcxproj]
  (╨║╨╛╨╝╨┐╨╕╨╗╤П╤Ж╨╕╤П ╨╕╤Б╤Е╨╛╨┤╨╜╨╛╨│╨╛ ╤Д╨░╨╣╨╗╨░ "../src/ui/macro_editor.cpp")
  
C:\Users\KusokMedi\Documents\GitHub\BetterShowcase\src\ui\load_macro_layer.hpp(69,94): error C2238: ╨╜╨╡╨┐╤А╨╡╨┤╨▓╨╕╨┤╨╡╨╜╨╜╤Л╨╡ ╨╗╨╡╨║╤Б╨╡╨╝╤Л ╨┐╨╡╤А╨╡╨┤ ";" [C:\Users\KusokMedi\Documents\GitHub\BetterShowcase\build\xdBot2.vcxproj]
  (╨║╨╛╨╝╨┐╨╕╨╗╤П╤Ж╨╕╤П ╨╕╤Б╤Е╨╛╨┤╨╜╨╛╨│╨╛ ╤Д╨░╨╣╨╗╨░ "../src/ui/macro_editor.cpp")
  
C:\Users\KusokMedi\Documents\GitHub\BetterShowcase\src\ui\load_macro_layer.hpp(71,25): error C2143: ╤Б╨╕╨╜╤В╨░╨║╤Б╨╕╤З╨╡╤Б╨║╨░╤П ╨╛╤И╨╕╨▒╨║╨░: ╨╛╤В╤Б╤Г╤В╤Б╤В╨▓╨╕╨╡ ")" ╨┐╨╡╤А╨╡╨┤ "<" [C:\Users\KusokMedi\Documents\GitHub\BetterShowcase\build\xdBot2.vcxproj]
  (╨║╨╛╨╝╨┐╨╕╨╗╤П╤Ж╨╕╤П ╨╕╤Б╤Е╨╛╨┤╨╜╨╛╨│╨╛ ╤Д╨░╨╣╨╗╨░ "../src/ui/macro_editor.cpp")
  
C:\Users\KusokMedi\Documents\GitHub\BetterShowcase\src\ui\load_macro_layer.hpp(71,25): error C2143: ╤Б╨╕╨╜╤В╨░╨║╤Б╨╕╤З╨╡╤Б╨║╨░╤П ╨╛╤И╨╕╨▒╨║╨░: ╨╛╤В╤Б╤Г╤В╤Б╤В╨▓╨╕╨╡ ";" ╨┐╨╡╤А╨╡╨┤ "<" [C:\Users\KusokMedi\Documents\GitHub\BetterShowcase\build\xdBot2.vcxproj]
  (╨║╨╛╨╝╨┐╨╕╨╗╤П╤Ж╨╕╤П ╨╕╤Б╤Е╨╛╨┤╨╜╨╛╨│╨╛ ╤Д╨░╨╣╨╗╨░ "../src/ui/macro_editor.cpp")
  
C:\Users\KusokMedi\Documents\GitHub\BetterShowcase\src\ui\load_macro_layer.hpp(71,25): error C2059: ╤Б╨╕╨╜╤В╨░╨║╤Б╨╕╤З╨╡╤Б╨║╨░╤П ╨╛╤И╨╕╨▒╨║╨░: < [C:\Users\KusokMedi\Documents\GitHub\BetterShowcase\build\xdBot2.vcxproj]
  (╨║╨╛╨╝╨┐╨╕╨╗╤П╤Ж╨╕╤П ╨╕╤Б╤Е╨╛╨┤╨╜╨╛╨│╨╛ ╤Д╨░╨╣╨╗╨░ "../src/ui/macro_editor.cpp")
  
C:\Users\KusokMedi\Documents\GitHub\BetterShowcase\src\ui\load_macro_layer.hpp(71,74): error C2059: ╤Б╨╕╨╜╤В╨░╨║╤Б╨╕╤З╨╡╤Б╨║╨░╤П ╨╛╤И╨╕╨▒╨║╨░: ) [C:\Users\KusokMedi\Documents\GitHub\BetterShowcase\build\xdBot2.vcxproj]
  (╨║╨╛╨╝╨┐╨╕╨╗╤П╤Ж╨╕╤П ╨╕╤Б╤Е╨╛╨┤╨╜╨╛╨│╨╛ ╤Д╨░╨╣╨╗╨░ "../src/ui/macro_editor.cpp")
  
C:\Users\KusokMedi\Documents\GitHub\BetterShowcase\src\ui\load_macro_layer.hpp(71,84): error C2238: ╨╜╨╡╨┐╤А╨╡╨┤╨▓╨╕╨┤╨╡╨╜╨╜╤Л╨╡ ╨╗╨╡╨║╤Б╨╡╨╝╤Л ╨┐╨╡╤А╨╡╨┤ ";" [C:\Users\KusokMedi\Documents\GitHub\BetterShowcase\build\xdBot2.vcxproj]
  (╨║╨╛╨╝╨┐╨╕╨╗╤П╤Ж╨╕╤П ╨╕╤Б╤Е╨╛╨┤╨╜╨╛╨│╨╛ ╤Д╨░╨╣╨╗╨░ "../src/ui/macro_editor.cpp")
  
C:\Users\KusokMedi\Documents\GitHub\BetterShowcase\src\ui\load_macro_layer.hpp(73,31): error C2143: ╤Б╨╕╨╜╤В╨░╨║╤Б╨╕╤З╨╡╤Б╨║╨░╤П ╨╛╤И╨╕╨▒╨║╨░: ╨╛╤В╤Б╤Г╤В╤Б╤В╨▓╨╕╨╡ ")" ╨┐╨╡╤А╨╡╨┤ "<" [C:\Users\KusokMedi\Documents\GitHub\BetterShowcase\build\xdBot2.vcxproj]
  (╨║╨╛╨╝╨┐╨╕╨╗╤П╤Ж╨╕╤П ╨╕╤Б╤Е╨╛╨┤╨╜╨╛╨│╨╛ ╤Д╨░╨╣╨╗╨░ "../src/ui/macro_editor.cpp")
  
C:\Users\KusokMedi\Documents\GitHub\BetterShowcase\src\ui\load_macro_layer.hpp(73,31): error C2143: ╤Б╨╕╨╜╤В╨░╨║╤Б╨╕╤З╨╡╤Б╨║╨░╤П ╨╛╤И╨╕╨▒╨║╨░: ╨╛╤В╤Б╤Г╤В╤Б╤В╨▓╨╕╨╡ ";" ╨┐╨╡╤А╨╡╨┤ "<" [C:\Users\KusokMedi\Documents\GitHub\BetterShowcase\build\xdBot2.vcxproj]
  (╨║╨╛╨╝╨┐╨╕╨╗╤П╤Ж╨╕╤П ╨╕╤Б╤Е╨╛╨┤╨╜╨╛╨│╨╛ ╤Д╨░╨╣╨╗╨░ "../src/ui/macro_editor.cpp")
  
C:\Users\KusokMedi\Documents\GitHub\BetterShowcase\src\ui\load_macro_layer.hpp(73,31): error C2059: ╤Б╨╕╨╜╤В╨░╨║╤Б╨╕╤З╨╡╤Б╨║╨░╤П ╨╛╤И╨╕╨▒╨║╨░: < [C:\Users\KusokMedi\Documents\GitHub\BetterShowcase\build\xdBot2.vcxproj]
  (╨║╨╛╨╝╨┐╨╕╨╗╤П╤Ж╨╕╤П ╨╕╤Б╤Е╨╛╨┤╨╜╨╛╨│╨╛ ╤Д╨░╨╣╨╗╨░ "../src/ui/macro_editor.cpp")
  
C:\Users\KusokMedi\Documents\GitHub\BetterShowcase\src\ui\load_macro_layer.hpp(73,88): error C2059: ╤Б╨╕╨╜╤В╨░╨║╤Б╨╕╤З╨╡╤Б╨║╨░╤П ╨╛╤И╨╕╨▒╨║╨░: ) [C:\Users\KusokMedi\Documents\GitHub\BetterShowcase\build\xdBot2.vcxproj]
  (╨║╨╛╨╝╨┐╨╕╨╗╤П╤Ж╨╕╤П ╨╕╤Б╤Е╨╛╨┤╨╜╨╛╨│╨╛ ╤Д╨░╨╣╨╗╨░ "../src/ui/macro_editor.cpp")
  
C:\Users\KusokMedi\Documents\GitHub\BetterShowcase\src\ui\load_macro_layer.hpp(73,89): error C2238: ╨╜╨╡╨┐╤А╨╡╨┤╨▓╨╕╨┤╨╡╨╜╨╜╤Л╨╡ ╨╗╨╡╨║╤Б╨╡╨╝╤Л ╨┐╨╡╤А╨╡╨┤ ";" [C:\Users\KusokMedi\Documents\GitHub\BetterShowcase\build\xdBot2.vcxproj]
  (╨║╨╛╨╝╨┐╨╕╨╗╤П╤Ж╨╕╤П ╨╕╤Б╤Е╨╛╨┤╨╜╨╛╨│╨╛ ╤Д╨░╨╣╨╗╨░ "../src/ui/macro_editor.cpp")
  
C:\Users\KusokMedi\Documents\GitHub\BetterShowcase\src\ui\load_macro_layer.hpp(79,7): error C3668: LoadMacroLayer::textChanged: ╨╝╨╡╤В╨╛╨┤ ╤Б╨╛ ╤Б╨┐╨╡╤Ж╨╕╤Д╨╕╨║╨░╤В╨╛╤А╨╛╨╝ ╨┐╨╡╤А╨╡╨╛╨┐╤А╨╡╨┤╨╡╨╗╨╡╨╜╨╕╤П "override" ╨╜╨╡ ╨┐╨╡╤А╨╡╨╛╨┐╤А╨╡╨┤╨╡╨╗╤П╨╡╤В ╨║╨░╨║╨╕╨╡-╨╗╨╕╨▒╨╛ ╨╝╨╡╤В╨╛╨┤╤Л ╨▒╨░╨╖╨╛╨▓╨╛╨│╨╛ ╨║╨╗╨░╤Б╤Б╨░ [C:\Users\KusokMedi\Documents\GitHub\BetterShowcase\build\xdBot2.vcxproj]
  (╨║╨╛╨╝╨┐╨╕╨╗╤П╤Ж╨╕╤П ╨╕╤Б╤Е╨╛╨┤╨╜╨╛╨│╨╛ ╤Д╨░╨╣╨╗╨░ "../src/ui/macro_editor.cpp")
  
C:\Users\KusokMedi\Documents\GitHub\BetterShowcase\src\ui\render_settings_layer.hpp(5,48): error C2143: ╤Б╨╕╨╜╤В╨░╨║╤Б╨╕╤З╨╡╤Б╨║╨░╤П ╨╛╤И╨╕╨▒╨║╨░: ╨╛╤В╤Б╤Г╤В╤Б╤В╨▓╨╕╨╡ "," ╨┐╨╡╤А╨╡╨┤ "<" [C:\Users\KusokMedi\Documents\GitHub\BetterShowcase\build\xdBot2.vcxproj]
  (╨║╨╛╨╝╨┐╨╕╨╗╤П╤Ж╨╕╤П ╨╕╤Б╤Е╨╛╨┤╨╜╨╛╨│╨╛ ╤Д╨░╨╣╨╗╨░ "../src/ui/macro_editor.cpp")
  
C:\Users\KusokMedi\Documents\GitHub\BetterShowcase\src\ui\render_settings_layer.hpp(27,7): error C3668: RenderSettingsLayer::setup: ╨╝╨╡╤В╨╛╨┤ ╤Б╨╛ ╤Б╨┐╨╡╤Ж╨╕╤Д╨╕╨║╨░╤В╨╛╤А╨╛╨╝ ╨┐╨╡╤А╨╡╨╛╨┐╤А╨╡╨┤╨╡╨╗╨╡╨╜╨╕╤П "override" ╨╜╨╡ ╨┐╨╡╤А╨╡╨╛╨┐╤А╨╡╨┤╨╡╨╗╤П╨╡╤В ╨║╨░╨║╨╕╨╡-╨╗╨╕╨▒╨╛ ╨╝╨╡╤В╨╛╨┤╤Л ╨▒╨░╨╖╨╛╨▓╨╛╨│╨╛ ╨║╨╗╨░╤Б╤Б╨░ [C:\Users\KusokMedi\Documents\GitHub\BetterShowcase\build\xdBot2.vcxproj]
  (╨║╨╛╨╝╨┐╨╕╨╗╤П╤Ж╨╕╤П ╨╕╤Б╤Е╨╛╨┤╨╜╨╛╨│╨╛ ╤Д╨░╨╣╨╗╨░ "../src/ui/macro_editor.cpp")
  
C:\Users\KusokMedi\Documents\GitHub\BetterShowcase\src\ui\render_settings_layer.hpp(41,7): error C3668: RenderSettingsLayer::textChanged: ╨╝╨╡╤В╨╛╨┤ ╤Б╨╛ ╤Б╨┐╨╡╤Ж╨╕╤Д╨╕╨║╨░╤В╨╛╤А╨╛╨╝ ╨┐╨╡╤А╨╡╨╛╨┐╤А╨╡╨┤╨╡╨╗╨╡╨╜╨╕╤П "override" ╨╜╨╡ ╨┐╨╡╤А╨╡╨╛╨┐╤А╨╡╨┤╨╡╨╗╤П╨╡╤В ╨║╨░╨║╨╕╨╡-╨╗╨╕╨▒╨╛ ╨╝╨╡╤В╨╛╨┤╤Л ╨▒╨░╨╖╨╛╨▓╨╛╨│╨╛ ╨║╨╗╨░╤Б╤Б╨░ [C:\Users\KusokMedi\Documents\GitHub\BetterShowcase\build\xdBot2.vcxproj]
  (╨║╨╛╨╝╨┐╨╕╨╗╤П╤Ж╨╕╤П ╨╕╤Б╤Е╨╛╨┤╨╜╨╛╨│╨╛ ╤Д╨░╨╣╨╗╨░ "../src/ui/macro_editor.cpp")
  
C:\Users\KusokMedi\Documents\GitHub\BetterShowcase\src\ui\render_settings_layer.hpp(31,2): error C2039: "initAnchored": ╨╜╨╡ ╤П╨▓╨╗╤П╨╡╤В╤Б╤П ╤З╨╗╨╡╨╜╨╛╨╝ "RenderSettingsLayer". [C:\Users\KusokMedi\Documents\GitHub\BetterShowcase\build\xdBot2.vcxproj]
  (╨║╨╛╨╝╨┐╨╕╨╗╤П╤Ж╨╕╤П ╨╕╤Б╤Е╨╛╨┤╨╜╨╛╨│╨╛ ╤Д╨░╨╣╨╗╨░ "../src/ui/macro_editor.cpp")
      C:\Users\KusokMedi\Documents\GitHub\BetterShowcase\src\ui\render_settings_layer.hpp(5,7):
       ╤Б╨╝. ╨╛╨▒╤К╤П╨▓╨╗╨╡╨╜╨╕╨╡ "RenderSettingsLayer"
  
C:\Users\KusokMedi\Documents\GitHub\BetterShowcase\src\ui\save_macro_layer.hpp(4,43): error C2143: ╤Б╨╕╨╜╤В╨░╨║╤Б╨╕╤З╨╡╤Б╨║╨░╤П ╨╛╤И╨╕╨▒╨║╨░: ╨╛╤В╤Б╤Г╤В╤Б╤В╨▓╨╕╨╡ "," ╨┐╨╡╤А╨╡╨┤ "<" [C:\Users\KusokMedi\Documents\GitHub\BetterShowcase\build\xdBot2.vcxproj]
  (╨║╨╛╨╝╨┐╨╕╨╗╤П╤Ж╨╕╤П ╨╕╤Б╤Е╨╛╨┤╨╜╨╛╨│╨╛ ╤Д╨░╨╣╨╗╨░ "../src/ui/macro_editor.cpp")
  
C:\Users\KusokMedi\Documents\GitHub\BetterShowcase\src\ui\save_macro_layer.hpp(14,10): error C3668: SaveMacroLayer::setup: ╨╝╨╡╤В╨╛╨┤ ╤Б╨╛ ╤Б╨┐╨╡╤Ж╨╕╤Д╨╕╨║╨░╤В╨╛╤А╨╛╨╝ ╨┐╨╡╤А╨╡╨╛╨┐╤А╨╡╨┤╨╡╨╗╨╡╨╜╨╕╤П "override" ╨╜╨╡ ╨┐╨╡╤А╨╡╨╛╨┐╤А╨╡╨┤╨╡╨╗╤П╨╡╤В ╨║╨░╨║╨╕╨╡-╨╗╨╕╨▒╨╛ ╨╝╨╡╤В╨╛╨┤╤Л ╨▒╨░╨╖╨╛╨▓╨╛╨│╨╛ ╨║╨╗╨░╤Б╤Б╨░ [C:\Users\KusokMedi\Documents\GitHub\BetterShowcase\build\xdBot2.vcxproj]
  (╨║╨╛╨╝╨┐╨╕╨╗╤П╤Ж╨╕╤П ╨╕╤Б╤Е╨╛╨┤╨╜╨╛╨│╨╛ ╤Д╨░╨╣╨╗╨░ "../src/ui/macro_editor.cpp")
  
C:\Users\KusokMedi\Documents\GitHub\BetterShowcase\src\ui\save_macro_layer.hpp(15,16): error C2664: "void Utils::setBackgroundColor(cocos2d::extension::CCScale9Sprite *)": ╨╜╨╡╨▓╨╛╨╖╨╝╨╛╨╢╨╜╨╛ ╨┐╤А╨╡╨╛╨▒╤А╨░╨╖╨╛╨▓╨░╤В╤М ╨░╤А╨│╤Г╨╝╨╡╨╜╤В 1 ╨╕╨╖ "geode::NineSlice *" ╨▓ "cocos2d::extension::CCScale9Sprite *" [C:\Users\KusokMedi\Documents\GitHub\BetterShowcase\build\xdBot2.vcxproj]
  (╨║╨╛╨╝╨┐╨╕╨╗╤П╤Ж╨╕╤П ╨╕╤Б╤Е╨╛╨┤╨╜╨╛╨│╨╛ ╤Д╨░╨╣╨╗╨░ "../src/ui/macro_editor.cpp")
      C:\Users\KusokMedi\Documents\GitHub\BetterShowcase\src\ui\save_macro_layer.hpp(15,35):
      ╨в╨╕╨┐╤Л, ╨╜╨░ ╨║╨╛╤В╨╛╤А╤Л╨╡ ╤Г╨║╨░╨╖╤Л╨▓╨░╤О╤В ╤Г╨║╨░╨╖╨░╤В╨╡╨╗╨╕, ╨╜╨╡ ╤Б╨▓╤П╨╖╨░╨╜╤Л; ╨┤╨╗╤П ╨┐╤А╨╡╨╛╨▒╤А╨░╨╖╨╛╨▓╨░╨╜╨╕╤П ╤В╤А╨╡╨▒╤Г╨╡╤В╤Б╤П reinterpret_cast, ╨┐╤А╨╕╨▓╨╡╨┤╨╡╨╜╨╕╨╡ ╨▓ ╤Б╤В╨╕╨╗╨╡ ╨б ╨╕╨╗╨╕ ╨┐╤А╨╕╨▓╨╡╨┤╨╡╨╜╨╕╨╡ ╨▓ ╤Б╤В╨╕╨╗╨╡ ╤Д╤Г╨╜╨║╤Ж╨╕╨╕ ╨▓ ╨║╤А╤Г╨│╨╗╤Л╤Е ╤Б╨║╨╛╨▒╨║╨░╤Е
      C:\Users\KusokMedi\Documents\GitHub\BetterShowcase\src\utils\utils.hpp(18,17):
       ╤Б╨╝. ╨╛╨▒╤К╤П╨▓╨╗╨╡╨╜╨╕╨╡ "Utils::setBackgroundColor"
      C:\Users\KusokMedi\Documents\GitHub\BetterShowcase\src\ui\save_macro_layer.hpp(15,16):
      ╨┐╤А╨╕ ╨┐╨╛╨┐╤Л╤В╨║╨╡ ╤Б╨╛╨┐╨╛╤Б╤В╨░╨▓╨╕╤В╤М ╤Б╨┐╨╕╤Б╨╛╨║ ╨░╤А╨│╤Г╨╝╨╡╨╜╤В╨╛╨▓ "(geode::NineSlice *)"
  
C:\Users\KusokMedi\Documents\GitHub\BetterShowcase\src\ui\save_macro_layer.hpp(73,5): error C2039: "initAnchored": ╨╜╨╡ ╤П╨▓╨╗╤П╨╡╤В╤Б╤П ╤З╨╗╨╡╨╜╨╛╨╝ "SaveMacroLayer". [C:\Users\KusokMedi\Documents\GitHub\BetterShowcase\build\xdBot2.vcxproj]
  (╨║╨╛╨╝╨┐╨╕╨╗╤П╤Ж╨╕╤П ╨╕╤Б╤Е╨╛╨┤╨╜╨╛╨│╨╛ ╤Д╨░╨╣╨╗╨░ "../src/ui/macro_editor.cpp")
      C:\Users\KusokMedi\Documents\GitHub\BetterShowcase\src\ui\save_macro_layer.hpp(4,7):
       ╤Б╨╝. ╨╛╨▒╤К╤П╨▓╨╗╨╡╨╜╨╕╨╡ "SaveMacroLayer"
  
C:\Users\KusokMedi\Documents\GitHub\BetterShowcase\src\ui\macro_info_layer.hpp(5,43): error C2143: ╤Б╨╕╨╜╤В╨░╨║╤Б╨╕╤З╨╡╤Б╨║╨░╤П ╨╛╤И╨╕╨▒╨║╨░: ╨╛╤В╤Б╤Г╤В╤Б╤В╨▓╨╕╨╡ "," ╨┐╨╡╤А╨╡╨┤ "<" [C:\Users\KusokMedi\Documents\GitHub\BetterShowcase\build\xdBot2.vcxproj]
  (╨║╨╛╨╝╨┐╨╕╨╗╤П╤Ж╨╕╤П ╨╕╤Б╤Е╨╛╨┤╨╜╨╛╨│╨╛ ╤Д╨░╨╣╨╗╨░ "../src/ui/macro_editor.cpp")
  
C:\Users\KusokMedi\Documents\GitHub\BetterShowcase\src\ui\macro_info_layer.hpp(21,10): error C3668: MacroInfoLayer::setup: ╨╝╨╡╤В╨╛╨┤ ╤Б╨╛ ╤Б╨┐╨╡╤Ж╨╕╤Д╨╕╨║╨░╤В╨╛╤А╨╛╨╝ ╨┐╨╡╤А╨╡╨╛╨┐╤А╨╡╨┤╨╡╨╗╨╡╨╜╨╕╤П "override" ╨╜╨╡ ╨┐╨╡╤А╨╡╨╛╨┐╤А╨╡╨┤╨╡╨╗╤П╨╡╤В ╨║╨░╨║╨╕╨╡-╨╗╨╕╨▒╨╛ ╨╝╨╡╤В╨╛╨┤╤Л ╨▒╨░╨╖╨╛╨▓╨╛╨│╨╛ ╨║╨╗╨░╤Б╤Б╨░ [C:\Users\KusokMedi\Documents\GitHub\BetterShowcase\build\xdBot2.vcxproj]
  (╨║╨╛╨╝╨┐╨╕╨╗╤П╤Ж╨╕╤П ╨╕╤Б╤Е╨╛╨┤╨╜╨╛╨│╨╛ ╤Д╨░╨╣╨╗╨░ "../src/ui/macro_editor.cpp")
  
C:\Users\KusokMedi\Documents\GitHub\BetterShowcase\src\ui\macro_info_layer.hpp(11,18): error C2039: "initAnchored": ╨╜╨╡ ╤П╨▓╨╗╤П╨╡╤В╤Б╤П ╤З╨╗╨╡╨╜╨╛╨╝ "MacroInfoLayer". [C:\Users\KusokMedi\Documents\GitHub\BetterShowcase\build\xdBot2.vcxproj]
  (╨║╨╛╨╝╨┐╨╕╨╗╤П╤Ж╨╕╤П ╨╕╤Б╤Е╨╛╨┤╨╜╨╛╨│╨╛ ╤Д╨░╨╣╨╗╨░ "../src/ui/macro_editor.cpp")
      C:\Users\KusokMedi\Documents\GitHub\BetterShowcase\src\ui\macro_info_layer.hpp(5,7):
       ╤Б╨╝. ╨╛╨▒╤К╤П╨▓╨╗╨╡╨╜╨╕╨╡ "MacroInfoLayer"
  
C:\Users\KusokMedi\Documents\GitHub\BetterShowcase\src\ui\record_layer.hpp(34,40): error C2143: ╤Б╨╕╨╜╤В╨░╨║╤Б╨╕╤З╨╡╤Б╨║╨░╤П ╨╛╤И╨╕╨▒╨║╨░: ╨╛╤В╤Б╤Г╤В╤Б╤В╨▓╨╕╨╡ "," ╨┐╨╡╤А╨╡╨┤ "<" [C:\Users\KusokMedi\Documents\GitHub\BetterShowcase\build\xdBot2.vcxproj]
  (╨║╨╛╨╝╨┐╨╕╨╗╤П╤Ж╨╕╤П ╨╕╤Б╤Е╨╛╨┤╨╜╨╛╨│╨╛ ╤Д╨░╨╣╨╗╨░ "../src/ui/macro_editor.cpp")
  
C:\Users\KusokMedi\Documents\GitHub\BetterShowcase\src\ui\record_layer.hpp(76,7): error C3668: RecordLayer::setup: ╨╝╨╡╤В╨╛╨┤ ╤Б╨╛ ╤Б╨┐╨╡╤Ж╨╕╤Д╨╕╨║╨░╤В╨╛╤А╨╛╨╝ ╨┐╨╡╤А╨╡╨╛╨┐╤А╨╡╨┤╨╡╨╗╨╡╨╜╨╕╤П "override" ╨╜╨╡ ╨┐╨╡╤А╨╡╨╛╨┐╤А╨╡╨┤╨╡╨╗╤П╨╡╤В ╨║╨░╨║╨╕╨╡-╨╗╨╕╨▒╨╛ ╨╝╨╡╤В╨╛╨┤╤Л ╨▒╨░╨╖╨╛╨▓╨╛╨│╨╛ ╨║╨╗╨░╤Б╤Б╨░ [C:\Users\KusokMedi\Documents\GitHub\BetterShowcase\build\xdBot2.vcxproj]
  (╨║╨╛╨╝╨┐╨╕╨╗╤П╤Ж╨╕╤П ╨╕╤Б╤Е╨╛╨┤╨╜╨╛╨│╨╛ ╤Д╨░╨╣╨╗╨░ "../src/ui/macro_editor.cpp")
  
C:\Users\KusokMedi\Documents\GitHub\BetterShowcase\src\ui\record_layer.hpp(91,7): error C3668: RecordLayer::textChanged: ╨╝╨╡╤В╨╛╨┤ ╤Б╨╛ ╤Б╨┐╨╡╤Ж╨╕╤Д╨╕╨║╨░╤В╨╛╤А╨╛╨╝ ╨┐╨╡╤А╨╡╨╛╨┐╤А╨╡╨┤╨╡╨╗╨╡╨╜╨╕╤П "override" ╨╜╨╡ ╨┐╨╡╤А╨╡╨╛╨┐╤А╨╡╨┤╨╡╨╗╤П╨╡╤В ╨║╨░╨║╨╕╨╡-╨╗╨╕╨▒╨╛ ╨╝╨╡╤В╨╛╨┤╤Л ╨▒╨░╨╖╨╛╨▓╨╛╨│╨╛ ╨║╨╗╨░╤Б╤Б╨░ [C:\Users\KusokMedi\Documents\GitHub\BetterShowcase\build\xdBot2.vcxproj]
  (╨║╨╛╨╝╨┐╨╕╨╗╤П╤Ж╨╕╤П ╨╕╤Б╤Е╨╛╨┤╨╜╨╛╨│╨╛ ╤Д╨░╨╣╨╗╨░ "../src/ui/macro_editor.cpp")
  
C:\Users\KusokMedi\Documents\GitHub\BetterShowcase\src\ui\record_layer.hpp(80,20): error C2039: "layer": ╨╜╨╡ ╤П╨▓╨╗╤П╨╡╤В╤Б╤П ╤З╨╗╨╡╨╜╨╛╨╝ "Global". [C:\Users\KusokMedi\Documents\GitHub\BetterShowcase\build\xdBot2.vcxproj]
  (╨║╨╛╨╝╨┐╨╕╨╗╤П╤Ж╨╕╤П ╨╕╤Б╤Е╨╛╨┤╨╜╨╛╨│╨╛ ╤Д╨░╨╣╨╗╨░ "../src/ui/macro_editor.cpp")
      C:\Users\KusokMedi\Documents\GitHub\BetterShowcase\src\includes.hpp(46,7):
       ╤Б╨╝. ╨╛╨▒╤К╤П╨▓╨╗╨╡╨╜╨╕╨╡ "Global"
  
C:\Users\KusokMedi\Documents\GitHub\BetterShowcase\src\ui\record_layer.hpp(87,2): error C2039: "initAnchored": ╨╜╨╡ ╤П╨▓╨╗╤П╨╡╤В╤Б╤П ╤З╨╗╨╡╨╜╨╛╨╝ "RecordLayer". [C:\Users\KusokMedi\Documents\GitHub\BetterShowcase\build\xdBot2.vcxproj]
  (╨║╨╛╨╝╨┐╨╕╨╗╤П╤Ж╨╕╤П ╨╕╤Б╤Е╨╛╨┤╨╜╨╛╨│╨╛ ╤Д╨░╨╣╨╗╨░ "../src/ui/macro_editor.cpp")
      C:\Users\KusokMedi\Documents\GitHub\BetterShowcase\src\ui\record_layer.hpp(34,7):
       ╤Б╨╝. ╨╛╨▒╤К╤П╨▓╨╗╨╡╨╜╨╕╨╡ "RecordLayer"
  
C:\Users\KusokMedi\Documents\GitHub\BetterShowcase\src\ui\macro_editor.cpp(117,12): error C2664: "void Utils::setBackgroundColor(cocos2d::extension::CCScale9Sprite *)": ╨╜╨╡╨▓╨╛╨╖╨╝╨╛╨╢╨╜╨╛ ╨┐╤А╨╡╨╛╨▒╤А╨░╨╖╨╛╨▓╨░╤В╤М ╨░╤А╨│╤Г╨╝╨╡╨╜╤В 1 ╨╕╨╖ "geode::NineSlice *" ╨▓ "cocos2d::extension::CCScale9Sprite *" [C:\Users\KusokMedi\Documents\GitHub\BetterShowcase\build\xdBot2.vcxproj]
  (╨║╨╛╨╝╨┐╨╕╨╗╤П╤Ж╨╕╤П ╨╕╤Б╤Е╨╛╨┤╨╜╨╛╨│╨╛ ╤Д╨░╨╣╨╗╨░ "../src/ui/macro_editor.cpp")
      C:\Users\KusokMedi\Documents\GitHub\BetterShowcase\src\ui\macro_editor.cpp(117,31):
      ╨в╨╕╨┐╤Л, ╨╜╨░ ╨║╨╛╤В╨╛╤А╤Л╨╡ ╤Г╨║╨░╨╖╤Л╨▓╨░╤О╤В ╤Г╨║╨░╨╖╨░╤В╨╡╨╗╨╕, ╨╜╨╡ ╤Б╨▓╤П╨╖╨░╨╜╤Л; ╨┤╨╗╤П ╨┐╤А╨╡╨╛╨▒╤А╨░╨╖╨╛╨▓╨░╨╜╨╕╤П ╤В╤А╨╡╨▒╤Г╨╡╤В╤Б╤П reinterpret_cast, ╨┐╤А╨╕╨▓╨╡╨┤╨╡╨╜╨╕╨╡ ╨▓ ╤Б╤В╨╕╨╗╨╡ ╨б ╨╕╨╗╨╕ ╨┐╤А╨╕╨▓╨╡╨┤╨╡╨╜╨╕╨╡ ╨▓ ╤Б╤В╨╕╨╗╨╡ ╤Д╤Г╨╜╨║╤Ж╨╕╨╕ ╨▓ ╨║╤А╤Г╨│╨╗╤Л╤Е ╤Б╨║╨╛╨▒╨║╨░╤Е
      C:\Users\KusokMedi\Documents\GitHub\BetterShowcase\src\utils\utils.hpp(18,17):
       ╤Б╨╝. ╨╛╨▒╤К╤П╨▓╨╗╨╡╨╜╨╕╨╡ "Utils::setBackgroundColor"
      C:\Users\KusokMedi\Documents\GitHub\BetterShowcase\src\ui\macro_editor.cpp(117,12):
      ╨┐╤А╨╕ ╨┐╨╛╨┐╤Л╤В╨║╨╡ ╤Б╨╛╨┐╨╛╤Б╤В╨░╨▓╨╕╤В╤М ╤Б╨┐╨╕╤Б╨╛╨║ ╨░╤А╨│╤Г╨╝╨╡╨╜╤В╨╛╨▓ "(geode::NineSlice *)"
  
C:\Users\KusokMedi\Documents\GitHub\BetterShowcase\src\ui\macro_editor.cpp(245,32): error C2664: "void CCTextInputNode::setDelegate(TextInputDelegate *)": ╨╜╨╡╨▓╨╛╨╖╨╝╨╛╨╢╨╜╨╛ ╨┐╤А╨╡╨╛╨▒╤А╨░╨╖╨╛╨▓╨░╤В╤М ╨░╤А╨│╤Г╨╝╨╡╨╜╤В 1 ╨╕╨╖ "MacroEditLayer *" ╨▓ "TextInputDelegate *" [C:\Users\KusokMedi\Documents\GitHub\BetterShowcase\build\xdBot2.vcxproj]
  (╨║╨╛╨╝╨┐╨╕╨╗╤П╤Ж╨╕╤П ╨╕╤Б╤Е╨╛╨┤╨╜╨╛╨│╨╛ ╤Д╨░╨╣╨╗╨░ "../src/ui/macro_editor.cpp")
      C:\Users\KusokMedi\Documents\GitHub\BetterShowcase\src\ui\macro_editor.cpp(245,44):
      ╨в╨╕╨┐╤Л, ╨╜╨░ ╨║╨╛╤В╨╛╤А╤Л╨╡ ╤Г╨║╨░╨╖╤Л╨▓╨░╤О╤В ╤Г╨║╨░╨╖╨░╤В╨╡╨╗╨╕, ╨╜╨╡ ╤Б╨▓╤П╨╖╨░╨╜╤Л; ╨┤╨╗╤П ╨┐╤А╨╡╨╛╨▒╤А╨░╨╖╨╛╨▓╨░╨╜╨╕╤П ╤В╤А╨╡╨▒╤Г╨╡╤В╤Б╤П reinterpret_cast, ╨┐╤А╨╕╨▓╨╡╨┤╨╡╨╜╨╕╨╡ ╨▓ ╤Б╤В╨╕╨╗╨╡ ╨б ╨╕╨╗╨╕ ╨┐╤А╨╕╨▓╨╡╨┤╨╡╨╜╨╕╨╡ ╨▓ ╤Б╤В╨╕╨╗╨╡ ╤Д╤Г╨╜╨║╤Ж╨╕╨╕ ╨▓ ╨║╤А╤Г╨│╨╗╤Л╤Е ╤Б╨║╨╛╨▒╨║╨░╤Е
      C:\Users\KusokMedi\Documents\GitHub\BetterShowcase\build\bindings\bindings\Geode\binding\CCTextInputNode.hpp(249,10):
       ╤Б╨╝. ╨╛╨▒╤К╤П╨▓╨╗╨╡╨╜╨╕╨╡ "CCTextInputNode::setDelegate"
      C:\Users\KusokMedi\Documents\GitHub\BetterShowcase\src\ui\macro_editor.cpp(245,32):
      ╨┐╤А╨╕ ╨┐╨╛╨┐╤Л╤В╨║╨╡ ╤Б╨╛╨┐╨╛╤Б╤В╨░╨▓╨╕╤В╤М ╤Б╨┐╨╕╤Б╨╛╨║ ╨░╤А╨│╤Г╨╝╨╡╨╜╤В╨╛╨▓ "(MacroEditLayer *)"
  
C:\Users\KusokMedi\Documents\GitHub\BetterShowcase\src\ui\macro_editor.cpp(270,33): error C2664: "void CCTextInputNode::setDelegate(TextInputDelegate *)": ╨╜╨╡╨▓╨╛╨╖╨╝╨╛╨╢╨╜╨╛ ╨┐╤А╨╡╨╛╨▒╤А╨░╨╖╨╛╨▓╨░╤В╤М ╨░╤А╨│╤Г╨╝╨╡╨╜╤В 1 ╨╕╨╖ "MacroEditLayer *" ╨▓ "TextInputDelegate *" [C:\Users\KusokMedi\Documents\GitHub\BetterShowcase\build\xdBot2.vcxproj]
  (╨║╨╛╨╝╨┐╨╕╨╗╤П╤Ж╨╕╤П ╨╕╤Б╤Е╨╛╨┤╨╜╨╛╨│╨╛ ╤Д╨░╨╣╨╗╨░ "../src/ui/macro_editor.cpp")
      C:\Users\KusokMedi\Documents\GitHub\BetterShowcase\src\ui\macro_editor.cpp(270,45):
      ╨в╨╕╨┐╤Л, ╨╜╨░ ╨║╨╛╤В╨╛╤А╤Л╨╡ ╤Г╨║╨░╨╖╤Л╨▓╨░╤О╤В ╤Г╨║╨░╨╖╨░╤В╨╡╨╗╨╕, ╨╜╨╡ ╤Б╨▓╤П╨╖╨░╨╜╤Л; ╨┤╨╗╤П ╨┐╤А╨╡╨╛╨▒╤А╨░╨╖╨╛╨▓╨░╨╜╨╕╤П ╤В╤А╨╡╨▒╤Г╨╡╤В╤Б╤П reinterpret_cast, ╨┐╤А╨╕╨▓╨╡╨┤╨╡╨╜╨╕╨╡ ╨▓ ╤Б╤В╨╕╨╗╨╡ ╨б ╨╕╨╗╨╕ ╨┐╤А╨╕╨▓╨╡╨┤╨╡╨╜╨╕╨╡ ╨▓ ╤Б╤В╨╕╨╗╨╡ ╤Д╤Г╨╜╨║╤Ж╨╕╨╕ ╨▓ ╨║╤А╤Г╨│╨╗╤Л╤Е ╤Б╨║╨╛╨▒╨║╨░╤Е
      C:\Users\KusokMedi\Documents\GitHub\BetterShowcase\build\bindings\bindings\Geode\binding\CCTextInputNode.hpp(249,10):
       ╤Б╨╝. ╨╛╨▒╤К╤П╨▓╨╗╨╡╨╜╨╕╨╡ "CCTextInputNode::setDelegate"
      C:\Users\KusokMedi\Documents\GitHub\BetterShowcase\src\ui\macro_editor.cpp(270,33):
      ╨┐╤А╨╕ ╨┐╨╛╨┐╤Л╤В╨║╨╡ ╤Б╨╛╨┐╨╛╤Б╤В╨░╨▓╨╕╤В╤М ╤Б╨┐╨╕╤Б╨╛╨║ ╨░╤А╨│╤Г╨╝╨╡╨╜╤В╨╛╨▓ "(MacroEditLayer *)"
  
C:\Users\KusokMedi\Documents\GitHub\BetterShowcase\src\ui\macro_editor.cpp(891,13): error C2338: static_assert failed: 'Please use `for (auto obj : CCArrayExt(arr))` or `for (auto obj : CCArrayExt<NodeType*>(arr))` instead, this macro has been removed in Geode v5 [C:\Users\KusokMedi\Documents\GitHub\BetterShowcase\build\xdBot2.vcxproj]
C:\Users\KusokMedi\Documents\GitHub\BetterShowcase\src\ui\macro_editor.cpp(891,13): error C2338: When iterating over the children of a node, `for (CCNode* node : node->getChildrenExt())` or `for (CCNode* node : node->getChildrenExt<NodeType*>())` can also be used [C:\Users\KusokMedi\Documents\GitHub\BetterShowcase\build\xdBot2.vcxproj]
C:\Users\KusokMedi\Documents\GitHub\BetterShowcase\src\ui\macro_editor.cpp(891,13): error C2338: ' [C:\Users\KusokMedi\Documents\GitHub\BetterShowcase\build\xdBot2.vcxproj]
  (╨║╨╛╨╝╨┐╨╕╨╗╤П╤Ж╨╕╤П ╨╕╤Б╤Е╨╛╨┤╨╜╨╛╨│╨╛ ╤Д╨░╨╣╨╗╨░ "../src/ui/macro_editor.cpp")
      C:\Users\KusokMedi\Documents\GitHub\BetterShowcase\src\ui\macro_editor.cpp(891,13):
      ╨║╨╛╨╜╤В╨╡╨║╤Б╤В ╤Б╨╛╨╖╨┤╨░╨╜╨╕╤П ╤Н╨║╨╖╨╡╨╝╨┐╨╗╤П╤А╨░ ╤И╨░╨▒╨╗╨╛╨╜╨░ (╤Б╨╜╨░╤З╨░╨╗╨░ ╤Б╨░╨╝╤Л╨╣ ╤Б╤В╨░╤А╤Л╨╣)
          C:\Users\KusokMedi\Documents\GitHub\BetterShowcase\src\ui\macro_editor.cpp(913,9):
          ╨▓╨╛ ╨▓╤А╨╡╨╝╤П ╨║╨╛╨╝╨┐╨╕╨╗╤П╤Ж╨╕╨╕ ╤Д╤Г╨╜╨║╤Ж╨╕╨╕-╤З╨╗╨╡╨╜╨░ ╨║╨╗╨░╤Б╤Б ╤И╨░╨▒╨╗╨╛╨╜ "std::move_only_function<void (FLAlertLayer *,bool)>::move_only_function(_Fn &&)"
          C:\Program Files (x86)\Microsoft Visual Studio\2022\BuildTools\VC\Tools\MSVC\14.44.35207\include\functional(1896,18):
          ╨▓╤Л╨┐╨╛╨╗╨╜╤П╨╡╤В╤Б╤П ╨║╨╛╨╝╨┐╨╕╨╗╤П╤Ж╨╕╤П ╤Б╤Б╤Л╨╗╨║╨╕ ╨╜╨░ ╤И╨░╨▒╨╗╨╛╨╜ ╨┐╨╡╤А╨╡╨╝╨╡╨╜╨╜╨╛╨╣ "const bool std::move_only_function<void __cdecl(FLAlertLayer *,bool)>::_Enable_one_arg_constructor<`MacroEditLayer::onSave'::`2'::<lambda_1> >"
          C:\Program Files (x86)\Microsoft Visual Studio\2022\BuildTools\VC\Tools\MSVC\14.44.35207\include\functional(1871,73):
          ╨▓╤Л╨┐╨╛╨╗╨╜╤П╨╡╤В╤Б╤П ╨║╨╛╨╝╨┐╨╕╨╗╤П╤Ж╨╕╤П ╤Б╤Б╤Л╨╗╨║╨╕ ╨╜╨░ ╤И╨░╨▒╨╗╨╛╨╜ ╨┐╨╡╤А╨╡╨╝╨╡╨╜╨╜╨╛╨╣ "const bool std::_Move_only_function_call<void __cdecl(FLAlertLayer *,bool)>::_Is_callable_from<`MacroEditLayer::onSave'::`2'::<lambda_1> >"
          C:\Program Files (x86)\Microsoft Visual Studio\2022\BuildTools\VC\Tools\MSVC\14.44.35207\include\functional(1673,9):
          ╨▓╤Л╨┐╨╛╨╗╨╜╤П╨╡╤В╤Б╤П ╨║╨╛╨╝╨┐╨╕╨╗╤П╤Ж╨╕╤П ╤Б╤Б╤Л╨╗╨║╨╕ ╨╜╨░ ╤И╨░╨▒╨╗╨╛╨╜ ╨┐╨╡╤А╨╡╨╝╨╡╨╜╨╜╨╛╨╣ "const bool is_invocable_r_v<void,`MacroEditLayer::onSave'::`2'::<lambda_1>,FLAlertLayer *,bool>"
          C:\Program Files (x86)\Microsoft Visual Studio\2022\BuildTools\VC\Tools\MSVC\14.44.35207\include\type_traits(1862,35):
          ╨▓╤Л╨┐╨╛╨╗╨╜╤П╨╡╤В╤Б╤П ╨║╨╛╨╝╨┐╨╕╨╗╤П╤Ж╨╕╤П ╤Б╤Б╤Л╨╗╨║╨╕ ╨╜╨░ ╤Н╨║╨╖╨╡╨╝╨┐╨╗╤П╤А ╨┐╤Б╨╡╨▓╨┤╨╛╨╜╨╕╨╝ ╤И╨░╨▒╨╗╨╛╨╜ ╤Д╤Г╨╜╨║╤Ж╨╕╨╕ "std::_Is_invocable_r_<void,MacroEditLayer::onSave::<lambda_1>,FLAlertLayer*,bool>"
          C:\Program Files (x86)\Microsoft Visual Studio\2022\BuildTools\VC\Tools\MSVC\14.44.35207\include\type_traits(1789,38):
          ╨▓╤Л╨┐╨╛╨╗╨╜╤П╨╡╤В╤Б╤П ╨║╨╛╨╝╨┐╨╕╨╗╤П╤Ж╨╕╤П ╤Б╤Б╤Л╨╗╨║╨╕ ╨╜╨░ ╤Н╨║╨╖╨╡╨╝╨┐╨╗╤П╤А ╨┐╤Б╨╡╨▓╨┤╨╛╨╜╨╕╨╝ ╤И╨░╨▒╨╗╨╛╨╜ ╤Д╤Г╨╜╨║╤Ж╨╕╨╕ "std::_Decltype_invoke_nonzero<MacroEditLayer::onSave::<lambda_1>,FLAlertLayer*,bool>"
          C:\Program Files (x86)\Microsoft Visual Studio\2022\BuildTools\VC\Tools\MSVC\14.44.35207\include\type_traits(1785,71):
          ╨▓╨╛ ╨▓╤А╨╡╨╝╤П ╨║╨╛╨╝╨┐╨╕╨╗╤П╤Ж╨╕╨╕ ╤Д╤Г╨╜╨║╤Ж╨╕╨╕-╤З╨╗╨╡╨╜╨░ ╨║╨╗╨░╤Б╤Б ╤И╨░╨▒╨╗╨╛╨╜ "unknown-type std::_Invoker_functor::_Call(_Callable &&,_Types ...) noexcept(<expr>)"
          C:\Program Files (x86)\Microsoft Visual Studio\2022\BuildTools\VC\Tools\MSVC\14.44.35207\include\type_traits(1576,46):
          ╨▓╤Л╨┐╨╛╨╗╨╜╤П╨╡╤В╤Б╤П ╨║╨╛╨╝╨┐╨╕╨╗╤П╤Ж╨╕╤П ╤Б╤Б╤Л╨╗╨║╨╕ ╨╜╨░ ╤Н╨║╨╖╨╡╨╝╨┐╨╗╤П╤А ╤И╨░╨▒╨╗╨╛╨╜ ╤Д╤Г╨╜╨║╤Ж╨╕╨╕ "auto MacroEditLayer::onSave::<lambda_1>::operator ()<FLAlertLayer*>(_T1,bool) const"
          with
          [
              _T1=FLAlertLayer *
          ]
  
C:\Users\KusokMedi\Documents\GitHub\BetterShowcase\src\ui\macro_editor.cpp(904,17): error C2338: static_assert failed: 'Please use `for (auto obj : CCArrayExt(arr))` or `for (auto obj : CCArrayExt<NodeType*>(arr))` instead, this macro has been removed in Geode v5 [C:\Users\KusokMedi\Documents\GitHub\BetterShowcase\build\xdBot2.vcxproj]
C:\Users\KusokMedi\Documents\GitHub\BetterShowcase\src\ui\macro_editor.cpp(904,17): error C2338: When iterating over the children of a node, `for (CCNode* node : node->getChildrenExt())` or `for (CCNode* node : node->getChildrenExt<NodeType*>())` can also be used [C:\Users\KusokMedi\Documents\GitHub\BetterShowcase\build\xdBot2.vcxproj]
C:\Users\KusokMedi\Documents\GitHub\BetterShowcase\src\ui\macro_editor.cpp(904,17): error C2338: ' [C:\Users\KusokMedi\Documents\GitHub\BetterShowcase\build\xdBot2.vcxproj]
  (╨║╨╛╨╝╨┐╨╕╨╗╤П╤Ж╨╕╤П ╨╕╤Б╤Е╨╛╨┤╨╜╨╛╨│╨╛ ╤Д╨░╨╣╨╗╨░ "../src/ui/macro_editor.cpp")
  
C:\Users\KusokMedi\Documents\GitHub\BetterShowcase\src\ui\macro_editor.cpp(893,28): error C2248: geode::Popup::keyBackClicked: ╨╜╨╡╨▓╨╛╨╖╨╝╨╛╨╢╨╜╨╛ ╨╛╨▒╤А╨░╤В╨╕╤В╤М╤Б╤П ╨║ protected ╤З╨╗╨╡╨╜, ╨╛╨▒╤К╤П╨▓╨╗╨╡╨╜╨╜╨╛╨╝╤Г ╨▓ ╨║╨╗╨░╤Б╤Б╨╡ "geode::Popup" [C:\Users\KusokMedi\Documents\GitHub\BetterShowcase\build\xdBot2.vcxproj]
  (╨║╨╛╨╝╨┐╨╕╨╗╤П╤Ж╨╕╤П ╨╕╤Б╤Е╨╛╨┤╨╜╨╛╨│╨╛ ╤Д╨░╨╣╨╗╨░ "../src/ui/macro_editor.cpp")
      C:\Users\KusokMedi\Documents\Geode\loader\include\Geode\ui\Popup.hpp(45,14):
       ╤Б╨╝. ╨╛╨▒╤К╤П╨▓╨╗╨╡╨╜╨╕╨╡ "geode::Popup::keyBackClicked"
      C:\Users\KusokMedi\Documents\Geode\loader\include\Geode\ui\Popup.hpp(12,21):
       ╤Б╨╝. ╨╛╨▒╤К╤П╨▓╨╗╨╡╨╜╨╕╨╡ "geode::Popup"
  
C:\Users\KusokMedi\Documents\GitHub\BetterShowcase\src\ui\macro_editor.cpp(907,25): error C2043: ╨╜╨╡╨┤╨╛╨┐╤Г╤Б╤В╨╕╨╝╤Л╨╣ break [C:\Users\KusokMedi\Documents\GitHub\BetterShowcase\build\xdBot2.vcxproj]
  (╨║╨╛╨╝╨┐╨╕╨╗╤П╤Ж╨╕╤П ╨╕╤Б╤Е╨╛╨┤╨╜╨╛╨│╨╛ ╤Д╨░╨╣╨╗╨░ "../src/ui/macro_editor.cpp")
  
C:\Users\KusokMedi\Documents\GitHub\BetterShowcase\src\ui\macro_editor.cpp(894,21): error C2043: ╨╜╨╡╨┤╨╛╨┐╤Г╤Б╤В╨╕╨╝╤Л╨╣ break [C:\Users\KusokMedi\Documents\GitHub\BetterShowcase\build\xdBot2.vcxproj]
  (╨║╨╛╨╝╨┐╨╕╨╗╤П╤Ж╨╕╤П ╨╕╤Б╤Е╨╛╨┤╨╜╨╛╨│╨╛ ╤Д╨░╨╣╨╗╨░ "../src/ui/macro_editor.cpp")
  
C:\Users\KusokMedi\Documents\GitHub\BetterShowcase\src\ui\macro_editor.cpp(874,12): error C2665: "geode::createQuickPopup": ╨╜╨╕ ╨╛╨┤╨╜╨░ ╨┐╨╡╤А╨╡╨│╤А╤Г╨╢╨╡╨╜╨╜╨░╤П ╤Д╤Г╨╜╨║╤Ж╨╕╤П ╨╜╨╡ ╨╝╨╛╨╢╨╡╤В ╨┐╤А╨╡╨╛╨▒╤А╨░╨╖╨╛╨▓╨░╤В╤М ╨▓╤Б╨╡ ╤В╨╕╨┐╤Л ╨░╤А╨│╤Г╨╝╨╡╨╜╤В╨╛╨▓ [C:\Users\KusokMedi\Documents\GitHub\BetterShowcase\build\xdBot2.vcxproj]
  (╨║╨╛╨╝╨┐╨╕╨╗╤П╤Ж╨╕╤П ╨╕╤Б╤Е╨╛╨┤╨╜╨╛╨│╨╛ ╤Д╨░╨╣╨╗╨░ "../src/ui/macro_editor.cpp")
      C:\Users\KusokMedi\Documents\Geode\loader\include\Geode\ui\Popup.hpp(64,29):
      ╨╝╨╛╨╢╨╡╤В ╨▒╤Л╤В╤М "FLAlertLayer *geode::createQuickPopup(const char *,std::string,const char *,const char *,std::move_only_function<void (FLAlertLayer *,bool)>,bool,bool)"
          C:\Users\KusokMedi\Documents\GitHub\BetterShowcase\src\ui\macro_editor.cpp(874,12):
          "FLAlertLayer *geode::createQuickPopup(const char *,std::string,const char *,const char *,std::move_only_function<void (FLAlertLayer *,bool)>,bool,bool)": ╨╜╨╡╨▓╨╛╨╖╨╝╨╛╨╢╨╜╨╛ ╨┐╤А╨╡╨╛╨▒╤А╨░╨╖╨╛╨▓╨░╤В╤М ╨░╤А╨│╤Г╨╝╨╡╨╜╤В 5 ╨╕╨╖ "MacroEditLayer::onSave::<lambda_1>" ╨▓ "std::move_only_function<void (FLAlertLayer *,bool)>"
              C:\Users\KusokMedi\Documents\GitHub\BetterShowcase\src\ui\macro_editor.cpp(913,9):
              ╨Ф╨╗╤П ╨▓╤Л╨┐╨╛╨╗╨╜╨╡╨╜╨╕╤П ╨┤╨░╨╜╨╜╨╛╨│╨╛ ╨┐╤А╨╡╨╛╨▒╤А╨░╨╖╨╛╨▓╨░╨╜╨╕╤П ╨╜╨╡╤В ╨┤╨╛╤Б╤В╤Г╨┐╨╜╨╛╨│╨╛ ╨╛╨┐╨╡╤А╨░╤В╨╛╤А╨░ ╨┐╤А╨╡╨╛╨▒╤А╨░╨╖╨╛╨▓╨░╨╜╨╕╤П, ╨╛╨┐╤А╨╡╨┤╨╡╨╗╨╡╨╜╨╜╨╛╨│╨╛ ╨┐╨╛╨╗╤М╨╖╨╛╨▓╨░╤В╨╡╨╗╨╡╨╝, ╨╕╨╗╨╕ ╨▓╤Л╨╖╨╛╨▓ ╨╛╨┐╨╡╤А╨░╤В╨╛╤А╨░ ╨╜╨╡╨▓╨╛╨╖╨╝╨╛╨╢╨╡╨╜
      C:\Users\KusokMedi\Documents\GitHub\BetterShowcase\src\ui\macro_editor.cpp(874,12):
      ╨┐╤А╨╕ ╨┐╨╛╨┐╤Л╤В╨║╨╡ ╤Б╨╛╨┐╨╛╤Б╤В╨░╨▓╨╕╤В╤М ╤Б╨┐╨╕╤Б╨╛╨║ ╨░╤А╨│╤Г╨╝╨╡╨╜╤В╨╛╨▓ "(const char [6], std::basic_string<char,std::char_traits<char>,std::allocator<char>>, const char [7], const char [4], MacroEditLayer::onSave::<lambda_1>)"
  
C:\Users\KusokMedi\Documents\GitHub\BetterShowcase\src\ui\macro_editor.cpp(956,17): error C2059: ╤Б╨╕╨╜╤В╨░╨║╤Б╨╕╤З╨╡╤Б╨║╨░╤П ╨╛╤И╨╕╨▒╨║╨░: < [C:\Users\KusokMedi\Documents\GitHub\BetterShowcase\build\xdBot2.vcxproj]
  (╨║╨╛╨╝╨┐╨╕╨╗╤П╤Ж╨╕╤П ╨╕╤Б╤Е╨╛╨┤╨╜╨╛╨│╨╛ ╤Д╨░╨╣╨╗╨░ "../src/ui/macro_editor.cpp")
  
C:\Users\KusokMedi\Documents\GitHub\BetterShowcase\src\ui\macro_editor.cpp(957,23): error C2039: "layer": ╨╜╨╡ ╤П╨▓╨╗╤П╨╡╤В╤Б╤П ╤З╨╗╨╡╨╜╨╛╨╝ "Global". [C:\Users\KusokMedi\Documents\GitHub\BetterShowcase\build\xdBot2.vcxproj]
  (╨║╨╛╨╝╨┐╨╕╨╗╤П╤Ж╨╕╤П ╨╕╤Б╤Е╨╛╨┤╨╜╨╛╨│╨╛ ╤Д╨░╨╣╨╗╨░ "../src/ui/macro_editor.cpp")
      C:\Users\KusokMedi\Documents\GitHub\BetterShowcase\src\includes.hpp(46,7):
       ╤Б╨╝. ╨╛╨▒╤К╤П╨▓╨╗╨╡╨╜╨╕╨╡ "Global"
  
C:\Users\KusokMedi\Documents\GitHub\BetterShowcase\src\ui\macro_editor.cpp(958,9): error C2065: layer: ╨╜╨╡╨╛╨▒╤К╤П╨▓╨╗╨╡╨╜╨╜╤Л╨╣ ╨╕╨┤╨╡╨╜╤В╨╕╤Д╨╕╨║╨░╤В╨╛╤А [C:\Users\KusokMedi\Documents\GitHub\BetterShowcase\build\xdBot2.vcxproj]
  (╨║╨╛╨╝╨┐╨╕╨╗╤П╤Ж╨╕╤П ╨╕╤Б╤Е╨╛╨┤╨╜╨╛╨│╨╛ ╤Д╨░╨╣╨╗╨░ "../src/ui/macro_editor.cpp")
  
C:\Users\KusokMedi\Documents\GitHub\BetterShowcase\src\ui\macro_editor.cpp(958,43): error C2947: ╤В╤А╨╡╨▒╤Г╨╡╤В╤Б╤П ">" ╨┤╨╗╤П ╨╖╨░╨▓╨╡╤А╤И╨╡╨╜╨╕╤П ╤Б╨┐╨╕╤Б╨╛╨║ ╨░╤А╨│╤Г╨╝╨╡╨╜╤В╨╛╨▓ ╤И╨░╨▒╨╗╨╛╨╜╨░, ╨╛╨▒╨╜╨░╤А╤Г╨╢╨╡╨╜╨╛ "<" [C:\Users\KusokMedi\Documents\GitHub\BetterShowcase\build\xdBot2.vcxproj]
  (╨║╨╛╨╝╨┐╨╕╨╗╤П╤Ж╨╕╤П ╨╕╤Б╤Е╨╛╨┤╨╜╨╛╨│╨╛ ╤Д╨░╨╣╨╗╨░ "../src/ui/macro_editor.cpp")
  
C:\Users\KusokMedi\Documents\GitHub\BetterShowcase\src\ui\macro_editor.cpp(958,46): error C2059: ╤Б╨╕╨╜╤В╨░╨║╤Б╨╕╤З╨╡╤Б╨║╨░╤П ╨╛╤И╨╕╨▒╨║╨░: > [C:\Users\KusokMedi\Documents\GitHub\BetterShowcase\build\xdBot2.vcxproj]
  (╨║╨╛╨╝╨┐╨╕╨╗╤П╤Ж╨╕╤П ╨╕╤Б╤Е╨╛╨┤╨╜╨╛╨│╨╛ ╤Д╨░╨╣╨╗╨░ "../src/ui/macro_editor.cpp")
  
C:\Users\KusokMedi\Documents\GitHub\BetterShowcase\src\ui\macro_editor.cpp(962,9): error C2338: static_assert failed: 'Please use `for (auto obj : CCArrayExt(arr))` or `for (auto obj : CCArrayExt<NodeType*>(arr))` instead, this macro has been removed in Geode v5 [C:\Users\KusokMedi\Documents\GitHub\BetterShowcase\build\xdBot2.vcxproj]
C:\Users\KusokMedi\Documents\GitHub\BetterShowcase\src\ui\macro_editor.cpp(962,9): error C2338: When iterating over the children of a node, `for (CCNode* node : node->getChildrenExt())` or `for (CCNode* node : node->getChildrenExt<NodeType*>())` can also be used [C:\Users\KusokMedi\Documents\GitHub\BetterShowcase\build\xdBot2.vcxproj]
C:\Users\KusokMedi\Documents\GitHub\BetterShowcase\src\ui\macro_editor.cpp(962,9): error C2338: ' [C:\Users\KusokMedi\Documents\GitHub\BetterShowcase\build\xdBot2.vcxproj]
  (╨║╨╛╨╝╨┐╨╕╨╗╤П╤Ж╨╕╤П ╨╕╤Б╤Е╨╛╨┤╨╜╨╛╨│╨╛ ╤Д╨░╨╣╨╗╨░ "../src/ui/macro_editor.cpp")
  
C:\Users\KusokMedi\Documents\GitHub\BetterShowcase\src\ui\macro_editor.cpp(964,17): error C2065: layer: ╨╜╨╡╨╛╨▒╤К╤П╨▓╨╗╨╡╨╜╨╜╤Л╨╣ ╨╕╨┤╨╡╨╜╤В╨╕╤Д╨╕╨║╨░╤В╨╛╤А [C:\Users\KusokMedi\Documents\GitHub\BetterShowcase\build\xdBot2.vcxproj]
  (╨║╨╛╨╝╨┐╨╕╨╗╤П╤Ж╨╕╤П ╨╕╤Б╤Е╨╛╨┤╨╜╨╛╨│╨╛ ╤Д╨░╨╣╨╗╨░ "../src/ui/macro_editor.cpp")
  
C:\Users\KusokMedi\Documents\GitHub\BetterShowcase\src\ui\macro_editor.cpp(964,51): error C2947: ╤В╤А╨╡╨▒╤Г╨╡╤В╤Б╤П ">" ╨┤╨╗╤П ╨╖╨░╨▓╨╡╤А╤И╨╡╨╜╨╕╤П ╤Б╨┐╨╕╤Б╨╛╨║ ╨░╤А╨│╤Г╨╝╨╡╨╜╤В╨╛╨▓ ╤И╨░╨▒╨╗╨╛╨╜╨░, ╨╛╨▒╨╜╨░╤А╤Г╨╢╨╡╨╜╨╛ "<" [C:\Users\KusokMedi\Documents\GitHub\BetterShowcase\build\xdBot2.vcxproj]
  (╨║╨╛╨╝╨┐╨╕╨╗╤П╤Ж╨╕╤П ╨╕╤Б╤Е╨╛╨┤╨╜╨╛╨│╨╛ ╤Д╨░╨╣╨╗╨░ "../src/ui/macro_editor.cpp")
  
C:\Users\KusokMedi\Documents\GitHub\BetterShowcase\src\ui\macro_editor.cpp(964,54): error C2059: ╤Б╨╕╨╜╤В╨░╨║╤Б╨╕╤З╨╡╤Б╨║╨░╤П ╨╛╤И╨╕╨▒╨║╨░: > [C:\Users\KusokMedi\Documents\GitHub\BetterShowcase\build\xdBot2.vcxproj]
  (╨║╨╛╨╝╨┐╨╕╨╗╤П╤Ж╨╕╤П ╨╕╤Б╤Е╨╛╨┤╨╜╨╛╨│╨╛ ╤Д╨░╨╣╨╗╨░ "../src/ui/macro_editor.cpp")
  
C:\Users\KusokMedi\Documents\GitHub\BetterShowcase\src\ui\macro_editor.cpp(970,10): error C2065: layer: ╨╜╨╡╨╛╨▒╤К╤П╨▓╨╗╨╡╨╜╨╜╤Л╨╣ ╨╕╨┤╨╡╨╜╤В╨╕╤Д╨╕╨║╨░╤В╨╛╤А [C:\Users\KusokMedi\Documents\GitHub\BetterShowcase\build\xdBot2.vcxproj]
  (╨║╨╛╨╝╨┐╨╕╨╗╤П╤Ж╨╕╤П ╨╕╤Б╤Е╨╛╨┤╨╜╨╛╨│╨╛ ╤Д╨░╨╣╨╗╨░ "../src/ui/macro_editor.cpp")
  
C:\Users\KusokMedi\Documents\GitHub\BetterShowcase\src\ui\macro_editor.cpp(975,26): error C2065: layer: ╨╜╨╡╨╛╨▒╤К╤П╨▓╨╗╨╡╨╜╨╜╤Л╨╣ ╨╕╨┤╨╡╨╜╤В╨╕╤Д╨╕╨║╨░╤В╨╛╤А [C:\Users\KusokMedi\Documents\GitHub\BetterShowcase\build\xdBot2.vcxproj]
  (╨║╨╛╨╝╨┐╨╕╨╗╤П╤Ж╨╕╤П ╨╕╤Б╤Е╨╛╨┤╨╜╨╛╨│╨╛ ╤Д╨░╨╣╨╗╨░ "../src/ui/macro_editor.cpp")
  
  button_edit_layer.cpp
C:\Users\KusokMedi\Documents\GitHub\BetterShowcase\src\renderer\ffmpeg\events.hpp(11,47): error C2955: "geode::Event": ╨┤╨╗╤П ╨╕╤Б╨┐╨╛╨╗╤М╨╖╨╛╨▓╨░╨╜╨╕╤П ╨║╨╗╨░╤Б╤Б ╤И╨░╨▒╨╗╨╛╨╜ ╤В╤А╨╡╨▒╤Г╨╡╤В╤Б╤П ╤Б╨┐╨╕╤Б╨╛╨║ ╨░╤А╨│╤Г╨╝╨╡╨╜╤В╨╛╨▓ ╤И╨░╨▒╨╗╨╛╨╜ [C:\Users\KusokMedi\Documents\GitHub\BetterShowcase\build\xdBot2.vcxproj]
  (╨║╨╛╨╝╨┐╨╕╨╗╤П╤Ж╨╕╤П ╨╕╤Б╤Е╨╛╨┤╨╜╨╛╨│╨╛ ╤Д╨░╨╣╨╗╨░ "../src/ui/button_edit_layer.cpp")
      C:\Users\KusokMedi\Documents\Geode\loader\include\Geode\loader\Event.hpp(960,12):
       ╤Б╨╝. ╨╛╨▒╤К╤П╨▓╨╗╨╡╨╜╨╕╨╡ "geode::Event"
  
C:\Users\KusokMedi\Documents\GitHub\BetterShowcase\src\renderer\ffmpeg\events.hpp(20,47): error C2955: "geode::Event": ╨┤╨╗╤П ╨╕╤Б╨┐╨╛╨╗╤М╨╖╨╛╨▓╨░╨╜╨╕╤П ╨║╨╗╨░╤Б╤Б ╤И╨░╨▒╨╗╨╛╨╜ ╤В╤А╨╡╨▒╤Г╨╡╤В╤Б╤П ╤Б╨┐╨╕╤Б╨╛╨║ ╨░╤А╨│╤Г╨╝╨╡╨╜╤В╨╛╨▓ ╤И╨░╨▒╨╗╨╛╨╜ [C:\Users\KusokMedi\Documents\GitHub\BetterShowcase\build\xdBot2.vcxproj]
  (╨║╨╛╨╝╨┐╨╕╨╗╤П╤Ж╨╕╤П ╨╕╤Б╤Е╨╛╨┤╨╜╨╛╨│╨╛ ╤Д╨░╨╣╨╗╨░ "../src/ui/button_edit_layer.cpp")
      C:\Users\KusokMedi\Documents\Geode\loader\include\Geode\loader\Event.hpp(960,12):
       ╤Б╨╝. ╨╛╨▒╤К╤П╨▓╨╗╨╡╨╜╨╕╨╡ "geode::Event"
  
C:\Users\KusokMedi\Documents\GitHub\BetterShowcase\src\renderer\ffmpeg\events.hpp(28,45): error C2955: "geode::Event": ╨┤╨╗╤П ╨╕╤Б╨┐╨╛╨╗╤М╨╖╨╛╨▓╨░╨╜╨╕╤П ╨║╨╗╨░╤Б╤Б ╤И╨░╨▒╨╗╨╛╨╜ ╤В╤А╨╡╨▒╤Г╨╡╤В╤Б╤П ╤Б╨┐╨╕╤Б╨╛╨║ ╨░╤А╨│╤Г╨╝╨╡╨╜╤В╨╛╨▓ ╤И╨░╨▒╨╗╨╛╨╜ [C:\Users\KusokMedi\Documents\GitHub\BetterShowcase\build\xdBot2.vcxproj]
  (╨║╨╛╨╝╨┐╨╕╨╗╤П╤Ж╨╕╤П ╨╕╤Б╤Е╨╛╨┤╨╜╨╛╨│╨╛ ╤Д╨░╨╣╨╗╨░ "../src/ui/button_edit_layer.cpp")
      C:\Users\KusokMedi\Documents\Geode\loader\include\Geode\loader\Event.hpp(960,12):
       ╤Б╨╝. ╨╛╨▒╤К╤П╨▓╨╗╨╡╨╜╨╕╨╡ "geode::Event"
  
C:\Users\KusokMedi\Documents\GitHub\BetterShowcase\src\renderer\ffmpeg\events.hpp(48,45): error C2955: "geode::Event": ╨┤╨╗╤П ╨╕╤Б╨┐╨╛╨╗╤М╨╖╨╛╨▓╨░╨╜╨╕╤П ╨║╨╗╨░╤Б╤Б ╤И╨░╨▒╨╗╨╛╨╜ ╤В╤А╨╡╨▒╤Г╨╡╤В╤Б╤П ╤Б╨┐╨╕╤Б╨╛╨║ ╨░╤А╨│╤Г╨╝╨╡╨╜╤В╨╛╨▓ ╤И╨░╨▒╨╗╨╛╨╜ [C:\Users\KusokMedi\Documents\GitHub\BetterShowcase\build\xdBot2.vcxproj]
  (╨║╨╛╨╝╨┐╨╕╨╗╤П╤Ж╨╕╤П ╨╕╤Б╤Е╨╛╨┤╨╜╨╛╨│╨╛ ╤Д╨░╨╣╨╗╨░ "../src/ui/button_edit_layer.cpp")
      C:\Users\KusokMedi\Documents\Geode\loader\include\Geode\loader\Event.hpp(960,12):
       ╤Б╨╝. ╨╛╨▒╤К╤П╨▓╨╗╨╡╨╜╨╕╨╡ "geode::Event"
  
C:\Users\KusokMedi\Documents\GitHub\BetterShowcase\src\renderer\ffmpeg\events.hpp(58,54): error C2955: "geode::Event": ╨┤╨╗╤П ╨╕╤Б╨┐╨╛╨╗╤М╨╖╨╛╨▓╨░╨╜╨╕╤П ╨║╨╗╨░╤Б╤Б ╤И╨░╨▒╨╗╨╛╨╜ ╤В╤А╨╡╨▒╤Г╨╡╤В╤Б╤П ╤Б╨┐╨╕╤Б╨╛╨║ ╨░╤А╨│╤Г╨╝╨╡╨╜╤В╨╛╨▓ ╤И╨░╨▒╨╗╨╛╨╜ [C:\Users\KusokMedi\Documents\GitHub\BetterShowcase\build\xdBot2.vcxproj]
  (╨║╨╛╨╝╨┐╨╕╨╗╤П╤Ж╨╕╤П ╨╕╤Б╤Е╨╛╨┤╨╜╨╛╨│╨╛ ╤Д╨░╨╣╨╗╨░ "../src/ui/button_edit_layer.cpp")
      C:\Users\KusokMedi\Documents\Geode\loader\include\Geode\loader\Event.hpp(960,12):
       ╤Б╨╝. ╨╛╨▒╤К╤П╨▓╨╗╨╡╨╜╨╕╨╡ "geode::Event"
  
C:\Users\KusokMedi\Documents\GitHub\BetterShowcase\src\renderer\ffmpeg\events.hpp(69,46): error C2955: "geode::Event": ╨┤╨╗╤П ╨╕╤Б╨┐╨╛╨╗╤М╨╖╨╛╨▓╨░╨╜╨╕╤П ╨║╨╗╨░╤Б╤Б ╤И╨░╨▒╨╗╨╛╨╜ ╤В╤А╨╡╨▒╤Г╨╡╤В╤Б╤П ╤Б╨┐╨╕╤Б╨╛╨║ ╨░╤А╨│╤Г╨╝╨╡╨╜╤В╨╛╨▓ ╤И╨░╨▒╨╗╨╛╨╜ [C:\Users\KusokMedi\Documents\GitHub\BetterShowcase\build\xdBot2.vcxproj]
  (╨║╨╛╨╝╨┐╨╕╨╗╤П╤Ж╨╕╤П ╨╕╤Б╤Е╨╛╨┤╨╜╨╛╨│╨╛ ╤Д╨░╨╣╨╗╨░ "../src/ui/button_edit_layer.cpp")
      C:\Users\KusokMedi\Documents\Geode\loader\include\Geode\loader\Event.hpp(960,12):
       ╤Б╨╝. ╨╛╨▒╤К╤П╨▓╨╗╨╡╨╜╨╕╨╡ "geode::Event"
  
C:\Users\KusokMedi\Documents\GitHub\BetterShowcase\src\renderer\ffmpeg\events.hpp(79,46): error C2955: "geode::Event": ╨┤╨╗╤П ╨╕╤Б╨┐╨╛╨╗╤М╨╖╨╛╨▓╨░╨╜╨╕╤П ╨║╨╗╨░╤Б╤Б ╤И╨░╨▒╨╗╨╛╨╜ ╤В╤А╨╡╨▒╤Г╨╡╤В╤Б╤П ╤Б╨┐╨╕╤Б╨╛╨║ ╨░╤А╨│╤Г╨╝╨╡╨╜╤В╨╛╨▓ ╤И╨░╨▒╨╗╨╛╨╜ [C:\Users\KusokMedi\Documents\GitHub\BetterShowcase\build\xdBot2.vcxproj]
  (╨║╨╛╨╝╨┐╨╕╨╗╤П╤Ж╨╕╤П ╨╕╤Б╤Е╨╛╨┤╨╜╨╛╨│╨╛ ╤Д╨░╨╣╨╗╨░ "../src/ui/button_edit_layer.cpp")
      C:\Users\KusokMedi\Documents\Geode\loader\include\Geode\loader\Event.hpp(960,12):
       ╤Б╨╝. ╨╛╨▒╤К╤П╨▓╨╗╨╡╨╜╨╕╨╡ "geode::Event"
  
C:\Users\KusokMedi\Documents\GitHub\BetterShowcase\src\renderer\ffmpeg\events.hpp(101,44): error C2955: "geode::Event": ╨┤╨╗╤П ╨╕╤Б╨┐╨╛╨╗╤М╨╖╨╛╨▓╨░╨╜╨╕╤П ╨║╨╗╨░╤Б╤Б ╤И╨░╨▒╨╗╨╛╨╜ ╤В╤А╨╡╨▒╤Г╨╡╤В╤Б╤П ╤Б╨┐╨╕╤Б╨╛╨║ ╨░╤А╨│╤Г╨╝╨╡╨╜╤В╨╛╨▓ ╤И╨░╨▒╨╗╨╛╨╜ [C:\Users\KusokMedi\Documents\GitHub\BetterShowcase\build\xdBot2.vcxproj]
  (╨║╨╛╨╝╨┐╨╕╨╗╤П╤Ж╨╕╤П ╨╕╤Б╤Е╨╛╨┤╨╜╨╛╨│╨╛ ╤Д╨░╨╣╨╗╨░ "../src/ui/button_edit_layer.cpp")
      C:\Users\KusokMedi\Documents\Geode\loader\include\Geode\loader\Event.hpp(960,12):
       ╤Б╨╝. ╨╛╨▒╤К╤П╨▓╨╗╨╡╨╜╨╕╨╡ "geode::Event"
  
C:\Users\KusokMedi\Documents\GitHub\BetterShowcase\src\renderer\ffmpeg\events.hpp(129,21): error C2039: "post": ╨╜╨╡ ╤П╨▓╨╗╤П╨╡╤В╤Б╤П ╤З╨╗╨╡╨╜╨╛╨╝ "ffmpeg::events::impl::CreateRecorderEvent". [C:\Users\KusokMedi\Documents\GitHub\BetterShowcase\build\xdBot2.vcxproj]
  (╨║╨╛╨╝╨┐╨╕╨╗╤П╤Ж╨╕╤П ╨╕╤Б╤Е╨╛╨┤╨╜╨╛╨│╨╛ ╤Д╨░╨╣╨╗╨░ "../src/ui/button_edit_layer.cpp")
      C:\Users\KusokMedi\Documents\GitHub\BetterShowcase\src\renderer\ffmpeg\events.hpp(11,11):
       ╤Б╨╝. ╨╛╨▒╤К╤П╨▓╨╗╨╡╨╜╨╕╨╡ "ffmpeg::events::impl::CreateRecorderEvent"
  
C:\Users\KusokMedi\Documents\GitHub\BetterShowcase\src\renderer\ffmpeg\events.hpp(135,21): error C2039: "post": ╨╜╨╡ ╤П╨▓╨╗╤П╨╡╤В╤Б╤П ╤З╨╗╨╡╨╜╨╛╨╝ "ffmpeg::events::impl::DeleteRecorderEvent". [C:\Users\KusokMedi\Documents\GitHub\BetterShowcase\build\xdBot2.vcxproj]
  (╨║╨╛╨╝╨┐╨╕╨╗╤П╤Ж╨╕╤П ╨╕╤Б╤Е╨╛╨┤╨╜╨╛╨│╨╛ ╤Д╨░╨╣╨╗╨░ "../src/ui/button_edit_layer.cpp")
      C:\Users\KusokMedi\Documents\GitHub\BetterShowcase\src\renderer\ffmpeg\events.hpp(20,11):
       ╤Б╨╝. ╨╛╨▒╤К╤П╨▓╨╗╨╡╨╜╨╕╨╡ "ffmpeg::events::impl::DeleteRecorderEvent"
  
C:\Users\KusokMedi\Documents\GitHub\BetterShowcase\src\renderer\ffmpeg\events.hpp(153,19): error C2039: "post": ╨╜╨╡ ╤П╨▓╨╗╤П╨╡╤В╤Б╤П ╤З╨╗╨╡╨╜╨╛╨╝ "ffmpeg::events::impl::InitRecorderEvent". [C:\Users\KusokMedi\Documents\GitHub\BetterShowcase\build\xdBot2.vcxproj]
  (╨║╨╛╨╝╨┐╨╕╨╗╤П╤Ж╨╕╤П ╨╕╤Б╤Е╨╛╨┤╨╜╨╛╨│╨╛ ╤Д╨░╨╣╨╗╨░ "../src/ui/button_edit_layer.cpp")
      C:\Users\KusokMedi\Documents\GitHub\BetterShowcase\src\renderer\ffmpeg\events.hpp(28,11):
       ╤Б╨╝. ╨╛╨▒╤К╤П╨▓╨╗╨╡╨╜╨╕╨╡ "ffmpeg::events::impl::InitRecorderEvent"
  
C:\Users\KusokMedi\Documents\GitHub\BetterShowcase\src\renderer\ffmpeg\events.hpp(163,40): error C2039: "post": ╨╜╨╡ ╤П╨▓╨╗╤П╨╡╤В╤Б╤П ╤З╨╗╨╡╨╜╨╛╨╝ "ffmpeg::events::impl::StopRecorderEvent". [C:\Users\KusokMedi\Documents\GitHub\BetterShowcase\build\xdBot2.vcxproj]
  (╨║╨╛╨╝╨┐╨╕╨╗╤П╤Ж╨╕╤П ╨╕╤Б╤Е╨╛╨┤╨╜╨╛╨│╨╛ ╤Д╨░╨╣╨╗╨░ "../src/ui/button_edit_layer.cpp")
      C:\Users\KusokMedi\Documents\GitHub\BetterShowcase\src\renderer\ffmpeg\events.hpp(48,11):
       ╤Б╨╝. ╨╛╨▒╤К╤П╨▓╨╗╨╡╨╜╨╕╨╡ "ffmpeg::events::impl::StopRecorderEvent"
  
C:\Users\KusokMedi\Documents\GitHub\BetterShowcase\src\renderer\ffmpeg\events.hpp(182,19): error C2039: "post": ╨╜╨╡ ╤П╨▓╨╗╤П╨╡╤В╤Б╤П ╤З╨╗╨╡╨╜╨╛╨╝ "ffmpeg::events::impl::GetWriteFrameFunctionEvent". [C:\Users\KusokMedi\Documents\GitHub\BetterShowcase\build\xdBot2.vcxproj]
  (╨║╨╛╨╝╨┐╨╕╨╗╤П╤Ж╨╕╤П ╨╕╤Б╤Е╨╛╨┤╨╜╨╛╨│╨╛ ╤Д╨░╨╣╨╗╨░ "../src/ui/button_edit_layer.cpp")
      C:\Users\KusokMedi\Documents\GitHub\BetterShowcase\src\renderer\ffmpeg\events.hpp(58,11):
       ╤Б╨╝. ╨╛╨▒╤К╤П╨▓╨╗╨╡╨╜╨╕╨╡ "ffmpeg::events::impl::GetWriteFrameFunctionEvent"
  
C:\Users\KusokMedi\Documents\GitHub\BetterShowcase\src\renderer\ffmpeg\events.hpp(199,20): error C2039: "post": ╨╜╨╡ ╤П╨▓╨╗╤П╨╡╤В╤Б╤П ╤З╨╗╨╡╨╜╨╛╨╝ "ffmpeg::events::impl::CodecRecorderEvent". [C:\Users\KusokMedi\Documents\GitHub\BetterShowcase\build\xdBot2.vcxproj]
  (╨║╨╛╨╝╨┐╨╕╨╗╤П╤Ж╨╕╤П ╨╕╤Б╤Е╨╛╨┤╨╜╨╛╨│╨╛ ╤Д╨░╨╣╨╗╨░ "../src/ui/button_edit_layer.cpp")
      C:\Users\KusokMedi\Documents\GitHub\BetterShowcase\src\renderer\ffmpeg\events.hpp(69,11):
       ╤Б╨╝. ╨╛╨▒╤К╤П╨▓╨╗╨╡╨╜╨╕╨╡ "ffmpeg::events::impl::CodecRecorderEvent"
  
C:\Users\KusokMedi\Documents\GitHub\BetterShowcase\src\renderer\ffmpeg\events.hpp(225,18): error C2039: "post": ╨╜╨╡ ╤П╨▓╨╗╤П╨╡╤В╤Б╤П ╤З╨╗╨╡╨╜╨╛╨╝ "ffmpeg::events::impl::MixVideoAudioEvent". [C:\Users\KusokMedi\Documents\GitHub\BetterShowcase\build\xdBot2.vcxproj]
  (╨║╨╛╨╝╨┐╨╕╨╗╤П╤Ж╨╕╤П ╨╕╤Б╤Е╨╛╨┤╨╜╨╛╨│╨╛ ╤Д╨░╨╣╨╗╨░ "../src/ui/button_edit_layer.cpp")
      C:\Users\KusokMedi\Documents\GitHub\BetterShowcase\src\renderer\ffmpeg\events.hpp(79,11):
       ╤Б╨╝. ╨╛╨▒╤К╤П╨▓╨╗╨╡╨╜╨╕╨╡ "ffmpeg::events::impl::MixVideoAudioEvent"
  
C:\Users\KusokMedi\Documents\GitHub\BetterShowcase\src\renderer\ffmpeg\events.hpp(244,18): error C2039: "post": ╨╜╨╡ ╤П╨▓╨╗╤П╨╡╤В╤Б╤П ╤З╨╗╨╡╨╜╨╛╨╝ "ffmpeg::events::impl::MixVideoRawEvent". [C:\Users\KusokMedi\Documents\GitHub\BetterShowcase\build\xdBot2.vcxproj]
  (╨║╨╛╨╝╨┐╨╕╨╗╤П╤Ж╨╕╤П ╨╕╤Б╤Е╨╛╨┤╨╜╨╛╨│╨╛ ╤Д╨░╨╣╨╗╨░ "../src/ui/button_edit_layer.cpp")
      C:\Users\KusokMedi\Documents\GitHub\BetterShowcase\src\renderer\ffmpeg\events.hpp(101,11):
       ╤Б╨╝. ╨╛╨▒╤К╤П╨▓╨╗╨╡╨╜╨╕╨╡ "ffmpeg::events::impl::MixVideoRawEvent"
  
C:\Users\KusokMedi\Documents\GitHub\BetterShowcase\src\includes.hpp(82,17): error C2059: ╤Б╨╕╨╜╤В╨░╨║╤Б╨╕╤З╨╡╤Б╨║╨░╤П ╨╛╤И╨╕╨▒╨║╨░: < [C:\Users\KusokMedi\Documents\GitHub\BetterShowcase\build\xdBot2.vcxproj]
  (╨║╨╛╨╝╨┐╨╕╨╗╤П╤Ж╨╕╤П ╨╕╤Б╤Е╨╛╨┤╨╜╨╛╨│╨╛ ╤Д╨░╨╣╨╗╨░ "../src/ui/button_edit_layer.cpp")
  
C:\Users\KusokMedi\Documents\GitHub\BetterShowcase\src\includes.hpp(82,36): error C2238: ╨╜╨╡╨┐╤А╨╡╨┤╨▓╨╕╨┤╨╡╨╜╨╜╤Л╨╡ ╨╗╨╡╨║╤Б╨╡╨╝╤Л ╨┐╨╡╤А╨╡╨┤ ";" [C:\Users\KusokMedi\Documents\GitHub\BetterShowcase\build\xdBot2.vcxproj]
  (╨║╨╛╨╝╨┐╨╕╨╗╤П╤Ж╨╕╤П ╨╕╤Б╤Е╨╛╨┤╨╜╨╛╨│╨╛ ╤Д╨░╨╣╨╗╨░ "../src/ui/button_edit_layer.cpp")
  
C:\Users\KusokMedi\Documents\GitHub\BetterShowcase\src\ui\button_edit_layer.hpp(23,44): error C2143: ╤Б╨╕╨╜╤В╨░╨║╤Б╨╕╤З╨╡╤Б╨║╨░╤П ╨╛╤И╨╕╨▒╨║╨░: ╨╛╤В╤Б╤Г╤В╤Б╤В╨▓╨╕╨╡ "," ╨┐╨╡╤А╨╡╨┤ "<" [C:\Users\KusokMedi\Documents\GitHub\BetterShowcase\build\xdBot2.vcxproj]
  (╨║╨╛╨╝╨┐╨╕╨╗╤П╤Ж╨╕╤П ╨╕╤Б╤Е╨╛╨┤╨╜╨╛╨│╨╛ ╤Д╨░╨╣╨╗╨░ "../src/ui/button_edit_layer.cpp")
  
C:\Users\KusokMedi\Documents\GitHub\BetterShowcase\src\ui\button_edit_layer.hpp(27,10): error C3668: ButtonEditLayer::setup: ╨╝╨╡╤В╨╛╨┤ ╤Б╨╛ ╤Б╨┐╨╡╤Ж╨╕╤Д╨╕╨║╨░╤В╨╛╤А╨╛╨╝ ╨┐╨╡╤А╨╡╨╛╨┐╤А╨╡╨┤╨╡╨╗╨╡╨╜╨╕╤П "override" ╨╜╨╡ ╨┐╨╡╤А╨╡╨╛╨┐╤А╨╡╨┤╨╡╨╗╤П╨╡╤В ╨║╨░╨║╨╕╨╡-╨╗╨╕╨▒╨╛ ╨╝╨╡╤В╨╛╨┤╤Л ╨▒╨░╨╖╨╛╨▓╨╛╨│╨╛ ╨║╨╗╨░╤Б╤Б╨░ [C:\Users\KusokMedi\Documents\GitHub\BetterShowcase\build\xdBot2.vcxproj]
  (╨║╨╛╨╝╨┐╨╕╨╗╤П╤Ж╨╕╤П ╨╕╤Б╤Е╨╛╨┤╨╜╨╛╨│╨╛ ╤Д╨░╨╣╨╗╨░ "../src/ui/button_edit_layer.cpp")
  
C:\Users\KusokMedi\Documents\GitHub\BetterShowcase\src\ui\button_edit_layer.hpp(31,5): error C2039: "initAnchored": ╨╜╨╡ ╤П╨▓╨╗╤П╨╡╤В╤Б╤П ╤З╨╗╨╡╨╜╨╛╨╝ "ButtonEditLayer". [C:\Users\KusokMedi\Documents\GitHub\BetterShowcase\build\xdBot2.vcxproj]
  (╨║╨╛╨╝╨┐╨╕╨╗╤П╤Ж╨╕╤П ╨╕╤Б╤Е╨╛╨┤╨╜╨╛╨│╨╛ ╤Д╨░╨╣╨╗╨░ "../src/ui/button_edit_layer.cpp")
      C:\Users\KusokMedi\Documents\GitHub\BetterShowcase\src\ui\button_edit_layer.hpp(23,7):
       ╤Б╨╝. ╨╛╨▒╤К╤П╨▓╨╗╨╡╨╜╨╕╨╡ "ButtonEditLayer"
  
C:\Users\KusokMedi\Documents\GitHub\BetterShowcase\src\ui\load_macro_layer.hpp(14,14): error C2059: ╤Б╨╕╨╜╤В╨░╨║╤Б╨╕╤З╨╡╤Б╨║╨░╤П ╨╛╤И╨╕╨▒╨║╨░: < [C:\Users\KusokMedi\Documents\GitHub\BetterShowcase\build\xdBot2.vcxproj]
  (╨║╨╛╨╝╨┐╨╕╨╗╤П╤Ж╨╕╤П ╨╕╤Б╤Е╨╛╨┤╨╜╨╛╨│╨╛ ╤Д╨░╨╣╨╗╨░ "../src/ui/button_edit_layer.cpp")
  
C:\Users\KusokMedi\Documents\GitHub\BetterShowcase\src\ui\load_macro_layer.hpp(14,37): error C2238: ╨╜╨╡╨┐╤А╨╡╨┤╨▓╨╕╨┤╨╡╨╜╨╜╤Л╨╡ ╨╗╨╡╨║╤Б╨╡╨╝╤Л ╨┐╨╡╤А╨╡╨┤ ";" [C:\Users\KusokMedi\Documents\GitHub\BetterShowcase\build\xdBot2.vcxproj]
  (╨║╨╛╨╝╨┐╨╕╨╗╤П╤Ж╨╕╤П ╨╕╤Б╤Е╨╛╨┤╨╜╨╛╨│╨╛ ╤Д╨░╨╣╨╗╨░ "../src/ui/button_edit_layer.cpp")
  
C:\Users\KusokMedi\Documents\GitHub\BetterShowcase\src\ui\load_macro_layer.hpp(15,14): error C2059: ╤Б╨╕╨╜╤В╨░╨║╤Б╨╕╤З╨╡╤Б╨║╨░╤П ╨╛╤И╨╕╨▒╨║╨░: < [C:\Users\KusokMedi\Documents\GitHub\BetterShowcase\build\xdBot2.vcxproj]
  (╨║╨╛╨╝╨┐╨╕╨╗╤П╤Ж╨╕╤П ╨╕╤Б╤Е╨╛╨┤╨╜╨╛╨│╨╛ ╤Д╨░╨╣╨╗╨░ "../src/ui/button_edit_layer.cpp")
  
C:\Users\KusokMedi\Documents\GitHub\BetterShowcase\src\ui\load_macro_layer.hpp(15,38): error C2238: ╨╜╨╡╨┐╤А╨╡╨┤╨▓╨╕╨┤╨╡╨╜╨╜╤Л╨╡ ╨╗╨╡╨║╤Б╨╡╨╝╤Л ╨┐╨╡╤А╨╡╨┤ ";" [C:\Users\KusokMedi\Documents\GitHub\BetterShowcase\build\xdBot2.vcxproj]
  (╨║╨╛╨╝╨┐╨╕╨╗╤П╤Ж╨╕╤П ╨╕╤Б╤Е╨╛╨┤╨╜╨╛╨│╨╛ ╤Д╨░╨╣╨╗╨░ "../src/ui/button_edit_layer.cpp")
  
C:\Users\KusokMedi\Documents\GitHub\BetterShowcase\src\ui\load_macro_layer.hpp(25,103): error C2143: ╤Б╨╕╨╜╤В╨░╨║╤Б╨╕╤З╨╡╤Б╨║╨░╤П ╨╛╤И╨╕╨▒╨║╨░: ╨╛╤В╤Б╤Г╤В╤Б╤В╨▓╨╕╨╡ ")" ╨┐╨╡╤А╨╡╨┤ "<" [C:\Users\KusokMedi\Documents\GitHub\BetterShowcase\build\xdBot2.vcxproj]
  (╨║╨╛╨╝╨┐╨╕╨╗╤П╤Ж╨╕╤П ╨╕╤Б╤Е╨╛╨┤╨╜╨╛╨│╨╛ ╤Д╨░╨╣╨╗╨░ "../src/ui/button_edit_layer.cpp")
  
C:\Users\KusokMedi\Documents\GitHub\BetterShowcase\src\ui\load_macro_layer.hpp(25,103): error C2143: ╤Б╨╕╨╜╤В╨░╨║╤Б╨╕╤З╨╡╤Б╨║╨░╤П ╨╛╤И╨╕╨▒╨║╨░: ╨╛╤В╤Б╤Г╤В╤Б╤В╨▓╨╕╨╡ ";" ╨┐╨╡╤А╨╡╨┤ "<" [C:\Users\KusokMedi\Documents\GitHub\BetterShowcase\build\xdBot2.vcxproj]
  (╨║╨╛╨╝╨┐╨╕╨╗╤П╤Ж╨╕╤П ╨╕╤Б╤Е╨╛╨┤╨╜╨╛╨│╨╛ ╤Д╨░╨╣╨╗╨░ "../src/ui/button_edit_layer.cpp")
  
C:\Users\KusokMedi\Documents\GitHub\BetterShowcase\src\ui\load_macro_layer.hpp(25,103): error C2059: ╤Б╨╕╨╜╤В╨░╨║╤Б╨╕╤З╨╡╤Б╨║╨░╤П ╨╛╤И╨╕╨▒╨║╨░: < [C:\Users\KusokMedi\Documents\GitHub\BetterShowcase\build\xdBot2.vcxproj]
  (╨║╨╛╨╝╨┐╨╕╨╗╤П╤Ж╨╕╤П ╨╕╤Б╤Е╨╛╨┤╨╜╨╛╨│╨╛ ╤Д╨░╨╣╨╗╨░ "../src/ui/button_edit_layer.cpp")
  
C:\Users\KusokMedi\Documents\GitHub\BetterShowcase\src\ui\load_macro_layer.hpp(25,164): error C2059: ╤Б╨╕╨╜╤В╨░╨║╤Б╨╕╤З╨╡╤Б╨║╨░╤П ╨╛╤И╨╕╨▒╨║╨░: ) [C:\Users\KusokMedi\Documents\GitHub\BetterShowcase\build\xdBot2.vcxproj]
  (╨║╨╛╨╝╨┐╨╕╨╗╤П╤Ж╨╕╤П ╨╕╤Б╤Е╨╛╨┤╨╜╨╛╨│╨╛ ╤Д╨░╨╣╨╗╨░ "../src/ui/button_edit_layer.cpp")
  
C:\Users\KusokMedi\Documents\GitHub\BetterShowcase\src\ui\load_macro_layer.hpp(25,165): error C2238: ╨╜╨╡╨┐╤А╨╡╨┤╨▓╨╕╨┤╨╡╨╜╨╜╤Л╨╡ ╨╗╨╡╨║╤Б╨╡╨╝╤Л ╨┐╨╡╤А╨╡╨┤ ";" [C:\Users\KusokMedi\Documents\GitHub\BetterShowcase\build\xdBot2.vcxproj]
  (╨║╨╛╨╝╨┐╨╕╨╗╤П╤Ж╨╕╤П ╨╕╤Б╤Е╨╛╨┤╨╜╨╛╨│╨╛ ╤Д╨░╨╣╨╗╨░ "../src/ui/button_edit_layer.cpp")
  
C:\Users\KusokMedi\Documents\GitHub\BetterShowcase\src\ui\load_macro_layer.hpp(27,88): error C2143: ╤Б╨╕╨╜╤В╨░╨║╤Б╨╕╤З╨╡╤Б╨║╨░╤П ╨╛╤И╨╕╨▒╨║╨░: ╨╛╤В╤Б╤Г╤В╤Б╤В╨▓╨╕╨╡ ")" ╨┐╨╡╤А╨╡╨┤ "<" [C:\Users\KusokMedi\Documents\GitHub\BetterShowcase\build\xdBot2.vcxproj]
  (╨║╨╛╨╝╨┐╨╕╨╗╤П╤Ж╨╕╤П ╨╕╤Б╤Е╨╛╨┤╨╜╨╛╨│╨╛ ╤Д╨░╨╣╨╗╨░ "../src/ui/button_edit_layer.cpp")
  
C:\Users\KusokMedi\Documents\GitHub\BetterShowcase\src\ui\load_macro_layer.hpp(27,88): error C2143: ╤Б╨╕╨╜╤В╨░╨║╤Б╨╕╤З╨╡╤Б╨║╨░╤П ╨╛╤И╨╕╨▒╨║╨░: ╨╛╤В╤Б╤Г╤В╤Б╤В╨▓╨╕╨╡ ";" ╨┐╨╡╤А╨╡╨┤ "<" [C:\Users\KusokMedi\Documents\GitHub\BetterShowcase\build\xdBot2.vcxproj]
  (╨║╨╛╨╝╨┐╨╕╨╗╤П╤Ж╨╕╤П ╨╕╤Б╤Е╨╛╨┤╨╜╨╛╨│╨╛ ╤Д╨░╨╣╨╗╨░ "../src/ui/button_edit_layer.cpp")
  
C:\Users\KusokMedi\Documents\GitHub\BetterShowcase\src\ui\load_macro_layer.hpp(27,88): error C2059: ╤Б╨╕╨╜╤В╨░╨║╤Б╨╕╤З╨╡╤Б╨║╨░╤П ╨╛╤И╨╕╨▒╨║╨░: < [C:\Users\KusokMedi\Documents\GitHub\BetterShowcase\build\xdBot2.vcxproj]
  (╨║╨╛╨╝╨┐╨╕╨╗╤П╤Ж╨╕╤П ╨╕╤Б╤Е╨╛╨┤╨╜╨╛╨│╨╛ ╤Д╨░╨╣╨╗╨░ "../src/ui/button_edit_layer.cpp")
  
C:\Users\KusokMedi\Documents\GitHub\BetterShowcase\src\ui\load_macro_layer.hpp(27,149): error C2059: ╤Б╨╕╨╜╤В╨░╨║╤Б╨╕╤З╨╡╤Б╨║╨░╤П ╨╛╤И╨╕╨▒╨║╨░: ) [C:\Users\KusokMedi\Documents\GitHub\BetterShowcase\build\xdBot2.vcxproj]
  (╨║╨╛╨╝╨┐╨╕╨╗╤П╤Ж╨╕╤П ╨╕╤Б╤Е╨╛╨┤╨╜╨╛╨│╨╛ ╤Д╨░╨╣╨╗╨░ "../src/ui/button_edit_layer.cpp")
  
C:\Users\KusokMedi\Documents\GitHub\BetterShowcase\src\ui\load_macro_layer.hpp(27,150): error C2238: ╨╜╨╡╨┐╤А╨╡╨┤╨▓╨╕╨┤╨╡╨╜╨╜╤Л╨╡ ╨╗╨╡╨║╤Б╨╡╨╝╤Л ╨┐╨╡╤А╨╡╨┤ ";" [C:\Users\KusokMedi\Documents\GitHub\BetterShowcase\build\xdBot2.vcxproj]
  (╨║╨╛╨╝╨┐╨╕╨╗╤П╤Ж╨╕╤П ╨╕╤Б╤Е╨╛╨┤╨╜╨╛╨│╨╛ ╤Д╨░╨╣╨╗╨░ "../src/ui/button_edit_layer.cpp")
  
C:\Users\KusokMedi\Documents\GitHub\BetterShowcase\src\ui\load_macro_layer.hpp(42,43): error C2143: ╤Б╨╕╨╜╤В╨░╨║╤Б╨╕╤З╨╡╤Б╨║╨░╤П ╨╛╤И╨╕╨▒╨║╨░: ╨╛╤В╤Б╤Г╤В╤Б╤В╨▓╨╕╨╡ "," ╨┐╨╡╤А╨╡╨┤ "<" [C:\Users\KusokMedi\Documents\GitHub\BetterShowcase\build\xdBot2.vcxproj]
  (╨║╨╛╨╝╨┐╨╕╨╗╤П╤Ж╨╕╤П ╨╕╤Б╤Е╨╛╨┤╨╜╨╛╨│╨╛ ╤Д╨░╨╣╨╗╨░ "../src/ui/button_edit_layer.cpp")
  
C:\Users\KusokMedi\Documents\GitHub\BetterShowcase\src\ui\load_macro_layer.hpp(45,14): error C2059: ╤Б╨╕╨╜╤В╨░╨║╤Б╨╕╤З╨╡╤Б╨║╨░╤П ╨╛╤И╨╕╨▒╨║╨░: < [C:\Users\KusokMedi\Documents\GitHub\BetterShowcase\build\xdBot2.vcxproj]
  (╨║╨╛╨╝╨┐╨╕╨╗╤П╤Ж╨╕╤П ╨╕╤Б╤Е╨╛╨┤╨╜╨╛╨│╨╛ ╤Д╨░╨╣╨╗╨░ "../src/ui/button_edit_layer.cpp")
  
C:\Users\KusokMedi\Documents\GitHub\BetterShowcase\src\ui\load_macro_layer.hpp(45,37): error C2238: ╨╜╨╡╨┐╤А╨╡╨┤╨▓╨╕╨┤╨╡╨╜╨╜╤Л╨╡ ╨╗╨╡╨║╤Б╨╡╨╝╤Л ╨┐╨╡╤А╨╡╨┤ ";" [C:\Users\KusokMedi\Documents\GitHub\BetterShowcase\build\xdBot2.vcxproj]
  (╨║╨╛╨╝╨┐╨╕╨╗╤П╤Ж╨╕╤П ╨╕╤Б╤Е╨╛╨┤╨╜╨╛╨│╨╛ ╤Д╨░╨╣╨╗╨░ "../src/ui/button_edit_layer.cpp")
  
C:\Users\KusokMedi\Documents\GitHub\BetterShowcase\src\ui\load_macro_layer.hpp(46,14): error C2059: ╤Б╨╕╨╜╤В╨░╨║╤Б╨╕╤З╨╡╤Б╨║╨░╤П ╨╛╤И╨╕╨▒╨║╨░: < [C:\Users\KusokMedi\Documents\GitHub\BetterShowcase\build\xdBot2.vcxproj]
  (╨║╨╛╨╝╨┐╨╕╨╗╤П╤Ж╨╕╤П ╨╕╤Б╤Е╨╛╨┤╨╜╨╛╨│╨╛ ╤Д╨░╨╣╨╗╨░ "../src/ui/button_edit_layer.cpp")
  
C:\Users\KusokMedi\Documents\GitHub\BetterShowcase\src\ui\load_macro_layer.hpp(46,38): error C2238: ╨╜╨╡╨┐╤А╨╡╨┤╨▓╨╕╨┤╨╡╨╜╨╜╤Л╨╡ ╨╗╨╡╨║╤Б╨╡╨╝╤Л ╨┐╨╡╤А╨╡╨┤ ";" [C:\Users\KusokMedi\Documents\GitHub\BetterShowcase\build\xdBot2.vcxproj]
  (╨║╨╛╨╝╨┐╨╕╨╗╤П╤Ж╨╕╤П ╨╕╤Б╤Е╨╛╨┤╨╜╨╛╨│╨╛ ╤Д╨░╨╣╨╗╨░ "../src/ui/button_edit_layer.cpp")
  
C:\Users\KusokMedi\Documents\GitHub\BetterShowcase\src\ui\load_macro_layer.hpp(69,44): error C2143: ╤Б╨╕╨╜╤В╨░╨║╤Б╨╕╤З╨╡╤Б╨║╨░╤П ╨╛╤И╨╕╨▒╨║╨░: ╨╛╤В╤Б╤Г╤В╤Б╤В╨▓╨╕╨╡ ")" ╨┐╨╡╤А╨╡╨┤ "<" [C:\Users\KusokMedi\Documents\GitHub\BetterShowcase\build\xdBot2.vcxproj]
  (╨║╨╛╨╝╨┐╨╕╨╗╤П╤Ж╨╕╤П ╨╕╤Б╤Е╨╛╨┤╨╜╨╛╨│╨╛ ╤Д╨░╨╣╨╗╨░ "../src/ui/button_edit_layer.cpp")
  
C:\Users\KusokMedi\Documents\GitHub\BetterShowcase\src\ui\load_macro_layer.hpp(69,44): error C2143: ╤Б╨╕╨╜╤В╨░╨║╤Б╨╕╤З╨╡╤Б╨║╨░╤П ╨╛╤И╨╕╨▒╨║╨░: ╨╛╤В╤Б╤Г╤В╤Б╤В╨▓╨╕╨╡ ";" ╨┐╨╡╤А╨╡╨┤ "<" [C:\Users\KusokMedi\Documents\GitHub\BetterShowcase\build\xdBot2.vcxproj]
  (╨║╨╛╨╝╨┐╨╕╨╗╤П╤Ж╨╕╤П ╨╕╤Б╤Е╨╛╨┤╨╜╨╛╨│╨╛ ╤Д╨░╨╣╨╗╨░ "../src/ui/button_edit_layer.cpp")
  
C:\Users\KusokMedi\Documents\GitHub\BetterShowcase\src\ui\load_macro_layer.hpp(69,44): error C2059: ╤Б╨╕╨╜╤В╨░╨║╤Б╨╕╤З╨╡╤Б╨║╨░╤П ╨╛╤И╨╕╨▒╨║╨░: < [C:\Users\KusokMedi\Documents\GitHub\BetterShowcase\build\xdBot2.vcxproj]
  (╨║╨╛╨╝╨┐╨╕╨╗╤П╤Ж╨╕╤П ╨╕╤Б╤Е╨╛╨┤╨╜╨╛╨│╨╛ ╤Д╨░╨╣╨╗╨░ "../src/ui/button_edit_layer.cpp")
  
C:\Users\KusokMedi\Documents\GitHub\BetterShowcase\src\ui\load_macro_layer.hpp(69,93): error C2059: ╤Б╨╕╨╜╤В╨░╨║╤Б╨╕╤З╨╡╤Б╨║╨░╤П ╨╛╤И╨╕╨▒╨║╨░: ) [C:\Users\KusokMedi\Documents\GitHub\BetterShowcase\build\xdBot2.vcxproj]
  (╨║╨╛╨╝╨┐╨╕╨╗╤П╤Ж╨╕╤П ╨╕╤Б╤Е╨╛╨┤╨╜╨╛╨│╨╛ ╤Д╨░╨╣╨╗╨░ "../src/ui/button_edit_layer.cpp")
  
C:\Users\KusokMedi\Documents\GitHub\BetterShowcase\src\ui\load_macro_layer.hpp(69,94): error C2238: ╨╜╨╡╨┐╤А╨╡╨┤╨▓╨╕╨┤╨╡╨╜╨╜╤Л╨╡ ╨╗╨╡╨║╤Б╨╡╨╝╤Л ╨┐╨╡╤А╨╡╨┤ ";" [C:\Users\KusokMedi\Documents\GitHub\BetterShowcase\build\xdBot2.vcxproj]
  (╨║╨╛╨╝╨┐╨╕╨╗╤П╤Ж╨╕╤П ╨╕╤Б╤Е╨╛╨┤╨╜╨╛╨│╨╛ ╤Д╨░╨╣╨╗╨░ "../src/ui/button_edit_layer.cpp")
  
C:\Users\KusokMedi\Documents\GitHub\BetterShowcase\src\ui\load_macro_layer.hpp(71,25): error C2143: ╤Б╨╕╨╜╤В╨░╨║╤Б╨╕╤З╨╡╤Б╨║╨░╤П ╨╛╤И╨╕╨▒╨║╨░: ╨╛╤В╤Б╤Г╤В╤Б╤В╨▓╨╕╨╡ ")" ╨┐╨╡╤А╨╡╨┤ "<" [C:\Users\KusokMedi\Documents\GitHub\BetterShowcase\build\xdBot2.vcxproj]
  (╨║╨╛╨╝╨┐╨╕╨╗╤П╤Ж╨╕╤П ╨╕╤Б╤Е╨╛╨┤╨╜╨╛╨│╨╛ ╤Д╨░╨╣╨╗╨░ "../src/ui/button_edit_layer.cpp")
  
C:\Users\KusokMedi\Documents\GitHub\BetterShowcase\src\ui\load_macro_layer.hpp(71,25): error C2143: ╤Б╨╕╨╜╤В╨░╨║╤Б╨╕╤З╨╡╤Б╨║╨░╤П ╨╛╤И╨╕╨▒╨║╨░: ╨╛╤В╤Б╤Г╤В╤Б╤В╨▓╨╕╨╡ ";" ╨┐╨╡╤А╨╡╨┤ "<" [C:\Users\KusokMedi\Documents\GitHub\BetterShowcase\build\xdBot2.vcxproj]
  (╨║╨╛╨╝╨┐╨╕╨╗╤П╤Ж╨╕╤П ╨╕╤Б╤Е╨╛╨┤╨╜╨╛╨│╨╛ ╤Д╨░╨╣╨╗╨░ "../src/ui/button_edit_layer.cpp")
  
C:\Users\KusokMedi\Documents\GitHub\BetterShowcase\src\ui\load_macro_layer.hpp(71,25): error C2059: ╤Б╨╕╨╜╤В╨░╨║╤Б╨╕╤З╨╡╤Б╨║╨░╤П ╨╛╤И╨╕╨▒╨║╨░: < [C:\Users\KusokMedi\Documents\GitHub\BetterShowcase\build\xdBot2.vcxproj]
  (╨║╨╛╨╝╨┐╨╕╨╗╤П╤Ж╨╕╤П ╨╕╤Б╤Е╨╛╨┤╨╜╨╛╨│╨╛ ╤Д╨░╨╣╨╗╨░ "../src/ui/button_edit_layer.cpp")
  
C:\Users\KusokMedi\Documents\GitHub\BetterShowcase\src\ui\load_macro_layer.hpp(71,74): error C2059: ╤Б╨╕╨╜╤В╨░╨║╤Б╨╕╤З╨╡╤Б╨║╨░╤П ╨╛╤И╨╕╨▒╨║╨░: ) [C:\Users\KusokMedi\Documents\GitHub\BetterShowcase\build\xdBot2.vcxproj]
  (╨║╨╛╨╝╨┐╨╕╨╗╤П╤Ж╨╕╤П ╨╕╤Б╤Е╨╛╨┤╨╜╨╛╨│╨╛ ╤Д╨░╨╣╨╗╨░ "../src/ui/button_edit_layer.cpp")
  
C:\Users\KusokMedi\Documents\GitHub\BetterShowcase\src\ui\load_macro_layer.hpp(71,84): error C2238: ╨╜╨╡╨┐╤А╨╡╨┤╨▓╨╕╨┤╨╡╨╜╨╜╤Л╨╡ ╨╗╨╡╨║╤Б╨╡╨╝╤Л ╨┐╨╡╤А╨╡╨┤ ";" [C:\Users\KusokMedi\Documents\GitHub\BetterShowcase\build\xdBot2.vcxproj]
  (╨║╨╛╨╝╨┐╨╕╨╗╤П╤Ж╨╕╤П ╨╕╤Б╤Е╨╛╨┤╨╜╨╛╨│╨╛ ╤Д╨░╨╣╨╗╨░ "../src/ui/button_edit_layer.cpp")
  
C:\Users\KusokMedi\Documents\GitHub\BetterShowcase\src\ui\load_macro_layer.hpp(73,31): error C2143: ╤Б╨╕╨╜╤В╨░╨║╤Б╨╕╤З╨╡╤Б╨║╨░╤П ╨╛╤И╨╕╨▒╨║╨░: ╨╛╤В╤Б╤Г╤В╤Б╤В╨▓╨╕╨╡ ")" ╨┐╨╡╤А╨╡╨┤ "<" [C:\Users\KusokMedi\Documents\GitHub\BetterShowcase\build\xdBot2.vcxproj]
  (╨║╨╛╨╝╨┐╨╕╨╗╤П╤Ж╨╕╤П ╨╕╤Б╤Е╨╛╨┤╨╜╨╛╨│╨╛ ╤Д╨░╨╣╨╗╨░ "../src/ui/button_edit_layer.cpp")
  
C:\Users\KusokMedi\Documents\GitHub\BetterShowcase\src\ui\load_macro_layer.hpp(73,31): error C2143: ╤Б╨╕╨╜╤В╨░╨║╤Б╨╕╤З╨╡╤Б╨║╨░╤П ╨╛╤И╨╕╨▒╨║╨░: ╨╛╤В╤Б╤Г╤В╤Б╤В╨▓╨╕╨╡ ";" ╨┐╨╡╤А╨╡╨┤ "<" [C:\Users\KusokMedi\Documents\GitHub\BetterShowcase\build\xdBot2.vcxproj]
  (╨║╨╛╨╝╨┐╨╕╨╗╤П╤Ж╨╕╤П ╨╕╤Б╤Е╨╛╨┤╨╜╨╛╨│╨╛ ╤Д╨░╨╣╨╗╨░ "../src/ui/button_edit_layer.cpp")
  
C:\Users\KusokMedi\Documents\GitHub\BetterShowcase\src\ui\load_macro_layer.hpp(73,31): error C2059: ╤Б╨╕╨╜╤В╨░╨║╤Б╨╕╤З╨╡╤Б╨║╨░╤П ╨╛╤И╨╕╨▒╨║╨░: < [C:\Users\KusokMedi\Documents\GitHub\BetterShowcase\build\xdBot2.vcxproj]
  (╨║╨╛╨╝╨┐╨╕╨╗╤П╤Ж╨╕╤П ╨╕╤Б╤Е╨╛╨┤╨╜╨╛╨│╨╛ ╤Д╨░╨╣╨╗╨░ "../src/ui/button_edit_layer.cpp")
  
C:\Users\KusokMedi\Documents\GitHub\BetterShowcase\src\ui\load_macro_layer.hpp(73,88): error C2059: ╤Б╨╕╨╜╤В╨░╨║╤Б╨╕╤З╨╡╤Б╨║╨░╤П ╨╛╤И╨╕╨▒╨║╨░: ) [C:\Users\KusokMedi\Documents\GitHub\BetterShowcase\build\xdBot2.vcxproj]
  (╨║╨╛╨╝╨┐╨╕╨╗╤П╤Ж╨╕╤П ╨╕╤Б╤Е╨╛╨┤╨╜╨╛╨│╨╛ ╤Д╨░╨╣╨╗╨░ "../src/ui/button_edit_layer.cpp")
  
C:\Users\KusokMedi\Documents\GitHub\BetterShowcase\src\ui\load_macro_layer.hpp(73,89): error C2238: ╨╜╨╡╨┐╤А╨╡╨┤╨▓╨╕╨┤╨╡╨╜╨╜╤Л╨╡ ╨╗╨╡╨║╤Б╨╡╨╝╤Л ╨┐╨╡╤А╨╡╨┤ ";" [C:\Users\KusokMedi\Documents\GitHub\BetterShowcase\build\xdBot2.vcxproj]
  (╨║╨╛╨╝╨┐╨╕╨╗╤П╤Ж╨╕╤П ╨╕╤Б╤Е╨╛╨┤╨╜╨╛╨│╨╛ ╤Д╨░╨╣╨╗╨░ "../src/ui/button_edit_layer.cpp")
  
C:\Users\KusokMedi\Documents\GitHub\BetterShowcase\src\ui\load_macro_layer.hpp(79,7): error C3668: LoadMacroLayer::textChanged: ╨╝╨╡╤В╨╛╨┤ ╤Б╨╛ ╤Б╨┐╨╡╤Ж╨╕╤Д╨╕╨║╨░╤В╨╛╤А╨╛╨╝ ╨┐╨╡╤А╨╡╨╛╨┐╤А╨╡╨┤╨╡╨╗╨╡╨╜╨╕╤П "override" ╨╜╨╡ ╨┐╨╡╤А╨╡╨╛╨┐╤А╨╡╨┤╨╡╨╗╤П╨╡╤В ╨║╨░╨║╨╕╨╡-╨╗╨╕╨▒╨╛ ╨╝╨╡╤В╨╛╨┤╤Л ╨▒╨░╨╖╨╛╨▓╨╛╨│╨╛ ╨║╨╗╨░╤Б╤Б╨░ [C:\Users\KusokMedi\Documents\GitHub\BetterShowcase\build\xdBot2.vcxproj]
  (╨║╨╛╨╝╨┐╨╕╨╗╤П╤Ж╨╕╤П ╨╕╤Б╤Е╨╛╨┤╨╜╨╛╨│╨╛ ╤Д╨░╨╣╨╗╨░ "../src/ui/button_edit_layer.cpp")
  
C:\Users\KusokMedi\Documents\GitHub\BetterShowcase\src\ui\render_settings_layer.hpp(5,48): error C2143: ╤Б╨╕╨╜╤В╨░╨║╤Б╨╕╤З╨╡╤Б╨║╨░╤П ╨╛╤И╨╕╨▒╨║╨░: ╨╛╤В╤Б╤Г╤В╤Б╤В╨▓╨╕╨╡ "," ╨┐╨╡╤А╨╡╨┤ "<" [C:\Users\KusokMedi\Documents\GitHub\BetterShowcase\build\xdBot2.vcxproj]
  (╨║╨╛╨╝╨┐╨╕╨╗╤П╤Ж╨╕╤П ╨╕╤Б╤Е╨╛╨┤╨╜╨╛╨│╨╛ ╤Д╨░╨╣╨╗╨░ "../src/ui/button_edit_layer.cpp")
  
C:\Users\KusokMedi\Documents\GitHub\BetterShowcase\src\ui\render_settings_layer.hpp(27,7): error C3668: RenderSettingsLayer::setup: ╨╝╨╡╤В╨╛╨┤ ╤Б╨╛ ╤Б╨┐╨╡╤Ж╨╕╤Д╨╕╨║╨░╤В╨╛╤А╨╛╨╝ ╨┐╨╡╤А╨╡╨╛╨┐╤А╨╡╨┤╨╡╨╗╨╡╨╜╨╕╤П "override" ╨╜╨╡ ╨┐╨╡╤А╨╡╨╛╨┐╤А╨╡╨┤╨╡╨╗╤П╨╡╤В ╨║╨░╨║╨╕╨╡-╨╗╨╕╨▒╨╛ ╨╝╨╡╤В╨╛╨┤╤Л ╨▒╨░╨╖╨╛╨▓╨╛╨│╨╛ ╨║╨╗╨░╤Б╤Б╨░ [C:\Users\KusokMedi\Documents\GitHub\BetterShowcase\build\xdBot2.vcxproj]
  (╨║╨╛╨╝╨┐╨╕╨╗╤П╤Ж╨╕╤П ╨╕╤Б╤Е╨╛╨┤╨╜╨╛╨│╨╛ ╤Д╨░╨╣╨╗╨░ "../src/ui/button_edit_layer.cpp")
  
C:\Users\KusokMedi\Documents\GitHub\BetterShowcase\src\ui\render_settings_layer.hpp(41,7): error C3668: RenderSettingsLayer::textChanged: ╨╝╨╡╤В╨╛╨┤ ╤Б╨╛ ╤Б╨┐╨╡╤Ж╨╕╤Д╨╕╨║╨░╤В╨╛╤А╨╛╨╝ ╨┐╨╡╤А╨╡╨╛╨┐╤А╨╡╨┤╨╡╨╗╨╡╨╜╨╕╤П "override" ╨╜╨╡ ╨┐╨╡╤А╨╡╨╛╨┐╤А╨╡╨┤╨╡╨╗╤П╨╡╤В ╨║╨░╨║╨╕╨╡-╨╗╨╕╨▒╨╛ ╨╝╨╡╤В╨╛╨┤╤Л ╨▒╨░╨╖╨╛╨▓╨╛╨│╨╛ ╨║╨╗╨░╤Б╤Б╨░ [C:\Users\KusokMedi\Documents\GitHub\BetterShowcase\build\xdBot2.vcxproj]
  (╨║╨╛╨╝╨┐╨╕╨╗╤П╤Ж╨╕╤П ╨╕╤Б╤Е╨╛╨┤╨╜╨╛╨│╨╛ ╤Д╨░╨╣╨╗╨░ "../src/ui/button_edit_layer.cpp")
  
C:\Users\KusokMedi\Documents\GitHub\BetterShowcase\src\ui\render_settings_layer.hpp(31,2): error C2039: "initAnchored": ╨╜╨╡ ╤П╨▓╨╗╤П╨╡╤В╤Б╤П ╤З╨╗╨╡╨╜╨╛╨╝ "RenderSettingsLayer". [C:\Users\KusokMedi\Documents\GitHub\BetterShowcase\build\xdBot2.vcxproj]
  (╨║╨╛╨╝╨┐╨╕╨╗╤П╤Ж╨╕╤П ╨╕╤Б╤Е╨╛╨┤╨╜╨╛╨│╨╛ ╤Д╨░╨╣╨╗╨░ "../src/ui/button_edit_layer.cpp")
      C:\Users\KusokMedi\Documents\GitHub\BetterShowcase\src\ui\render_settings_layer.hpp(5,7):
       ╤Б╨╝. ╨╛╨▒╤К╤П╨▓╨╗╨╡╨╜╨╕╨╡ "RenderSettingsLayer"
  
C:\Users\KusokMedi\Documents\GitHub\BetterShowcase\src\ui\save_macro_layer.hpp(4,43): error C2143: ╤Б╨╕╨╜╤В╨░╨║╤Б╨╕╤З╨╡╤Б╨║╨░╤П ╨╛╤И╨╕╨▒╨║╨░: ╨╛╤В╤Б╤Г╤В╤Б╤В╨▓╨╕╨╡ "," ╨┐╨╡╤А╨╡╨┤ "<" [C:\Users\KusokMedi\Documents\GitHub\BetterShowcase\build\xdBot2.vcxproj]
  (╨║╨╛╨╝╨┐╨╕╨╗╤П╤Ж╨╕╤П ╨╕╤Б╤Е╨╛╨┤╨╜╨╛╨│╨╛ ╤Д╨░╨╣╨╗╨░ "../src/ui/button_edit_layer.cpp")
  
C:\Users\KusokMedi\Documents\GitHub\BetterShowcase\src\ui\save_macro_layer.hpp(14,10): error C3668: SaveMacroLayer::setup: ╨╝╨╡╤В╨╛╨┤ ╤Б╨╛ ╤Б╨┐╨╡╤Ж╨╕╤Д╨╕╨║╨░╤В╨╛╤А╨╛╨╝ ╨┐╨╡╤А╨╡╨╛╨┐╤А╨╡╨┤╨╡╨╗╨╡╨╜╨╕╤П "override" ╨╜╨╡ ╨┐╨╡╤А╨╡╨╛╨┐╤А╨╡╨┤╨╡╨╗╤П╨╡╤В ╨║╨░╨║╨╕╨╡-╨╗╨╕╨▒╨╛ ╨╝╨╡╤В╨╛╨┤╤Л ╨▒╨░╨╖╨╛╨▓╨╛╨│╨╛ ╨║╨╗╨░╤Б╤Б╨░ [C:\Users\KusokMedi\Documents\GitHub\BetterShowcase\build\xdBot2.vcxproj]
  (╨║╨╛╨╝╨┐╨╕╨╗╤П╤Ж╨╕╤П ╨╕╤Б╤Е╨╛╨┤╨╜╨╛╨│╨╛ ╤Д╨░╨╣╨╗╨░ "../src/ui/button_edit_layer.cpp")
  
C:\Users\KusokMedi\Documents\GitHub\BetterShowcase\src\ui\save_macro_layer.hpp(15,16): error C2664: "void Utils::setBackgroundColor(cocos2d::extension::CCScale9Sprite *)": ╨╜╨╡╨▓╨╛╨╖╨╝╨╛╨╢╨╜╨╛ ╨┐╤А╨╡╨╛╨▒╤А╨░╨╖╨╛╨▓╨░╤В╤М ╨░╤А╨│╤Г╨╝╨╡╨╜╤В 1 ╨╕╨╖ "geode::NineSlice *" ╨▓ "cocos2d::extension::CCScale9Sprite *" [C:\Users\KusokMedi\Documents\GitHub\BetterShowcase\build\xdBot2.vcxproj]
  (╨║╨╛╨╝╨┐╨╕╨╗╤П╤Ж╨╕╤П ╨╕╤Б╤Е╨╛╨┤╨╜╨╛╨│╨╛ ╤Д╨░╨╣╨╗╨░ "../src/ui/button_edit_layer.cpp")
      C:\Users\KusokMedi\Documents\GitHub\BetterShowcase\src\ui\save_macro_layer.hpp(15,35):
      ╨в╨╕╨┐╤Л, ╨╜╨░ ╨║╨╛╤В╨╛╤А╤Л╨╡ ╤Г╨║╨░╨╖╤Л╨▓╨░╤О╤В ╤Г╨║╨░╨╖╨░╤В╨╡╨╗╨╕, ╨╜╨╡ ╤Б╨▓╤П╨╖╨░╨╜╤Л; ╨┤╨╗╤П ╨┐╤А╨╡╨╛╨▒╤А╨░╨╖╨╛╨▓╨░╨╜╨╕╤П ╤В╤А╨╡╨▒╤Г╨╡╤В╤Б╤П reinterpret_cast, ╨┐╤А╨╕╨▓╨╡╨┤╨╡╨╜╨╕╨╡ ╨▓ ╤Б╤В╨╕╨╗╨╡ ╨б ╨╕╨╗╨╕ ╨┐╤А╨╕╨▓╨╡╨┤╨╡╨╜╨╕╨╡ ╨▓ ╤Б╤В╨╕╨╗╨╡ ╤Д╤Г╨╜╨║╤Ж╨╕╨╕ ╨▓ ╨║╤А╤Г╨│╨╗╤Л╤Е ╤Б╨║╨╛╨▒╨║╨░╤Е
      C:\Users\KusokMedi\Documents\GitHub\BetterShowcase\src\utils\utils.hpp(18,17):
       ╤Б╨╝. ╨╛╨▒╤К╤П╨▓╨╗╨╡╨╜╨╕╨╡ "Utils::setBackgroundColor"
      C:\Users\KusokMedi\Documents\GitHub\BetterShowcase\src\ui\save_macro_layer.hpp(15,16):
      ╨┐╤А╨╕ ╨┐╨╛╨┐╤Л╤В╨║╨╡ ╤Б╨╛╨┐╨╛╤Б╤В╨░╨▓╨╕╤В╤М ╤Б╨┐╨╕╤Б╨╛╨║ ╨░╤А╨│╤Г╨╝╨╡╨╜╤В╨╛╨▓ "(geode::NineSlice *)"
  
C:\Users\KusokMedi\Documents\GitHub\BetterShowcase\src\ui\save_macro_layer.hpp(73,5): error C2039: "initAnchored": ╨╜╨╡ ╤П╨▓╨╗╤П╨╡╤В╤Б╤П ╤З╨╗╨╡╨╜╨╛╨╝ "SaveMacroLayer". [C:\Users\KusokMedi\Documents\GitHub\BetterShowcase\build\xdBot2.vcxproj]
  (╨║╨╛╨╝╨┐╨╕╨╗╤П╤Ж╨╕╤П ╨╕╤Б╤Е╨╛╨┤╨╜╨╛╨│╨╛ ╤Д╨░╨╣╨╗╨░ "../src/ui/button_edit_layer.cpp")
      C:\Users\KusokMedi\Documents\GitHub\BetterShowcase\src\ui\save_macro_layer.hpp(4,7):
       ╤Б╨╝. ╨╛╨▒╤К╤П╨▓╨╗╨╡╨╜╨╕╨╡ "SaveMacroLayer"
  
C:\Users\KusokMedi\Documents\GitHub\BetterShowcase\src\ui\macro_info_layer.hpp(5,43): error C2143: ╤Б╨╕╨╜╤В╨░╨║╤Б╨╕╤З╨╡╤Б╨║╨░╤П ╨╛╤И╨╕╨▒╨║╨░: ╨╛╤В╤Б╤Г╤В╤Б╤В╨▓╨╕╨╡ "," ╨┐╨╡╤А╨╡╨┤ "<" [C:\Users\KusokMedi\Documents\GitHub\BetterShowcase\build\xdBot2.vcxproj]
  (╨║╨╛╨╝╨┐╨╕╨╗╤П╤Ж╨╕╤П ╨╕╤Б╤Е╨╛╨┤╨╜╨╛╨│╨╛ ╤Д╨░╨╣╨╗╨░ "../src/ui/button_edit_layer.cpp")
  
C:\Users\KusokMedi\Documents\GitHub\BetterShowcase\src\ui\macro_info_layer.hpp(21,10): error C3668: MacroInfoLayer::setup: ╨╝╨╡╤В╨╛╨┤ ╤Б╨╛ ╤Б╨┐╨╡╤Ж╨╕╤Д╨╕╨║╨░╤В╨╛╤А╨╛╨╝ ╨┐╨╡╤А╨╡╨╛╨┐╤А╨╡╨┤╨╡╨╗╨╡╨╜╨╕╤П "override" ╨╜╨╡ ╨┐╨╡╤А╨╡╨╛╨┐╤А╨╡╨┤╨╡╨╗╤П╨╡╤В ╨║╨░╨║╨╕╨╡-╨╗╨╕╨▒╨╛ ╨╝╨╡╤В╨╛╨┤╤Л ╨▒╨░╨╖╨╛╨▓╨╛╨│╨╛ ╨║╨╗╨░╤Б╤Б╨░ [C:\Users\KusokMedi\Documents\GitHub\BetterShowcase\build\xdBot2.vcxproj]
  (╨║╨╛╨╝╨┐╨╕╨╗╤П╤Ж╨╕╤П ╨╕╤Б╤Е╨╛╨┤╨╜╨╛╨│╨╛ ╤Д╨░╨╣╨╗╨░ "../src/ui/button_edit_layer.cpp")
  
C:\Users\KusokMedi\Documents\GitHub\BetterShowcase\src\ui\macro_info_layer.hpp(11,18): error C2039: "initAnchored": ╨╜╨╡ ╤П╨▓╨╗╤П╨╡╤В╤Б╤П ╤З╨╗╨╡╨╜╨╛╨╝ "MacroInfoLayer". [C:\Users\KusokMedi\Documents\GitHub\BetterShowcase\build\xdBot2.vcxproj]
  (╨║╨╛╨╝╨┐╨╕╨╗╤П╤Ж╨╕╤П ╨╕╤Б╤Е╨╛╨┤╨╜╨╛╨│╨╛ ╤Д╨░╨╣╨╗╨░ "../src/ui/button_edit_layer.cpp")
      C:\Users\KusokMedi\Documents\GitHub\BetterShowcase\src\ui\macro_info_layer.hpp(5,7):
       ╤Б╨╝. ╨╛╨▒╤К╤П╨▓╨╗╨╡╨╜╨╕╨╡ "MacroInfoLayer"
  
C:\Users\KusokMedi\Documents\GitHub\BetterShowcase\src\ui\record_layer.hpp(34,40): error C2143: ╤Б╨╕╨╜╤В╨░╨║╤Б╨╕╤З╨╡╤Б╨║╨░╤П ╨╛╤И╨╕╨▒╨║╨░: ╨╛╤В╤Б╤Г╤В╤Б╤В╨▓╨╕╨╡ "," ╨┐╨╡╤А╨╡╨┤ "<" [C:\Users\KusokMedi\Documents\GitHub\BetterShowcase\build\xdBot2.vcxproj]
  (╨║╨╛╨╝╨┐╨╕╨╗╤П╤Ж╨╕╤П ╨╕╤Б╤Е╨╛╨┤╨╜╨╛╨│╨╛ ╤Д╨░╨╣╨╗╨░ "../src/ui/button_edit_layer.cpp")
  
C:\Users\KusokMedi\Documents\GitHub\BetterShowcase\src\ui\record_layer.hpp(76,7): error C3668: RecordLayer::setup: ╨╝╨╡╤В╨╛╨┤ ╤Б╨╛ ╤Б╨┐╨╡╤Ж╨╕╤Д╨╕╨║╨░╤В╨╛╤А╨╛╨╝ ╨┐╨╡╤А╨╡╨╛╨┐╤А╨╡╨┤╨╡╨╗╨╡╨╜╨╕╤П "override" ╨╜╨╡ ╨┐╨╡╤А╨╡╨╛╨┐╤А╨╡╨┤╨╡╨╗╤П╨╡╤В ╨║╨░╨║╨╕╨╡-╨╗╨╕╨▒╨╛ ╨╝╨╡╤В╨╛╨┤╤Л ╨▒╨░╨╖╨╛╨▓╨╛╨│╨╛ ╨║╨╗╨░╤Б╤Б╨░ [C:\Users\KusokMedi\Documents\GitHub\BetterShowcase\build\xdBot2.vcxproj]
  (╨║╨╛╨╝╨┐╨╕╨╗╤П╤Ж╨╕╤П ╨╕╤Б╤Е╨╛╨┤╨╜╨╛╨│╨╛ ╤Д╨░╨╣╨╗╨░ "../src/ui/button_edit_layer.cpp")
  
C:\Users\KusokMedi\Documents\GitHub\BetterShowcase\src\ui\record_layer.hpp(91,7): error C3668: RecordLayer::textChanged: ╨╝╨╡╤В╨╛╨┤ ╤Б╨╛ ╤Б╨┐╨╡╤Ж╨╕╤Д╨╕╨║╨░╤В╨╛╤А╨╛╨╝ ╨┐╨╡╤А╨╡╨╛╨┐╤А╨╡╨┤╨╡╨╗╨╡╨╜╨╕╤П "override" ╨╜╨╡ ╨┐╨╡╤А╨╡╨╛╨┐╤А╨╡╨┤╨╡╨╗╤П╨╡╤В ╨║╨░╨║╨╕╨╡-╨╗╨╕╨▒╨╛ ╨╝╨╡╤В╨╛╨┤╤Л ╨▒╨░╨╖╨╛╨▓╨╛╨│╨╛ ╨║╨╗╨░╤Б╤Б╨░ [C:\Users\KusokMedi\Documents\GitHub\BetterShowcase\build\xdBot2.vcxproj]
  (╨║╨╛╨╝╨┐╨╕╨╗╤П╤Ж╨╕╤П ╨╕╤Б╤Е╨╛╨┤╨╜╨╛╨│╨╛ ╤Д╨░╨╣╨╗╨░ "../src/ui/button_edit_layer.cpp")
  
C:\Users\KusokMedi\Documents\GitHub\BetterShowcase\src\ui\record_layer.hpp(80,20): error C2039: "layer": ╨╜╨╡ ╤П╨▓╨╗╤П╨╡╤В╤Б╤П ╤З╨╗╨╡╨╜╨╛╨╝ "Global". [C:\Users\KusokMedi\Documents\GitHub\BetterShowcase\build\xdBot2.vcxproj]
  (╨║╨╛╨╝╨┐╨╕╨╗╤П╤Ж╨╕╤П ╨╕╤Б╤Е╨╛╨┤╨╜╨╛╨│╨╛ ╤Д╨░╨╣╨╗╨░ "../src/ui/button_edit_layer.cpp")
      C:\Users\KusokMedi\Documents\GitHub\BetterShowcase\src\includes.hpp(46,7):
       ╤Б╨╝. ╨╛╨▒╤К╤П╨▓╨╗╨╡╨╜╨╕╨╡ "Global"
  
C:\Users\KusokMedi\Documents\GitHub\BetterShowcase\src\ui\record_layer.hpp(87,2): error C2039: "initAnchored": ╨╜╨╡ ╤П╨▓╨╗╤П╨╡╤В╤Б╤П ╤З╨╗╨╡╨╜╨╛╨╝ "RecordLayer". [C:\Users\KusokMedi\Documents\GitHub\BetterShowcase\build\xdBot2.vcxproj]
  (╨║╨╛╨╝╨┐╨╕╨╗╤П╤Ж╨╕╤П ╨╕╤Б╤Е╨╛╨┤╨╜╨╛╨│╨╛ ╤Д╨░╨╣╨╗╨░ "../src/ui/button_edit_layer.cpp")
      C:\Users\KusokMedi\Documents\GitHub\BetterShowcase\src\ui\record_layer.hpp(34,7):
       ╤Б╨╝. ╨╛╨▒╤К╤П╨▓╨╗╨╡╨╜╨╕╨╡ "RecordLayer"
  
C:\Users\KusokMedi\Documents\GitHub\BetterShowcase\src\ui\button_edit_layer.cpp(179,12): error C2664: "void Utils::setBackgroundColor(cocos2d::extension::CCScale9Sprite *)": ╨╜╨╡╨▓╨╛╨╖╨╝╨╛╨╢╨╜╨╛ ╨┐╤А╨╡╨╛╨▒╤А╨░╨╖╨╛╨▓╨░╤В╤М ╨░╤А╨│╤Г╨╝╨╡╨╜╤В 1 ╨╕╨╖ "geode::NineSlice *" ╨▓ "cocos2d::extension::CCScale9Sprite *" [C:\Users\KusokMedi\Documents\GitHub\BetterShowcase\build\xdBot2.vcxproj]
  (╨║╨╛╨╝╨┐╨╕╨╗╤П╤Ж╨╕╤П ╨╕╤Б╤Е╨╛╨┤╨╜╨╛╨│╨╛ ╤Д╨░╨╣╨╗╨░ "../src/ui/button_edit_layer.cpp")
      C:\Users\KusokMedi\Documents\GitHub\BetterShowcase\src\ui\button_edit_layer.cpp(179,31):
      ╨в╨╕╨┐╤Л, ╨╜╨░ ╨║╨╛╤В╨╛╤А╤Л╨╡ ╤Г╨║╨░╨╖╤Л╨▓╨░╤О╤В ╤Г╨║╨░╨╖╨░╤В╨╡╨╗╨╕, ╨╜╨╡ ╤Б╨▓╤П╨╖╨░╨╜╤Л; ╨┤╨╗╤П ╨┐╤А╨╡╨╛╨▒╤А╨░╨╖╨╛╨▓╨░╨╜╨╕╤П ╤В╤А╨╡╨▒╤Г╨╡╤В╤Б╤П reinterpret_cast, ╨┐╤А╨╕╨▓╨╡╨┤╨╡╨╜╨╕╨╡ ╨▓ ╤Б╤В╨╕╨╗╨╡ ╨б ╨╕╨╗╨╕ ╨┐╤А╨╕╨▓╨╡╨┤╨╡╨╜╨╕╨╡ ╨▓ ╤Б╤В╨╕╨╗╨╡ ╤Д╤Г╨╜╨║╤Ж╨╕╨╕ ╨▓ ╨║╤А╤Г╨│╨╗╤Л╤Е ╤Б╨║╨╛╨▒╨║╨░╤Е
      C:\Users\KusokMedi\Documents\GitHub\BetterShowcase\src\utils\utils.hpp(18,17):
       ╤Б╨╝. ╨╛╨▒╤К╤П╨▓╨╗╨╡╨╜╨╕╨╡ "Utils::setBackgroundColor"
      C:\Users\KusokMedi\Documents\GitHub\BetterShowcase\src\ui\button_edit_layer.cpp(179,12):
      ╨┐╤А╨╕ ╨┐╨╛╨┐╤Л╤В╨║╨╡ ╤Б╨╛╨┐╨╛╤Б╤В╨░╨▓╨╕╤В╤М ╤Б╨┐╨╕╤Б╨╛╨║ ╨░╤А╨│╤Г╨╝╨╡╨╜╤В╨╛╨▓ "(geode::NineSlice *)"
  
  game_ui.cpp
C:\Users\KusokMedi\Documents\GitHub\BetterShowcase\src\renderer\ffmpeg\events.hpp(11,47): error C2955: "geode::Event": ╨┤╨╗╤П ╨╕╤Б╨┐╨╛╨╗╤М╨╖╨╛╨▓╨░╨╜╨╕╤П ╨║╨╗╨░╤Б╤Б ╤И╨░╨▒╨╗╨╛╨╜ ╤В╤А╨╡╨▒╤Г╨╡╤В╤Б╤П ╤Б╨┐╨╕╤Б╨╛╨║ ╨░╤А╨│╤Г╨╝╨╡╨╜╤В╨╛╨▓ ╤И╨░╨▒╨╗╨╛╨╜ [C:\Users\KusokMedi\Documents\GitHub\BetterShowcase\build\xdBot2.vcxproj]
  (╨║╨╛╨╝╨┐╨╕╨╗╤П╤Ж╨╕╤П ╨╕╤Б╤Е╨╛╨┤╨╜╨╛╨│╨╛ ╤Д╨░╨╣╨╗╨░ "../src/ui/game_ui.cpp")
      C:\Users\KusokMedi\Documents\Geode\loader\include\Geode\loader\Event.hpp(960,12):
       ╤Б╨╝. ╨╛╨▒╤К╤П╨▓╨╗╨╡╨╜╨╕╨╡ "geode::Event"
  
C:\Users\KusokMedi\Documents\GitHub\BetterShowcase\src\renderer\ffmpeg\events.hpp(20,47): error C2955: "geode::Event": ╨┤╨╗╤П ╨╕╤Б╨┐╨╛╨╗╤М╨╖╨╛╨▓╨░╨╜╨╕╤П ╨║╨╗╨░╤Б╤Б ╤И╨░╨▒╨╗╨╛╨╜ ╤В╤А╨╡╨▒╤Г╨╡╤В╤Б╤П ╤Б╨┐╨╕╤Б╨╛╨║ ╨░╤А╨│╤Г╨╝╨╡╨╜╤В╨╛╨▓ ╤И╨░╨▒╨╗╨╛╨╜ [C:\Users\KusokMedi\Documents\GitHub\BetterShowcase\build\xdBot2.vcxproj]
  (╨║╨╛╨╝╨┐╨╕╨╗╤П╤Ж╨╕╤П ╨╕╤Б╤Е╨╛╨┤╨╜╨╛╨│╨╛ ╤Д╨░╨╣╨╗╨░ "../src/ui/game_ui.cpp")
      C:\Users\KusokMedi\Documents\Geode\loader\include\Geode\loader\Event.hpp(960,12):
       ╤Б╨╝. ╨╛╨▒╤К╤П╨▓╨╗╨╡╨╜╨╕╨╡ "geode::Event"
  
C:\Users\KusokMedi\Documents\GitHub\BetterShowcase\src\renderer\ffmpeg\events.hpp(28,45): error C2955: "geode::Event": ╨┤╨╗╤П ╨╕╤Б╨┐╨╛╨╗╤М╨╖╨╛╨▓╨░╨╜╨╕╤П ╨║╨╗╨░╤Б╤Б ╤И╨░╨▒╨╗╨╛╨╜ ╤В╤А╨╡╨▒╤Г╨╡╤В╤Б╤П ╤Б╨┐╨╕╤Б╨╛╨║ ╨░╤А╨│╤Г╨╝╨╡╨╜╤В╨╛╨▓ ╤И╨░╨▒╨╗╨╛╨╜ [C:\Users\KusokMedi\Documents\GitHub\BetterShowcase\build\xdBot2.vcxproj]
  (╨║╨╛╨╝╨┐╨╕╨╗╤П╤Ж╨╕╤П ╨╕╤Б╤Е╨╛╨┤╨╜╨╛╨│╨╛ ╤Д╨░╨╣╨╗╨░ "../src/ui/game_ui.cpp")
      C:\Users\KusokMedi\Documents\Geode\loader\include\Geode\loader\Event.hpp(960,12):
       ╤Б╨╝. ╨╛╨▒╤К╤П╨▓╨╗╨╡╨╜╨╕╨╡ "geode::Event"
  
C:\Users\KusokMedi\Documents\GitHub\BetterShowcase\src\renderer\ffmpeg\events.hpp(48,45): error C2955: "geode::Event": ╨┤╨╗╤П ╨╕╤Б╨┐╨╛╨╗╤М╨╖╨╛╨▓╨░╨╜╨╕╤П ╨║╨╗╨░╤Б╤Б ╤И╨░╨▒╨╗╨╛╨╜ ╤В╤А╨╡╨▒╤Г╨╡╤В╤Б╤П ╤Б╨┐╨╕╤Б╨╛╨║ ╨░╤А╨│╤Г╨╝╨╡╨╜╤В╨╛╨▓ ╤И╨░╨▒╨╗╨╛╨╜ [C:\Users\KusokMedi\Documents\GitHub\BetterShowcase\build\xdBot2.vcxproj]
  (╨║╨╛╨╝╨┐╨╕╨╗╤П╤Ж╨╕╤П ╨╕╤Б╤Е╨╛╨┤╨╜╨╛╨│╨╛ ╤Д╨░╨╣╨╗╨░ "../src/ui/game_ui.cpp")
      C:\Users\KusokMedi\Documents\Geode\loader\include\Geode\loader\Event.hpp(960,12):
       ╤Б╨╝. ╨╛╨▒╤К╤П╨▓╨╗╨╡╨╜╨╕╨╡ "geode::Event"
  
C:\Users\KusokMedi\Documents\GitHub\BetterShowcase\src\renderer\ffmpeg\events.hpp(58,54): error C2955: "geode::Event": ╨┤╨╗╤П ╨╕╤Б╨┐╨╛╨╗╤М╨╖╨╛╨▓╨░╨╜╨╕╤П ╨║╨╗╨░╤Б╤Б ╤И╨░╨▒╨╗╨╛╨╜ ╤В╤А╨╡╨▒╤Г╨╡╤В╤Б╤П ╤Б╨┐╨╕╤Б╨╛╨║ ╨░╤А╨│╤Г╨╝╨╡╨╜╤В╨╛╨▓ ╤И╨░╨▒╨╗╨╛╨╜ [C:\Users\KusokMedi\Documents\GitHub\BetterShowcase\build\xdBot2.vcxproj]
  (╨║╨╛╨╝╨┐╨╕╨╗╤П╤Ж╨╕╤П ╨╕╤Б╤Е╨╛╨┤╨╜╨╛╨│╨╛ ╤Д╨░╨╣╨╗╨░ "../src/ui/game_ui.cpp")
      C:\Users\KusokMedi\Documents\Geode\loader\include\Geode\loader\Event.hpp(960,12):
       ╤Б╨╝. ╨╛╨▒╤К╤П╨▓╨╗╨╡╨╜╨╕╨╡ "geode::Event"
  
C:\Users\KusokMedi\Documents\GitHub\BetterShowcase\src\renderer\ffmpeg\events.hpp(69,46): error C2955: "geode::Event": ╨┤╨╗╤П ╨╕╤Б╨┐╨╛╨╗╤М╨╖╨╛╨▓╨░╨╜╨╕╤П ╨║╨╗╨░╤Б╤Б ╤И╨░╨▒╨╗╨╛╨╜ ╤В╤А╨╡╨▒╤Г╨╡╤В╤Б╤П ╤Б╨┐╨╕╤Б╨╛╨║ ╨░╤А╨│╤Г╨╝╨╡╨╜╤В╨╛╨▓ ╤И╨░╨▒╨╗╨╛╨╜ [C:\Users\KusokMedi\Documents\GitHub\BetterShowcase\build\xdBot2.vcxproj]
  (╨║╨╛╨╝╨┐╨╕╨╗╤П╤Ж╨╕╤П ╨╕╤Б╤Е╨╛╨┤╨╜╨╛╨│╨╛ ╤Д╨░╨╣╨╗╨░ "../src/ui/game_ui.cpp")
      C:\Users\KusokMedi\Documents\Geode\loader\include\Geode\loader\Event.hpp(960,12):
       ╤Б╨╝. ╨╛╨▒╤К╤П╨▓╨╗╨╡╨╜╨╕╨╡ "geode::Event"
  
C:\Users\KusokMedi\Documents\GitHub\BetterShowcase\src\renderer\ffmpeg\events.hpp(79,46): error C2955: "geode::Event": ╨┤╨╗╤П ╨╕╤Б╨┐╨╛╨╗╤М╨╖╨╛╨▓╨░╨╜╨╕╤П ╨║╨╗╨░╤Б╤Б ╤И╨░╨▒╨╗╨╛╨╜ ╤В╤А╨╡╨▒╤Г╨╡╤В╤Б╤П ╤Б╨┐╨╕╤Б╨╛╨║ ╨░╤А╨│╤Г╨╝╨╡╨╜╤В╨╛╨▓ ╤И╨░╨▒╨╗╨╛╨╜ [C:\Users\KusokMedi\Documents\GitHub\BetterShowcase\build\xdBot2.vcxproj]
  (╨║╨╛╨╝╨┐╨╕╨╗╤П╤Ж╨╕╤П ╨╕╤Б╤Е╨╛╨┤╨╜╨╛╨│╨╛ ╤Д╨░╨╣╨╗╨░ "../src/ui/game_ui.cpp")
      C:\Users\KusokMedi\Documents\Geode\loader\include\Geode\loader\Event.hpp(960,12):
       ╤Б╨╝. ╨╛╨▒╤К╤П╨▓╨╗╨╡╨╜╨╕╨╡ "geode::Event"
  
C:\Users\KusokMedi\Documents\GitHub\BetterShowcase\src\renderer\ffmpeg\events.hpp(101,44): error C2955: "geode::Event": ╨┤╨╗╤П ╨╕╤Б╨┐╨╛╨╗╤М╨╖╨╛╨▓╨░╨╜╨╕╤П ╨║╨╗╨░╤Б╤Б ╤И╨░╨▒╨╗╨╛╨╜ ╤В╤А╨╡╨▒╤Г╨╡╤В╤Б╤П ╤Б╨┐╨╕╤Б╨╛╨║ ╨░╤А╨│╤Г╨╝╨╡╨╜╤В╨╛╨▓ ╤И╨░╨▒╨╗╨╛╨╜ [C:\Users\KusokMedi\Documents\GitHub\BetterShowcase\build\xdBot2.vcxproj]
  (╨║╨╛╨╝╨┐╨╕╨╗╤П╤Ж╨╕╤П ╨╕╤Б╤Е╨╛╨┤╨╜╨╛╨│╨╛ ╤Д╨░╨╣╨╗╨░ "../src/ui/game_ui.cpp")
      C:\Users\KusokMedi\Documents\Geode\loader\include\Geode\loader\Event.hpp(960,12):
       ╤Б╨╝. ╨╛╨▒╤К╤П╨▓╨╗╨╡╨╜╨╕╨╡ "geode::Event"
  
C:\Users\KusokMedi\Documents\GitHub\BetterShowcase\src\renderer\ffmpeg\events.hpp(129,21): error C2039: "post": ╨╜╨╡ ╤П╨▓╨╗╤П╨╡╤В╤Б╤П ╤З╨╗╨╡╨╜╨╛╨╝ "ffmpeg::events::impl::CreateRecorderEvent". [C:\Users\KusokMedi\Documents\GitHub\BetterShowcase\build\xdBot2.vcxproj]
  (╨║╨╛╨╝╨┐╨╕╨╗╤П╤Ж╨╕╤П ╨╕╤Б╤Е╨╛╨┤╨╜╨╛╨│╨╛ ╤Д╨░╨╣╨╗╨░ "../src/ui/game_ui.cpp")
      C:\Users\KusokMedi\Documents\GitHub\BetterShowcase\src\renderer\ffmpeg\events.hpp(11,11):
       ╤Б╨╝. ╨╛╨▒╤К╤П╨▓╨╗╨╡╨╜╨╕╨╡ "ffmpeg::events::impl::CreateRecorderEvent"
  
C:\Users\KusokMedi\Documents\GitHub\BetterShowcase\src\renderer\ffmpeg\events.hpp(135,21): error C2039: "post": ╨╜╨╡ ╤П╨▓╨╗╤П╨╡╤В╤Б╤П ╤З╨╗╨╡╨╜╨╛╨╝ "ffmpeg::events::impl::DeleteRecorderEvent". [C:\Users\KusokMedi\Documents\GitHub\BetterShowcase\build\xdBot2.vcxproj]
  (╨║╨╛╨╝╨┐╨╕╨╗╤П╤Ж╨╕╤П ╨╕╤Б╤Е╨╛╨┤╨╜╨╛╨│╨╛ ╤Д╨░╨╣╨╗╨░ "../src/ui/game_ui.cpp")
      C:\Users\KusokMedi\Documents\GitHub\BetterShowcase\src\renderer\ffmpeg\events.hpp(20,11):
       ╤Б╨╝. ╨╛╨▒╤К╤П╨▓╨╗╨╡╨╜╨╕╨╡ "ffmpeg::events::impl::DeleteRecorderEvent"
  
C:\Users\KusokMedi\Documents\GitHub\BetterShowcase\src\renderer\ffmpeg\events.hpp(153,19): error C2039: "post": ╨╜╨╡ ╤П╨▓╨╗╤П╨╡╤В╤Б╤П ╤З╨╗╨╡╨╜╨╛╨╝ "ffmpeg::events::impl::InitRecorderEvent". [C:\Users\KusokMedi\Documents\GitHub\BetterShowcase\build\xdBot2.vcxproj]
  (╨║╨╛╨╝╨┐╨╕╨╗╤П╤Ж╨╕╤П ╨╕╤Б╤Е╨╛╨┤╨╜╨╛╨│╨╛ ╤Д╨░╨╣╨╗╨░ "../src/ui/game_ui.cpp")
      C:\Users\KusokMedi\Documents\GitHub\BetterShowcase\src\renderer\ffmpeg\events.hpp(28,11):
       ╤Б╨╝. ╨╛╨▒╤К╤П╨▓╨╗╨╡╨╜╨╕╨╡ "ffmpeg::events::impl::InitRecorderEvent"
  
C:\Users\KusokMedi\Documents\GitHub\BetterShowcase\src\renderer\ffmpeg\events.hpp(163,40): error C2039: "post": ╨╜╨╡ ╤П╨▓╨╗╤П╨╡╤В╤Б╤П ╤З╨╗╨╡╨╜╨╛╨╝ "ffmpeg::events::impl::StopRecorderEvent". [C:\Users\KusokMedi\Documents\GitHub\BetterShowcase\build\xdBot2.vcxproj]
  (╨║╨╛╨╝╨┐╨╕╨╗╤П╤Ж╨╕╤П ╨╕╤Б╤Е╨╛╨┤╨╜╨╛╨│╨╛ ╤Д╨░╨╣╨╗╨░ "../src/ui/game_ui.cpp")
      C:\Users\KusokMedi\Documents\GitHub\BetterShowcase\src\renderer\ffmpeg\events.hpp(48,11):
       ╤Б╨╝. ╨╛╨▒╤К╤П╨▓╨╗╨╡╨╜╨╕╨╡ "ffmpeg::events::impl::StopRecorderEvent"
  
C:\Users\KusokMedi\Documents\GitHub\BetterShowcase\src\renderer\ffmpeg\events.hpp(182,19): error C2039: "post": ╨╜╨╡ ╤П╨▓╨╗╤П╨╡╤В╤Б╤П ╤З╨╗╨╡╨╜╨╛╨╝ "ffmpeg::events::impl::GetWriteFrameFunctionEvent". [C:\Users\KusokMedi\Documents\GitHub\BetterShowcase\build\xdBot2.vcxproj]
  (╨║╨╛╨╝╨┐╨╕╨╗╤П╤Ж╨╕╤П ╨╕╤Б╤Е╨╛╨┤╨╜╨╛╨│╨╛ ╤Д╨░╨╣╨╗╨░ "../src/ui/game_ui.cpp")
      C:\Users\KusokMedi\Documents\GitHub\BetterShowcase\src\renderer\ffmpeg\events.hpp(58,11):
       ╤Б╨╝. ╨╛╨▒╤К╤П╨▓╨╗╨╡╨╜╨╕╨╡ "ffmpeg::events::impl::GetWriteFrameFunctionEvent"
  
C:\Users\KusokMedi\Documents\GitHub\BetterShowcase\src\renderer\ffmpeg\events.hpp(199,20): error C2039: "post": ╨╜╨╡ ╤П╨▓╨╗╤П╨╡╤В╤Б╤П ╤З╨╗╨╡╨╜╨╛╨╝ "ffmpeg::events::impl::CodecRecorderEvent". [C:\Users\KusokMedi\Documents\GitHub\BetterShowcase\build\xdBot2.vcxproj]
  (╨║╨╛╨╝╨┐╨╕╨╗╤П╤Ж╨╕╤П ╨╕╤Б╤Е╨╛╨┤╨╜╨╛╨│╨╛ ╤Д╨░╨╣╨╗╨░ "../src/ui/game_ui.cpp")
      C:\Users\KusokMedi\Documents\GitHub\BetterShowcase\src\renderer\ffmpeg\events.hpp(69,11):
       ╤Б╨╝. ╨╛╨▒╤К╤П╨▓╨╗╨╡╨╜╨╕╨╡ "ffmpeg::events::impl::CodecRecorderEvent"
  
C:\Users\KusokMedi\Documents\GitHub\BetterShowcase\src\renderer\ffmpeg\events.hpp(225,18): error C2039: "post": ╨╜╨╡ ╤П╨▓╨╗╤П╨╡╤В╤Б╤П ╤З╨╗╨╡╨╜╨╛╨╝ "ffmpeg::events::impl::MixVideoAudioEvent". [C:\Users\KusokMedi\Documents\GitHub\BetterShowcase\build\xdBot2.vcxproj]
  (╨║╨╛╨╝╨┐╨╕╨╗╤П╤Ж╨╕╤П ╨╕╤Б╤Е╨╛╨┤╨╜╨╛╨│╨╛ ╤Д╨░╨╣╨╗╨░ "../src/ui/game_ui.cpp")
      C:\Users\KusokMedi\Documents\GitHub\BetterShowcase\src\renderer\ffmpeg\events.hpp(79,11):
       ╤Б╨╝. ╨╛╨▒╤К╤П╨▓╨╗╨╡╨╜╨╕╨╡ "ffmpeg::events::impl::MixVideoAudioEvent"
  
C:\Users\KusokMedi\Documents\GitHub\BetterShowcase\src\renderer\ffmpeg\events.hpp(244,18): error C2039: "post": ╨╜╨╡ ╤П╨▓╨╗╤П╨╡╤В╤Б╤П ╤З╨╗╨╡╨╜╨╛╨╝ "ffmpeg::events::impl::MixVideoRawEvent". [C:\Users\KusokMedi\Documents\GitHub\BetterShowcase\build\xdBot2.vcxproj]
  (╨║╨╛╨╝╨┐╨╕╨╗╤П╤Ж╨╕╤П ╨╕╤Б╤Е╨╛╨┤╨╜╨╛╨│╨╛ ╤Д╨░╨╣╨╗╨░ "../src/ui/game_ui.cpp")
      C:\Users\KusokMedi\Documents\GitHub\BetterShowcase\src\renderer\ffmpeg\events.hpp(101,11):
       ╤Б╨╝. ╨╛╨▒╤К╤П╨▓╨╗╨╡╨╜╨╕╨╡ "ffmpeg::events::impl::MixVideoRawEvent"
  
C:\Users\KusokMedi\Documents\GitHub\BetterShowcase\src\includes.hpp(82,17): error C2059: ╤Б╨╕╨╜╤В╨░╨║╤Б╨╕╤З╨╡╤Б╨║╨░╤П ╨╛╤И╨╕╨▒╨║╨░: < [C:\Users\KusokMedi\Documents\GitHub\BetterShowcase\build\xdBot2.vcxproj]
  (╨║╨╛╨╝╨┐╨╕╨╗╤П╤Ж╨╕╤П ╨╕╤Б╤Е╨╛╨┤╨╜╨╛╨│╨╛ ╤Д╨░╨╣╨╗╨░ "../src/ui/game_ui.cpp")
  
C:\Users\KusokMedi\Documents\GitHub\BetterShowcase\src\includes.hpp(82,36): error C2238: ╨╜╨╡╨┐╤А╨╡╨┤╨▓╨╕╨┤╨╡╨╜╨╜╤Л╨╡ ╨╗╨╡╨║╤Б╨╡╨╝╤Л ╨┐╨╡╤А╨╡╨┤ ";" [C:\Users\KusokMedi\Documents\GitHub\BetterShowcase\build\xdBot2.vcxproj]
  (╨║╨╛╨╝╨┐╨╕╨╗╤П╤Ж╨╕╤П ╨╕╤Б╤Е╨╛╨┤╨╜╨╛╨│╨╛ ╤Д╨░╨╣╨╗╨░ "../src/ui/game_ui.cpp")
  
C:\Users\KusokMedi\Documents\GitHub\BetterShowcase\src\ui\load_macro_layer.hpp(14,14): error C2059: ╤Б╨╕╨╜╤В╨░╨║╤Б╨╕╤З╨╡╤Б╨║╨░╤П ╨╛╤И╨╕╨▒╨║╨░: < [C:\Users\KusokMedi\Documents\GitHub\BetterShowcase\build\xdBot2.vcxproj]
  (╨║╨╛╨╝╨┐╨╕╨╗╤П╤Ж╨╕╤П ╨╕╤Б╤Е╨╛╨┤╨╜╨╛╨│╨╛ ╤Д╨░╨╣╨╗╨░ "../src/ui/game_ui.cpp")
  
C:\Users\KusokMedi\Documents\GitHub\BetterShowcase\src\ui\load_macro_layer.hpp(14,37): error C2238: ╨╜╨╡╨┐╤А╨╡╨┤╨▓╨╕╨┤╨╡╨╜╨╜╤Л╨╡ ╨╗╨╡╨║╤Б╨╡╨╝╤Л ╨┐╨╡╤А╨╡╨┤ ";" [C:\Users\KusokMedi\Documents\GitHub\BetterShowcase\build\xdBot2.vcxproj]
  (╨║╨╛╨╝╨┐╨╕╨╗╤П╤Ж╨╕╤П ╨╕╤Б╤Е╨╛╨┤╨╜╨╛╨│╨╛ ╤Д╨░╨╣╨╗╨░ "../src/ui/game_ui.cpp")
  
C:\Users\KusokMedi\Documents\GitHub\BetterShowcase\src\ui\load_macro_layer.hpp(15,14): error C2059: ╤Б╨╕╨╜╤В╨░╨║╤Б╨╕╤З╨╡╤Б╨║╨░╤П ╨╛╤И╨╕╨▒╨║╨░: < [C:\Users\KusokMedi\Documents\GitHub\BetterShowcase\build\xdBot2.vcxproj]
  (╨║╨╛╨╝╨┐╨╕╨╗╤П╤Ж╨╕╤П ╨╕╤Б╤Е╨╛╨┤╨╜╨╛╨│╨╛ ╤Д╨░╨╣╨╗╨░ "../src/ui/game_ui.cpp")
  
C:\Users\KusokMedi\Documents\GitHub\BetterShowcase\src\ui\load_macro_layer.hpp(15,38): error C2238: ╨╜╨╡╨┐╤А╨╡╨┤╨▓╨╕╨┤╨╡╨╜╨╜╤Л╨╡ ╨╗╨╡╨║╤Б╨╡╨╝╤Л ╨┐╨╡╤А╨╡╨┤ ";" [C:\Users\KusokMedi\Documents\GitHub\BetterShowcase\build\xdBot2.vcxproj]
  (╨║╨╛╨╝╨┐╨╕╨╗╤П╤Ж╨╕╤П ╨╕╤Б╤Е╨╛╨┤╨╜╨╛╨│╨╛ ╤Д╨░╨╣╨╗╨░ "../src/ui/game_ui.cpp")
  
C:\Users\KusokMedi\Documents\GitHub\BetterShowcase\src\ui\load_macro_layer.hpp(25,103): error C2143: ╤Б╨╕╨╜╤В╨░╨║╤Б╨╕╤З╨╡╤Б╨║╨░╤П ╨╛╤И╨╕╨▒╨║╨░: ╨╛╤В╤Б╤Г╤В╤Б╤В╨▓╨╕╨╡ ")" ╨┐╨╡╤А╨╡╨┤ "<" [C:\Users\KusokMedi\Documents\GitHub\BetterShowcase\build\xdBot2.vcxproj]
  (╨║╨╛╨╝╨┐╨╕╨╗╤П╤Ж╨╕╤П ╨╕╤Б╤Е╨╛╨┤╨╜╨╛╨│╨╛ ╤Д╨░╨╣╨╗╨░ "../src/ui/game_ui.cpp")
  
C:\Users\KusokMedi\Documents\GitHub\BetterShowcase\src\ui\load_macro_layer.hpp(25,103): error C2143: ╤Б╨╕╨╜╤В╨░╨║╤Б╨╕╤З╨╡╤Б╨║╨░╤П ╨╛╤И╨╕╨▒╨║╨░: ╨╛╤В╤Б╤Г╤В╤Б╤В╨▓╨╕╨╡ ";" ╨┐╨╡╤А╨╡╨┤ "<" [C:\Users\KusokMedi\Documents\GitHub\BetterShowcase\build\xdBot2.vcxproj]
  (╨║╨╛╨╝╨┐╨╕╨╗╤П╤Ж╨╕╤П ╨╕╤Б╤Е╨╛╨┤╨╜╨╛╨│╨╛ ╤Д╨░╨╣╨╗╨░ "../src/ui/game_ui.cpp")
  
C:\Users\KusokMedi\Documents\GitHub\BetterShowcase\src\ui\load_macro_layer.hpp(25,103): error C2059: ╤Б╨╕╨╜╤В╨░╨║╤Б╨╕╤З╨╡╤Б╨║╨░╤П ╨╛╤И╨╕╨▒╨║╨░: < [C:\Users\KusokMedi\Documents\GitHub\BetterShowcase\build\xdBot2.vcxproj]
  (╨║╨╛╨╝╨┐╨╕╨╗╤П╤Ж╨╕╤П ╨╕╤Б╤Е╨╛╨┤╨╜╨╛╨│╨╛ ╤Д╨░╨╣╨╗╨░ "../src/ui/game_ui.cpp")
  
C:\Users\KusokMedi\Documents\GitHub\BetterShowcase\src\ui\load_macro_layer.hpp(25,164): error C2059: ╤Б╨╕╨╜╤В╨░╨║╤Б╨╕╤З╨╡╤Б╨║╨░╤П ╨╛╤И╨╕╨▒╨║╨░: ) [C:\Users\KusokMedi\Documents\GitHub\BetterShowcase\build\xdBot2.vcxproj]
  (╨║╨╛╨╝╨┐╨╕╨╗╤П╤Ж╨╕╤П ╨╕╤Б╤Е╨╛╨┤╨╜╨╛╨│╨╛ ╤Д╨░╨╣╨╗╨░ "../src/ui/game_ui.cpp")
  
C:\Users\KusokMedi\Documents\GitHub\BetterShowcase\src\ui\load_macro_layer.hpp(25,165): error C2238: ╨╜╨╡╨┐╤А╨╡╨┤╨▓╨╕╨┤╨╡╨╜╨╜╤Л╨╡ ╨╗╨╡╨║╤Б╨╡╨╝╤Л ╨┐╨╡╤А╨╡╨┤ ";" [C:\Users\KusokMedi\Documents\GitHub\BetterShowcase\build\xdBot2.vcxproj]
  (╨║╨╛╨╝╨┐╨╕╨╗╤П╤Ж╨╕╤П ╨╕╤Б╤Е╨╛╨┤╨╜╨╛╨│╨╛ ╤Д╨░╨╣╨╗╨░ "../src/ui/game_ui.cpp")
  
C:\Users\KusokMedi\Documents\GitHub\BetterShowcase\src\ui\load_macro_layer.hpp(27,88): error C2143: ╤Б╨╕╨╜╤В╨░╨║╤Б╨╕╤З╨╡╤Б╨║╨░╤П ╨╛╤И╨╕╨▒╨║╨░: ╨╛╤В╤Б╤Г╤В╤Б╤В╨▓╨╕╨╡ ")" ╨┐╨╡╤А╨╡╨┤ "<" [C:\Users\KusokMedi\Documents\GitHub\BetterShowcase\build\xdBot2.vcxproj]
  (╨║╨╛╨╝╨┐╨╕╨╗╤П╤Ж╨╕╤П ╨╕╤Б╤Е╨╛╨┤╨╜╨╛╨│╨╛ ╤Д╨░╨╣╨╗╨░ "../src/ui/game_ui.cpp")
  
C:\Users\KusokMedi\Documents\GitHub\BetterShowcase\src\ui\load_macro_layer.hpp(27,88): error C2143: ╤Б╨╕╨╜╤В╨░╨║╤Б╨╕╤З╨╡╤Б╨║╨░╤П ╨╛╤И╨╕╨▒╨║╨░: ╨╛╤В╤Б╤Г╤В╤Б╤В╨▓╨╕╨╡ ";" ╨┐╨╡╤А╨╡╨┤ "<" [C:\Users\KusokMedi\Documents\GitHub\BetterShowcase\build\xdBot2.vcxproj]
  (╨║╨╛╨╝╨┐╨╕╨╗╤П╤Ж╨╕╤П ╨╕╤Б╤Е╨╛╨┤╨╜╨╛╨│╨╛ ╤Д╨░╨╣╨╗╨░ "../src/ui/game_ui.cpp")
  
C:\Users\KusokMedi\Documents\GitHub\BetterShowcase\src\ui\load_macro_layer.hpp(27,88): error C2059: ╤Б╨╕╨╜╤В╨░╨║╤Б╨╕╤З╨╡╤Б╨║╨░╤П ╨╛╤И╨╕╨▒╨║╨░: < [C:\Users\KusokMedi\Documents\GitHub\BetterShowcase\build\xdBot2.vcxproj]
  (╨║╨╛╨╝╨┐╨╕╨╗╤П╤Ж╨╕╤П ╨╕╤Б╤Е╨╛╨┤╨╜╨╛╨│╨╛ ╤Д╨░╨╣╨╗╨░ "../src/ui/game_ui.cpp")
  
C:\Users\KusokMedi\Documents\GitHub\BetterShowcase\src\ui\load_macro_layer.hpp(27,149): error C2059: ╤Б╨╕╨╜╤В╨░╨║╤Б╨╕╤З╨╡╤Б╨║╨░╤П ╨╛╤И╨╕╨▒╨║╨░: ) [C:\Users\KusokMedi\Documents\GitHub\BetterShowcase\build\xdBot2.vcxproj]
  (╨║╨╛╨╝╨┐╨╕╨╗╤П╤Ж╨╕╤П ╨╕╤Б╤Е╨╛╨┤╨╜╨╛╨│╨╛ ╤Д╨░╨╣╨╗╨░ "../src/ui/game_ui.cpp")
  
C:\Users\KusokMedi\Documents\GitHub\BetterShowcase\src\ui\load_macro_layer.hpp(27,150): error C2238: ╨╜╨╡╨┐╤А╨╡╨┤╨▓╨╕╨┤╨╡╨╜╨╜╤Л╨╡ ╨╗╨╡╨║╤Б╨╡╨╝╤Л ╨┐╨╡╤А╨╡╨┤ ";" [C:\Users\KusokMedi\Documents\GitHub\BetterShowcase\build\xdBot2.vcxproj]
  (╨║╨╛╨╝╨┐╨╕╨╗╤П╤Ж╨╕╤П ╨╕╤Б╤Е╨╛╨┤╨╜╨╛╨│╨╛ ╤Д╨░╨╣╨╗╨░ "../src/ui/game_ui.cpp")
  
C:\Users\KusokMedi\Documents\GitHub\BetterShowcase\src\ui\load_macro_layer.hpp(42,43): error C2143: ╤Б╨╕╨╜╤В╨░╨║╤Б╨╕╤З╨╡╤Б╨║╨░╤П ╨╛╤И╨╕╨▒╨║╨░: ╨╛╤В╤Б╤Г╤В╤Б╤В╨▓╨╕╨╡ "," ╨┐╨╡╤А╨╡╨┤ "<" [C:\Users\KusokMedi\Documents\GitHub\BetterShowcase\build\xdBot2.vcxproj]
  (╨║╨╛╨╝╨┐╨╕╨╗╤П╤Ж╨╕╤П ╨╕╤Б╤Е╨╛╨┤╨╜╨╛╨│╨╛ ╤Д╨░╨╣╨╗╨░ "../src/ui/game_ui.cpp")
  
C:\Users\KusokMedi\Documents\GitHub\BetterShowcase\src\ui\load_macro_layer.hpp(45,14): error C2059: ╤Б╨╕╨╜╤В╨░╨║╤Б╨╕╤З╨╡╤Б╨║╨░╤П ╨╛╤И╨╕╨▒╨║╨░: < [C:\Users\KusokMedi\Documents\GitHub\BetterShowcase\build\xdBot2.vcxproj]
  (╨║╨╛╨╝╨┐╨╕╨╗╤П╤Ж╨╕╤П ╨╕╤Б╤Е╨╛╨┤╨╜╨╛╨│╨╛ ╤Д╨░╨╣╨╗╨░ "../src/ui/game_ui.cpp")
  
C:\Users\KusokMedi\Documents\GitHub\BetterShowcase\src\ui\load_macro_layer.hpp(45,37): error C2238: ╨╜╨╡╨┐╤А╨╡╨┤╨▓╨╕╨┤╨╡╨╜╨╜╤Л╨╡ ╨╗╨╡╨║╤Б╨╡╨╝╤Л ╨┐╨╡╤А╨╡╨┤ ";" [C:\Users\KusokMedi\Documents\GitHub\BetterShowcase\build\xdBot2.vcxproj]
  (╨║╨╛╨╝╨┐╨╕╨╗╤П╤Ж╨╕╤П ╨╕╤Б╤Е╨╛╨┤╨╜╨╛╨│╨╛ ╤Д╨░╨╣╨╗╨░ "../src/ui/game_ui.cpp")
  
C:\Users\KusokMedi\Documents\GitHub\BetterShowcase\src\ui\load_macro_layer.hpp(46,14): error C2059: ╤Б╨╕╨╜╤В╨░╨║╤Б╨╕╤З╨╡╤Б╨║╨░╤П ╨╛╤И╨╕╨▒╨║╨░: < [C:\Users\KusokMedi\Documents\GitHub\BetterShowcase\build\xdBot2.vcxproj]
  (╨║╨╛╨╝╨┐╨╕╨╗╤П╤Ж╨╕╤П ╨╕╤Б╤Е╨╛╨┤╨╜╨╛╨│╨╛ ╤Д╨░╨╣╨╗╨░ "../src/ui/game_ui.cpp")
  
C:\Users\KusokMedi\Documents\GitHub\BetterShowcase\src\ui\load_macro_layer.hpp(46,38): error C2238: ╨╜╨╡╨┐╤А╨╡╨┤╨▓╨╕╨┤╨╡╨╜╨╜╤Л╨╡ ╨╗╨╡╨║╤Б╨╡╨╝╤Л ╨┐╨╡╤А╨╡╨┤ ";" [C:\Users\KusokMedi\Documents\GitHub\BetterShowcase\build\xdBot2.vcxproj]
  (╨║╨╛╨╝╨┐╨╕╨╗╤П╤Ж╨╕╤П ╨╕╤Б╤Е╨╛╨┤╨╜╨╛╨│╨╛ ╤Д╨░╨╣╨╗╨░ "../src/ui/game_ui.cpp")
  
C:\Users\KusokMedi\Documents\GitHub\BetterShowcase\src\ui\load_macro_layer.hpp(69,44): error C2143: ╤Б╨╕╨╜╤В╨░╨║╤Б╨╕╤З╨╡╤Б╨║╨░╤П ╨╛╤И╨╕╨▒╨║╨░: ╨╛╤В╤Б╤Г╤В╤Б╤В╨▓╨╕╨╡ ")" ╨┐╨╡╤А╨╡╨┤ "<" [C:\Users\KusokMedi\Documents\GitHub\BetterShowcase\build\xdBot2.vcxproj]
  (╨║╨╛╨╝╨┐╨╕╨╗╤П╤Ж╨╕╤П ╨╕╤Б╤Е╨╛╨┤╨╜╨╛╨│╨╛ ╤Д╨░╨╣╨╗╨░ "../src/ui/game_ui.cpp")
  
C:\Users\KusokMedi\Documents\GitHub\BetterShowcase\src\ui\load_macro_layer.hpp(69,44): error C2143: ╤Б╨╕╨╜╤В╨░╨║╤Б╨╕╤З╨╡╤Б╨║╨░╤П ╨╛╤И╨╕╨▒╨║╨░: ╨╛╤В╤Б╤Г╤В╤Б╤В╨▓╨╕╨╡ ";" ╨┐╨╡╤А╨╡╨┤ "<" [C:\Users\KusokMedi\Documents\GitHub\BetterShowcase\build\xdBot2.vcxproj]
  (╨║╨╛╨╝╨┐╨╕╨╗╤П╤Ж╨╕╤П ╨╕╤Б╤Е╨╛╨┤╨╜╨╛╨│╨╛ ╤Д╨░╨╣╨╗╨░ "../src/ui/game_ui.cpp")
  
C:\Users\KusokMedi\Documents\GitHub\BetterShowcase\src\ui\load_macro_layer.hpp(69,44): error C2059: ╤Б╨╕╨╜╤В╨░╨║╤Б╨╕╤З╨╡╤Б╨║╨░╤П ╨╛╤И╨╕╨▒╨║╨░: < [C:\Users\KusokMedi\Documents\GitHub\BetterShowcase\build\xdBot2.vcxproj]
  (╨║╨╛╨╝╨┐╨╕╨╗╤П╤Ж╨╕╤П ╨╕╤Б╤Е╨╛╨┤╨╜╨╛╨│╨╛ ╤Д╨░╨╣╨╗╨░ "../src/ui/game_ui.cpp")
  
C:\Users\KusokMedi\Documents\GitHub\BetterShowcase\src\ui\load_macro_layer.hpp(69,93): error C2059: ╤Б╨╕╨╜╤В╨░╨║╤Б╨╕╤З╨╡╤Б╨║╨░╤П ╨╛╤И╨╕╨▒╨║╨░: ) [C:\Users\KusokMedi\Documents\GitHub\BetterShowcase\build\xdBot2.vcxproj]
  (╨║╨╛╨╝╨┐╨╕╨╗╤П╤Ж╨╕╤П ╨╕╤Б╤Е╨╛╨┤╨╜╨╛╨│╨╛ ╤Д╨░╨╣╨╗╨░ "../src/ui/game_ui.cpp")
  
C:\Users\KusokMedi\Documents\GitHub\BetterShowcase\src\ui\load_macro_layer.hpp(69,94): error C2238: ╨╜╨╡╨┐╤А╨╡╨┤╨▓╨╕╨┤╨╡╨╜╨╜╤Л╨╡ ╨╗╨╡╨║╤Б╨╡╨╝╤Л ╨┐╨╡╤А╨╡╨┤ ";" [C:\Users\KusokMedi\Documents\GitHub\BetterShowcase\build\xdBot2.vcxproj]
  (╨║╨╛╨╝╨┐╨╕╨╗╤П╤Ж╨╕╤П ╨╕╤Б╤Е╨╛╨┤╨╜╨╛╨│╨╛ ╤Д╨░╨╣╨╗╨░ "../src/ui/game_ui.cpp")
  
C:\Users\KusokMedi\Documents\GitHub\BetterShowcase\src\ui\load_macro_layer.hpp(71,25): error C2143: ╤Б╨╕╨╜╤В╨░╨║╤Б╨╕╤З╨╡╤Б╨║╨░╤П ╨╛╤И╨╕╨▒╨║╨░: ╨╛╤В╤Б╤Г╤В╤Б╤В╨▓╨╕╨╡ ")" ╨┐╨╡╤А╨╡╨┤ "<" [C:\Users\KusokMedi\Documents\GitHub\BetterShowcase\build\xdBot2.vcxproj]
  (╨║╨╛╨╝╨┐╨╕╨╗╤П╤Ж╨╕╤П ╨╕╤Б╤Е╨╛╨┤╨╜╨╛╨│╨╛ ╤Д╨░╨╣╨╗╨░ "../src/ui/game_ui.cpp")
  
C:\Users\KusokMedi\Documents\GitHub\BetterShowcase\src\ui\load_macro_layer.hpp(71,25): error C2143: ╤Б╨╕╨╜╤В╨░╨║╤Б╨╕╤З╨╡╤Б╨║╨░╤П ╨╛╤И╨╕╨▒╨║╨░: ╨╛╤В╤Б╤Г╤В╤Б╤В╨▓╨╕╨╡ ";" ╨┐╨╡╤А╨╡╨┤ "<" [C:\Users\KusokMedi\Documents\GitHub\BetterShowcase\build\xdBot2.vcxproj]
  (╨║╨╛╨╝╨┐╨╕╨╗╤П╤Ж╨╕╤П ╨╕╤Б╤Е╨╛╨┤╨╜╨╛╨│╨╛ ╤Д╨░╨╣╨╗╨░ "../src/ui/game_ui.cpp")
  
C:\Users\KusokMedi\Documents\GitHub\BetterShowcase\src\ui\load_macro_layer.hpp(71,25): error C2059: ╤Б╨╕╨╜╤В╨░╨║╤Б╨╕╤З╨╡╤Б╨║╨░╤П ╨╛╤И╨╕╨▒╨║╨░: < [C:\Users\KusokMedi\Documents\GitHub\BetterShowcase\build\xdBot2.vcxproj]
  (╨║╨╛╨╝╨┐╨╕╨╗╤П╤Ж╨╕╤П ╨╕╤Б╤Е╨╛╨┤╨╜╨╛╨│╨╛ ╤Д╨░╨╣╨╗╨░ "../src/ui/game_ui.cpp")
  
C:\Users\KusokMedi\Documents\GitHub\BetterShowcase\src\ui\load_macro_layer.hpp(71,74): error C2059: ╤Б╨╕╨╜╤В╨░╨║╤Б╨╕╤З╨╡╤Б╨║╨░╤П ╨╛╤И╨╕╨▒╨║╨░: ) [C:\Users\KusokMedi\Documents\GitHub\BetterShowcase\build\xdBot2.vcxproj]
  (╨║╨╛╨╝╨┐╨╕╨╗╤П╤Ж╨╕╤П ╨╕╤Б╤Е╨╛╨┤╨╜╨╛╨│╨╛ ╤Д╨░╨╣╨╗╨░ "../src/ui/game_ui.cpp")
  
C:\Users\KusokMedi\Documents\GitHub\BetterShowcase\src\ui\load_macro_layer.hpp(71,84): error C2238: ╨╜╨╡╨┐╤А╨╡╨┤╨▓╨╕╨┤╨╡╨╜╨╜╤Л╨╡ ╨╗╨╡╨║╤Б╨╡╨╝╤Л ╨┐╨╡╤А╨╡╨┤ ";" [C:\Users\KusokMedi\Documents\GitHub\BetterShowcase\build\xdBot2.vcxproj]
  (╨║╨╛╨╝╨┐╨╕╨╗╤П╤Ж╨╕╤П ╨╕╤Б╤Е╨╛╨┤╨╜╨╛╨│╨╛ ╤Д╨░╨╣╨╗╨░ "../src/ui/game_ui.cpp")
  
C:\Users\KusokMedi\Documents\GitHub\BetterShowcase\src\ui\load_macro_layer.hpp(73,31): error C2143: ╤Б╨╕╨╜╤В╨░╨║╤Б╨╕╤З╨╡╤Б╨║╨░╤П ╨╛╤И╨╕╨▒╨║╨░: ╨╛╤В╤Б╤Г╤В╤Б╤В╨▓╨╕╨╡ ")" ╨┐╨╡╤А╨╡╨┤ "<" [C:\Users\KusokMedi\Documents\GitHub\BetterShowcase\build\xdBot2.vcxproj]
  (╨║╨╛╨╝╨┐╨╕╨╗╤П╤Ж╨╕╤П ╨╕╤Б╤Е╨╛╨┤╨╜╨╛╨│╨╛ ╤Д╨░╨╣╨╗╨░ "../src/ui/game_ui.cpp")
  
C:\Users\KusokMedi\Documents\GitHub\BetterShowcase\src\ui\load_macro_layer.hpp(73,31): error C2143: ╤Б╨╕╨╜╤В╨░╨║╤Б╨╕╤З╨╡╤Б╨║╨░╤П ╨╛╤И╨╕╨▒╨║╨░: ╨╛╤В╤Б╤Г╤В╤Б╤В╨▓╨╕╨╡ ";" ╨┐╨╡╤А╨╡╨┤ "<" [C:\Users\KusokMedi\Documents\GitHub\BetterShowcase\build\xdBot2.vcxproj]
  (╨║╨╛╨╝╨┐╨╕╨╗╤П╤Ж╨╕╤П ╨╕╤Б╤Е╨╛╨┤╨╜╨╛╨│╨╛ ╤Д╨░╨╣╨╗╨░ "../src/ui/game_ui.cpp")
  
C:\Users\KusokMedi\Documents\GitHub\BetterShowcase\src\ui\load_macro_layer.hpp(73,31): error C2059: ╤Б╨╕╨╜╤В╨░╨║╤Б╨╕╤З╨╡╤Б╨║╨░╤П ╨╛╤И╨╕╨▒╨║╨░: < [C:\Users\KusokMedi\Documents\GitHub\BetterShowcase\build\xdBot2.vcxproj]
  (╨║╨╛╨╝╨┐╨╕╨╗╤П╤Ж╨╕╤П ╨╕╤Б╤Е╨╛╨┤╨╜╨╛╨│╨╛ ╤Д╨░╨╣╨╗╨░ "../src/ui/game_ui.cpp")
  
C:\Users\KusokMedi\Documents\GitHub\BetterShowcase\src\ui\load_macro_layer.hpp(73,88): error C2059: ╤Б╨╕╨╜╤В╨░╨║╤Б╨╕╤З╨╡╤Б╨║╨░╤П ╨╛╤И╨╕╨▒╨║╨░: ) [C:\Users\KusokMedi\Documents\GitHub\BetterShowcase\build\xdBot2.vcxproj]
  (╨║╨╛╨╝╨┐╨╕╨╗╤П╤Ж╨╕╤П ╨╕╤Б╤Е╨╛╨┤╨╜╨╛╨│╨╛ ╤Д╨░╨╣╨╗╨░ "../src/ui/game_ui.cpp")
  
C:\Users\KusokMedi\Documents\GitHub\BetterShowcase\src\ui\load_macro_layer.hpp(73,89): error C2238: ╨╜╨╡╨┐╤А╨╡╨┤╨▓╨╕╨┤╨╡╨╜╨╜╤Л╨╡ ╨╗╨╡╨║╤Б╨╡╨╝╤Л ╨┐╨╡╤А╨╡╨┤ ";" [C:\Users\KusokMedi\Documents\GitHub\BetterShowcase\build\xdBot2.vcxproj]
  (╨║╨╛╨╝╨┐╨╕╨╗╤П╤Ж╨╕╤П ╨╕╤Б╤Е╨╛╨┤╨╜╨╛╨│╨╛ ╤Д╨░╨╣╨╗╨░ "../src/ui/game_ui.cpp")
  
C:\Users\KusokMedi\Documents\GitHub\BetterShowcase\src\ui\load_macro_layer.hpp(79,7): error C3668: LoadMacroLayer::textChanged: ╨╝╨╡╤В╨╛╨┤ ╤Б╨╛ ╤Б╨┐╨╡╤Ж╨╕╤Д╨╕╨║╨░╤В╨╛╤А╨╛╨╝ ╨┐╨╡╤А╨╡╨╛╨┐╤А╨╡╨┤╨╡╨╗╨╡╨╜╨╕╤П "override" ╨╜╨╡ ╨┐╨╡╤А╨╡╨╛╨┐╤А╨╡╨┤╨╡╨╗╤П╨╡╤В ╨║╨░╨║╨╕╨╡-╨╗╨╕╨▒╨╛ ╨╝╨╡╤В╨╛╨┤╤Л ╨▒╨░╨╖╨╛╨▓╨╛╨│╨╛ ╨║╨╗╨░╤Б╤Б╨░ [C:\Users\KusokMedi\Documents\GitHub\BetterShowcase\build\xdBot2.vcxproj]
  (╨║╨╛╨╝╨┐╨╕╨╗╤П╤Ж╨╕╤П ╨╕╤Б╤Е╨╛╨┤╨╜╨╛╨│╨╛ ╤Д╨░╨╣╨╗╨░ "../src/ui/game_ui.cpp")
  
C:\Users\KusokMedi\Documents\GitHub\BetterShowcase\src\ui\render_settings_layer.hpp(5,48): error C2143: ╤Б╨╕╨╜╤В╨░╨║╤Б╨╕╤З╨╡╤Б╨║╨░╤П ╨╛╤И╨╕╨▒╨║╨░: ╨╛╤В╤Б╤Г╤В╤Б╤В╨▓╨╕╨╡ "," ╨┐╨╡╤А╨╡╨┤ "<" [C:\Users\KusokMedi\Documents\GitHub\BetterShowcase\build\xdBot2.vcxproj]
  (╨║╨╛╨╝╨┐╨╕╨╗╤П╤Ж╨╕╤П ╨╕╤Б╤Е╨╛╨┤╨╜╨╛╨│╨╛ ╤Д╨░╨╣╨╗╨░ "../src/ui/game_ui.cpp")
  
C:\Users\KusokMedi\Documents\GitHub\BetterShowcase\src\ui\render_settings_layer.hpp(27,7): error C3668: RenderSettingsLayer::setup: ╨╝╨╡╤В╨╛╨┤ ╤Б╨╛ ╤Б╨┐╨╡╤Ж╨╕╤Д╨╕╨║╨░╤В╨╛╤А╨╛╨╝ ╨┐╨╡╤А╨╡╨╛╨┐╤А╨╡╨┤╨╡╨╗╨╡╨╜╨╕╤П "override" ╨╜╨╡ ╨┐╨╡╤А╨╡╨╛╨┐╤А╨╡╨┤╨╡╨╗╤П╨╡╤В ╨║╨░╨║╨╕╨╡-╨╗╨╕╨▒╨╛ ╨╝╨╡╤В╨╛╨┤╤Л ╨▒╨░╨╖╨╛╨▓╨╛╨│╨╛ ╨║╨╗╨░╤Б╤Б╨░ [C:\Users\KusokMedi\Documents\GitHub\BetterShowcase\build\xdBot2.vcxproj]
  (╨║╨╛╨╝╨┐╨╕╨╗╤П╤Ж╨╕╤П ╨╕╤Б╤Е╨╛╨┤╨╜╨╛╨│╨╛ ╤Д╨░╨╣╨╗╨░ "../src/ui/game_ui.cpp")
  
C:\Users\KusokMedi\Documents\GitHub\BetterShowcase\src\ui\render_settings_layer.hpp(41,7): error C3668: RenderSettingsLayer::textChanged: ╨╝╨╡╤В╨╛╨┤ ╤Б╨╛ ╤Б╨┐╨╡╤Ж╨╕╤Д╨╕╨║╨░╤В╨╛╤А╨╛╨╝ ╨┐╨╡╤А╨╡╨╛╨┐╤А╨╡╨┤╨╡╨╗╨╡╨╜╨╕╤П "override" ╨╜╨╡ ╨┐╨╡╤А╨╡╨╛╨┐╤А╨╡╨┤╨╡╨╗╤П╨╡╤В ╨║╨░╨║╨╕╨╡-╨╗╨╕╨▒╨╛ ╨╝╨╡╤В╨╛╨┤╤Л ╨▒╨░╨╖╨╛╨▓╨╛╨│╨╛ ╨║╨╗╨░╤Б╤Б╨░ [C:\Users\KusokMedi\Documents\GitHub\BetterShowcase\build\xdBot2.vcxproj]
  (╨║╨╛╨╝╨┐╨╕╨╗╤П╤Ж╨╕╤П ╨╕╤Б╤Е╨╛╨┤╨╜╨╛╨│╨╛ ╤Д╨░╨╣╨╗╨░ "../src/ui/game_ui.cpp")
  
C:\Users\KusokMedi\Documents\GitHub\BetterShowcase\src\ui\render_settings_layer.hpp(31,2): error C2039: "initAnchored": ╨╜╨╡ ╤П╨▓╨╗╤П╨╡╤В╤Б╤П ╤З╨╗╨╡╨╜╨╛╨╝ "RenderSettingsLayer". [C:\Users\KusokMedi\Documents\GitHub\BetterShowcase\build\xdBot2.vcxproj]
  (╨║╨╛╨╝╨┐╨╕╨╗╤П╤Ж╨╕╤П ╨╕╤Б╤Е╨╛╨┤╨╜╨╛╨│╨╛ ╤Д╨░╨╣╨╗╨░ "../src/ui/game_ui.cpp")
      C:\Users\KusokMedi\Documents\GitHub\BetterShowcase\src\ui\render_settings_layer.hpp(5,7):
       ╤Б╨╝. ╨╛╨▒╤К╤П╨▓╨╗╨╡╨╜╨╕╨╡ "RenderSettingsLayer"
  
C:\Users\KusokMedi\Documents\GitHub\BetterShowcase\src\ui\save_macro_layer.hpp(4,43): error C2143: ╤Б╨╕╨╜╤В╨░╨║╤Б╨╕╤З╨╡╤Б╨║╨░╤П ╨╛╤И╨╕╨▒╨║╨░: ╨╛╤В╤Б╤Г╤В╤Б╤В╨▓╨╕╨╡ "," ╨┐╨╡╤А╨╡╨┤ "<" [C:\Users\KusokMedi\Documents\GitHub\BetterShowcase\build\xdBot2.vcxproj]
  (╨║╨╛╨╝╨┐╨╕╨╗╤П╤Ж╨╕╤П ╨╕╤Б╤Е╨╛╨┤╨╜╨╛╨│╨╛ ╤Д╨░╨╣╨╗╨░ "../src/ui/game_ui.cpp")
  
C:\Users\KusokMedi\Documents\GitHub\BetterShowcase\src\ui\save_macro_layer.hpp(14,10): error C3668: SaveMacroLayer::setup: ╨╝╨╡╤В╨╛╨┤ ╤Б╨╛ ╤Б╨┐╨╡╤Ж╨╕╤Д╨╕╨║╨░╤В╨╛╤А╨╛╨╝ ╨┐╨╡╤А╨╡╨╛╨┐╤А╨╡╨┤╨╡╨╗╨╡╨╜╨╕╤П "override" ╨╜╨╡ ╨┐╨╡╤А╨╡╨╛╨┐╤А╨╡╨┤╨╡╨╗╤П╨╡╤В ╨║╨░╨║╨╕╨╡-╨╗╨╕╨▒╨╛ ╨╝╨╡╤В╨╛╨┤╤Л ╨▒╨░╨╖╨╛╨▓╨╛╨│╨╛ ╨║╨╗╨░╤Б╤Б╨░ [C:\Users\KusokMedi\Documents\GitHub\BetterShowcase\build\xdBot2.vcxproj]
  (╨║╨╛╨╝╨┐╨╕╨╗╤П╤Ж╨╕╤П ╨╕╤Б╤Е╨╛╨┤╨╜╨╛╨│╨╛ ╤Д╨░╨╣╨╗╨░ "../src/ui/game_ui.cpp")
  
C:\Users\KusokMedi\Documents\GitHub\BetterShowcase\src\ui\save_macro_layer.hpp(15,16): error C2664: "void Utils::setBackgroundColor(cocos2d::extension::CCScale9Sprite *)": ╨╜╨╡╨▓╨╛╨╖╨╝╨╛╨╢╨╜╨╛ ╨┐╤А╨╡╨╛╨▒╤А╨░╨╖╨╛╨▓╨░╤В╤М ╨░╤А╨│╤Г╨╝╨╡╨╜╤В 1 ╨╕╨╖ "geode::NineSlice *" ╨▓ "cocos2d::extension::CCScale9Sprite *" [C:\Users\KusokMedi\Documents\GitHub\BetterShowcase\build\xdBot2.vcxproj]
  (╨║╨╛╨╝╨┐╨╕╨╗╤П╤Ж╨╕╤П ╨╕╤Б╤Е╨╛╨┤╨╜╨╛╨│╨╛ ╤Д╨░╨╣╨╗╨░ "../src/ui/game_ui.cpp")
      C:\Users\KusokMedi\Documents\GitHub\BetterShowcase\src\ui\save_macro_layer.hpp(15,35):
      ╨в╨╕╨┐╤Л, ╨╜╨░ ╨║╨╛╤В╨╛╤А╤Л╨╡ ╤Г╨║╨░╨╖╤Л╨▓╨░╤О╤В ╤Г╨║╨░╨╖╨░╤В╨╡╨╗╨╕, ╨╜╨╡ ╤Б╨▓╤П╨╖╨░╨╜╤Л; ╨┤╨╗╤П ╨┐╤А╨╡╨╛╨▒╤А╨░╨╖╨╛╨▓╨░╨╜╨╕╤П ╤В╤А╨╡╨▒╤Г╨╡╤В╤Б╤П reinterpret_cast, ╨┐╤А╨╕╨▓╨╡╨┤╨╡╨╜╨╕╨╡ ╨▓ ╤Б╤В╨╕╨╗╨╡ ╨б ╨╕╨╗╨╕ ╨┐╤А╨╕╨▓╨╡╨┤╨╡╨╜╨╕╨╡ ╨▓ ╤Б╤В╨╕╨╗╨╡ ╤Д╤Г╨╜╨║╤Ж╨╕╨╕ ╨▓ ╨║╤А╤Г╨│╨╗╤Л╤Е ╤Б╨║╨╛╨▒╨║╨░╤Е
      C:\Users\KusokMedi\Documents\GitHub\BetterShowcase\src\utils\utils.hpp(18,17):
       ╤Б╨╝. ╨╛╨▒╤К╤П╨▓╨╗╨╡╨╜╨╕╨╡ "Utils::setBackgroundColor"
      C:\Users\KusokMedi\Documents\GitHub\BetterShowcase\src\ui\save_macro_layer.hpp(15,16):
      ╨┐╤А╨╕ ╨┐╨╛╨┐╤Л╤В╨║╨╡ ╤Б╨╛╨┐╨╛╤Б╤В╨░╨▓╨╕╤В╤М ╤Б╨┐╨╕╤Б╨╛╨║ ╨░╤А╨│╤Г╨╝╨╡╨╜╤В╨╛╨▓ "(geode::NineSlice *)"
  
C:\Users\KusokMedi\Documents\GitHub\BetterShowcase\src\ui\save_macro_layer.hpp(73,5): error C2039: "initAnchored": ╨╜╨╡ ╤П╨▓╨╗╤П╨╡╤В╤Б╤П ╤З╨╗╨╡╨╜╨╛╨╝ "SaveMacroLayer". [C:\Users\KusokMedi\Documents\GitHub\BetterShowcase\build\xdBot2.vcxproj]
  (╨║╨╛╨╝╨┐╨╕╨╗╤П╤Ж╨╕╤П ╨╕╤Б╤Е╨╛╨┤╨╜╨╛╨│╨╛ ╤Д╨░╨╣╨╗╨░ "../src/ui/game_ui.cpp")
      C:\Users\KusokMedi\Documents\GitHub\BetterShowcase\src\ui\save_macro_layer.hpp(4,7):
       ╤Б╨╝. ╨╛╨▒╤К╤П╨▓╨╗╨╡╨╜╨╕╨╡ "SaveMacroLayer"
  
C:\Users\KusokMedi\Documents\GitHub\BetterShowcase\src\ui\macro_info_layer.hpp(5,43): error C2143: ╤Б╨╕╨╜╤В╨░╨║╤Б╨╕╤З╨╡╤Б╨║╨░╤П ╨╛╤И╨╕╨▒╨║╨░: ╨╛╤В╤Б╤Г╤В╤Б╤В╨▓╨╕╨╡ "," ╨┐╨╡╤А╨╡╨┤ "<" [C:\Users\KusokMedi\Documents\GitHub\BetterShowcase\build\xdBot2.vcxproj]
  (╨║╨╛╨╝╨┐╨╕╨╗╤П╤Ж╨╕╤П ╨╕╤Б╤Е╨╛╨┤╨╜╨╛╨│╨╛ ╤Д╨░╨╣╨╗╨░ "../src/ui/game_ui.cpp")
  
C:\Users\KusokMedi\Documents\GitHub\BetterShowcase\src\ui\macro_info_layer.hpp(21,10): error C3668: MacroInfoLayer::setup: ╨╝╨╡╤В╨╛╨┤ ╤Б╨╛ ╤Б╨┐╨╡╤Ж╨╕╤Д╨╕╨║╨░╤В╨╛╤А╨╛╨╝ ╨┐╨╡╤А╨╡╨╛╨┐╤А╨╡╨┤╨╡╨╗╨╡╨╜╨╕╤П "override" ╨╜╨╡ ╨┐╨╡╤А╨╡╨╛╨┐╤А╨╡╨┤╨╡╨╗╤П╨╡╤В ╨║╨░╨║╨╕╨╡-╨╗╨╕╨▒╨╛ ╨╝╨╡╤В╨╛╨┤╤Л ╨▒╨░╨╖╨╛╨▓╨╛╨│╨╛ ╨║╨╗╨░╤Б╤Б╨░ [C:\Users\KusokMedi\Documents\GitHub\BetterShowcase\build\xdBot2.vcxproj]
  (╨║╨╛╨╝╨┐╨╕╨╗╤П╤Ж╨╕╤П ╨╕╤Б╤Е╨╛╨┤╨╜╨╛╨│╨╛ ╤Д╨░╨╣╨╗╨░ "../src/ui/game_ui.cpp")
  
C:\Users\KusokMedi\Documents\GitHub\BetterShowcase\src\ui\macro_info_layer.hpp(11,18): error C2039: "initAnchored": ╨╜╨╡ ╤П╨▓╨╗╤П╨╡╤В╤Б╤П ╤З╨╗╨╡╨╜╨╛╨╝ "MacroInfoLayer". [C:\Users\KusokMedi\Documents\GitHub\BetterShowcase\build\xdBot2.vcxproj]
  (╨║╨╛╨╝╨┐╨╕╨╗╤П╤Ж╨╕╤П ╨╕╤Б╤Е╨╛╨┤╨╜╨╛╨│╨╛ ╤Д╨░╨╣╨╗╨░ "../src/ui/game_ui.cpp")
      C:\Users\KusokMedi\Documents\GitHub\BetterShowcase\src\ui\macro_info_layer.hpp(5,7):
       ╤Б╨╝. ╨╛╨▒╤К╤П╨▓╨╗╨╡╨╜╨╕╨╡ "MacroInfoLayer"
  
C:\Users\KusokMedi\Documents\GitHub\BetterShowcase\src\ui\record_layer.hpp(34,40): error C2143: ╤Б╨╕╨╜╤В╨░╨║╤Б╨╕╤З╨╡╤Б╨║╨░╤П ╨╛╤И╨╕╨▒╨║╨░: ╨╛╤В╤Б╤Г╤В╤Б╤В╨▓╨╕╨╡ "," ╨┐╨╡╤А╨╡╨┤ "<" [C:\Users\KusokMedi\Documents\GitHub\BetterShowcase\build\xdBot2.vcxproj]
  (╨║╨╛╨╝╨┐╨╕╨╗╤П╤Ж╨╕╤П ╨╕╤Б╤Е╨╛╨┤╨╜╨╛╨│╨╛ ╤Д╨░╨╣╨╗╨░ "../src/ui/game_ui.cpp")
  
C:\Users\KusokMedi\Documents\GitHub\BetterShowcase\src\ui\record_layer.hpp(76,7): error C3668: RecordLayer::setup: ╨╝╨╡╤В╨╛╨┤ ╤Б╨╛ ╤Б╨┐╨╡╤Ж╨╕╤Д╨╕╨║╨░╤В╨╛╤А╨╛╨╝ ╨┐╨╡╤А╨╡╨╛╨┐╤А╨╡╨┤╨╡╨╗╨╡╨╜╨╕╤П "override" ╨╜╨╡ ╨┐╨╡╤А╨╡╨╛╨┐╤А╨╡╨┤╨╡╨╗╤П╨╡╤В ╨║╨░╨║╨╕╨╡-╨╗╨╕╨▒╨╛ ╨╝╨╡╤В╨╛╨┤╤Л ╨▒╨░╨╖╨╛╨▓╨╛╨│╨╛ ╨║╨╗╨░╤Б╤Б╨░ [C:\Users\KusokMedi\Documents\GitHub\BetterShowcase\build\xdBot2.vcxproj]
  (╨║╨╛╨╝╨┐╨╕╨╗╤П╤Ж╨╕╤П ╨╕╤Б╤Е╨╛╨┤╨╜╨╛╨│╨╛ ╤Д╨░╨╣╨╗╨░ "../src/ui/game_ui.cpp")
  
C:\Users\KusokMedi\Documents\GitHub\BetterShowcase\src\ui\record_layer.hpp(91,7): error C3668: RecordLayer::textChanged: ╨╝╨╡╤В╨╛╨┤ ╤Б╨╛ ╤Б╨┐╨╡╤Ж╨╕╤Д╨╕╨║╨░╤В╨╛╤А╨╛╨╝ ╨┐╨╡╤А╨╡╨╛╨┐╤А╨╡╨┤╨╡╨╗╨╡╨╜╨╕╤П "override" ╨╜╨╡ ╨┐╨╡╤А╨╡╨╛╨┐╤А╨╡╨┤╨╡╨╗╤П╨╡╤В ╨║╨░╨║╨╕╨╡-╨╗╨╕╨▒╨╛ ╨╝╨╡╤В╨╛╨┤╤Л ╨▒╨░╨╖╨╛╨▓╨╛╨│╨╛ ╨║╨╗╨░╤Б╤Б╨░ [C:\Users\KusokMedi\Documents\GitHub\BetterShowcase\build\xdBot2.vcxproj]
  (╨║╨╛╨╝╨┐╨╕╨╗╤П╤Ж╨╕╤П ╨╕╤Б╤Е╨╛╨┤╨╜╨╛╨│╨╛ ╤Д╨░╨╣╨╗╨░ "../src/ui/game_ui.cpp")
  
C:\Users\KusokMedi\Documents\GitHub\BetterShowcase\src\ui\record_layer.hpp(80,20): error C2039: "layer": ╨╜╨╡ ╤П╨▓╨╗╤П╨╡╤В╤Б╤П ╤З╨╗╨╡╨╜╨╛╨╝ "Global". [C:\Users\KusokMedi\Documents\GitHub\BetterShowcase\build\xdBot2.vcxproj]
  (╨║╨╛╨╝╨┐╨╕╨╗╤П╤Ж╨╕╤П ╨╕╤Б╤Е╨╛╨┤╨╜╨╛╨│╨╛ ╤Д╨░╨╣╨╗╨░ "../src/ui/game_ui.cpp")
      C:\Users\KusokMedi\Documents\GitHub\BetterShowcase\src\includes.hpp(46,7):
       ╤Б╨╝. ╨╛╨▒╤К╤П╨▓╨╗╨╡╨╜╨╕╨╡ "Global"
  
C:\Users\KusokMedi\Documents\GitHub\BetterShowcase\src\ui\record_layer.hpp(87,2): error C2039: "initAnchored": ╨╜╨╡ ╤П╨▓╨╗╤П╨╡╤В╤Б╤П ╤З╨╗╨╡╨╜╨╛╨╝ "RecordLayer". [C:\Users\KusokMedi\Documents\GitHub\BetterShowcase\build\xdBot2.vcxproj]
  (╨║╨╛╨╝╨┐╨╕╨╗╤П╤Ж╨╕╤П ╨╕╤Б╤Е╨╛╨┤╨╜╨╛╨│╨╛ ╤Д╨░╨╣╨╗╨░ "../src/ui/game_ui.cpp")
      C:\Users\KusokMedi\Documents\GitHub\BetterShowcase\src\ui\record_layer.hpp(34,7):
       ╤Б╨╝. ╨╛╨▒╤К╤П╨▓╨╗╨╡╨╜╨╕╨╡ "RecordLayer"
  
C:\Users\KusokMedi\Documents\GitHub\BetterShowcase\src\ui\button_edit_layer.hpp(23,44): error C2143: ╤Б╨╕╨╜╤В╨░╨║╤Б╨╕╤З╨╡╤Б╨║╨░╤П ╨╛╤И╨╕╨▒╨║╨░: ╨╛╤В╤Б╤Г╤В╤Б╤В╨▓╨╕╨╡ "," ╨┐╨╡╤А╨╡╨┤ "<" [C:\Users\KusokMedi\Documents\GitHub\BetterShowcase\build\xdBot2.vcxproj]
  (╨║╨╛╨╝╨┐╨╕╨╗╤П╤Ж╨╕╤П ╨╕╤Б╤Е╨╛╨┤╨╜╨╛╨│╨╛ ╤Д╨░╨╣╨╗╨░ "../src/ui/game_ui.cpp")
  
C:\Users\KusokMedi\Documents\GitHub\BetterShowcase\src\ui\button_edit_layer.hpp(27,10): error C3668: ButtonEditLayer::setup: ╨╝╨╡╤В╨╛╨┤ ╤Б╨╛ ╤Б╨┐╨╡╤Ж╨╕╤Д╨╕╨║╨░╤В╨╛╤А╨╛╨╝ ╨┐╨╡╤А╨╡╨╛╨┐╤А╨╡╨┤╨╡╨╗╨╡╨╜╨╕╤П "override" ╨╜╨╡ ╨┐╨╡╤А╨╡╨╛╨┐╤А╨╡╨┤╨╡╨╗╤П╨╡╤В ╨║╨░╨║╨╕╨╡-╨╗╨╕╨▒╨╛ ╨╝╨╡╤В╨╛╨┤╤Л ╨▒╨░╨╖╨╛╨▓╨╛╨│╨╛ ╨║╨╗╨░╤Б╤Б╨░ [C:\Users\KusokMedi\Documents\GitHub\BetterShowcase\build\xdBot2.vcxproj]
  (╨║╨╛╨╝╨┐╨╕╨╗╤П╤Ж╨╕╤П ╨╕╤Б╤Е╨╛╨┤╨╜╨╛╨│╨╛ ╤Д╨░╨╣╨╗╨░ "../src/ui/game_ui.cpp")
  
C:\Users\KusokMedi\Documents\GitHub\BetterShowcase\src\ui\button_edit_layer.hpp(31,5): error C2039: "initAnchored": ╨╜╨╡ ╤П╨▓╨╗╤П╨╡╤В╤Б╤П ╤З╨╗╨╡╨╜╨╛╨╝ "ButtonEditLayer". [C:\Users\KusokMedi\Documents\GitHub\BetterShowcase\build\xdBot2.vcxproj]
  (╨║╨╛╨╝╨┐╨╕╨╗╤П╤Ж╨╕╤П ╨╕╤Б╤Е╨╛╨┤╨╜╨╛╨│╨╛ ╤Д╨░╨╣╨╗╨░ "../src/ui/game_ui.cpp")
      C:\Users\KusokMedi\Documents\GitHub\BetterShowcase\src\ui\button_edit_layer.hpp(23,7):
       ╤Б╨╝. ╨╛╨▒╤К╤П╨▓╨╗╨╡╨╜╨╕╨╡ "ButtonEditLayer"
  
  record_layer.cpp
C:\Users\KusokMedi\Documents\GitHub\BetterShowcase\src\renderer\ffmpeg\events.hpp(11,47): error C2955: "geode::Event": ╨┤╨╗╤П ╨╕╤Б╨┐╨╛╨╗╤М╨╖╨╛╨▓╨░╨╜╨╕╤П ╨║╨╗╨░╤Б╤Б ╤И╨░╨▒╨╗╨╛╨╜ ╤В╤А╨╡╨▒╤Г╨╡╤В╤Б╤П ╤Б╨┐╨╕╤Б╨╛╨║ ╨░╤А╨│╤Г╨╝╨╡╨╜╤В╨╛╨▓ ╤И╨░╨▒╨╗╨╛╨╜ [C:\Users\KusokMedi\Documents\GitHub\BetterShowcase\build\xdBot2.vcxproj]
  (╨║╨╛╨╝╨┐╨╕╨╗╤П╤Ж╨╕╤П ╨╕╤Б╤Е╨╛╨┤╨╜╨╛╨│╨╛ ╤Д╨░╨╣╨╗╨░ "../src/ui/record_layer.cpp")
      C:\Users\KusokMedi\Documents\Geode\loader\include\Geode\loader\Event.hpp(960,12):
       ╤Б╨╝. ╨╛╨▒╤К╤П╨▓╨╗╨╡╨╜╨╕╨╡ "geode::Event"
  
C:\Users\KusokMedi\Documents\GitHub\BetterShowcase\src\renderer\ffmpeg\events.hpp(20,47): error C2955: "geode::Event": ╨┤╨╗╤П ╨╕╤Б╨┐╨╛╨╗╤М╨╖╨╛╨▓╨░╨╜╨╕╤П ╨║╨╗╨░╤Б╤Б ╤И╨░╨▒╨╗╨╛╨╜ ╤В╤А╨╡╨▒╤Г╨╡╤В╤Б╤П ╤Б╨┐╨╕╤Б╨╛╨║ ╨░╤А╨│╤Г╨╝╨╡╨╜╤В╨╛╨▓ ╤И╨░╨▒╨╗╨╛╨╜ [C:\Users\KusokMedi\Documents\GitHub\BetterShowcase\build\xdBot2.vcxproj]
  (╨║╨╛╨╝╨┐╨╕╨╗╤П╤Ж╨╕╤П ╨╕╤Б╤Е╨╛╨┤╨╜╨╛╨│╨╛ ╤Д╨░╨╣╨╗╨░ "../src/ui/record_layer.cpp")
      C:\Users\KusokMedi\Documents\Geode\loader\include\Geode\loader\Event.hpp(960,12):
       ╤Б╨╝. ╨╛╨▒╤К╤П╨▓╨╗╨╡╨╜╨╕╨╡ "geode::Event"
  
C:\Users\KusokMedi\Documents\GitHub\BetterShowcase\src\renderer\ffmpeg\events.hpp(28,45): error C2955: "geode::Event": ╨┤╨╗╤П ╨╕╤Б╨┐╨╛╨╗╤М╨╖╨╛╨▓╨░╨╜╨╕╤П ╨║╨╗╨░╤Б╤Б ╤И╨░╨▒╨╗╨╛╨╜ ╤В╤А╨╡╨▒╤Г╨╡╤В╤Б╤П ╤Б╨┐╨╕╤Б╨╛╨║ ╨░╤А╨│╤Г╨╝╨╡╨╜╤В╨╛╨▓ ╤И╨░╨▒╨╗╨╛╨╜ [C:\Users\KusokMedi\Documents\GitHub\BetterShowcase\build\xdBot2.vcxproj]
  (╨║╨╛╨╝╨┐╨╕╨╗╤П╤Ж╨╕╤П ╨╕╤Б╤Е╨╛╨┤╨╜╨╛╨│╨╛ ╤Д╨░╨╣╨╗╨░ "../src/ui/record_layer.cpp")
      C:\Users\KusokMedi\Documents\Geode\loader\include\Geode\loader\Event.hpp(960,12):
       ╤Б╨╝. ╨╛╨▒╤К╤П╨▓╨╗╨╡╨╜╨╕╨╡ "geode::Event"
  
C:\Users\KusokMedi\Documents\GitHub\BetterShowcase\src\renderer\ffmpeg\events.hpp(48,45): error C2955: "geode::Event": ╨┤╨╗╤П ╨╕╤Б╨┐╨╛╨╗╤М╨╖╨╛╨▓╨░╨╜╨╕╤П ╨║╨╗╨░╤Б╤Б ╤И╨░╨▒╨╗╨╛╨╜ ╤В╤А╨╡╨▒╤Г╨╡╤В╤Б╤П ╤Б╨┐╨╕╤Б╨╛╨║ ╨░╤А╨│╤Г╨╝╨╡╨╜╤В╨╛╨▓ ╤И╨░╨▒╨╗╨╛╨╜ [C:\Users\KusokMedi\Documents\GitHub\BetterShowcase\build\xdBot2.vcxproj]
  (╨║╨╛╨╝╨┐╨╕╨╗╤П╤Ж╨╕╤П ╨╕╤Б╤Е╨╛╨┤╨╜╨╛╨│╨╛ ╤Д╨░╨╣╨╗╨░ "../src/ui/record_layer.cpp")
      C:\Users\KusokMedi\Documents\Geode\loader\include\Geode\loader\Event.hpp(960,12):
       ╤Б╨╝. ╨╛╨▒╤К╤П╨▓╨╗╨╡╨╜╨╕╨╡ "geode::Event"
  
C:\Users\KusokMedi\Documents\GitHub\BetterShowcase\src\renderer\ffmpeg\events.hpp(58,54): error C2955: "geode::Event": ╨┤╨╗╤П ╨╕╤Б╨┐╨╛╨╗╤М╨╖╨╛╨▓╨░╨╜╨╕╤П ╨║╨╗╨░╤Б╤Б ╤И╨░╨▒╨╗╨╛╨╜ ╤В╤А╨╡╨▒╤Г╨╡╤В╤Б╤П ╤Б╨┐╨╕╤Б╨╛╨║ ╨░╤А╨│╤Г╨╝╨╡╨╜╤В╨╛╨▓ ╤И╨░╨▒╨╗╨╛╨╜ [C:\Users\KusokMedi\Documents\GitHub\BetterShowcase\build\xdBot2.vcxproj]
  (╨║╨╛╨╝╨┐╨╕╨╗╤П╤Ж╨╕╤П ╨╕╤Б╤Е╨╛╨┤╨╜╨╛╨│╨╛ ╤Д╨░╨╣╨╗╨░ "../src/ui/record_layer.cpp")
      C:\Users\KusokMedi\Documents\Geode\loader\include\Geode\loader\Event.hpp(960,12):
       ╤Б╨╝. ╨╛╨▒╤К╤П╨▓╨╗╨╡╨╜╨╕╨╡ "geode::Event"
  
C:\Users\KusokMedi\Documents\GitHub\BetterShowcase\src\renderer\ffmpeg\events.hpp(69,46): error C2955: "geode::Event": ╨┤╨╗╤П ╨╕╤Б╨┐╨╛╨╗╤М╨╖╨╛╨▓╨░╨╜╨╕╤П ╨║╨╗╨░╤Б╤Б ╤И╨░╨▒╨╗╨╛╨╜ ╤В╤А╨╡╨▒╤Г╨╡╤В╤Б╤П ╤Б╨┐╨╕╤Б╨╛╨║ ╨░╤А╨│╤Г╨╝╨╡╨╜╤В╨╛╨▓ ╤И╨░╨▒╨╗╨╛╨╜ [C:\Users\KusokMedi\Documents\GitHub\BetterShowcase\build\xdBot2.vcxproj]
  (╨║╨╛╨╝╨┐╨╕╨╗╤П╤Ж╨╕╤П ╨╕╤Б╤Е╨╛╨┤╨╜╨╛╨│╨╛ ╤Д╨░╨╣╨╗╨░ "../src/ui/record_layer.cpp")
      C:\Users\KusokMedi\Documents\Geode\loader\include\Geode\loader\Event.hpp(960,12):
       ╤Б╨╝. ╨╛╨▒╤К╤П╨▓╨╗╨╡╨╜╨╕╨╡ "geode::Event"
  
C:\Users\KusokMedi\Documents\GitHub\BetterShowcase\src\renderer\ffmpeg\events.hpp(79,46): error C2955: "geode::Event": ╨┤╨╗╤П ╨╕╤Б╨┐╨╛╨╗╤М╨╖╨╛╨▓╨░╨╜╨╕╤П ╨║╨╗╨░╤Б╤Б ╤И╨░╨▒╨╗╨╛╨╜ ╤В╤А╨╡╨▒╤Г╨╡╤В╤Б╤П ╤Б╨┐╨╕╤Б╨╛╨║ ╨░╤А╨│╤Г╨╝╨╡╨╜╤В╨╛╨▓ ╤И╨░╨▒╨╗╨╛╨╜ [C:\Users\KusokMedi\Documents\GitHub\BetterShowcase\build\xdBot2.vcxproj]
  (╨║╨╛╨╝╨┐╨╕╨╗╤П╤Ж╨╕╤П ╨╕╤Б╤Е╨╛╨┤╨╜╨╛╨│╨╛ ╤Д╨░╨╣╨╗╨░ "../src/ui/record_layer.cpp")
      C:\Users\KusokMedi\Documents\Geode\loader\include\Geode\loader\Event.hpp(960,12):
       ╤Б╨╝. ╨╛╨▒╤К╤П╨▓╨╗╨╡╨╜╨╕╨╡ "geode::Event"
  
C:\Users\KusokMedi\Documents\GitHub\BetterShowcase\src\renderer\ffmpeg\events.hpp(101,44): error C2955: "geode::Event": ╨┤╨╗╤П ╨╕╤Б╨┐╨╛╨╗╤М╨╖╨╛╨▓╨░╨╜╨╕╤П ╨║╨╗╨░╤Б╤Б ╤И╨░╨▒╨╗╨╛╨╜ ╤В╤А╨╡╨▒╤Г╨╡╤В╤Б╤П ╤Б╨┐╨╕╤Б╨╛╨║ ╨░╤А╨│╤Г╨╝╨╡╨╜╤В╨╛╨▓ ╤И╨░╨▒╨╗╨╛╨╜ [C:\Users\KusokMedi\Documents\GitHub\BetterShowcase\build\xdBot2.vcxproj]
  (╨║╨╛╨╝╨┐╨╕╨╗╤П╤Ж╨╕╤П ╨╕╤Б╤Е╨╛╨┤╨╜╨╛╨│╨╛ ╤Д╨░╨╣╨╗╨░ "../src/ui/record_layer.cpp")
      C:\Users\KusokMedi\Documents\Geode\loader\include\Geode\loader\Event.hpp(960,12):
       ╤Б╨╝. ╨╛╨▒╤К╤П╨▓╨╗╨╡╨╜╨╕╨╡ "geode::Event"
  
C:\Users\KusokMedi\Documents\GitHub\BetterShowcase\src\renderer\ffmpeg\events.hpp(129,21): error C2039: "post": ╨╜╨╡ ╤П╨▓╨╗╤П╨╡╤В╤Б╤П ╤З╨╗╨╡╨╜╨╛╨╝ "ffmpeg::events::impl::CreateRecorderEvent". [C:\Users\KusokMedi\Documents\GitHub\BetterShowcase\build\xdBot2.vcxproj]
  (╨║╨╛╨╝╨┐╨╕╨╗╤П╤Ж╨╕╤П ╨╕╤Б╤Е╨╛╨┤╨╜╨╛╨│╨╛ ╤Д╨░╨╣╨╗╨░ "../src/ui/record_layer.cpp")
      C:\Users\KusokMedi\Documents\GitHub\BetterShowcase\src\renderer\ffmpeg\events.hpp(11,11):
       ╤Б╨╝. ╨╛╨▒╤К╤П╨▓╨╗╨╡╨╜╨╕╨╡ "ffmpeg::events::impl::CreateRecorderEvent"
  
C:\Users\KusokMedi\Documents\GitHub\BetterShowcase\src\renderer\ffmpeg\events.hpp(135,21): error C2039: "post": ╨╜╨╡ ╤П╨▓╨╗╤П╨╡╤В╤Б╤П ╤З╨╗╨╡╨╜╨╛╨╝ "ffmpeg::events::impl::DeleteRecorderEvent". [C:\Users\KusokMedi\Documents\GitHub\BetterShowcase\build\xdBot2.vcxproj]
  (╨║╨╛╨╝╨┐╨╕╨╗╤П╤Ж╨╕╤П ╨╕╤Б╤Е╨╛╨┤╨╜╨╛╨│╨╛ ╤Д╨░╨╣╨╗╨░ "../src/ui/record_layer.cpp")
      C:\Users\KusokMedi\Documents\GitHub\BetterShowcase\src\renderer\ffmpeg\events.hpp(20,11):
       ╤Б╨╝. ╨╛╨▒╤К╤П╨▓╨╗╨╡╨╜╨╕╨╡ "ffmpeg::events::impl::DeleteRecorderEvent"
  
C:\Users\KusokMedi\Documents\GitHub\BetterShowcase\src\renderer\ffmpeg\events.hpp(153,19): error C2039: "post": ╨╜╨╡ ╤П╨▓╨╗╤П╨╡╤В╤Б╤П ╤З╨╗╨╡╨╜╨╛╨╝ "ffmpeg::events::impl::InitRecorderEvent". [C:\Users\KusokMedi\Documents\GitHub\BetterShowcase\build\xdBot2.vcxproj]
  (╨║╨╛╨╝╨┐╨╕╨╗╤П╤Ж╨╕╤П ╨╕╤Б╤Е╨╛╨┤╨╜╨╛╨│╨╛ ╤Д╨░╨╣╨╗╨░ "../src/ui/record_layer.cpp")
      C:\Users\KusokMedi\Documents\GitHub\BetterShowcase\src\renderer\ffmpeg\events.hpp(28,11):
       ╤Б╨╝. ╨╛╨▒╤К╤П╨▓╨╗╨╡╨╜╨╕╨╡ "ffmpeg::events::impl::InitRecorderEvent"
  
C:\Users\KusokMedi\Documents\GitHub\BetterShowcase\src\renderer\ffmpeg\events.hpp(163,40): error C2039: "post": ╨╜╨╡ ╤П╨▓╨╗╤П╨╡╤В╤Б╤П ╤З╨╗╨╡╨╜╨╛╨╝ "ffmpeg::events::impl::StopRecorderEvent". [C:\Users\KusokMedi\Documents\GitHub\BetterShowcase\build\xdBot2.vcxproj]
  (╨║╨╛╨╝╨┐╨╕╨╗╤П╤Ж╨╕╤П ╨╕╤Б╤Е╨╛╨┤╨╜╨╛╨│╨╛ ╤Д╨░╨╣╨╗╨░ "../src/ui/record_layer.cpp")
      C:\Users\KusokMedi\Documents\GitHub\BetterShowcase\src\renderer\ffmpeg\events.hpp(48,11):
       ╤Б╨╝. ╨╛╨▒╤К╤П╨▓╨╗╨╡╨╜╨╕╨╡ "ffmpeg::events::impl::StopRecorderEvent"
  
C:\Users\KusokMedi\Documents\GitHub\BetterShowcase\src\renderer\ffmpeg\events.hpp(182,19): error C2039: "post": ╨╜╨╡ ╤П╨▓╨╗╤П╨╡╤В╤Б╤П ╤З╨╗╨╡╨╜╨╛╨╝ "ffmpeg::events::impl::GetWriteFrameFunctionEvent". [C:\Users\KusokMedi\Documents\GitHub\BetterShowcase\build\xdBot2.vcxproj]
  (╨║╨╛╨╝╨┐╨╕╨╗╤П╤Ж╨╕╤П ╨╕╤Б╤Е╨╛╨┤╨╜╨╛╨│╨╛ ╤Д╨░╨╣╨╗╨░ "../src/ui/record_layer.cpp")
      C:\Users\KusokMedi\Documents\GitHub\BetterShowcase\src\renderer\ffmpeg\events.hpp(58,11):
       ╤Б╨╝. ╨╛╨▒╤К╤П╨▓╨╗╨╡╨╜╨╕╨╡ "ffmpeg::events::impl::GetWriteFrameFunctionEvent"
  
C:\Users\KusokMedi\Documents\GitHub\BetterShowcase\src\renderer\ffmpeg\events.hpp(199,20): error C2039: "post": ╨╜╨╡ ╤П╨▓╨╗╤П╨╡╤В╤Б╤П ╤З╨╗╨╡╨╜╨╛╨╝ "ffmpeg::events::impl::CodecRecorderEvent". [C:\Users\KusokMedi\Documents\GitHub\BetterShowcase\build\xdBot2.vcxproj]
  (╨║╨╛╨╝╨┐╨╕╨╗╤П╤Ж╨╕╤П ╨╕╤Б╤Е╨╛╨┤╨╜╨╛╨│╨╛ ╤Д╨░╨╣╨╗╨░ "../src/ui/record_layer.cpp")
      C:\Users\KusokMedi\Documents\GitHub\BetterShowcase\src\renderer\ffmpeg\events.hpp(69,11):
       ╤Б╨╝. ╨╛╨▒╤К╤П╨▓╨╗╨╡╨╜╨╕╨╡ "ffmpeg::events::impl::CodecRecorderEvent"
  
C:\Users\KusokMedi\Documents\GitHub\BetterShowcase\src\renderer\ffmpeg\events.hpp(225,18): error C2039: "post": ╨╜╨╡ ╤П╨▓╨╗╤П╨╡╤В╤Б╤П ╤З╨╗╨╡╨╜╨╛╨╝ "ffmpeg::events::impl::MixVideoAudioEvent". [C:\Users\KusokMedi\Documents\GitHub\BetterShowcase\build\xdBot2.vcxproj]
  (╨║╨╛╨╝╨┐╨╕╨╗╤П╤Ж╨╕╤П ╨╕╤Б╤Е╨╛╨┤╨╜╨╛╨│╨╛ ╤Д╨░╨╣╨╗╨░ "../src/ui/record_layer.cpp")
      C:\Users\KusokMedi\Documents\GitHub\BetterShowcase\src\renderer\ffmpeg\events.hpp(79,11):
       ╤Б╨╝. ╨╛╨▒╤К╤П╨▓╨╗╨╡╨╜╨╕╨╡ "ffmpeg::events::impl::MixVideoAudioEvent"
  
C:\Users\KusokMedi\Documents\GitHub\BetterShowcase\src\renderer\ffmpeg\events.hpp(244,18): error C2039: "post": ╨╜╨╡ ╤П╨▓╨╗╤П╨╡╤В╤Б╤П ╤З╨╗╨╡╨╜╨╛╨╝ "ffmpeg::events::impl::MixVideoRawEvent". [C:\Users\KusokMedi\Documents\GitHub\BetterShowcase\build\xdBot2.vcxproj]
  (╨║╨╛╨╝╨┐╨╕╨╗╤П╤Ж╨╕╤П ╨╕╤Б╤Е╨╛╨┤╨╜╨╛╨│╨╛ ╤Д╨░╨╣╨╗╨░ "../src/ui/record_layer.cpp")
      C:\Users\KusokMedi\Documents\GitHub\BetterShowcase\src\renderer\ffmpeg\events.hpp(101,11):
       ╤Б╨╝. ╨╛╨▒╤К╤П╨▓╨╗╨╡╨╜╨╕╨╡ "ffmpeg::events::impl::MixVideoRawEvent"
  
C:\Users\KusokMedi\Documents\GitHub\BetterShowcase\src\includes.hpp(82,17): error C2059: ╤Б╨╕╨╜╤В╨░╨║╤Б╨╕╤З╨╡╤Б╨║╨░╤П ╨╛╤И╨╕╨▒╨║╨░: < [C:\Users\KusokMedi\Documents\GitHub\BetterShowcase\build\xdBot2.vcxproj]
  (╨║╨╛╨╝╨┐╨╕╨╗╤П╤Ж╨╕╤П ╨╕╤Б╤Е╨╛╨┤╨╜╨╛╨│╨╛ ╤Д╨░╨╣╨╗╨░ "../src/ui/record_layer.cpp")
  
C:\Users\KusokMedi\Documents\GitHub\BetterShowcase\src\includes.hpp(82,36): error C2238: ╨╜╨╡╨┐╤А╨╡╨┤╨▓╨╕╨┤╨╡╨╜╨╜╤Л╨╡ ╨╗╨╡╨║╤Б╨╡╨╝╤Л ╨┐╨╡╤А╨╡╨┤ ";" [C:\Users\KusokMedi\Documents\GitHub\BetterShowcase\build\xdBot2.vcxproj]
  (╨║╨╛╨╝╨┐╨╕╨╗╤П╤Ж╨╕╤П ╨╕╤Б╤Е╨╛╨┤╨╜╨╛╨│╨╛ ╤Д╨░╨╣╨╗╨░ "../src/ui/record_layer.cpp")
  
C:\Users\KusokMedi\Documents\GitHub\BetterShowcase\src\ui\load_macro_layer.hpp(14,14): error C2059: ╤Б╨╕╨╜╤В╨░╨║╤Б╨╕╤З╨╡╤Б╨║╨░╤П ╨╛╤И╨╕╨▒╨║╨░: < [C:\Users\KusokMedi\Documents\GitHub\BetterShowcase\build\xdBot2.vcxproj]
  (╨║╨╛╨╝╨┐╨╕╨╗╤П╤Ж╨╕╤П ╨╕╤Б╤Е╨╛╨┤╨╜╨╛╨│╨╛ ╤Д╨░╨╣╨╗╨░ "../src/ui/record_layer.cpp")
  
C:\Users\KusokMedi\Documents\GitHub\BetterShowcase\src\ui\load_macro_layer.hpp(14,37): error C2238: ╨╜╨╡╨┐╤А╨╡╨┤╨▓╨╕╨┤╨╡╨╜╨╜╤Л╨╡ ╨╗╨╡╨║╤Б╨╡╨╝╤Л ╨┐╨╡╤А╨╡╨┤ ";" [C:\Users\KusokMedi\Documents\GitHub\BetterShowcase\build\xdBot2.vcxproj]
  (╨║╨╛╨╝╨┐╨╕╨╗╤П╤Ж╨╕╤П ╨╕╤Б╤Е╨╛╨┤╨╜╨╛╨│╨╛ ╤Д╨░╨╣╨╗╨░ "../src/ui/record_layer.cpp")
  
C:\Users\KusokMedi\Documents\GitHub\BetterShowcase\src\ui\load_macro_layer.hpp(15,14): error C2059: ╤Б╨╕╨╜╤В╨░╨║╤Б╨╕╤З╨╡╤Б╨║╨░╤П ╨╛╤И╨╕╨▒╨║╨░: < [C:\Users\KusokMedi\Documents\GitHub\BetterShowcase\build\xdBot2.vcxproj]
  (╨║╨╛╨╝╨┐╨╕╨╗╤П╤Ж╨╕╤П ╨╕╤Б╤Е╨╛╨┤╨╜╨╛╨│╨╛ ╤Д╨░╨╣╨╗╨░ "../src/ui/record_layer.cpp")
  
C:\Users\KusokMedi\Documents\GitHub\BetterShowcase\src\ui\load_macro_layer.hpp(15,38): error C2238: ╨╜╨╡╨┐╤А╨╡╨┤╨▓╨╕╨┤╨╡╨╜╨╜╤Л╨╡ ╨╗╨╡╨║╤Б╨╡╨╝╤Л ╨┐╨╡╤А╨╡╨┤ ";" [C:\Users\KusokMedi\Documents\GitHub\BetterShowcase\build\xdBot2.vcxproj]
  (╨║╨╛╨╝╨┐╨╕╨╗╤П╤Ж╨╕╤П ╨╕╤Б╤Е╨╛╨┤╨╜╨╛╨│╨╛ ╤Д╨░╨╣╨╗╨░ "../src/ui/record_layer.cpp")
  
C:\Users\KusokMedi\Documents\GitHub\BetterShowcase\src\ui\load_macro_layer.hpp(25,103): error C2143: ╤Б╨╕╨╜╤В╨░╨║╤Б╨╕╤З╨╡╤Б╨║╨░╤П ╨╛╤И╨╕╨▒╨║╨░: ╨╛╤В╤Б╤Г╤В╤Б╤В╨▓╨╕╨╡ ")" ╨┐╨╡╤А╨╡╨┤ "<" [C:\Users\KusokMedi\Documents\GitHub\BetterShowcase\build\xdBot2.vcxproj]
  (╨║╨╛╨╝╨┐╨╕╨╗╤П╤Ж╨╕╤П ╨╕╤Б╤Е╨╛╨┤╨╜╨╛╨│╨╛ ╤Д╨░╨╣╨╗╨░ "../src/ui/record_layer.cpp")
  
C:\Users\KusokMedi\Documents\GitHub\BetterShowcase\src\ui\load_macro_layer.hpp(25,103): error C2143: ╤Б╨╕╨╜╤В╨░╨║╤Б╨╕╤З╨╡╤Б╨║╨░╤П ╨╛╤И╨╕╨▒╨║╨░: ╨╛╤В╤Б╤Г╤В╤Б╤В╨▓╨╕╨╡ ";" ╨┐╨╡╤А╨╡╨┤ "<" [C:\Users\KusokMedi\Documents\GitHub\BetterShowcase\build\xdBot2.vcxproj]
  (╨║╨╛╨╝╨┐╨╕╨╗╤П╤Ж╨╕╤П ╨╕╤Б╤Е╨╛╨┤╨╜╨╛╨│╨╛ ╤Д╨░╨╣╨╗╨░ "../src/ui/record_layer.cpp")
  
C:\Users\KusokMedi\Documents\GitHub\BetterShowcase\src\ui\load_macro_layer.hpp(25,103): error C2059: ╤Б╨╕╨╜╤В╨░╨║╤Б╨╕╤З╨╡╤Б╨║╨░╤П ╨╛╤И╨╕╨▒╨║╨░: < [C:\Users\KusokMedi\Documents\GitHub\BetterShowcase\build\xdBot2.vcxproj]
  (╨║╨╛╨╝╨┐╨╕╨╗╤П╤Ж╨╕╤П ╨╕╤Б╤Е╨╛╨┤╨╜╨╛╨│╨╛ ╤Д╨░╨╣╨╗╨░ "../src/ui/record_layer.cpp")
  
C:\Users\KusokMedi\Documents\GitHub\BetterShowcase\src\ui\load_macro_layer.hpp(25,164): error C2059: ╤Б╨╕╨╜╤В╨░╨║╤Б╨╕╤З╨╡╤Б╨║╨░╤П ╨╛╤И╨╕╨▒╨║╨░: ) [C:\Users\KusokMedi\Documents\GitHub\BetterShowcase\build\xdBot2.vcxproj]
  (╨║╨╛╨╝╨┐╨╕╨╗╤П╤Ж╨╕╤П ╨╕╤Б╤Е╨╛╨┤╨╜╨╛╨│╨╛ ╤Д╨░╨╣╨╗╨░ "../src/ui/record_layer.cpp")
  
C:\Users\KusokMedi\Documents\GitHub\BetterShowcase\src\ui\load_macro_layer.hpp(25,165): error C2238: ╨╜╨╡╨┐╤А╨╡╨┤╨▓╨╕╨┤╨╡╨╜╨╜╤Л╨╡ ╨╗╨╡╨║╤Б╨╡╨╝╤Л ╨┐╨╡╤А╨╡╨┤ ";" [C:\Users\KusokMedi\Documents\GitHub\BetterShowcase\build\xdBot2.vcxproj]
  (╨║╨╛╨╝╨┐╨╕╨╗╤П╤Ж╨╕╤П ╨╕╤Б╤Е╨╛╨┤╨╜╨╛╨│╨╛ ╤Д╨░╨╣╨╗╨░ "../src/ui/record_layer.cpp")
  
C:\Users\KusokMedi\Documents\GitHub\BetterShowcase\src\ui\load_macro_layer.hpp(27,88): error C2143: ╤Б╨╕╨╜╤В╨░╨║╤Б╨╕╤З╨╡╤Б╨║╨░╤П ╨╛╤И╨╕╨▒╨║╨░: ╨╛╤В╤Б╤Г╤В╤Б╤В╨▓╨╕╨╡ ")" ╨┐╨╡╤А╨╡╨┤ "<" [C:\Users\KusokMedi\Documents\GitHub\BetterShowcase\build\xdBot2.vcxproj]
  (╨║╨╛╨╝╨┐╨╕╨╗╤П╤Ж╨╕╤П ╨╕╤Б╤Е╨╛╨┤╨╜╨╛╨│╨╛ ╤Д╨░╨╣╨╗╨░ "../src/ui/record_layer.cpp")
  
C:\Users\KusokMedi\Documents\GitHub\BetterShowcase\src\ui\load_macro_layer.hpp(27,88): error C2143: ╤Б╨╕╨╜╤В╨░╨║╤Б╨╕╤З╨╡╤Б╨║╨░╤П ╨╛╤И╨╕╨▒╨║╨░: ╨╛╤В╤Б╤Г╤В╤Б╤В╨▓╨╕╨╡ ";" ╨┐╨╡╤А╨╡╨┤ "<" [C:\Users\KusokMedi\Documents\GitHub\BetterShowcase\build\xdBot2.vcxproj]
  (╨║╨╛╨╝╨┐╨╕╨╗╤П╤Ж╨╕╤П ╨╕╤Б╤Е╨╛╨┤╨╜╨╛╨│╨╛ ╤Д╨░╨╣╨╗╨░ "../src/ui/record_layer.cpp")
  
C:\Users\KusokMedi\Documents\GitHub\BetterShowcase\src\ui\load_macro_layer.hpp(27,88): error C2059: ╤Б╨╕╨╜╤В╨░╨║╤Б╨╕╤З╨╡╤Б╨║╨░╤П ╨╛╤И╨╕╨▒╨║╨░: < [C:\Users\KusokMedi\Documents\GitHub\BetterShowcase\build\xdBot2.vcxproj]
  (╨║╨╛╨╝╨┐╨╕╨╗╤П╤Ж╨╕╤П ╨╕╤Б╤Е╨╛╨┤╨╜╨╛╨│╨╛ ╤Д╨░╨╣╨╗╨░ "../src/ui/record_layer.cpp")
  
C:\Users\KusokMedi\Documents\GitHub\BetterShowcase\src\ui\load_macro_layer.hpp(27,149): error C2059: ╤Б╨╕╨╜╤В╨░╨║╤Б╨╕╤З╨╡╤Б╨║╨░╤П ╨╛╤И╨╕╨▒╨║╨░: ) [C:\Users\KusokMedi\Documents\GitHub\BetterShowcase\build\xdBot2.vcxproj]
  (╨║╨╛╨╝╨┐╨╕╨╗╤П╤Ж╨╕╤П ╨╕╤Б╤Е╨╛╨┤╨╜╨╛╨│╨╛ ╤Д╨░╨╣╨╗╨░ "../src/ui/record_layer.cpp")
  
C:\Users\KusokMedi\Documents\GitHub\BetterShowcase\src\ui\load_macro_layer.hpp(27,150): error C2238: ╨╜╨╡╨┐╤А╨╡╨┤╨▓╨╕╨┤╨╡╨╜╨╜╤Л╨╡ ╨╗╨╡╨║╤Б╨╡╨╝╤Л ╨┐╨╡╤А╨╡╨┤ ";" [C:\Users\KusokMedi\Documents\GitHub\BetterShowcase\build\xdBot2.vcxproj]
  (╨║╨╛╨╝╨┐╨╕╨╗╤П╤Ж╨╕╤П ╨╕╤Б╤Е╨╛╨┤╨╜╨╛╨│╨╛ ╤Д╨░╨╣╨╗╨░ "../src/ui/record_layer.cpp")
  
C:\Users\KusokMedi\Documents\GitHub\BetterShowcase\src\ui\load_macro_layer.hpp(42,43): error C2143: ╤Б╨╕╨╜╤В╨░╨║╤Б╨╕╤З╨╡╤Б╨║╨░╤П ╨╛╤И╨╕╨▒╨║╨░: ╨╛╤В╤Б╤Г╤В╤Б╤В╨▓╨╕╨╡ "," ╨┐╨╡╤А╨╡╨┤ "<" [C:\Users\KusokMedi\Documents\GitHub\BetterShowcase\build\xdBot2.vcxproj]
  (╨║╨╛╨╝╨┐╨╕╨╗╤П╤Ж╨╕╤П ╨╕╤Б╤Е╨╛╨┤╨╜╨╛╨│╨╛ ╤Д╨░╨╣╨╗╨░ "../src/ui/record_layer.cpp")
  
C:\Users\KusokMedi\Documents\GitHub\BetterShowcase\src\ui\load_macro_layer.hpp(45,14): error C2059: ╤Б╨╕╨╜╤В╨░╨║╤Б╨╕╤З╨╡╤Б╨║╨░╤П ╨╛╤И╨╕╨▒╨║╨░: < [C:\Users\KusokMedi\Documents\GitHub\BetterShowcase\build\xdBot2.vcxproj]
  (╨║╨╛╨╝╨┐╨╕╨╗╤П╤Ж╨╕╤П ╨╕╤Б╤Е╨╛╨┤╨╜╨╛╨│╨╛ ╤Д╨░╨╣╨╗╨░ "../src/ui/record_layer.cpp")
  
C:\Users\KusokMedi\Documents\GitHub\BetterShowcase\src\ui\load_macro_layer.hpp(45,37): error C2238: ╨╜╨╡╨┐╤А╨╡╨┤╨▓╨╕╨┤╨╡╨╜╨╜╤Л╨╡ ╨╗╨╡╨║╤Б╨╡╨╝╤Л ╨┐╨╡╤А╨╡╨┤ ";" [C:\Users\KusokMedi\Documents\GitHub\BetterShowcase\build\xdBot2.vcxproj]
  (╨║╨╛╨╝╨┐╨╕╨╗╤П╤Ж╨╕╤П ╨╕╤Б╤Е╨╛╨┤╨╜╨╛╨│╨╛ ╤Д╨░╨╣╨╗╨░ "../src/ui/record_layer.cpp")
  
C:\Users\KusokMedi\Documents\GitHub\BetterShowcase\src\ui\load_macro_layer.hpp(46,14): error C2059: ╤Б╨╕╨╜╤В╨░╨║╤Б╨╕╤З╨╡╤Б╨║╨░╤П ╨╛╤И╨╕╨▒╨║╨░: < [C:\Users\KusokMedi\Documents\GitHub\BetterShowcase\build\xdBot2.vcxproj]
  (╨║╨╛╨╝╨┐╨╕╨╗╤П╤Ж╨╕╤П ╨╕╤Б╤Е╨╛╨┤╨╜╨╛╨│╨╛ ╤Д╨░╨╣╨╗╨░ "../src/ui/record_layer.cpp")
  
C:\Users\KusokMedi\Documents\GitHub\BetterShowcase\src\ui\load_macro_layer.hpp(46,38): error C2238: ╨╜╨╡╨┐╤А╨╡╨┤╨▓╨╕╨┤╨╡╨╜╨╜╤Л╨╡ ╨╗╨╡╨║╤Б╨╡╨╝╤Л ╨┐╨╡╤А╨╡╨┤ ";" [C:\Users\KusokMedi\Documents\GitHub\BetterShowcase\build\xdBot2.vcxproj]
  (╨║╨╛╨╝╨┐╨╕╨╗╤П╤Ж╨╕╤П ╨╕╤Б╤Е╨╛╨┤╨╜╨╛╨│╨╛ ╤Д╨░╨╣╨╗╨░ "../src/ui/record_layer.cpp")
  
C:\Users\KusokMedi\Documents\GitHub\BetterShowcase\src\ui\load_macro_layer.hpp(69,44): error C2143: ╤Б╨╕╨╜╤В╨░╨║╤Б╨╕╤З╨╡╤Б╨║╨░╤П ╨╛╤И╨╕╨▒╨║╨░: ╨╛╤В╤Б╤Г╤В╤Б╤В╨▓╨╕╨╡ ")" ╨┐╨╡╤А╨╡╨┤ "<" [C:\Users\KusokMedi\Documents\GitHub\BetterShowcase\build\xdBot2.vcxproj]
  (╨║╨╛╨╝╨┐╨╕╨╗╤П╤Ж╨╕╤П ╨╕╤Б╤Е╨╛╨┤╨╜╨╛╨│╨╛ ╤Д╨░╨╣╨╗╨░ "../src/ui/record_layer.cpp")
  
C:\Users\KusokMedi\Documents\GitHub\BetterShowcase\src\ui\load_macro_layer.hpp(69,44): error C2143: ╤Б╨╕╨╜╤В╨░╨║╤Б╨╕╤З╨╡╤Б╨║╨░╤П ╨╛╤И╨╕╨▒╨║╨░: ╨╛╤В╤Б╤Г╤В╤Б╤В╨▓╨╕╨╡ ";" ╨┐╨╡╤А╨╡╨┤ "<" [C:\Users\KusokMedi\Documents\GitHub\BetterShowcase\build\xdBot2.vcxproj]
  (╨║╨╛╨╝╨┐╨╕╨╗╤П╤Ж╨╕╤П ╨╕╤Б╤Е╨╛╨┤╨╜╨╛╨│╨╛ ╤Д╨░╨╣╨╗╨░ "../src/ui/record_layer.cpp")
  
C:\Users\KusokMedi\Documents\GitHub\BetterShowcase\src\ui\load_macro_layer.hpp(69,44): error C2059: ╤Б╨╕╨╜╤В╨░╨║╤Б╨╕╤З╨╡╤Б╨║╨░╤П ╨╛╤И╨╕╨▒╨║╨░: < [C:\Users\KusokMedi\Documents\GitHub\BetterShowcase\build\xdBot2.vcxproj]
  (╨║╨╛╨╝╨┐╨╕╨╗╤П╤Ж╨╕╤П ╨╕╤Б╤Е╨╛╨┤╨╜╨╛╨│╨╛ ╤Д╨░╨╣╨╗╨░ "../src/ui/record_layer.cpp")
  
C:\Users\KusokMedi\Documents\GitHub\BetterShowcase\src\ui\load_macro_layer.hpp(69,93): error C2059: ╤Б╨╕╨╜╤В╨░╨║╤Б╨╕╤З╨╡╤Б╨║╨░╤П ╨╛╤И╨╕╨▒╨║╨░: ) [C:\Users\KusokMedi\Documents\GitHub\BetterShowcase\build\xdBot2.vcxproj]
  (╨║╨╛╨╝╨┐╨╕╨╗╤П╤Ж╨╕╤П ╨╕╤Б╤Е╨╛╨┤╨╜╨╛╨│╨╛ ╤Д╨░╨╣╨╗╨░ "../src/ui/record_layer.cpp")
  
C:\Users\KusokMedi\Documents\GitHub\BetterShowcase\src\ui\load_macro_layer.hpp(69,94): error C2238: ╨╜╨╡╨┐╤А╨╡╨┤╨▓╨╕╨┤╨╡╨╜╨╜╤Л╨╡ ╨╗╨╡╨║╤Б╨╡╨╝╤Л ╨┐╨╡╤А╨╡╨┤ ";" [C:\Users\KusokMedi\Documents\GitHub\BetterShowcase\build\xdBot2.vcxproj]
  (╨║╨╛╨╝╨┐╨╕╨╗╤П╤Ж╨╕╤П ╨╕╤Б╤Е╨╛╨┤╨╜╨╛╨│╨╛ ╤Д╨░╨╣╨╗╨░ "../src/ui/record_layer.cpp")
  
C:\Users\KusokMedi\Documents\GitHub\BetterShowcase\src\ui\load_macro_layer.hpp(71,25): error C2143: ╤Б╨╕╨╜╤В╨░╨║╤Б╨╕╤З╨╡╤Б╨║╨░╤П ╨╛╤И╨╕╨▒╨║╨░: ╨╛╤В╤Б╤Г╤В╤Б╤В╨▓╨╕╨╡ ")" ╨┐╨╡╤А╨╡╨┤ "<" [C:\Users\KusokMedi\Documents\GitHub\BetterShowcase\build\xdBot2.vcxproj]
  (╨║╨╛╨╝╨┐╨╕╨╗╤П╤Ж╨╕╤П ╨╕╤Б╤Е╨╛╨┤╨╜╨╛╨│╨╛ ╤Д╨░╨╣╨╗╨░ "../src/ui/record_layer.cpp")
  
C:\Users\KusokMedi\Documents\GitHub\BetterShowcase\src\ui\load_macro_layer.hpp(71,25): error C2143: ╤Б╨╕╨╜╤В╨░╨║╤Б╨╕╤З╨╡╤Б╨║╨░╤П ╨╛╤И╨╕╨▒╨║╨░: ╨╛╤В╤Б╤Г╤В╤Б╤В╨▓╨╕╨╡ ";" ╨┐╨╡╤А╨╡╨┤ "<" [C:\Users\KusokMedi\Documents\GitHub\BetterShowcase\build\xdBot2.vcxproj]
  (╨║╨╛╨╝╨┐╨╕╨╗╤П╤Ж╨╕╤П ╨╕╤Б╤Е╨╛╨┤╨╜╨╛╨│╨╛ ╤Д╨░╨╣╨╗╨░ "../src/ui/record_layer.cpp")
  
C:\Users\KusokMedi\Documents\GitHub\BetterShowcase\src\ui\load_macro_layer.hpp(71,25): error C2059: ╤Б╨╕╨╜╤В╨░╨║╤Б╨╕╤З╨╡╤Б╨║╨░╤П ╨╛╤И╨╕╨▒╨║╨░: < [C:\Users\KusokMedi\Documents\GitHub\BetterShowcase\build\xdBot2.vcxproj]
  (╨║╨╛╨╝╨┐╨╕╨╗╤П╤Ж╨╕╤П ╨╕╤Б╤Е╨╛╨┤╨╜╨╛╨│╨╛ ╤Д╨░╨╣╨╗╨░ "../src/ui/record_layer.cpp")
  
C:\Users\KusokMedi\Documents\GitHub\BetterShowcase\src\ui\load_macro_layer.hpp(71,74): error C2059: ╤Б╨╕╨╜╤В╨░╨║╤Б╨╕╤З╨╡╤Б╨║╨░╤П ╨╛╤И╨╕╨▒╨║╨░: ) [C:\Users\KusokMedi\Documents\GitHub\BetterShowcase\build\xdBot2.vcxproj]
  (╨║╨╛╨╝╨┐╨╕╨╗╤П╤Ж╨╕╤П ╨╕╤Б╤Е╨╛╨┤╨╜╨╛╨│╨╛ ╤Д╨░╨╣╨╗╨░ "../src/ui/record_layer.cpp")
  
C:\Users\KusokMedi\Documents\GitHub\BetterShowcase\src\ui\load_macro_layer.hpp(71,84): error C2238: ╨╜╨╡╨┐╤А╨╡╨┤╨▓╨╕╨┤╨╡╨╜╨╜╤Л╨╡ ╨╗╨╡╨║╤Б╨╡╨╝╤Л ╨┐╨╡╤А╨╡╨┤ ";" [C:\Users\KusokMedi\Documents\GitHub\BetterShowcase\build\xdBot2.vcxproj]
  (╨║╨╛╨╝╨┐╨╕╨╗╤П╤Ж╨╕╤П ╨╕╤Б╤Е╨╛╨┤╨╜╨╛╨│╨╛ ╤Д╨░╨╣╨╗╨░ "../src/ui/record_layer.cpp")
  
C:\Users\KusokMedi\Documents\GitHub\BetterShowcase\src\ui\load_macro_layer.hpp(73,31): error C2143: ╤Б╨╕╨╜╤В╨░╨║╤Б╨╕╤З╨╡╤Б╨║╨░╤П ╨╛╤И╨╕╨▒╨║╨░: ╨╛╤В╤Б╤Г╤В╤Б╤В╨▓╨╕╨╡ ")" ╨┐╨╡╤А╨╡╨┤ "<" [C:\Users\KusokMedi\Documents\GitHub\BetterShowcase\build\xdBot2.vcxproj]
  (╨║╨╛╨╝╨┐╨╕╨╗╤П╤Ж╨╕╤П ╨╕╤Б╤Е╨╛╨┤╨╜╨╛╨│╨╛ ╤Д╨░╨╣╨╗╨░ "../src/ui/record_layer.cpp")
  
C:\Users\KusokMedi\Documents\GitHub\BetterShowcase\src\ui\load_macro_layer.hpp(73,31): error C2143: ╤Б╨╕╨╜╤В╨░╨║╤Б╨╕╤З╨╡╤Б╨║╨░╤П ╨╛╤И╨╕╨▒╨║╨░: ╨╛╤В╤Б╤Г╤В╤Б╤В╨▓╨╕╨╡ ";" ╨┐╨╡╤А╨╡╨┤ "<" [C:\Users\KusokMedi\Documents\GitHub\BetterShowcase\build\xdBot2.vcxproj]
  (╨║╨╛╨╝╨┐╨╕╨╗╤П╤Ж╨╕╤П ╨╕╤Б╤Е╨╛╨┤╨╜╨╛╨│╨╛ ╤Д╨░╨╣╨╗╨░ "../src/ui/record_layer.cpp")
  
C:\Users\KusokMedi\Documents\GitHub\BetterShowcase\src\ui\load_macro_layer.hpp(73,31): error C2059: ╤Б╨╕╨╜╤В╨░╨║╤Б╨╕╤З╨╡╤Б╨║╨░╤П ╨╛╤И╨╕╨▒╨║╨░: < [C:\Users\KusokMedi\Documents\GitHub\BetterShowcase\build\xdBot2.vcxproj]
  (╨║╨╛╨╝╨┐╨╕╨╗╤П╤Ж╨╕╤П ╨╕╤Б╤Е╨╛╨┤╨╜╨╛╨│╨╛ ╤Д╨░╨╣╨╗╨░ "../src/ui/record_layer.cpp")
  
C:\Users\KusokMedi\Documents\GitHub\BetterShowcase\src\ui\load_macro_layer.hpp(73,88): error C2059: ╤Б╨╕╨╜╤В╨░╨║╤Б╨╕╤З╨╡╤Б╨║╨░╤П ╨╛╤И╨╕╨▒╨║╨░: ) [C:\Users\KusokMedi\Documents\GitHub\BetterShowcase\build\xdBot2.vcxproj]
  (╨║╨╛╨╝╨┐╨╕╨╗╤П╤Ж╨╕╤П ╨╕╤Б╤Е╨╛╨┤╨╜╨╛╨│╨╛ ╤Д╨░╨╣╨╗╨░ "../src/ui/record_layer.cpp")
  
C:\Users\KusokMedi\Documents\GitHub\BetterShowcase\src\ui\load_macro_layer.hpp(73,89): error C2238: ╨╜╨╡╨┐╤А╨╡╨┤╨▓╨╕╨┤╨╡╨╜╨╜╤Л╨╡ ╨╗╨╡╨║╤Б╨╡╨╝╤Л ╨┐╨╡╤А╨╡╨┤ ";" [C:\Users\KusokMedi\Documents\GitHub\BetterShowcase\build\xdBot2.vcxproj]
  (╨║╨╛╨╝╨┐╨╕╨╗╤П╤Ж╨╕╤П ╨╕╤Б╤Е╨╛╨┤╨╜╨╛╨│╨╛ ╤Д╨░╨╣╨╗╨░ "../src/ui/record_layer.cpp")
  
C:\Users\KusokMedi\Documents\GitHub\BetterShowcase\src\ui\load_macro_layer.hpp(79,7): error C3668: LoadMacroLayer::textChanged: ╨╝╨╡╤В╨╛╨┤ ╤Б╨╛ ╤Б╨┐╨╡╤Ж╨╕╤Д╨╕╨║╨░╤В╨╛╤А╨╛╨╝ ╨┐╨╡╤А╨╡╨╛╨┐╤А╨╡╨┤╨╡╨╗╨╡╨╜╨╕╤П "override" ╨╜╨╡ ╨┐╨╡╤А╨╡╨╛╨┐╤А╨╡╨┤╨╡╨╗╤П╨╡╤В ╨║╨░╨║╨╕╨╡-╨╗╨╕╨▒╨╛ ╨╝╨╡╤В╨╛╨┤╤Л ╨▒╨░╨╖╨╛╨▓╨╛╨│╨╛ ╨║╨╗╨░╤Б╤Б╨░ [C:\Users\KusokMedi\Documents\GitHub\BetterShowcase\build\xdBot2.vcxproj]
  (╨║╨╛╨╝╨┐╨╕╨╗╤П╤Ж╨╕╤П ╨╕╤Б╤Е╨╛╨┤╨╜╨╛╨│╨╛ ╤Д╨░╨╣╨╗╨░ "../src/ui/record_layer.cpp")
  
C:\Users\KusokMedi\Documents\GitHub\BetterShowcase\src\ui\render_settings_layer.hpp(5,48): error C2143: ╤Б╨╕╨╜╤В╨░╨║╤Б╨╕╤З╨╡╤Б╨║╨░╤П ╨╛╤И╨╕╨▒╨║╨░: ╨╛╤В╤Б╤Г╤В╤Б╤В╨▓╨╕╨╡ "," ╨┐╨╡╤А╨╡╨┤ "<" [C:\Users\KusokMedi\Documents\GitHub\BetterShowcase\build\xdBot2.vcxproj]
  (╨║╨╛╨╝╨┐╨╕╨╗╤П╤Ж╨╕╤П ╨╕╤Б╤Е╨╛╨┤╨╜╨╛╨│╨╛ ╤Д╨░╨╣╨╗╨░ "../src/ui/record_layer.cpp")
  
C:\Users\KusokMedi\Documents\GitHub\BetterShowcase\src\ui\render_settings_layer.hpp(27,7): error C3668: RenderSettingsLayer::setup: ╨╝╨╡╤В╨╛╨┤ ╤Б╨╛ ╤Б╨┐╨╡╤Ж╨╕╤Д╨╕╨║╨░╤В╨╛╤А╨╛╨╝ ╨┐╨╡╤А╨╡╨╛╨┐╤А╨╡╨┤╨╡╨╗╨╡╨╜╨╕╤П "override" ╨╜╨╡ ╨┐╨╡╤А╨╡╨╛╨┐╤А╨╡╨┤╨╡╨╗╤П╨╡╤В ╨║╨░╨║╨╕╨╡-╨╗╨╕╨▒╨╛ ╨╝╨╡╤В╨╛╨┤╤Л ╨▒╨░╨╖╨╛╨▓╨╛╨│╨╛ ╨║╨╗╨░╤Б╤Б╨░ [C:\Users\KusokMedi\Documents\GitHub\BetterShowcase\build\xdBot2.vcxproj]
  (╨║╨╛╨╝╨┐╨╕╨╗╤П╤Ж╨╕╤П ╨╕╤Б╤Е╨╛╨┤╨╜╨╛╨│╨╛ ╤Д╨░╨╣╨╗╨░ "../src/ui/record_layer.cpp")
  
C:\Users\KusokMedi\Documents\GitHub\BetterShowcase\src\ui\render_settings_layer.hpp(41,7): error C3668: RenderSettingsLayer::textChanged: ╨╝╨╡╤В╨╛╨┤ ╤Б╨╛ ╤Б╨┐╨╡╤Ж╨╕╤Д╨╕╨║╨░╤В╨╛╤А╨╛╨╝ ╨┐╨╡╤А╨╡╨╛╨┐╤А╨╡╨┤╨╡╨╗╨╡╨╜╨╕╤П "override" ╨╜╨╡ ╨┐╨╡╤А╨╡╨╛╨┐╤А╨╡╨┤╨╡╨╗╤П╨╡╤В ╨║╨░╨║╨╕╨╡-╨╗╨╕╨▒╨╛ ╨╝╨╡╤В╨╛╨┤╤Л ╨▒╨░╨╖╨╛╨▓╨╛╨│╨╛ ╨║╨╗╨░╤Б╤Б╨░ [C:\Users\KusokMedi\Documents\GitHub\BetterShowcase\build\xdBot2.vcxproj]
  (╨║╨╛╨╝╨┐╨╕╨╗╤П╤Ж╨╕╤П ╨╕╤Б╤Е╨╛╨┤╨╜╨╛╨│╨╛ ╤Д╨░╨╣╨╗╨░ "../src/ui/record_layer.cpp")
  
C:\Users\KusokMedi\Documents\GitHub\BetterShowcase\src\ui\render_settings_layer.hpp(31,2): error C2039: "initAnchored": ╨╜╨╡ ╤П╨▓╨╗╤П╨╡╤В╤Б╤П ╤З╨╗╨╡╨╜╨╛╨╝ "RenderSettingsLayer". [C:\Users\KusokMedi\Documents\GitHub\BetterShowcase\build\xdBot2.vcxproj]
  (╨║╨╛╨╝╨┐╨╕╨╗╤П╤Ж╨╕╤П ╨╕╤Б╤Е╨╛╨┤╨╜╨╛╨│╨╛ ╤Д╨░╨╣╨╗╨░ "../src/ui/record_layer.cpp")
      C:\Users\KusokMedi\Documents\GitHub\BetterShowcase\src\ui\render_settings_layer.hpp(5,7):
       ╤Б╨╝. ╨╛╨▒╤К╤П╨▓╨╗╨╡╨╜╨╕╨╡ "RenderSettingsLayer"
  
C:\Users\KusokMedi\Documents\GitHub\BetterShowcase\src\ui\save_macro_layer.hpp(4,43): error C2143: ╤Б╨╕╨╜╤В╨░╨║╤Б╨╕╤З╨╡╤Б╨║╨░╤П ╨╛╤И╨╕╨▒╨║╨░: ╨╛╤В╤Б╤Г╤В╤Б╤В╨▓╨╕╨╡ "," ╨┐╨╡╤А╨╡╨┤ "<" [C:\Users\KusokMedi\Documents\GitHub\BetterShowcase\build\xdBot2.vcxproj]
  (╨║╨╛╨╝╨┐╨╕╨╗╤П╤Ж╨╕╤П ╨╕╤Б╤Е╨╛╨┤╨╜╨╛╨│╨╛ ╤Д╨░╨╣╨╗╨░ "../src/ui/record_layer.cpp")
  
C:\Users\KusokMedi\Documents\GitHub\BetterShowcase\src\ui\save_macro_layer.hpp(14,10): error C3668: SaveMacroLayer::setup: ╨╝╨╡╤В╨╛╨┤ ╤Б╨╛ ╤Б╨┐╨╡╤Ж╨╕╤Д╨╕╨║╨░╤В╨╛╤А╨╛╨╝ ╨┐╨╡╤А╨╡╨╛╨┐╤А╨╡╨┤╨╡╨╗╨╡╨╜╨╕╤П "override" ╨╜╨╡ ╨┐╨╡╤А╨╡╨╛╨┐╤А╨╡╨┤╨╡╨╗╤П╨╡╤В ╨║╨░╨║╨╕╨╡-╨╗╨╕╨▒╨╛ ╨╝╨╡╤В╨╛╨┤╤Л ╨▒╨░╨╖╨╛╨▓╨╛╨│╨╛ ╨║╨╗╨░╤Б╤Б╨░ [C:\Users\KusokMedi\Documents\GitHub\BetterShowcase\build\xdBot2.vcxproj]
  (╨║╨╛╨╝╨┐╨╕╨╗╤П╤Ж╨╕╤П ╨╕╤Б╤Е╨╛╨┤╨╜╨╛╨│╨╛ ╤Д╨░╨╣╨╗╨░ "../src/ui/record_layer.cpp")
  
C:\Users\KusokMedi\Documents\GitHub\BetterShowcase\src\ui\save_macro_layer.hpp(15,16): error C2664: "void Utils::setBackgroundColor(cocos2d::extension::CCScale9Sprite *)": ╨╜╨╡╨▓╨╛╨╖╨╝╨╛╨╢╨╜╨╛ ╨┐╤А╨╡╨╛╨▒╤А╨░╨╖╨╛╨▓╨░╤В╤М ╨░╤А╨│╤Г╨╝╨╡╨╜╤В 1 ╨╕╨╖ "geode::NineSlice *" ╨▓ "cocos2d::extension::CCScale9Sprite *" [C:\Users\KusokMedi\Documents\GitHub\BetterShowcase\build\xdBot2.vcxproj]
  (╨║╨╛╨╝╨┐╨╕╨╗╤П╤Ж╨╕╤П ╨╕╤Б╤Е╨╛╨┤╨╜╨╛╨│╨╛ ╤Д╨░╨╣╨╗╨░ "../src/ui/record_layer.cpp")
      C:\Users\KusokMedi\Documents\GitHub\BetterShowcase\src\ui\save_macro_layer.hpp(15,35):
      ╨в╨╕╨┐╤Л, ╨╜╨░ ╨║╨╛╤В╨╛╤А╤Л╨╡ ╤Г╨║╨░╨╖╤Л╨▓╨░╤О╤В ╤Г╨║╨░╨╖╨░╤В╨╡╨╗╨╕, ╨╜╨╡ ╤Б╨▓╤П╨╖╨░╨╜╤Л; ╨┤╨╗╤П ╨┐╤А╨╡╨╛╨▒╤А╨░╨╖╨╛╨▓╨░╨╜╨╕╤П ╤В╤А╨╡╨▒╤Г╨╡╤В╤Б╤П reinterpret_cast, ╨┐╤А╨╕╨▓╨╡╨┤╨╡╨╜╨╕╨╡ ╨▓ ╤Б╤В╨╕╨╗╨╡ ╨б ╨╕╨╗╨╕ ╨┐╤А╨╕╨▓╨╡╨┤╨╡╨╜╨╕╨╡ ╨▓ ╤Б╤В╨╕╨╗╨╡ ╤Д╤Г╨╜╨║╤Ж╨╕╨╕ ╨▓ ╨║╤А╤Г╨│╨╗╤Л╤Е ╤Б╨║╨╛╨▒╨║╨░╤Е
      C:\Users\KusokMedi\Documents\GitHub\BetterShowcase\src\utils\utils.hpp(18,17):
       ╤Б╨╝. ╨╛╨▒╤К╤П╨▓╨╗╨╡╨╜╨╕╨╡ "Utils::setBackgroundColor"
      C:\Users\KusokMedi\Documents\GitHub\BetterShowcase\src\ui\save_macro_layer.hpp(15,16):
      ╨┐╤А╨╕ ╨┐╨╛╨┐╤Л╤В╨║╨╡ ╤Б╨╛╨┐╨╛╤Б╤В╨░╨▓╨╕╤В╤М ╤Б╨┐╨╕╤Б╨╛╨║ ╨░╤А╨│╤Г╨╝╨╡╨╜╤В╨╛╨▓ "(geode::NineSlice *)"
  
C:\Users\KusokMedi\Documents\GitHub\BetterShowcase\src\ui\save_macro_layer.hpp(73,5): error C2039: "initAnchored": ╨╜╨╡ ╤П╨▓╨╗╤П╨╡╤В╤Б╤П ╤З╨╗╨╡╨╜╨╛╨╝ "SaveMacroLayer". [C:\Users\KusokMedi\Documents\GitHub\BetterShowcase\build\xdBot2.vcxproj]
  (╨║╨╛╨╝╨┐╨╕╨╗╤П╤Ж╨╕╤П ╨╕╤Б╤Е╨╛╨┤╨╜╨╛╨│╨╛ ╤Д╨░╨╣╨╗╨░ "../src/ui/record_layer.cpp")
      C:\Users\KusokMedi\Documents\GitHub\BetterShowcase\src\ui\save_macro_layer.hpp(4,7):
       ╤Б╨╝. ╨╛╨▒╤К╤П╨▓╨╗╨╡╨╜╨╕╨╡ "SaveMacroLayer"
  
C:\Users\KusokMedi\Documents\GitHub\BetterShowcase\src\ui\macro_info_layer.hpp(5,43): error C2143: ╤Б╨╕╨╜╤В╨░╨║╤Б╨╕╤З╨╡╤Б╨║╨░╤П ╨╛╤И╨╕╨▒╨║╨░: ╨╛╤В╤Б╤Г╤В╤Б╤В╨▓╨╕╨╡ "," ╨┐╨╡╤А╨╡╨┤ "<" [C:\Users\KusokMedi\Documents\GitHub\BetterShowcase\build\xdBot2.vcxproj]
  (╨║╨╛╨╝╨┐╨╕╨╗╤П╤Ж╨╕╤П ╨╕╤Б╤Е╨╛╨┤╨╜╨╛╨│╨╛ ╤Д╨░╨╣╨╗╨░ "../src/ui/record_layer.cpp")
  
C:\Users\KusokMedi\Documents\GitHub\BetterShowcase\src\ui\macro_info_layer.hpp(21,10): error C3668: MacroInfoLayer::setup: ╨╝╨╡╤В╨╛╨┤ ╤Б╨╛ ╤Б╨┐╨╡╤Ж╨╕╤Д╨╕╨║╨░╤В╨╛╤А╨╛╨╝ ╨┐╨╡╤А╨╡╨╛╨┐╤А╨╡╨┤╨╡╨╗╨╡╨╜╨╕╤П "override" ╨╜╨╡ ╨┐╨╡╤А╨╡╨╛╨┐╤А╨╡╨┤╨╡╨╗╤П╨╡╤В ╨║╨░╨║╨╕╨╡-╨╗╨╕╨▒╨╛ ╨╝╨╡╤В╨╛╨┤╤Л ╨▒╨░╨╖╨╛╨▓╨╛╨│╨╛ ╨║╨╗╨░╤Б╤Б╨░ [C:\Users\KusokMedi\Documents\GitHub\BetterShowcase\build\xdBot2.vcxproj]
  (╨║╨╛╨╝╨┐╨╕╨╗╤П╤Ж╨╕╤П ╨╕╤Б╤Е╨╛╨┤╨╜╨╛╨│╨╛ ╤Д╨░╨╣╨╗╨░ "../src/ui/record_layer.cpp")
  
C:\Users\KusokMedi\Documents\GitHub\BetterShowcase\src\ui\macro_info_layer.hpp(11,18): error C2039: "initAnchored": ╨╜╨╡ ╤П╨▓╨╗╤П╨╡╤В╤Б╤П ╤З╨╗╨╡╨╜╨╛╨╝ "MacroInfoLayer". [C:\Users\KusokMedi\Documents\GitHub\BetterShowcase\build\xdBot2.vcxproj]
  (╨║╨╛╨╝╨┐╨╕╨╗╤П╤Ж╨╕╤П ╨╕╤Б╤Е╨╛╨┤╨╜╨╛╨│╨╛ ╤Д╨░╨╣╨╗╨░ "../src/ui/record_layer.cpp")
      C:\Users\KusokMedi\Documents\GitHub\BetterShowcase\src\ui\macro_info_layer.hpp(5,7):
       ╤Б╨╝. ╨╛╨▒╤К╤П╨▓╨╗╨╡╨╜╨╕╨╡ "MacroInfoLayer"
  
C:\Users\KusokMedi\Documents\GitHub\BetterShowcase\src\ui\record_layer.hpp(34,40): error C2143: ╤Б╨╕╨╜╤В╨░╨║╤Б╨╕╤З╨╡╤Б╨║╨░╤П ╨╛╤И╨╕╨▒╨║╨░: ╨╛╤В╤Б╤Г╤В╤Б╤В╨▓╨╕╨╡ "," ╨┐╨╡╤А╨╡╨┤ "<" [C:\Users\KusokMedi\Documents\GitHub\BetterShowcase\build\xdBot2.vcxproj]
  (╨║╨╛╨╝╨┐╨╕╨╗╤П╤Ж╨╕╤П ╨╕╤Б╤Е╨╛╨┤╨╜╨╛╨│╨╛ ╤Д╨░╨╣╨╗╨░ "../src/ui/record_layer.cpp")
  
C:\Users\KusokMedi\Documents\GitHub\BetterShowcase\src\ui\record_layer.hpp(76,7): error C3668: RecordLayer::setup: ╨╝╨╡╤В╨╛╨┤ ╤Б╨╛ ╤Б╨┐╨╡╤Ж╨╕╤Д╨╕╨║╨░╤В╨╛╤А╨╛╨╝ ╨┐╨╡╤А╨╡╨╛╨┐╤А╨╡╨┤╨╡╨╗╨╡╨╜╨╕╤П "override" ╨╜╨╡ ╨┐╨╡╤А╨╡╨╛╨┐╤А╨╡╨┤╨╡╨╗╤П╨╡╤В ╨║╨░╨║╨╕╨╡-╨╗╨╕╨▒╨╛ ╨╝╨╡╤В╨╛╨┤╤Л ╨▒╨░╨╖╨╛╨▓╨╛╨│╨╛ ╨║╨╗╨░╤Б╤Б╨░ [C:\Users\KusokMedi\Documents\GitHub\BetterShowcase\build\xdBot2.vcxproj]
  (╨║╨╛╨╝╨┐╨╕╨╗╤П╤Ж╨╕╤П ╨╕╤Б╤Е╨╛╨┤╨╜╨╛╨│╨╛ ╤Д╨░╨╣╨╗╨░ "../src/ui/record_layer.cpp")
  
C:\Users\KusokMedi\Documents\GitHub\BetterShowcase\src\ui\record_layer.hpp(91,7): error C3668: RecordLayer::textChanged: ╨╝╨╡╤В╨╛╨┤ ╤Б╨╛ ╤Б╨┐╨╡╤Ж╨╕╤Д╨╕╨║╨░╤В╨╛╤А╨╛╨╝ ╨┐╨╡╤А╨╡╨╛╨┐╤А╨╡╨┤╨╡╨╗╨╡╨╜╨╕╤П "override" ╨╜╨╡ ╨┐╨╡╤А╨╡╨╛╨┐╤А╨╡╨┤╨╡╨╗╤П╨╡╤В ╨║╨░╨║╨╕╨╡-╨╗╨╕╨▒╨╛ ╨╝╨╡╤В╨╛╨┤╤Л ╨▒╨░╨╖╨╛╨▓╨╛╨│╨╛ ╨║╨╗╨░╤Б╤Б╨░ [C:\Users\KusokMedi\Documents\GitHub\BetterShowcase\build\xdBot2.vcxproj]
  (╨║╨╛╨╝╨┐╨╕╨╗╤П╤Ж╨╕╤П ╨╕╤Б╤Е╨╛╨┤╨╜╨╛╨│╨╛ ╤Д╨░╨╣╨╗╨░ "../src/ui/record_layer.cpp")
  
C:\Users\KusokMedi\Documents\GitHub\BetterShowcase\src\ui\record_layer.hpp(80,20): error C2039: "layer": ╨╜╨╡ ╤П╨▓╨╗╤П╨╡╤В╤Б╤П ╤З╨╗╨╡╨╜╨╛╨╝ "Global". [C:\Users\KusokMedi\Documents\GitHub\BetterShowcase\build\xdBot2.vcxproj]
  (╨║╨╛╨╝╨┐╨╕╨╗╤П╤Ж╨╕╤П ╨╕╤Б╤Е╨╛╨┤╨╜╨╛╨│╨╛ ╤Д╨░╨╣╨╗╨░ "../src/ui/record_layer.cpp")
      C:\Users\KusokMedi\Documents\GitHub\BetterShowcase\src\includes.hpp(46,7):
       ╤Б╨╝. ╨╛╨▒╤К╤П╨▓╨╗╨╡╨╜╨╕╨╡ "Global"
  
C:\Users\KusokMedi\Documents\GitHub\BetterShowcase\src\ui\record_layer.hpp(87,2): error C2039: "initAnchored": ╨╜╨╡ ╤П╨▓╨╗╤П╨╡╤В╤Б╤П ╤З╨╗╨╡╨╜╨╛╨╝ "RecordLayer". [C:\Users\KusokMedi\Documents\GitHub\BetterShowcase\build\xdBot2.vcxproj]
  (╨║╨╛╨╝╨┐╨╕╨╗╤П╤Ж╨╕╤П ╨╕╤Б╤Е╨╛╨┤╨╜╨╛╨│╨╛ ╤Д╨░╨╣╨╗╨░ "../src/ui/record_layer.cpp")
      C:\Users\KusokMedi\Documents\GitHub\BetterShowcase\src\ui\record_layer.hpp(34,7):
       ╤Б╨╝. ╨╛╨▒╤К╤П╨▓╨╗╨╡╨╜╨╕╨╡ "RecordLayer"
  
C:\Users\KusokMedi\Documents\GitHub\BetterShowcase\src\ui\macro_editor.hpp(14,43): error C2143: ╤Б╨╕╨╜╤В╨░╨║╤Б╨╕╤З╨╡╤Б╨║╨░╤П ╨╛╤И╨╕╨▒╨║╨░: ╨╛╤В╤Б╤Г╤В╤Б╤В╨▓╨╕╨╡ "," ╨┐╨╡╤А╨╡╨┤ "<" [C:\Users\KusokMedi\Documents\GitHub\BetterShowcase\build\xdBot2.vcxproj]
  (╨║╨╛╨╝╨┐╨╕╨╗╤П╤Ж╨╕╤П ╨╕╤Б╤Е╨╛╨┤╨╜╨╛╨│╨╛ ╤Д╨░╨╣╨╗╨░ "../src/ui/record_layer.cpp")
  
C:\Users\KusokMedi\Documents\GitHub\BetterShowcase\src\ui\macro_editor.hpp(26,10): error C3668: MacroEditLayer::textChanged: ╨╝╨╡╤В╨╛╨┤ ╤Б╨╛ ╤Б╨┐╨╡╤Ж╨╕╤Д╨╕╨║╨░╤В╨╛╤А╨╛╨╝ ╨┐╨╡╤А╨╡╨╛╨┐╤А╨╡╨┤╨╡╨╗╨╡╨╜╨╕╤П "override" ╨╜╨╡ ╨┐╨╡╤А╨╡╨╛╨┐╤А╨╡╨┤╨╡╨╗╤П╨╡╤В ╨║╨░╨║╨╕╨╡-╨╗╨╕╨▒╨╛ ╨╝╨╡╤В╨╛╨┤╤Л ╨▒╨░╨╖╨╛╨▓╨╛╨│╨╛ ╨║╨╗╨░╤Б╤Б╨░ [C:\Users\KusokMedi\Documents\GitHub\BetterShowcase\build\xdBot2.vcxproj]
  (╨║╨╛╨╝╨┐╨╕╨╗╤П╤Ж╨╕╤П ╨╕╤Б╤Е╨╛╨┤╨╜╨╛╨│╨╛ ╤Д╨░╨╣╨╗╨░ "../src/ui/record_layer.cpp")
  
C:\Users\KusokMedi\Documents\GitHub\BetterShowcase\src\ui\macro_editor.hpp(32,5): error C2039: "initAnchored": ╨╜╨╡ ╤П╨▓╨╗╤П╨╡╤В╤Б╤П ╤З╨╗╨╡╨╜╨╛╨╝ "MacroEditLayer". [C:\Users\KusokMedi\Documents\GitHub\BetterShowcase\build\xdBot2.vcxproj]
  (╨║╨╛╨╝╨┐╨╕╨╗╤П╤Ж╨╕╤П ╨╕╤Б╤Е╨╛╨┤╨╜╨╛╨│╨╛ ╤Д╨░╨╣╨╗╨░ "../src/ui/record_layer.cpp")
      C:\Users\KusokMedi\Documents\GitHub\BetterShowcase\src\ui\macro_editor.hpp(14,7):
       ╤Б╨╝. ╨╛╨▒╤К╤П╨▓╨╗╨╡╨╜╨╕╨╡ "MacroEditLayer"
  
C:\Users\KusokMedi\Documents\GitHub\BetterShowcase\src\ui\button_edit_layer.hpp(23,44): error C2143: ╤Б╨╕╨╜╤В╨░╨║╤Б╨╕╤З╨╡╤Б╨║╨░╤П ╨╛╤И╨╕╨▒╨║╨░: ╨╛╤В╤Б╤Г╤В╤Б╤В╨▓╨╕╨╡ "," ╨┐╨╡╤А╨╡╨┤ "<" [C:\Users\KusokMedi\Documents\GitHub\BetterShowcase\build\xdBot2.vcxproj]
  (╨║╨╛╨╝╨┐╨╕╨╗╤П╤Ж╨╕╤П ╨╕╤Б╤Е╨╛╨┤╨╜╨╛╨│╨╛ ╤Д╨░╨╣╨╗╨░ "../src/ui/record_layer.cpp")
  
C:\Users\KusokMedi\Documents\GitHub\BetterShowcase\src\ui\button_edit_layer.hpp(27,10): error C3668: ButtonEditLayer::setup: ╨╝╨╡╤В╨╛╨┤ ╤Б╨╛ ╤Б╨┐╨╡╤Ж╨╕╤Д╨╕╨║╨░╤В╨╛╤А╨╛╨╝ ╨┐╨╡╤А╨╡╨╛╨┐╤А╨╡╨┤╨╡╨╗╨╡╨╜╨╕╤П "override" ╨╜╨╡ ╨┐╨╡╤А╨╡╨╛╨┐╤А╨╡╨┤╨╡╨╗╤П╨╡╤В ╨║╨░╨║╨╕╨╡-╨╗╨╕╨▒╨╛ ╨╝╨╡╤В╨╛╨┤╤Л ╨▒╨░╨╖╨╛╨▓╨╛╨│╨╛ ╨║╨╗╨░╤Б╤Б╨░ [C:\Users\KusokMedi\Documents\GitHub\BetterShowcase\build\xdBot2.vcxproj]
  (╨║╨╛╨╝╨┐╨╕╨╗╤П╤Ж╨╕╤П ╨╕╤Б╤Е╨╛╨┤╨╜╨╛╨│╨╛ ╤Д╨░╨╣╨╗╨░ "../src/ui/record_layer.cpp")
  
C:\Users\KusokMedi\Documents\GitHub\BetterShowcase\src\ui\button_edit_layer.hpp(31,5): error C2039: "initAnchored": ╨╜╨╡ ╤П╨▓╨╗╤П╨╡╤В╤Б╤П ╤З╨╗╨╡╨╜╨╛╨╝ "ButtonEditLayer". [C:\Users\KusokMedi\Documents\GitHub\BetterShowcase\build\xdBot2.vcxproj]
  (╨║╨╛╨╝╨┐╨╕╨╗╤П╤Ж╨╕╤П ╨╕╤Б╤Е╨╛╨┤╨╜╨╛╨│╨╛ ╤Д╨░╨╣╨╗╨░ "../src/ui/record_layer.cpp")
      C:\Users\KusokMedi\Documents\GitHub\BetterShowcase\src\ui\button_edit_layer.hpp(23,7):
       ╤Б╨╝. ╨╛╨▒╤К╤П╨▓╨╗╨╡╨╜╨╕╨╡ "ButtonEditLayer"
  
C:\Users\KusokMedi\Documents\GitHub\BetterShowcase\src\ui\render_presets_layer.hpp(4,47): error C2143: ╤Б╨╕╨╜╤В╨░╨║╤Б╨╕╤З╨╡╤Б╨║╨░╤П ╨╛╤И╨╕╨▒╨║╨░: ╨╛╤В╤Б╤Г╤В╤Б╤В╨▓╨╕╨╡ "," ╨┐╨╡╤А╨╡╨┤ "<" [C:\Users\KusokMedi\Documents\GitHub\BetterShowcase\build\xdBot2.vcxproj]
  (╨║╨╛╨╝╨┐╨╕╨╗╤П╤Ж╨╕╤П ╨╕╤Б╤Е╨╛╨┤╨╜╨╛╨│╨╛ ╤Д╨░╨╣╨╗╨░ "../src/ui/record_layer.cpp")
  
C:\Users\KusokMedi\Documents\GitHub\BetterShowcase\src\ui\render_presets_layer.hpp(12,10): error C3668: RenderPresetsLayer::setup: ╨╝╨╡╤В╨╛╨┤ ╤Б╨╛ ╤Б╨┐╨╡╤Ж╨╕╤Д╨╕╨║╨░╤В╨╛╤А╨╛╨╝ ╨┐╨╡╤А╨╡╨╛╨┐╤А╨╡╨┤╨╡╨╗╨╡╨╜╨╕╤П "override" ╨╜╨╡ ╨┐╨╡╤А╨╡╨╛╨┐╤А╨╡╨┤╨╡╨╗╤П╨╡╤В ╨║╨░╨║╨╕╨╡-╨╗╨╕╨▒╨╛ ╨╝╨╡╤В╨╛╨┤╤Л ╨▒╨░╨╖╨╛╨▓╨╛╨│╨╛ ╨║╨╗╨░╤Б╤Б╨░ [C:\Users\KusokMedi\Documents\GitHub\BetterShowcase\build\xdBot2.vcxproj]
  (╨║╨╛╨╝╨┐╨╕╨╗╤П╤Ж╨╕╤П ╨╕╤Б╤Е╨╛╨┤╨╜╨╛╨│╨╛ ╤Д╨░╨╣╨╗╨░ "../src/ui/record_layer.cpp")
  
C:\Users\KusokMedi\Documents\GitHub\BetterShowcase\src\ui\render_presets_layer.hpp(8,2): error C2039: "initAnchored": ╨╜╨╡ ╤П╨▓╨╗╤П╨╡╤В╤Б╤П ╤З╨╗╨╡╨╜╨╛╨╝ "RenderPresetsLayer". [C:\Users\KusokMedi\Documents\GitHub\BetterShowcase\build\xdBot2.vcxproj]
  (╨║╨╛╨╝╨┐╨╕╨╗╤П╤Ж╨╕╤П ╨╕╤Б╤Е╨╛╨┤╨╜╨╛╨│╨╛ ╤Д╨░╨╣╨╗╨░ "../src/ui/record_layer.cpp")
      C:\Users\KusokMedi\Documents\GitHub\BetterShowcase\src\ui\render_presets_layer.hpp(4,7):
       ╤Б╨╝. ╨╛╨▒╤К╤П╨▓╨╗╨╡╨╜╨╕╨╡ "RenderPresetsLayer"
  
C:\Users\KusokMedi\Documents\GitHub\BetterShowcase\src\ui\clickbot_layer.hpp(9,47): error C2143: ╤Б╨╕╨╜╤В╨░╨║╤Б╨╕╤З╨╡╤Б╨║╨░╤П ╨╛╤И╨╕╨▒╨║╨░: ╨╛╤В╤Б╤Г╤В╤Б╤В╨▓╨╕╨╡ "," ╨┐╨╡╤А╨╡╨┤ "<" [C:\Users\KusokMedi\Documents\GitHub\BetterShowcase\build\xdBot2.vcxproj]
  (╨║╨╛╨╝╨┐╨╕╨╗╤П╤Ж╨╕╤П ╨╕╤Б╤Е╨╛╨┤╨╜╨╛╨│╨╛ ╤Д╨░╨╣╨╗╨░ "../src/ui/record_layer.cpp")
  
C:\Users\KusokMedi\Documents\GitHub\BetterShowcase\src\ui\clickbot_layer.hpp(25,48): error C2143: ╤Б╨╕╨╜╤В╨░╨║╤Б╨╕╤З╨╡╤Б╨║╨░╤П ╨╛╤И╨╕╨▒╨║╨░: ╨╛╤В╤Б╤Г╤В╤Б╤В╨▓╨╕╨╡ ")" ╨┐╨╡╤А╨╡╨┤ "<" [C:\Users\KusokMedi\Documents\GitHub\BetterShowcase\build\xdBot2.vcxproj]
  (╨║╨╛╨╝╨┐╨╕╨╗╤П╤Ж╨╕╤П ╨╕╤Б╤Е╨╛╨┤╨╜╨╛╨│╨╛ ╤Д╨░╨╣╨╗╨░ "../src/ui/record_layer.cpp")
  
C:\Users\KusokMedi\Documents\GitHub\BetterShowcase\src\ui\clickbot_layer.hpp(25,48): error C2143: ╤Б╨╕╨╜╤В╨░╨║╤Б╨╕╤З╨╡╤Б╨║╨░╤П ╨╛╤И╨╕╨▒╨║╨░: ╨╛╤В╤Б╤Г╤В╤Б╤В╨▓╨╕╨╡ ";" ╨┐╨╡╤А╨╡╨┤ "<" [C:\Users\KusokMedi\Documents\GitHub\BetterShowcase\build\xdBot2.vcxproj]
  (╨║╨╛╨╝╨┐╨╕╨╗╤П╤Ж╨╕╤П ╨╕╤Б╤Е╨╛╨┤╨╜╨╛╨│╨╛ ╤Д╨░╨╣╨╗╨░ "../src/ui/record_layer.cpp")
  
C:\Users\KusokMedi\Documents\GitHub\BetterShowcase\src\ui\clickbot_layer.hpp(25,48): error C2059: ╤Б╨╕╨╜╤В╨░╨║╤Б╨╕╤З╨╡╤Б╨║╨░╤П ╨╛╤И╨╕╨▒╨║╨░: < [C:\Users\KusokMedi\Documents\GitHub\BetterShowcase\build\xdBot2.vcxproj]
  (╨║╨╛╨╝╨┐╨╕╨╗╤П╤Ж╨╕╤П ╨╕╤Б╤Е╨╛╨┤╨╜╨╛╨│╨╛ ╤Д╨░╨╣╨╗╨░ "../src/ui/record_layer.cpp")
  
C:\Users\KusokMedi\Documents\GitHub\BetterShowcase\src\ui\clickbot_layer.hpp(25,57): error C2059: ╤Б╨╕╨╜╤В╨░╨║╤Б╨╕╤З╨╡╤Б╨║╨░╤П ╨╛╤И╨╕╨▒╨║╨░: ) [C:\Users\KusokMedi\Documents\GitHub\BetterShowcase\build\xdBot2.vcxproj]
  (╨║╨╛╨╝╨┐╨╕╨╗╤П╤Ж╨╕╤П ╨╕╤Б╤Е╨╛╨┤╨╜╨╛╨│╨╛ ╤Д╨░╨╣╨╗╨░ "../src/ui/record_layer.cpp")
  
C:\Users\KusokMedi\Documents\GitHub\BetterShowcase\src\ui\clickbot_layer.hpp(25,67): error C2238: ╨╜╨╡╨┐╤А╨╡╨┤╨▓╨╕╨┤╨╡╨╜╨╜╤Л╨╡ ╨╗╨╡╨║╤Б╨╡╨╝╤Л ╨┐╨╡╤А╨╡╨┤ ";" [C:\Users\KusokMedi\Documents\GitHub\BetterShowcase\build\xdBot2.vcxproj]
  (╨║╨╛╨╝╨┐╨╕╨╗╤П╤Ж╨╕╤П ╨╕╤Б╤Е╨╛╨┤╨╜╨╛╨│╨╛ ╤Д╨░╨╣╨╗╨░ "../src/ui/record_layer.cpp")
  
C:\Users\KusokMedi\Documents\GitHub\BetterShowcase\src\ui\clickbot_layer.hpp(29,17): error C2059: ╤Б╨╕╨╜╤В╨░╨║╤Б╨╕╤З╨╡╤Б╨║╨░╤П ╨╛╤И╨╕╨▒╨║╨░: < [C:\Users\KusokMedi\Documents\GitHub\BetterShowcase\build\xdBot2.vcxproj]
  (╨║╨╛╨╝╨┐╨╕╨╗╤П╤Ж╨╕╤П ╨╕╤Б╤Е╨╛╨┤╨╜╨╛╨│╨╛ ╤Д╨░╨╣╨╗╨░ "../src/ui/record_layer.cpp")
  
C:\Users\KusokMedi\Documents\GitHub\BetterShowcase\src\ui\clickbot_layer.hpp(29,44): error C2238: ╨╜╨╡╨┐╤А╨╡╨┤╨▓╨╕╨┤╨╡╨╜╨╜╤Л╨╡ ╨╗╨╡╨║╤Б╨╡╨╝╤Л ╨┐╨╡╤А╨╡╨┤ ";" [C:\Users\KusokMedi\Documents\GitHub\BetterShowcase\build\xdBot2.vcxproj]
  (╨║╨╛╨╝╨┐╨╕╨╗╤П╤Ж╨╕╤П ╨╕╤Б╤Е╨╛╨┤╨╜╨╛╨│╨╛ ╤Д╨░╨╣╨╗╨░ "../src/ui/record_layer.cpp")
  
C:\Users\KusokMedi\Documents\GitHub\BetterShowcase\src\ui\clickbot_layer.hpp(31,71): error C2143: ╤Б╨╕╨╜╤В╨░╨║╤Б╨╕╤З╨╡╤Б╨║╨░╤П ╨╛╤И╨╕╨▒╨║╨░: ╨╛╤В╤Б╤Г╤В╤Б╤В╨▓╨╕╨╡ ")" ╨┐╨╡╤А╨╡╨┤ "<" [C:\Users\KusokMedi\Documents\GitHub\BetterShowcase\build\xdBot2.vcxproj]
  (╨║╨╛╨╝╨┐╨╕╨╗╤П╤Ж╨╕╤П ╨╕╤Б╤Е╨╛╨┤╨╜╨╛╨│╨╛ ╤Д╨░╨╣╨╗╨░ "../src/ui/record_layer.cpp")
  
C:\Users\KusokMedi\Documents\GitHub\BetterShowcase\src\ui\clickbot_layer.hpp(31,71): error C2143: ╤Б╨╕╨╜╤В╨░╨║╤Б╨╕╤З╨╡╤Б╨║╨░╤П ╨╛╤И╨╕╨▒╨║╨░: ╨╛╤В╤Б╤Г╤В╤Б╤В╨▓╨╕╨╡ ";" ╨┐╨╡╤А╨╡╨┤ "<" [C:\Users\KusokMedi\Documents\GitHub\BetterShowcase\build\xdBot2.vcxproj]
  (╨║╨╛╨╝╨┐╨╕╨╗╤П╤Ж╨╕╤П ╨╕╤Б╤Е╨╛╨┤╨╜╨╛╨│╨╛ ╤Д╨░╨╣╨╗╨░ "../src/ui/record_layer.cpp")
  
C:\Users\KusokMedi\Documents\GitHub\BetterShowcase\src\ui\clickbot_layer.hpp(31,71): error C2059: ╤Б╨╕╨╜╤В╨░╨║╤Б╨╕╤З╨╡╤Б╨║╨░╤П ╨╛╤И╨╕╨▒╨║╨░: < [C:\Users\KusokMedi\Documents\GitHub\BetterShowcase\build\xdBot2.vcxproj]
  (╨║╨╛╨╝╨┐╨╕╨╗╤П╤Ж╨╕╤П ╨╕╤Б╤Е╨╛╨┤╨╜╨╛╨│╨╛ ╤Д╨░╨╣╨╗╨░ "../src/ui/record_layer.cpp")
  
C:\Users\KusokMedi\Documents\GitHub\BetterShowcase\src\ui\clickbot_layer.hpp(31,80): error C2059: ╤Б╨╕╨╜╤В╨░╨║╤Б╨╕╤З╨╡╤Б╨║╨░╤П ╨╛╤И╨╕╨▒╨║╨░: ) [C:\Users\KusokMedi\Documents\GitHub\BetterShowcase\build\xdBot2.vcxproj]
  (╨║╨╛╨╝╨┐╨╕╨╗╤П╤Ж╨╕╤П ╨╕╤Б╤Е╨╛╨┤╨╜╨╛╨│╨╛ ╤Д╨░╨╣╨╗╨░ "../src/ui/record_layer.cpp")
  
C:\Users\KusokMedi\Documents\GitHub\BetterShowcase\src\ui\clickbot_layer.hpp(31,81): error C2238: ╨╜╨╡╨┐╤А╨╡╨┤╨▓╨╕╨┤╨╡╨╜╨╜╤Л╨╡ ╨╗╨╡╨║╤Б╨╡╨╝╤Л ╨┐╨╡╤А╨╡╨┤ ";" [C:\Users\KusokMedi\Documents\GitHub\BetterShowcase\build\xdBot2.vcxproj]
  (╨║╨╛╨╝╨┐╨╕╨╗╤П╤Ж╨╕╤П ╨╕╤Б╤Е╨╛╨┤╨╜╨╛╨│╨╛ ╤Д╨░╨╣╨╗╨░ "../src/ui/record_layer.cpp")
  
C:\Users\KusokMedi\Documents\GitHub\BetterShowcase\src\ui\clickbot_layer.hpp(77,42): error C2143: ╤Б╨╕╨╜╤В╨░╨║╤Б╨╕╤З╨╡╤Б╨║╨░╤П ╨╛╤И╨╕╨▒╨║╨░: ╨╛╤В╤Б╤Г╤В╤Б╤В╨▓╨╕╨╡ "," ╨┐╨╡╤А╨╡╨┤ "<" [C:\Users\KusokMedi\Documents\GitHub\BetterShowcase\build\xdBot2.vcxproj]
  (╨║╨╛╨╝╨┐╨╕╨╗╤П╤Ж╨╕╤П ╨╕╤Б╤Е╨╛╨┤╨╜╨╛╨│╨╛ ╤Д╨░╨╣╨╗╨░ "../src/ui/record_layer.cpp")
  
C:\Users\KusokMedi\Documents\GitHub\BetterShowcase\src\ui\clickbot_layer.hpp(87,10): error C3668: ClickbotLayer::setup: ╨╝╨╡╤В╨╛╨┤ ╤Б╨╛ ╤Б╨┐╨╡╤Ж╨╕╤Д╨╕╨║╨░╤В╨╛╤А╨╛╨╝ ╨┐╨╡╤А╨╡╨╛╨┐╤А╨╡╨┤╨╡╨╗╨╡╨╜╨╕╤П "override" ╨╜╨╡ ╨┐╨╡╤А╨╡╨╛╨┐╤А╨╡╨┤╨╡╨╗╤П╨╡╤В ╨║╨░╨║╨╕╨╡-╨╗╨╕╨▒╨╛ ╨╝╨╡╤В╨╛╨┤╤Л ╨▒╨░╨╖╨╛╨▓╨╛╨│╨╛ ╨║╨╗╨░╤Б╤Б╨░ [C:\Users\KusokMedi\Documents\GitHub\BetterShowcase\build\xdBot2.vcxproj]
  (╨║╨╛╨╝╨┐╨╕╨╗╤П╤Ж╨╕╤П ╨╕╤Б╤Е╨╛╨┤╨╜╨╛╨│╨╛ ╤Д╨░╨╣╨╗╨░ "../src/ui/record_layer.cpp")
  
C:\Users\KusokMedi\Documents\GitHub\BetterShowcase\src\ui\clickbot_layer.hpp(91,5): error C2039: "initAnchored": ╨╜╨╡ ╤П╨▓╨╗╤П╨╡╤В╤Б╤П ╤З╨╗╨╡╨╜╨╛╨╝ "ClickbotLayer". [C:\Users\KusokMedi\Documents\GitHub\BetterShowcase\build\xdBot2.vcxproj]
  (╨║╨╛╨╝╨┐╨╕╨╗╤П╤Ж╨╕╤П ╨╕╤Б╤Е╨╛╨┤╨╜╨╛╨│╨╛ ╤Д╨░╨╣╨╗╨░ "../src/ui/record_layer.cpp")
      C:\Users\KusokMedi\Documents\GitHub\BetterShowcase\src\ui\clickbot_layer.hpp(77,7):
       ╤Б╨╝. ╨╛╨▒╤К╤П╨▓╨╗╨╡╨╜╨╕╨╡ "ClickbotLayer"
  
C:\Users\KusokMedi\Documents\GitHub\BetterShowcase\src\ui\clickbot_layer.hpp(101,64): error C2760: ╤Б╨╕╨╜╤В╨░╨║╤Б╨╕╤З╨╡╤Б╨║╨░╤П ╨╛╤И╨╕╨▒╨║╨░: ╨╜╨╡╨┐╤А╨╡╨┤╨▓╨╕╨┤╨╡╨╜╨╜╤Л╨╣ ╤Н╨╗╨╡╨╝╨╡╨╜╤В "<". ╨Ю╨╢╨╕╨┤╨░╨╡╤В╤Б╤П ">" [C:\Users\KusokMedi\Documents\GitHub\BetterShowcase\build\xdBot2.vcxproj]
  (╨║╨╛╨╝╨┐╨╕╨╗╤П╤Ж╨╕╤П ╨╕╤Б╤Е╨╛╨┤╨╜╨╛╨│╨╛ ╤Д╨░╨╣╨╗╨░ "../src/ui/record_layer.cpp")
  
C:\Users\KusokMedi\Documents\GitHub\BetterShowcase\src\ui\clickbot_layer.hpp(101,65): error C2059: ╤Б╨╕╨╜╤В╨░╨║╤Б╨╕╤З╨╡╤Б╨║╨░╤П ╨╛╤И╨╕╨▒╨║╨░: > [C:\Users\KusokMedi\Documents\GitHub\BetterShowcase\build\xdBot2.vcxproj]
  (╨║╨╛╨╝╨┐╨╕╨╗╤П╤Ж╨╕╤П ╨╕╤Б╤Е╨╛╨┤╨╜╨╛╨│╨╛ ╤Д╨░╨╣╨╗╨░ "../src/ui/record_layer.cpp")
  
C:\Users\KusokMedi\Documents\GitHub\BetterShowcase\src\ui\clickbot_layer.hpp(101,65): error C2143: ╤Б╨╕╨╜╤В╨░╨║╤Б╨╕╤З╨╡╤Б╨║╨░╤П ╨╛╤И╨╕╨▒╨║╨░: ╨╛╤В╤Б╤Г╤В╤Б╤В╨▓╨╕╨╡ "(" ╨┐╨╡╤А╨╡╨┤ ">" [C:\Users\KusokMedi\Documents\GitHub\BetterShowcase\build\xdBot2.vcxproj]
  (╨║╨╛╨╝╨┐╨╕╨╗╤П╤Ж╨╕╤П ╨╕╤Б╤Е╨╛╨┤╨╜╨╛╨│╨╛ ╤Д╨░╨╣╨╗╨░ "../src/ui/record_layer.cpp")
  
C:\Users\KusokMedi\Documents\GitHub\BetterShowcase\src\ui\noclip_settings_layer.hpp(3,48): error C2143: ╤Б╨╕╨╜╤В╨░╨║╤Б╨╕╤З╨╡╤Б╨║╨░╤П ╨╛╤И╨╕╨▒╨║╨░: ╨╛╤В╤Б╤Г╤В╤Б╤В╨▓╨╕╨╡ "," ╨┐╨╡╤А╨╡╨┤ "<" [C:\Users\KusokMedi\Documents\GitHub\BetterShowcase\build\xdBot2.vcxproj]
  (╨║╨╛╨╝╨┐╨╕╨╗╤П╤Ж╨╕╤П ╨╕╤Б╤Е╨╛╨┤╨╜╨╛╨│╨╛ ╤Д╨░╨╣╨╗╨░ "../src/ui/record_layer.cpp")
  
C:\Users\KusokMedi\Documents\GitHub\BetterShowcase\src\ui\noclip_settings_layer.hpp(7,10): error C3668: NoclipSettingsLayer::setup: ╨╝╨╡╤В╨╛╨┤ ╤Б╨╛ ╤Б╨┐╨╡╤Ж╨╕╤Д╨╕╨║╨░╤В╨╛╤А╨╛╨╝ ╨┐╨╡╤А╨╡╨╛╨┐╤А╨╡╨┤╨╡╨╗╨╡╨╜╨╕╤П "override" ╨╜╨╡ ╨┐╨╡╤А╨╡╨╛╨┐╤А╨╡╨┤╨╡╨╗╤П╨╡╤В ╨║╨░╨║╨╕╨╡-╨╗╨╕╨▒╨╛ ╨╝╨╡╤В╨╛╨┤╤Л ╨▒╨░╨╖╨╛╨▓╨╛╨│╨╛ ╨║╨╗╨░╤Б╤Б╨░ [C:\Users\KusokMedi\Documents\GitHub\BetterShowcase\build\xdBot2.vcxproj]
  (╨║╨╛╨╝╨┐╨╕╨╗╤П╤Ж╨╕╤П ╨╕╤Б╤Е╨╛╨┤╨╜╨╛╨│╨╛ ╤Д╨░╨╣╨╗╨░ "../src/ui/record_layer.cpp")
  
C:\Users\KusokMedi\Documents\GitHub\BetterShowcase\src\ui\noclip_settings_layer.hpp(16,13): error C2664: "void Utils::setBackgroundColor(cocos2d::extension::CCScale9Sprite *)": ╨╜╨╡╨▓╨╛╨╖╨╝╨╛╨╢╨╜╨╛ ╨┐╤А╨╡╨╛╨▒╤А╨░╨╖╨╛╨▓╨░╤В╤М ╨░╤А╨│╤Г╨╝╨╡╨╜╤В 1 ╨╕╨╖ "geode::NineSlice *" ╨▓ "cocos2d::extension::CCScale9Sprite *" [C:\Users\KusokMedi\Documents\GitHub\BetterShowcase\build\xdBot2.vcxproj]
  (╨║╨╛╨╝╨┐╨╕╨╗╤П╤Ж╨╕╤П ╨╕╤Б╤Е╨╛╨┤╨╜╨╛╨│╨╛ ╤Д╨░╨╣╨╗╨░ "../src/ui/record_layer.cpp")
      C:\Users\KusokMedi\Documents\GitHub\BetterShowcase\src\ui\noclip_settings_layer.hpp(16,32):
      ╨в╨╕╨┐╤Л, ╨╜╨░ ╨║╨╛╤В╨╛╤А╤Л╨╡ ╤Г╨║╨░╨╖╤Л╨▓╨░╤О╤В ╤Г╨║╨░╨╖╨░╤В╨╡╨╗╨╕, ╨╜╨╡ ╤Б╨▓╤П╨╖╨░╨╜╤Л; ╨┤╨╗╤П ╨┐╤А╨╡╨╛╨▒╤А╨░╨╖╨╛╨▓╨░╨╜╨╕╤П ╤В╤А╨╡╨▒╤Г╨╡╤В╤Б╤П reinterpret_cast, ╨┐╤А╨╕╨▓╨╡╨┤╨╡╨╜╨╕╨╡ ╨▓ ╤Б╤В╨╕╨╗╨╡ ╨б ╨╕╨╗╨╕ ╨┐╤А╨╕╨▓╨╡╨┤╨╡╨╜╨╕╨╡ ╨▓ ╤Б╤В╨╕╨╗╨╡ ╤Д╤Г╨╜╨║╤Ж╨╕╨╕ ╨▓ ╨║╤А╤Г╨│╨╗╤Л╤Е ╤Б╨║╨╛╨▒╨║╨░╤Е
      C:\Users\KusokMedi\Documents\GitHub\BetterShowcase\src\utils\utils.hpp(18,17):
       ╤Б╨╝. ╨╛╨▒╤К╤П╨▓╨╗╨╡╨╜╨╕╨╡ "Utils::setBackgroundColor"
      C:\Users\KusokMedi\Documents\GitHub\BetterShowcase\src\ui\noclip_settings_layer.hpp(16,13):
      ╨┐╤А╨╕ ╨┐╨╛╨┐╤Л╤В╨║╨╡ ╤Б╨╛╨┐╨╛╤Б╤В╨░╨▓╨╕╤В╤М ╤Б╨┐╨╕╤Б╨╛╨║ ╨░╤А╨│╤Г╨╝╨╡╨╜╤В╨╛╨▓ "(geode::NineSlice *)"
  
C:\Users\KusokMedi\Documents\GitHub\BetterShowcase\src\ui\noclip_settings_layer.hpp(52,2): error C2039: "initAnchored": ╨╜╨╡ ╤П╨▓╨╗╤П╨╡╤В╤Б╤П ╤З╨╗╨╡╨╜╨╛╨╝ "NoclipSettingsLayer". [C:\Users\KusokMedi\Documents\GitHub\BetterShowcase\build\xdBot2.vcxproj]
  (╨║╨╛╨╝╨┐╨╕╨╗╤П╤Ж╨╕╤П ╨╕╤Б╤Е╨╛╨┤╨╜╨╛╨│╨╛ ╤Д╨░╨╣╨╗╨░ "../src/ui/record_layer.cpp")
      C:\Users\KusokMedi\Documents\GitHub\BetterShowcase\src\ui\noclip_settings_layer.hpp(3,7):
       ╤Б╨╝. ╨╛╨▒╤К╤П╨▓╨╗╨╡╨╜╨╕╨╡ "NoclipSettingsLayer"
  
C:\Users\KusokMedi\Documents\GitHub\BetterShowcase\src\ui\noclip_settings_layer.hpp(52,2): error C1003: ╤З╨╕╤Б╨╗╨╛ ╨╛╤И╨╕╨▒╨╛╨║ ╨┐╤А╨╡╨▓╤Л╤И╨░╨╡╤В 100; ╨╛╤Б╤В╨░╨╜╨╛╨▓╨║╨░ ╨║╨╛╨╝╨┐╨╕╨╗╤П╤Ж╨╕╨╕ [C:\Users\KusokMedi\Documents\GitHub\BetterShowcase\build\xdBot2.vcxproj]
  (╨║╨╛╨╝╨┐╨╕╨╗╤П╤Ж╨╕╤П ╨╕╤Б╤Е╨╛╨┤╨╜╨╛╨│╨╛ ╤Д╨░╨╣╨╗╨░ "../src/ui/record_layer.cpp")
  
  render_settings_layer.cpp
C:\Users\KusokMedi\Documents\GitHub\BetterShowcase\src\renderer\ffmpeg\events.hpp(11,47): error C2955: "geode::Event": ╨┤╨╗╤П ╨╕╤Б╨┐╨╛╨╗╤М╨╖╨╛╨▓╨░╨╜╨╕╤П ╨║╨╗╨░╤Б╤Б ╤И╨░╨▒╨╗╨╛╨╜ ╤В╤А╨╡╨▒╤Г╨╡╤В╤Б╤П ╤Б╨┐╨╕╤Б╨╛╨║ ╨░╤А╨│╤Г╨╝╨╡╨╜╤В╨╛╨▓ ╤И╨░╨▒╨╗╨╛╨╜ [C:\Users\KusokMedi\Documents\GitHub\BetterShowcase\build\xdBot2.vcxproj]
  (╨║╨╛╨╝╨┐╨╕╨╗╤П╤Ж╨╕╤П ╨╕╤Б╤Е╨╛╨┤╨╜╨╛╨│╨╛ ╤Д╨░╨╣╨╗╨░ "../src/ui/render_settings_layer.cpp")
      C:\Users\KusokMedi\Documents\Geode\loader\include\Geode\loader\Event.hpp(960,12):
       ╤Б╨╝. ╨╛╨▒╤К╤П╨▓╨╗╨╡╨╜╨╕╨╡ "geode::Event"
  
C:\Users\KusokMedi\Documents\GitHub\BetterShowcase\src\renderer\ffmpeg\events.hpp(20,47): error C2955: "geode::Event": ╨┤╨╗╤П ╨╕╤Б╨┐╨╛╨╗╤М╨╖╨╛╨▓╨░╨╜╨╕╤П ╨║╨╗╨░╤Б╤Б ╤И╨░╨▒╨╗╨╛╨╜ ╤В╤А╨╡╨▒╤Г╨╡╤В╤Б╤П ╤Б╨┐╨╕╤Б╨╛╨║ ╨░╤А╨│╤Г╨╝╨╡╨╜╤В╨╛╨▓ ╤И╨░╨▒╨╗╨╛╨╜ [C:\Users\KusokMedi\Documents\GitHub\BetterShowcase\build\xdBot2.vcxproj]
  (╨║╨╛╨╝╨┐╨╕╨╗╤П╤Ж╨╕╤П ╨╕╤Б╤Е╨╛╨┤╨╜╨╛╨│╨╛ ╤Д╨░╨╣╨╗╨░ "../src/ui/render_settings_layer.cpp")
      C:\Users\KusokMedi\Documents\Geode\loader\include\Geode\loader\Event.hpp(960,12):
       ╤Б╨╝. ╨╛╨▒╤К╤П╨▓╨╗╨╡╨╜╨╕╨╡ "geode::Event"
  
C:\Users\KusokMedi\Documents\GitHub\BetterShowcase\src\renderer\ffmpeg\events.hpp(28,45): error C2955: "geode::Event": ╨┤╨╗╤П ╨╕╤Б╨┐╨╛╨╗╤М╨╖╨╛╨▓╨░╨╜╨╕╤П ╨║╨╗╨░╤Б╤Б ╤И╨░╨▒╨╗╨╛╨╜ ╤В╤А╨╡╨▒╤Г╨╡╤В╤Б╤П ╤Б╨┐╨╕╤Б╨╛╨║ ╨░╤А╨│╤Г╨╝╨╡╨╜╤В╨╛╨▓ ╤И╨░╨▒╨╗╨╛╨╜ [C:\Users\KusokMedi\Documents\GitHub\BetterShowcase\build\xdBot2.vcxproj]
  (╨║╨╛╨╝╨┐╨╕╨╗╤П╤Ж╨╕╤П ╨╕╤Б╤Е╨╛╨┤╨╜╨╛╨│╨╛ ╤Д╨░╨╣╨╗╨░ "../src/ui/render_settings_layer.cpp")
      C:\Users\KusokMedi\Documents\Geode\loader\include\Geode\loader\Event.hpp(960,12):
       ╤Б╨╝. ╨╛╨▒╤К╤П╨▓╨╗╨╡╨╜╨╕╨╡ "geode::Event"
  
C:\Users\KusokMedi\Documents\GitHub\BetterShowcase\src\renderer\ffmpeg\events.hpp(48,45): error C2955: "geode::Event": ╨┤╨╗╤П ╨╕╤Б╨┐╨╛╨╗╤М╨╖╨╛╨▓╨░╨╜╨╕╤П ╨║╨╗╨░╤Б╤Б ╤И╨░╨▒╨╗╨╛╨╜ ╤В╤А╨╡╨▒╤Г╨╡╤В╤Б╤П ╤Б╨┐╨╕╤Б╨╛╨║ ╨░╤А╨│╤Г╨╝╨╡╨╜╤В╨╛╨▓ ╤И╨░╨▒╨╗╨╛╨╜ [C:\Users\KusokMedi\Documents\GitHub\BetterShowcase\build\xdBot2.vcxproj]
  (╨║╨╛╨╝╨┐╨╕╨╗╤П╤Ж╨╕╤П ╨╕╤Б╤Е╨╛╨┤╨╜╨╛╨│╨╛ ╤Д╨░╨╣╨╗╨░ "../src/ui/render_settings_layer.cpp")
      C:\Users\KusokMedi\Documents\Geode\loader\include\Geode\loader\Event.hpp(960,12):
       ╤Б╨╝. ╨╛╨▒╤К╤П╨▓╨╗╨╡╨╜╨╕╨╡ "geode::Event"
  
C:\Users\KusokMedi\Documents\GitHub\BetterShowcase\src\renderer\ffmpeg\events.hpp(58,54): error C2955: "geode::Event": ╨┤╨╗╤П ╨╕╤Б╨┐╨╛╨╗╤М╨╖╨╛╨▓╨░╨╜╨╕╤П ╨║╨╗╨░╤Б╤Б ╤И╨░╨▒╨╗╨╛╨╜ ╤В╤А╨╡╨▒╤Г╨╡╤В╤Б╤П ╤Б╨┐╨╕╤Б╨╛╨║ ╨░╤А╨│╤Г╨╝╨╡╨╜╤В╨╛╨▓ ╤И╨░╨▒╨╗╨╛╨╜ [C:\Users\KusokMedi\Documents\GitHub\BetterShowcase\build\xdBot2.vcxproj]
  (╨║╨╛╨╝╨┐╨╕╨╗╤П╤Ж╨╕╤П ╨╕╤Б╤Е╨╛╨┤╨╜╨╛╨│╨╛ ╤Д╨░╨╣╨╗╨░ "../src/ui/render_settings_layer.cpp")
      C:\Users\KusokMedi\Documents\Geode\loader\include\Geode\loader\Event.hpp(960,12):
       ╤Б╨╝. ╨╛╨▒╤К╤П╨▓╨╗╨╡╨╜╨╕╨╡ "geode::Event"
  
C:\Users\KusokMedi\Documents\GitHub\BetterShowcase\src\renderer\ffmpeg\events.hpp(69,46): error C2955: "geode::Event": ╨┤╨╗╤П ╨╕╤Б╨┐╨╛╨╗╤М╨╖╨╛╨▓╨░╨╜╨╕╤П ╨║╨╗╨░╤Б╤Б ╤И╨░╨▒╨╗╨╛╨╜ ╤В╤А╨╡╨▒╤Г╨╡╤В╤Б╤П ╤Б╨┐╨╕╤Б╨╛╨║ ╨░╤А╨│╤Г╨╝╨╡╨╜╤В╨╛╨▓ ╤И╨░╨▒╨╗╨╛╨╜ [C:\Users\KusokMedi\Documents\GitHub\BetterShowcase\build\xdBot2.vcxproj]
  (╨║╨╛╨╝╨┐╨╕╨╗╤П╤Ж╨╕╤П ╨╕╤Б╤Е╨╛╨┤╨╜╨╛╨│╨╛ ╤Д╨░╨╣╨╗╨░ "../src/ui/render_settings_layer.cpp")
      C:\Users\KusokMedi\Documents\Geode\loader\include\Geode\loader\Event.hpp(960,12):
       ╤Б╨╝. ╨╛╨▒╤К╤П╨▓╨╗╨╡╨╜╨╕╨╡ "geode::Event"
  
C:\Users\KusokMedi\Documents\GitHub\BetterShowcase\src\renderer\ffmpeg\events.hpp(79,46): error C2955: "geode::Event": ╨┤╨╗╤П ╨╕╤Б╨┐╨╛╨╗╤М╨╖╨╛╨▓╨░╨╜╨╕╤П ╨║╨╗╨░╤Б╤Б ╤И╨░╨▒╨╗╨╛╨╜ ╤В╤А╨╡╨▒╤Г╨╡╤В╤Б╤П ╤Б╨┐╨╕╤Б╨╛╨║ ╨░╤А╨│╤Г╨╝╨╡╨╜╤В╨╛╨▓ ╤И╨░╨▒╨╗╨╛╨╜ [C:\Users\KusokMedi\Documents\GitHub\BetterShowcase\build\xdBot2.vcxproj]
  (╨║╨╛╨╝╨┐╨╕╨╗╤П╤Ж╨╕╤П ╨╕╤Б╤Е╨╛╨┤╨╜╨╛╨│╨╛ ╤Д╨░╨╣╨╗╨░ "../src/ui/render_settings_layer.cpp")
      C:\Users\KusokMedi\Documents\Geode\loader\include\Geode\loader\Event.hpp(960,12):
       ╤Б╨╝. ╨╛╨▒╤К╤П╨▓╨╗╨╡╨╜╨╕╨╡ "geode::Event"
  
C:\Users\KusokMedi\Documents\GitHub\BetterShowcase\src\renderer\ffmpeg\events.hpp(101,44): error C2955: "geode::Event": ╨┤╨╗╤П ╨╕╤Б╨┐╨╛╨╗╤М╨╖╨╛╨▓╨░╨╜╨╕╤П ╨║╨╗╨░╤Б╤Б ╤И╨░╨▒╨╗╨╛╨╜ ╤В╤А╨╡╨▒╤Г╨╡╤В╤Б╤П ╤Б╨┐╨╕╤Б╨╛╨║ ╨░╤А╨│╤Г╨╝╨╡╨╜╤В╨╛╨▓ ╤И╨░╨▒╨╗╨╛╨╜ [C:\Users\KusokMedi\Documents\GitHub\BetterShowcase\build\xdBot2.vcxproj]
  (╨║╨╛╨╝╨┐╨╕╨╗╤П╤Ж╨╕╤П ╨╕╤Б╤Е╨╛╨┤╨╜╨╛╨│╨╛ ╤Д╨░╨╣╨╗╨░ "../src/ui/render_settings_layer.cpp")
      C:\Users\KusokMedi\Documents\Geode\loader\include\Geode\loader\Event.hpp(960,12):
       ╤Б╨╝. ╨╛╨▒╤К╤П╨▓╨╗╨╡╨╜╨╕╨╡ "geode::Event"
  
C:\Users\KusokMedi\Documents\GitHub\BetterShowcase\src\renderer\ffmpeg\events.hpp(129,21): error C2039: "post": ╨╜╨╡ ╤П╨▓╨╗╤П╨╡╤В╤Б╤П ╤З╨╗╨╡╨╜╨╛╨╝ "ffmpeg::events::impl::CreateRecorderEvent". [C:\Users\KusokMedi\Documents\GitHub\BetterShowcase\build\xdBot2.vcxproj]
  (╨║╨╛╨╝╨┐╨╕╨╗╤П╤Ж╨╕╤П ╨╕╤Б╤Е╨╛╨┤╨╜╨╛╨│╨╛ ╤Д╨░╨╣╨╗╨░ "../src/ui/render_settings_layer.cpp")
      C:\Users\KusokMedi\Documents\GitHub\BetterShowcase\src\renderer\ffmpeg\events.hpp(11,11):
       ╤Б╨╝. ╨╛╨▒╤К╤П╨▓╨╗╨╡╨╜╨╕╨╡ "ffmpeg::events::impl::CreateRecorderEvent"
  
C:\Users\KusokMedi\Documents\GitHub\BetterShowcase\src\renderer\ffmpeg\events.hpp(135,21): error C2039: "post": ╨╜╨╡ ╤П╨▓╨╗╤П╨╡╤В╤Б╤П ╤З╨╗╨╡╨╜╨╛╨╝ "ffmpeg::events::impl::DeleteRecorderEvent". [C:\Users\KusokMedi\Documents\GitHub\BetterShowcase\build\xdBot2.vcxproj]
  (╨║╨╛╨╝╨┐╨╕╨╗╤П╤Ж╨╕╤П ╨╕╤Б╤Е╨╛╨┤╨╜╨╛╨│╨╛ ╤Д╨░╨╣╨╗╨░ "../src/ui/render_settings_layer.cpp")
      C:\Users\KusokMedi\Documents\GitHub\BetterShowcase\src\renderer\ffmpeg\events.hpp(20,11):
       ╤Б╨╝. ╨╛╨▒╤К╤П╨▓╨╗╨╡╨╜╨╕╨╡ "ffmpeg::events::impl::DeleteRecorderEvent"
  
C:\Users\KusokMedi\Documents\GitHub\BetterShowcase\src\renderer\ffmpeg\events.hpp(153,19): error C2039: "post": ╨╜╨╡ ╤П╨▓╨╗╤П╨╡╤В╤Б╤П ╤З╨╗╨╡╨╜╨╛╨╝ "ffmpeg::events::impl::InitRecorderEvent". [C:\Users\KusokMedi\Documents\GitHub\BetterShowcase\build\xdBot2.vcxproj]
  (╨║╨╛╨╝╨┐╨╕╨╗╤П╤Ж╨╕╤П ╨╕╤Б╤Е╨╛╨┤╨╜╨╛╨│╨╛ ╤Д╨░╨╣╨╗╨░ "../src/ui/render_settings_layer.cpp")
      C:\Users\KusokMedi\Documents\GitHub\BetterShowcase\src\renderer\ffmpeg\events.hpp(28,11):
       ╤Б╨╝. ╨╛╨▒╤К╤П╨▓╨╗╨╡╨╜╨╕╨╡ "ffmpeg::events::impl::InitRecorderEvent"
  
C:\Users\KusokMedi\Documents\GitHub\BetterShowcase\src\renderer\ffmpeg\events.hpp(163,40): error C2039: "post": ╨╜╨╡ ╤П╨▓╨╗╤П╨╡╤В╤Б╤П ╤З╨╗╨╡╨╜╨╛╨╝ "ffmpeg::events::impl::StopRecorderEvent". [C:\Users\KusokMedi\Documents\GitHub\BetterShowcase\build\xdBot2.vcxproj]
  (╨║╨╛╨╝╨┐╨╕╨╗╤П╤Ж╨╕╤П ╨╕╤Б╤Е╨╛╨┤╨╜╨╛╨│╨╛ ╤Д╨░╨╣╨╗╨░ "../src/ui/render_settings_layer.cpp")
      C:\Users\KusokMedi\Documents\GitHub\BetterShowcase\src\renderer\ffmpeg\events.hpp(48,11):
       ╤Б╨╝. ╨╛╨▒╤К╤П╨▓╨╗╨╡╨╜╨╕╨╡ "ffmpeg::events::impl::StopRecorderEvent"
  
C:\Users\KusokMedi\Documents\GitHub\BetterShowcase\src\renderer\ffmpeg\events.hpp(182,19): error C2039: "post": ╨╜╨╡ ╤П╨▓╨╗╤П╨╡╤В╤Б╤П ╤З╨╗╨╡╨╜╨╛╨╝ "ffmpeg::events::impl::GetWriteFrameFunctionEvent". [C:\Users\KusokMedi\Documents\GitHub\BetterShowcase\build\xdBot2.vcxproj]
  (╨║╨╛╨╝╨┐╨╕╨╗╤П╤Ж╨╕╤П ╨╕╤Б╤Е╨╛╨┤╨╜╨╛╨│╨╛ ╤Д╨░╨╣╨╗╨░ "../src/ui/render_settings_layer.cpp")
      C:\Users\KusokMedi\Documents\GitHub\BetterShowcase\src\renderer\ffmpeg\events.hpp(58,11):
       ╤Б╨╝. ╨╛╨▒╤К╤П╨▓╨╗╨╡╨╜╨╕╨╡ "ffmpeg::events::impl::GetWriteFrameFunctionEvent"
  
C:\Users\KusokMedi\Documents\GitHub\BetterShowcase\src\renderer\ffmpeg\events.hpp(199,20): error C2039: "post": ╨╜╨╡ ╤П╨▓╨╗╤П╨╡╤В╤Б╤П ╤З╨╗╨╡╨╜╨╛╨╝ "ffmpeg::events::impl::CodecRecorderEvent". [C:\Users\KusokMedi\Documents\GitHub\BetterShowcase\build\xdBot2.vcxproj]
  (╨║╨╛╨╝╨┐╨╕╨╗╤П╤Ж╨╕╤П ╨╕╤Б╤Е╨╛╨┤╨╜╨╛╨│╨╛ ╤Д╨░╨╣╨╗╨░ "../src/ui/render_settings_layer.cpp")
      C:\Users\KusokMedi\Documents\GitHub\BetterShowcase\src\renderer\ffmpeg\events.hpp(69,11):
       ╤Б╨╝. ╨╛╨▒╤К╤П╨▓╨╗╨╡╨╜╨╕╨╡ "ffmpeg::events::impl::CodecRecorderEvent"
  
C:\Users\KusokMedi\Documents\GitHub\BetterShowcase\src\renderer\ffmpeg\events.hpp(225,18): error C2039: "post": ╨╜╨╡ ╤П╨▓╨╗╤П╨╡╤В╤Б╤П ╤З╨╗╨╡╨╜╨╛╨╝ "ffmpeg::events::impl::MixVideoAudioEvent". [C:\Users\KusokMedi\Documents\GitHub\BetterShowcase\build\xdBot2.vcxproj]
  (╨║╨╛╨╝╨┐╨╕╨╗╤П╤Ж╨╕╤П ╨╕╤Б╤Е╨╛╨┤╨╜╨╛╨│╨╛ ╤Д╨░╨╣╨╗╨░ "../src/ui/render_settings_layer.cpp")
      C:\Users\KusokMedi\Documents\GitHub\BetterShowcase\src\renderer\ffmpeg\events.hpp(79,11):
       ╤Б╨╝. ╨╛╨▒╤К╤П╨▓╨╗╨╡╨╜╨╕╨╡ "ffmpeg::events::impl::MixVideoAudioEvent"
  
C:\Users\KusokMedi\Documents\GitHub\BetterShowcase\src\renderer\ffmpeg\events.hpp(244,18): error C2039: "post": ╨╜╨╡ ╤П╨▓╨╗╤П╨╡╤В╤Б╤П ╤З╨╗╨╡╨╜╨╛╨╝ "ffmpeg::events::impl::MixVideoRawEvent". [C:\Users\KusokMedi\Documents\GitHub\BetterShowcase\build\xdBot2.vcxproj]
  (╨║╨╛╨╝╨┐╨╕╨╗╤П╤Ж╨╕╤П ╨╕╤Б╤Е╨╛╨┤╨╜╨╛╨│╨╛ ╤Д╨░╨╣╨╗╨░ "../src/ui/render_settings_layer.cpp")
      C:\Users\KusokMedi\Documents\GitHub\BetterShowcase\src\renderer\ffmpeg\events.hpp(101,11):
       ╤Б╨╝. ╨╛╨▒╤К╤П╨▓╨╗╨╡╨╜╨╕╨╡ "ffmpeg::events::impl::MixVideoRawEvent"
  
C:\Users\KusokMedi\Documents\GitHub\BetterShowcase\src\includes.hpp(82,17): error C2059: ╤Б╨╕╨╜╤В╨░╨║╤Б╨╕╤З╨╡╤Б╨║╨░╤П ╨╛╤И╨╕╨▒╨║╨░: < [C:\Users\KusokMedi\Documents\GitHub\BetterShowcase\build\xdBot2.vcxproj]
  (╨║╨╛╨╝╨┐╨╕╨╗╤П╤Ж╨╕╤П ╨╕╤Б╤Е╨╛╨┤╨╜╨╛╨│╨╛ ╤Д╨░╨╣╨╗╨░ "../src/ui/render_settings_layer.cpp")
  
C:\Users\KusokMedi\Documents\GitHub\BetterShowcase\src\includes.hpp(82,36): error C2238: ╨╜╨╡╨┐╤А╨╡╨┤╨▓╨╕╨┤╨╡╨╜╨╜╤Л╨╡ ╨╗╨╡╨║╤Б╨╡╨╝╤Л ╨┐╨╡╤А╨╡╨┤ ";" [C:\Users\KusokMedi\Documents\GitHub\BetterShowcase\build\xdBot2.vcxproj]
  (╨║╨╛╨╝╨┐╨╕╨╗╤П╤Ж╨╕╤П ╨╕╤Б╤Е╨╛╨┤╨╜╨╛╨│╨╛ ╤Д╨░╨╣╨╗╨░ "../src/ui/render_settings_layer.cpp")
  
C:\Users\KusokMedi\Documents\GitHub\BetterShowcase\src\ui\render_settings_layer.hpp(5,48): error C2143: ╤Б╨╕╨╜╤В╨░╨║╤Б╨╕╤З╨╡╤Б╨║╨░╤П ╨╛╤И╨╕╨▒╨║╨░: ╨╛╤В╤Б╤Г╤В╤Б╤В╨▓╨╕╨╡ "," ╨┐╨╡╤А╨╡╨┤ "<" [C:\Users\KusokMedi\Documents\GitHub\BetterShowcase\build\xdBot2.vcxproj]
  (╨║╨╛╨╝╨┐╨╕╨╗╤П╤Ж╨╕╤П ╨╕╤Б╤Е╨╛╨┤╨╜╨╛╨│╨╛ ╤Д╨░╨╣╨╗╨░ "../src/ui/render_settings_layer.cpp")
  
C:\Users\KusokMedi\Documents\GitHub\BetterShowcase\src\ui\render_settings_layer.hpp(27,7): error C3668: RenderSettingsLayer::setup: ╨╝╨╡╤В╨╛╨┤ ╤Б╨╛ ╤Б╨┐╨╡╤Ж╨╕╤Д╨╕╨║╨░╤В╨╛╤А╨╛╨╝ ╨┐╨╡╤А╨╡╨╛╨┐╤А╨╡╨┤╨╡╨╗╨╡╨╜╨╕╤П "override" ╨╜╨╡ ╨┐╨╡╤А╨╡╨╛╨┐╤А╨╡╨┤╨╡╨╗╤П╨╡╤В ╨║╨░╨║╨╕╨╡-╨╗╨╕╨▒╨╛ ╨╝╨╡╤В╨╛╨┤╤Л ╨▒╨░╨╖╨╛╨▓╨╛╨│╨╛ ╨║╨╗╨░╤Б╤Б╨░ [C:\Users\KusokMedi\Documents\GitHub\BetterShowcase\build\xdBot2.vcxproj]
  (╨║╨╛╨╝╨┐╨╕╨╗╤П╤Ж╨╕╤П ╨╕╤Б╤Е╨╛╨┤╨╜╨╛╨│╨╛ ╤Д╨░╨╣╨╗╨░ "../src/ui/render_settings_layer.cpp")
  
C:\Users\KusokMedi\Documents\GitHub\BetterShowcase\src\ui\render_settings_layer.hpp(41,7): error C3668: RenderSettingsLayer::textChanged: ╨╝╨╡╤В╨╛╨┤ ╤Б╨╛ ╤Б╨┐╨╡╤Ж╨╕╤Д╨╕╨║╨░╤В╨╛╤А╨╛╨╝ ╨┐╨╡╤А╨╡╨╛╨┐╤А╨╡╨┤╨╡╨╗╨╡╨╜╨╕╤П "override" ╨╜╨╡ ╨┐╨╡╤А╨╡╨╛╨┐╤А╨╡╨┤╨╡╨╗╤П╨╡╤В ╨║╨░╨║╨╕╨╡-╨╗╨╕╨▒╨╛ ╨╝╨╡╤В╨╛╨┤╤Л ╨▒╨░╨╖╨╛╨▓╨╛╨│╨╛ ╨║╨╗╨░╤Б╤Б╨░ [C:\Users\KusokMedi\Documents\GitHub\BetterShowcase\build\xdBot2.vcxproj]
  (╨║╨╛╨╝╨┐╨╕╨╗╤П╤Ж╨╕╤П ╨╕╤Б╤Е╨╛╨┤╨╜╨╛╨│╨╛ ╤Д╨░╨╣╨╗╨░ "../src/ui/render_settings_layer.cpp")
  
C:\Users\KusokMedi\Documents\GitHub\BetterShowcase\src\ui\render_settings_layer.hpp(31,2): error C2039: "initAnchored": ╨╜╨╡ ╤П╨▓╨╗╤П╨╡╤В╤Б╤П ╤З╨╗╨╡╨╜╨╛╨╝ "RenderSettingsLayer". [C:\Users\KusokMedi\Documents\GitHub\BetterShowcase\build\xdBot2.vcxproj]
  (╨║╨╛╨╝╨┐╨╕╨╗╤П╤Ж╨╕╤П ╨╕╤Б╤Е╨╛╨┤╨╜╨╛╨│╨╛ ╤Д╨░╨╣╨╗╨░ "../src/ui/render_settings_layer.cpp")
      C:\Users\KusokMedi\Documents\GitHub\BetterShowcase\src\ui\render_settings_layer.hpp(5,7):
       ╤Б╨╝. ╨╛╨▒╤К╤П╨▓╨╗╨╡╨╜╨╕╨╡ "RenderSettingsLayer"
  
C:\Users\KusokMedi\Documents\GitHub\BetterShowcase\src\ui\load_macro_layer.hpp(14,14): error C2059: ╤Б╨╕╨╜╤В╨░╨║╤Б╨╕╤З╨╡╤Б╨║╨░╤П ╨╛╤И╨╕╨▒╨║╨░: < [C:\Users\KusokMedi\Documents\GitHub\BetterShowcase\build\xdBot2.vcxproj]
  (╨║╨╛╨╝╨┐╨╕╨╗╤П╤Ж╨╕╤П ╨╕╤Б╤Е╨╛╨┤╨╜╨╛╨│╨╛ ╤Д╨░╨╣╨╗╨░ "../src/ui/render_settings_layer.cpp")
  
C:\Users\KusokMedi\Documents\GitHub\BetterShowcase\src\ui\load_macro_layer.hpp(14,37): error C2238: ╨╜╨╡╨┐╤А╨╡╨┤╨▓╨╕╨┤╨╡╨╜╨╜╤Л╨╡ ╨╗╨╡╨║╤Б╨╡╨╝╤Л ╨┐╨╡╤А╨╡╨┤ ";" [C:\Users\KusokMedi\Documents\GitHub\BetterShowcase\build\xdBot2.vcxproj]
  (╨║╨╛╨╝╨┐╨╕╨╗╤П╤Ж╨╕╤П ╨╕╤Б╤Е╨╛╨┤╨╜╨╛╨│╨╛ ╤Д╨░╨╣╨╗╨░ "../src/ui/render_settings_layer.cpp")
  
C:\Users\KusokMedi\Documents\GitHub\BetterShowcase\src\ui\load_macro_layer.hpp(15,14): error C2059: ╤Б╨╕╨╜╤В╨░╨║╤Б╨╕╤З╨╡╤Б╨║╨░╤П ╨╛╤И╨╕╨▒╨║╨░: < [C:\Users\KusokMedi\Documents\GitHub\BetterShowcase\build\xdBot2.vcxproj]
  (╨║╨╛╨╝╨┐╨╕╨╗╤П╤Ж╨╕╤П ╨╕╤Б╤Е╨╛╨┤╨╜╨╛╨│╨╛ ╤Д╨░╨╣╨╗╨░ "../src/ui/render_settings_layer.cpp")
  
C:\Users\KusokMedi\Documents\GitHub\BetterShowcase\src\ui\load_macro_layer.hpp(15,38): error C2238: ╨╜╨╡╨┐╤А╨╡╨┤╨▓╨╕╨┤╨╡╨╜╨╜╤Л╨╡ ╨╗╨╡╨║╤Б╨╡╨╝╤Л ╨┐╨╡╤А╨╡╨┤ ";" [C:\Users\KusokMedi\Documents\GitHub\BetterShowcase\build\xdBot2.vcxproj]
  (╨║╨╛╨╝╨┐╨╕╨╗╤П╤Ж╨╕╤П ╨╕╤Б╤Е╨╛╨┤╨╜╨╛╨│╨╛ ╤Д╨░╨╣╨╗╨░ "../src/ui/render_settings_layer.cpp")
  
C:\Users\KusokMedi\Documents\GitHub\BetterShowcase\src\ui\load_macro_layer.hpp(25,103): error C2143: ╤Б╨╕╨╜╤В╨░╨║╤Б╨╕╤З╨╡╤Б╨║╨░╤П ╨╛╤И╨╕╨▒╨║╨░: ╨╛╤В╤Б╤Г╤В╤Б╤В╨▓╨╕╨╡ ")" ╨┐╨╡╤А╨╡╨┤ "<" [C:\Users\KusokMedi\Documents\GitHub\BetterShowcase\build\xdBot2.vcxproj]
  (╨║╨╛╨╝╨┐╨╕╨╗╤П╤Ж╨╕╤П ╨╕╤Б╤Е╨╛╨┤╨╜╨╛╨│╨╛ ╤Д╨░╨╣╨╗╨░ "../src/ui/render_settings_layer.cpp")
  
C:\Users\KusokMedi\Documents\GitHub\BetterShowcase\src\ui\load_macro_layer.hpp(25,103): error C2143: ╤Б╨╕╨╜╤В╨░╨║╤Б╨╕╤З╨╡╤Б╨║╨░╤П ╨╛╤И╨╕╨▒╨║╨░: ╨╛╤В╤Б╤Г╤В╤Б╤В╨▓╨╕╨╡ ";" ╨┐╨╡╤А╨╡╨┤ "<" [C:\Users\KusokMedi\Documents\GitHub\BetterShowcase\build\xdBot2.vcxproj]
  (╨║╨╛╨╝╨┐╨╕╨╗╤П╤Ж╨╕╤П ╨╕╤Б╤Е╨╛╨┤╨╜╨╛╨│╨╛ ╤Д╨░╨╣╨╗╨░ "../src/ui/render_settings_layer.cpp")
  
C:\Users\KusokMedi\Documents\GitHub\BetterShowcase\src\ui\load_macro_layer.hpp(25,103): error C2059: ╤Б╨╕╨╜╤В╨░╨║╤Б╨╕╤З╨╡╤Б╨║╨░╤П ╨╛╤И╨╕╨▒╨║╨░: < [C:\Users\KusokMedi\Documents\GitHub\BetterShowcase\build\xdBot2.vcxproj]
  (╨║╨╛╨╝╨┐╨╕╨╗╤П╤Ж╨╕╤П ╨╕╤Б╤Е╨╛╨┤╨╜╨╛╨│╨╛ ╤Д╨░╨╣╨╗╨░ "../src/ui/render_settings_layer.cpp")
  
C:\Users\KusokMedi\Documents\GitHub\BetterShowcase\src\ui\load_macro_layer.hpp(25,164): error C2059: ╤Б╨╕╨╜╤В╨░╨║╤Б╨╕╤З╨╡╤Б╨║╨░╤П ╨╛╤И╨╕╨▒╨║╨░: ) [C:\Users\KusokMedi\Documents\GitHub\BetterShowcase\build\xdBot2.vcxproj]
  (╨║╨╛╨╝╨┐╨╕╨╗╤П╤Ж╨╕╤П ╨╕╤Б╤Е╨╛╨┤╨╜╨╛╨│╨╛ ╤Д╨░╨╣╨╗╨░ "../src/ui/render_settings_layer.cpp")
  
C:\Users\KusokMedi\Documents\GitHub\BetterShowcase\src\ui\load_macro_layer.hpp(25,165): error C2238: ╨╜╨╡╨┐╤А╨╡╨┤╨▓╨╕╨┤╨╡╨╜╨╜╤Л╨╡ ╨╗╨╡╨║╤Б╨╡╨╝╤Л ╨┐╨╡╤А╨╡╨┤ ";" [C:\Users\KusokMedi\Documents\GitHub\BetterShowcase\build\xdBot2.vcxproj]
  (╨║╨╛╨╝╨┐╨╕╨╗╤П╤Ж╨╕╤П ╨╕╤Б╤Е╨╛╨┤╨╜╨╛╨│╨╛ ╤Д╨░╨╣╨╗╨░ "../src/ui/render_settings_layer.cpp")
  
C:\Users\KusokMedi\Documents\GitHub\BetterShowcase\src\ui\load_macro_layer.hpp(27,88): error C2143: ╤Б╨╕╨╜╤В╨░╨║╤Б╨╕╤З╨╡╤Б╨║╨░╤П ╨╛╤И╨╕╨▒╨║╨░: ╨╛╤В╤Б╤Г╤В╤Б╤В╨▓╨╕╨╡ ")" ╨┐╨╡╤А╨╡╨┤ "<" [C:\Users\KusokMedi\Documents\GitHub\BetterShowcase\build\xdBot2.vcxproj]
  (╨║╨╛╨╝╨┐╨╕╨╗╤П╤Ж╨╕╤П ╨╕╤Б╤Е╨╛╨┤╨╜╨╛╨│╨╛ ╤Д╨░╨╣╨╗╨░ "../src/ui/render_settings_layer.cpp")
  
C:\Users\KusokMedi\Documents\GitHub\BetterShowcase\src\ui\load_macro_layer.hpp(27,88): error C2143: ╤Б╨╕╨╜╤В╨░╨║╤Б╨╕╤З╨╡╤Б╨║╨░╤П ╨╛╤И╨╕╨▒╨║╨░: ╨╛╤В╤Б╤Г╤В╤Б╤В╨▓╨╕╨╡ ";" ╨┐╨╡╤А╨╡╨┤ "<" [C:\Users\KusokMedi\Documents\GitHub\BetterShowcase\build\xdBot2.vcxproj]
  (╨║╨╛╨╝╨┐╨╕╨╗╤П╤Ж╨╕╤П ╨╕╤Б╤Е╨╛╨┤╨╜╨╛╨│╨╛ ╤Д╨░╨╣╨╗╨░ "../src/ui/render_settings_layer.cpp")
  
C:\Users\KusokMedi\Documents\GitHub\BetterShowcase\src\ui\load_macro_layer.hpp(27,88): error C2059: ╤Б╨╕╨╜╤В╨░╨║╤Б╨╕╤З╨╡╤Б╨║╨░╤П ╨╛╤И╨╕╨▒╨║╨░: < [C:\Users\KusokMedi\Documents\GitHub\BetterShowcase\build\xdBot2.vcxproj]
  (╨║╨╛╨╝╨┐╨╕╨╗╤П╤Ж╨╕╤П ╨╕╤Б╤Е╨╛╨┤╨╜╨╛╨│╨╛ ╤Д╨░╨╣╨╗╨░ "../src/ui/render_settings_layer.cpp")
  
C:\Users\KusokMedi\Documents\GitHub\BetterShowcase\src\ui\load_macro_layer.hpp(27,149): error C2059: ╤Б╨╕╨╜╤В╨░╨║╤Б╨╕╤З╨╡╤Б╨║╨░╤П ╨╛╤И╨╕╨▒╨║╨░: ) [C:\Users\KusokMedi\Documents\GitHub\BetterShowcase\build\xdBot2.vcxproj]
  (╨║╨╛╨╝╨┐╨╕╨╗╤П╤Ж╨╕╤П ╨╕╤Б╤Е╨╛╨┤╨╜╨╛╨│╨╛ ╤Д╨░╨╣╨╗╨░ "../src/ui/render_settings_layer.cpp")
  
C:\Users\KusokMedi\Documents\GitHub\BetterShowcase\src\ui\load_macro_layer.hpp(27,150): error C2238: ╨╜╨╡╨┐╤А╨╡╨┤╨▓╨╕╨┤╨╡╨╜╨╜╤Л╨╡ ╨╗╨╡╨║╤Б╨╡╨╝╤Л ╨┐╨╡╤А╨╡╨┤ ";" [C:\Users\KusokMedi\Documents\GitHub\BetterShowcase\build\xdBot2.vcxproj]
  (╨║╨╛╨╝╨┐╨╕╨╗╤П╤Ж╨╕╤П ╨╕╤Б╤Е╨╛╨┤╨╜╨╛╨│╨╛ ╤Д╨░╨╣╨╗╨░ "../src/ui/render_settings_layer.cpp")
  
C:\Users\KusokMedi\Documents\GitHub\BetterShowcase\src\ui\load_macro_layer.hpp(42,43): error C2143: ╤Б╨╕╨╜╤В╨░╨║╤Б╨╕╤З╨╡╤Б╨║╨░╤П ╨╛╤И╨╕╨▒╨║╨░: ╨╛╤В╤Б╤Г╤В╤Б╤В╨▓╨╕╨╡ "," ╨┐╨╡╤А╨╡╨┤ "<" [C:\Users\KusokMedi\Documents\GitHub\BetterShowcase\build\xdBot2.vcxproj]
  (╨║╨╛╨╝╨┐╨╕╨╗╤П╤Ж╨╕╤П ╨╕╤Б╤Е╨╛╨┤╨╜╨╛╨│╨╛ ╤Д╨░╨╣╨╗╨░ "../src/ui/render_settings_layer.cpp")
  
C:\Users\KusokMedi\Documents\GitHub\BetterShowcase\src\ui\load_macro_layer.hpp(45,14): error C2059: ╤Б╨╕╨╜╤В╨░╨║╤Б╨╕╤З╨╡╤Б╨║╨░╤П ╨╛╤И╨╕╨▒╨║╨░: < [C:\Users\KusokMedi\Documents\GitHub\BetterShowcase\build\xdBot2.vcxproj]
  (╨║╨╛╨╝╨┐╨╕╨╗╤П╤Ж╨╕╤П ╨╕╤Б╤Е╨╛╨┤╨╜╨╛╨│╨╛ ╤Д╨░╨╣╨╗╨░ "../src/ui/render_settings_layer.cpp")
  
C:\Users\KusokMedi\Documents\GitHub\BetterShowcase\src\ui\load_macro_layer.hpp(45,37): error C2238: ╨╜╨╡╨┐╤А╨╡╨┤╨▓╨╕╨┤╨╡╨╜╨╜╤Л╨╡ ╨╗╨╡╨║╤Б╨╡╨╝╤Л ╨┐╨╡╤А╨╡╨┤ ";" [C:\Users\KusokMedi\Documents\GitHub\BetterShowcase\build\xdBot2.vcxproj]
  (╨║╨╛╨╝╨┐╨╕╨╗╤П╤Ж╨╕╤П ╨╕╤Б╤Е╨╛╨┤╨╜╨╛╨│╨╛ ╤Д╨░╨╣╨╗╨░ "../src/ui/render_settings_layer.cpp")
  
C:\Users\KusokMedi\Documents\GitHub\BetterShowcase\src\ui\load_macro_layer.hpp(46,14): error C2059: ╤Б╨╕╨╜╤В╨░╨║╤Б╨╕╤З╨╡╤Б╨║╨░╤П ╨╛╤И╨╕╨▒╨║╨░: < [C:\Users\KusokMedi\Documents\GitHub\BetterShowcase\build\xdBot2.vcxproj]
  (╨║╨╛╨╝╨┐╨╕╨╗╤П╤Ж╨╕╤П ╨╕╤Б╤Е╨╛╨┤╨╜╨╛╨│╨╛ ╤Д╨░╨╣╨╗╨░ "../src/ui/render_settings_layer.cpp")
  
C:\Users\KusokMedi\Documents\GitHub\BetterShowcase\src\ui\load_macro_layer.hpp(46,38): error C2238: ╨╜╨╡╨┐╤А╨╡╨┤╨▓╨╕╨┤╨╡╨╜╨╜╤Л╨╡ ╨╗╨╡╨║╤Б╨╡╨╝╤Л ╨┐╨╡╤А╨╡╨┤ ";" [C:\Users\KusokMedi\Documents\GitHub\BetterShowcase\build\xdBot2.vcxproj]
  (╨║╨╛╨╝╨┐╨╕╨╗╤П╤Ж╨╕╤П ╨╕╤Б╤Е╨╛╨┤╨╜╨╛╨│╨╛ ╤Д╨░╨╣╨╗╨░ "../src/ui/render_settings_layer.cpp")
  
C:\Users\KusokMedi\Documents\GitHub\BetterShowcase\src\ui\load_macro_layer.hpp(69,44): error C2143: ╤Б╨╕╨╜╤В╨░╨║╤Б╨╕╤З╨╡╤Б╨║╨░╤П ╨╛╤И╨╕╨▒╨║╨░: ╨╛╤В╤Б╤Г╤В╤Б╤В╨▓╨╕╨╡ ")" ╨┐╨╡╤А╨╡╨┤ "<" [C:\Users\KusokMedi\Documents\GitHub\BetterShowcase\build\xdBot2.vcxproj]
  (╨║╨╛╨╝╨┐╨╕╨╗╤П╤Ж╨╕╤П ╨╕╤Б╤Е╨╛╨┤╨╜╨╛╨│╨╛ ╤Д╨░╨╣╨╗╨░ "../src/ui/render_settings_layer.cpp")
  
C:\Users\KusokMedi\Documents\GitHub\BetterShowcase\src\ui\load_macro_layer.hpp(69,44): error C2143: ╤Б╨╕╨╜╤В╨░╨║╤Б╨╕╤З╨╡╤Б╨║╨░╤П ╨╛╤И╨╕╨▒╨║╨░: ╨╛╤В╤Б╤Г╤В╤Б╤В╨▓╨╕╨╡ ";" ╨┐╨╡╤А╨╡╨┤ "<" [C:\Users\KusokMedi\Documents\GitHub\BetterShowcase\build\xdBot2.vcxproj]
  (╨║╨╛╨╝╨┐╨╕╨╗╤П╤Ж╨╕╤П ╨╕╤Б╤Е╨╛╨┤╨╜╨╛╨│╨╛ ╤Д╨░╨╣╨╗╨░ "../src/ui/render_settings_layer.cpp")
  
C:\Users\KusokMedi\Documents\GitHub\BetterShowcase\src\ui\load_macro_layer.hpp(69,44): error C2059: ╤Б╨╕╨╜╤В╨░╨║╤Б╨╕╤З╨╡╤Б╨║╨░╤П ╨╛╤И╨╕╨▒╨║╨░: < [C:\Users\KusokMedi\Documents\GitHub\BetterShowcase\build\xdBot2.vcxproj]
  (╨║╨╛╨╝╨┐╨╕╨╗╤П╤Ж╨╕╤П ╨╕╤Б╤Е╨╛╨┤╨╜╨╛╨│╨╛ ╤Д╨░╨╣╨╗╨░ "../src/ui/render_settings_layer.cpp")
  
C:\Users\KusokMedi\Documents\GitHub\BetterShowcase\src\ui\load_macro_layer.hpp(69,93): error C2059: ╤Б╨╕╨╜╤В╨░╨║╤Б╨╕╤З╨╡╤Б╨║╨░╤П ╨╛╤И╨╕╨▒╨║╨░: ) [C:\Users\KusokMedi\Documents\GitHub\BetterShowcase\build\xdBot2.vcxproj]
  (╨║╨╛╨╝╨┐╨╕╨╗╤П╤Ж╨╕╤П ╨╕╤Б╤Е╨╛╨┤╨╜╨╛╨│╨╛ ╤Д╨░╨╣╨╗╨░ "../src/ui/render_settings_layer.cpp")
  
C:\Users\KusokMedi\Documents\GitHub\BetterShowcase\src\ui\load_macro_layer.hpp(69,94): error C2238: ╨╜╨╡╨┐╤А╨╡╨┤╨▓╨╕╨┤╨╡╨╜╨╜╤Л╨╡ ╨╗╨╡╨║╤Б╨╡╨╝╤Л ╨┐╨╡╤А╨╡╨┤ ";" [C:\Users\KusokMedi\Documents\GitHub\BetterShowcase\build\xdBot2.vcxproj]
  (╨║╨╛╨╝╨┐╨╕╨╗╤П╤Ж╨╕╤П ╨╕╤Б╤Е╨╛╨┤╨╜╨╛╨│╨╛ ╤Д╨░╨╣╨╗╨░ "../src/ui/render_settings_layer.cpp")
  
C:\Users\KusokMedi\Documents\GitHub\BetterShowcase\src\ui\load_macro_layer.hpp(71,25): error C2143: ╤Б╨╕╨╜╤В╨░╨║╤Б╨╕╤З╨╡╤Б╨║╨░╤П ╨╛╤И╨╕╨▒╨║╨░: ╨╛╤В╤Б╤Г╤В╤Б╤В╨▓╨╕╨╡ ")" ╨┐╨╡╤А╨╡╨┤ "<" [C:\Users\KusokMedi\Documents\GitHub\BetterShowcase\build\xdBot2.vcxproj]
  (╨║╨╛╨╝╨┐╨╕╨╗╤П╤Ж╨╕╤П ╨╕╤Б╤Е╨╛╨┤╨╜╨╛╨│╨╛ ╤Д╨░╨╣╨╗╨░ "../src/ui/render_settings_layer.cpp")
  
C:\Users\KusokMedi\Documents\GitHub\BetterShowcase\src\ui\load_macro_layer.hpp(71,25): error C2143: ╤Б╨╕╨╜╤В╨░╨║╤Б╨╕╤З╨╡╤Б╨║╨░╤П ╨╛╤И╨╕╨▒╨║╨░: ╨╛╤В╤Б╤Г╤В╤Б╤В╨▓╨╕╨╡ ";" ╨┐╨╡╤А╨╡╨┤ "<" [C:\Users\KusokMedi\Documents\GitHub\BetterShowcase\build\xdBot2.vcxproj]
  (╨║╨╛╨╝╨┐╨╕╨╗╤П╤Ж╨╕╤П ╨╕╤Б╤Е╨╛╨┤╨╜╨╛╨│╨╛ ╤Д╨░╨╣╨╗╨░ "../src/ui/render_settings_layer.cpp")
  
C:\Users\KusokMedi\Documents\GitHub\BetterShowcase\src\ui\load_macro_layer.hpp(71,25): error C2059: ╤Б╨╕╨╜╤В╨░╨║╤Б╨╕╤З╨╡╤Б╨║╨░╤П ╨╛╤И╨╕╨▒╨║╨░: < [C:\Users\KusokMedi\Documents\GitHub\BetterShowcase\build\xdBot2.vcxproj]
  (╨║╨╛╨╝╨┐╨╕╨╗╤П╤Ж╨╕╤П ╨╕╤Б╤Е╨╛╨┤╨╜╨╛╨│╨╛ ╤Д╨░╨╣╨╗╨░ "../src/ui/render_settings_layer.cpp")
  
C:\Users\KusokMedi\Documents\GitHub\BetterShowcase\src\ui\load_macro_layer.hpp(71,74): error C2059: ╤Б╨╕╨╜╤В╨░╨║╤Б╨╕╤З╨╡╤Б╨║╨░╤П ╨╛╤И╨╕╨▒╨║╨░: ) [C:\Users\KusokMedi\Documents\GitHub\BetterShowcase\build\xdBot2.vcxproj]
  (╨║╨╛╨╝╨┐╨╕╨╗╤П╤Ж╨╕╤П ╨╕╤Б╤Е╨╛╨┤╨╜╨╛╨│╨╛ ╤Д╨░╨╣╨╗╨░ "../src/ui/render_settings_layer.cpp")
  
C:\Users\KusokMedi\Documents\GitHub\BetterShowcase\src\ui\load_macro_layer.hpp(71,84): error C2238: ╨╜╨╡╨┐╤А╨╡╨┤╨▓╨╕╨┤╨╡╨╜╨╜╤Л╨╡ ╨╗╨╡╨║╤Б╨╡╨╝╤Л ╨┐╨╡╤А╨╡╨┤ ";" [C:\Users\KusokMedi\Documents\GitHub\BetterShowcase\build\xdBot2.vcxproj]
  (╨║╨╛╨╝╨┐╨╕╨╗╤П╤Ж╨╕╤П ╨╕╤Б╤Е╨╛╨┤╨╜╨╛╨│╨╛ ╤Д╨░╨╣╨╗╨░ "../src/ui/render_settings_layer.cpp")
  
C:\Users\KusokMedi\Documents\GitHub\BetterShowcase\src\ui\load_macro_layer.hpp(73,31): error C2143: ╤Б╨╕╨╜╤В╨░╨║╤Б╨╕╤З╨╡╤Б╨║╨░╤П ╨╛╤И╨╕╨▒╨║╨░: ╨╛╤В╤Б╤Г╤В╤Б╤В╨▓╨╕╨╡ ")" ╨┐╨╡╤А╨╡╨┤ "<" [C:\Users\KusokMedi\Documents\GitHub\BetterShowcase\build\xdBot2.vcxproj]
  (╨║╨╛╨╝╨┐╨╕╨╗╤П╤Ж╨╕╤П ╨╕╤Б╤Е╨╛╨┤╨╜╨╛╨│╨╛ ╤Д╨░╨╣╨╗╨░ "../src/ui/render_settings_layer.cpp")
  
C:\Users\KusokMedi\Documents\GitHub\BetterShowcase\src\ui\load_macro_layer.hpp(73,31): error C2143: ╤Б╨╕╨╜╤В╨░╨║╤Б╨╕╤З╨╡╤Б╨║╨░╤П ╨╛╤И╨╕╨▒╨║╨░: ╨╛╤В╤Б╤Г╤В╤Б╤В╨▓╨╕╨╡ ";" ╨┐╨╡╤А╨╡╨┤ "<" [C:\Users\KusokMedi\Documents\GitHub\BetterShowcase\build\xdBot2.vcxproj]
  (╨║╨╛╨╝╨┐╨╕╨╗╤П╤Ж╨╕╤П ╨╕╤Б╤Е╨╛╨┤╨╜╨╛╨│╨╛ ╤Д╨░╨╣╨╗╨░ "../src/ui/render_settings_layer.cpp")
  
C:\Users\KusokMedi\Documents\GitHub\BetterShowcase\src\ui\load_macro_layer.hpp(73,31): error C2059: ╤Б╨╕╨╜╤В╨░╨║╤Б╨╕╤З╨╡╤Б╨║╨░╤П ╨╛╤И╨╕╨▒╨║╨░: < [C:\Users\KusokMedi\Documents\GitHub\BetterShowcase\build\xdBot2.vcxproj]
  (╨║╨╛╨╝╨┐╨╕╨╗╤П╤Ж╨╕╤П ╨╕╤Б╤Е╨╛╨┤╨╜╨╛╨│╨╛ ╤Д╨░╨╣╨╗╨░ "../src/ui/render_settings_layer.cpp")
  
C:\Users\KusokMedi\Documents\GitHub\BetterShowcase\src\ui\load_macro_layer.hpp(73,88): error C2059: ╤Б╨╕╨╜╤В╨░╨║╤Б╨╕╤З╨╡╤Б╨║╨░╤П ╨╛╤И╨╕╨▒╨║╨░: ) [C:\Users\KusokMedi\Documents\GitHub\BetterShowcase\build\xdBot2.vcxproj]
  (╨║╨╛╨╝╨┐╨╕╨╗╤П╤Ж╨╕╤П ╨╕╤Б╤Е╨╛╨┤╨╜╨╛╨│╨╛ ╤Д╨░╨╣╨╗╨░ "../src/ui/render_settings_layer.cpp")
  
C:\Users\KusokMedi\Documents\GitHub\BetterShowcase\src\ui\load_macro_layer.hpp(73,89): error C2238: ╨╜╨╡╨┐╤А╨╡╨┤╨▓╨╕╨┤╨╡╨╜╨╜╤Л╨╡ ╨╗╨╡╨║╤Б╨╡╨╝╤Л ╨┐╨╡╤А╨╡╨┤ ";" [C:\Users\KusokMedi\Documents\GitHub\BetterShowcase\build\xdBot2.vcxproj]
  (╨║╨╛╨╝╨┐╨╕╨╗╤П╤Ж╨╕╤П ╨╕╤Б╤Е╨╛╨┤╨╜╨╛╨│╨╛ ╤Д╨░╨╣╨╗╨░ "../src/ui/render_settings_layer.cpp")
  
C:\Users\KusokMedi\Documents\GitHub\BetterShowcase\src\ui\load_macro_layer.hpp(79,7): error C3668: LoadMacroLayer::textChanged: ╨╝╨╡╤В╨╛╨┤ ╤Б╨╛ ╤Б╨┐╨╡╤Ж╨╕╤Д╨╕╨║╨░╤В╨╛╤А╨╛╨╝ ╨┐╨╡╤А╨╡╨╛╨┐╤А╨╡╨┤╨╡╨╗╨╡╨╜╨╕╤П "override" ╨╜╨╡ ╨┐╨╡╤А╨╡╨╛╨┐╤А╨╡╨┤╨╡╨╗╤П╨╡╤В ╨║╨░╨║╨╕╨╡-╨╗╨╕╨▒╨╛ ╨╝╨╡╤В╨╛╨┤╤Л ╨▒╨░╨╖╨╛╨▓╨╛╨│╨╛ ╨║╨╗╨░╤Б╤Б╨░ [C:\Users\KusokMedi\Documents\GitHub\BetterShowcase\build\xdBot2.vcxproj]
  (╨║╨╛╨╝╨┐╨╕╨╗╤П╤Ж╨╕╤П ╨╕╤Б╤Е╨╛╨┤╨╜╨╛╨│╨╛ ╤Д╨░╨╣╨╗╨░ "../src/ui/render_settings_layer.cpp")
  
C:\Users\KusokMedi\Documents\GitHub\BetterShowcase\src\ui\save_macro_layer.hpp(4,43): error C2143: ╤Б╨╕╨╜╤В╨░╨║╤Б╨╕╤З╨╡╤Б╨║╨░╤П ╨╛╤И╨╕╨▒╨║╨░: ╨╛╤В╤Б╤Г╤В╤Б╤В╨▓╨╕╨╡ "," ╨┐╨╡╤А╨╡╨┤ "<" [C:\Users\KusokMedi\Documents\GitHub\BetterShowcase\build\xdBot2.vcxproj]
  (╨║╨╛╨╝╨┐╨╕╨╗╤П╤Ж╨╕╤П ╨╕╤Б╤Е╨╛╨┤╨╜╨╛╨│╨╛ ╤Д╨░╨╣╨╗╨░ "../src/ui/render_settings_layer.cpp")
  
C:\Users\KusokMedi\Documents\GitHub\BetterShowcase\src\ui\save_macro_layer.hpp(14,10): error C3668: SaveMacroLayer::setup: ╨╝╨╡╤В╨╛╨┤ ╤Б╨╛ ╤Б╨┐╨╡╤Ж╨╕╤Д╨╕╨║╨░╤В╨╛╤А╨╛╨╝ ╨┐╨╡╤А╨╡╨╛╨┐╤А╨╡╨┤╨╡╨╗╨╡╨╜╨╕╤П "override" ╨╜╨╡ ╨┐╨╡╤А╨╡╨╛╨┐╤А╨╡╨┤╨╡╨╗╤П╨╡╤В ╨║╨░╨║╨╕╨╡-╨╗╨╕╨▒╨╛ ╨╝╨╡╤В╨╛╨┤╤Л ╨▒╨░╨╖╨╛╨▓╨╛╨│╨╛ ╨║╨╗╨░╤Б╤Б╨░ [C:\Users\KusokMedi\Documents\GitHub\BetterShowcase\build\xdBot2.vcxproj]
  (╨║╨╛╨╝╨┐╨╕╨╗╤П╤Ж╨╕╤П ╨╕╤Б╤Е╨╛╨┤╨╜╨╛╨│╨╛ ╤Д╨░╨╣╨╗╨░ "../src/ui/render_settings_layer.cpp")
  
C:\Users\KusokMedi\Documents\GitHub\BetterShowcase\src\ui\save_macro_layer.hpp(15,16): error C2664: "void Utils::setBackgroundColor(cocos2d::extension::CCScale9Sprite *)": ╨╜╨╡╨▓╨╛╨╖╨╝╨╛╨╢╨╜╨╛ ╨┐╤А╨╡╨╛╨▒╤А╨░╨╖╨╛╨▓╨░╤В╤М ╨░╤А╨│╤Г╨╝╨╡╨╜╤В 1 ╨╕╨╖ "geode::NineSlice *" ╨▓ "cocos2d::extension::CCScale9Sprite *" [C:\Users\KusokMedi\Documents\GitHub\BetterShowcase\build\xdBot2.vcxproj]
  (╨║╨╛╨╝╨┐╨╕╨╗╤П╤Ж╨╕╤П ╨╕╤Б╤Е╨╛╨┤╨╜╨╛╨│╨╛ ╤Д╨░╨╣╨╗╨░ "../src/ui/render_settings_layer.cpp")
      C:\Users\KusokMedi\Documents\GitHub\BetterShowcase\src\ui\save_macro_layer.hpp(15,35):
      ╨в╨╕╨┐╤Л, ╨╜╨░ ╨║╨╛╤В╨╛╤А╤Л╨╡ ╤Г╨║╨░╨╖╤Л╨▓╨░╤О╤В ╤Г╨║╨░╨╖╨░╤В╨╡╨╗╨╕, ╨╜╨╡ ╤Б╨▓╤П╨╖╨░╨╜╤Л; ╨┤╨╗╤П ╨┐╤А╨╡╨╛╨▒╤А╨░╨╖╨╛╨▓╨░╨╜╨╕╤П ╤В╤А╨╡╨▒╤Г╨╡╤В╤Б╤П reinterpret_cast, ╨┐╤А╨╕╨▓╨╡╨┤╨╡╨╜╨╕╨╡ ╨▓ ╤Б╤В╨╕╨╗╨╡ ╨б ╨╕╨╗╨╕ ╨┐╤А╨╕╨▓╨╡╨┤╨╡╨╜╨╕╨╡ ╨▓ ╤Б╤В╨╕╨╗╨╡ ╤Д╤Г╨╜╨║╤Ж╨╕╨╕ ╨▓ ╨║╤А╤Г╨│╨╗╤Л╤Е ╤Б╨║╨╛╨▒╨║╨░╤Е
      C:\Users\KusokMedi\Documents\GitHub\BetterShowcase\src\utils\utils.hpp(18,17):
       ╤Б╨╝. ╨╛╨▒╤К╤П╨▓╨╗╨╡╨╜╨╕╨╡ "Utils::setBackgroundColor"
      C:\Users\KusokMedi\Documents\GitHub\BetterShowcase\src\ui\save_macro_layer.hpp(15,16):
      ╨┐╤А╨╕ ╨┐╨╛╨┐╤Л╤В╨║╨╡ ╤Б╨╛╨┐╨╛╤Б╤В╨░╨▓╨╕╤В╤М ╤Б╨┐╨╕╤Б╨╛╨║ ╨░╤А╨│╤Г╨╝╨╡╨╜╤В╨╛╨▓ "(geode::NineSlice *)"
  
C:\Users\KusokMedi\Documents\GitHub\BetterShowcase\src\ui\save_macro_layer.hpp(73,5): error C2039: "initAnchored": ╨╜╨╡ ╤П╨▓╨╗╤П╨╡╤В╤Б╤П ╤З╨╗╨╡╨╜╨╛╨╝ "SaveMacroLayer". [C:\Users\KusokMedi\Documents\GitHub\BetterShowcase\build\xdBot2.vcxproj]
  (╨║╨╛╨╝╨┐╨╕╨╗╤П╤Ж╨╕╤П ╨╕╤Б╤Е╨╛╨┤╨╜╨╛╨│╨╛ ╤Д╨░╨╣╨╗╨░ "../src/ui/render_settings_layer.cpp")
      C:\Users\KusokMedi\Documents\GitHub\BetterShowcase\src\ui\save_macro_layer.hpp(4,7):
       ╤Б╨╝. ╨╛╨▒╤К╤П╨▓╨╗╨╡╨╜╨╕╨╡ "SaveMacroLayer"
  
C:\Users\KusokMedi\Documents\GitHub\BetterShowcase\src\ui\macro_info_layer.hpp(5,43): error C2143: ╤Б╨╕╨╜╤В╨░╨║╤Б╨╕╤З╨╡╤Б╨║╨░╤П ╨╛╤И╨╕╨▒╨║╨░: ╨╛╤В╤Б╤Г╤В╤Б╤В╨▓╨╕╨╡ "," ╨┐╨╡╤А╨╡╨┤ "<" [C:\Users\KusokMedi\Documents\GitHub\BetterShowcase\build\xdBot2.vcxproj]
  (╨║╨╛╨╝╨┐╨╕╨╗╤П╤Ж╨╕╤П ╨╕╤Б╤Е╨╛╨┤╨╜╨╛╨│╨╛ ╤Д╨░╨╣╨╗╨░ "../src/ui/render_settings_layer.cpp")
  
C:\Users\KusokMedi\Documents\GitHub\BetterShowcase\src\ui\macro_info_layer.hpp(21,10): error C3668: MacroInfoLayer::setup: ╨╝╨╡╤В╨╛╨┤ ╤Б╨╛ ╤Б╨┐╨╡╤Ж╨╕╤Д╨╕╨║╨░╤В╨╛╤А╨╛╨╝ ╨┐╨╡╤А╨╡╨╛╨┐╤А╨╡╨┤╨╡╨╗╨╡╨╜╨╕╤П "override" ╨╜╨╡ ╨┐╨╡╤А╨╡╨╛╨┐╤А╨╡╨┤╨╡╨╗╤П╨╡╤В ╨║╨░╨║╨╕╨╡-╨╗╨╕╨▒╨╛ ╨╝╨╡╤В╨╛╨┤╤Л ╨▒╨░╨╖╨╛╨▓╨╛╨│╨╛ ╨║╨╗╨░╤Б╤Б╨░ [C:\Users\KusokMedi\Documents\GitHub\BetterShowcase\build\xdBot2.vcxproj]
  (╨║╨╛╨╝╨┐╨╕╨╗╤П╤Ж╨╕╤П ╨╕╤Б╤Е╨╛╨┤╨╜╨╛╨│╨╛ ╤Д╨░╨╣╨╗╨░ "../src/ui/render_settings_layer.cpp")
  
C:\Users\KusokMedi\Documents\GitHub\BetterShowcase\src\ui\macro_info_layer.hpp(11,18): error C2039: "initAnchored": ╨╜╨╡ ╤П╨▓╨╗╤П╨╡╤В╤Б╤П ╤З╨╗╨╡╨╜╨╛╨╝ "MacroInfoLayer". [C:\Users\KusokMedi\Documents\GitHub\BetterShowcase\build\xdBot2.vcxproj]
  (╨║╨╛╨╝╨┐╨╕╨╗╤П╤Ж╨╕╤П ╨╕╤Б╤Е╨╛╨┤╨╜╨╛╨│╨╛ ╤Д╨░╨╣╨╗╨░ "../src/ui/render_settings_layer.cpp")
      C:\Users\KusokMedi\Documents\GitHub\BetterShowcase\src\ui\macro_info_layer.hpp(5,7):
       ╤Б╨╝. ╨╛╨▒╤К╤П╨▓╨╗╨╡╨╜╨╕╨╡ "MacroInfoLayer"
  
C:\Users\KusokMedi\Documents\GitHub\BetterShowcase\src\ui\record_layer.hpp(34,40): error C2143: ╤Б╨╕╨╜╤В╨░╨║╤Б╨╕╤З╨╡╤Б╨║╨░╤П ╨╛╤И╨╕╨▒╨║╨░: ╨╛╤В╤Б╤Г╤В╤Б╤В╨▓╨╕╨╡ "," ╨┐╨╡╤А╨╡╨┤ "<" [C:\Users\KusokMedi\Documents\GitHub\BetterShowcase\build\xdBot2.vcxproj]
  (╨║╨╛╨╝╨┐╨╕╨╗╤П╤Ж╨╕╤П ╨╕╤Б╤Е╨╛╨┤╨╜╨╛╨│╨╛ ╤Д╨░╨╣╨╗╨░ "../src/ui/render_settings_layer.cpp")
  
C:\Users\KusokMedi\Documents\GitHub\BetterShowcase\src\ui\record_layer.hpp(76,7): error C3668: RecordLayer::setup: ╨╝╨╡╤В╨╛╨┤ ╤Б╨╛ ╤Б╨┐╨╡╤Ж╨╕╤Д╨╕╨║╨░╤В╨╛╤А╨╛╨╝ ╨┐╨╡╤А╨╡╨╛╨┐╤А╨╡╨┤╨╡╨╗╨╡╨╜╨╕╤П "override" ╨╜╨╡ ╨┐╨╡╤А╨╡╨╛╨┐╤А╨╡╨┤╨╡╨╗╤П╨╡╤В ╨║╨░╨║╨╕╨╡-╨╗╨╕╨▒╨╛ ╨╝╨╡╤В╨╛╨┤╤Л ╨▒╨░╨╖╨╛╨▓╨╛╨│╨╛ ╨║╨╗╨░╤Б╤Б╨░ [C:\Users\KusokMedi\Documents\GitHub\BetterShowcase\build\xdBot2.vcxproj]
  (╨║╨╛╨╝╨┐╨╕╨╗╤П╤Ж╨╕╤П ╨╕╤Б╤Е╨╛╨┤╨╜╨╛╨│╨╛ ╤Д╨░╨╣╨╗╨░ "../src/ui/render_settings_layer.cpp")
  
C:\Users\KusokMedi\Documents\GitHub\BetterShowcase\src\ui\record_layer.hpp(91,7): error C3668: RecordLayer::textChanged: ╨╝╨╡╤В╨╛╨┤ ╤Б╨╛ ╤Б╨┐╨╡╤Ж╨╕╤Д╨╕╨║╨░╤В╨╛╤А╨╛╨╝ ╨┐╨╡╤А╨╡╨╛╨┐╤А╨╡╨┤╨╡╨╗╨╡╨╜╨╕╤П "override" ╨╜╨╡ ╨┐╨╡╤А╨╡╨╛╨┐╤А╨╡╨┤╨╡╨╗╤П╨╡╤В ╨║╨░╨║╨╕╨╡-╨╗╨╕╨▒╨╛ ╨╝╨╡╤В╨╛╨┤╤Л ╨▒╨░╨╖╨╛╨▓╨╛╨│╨╛ ╨║╨╗╨░╤Б╤Б╨░ [C:\Users\KusokMedi\Documents\GitHub\BetterShowcase\build\xdBot2.vcxproj]
  (╨║╨╛╨╝╨┐╨╕╨╗╤П╤Ж╨╕╤П ╨╕╤Б╤Е╨╛╨┤╨╜╨╛╨│╨╛ ╤Д╨░╨╣╨╗╨░ "../src/ui/render_settings_layer.cpp")
  
C:\Users\KusokMedi\Documents\GitHub\BetterShowcase\src\ui\record_layer.hpp(80,20): error C2039: "layer": ╨╜╨╡ ╤П╨▓╨╗╤П╨╡╤В╤Б╤П ╤З╨╗╨╡╨╜╨╛╨╝ "Global". [C:\Users\KusokMedi\Documents\GitHub\BetterShowcase\build\xdBot2.vcxproj]
  (╨║╨╛╨╝╨┐╨╕╨╗╤П╤Ж╨╕╤П ╨╕╤Б╤Е╨╛╨┤╨╜╨╛╨│╨╛ ╤Д╨░╨╣╨╗╨░ "../src/ui/render_settings_layer.cpp")
      C:\Users\KusokMedi\Documents\GitHub\BetterShowcase\src\includes.hpp(46,7):
       ╤Б╨╝. ╨╛╨▒╤К╤П╨▓╨╗╨╡╨╜╨╕╨╡ "Global"
  
C:\Users\KusokMedi\Documents\GitHub\BetterShowcase\src\ui\record_layer.hpp(87,2): error C2039: "initAnchored": ╨╜╨╡ ╤П╨▓╨╗╤П╨╡╤В╤Б╤П ╤З╨╗╨╡╨╜╨╛╨╝ "RecordLayer". [C:\Users\KusokMedi\Documents\GitHub\BetterShowcase\build\xdBot2.vcxproj]
  (╨║╨╛╨╝╨┐╨╕╨╗╤П╤Ж╨╕╤П ╨╕╤Б╤Е╨╛╨┤╨╜╨╛╨│╨╛ ╤Д╨░╨╣╨╗╨░ "../src/ui/render_settings_layer.cpp")
      C:\Users\KusokMedi\Documents\GitHub\BetterShowcase\src\ui\record_layer.hpp(34,7):
       ╤Б╨╝. ╨╛╨▒╤К╤П╨▓╨╗╨╡╨╜╨╕╨╡ "RecordLayer"
  
C:\Users\KusokMedi\Documents\GitHub\BetterShowcase\src\ui\render_settings_layer.cpp(69,13): error C2338: static_assert failed: 'Please use `for (auto obj : CCArrayExt(arr))` or `for (auto obj : CCArrayExt<NodeType*>(arr))` instead, this macro has been removed in Geode v5 [C:\Users\KusokMedi\Documents\GitHub\BetterShowcase\build\xdBot2.vcxproj]
C:\Users\KusokMedi\Documents\GitHub\BetterShowcase\src\ui\render_settings_layer.cpp(69,13): error C2338: When iterating over the children of a node, `for (CCNode* node : node->getChildrenExt())` or `for (CCNode* node : node->getChildrenExt<NodeType*>())` can also be used [C:\Users\KusokMedi\Documents\GitHub\BetterShowcase\build\xdBot2.vcxproj]
C:\Users\KusokMedi\Documents\GitHub\BetterShowcase\src\ui\render_settings_layer.cpp(69,13): error C2338: ' [C:\Users\KusokMedi\Documents\GitHub\BetterShowcase\build\xdBot2.vcxproj]
  (╨║╨╛╨╝╨┐╨╕╨╗╤П╤Ж╨╕╤П ╨╕╤Б╤Е╨╛╨┤╨╜╨╛╨│╨╛ ╤Д╨░╨╣╨╗╨░ "../src/ui/render_settings_layer.cpp")
      C:\Users\KusokMedi\Documents\GitHub\BetterShowcase\src\ui\render_settings_layer.cpp(69,13):
      ╨║╨╛╨╜╤В╨╡╨║╤Б╤В ╤Б╨╛╨╖╨┤╨░╨╜╨╕╤П ╤Н╨║╨╖╨╡╨╝╨┐╨╗╤П╤А╨░ ╤И╨░╨▒╨╗╨╛╨╜╨░ (╤Б╨╜╨░╤З╨░╨╗╨░ ╤Б╨░╨╝╤Л╨╣ ╤Б╤В╨░╤А╤Л╨╣)
          C:\Users\KusokMedi\Documents\GitHub\BetterShowcase\src\ui\render_settings_layer.cpp(81,9):
          ╨▓╨╛ ╨▓╤А╨╡╨╝╤П ╨║╨╛╨╝╨┐╨╕╨╗╤П╤Ж╨╕╨╕ ╤Д╤Г╨╜╨║╤Ж╨╕╨╕-╤З╨╗╨╡╨╜╨░ ╨║╨╗╨░╤Б╤Б ╤И╨░╨▒╨╗╨╛╨╜ "std::move_only_function<void (FLAlertLayer *,bool)>::move_only_function(_Fn &&)"
          C:\Program Files (x86)\Microsoft Visual Studio\2022\BuildTools\VC\Tools\MSVC\14.44.35207\include\functional(1896,18):
          ╨▓╤Л╨┐╨╛╨╗╨╜╤П╨╡╤В╤Б╤П ╨║╨╛╨╝╨┐╨╕╨╗╤П╤Ж╨╕╤П ╤Б╤Б╤Л╨╗╨║╨╕ ╨╜╨░ ╤И╨░╨▒╨╗╨╛╨╜ ╨┐╨╡╤А╨╡╨╝╨╡╨╜╨╜╨╛╨╣ "const bool std::move_only_function<void __cdecl(FLAlertLayer *,bool)>::_Enable_one_arg_constructor<`RenderSettingsLayer::onDefaults'::`2'::<lambda_1> >"
          C:\Program Files (x86)\Microsoft Visual Studio\2022\BuildTools\VC\Tools\MSVC\14.44.35207\include\functional(1871,73):
          ╨▓╤Л╨┐╨╛╨╗╨╜╤П╨╡╤В╤Б╤П ╨║╨╛╨╝╨┐╨╕╨╗╤П╤Ж╨╕╤П ╤Б╤Б╤Л╨╗╨║╨╕ ╨╜╨░ ╤И╨░╨▒╨╗╨╛╨╜ ╨┐╨╡╤А╨╡╨╝╨╡╨╜╨╜╨╛╨╣ "const bool std::_Move_only_function_call<void __cdecl(FLAlertLayer *,bool)>::_Is_callable_from<`RenderSettingsLayer::onDefaults'::`2'::<lambda_1> >"
          C:\Program Files (x86)\Microsoft Visual Studio\2022\BuildTools\VC\Tools\MSVC\14.44.35207\include\functional(1673,9):
          ╨▓╤Л╨┐╨╛╨╗╨╜╤П╨╡╤В╤Б╤П ╨║╨╛╨╝╨┐╨╕╨╗╤П╤Ж╨╕╤П ╤Б╤Б╤Л╨╗╨║╨╕ ╨╜╨░ ╤И╨░╨▒╨╗╨╛╨╜ ╨┐╨╡╤А╨╡╨╝╨╡╨╜╨╜╨╛╨╣ "const bool is_invocable_r_v<void,`RenderSettingsLayer::onDefaults'::`2'::<lambda_1>,FLAlertLayer *,bool>"
          C:\Program Files (x86)\Microsoft Visual Studio\2022\BuildTools\VC\Tools\MSVC\14.44.35207\include\type_traits(1862,35):
          ╨▓╤Л╨┐╨╛╨╗╨╜╤П╨╡╤В╤Б╤П ╨║╨╛╨╝╨┐╨╕╨╗╤П╤Ж╨╕╤П ╤Б╤Б╤Л╨╗╨║╨╕ ╨╜╨░ ╤Н╨║╨╖╨╡╨╝╨┐╨╗╤П╤А ╨┐╤Б╨╡╨▓╨┤╨╛╨╜╨╕╨╝ ╤И╨░╨▒╨╗╨╛╨╜ ╤Д╤Г╨╜╨║╤Ж╨╕╨╕ "std::_Is_invocable_r_<_Rx,_Vt,FLAlertLayer*,bool>"
          with
          [
              _Rx=void,
              _Vt=RenderSettingsLayer::onDefaults::<lambda_1>
          ]
          C:\Program Files (x86)\Microsoft Visual Studio\2022\BuildTools\VC\Tools\MSVC\14.44.35207\include\type_traits(1789,38):
          ╨▓╤Л╨┐╨╛╨╗╨╜╤П╨╡╤В╤Б╤П ╨║╨╛╨╝╨┐╨╕╨╗╤П╤Ж╨╕╤П ╤Б╤Б╤Л╨╗╨║╨╕ ╨╜╨░ ╤Н╨║╨╖╨╡╨╝╨┐╨╗╤П╤А ╨┐╤Б╨╡╨▓╨┤╨╛╨╜╨╕╨╝ ╤И╨░╨▒╨╗╨╛╨╜ ╤Д╤Г╨╜╨║╤Ж╨╕╨╕ "std::_Decltype_invoke_nonzero<_Vt,FLAlertLayer*,bool>"
          with
          [
              _Vt=RenderSettingsLayer::onDefaults::<lambda_1>
          ]
          C:\Program Files (x86)\Microsoft Visual Studio\2022\BuildTools\VC\Tools\MSVC\14.44.35207\include\type_traits(1785,71):
          ╨▓╨╛ ╨▓╤А╨╡╨╝╤П ╨║╨╛╨╝╨┐╨╕╨╗╤П╤Ж╨╕╨╕ ╤Д╤Г╨╜╨║╤Ж╨╕╨╕-╤З╨╗╨╡╨╜╨░ ╨║╨╗╨░╤Б╤Б ╤И╨░╨▒╨╗╨╛╨╜ "unknown-type std::_Invoker_functor::_Call(_Callable &&,_Types ...) noexcept(<expr>)"
          C:\Program Files (x86)\Microsoft Visual Studio\2022\BuildTools\VC\Tools\MSVC\14.44.35207\include\type_traits(1576,46):
          ╨▓╤Л╨┐╨╛╨╗╨╜╤П╨╡╤В╤Б╤П ╨║╨╛╨╝╨┐╨╕╨╗╤П╤Ж╨╕╤П ╤Б╤Б╤Л╨╗╨║╨╕ ╨╜╨░ ╤Н╨║╨╖╨╡╨╝╨┐╨╗╤П╤А ╤И╨░╨▒╨╗╨╛╨╜ ╤Д╤Г╨╜╨║╤Ж╨╕╨╕ "auto RenderSettingsLayer::onDefaults::<lambda_1>::operator ()<FLAlertLayer*>(_T1,bool) const"
          with
          [
              _T1=FLAlertLayer *
          ]
  
C:\Users\KusokMedi\Documents\GitHub\BetterShowcase\src\ui\render_settings_layer.cpp(72,21): error C2043: ╨╜╨╡╨┤╨╛╨┐╤Г╤Б╤В╨╕╨╝╤Л╨╣ break [C:\Users\KusokMedi\Documents\GitHub\BetterShowcase\build\xdBot2.vcxproj]
  (╨║╨╛╨╝╨┐╨╕╨╗╤П╤Ж╨╕╤П ╨╕╤Б╤Е╨╛╨┤╨╜╨╛╨│╨╛ ╤Д╨░╨╣╨╗╨░ "../src/ui/render_settings_layer.cpp")
  
C:\Users\KusokMedi\Documents\GitHub\BetterShowcase\src\ui\render_settings_layer.cpp(41,9): error C2665: "geode::createQuickPopup": ╨╜╨╕ ╨╛╨┤╨╜╨░ ╨┐╨╡╤А╨╡╨│╤А╤Г╨╢╨╡╨╜╨╜╨░╤П ╤Д╤Г╨╜╨║╤Ж╨╕╤П ╨╜╨╡ ╨╝╨╛╨╢╨╡╤В ╨┐╤А╨╡╨╛╨▒╤А╨░╨╖╨╛╨▓╨░╤В╤М ╨▓╤Б╨╡ ╤В╨╕╨┐╤Л ╨░╤А╨│╤Г╨╝╨╡╨╜╤В╨╛╨▓ [C:\Users\KusokMedi\Documents\GitHub\BetterShowcase\build\xdBot2.vcxproj]
  (╨║╨╛╨╝╨┐╨╕╨╗╤П╤Ж╨╕╤П ╨╕╤Б╤Е╨╛╨┤╨╜╨╛╨│╨╛ ╤Д╨░╨╣╨╗╨░ "../src/ui/render_settings_layer.cpp")
      C:\Users\KusokMedi\Documents\Geode\loader\include\Geode\ui\Popup.hpp(64,29):
      ╨╝╨╛╨╢╨╡╤В ╨▒╤Л╤В╤М "FLAlertLayer *geode::createQuickPopup(const char *,std::string,const char *,const char *,std::move_only_function<void (FLAlertLayer *,bool)>,bool,bool)"
          C:\Users\KusokMedi\Documents\GitHub\BetterShowcase\src\ui\render_settings_layer.cpp(41,9):
          "FLAlertLayer *geode::createQuickPopup(const char *,std::string,const char *,const char *,std::move_only_function<void (FLAlertLayer *,bool)>,bool,bool)": ╨╜╨╡╨▓╨╛╨╖╨╝╨╛╨╢╨╜╨╛ ╨┐╤А╨╡╨╛╨▒╤А╨░╨╖╨╛╨▓╨░╤В╤М ╨░╤А╨│╤Г╨╝╨╡╨╜╤В 5 ╨╕╨╖ "RenderSettingsLayer::onDefaults::<lambda_1>" ╨▓ "std::move_only_function<void (FLAlertLayer *,bool)>"
              C:\Users\KusokMedi\Documents\GitHub\BetterShowcase\src\ui\render_settings_layer.cpp(81,9):
              ╨Ф╨╗╤П ╨▓╤Л╨┐╨╛╨╗╨╜╨╡╨╜╨╕╤П ╨┤╨░╨╜╨╜╨╛╨│╨╛ ╨┐╤А╨╡╨╛╨▒╤А╨░╨╖╨╛╨▓╨░╨╜╨╕╤П ╨╜╨╡╤В ╨┤╨╛╤Б╤В╤Г╨┐╨╜╨╛╨│╨╛ ╨╛╨┐╨╡╤А╨░╤В╨╛╤А╨░ ╨┐╤А╨╡╨╛╨▒╤А╨░╨╖╨╛╨▓╨░╨╜╨╕╤П, ╨╛╨┐╤А╨╡╨┤╨╡╨╗╨╡╨╜╨╜╨╛╨│╨╛ ╨┐╨╛╨╗╤М╨╖╨╛╨▓╨░╤В╨╡╨╗╨╡╨╝, ╨╕╨╗╨╕ ╨▓╤Л╨╖╨╛╨▓ ╨╛╨┐╨╡╤А╨░╤В╨╛╤А╨░ ╨╜╨╡╨▓╨╛╨╖╨╝╨╛╨╢╨╡╨╜
      C:\Users\KusokMedi\Documents\GitHub\BetterShowcase\src\ui\render_settings_layer.cpp(41,9):
      ╨┐╤А╨╕ ╨┐╨╛╨┐╤Л╤В╨║╨╡ ╤Б╨╛╨┐╨╛╤Б╤В╨░╨▓╨╕╤В╤М ╤Б╨┐╨╕╤Б╨╛╨║ ╨░╤А╨│╤Г╨╝╨╡╨╜╤В╨╛╨▓ "(const char [8], const char [41], const char [7], const char [4], RenderSettingsLayer::onDefaults::<lambda_1>)"
  
C:\Users\KusokMedi\Documents\GitHub\BetterShowcase\src\ui\render_settings_layer.cpp(98,12): error C2664: "void Utils::setBackgroundColor(cocos2d::extension::CCScale9Sprite *)": ╨╜╨╡╨▓╨╛╨╖╨╝╨╛╨╢╨╜╨╛ ╨┐╤А╨╡╨╛╨▒╤А╨░╨╖╨╛╨▓╨░╤В╤М ╨░╤А╨│╤Г╨╝╨╡╨╜╤В 1 ╨╕╨╖ "geode::NineSlice *" ╨▓ "cocos2d::extension::CCScale9Sprite *" [C:\Users\KusokMedi\Documents\GitHub\BetterShowcase\build\xdBot2.vcxproj]
  (╨║╨╛╨╝╨┐╨╕╨╗╤П╤Ж╨╕╤П ╨╕╤Б╤Е╨╛╨┤╨╜╨╛╨│╨╛ ╤Д╨░╨╣╨╗╨░ "../src/ui/render_settings_layer.cpp")
      C:\Users\KusokMedi\Documents\GitHub\BetterShowcase\src\ui\render_settings_layer.cpp(98,31):
      ╨в╨╕╨┐╤Л, ╨╜╨░ ╨║╨╛╤В╨╛╤А╤Л╨╡ ╤Г╨║╨░╨╖╤Л╨▓╨░╤О╤В ╤Г╨║╨░╨╖╨░╤В╨╡╨╗╨╕, ╨╜╨╡ ╤Б╨▓╤П╨╖╨░╨╜╤Л; ╨┤╨╗╤П ╨┐╤А╨╡╨╛╨▒╤А╨░╨╖╨╛╨▓╨░╨╜╨╕╤П ╤В╤А╨╡╨▒╤Г╨╡╤В╤Б╤П reinterpret_cast, ╨┐╤А╨╕╨▓╨╡╨┤╨╡╨╜╨╕╨╡ ╨▓ ╤Б╤В╨╕╨╗╨╡ ╨б ╨╕╨╗╨╕ ╨┐╤А╨╕╨▓╨╡╨┤╨╡╨╜╨╕╨╡ ╨▓ ╤Б╤В╨╕╨╗╨╡ ╤Д╤Г╨╜╨║╤Ж╨╕╨╕ ╨▓ ╨║╤А╤Г╨│╨╗╤Л╤Е ╤Б╨║╨╛╨▒╨║╨░╤Е
      C:\Users\KusokMedi\Documents\GitHub\BetterShowcase\src\utils\utils.hpp(18,17):
       ╤Б╨╝. ╨╛╨▒╤К╤П╨▓╨╗╨╡╨╜╨╕╨╡ "Utils::setBackgroundColor"
      C:\Users\KusokMedi\Documents\GitHub\BetterShowcase\src\ui\render_settings_layer.cpp(98,12):
      ╨┐╤А╨╕ ╨┐╨╛╨┐╤Л╤В╨║╨╡ ╤Б╨╛╨┐╨╛╤Б╤В╨░╨▓╨╕╤В╤М ╤Б╨┐╨╕╤Б╨╛╨║ ╨░╤А╨│╤Г╨╝╨╡╨╜╤В╨╛╨▓ "(geode::NineSlice *)"
  
C:\Users\KusokMedi\Documents\GitHub\BetterShowcase\src\ui\render_settings_layer.cpp(132,16): error C2039: "m_placeholderLabel": ╨╜╨╡ ╤П╨▓╨╗╤П╨╡╤В╤Б╤П ╤З╨╗╨╡╨╜╨╛╨╝ "CCTextInputNode". [C:\Users\KusokMedi\Documents\GitHub\BetterShowcase\build\xdBot2.vcxproj]
  (╨║╨╛╨╝╨┐╨╕╨╗╤П╤Ж╨╕╤П ╨╕╤Б╤Е╨╛╨┤╨╜╨╛╨│╨╛ ╤Д╨░╨╣╨╗╨░ "../src/ui/render_settings_layer.cpp")
      C:\Users\KusokMedi\Documents\GitHub\BetterShowcase\build\bindings\bindings\Geode\binding\CCTextInputNode.hpp(12,7):
       ╤Б╨╝. ╨╛╨▒╤К╤П╨▓╨╗╨╡╨╜╨╕╨╡ "CCTextInputNode"
  
C:\Users\KusokMedi\Documents\GitHub\BetterShowcase\src\ui\render_settings_layer.cpp(141,16): error C2664: "void CCTextInputNode::setDelegate(TextInputDelegate *)": ╨╜╨╡╨▓╨╛╨╖╨╝╨╛╨╢╨╜╨╛ ╨┐╤А╨╡╨╛╨▒╤А╨░╨╖╨╛╨▓╨░╤В╤М ╨░╤А╨│╤Г╨╝╨╡╨╜╤В 1 ╨╕╨╖ "RenderSettingsLayer *" ╨▓ "TextInputDelegate *" [C:\Users\KusokMedi\Documents\GitHub\BetterShowcase\build\xdBot2.vcxproj]
  (╨║╨╛╨╝╨┐╨╕╨╗╤П╤Ж╨╕╤П ╨╕╤Б╤Е╨╛╨┤╨╜╨╛╨│╨╛ ╤Д╨░╨╣╨╗╨░ "../src/ui/render_settings_layer.cpp")
      C:\Users\KusokMedi\Documents\GitHub\BetterShowcase\src\ui\render_settings_layer.cpp(141,28):
      ╨в╨╕╨┐╤Л, ╨╜╨░ ╨║╨╛╤В╨╛╤А╤Л╨╡ ╤Г╨║╨░╨╖╤Л╨▓╨░╤О╤В ╤Г╨║╨░╨╖╨░╤В╨╡╨╗╨╕, ╨╜╨╡ ╤Б╨▓╤П╨╖╨░╨╜╤Л; ╨┤╨╗╤П ╨┐╤А╨╡╨╛╨▒╤А╨░╨╖╨╛╨▓╨░╨╜╨╕╤П ╤В╤А╨╡╨▒╤Г╨╡╤В╤Б╤П reinterpret_cast, ╨┐╤А╨╕╨▓╨╡╨┤╨╡╨╜╨╕╨╡ ╨▓ ╤Б╤В╨╕╨╗╨╡ ╨б ╨╕╨╗╨╕ ╨┐╤А╨╕╨▓╨╡╨┤╨╡╨╜╨╕╨╡ ╨▓ ╤Б╤В╨╕╨╗╨╡ ╤Д╤Г╨╜╨║╤Ж╨╕╨╕ ╨▓ ╨║╤А╤Г╨│╨╗╤Л╤Е ╤Б╨║╨╛╨▒╨║╨░╤Е
      C:\Users\KusokMedi\Documents\GitHub\BetterShowcase\build\bindings\bindings\Geode\binding\CCTextInputNode.hpp(249,10):
       ╤Б╨╝. ╨╛╨▒╤К╤П╨▓╨╗╨╡╨╜╨╕╨╡ "CCTextInputNode::setDelegate"
      C:\Users\KusokMedi\Documents\GitHub\BetterShowcase\src\ui\render_settings_layer.cpp(141,16):
      ╨┐╤А╨╕ ╨┐╨╛╨┐╤Л╤В╨║╨╡ ╤Б╨╛╨┐╨╛╤Б╤В╨░╨▓╨╕╤В╤М ╤Б╨┐╨╕╤Б╨╛╨║ ╨░╤А╨│╤Г╨╝╨╡╨╜╤В╨╛╨▓ "(RenderSettingsLayer *)"
  
C:\Users\KusokMedi\Documents\GitHub\BetterShowcase\src\ui\render_settings_layer.cpp(168,21): error C2039: "m_placeholderLabel": ╨╜╨╡ ╤П╨▓╨╗╤П╨╡╤В╤Б╤П ╤З╨╗╨╡╨╜╨╛╨╝ "CCTextInputNode". [C:\Users\KusokMedi\Documents\GitHub\BetterShowcase\build\xdBot2.vcxproj]
  (╨║╨╛╨╝╨┐╨╕╨╗╤П╤Ж╨╕╤П ╨╕╤Б╤Е╨╛╨┤╨╜╨╛╨│╨╛ ╤Д╨░╨╣╨╗╨░ "../src/ui/render_settings_layer.cpp")
      C:\Users\KusokMedi\Documents\GitHub\BetterShowcase\build\bindings\bindings\Geode\binding\CCTextInputNode.hpp(12,7):
       ╤Б╨╝. ╨╛╨▒╤К╤П╨▓╨╗╨╡╨╜╨╕╨╡ "CCTextInputNode"
  
C:\Users\KusokMedi\Documents\GitHub\BetterShowcase\src\ui\render_settings_layer.cpp(177,21): error C2664: "void CCTextInputNode::setDelegate(TextInputDelegate *)": ╨╜╨╡╨▓╨╛╨╖╨╝╨╛╨╢╨╜╨╛ ╨┐╤А╨╡╨╛╨▒╤А╨░╨╖╨╛╨▓╨░╤В╤М ╨░╤А╨│╤Г╨╝╨╡╨╜╤В 1 ╨╕╨╖ "RenderSettingsLayer *" ╨▓ "TextInputDelegate *" [C:\Users\KusokMedi\Documents\GitHub\BetterShowcase\build\xdBot2.vcxproj]
  (╨║╨╛╨╝╨┐╨╕╨╗╤П╤Ж╨╕╤П ╨╕╤Б╤Е╨╛╨┤╨╜╨╛╨│╨╛ ╤Д╨░╨╣╨╗╨░ "../src/ui/render_settings_layer.cpp")
      C:\Users\KusokMedi\Documents\GitHub\BetterShowcase\src\ui\render_settings_layer.cpp(177,33):
      ╨в╨╕╨┐╤Л, ╨╜╨░ ╨║╨╛╤В╨╛╤А╤Л╨╡ ╤Г╨║╨░╨╖╤Л╨▓╨░╤О╤В ╤Г╨║╨░╨╖╨░╤В╨╡╨╗╨╕, ╨╜╨╡ ╤Б╨▓╤П╨╖╨░╨╜╤Л; ╨┤╨╗╤П ╨┐╤А╨╡╨╛╨▒╤А╨░╨╖╨╛╨▓╨░╨╜╨╕╤П ╤В╤А╨╡╨▒╤Г╨╡╤В╤Б╤П reinterpret_cast, ╨┐╤А╨╕╨▓╨╡╨┤╨╡╨╜╨╕╨╡ ╨▓ ╤Б╤В╨╕╨╗╨╡ ╨б ╨╕╨╗╨╕ ╨┐╤А╨╕╨▓╨╡╨┤╨╡╨╜╨╕╨╡ ╨▓ ╤Б╤В╨╕╨╗╨╡ ╤Д╤Г╨╜╨║╤Ж╨╕╨╕ ╨▓ ╨║╤А╤Г╨│╨╗╤Л╤Е ╤Б╨║╨╛╨▒╨║╨░╤Е
      C:\Users\KusokMedi\Documents\GitHub\BetterShowcase\build\bindings\bindings\Geode\binding\CCTextInputNode.hpp(249,10):
       ╤Б╨╝. ╨╛╨▒╤К╤П╨▓╨╗╨╡╨╜╨╕╨╡ "CCTextInputNode::setDelegate"
      C:\Users\KusokMedi\Documents\GitHub\BetterShowcase\src\ui\render_settings_layer.cpp(177,21):
      ╨┐╤А╨╕ ╨┐╨╛╨┐╤Л╤В╨║╨╡ ╤Б╨╛╨┐╨╛╤Б╤В╨░╨▓╨╕╤В╤М ╤Б╨┐╨╕╤Б╨╛╨║ ╨░╤А╨│╤Г╨╝╨╡╨╜╤В╨╛╨▓ "(RenderSettingsLayer *)"
  
C:\Users\KusokMedi\Documents\GitHub\BetterShowcase\src\ui\render_settings_layer.cpp(202,21): error C2039: "m_placeholderLabel": ╨╜╨╡ ╤П╨▓╨╗╤П╨╡╤В╤Б╤П ╤З╨╗╨╡╨╜╨╛╨╝ "CCTextInputNode". [C:\Users\KusokMedi\Documents\GitHub\BetterShowcase\build\xdBot2.vcxproj]
  (╨║╨╛╨╝╨┐╨╕╨╗╤П╤Ж╨╕╤П ╨╕╤Б╤Е╨╛╨┤╨╜╨╛╨│╨╛ ╤Д╨░╨╣╨╗╨░ "../src/ui/render_settings_layer.cpp")
      C:\Users\KusokMedi\Documents\GitHub\BetterShowcase\build\bindings\bindings\Geode\binding\CCTextInputNode.hpp(12,7):
       ╤Б╨╝. ╨╛╨▒╤К╤П╨▓╨╗╨╡╨╜╨╕╨╡ "CCTextInputNode"
  
C:\Users\KusokMedi\Documents\GitHub\BetterShowcase\src\ui\render_settings_layer.cpp(212,21): error C2664: "void CCTextInputNode::setDelegate(TextInputDelegate *)": ╨╜╨╡╨▓╨╛╨╖╨╝╨╛╨╢╨╜╨╛ ╨┐╤А╨╡╨╛╨▒╤А╨░╨╖╨╛╨▓╨░╤В╤М ╨░╤А╨│╤Г╨╝╨╡╨╜╤В 1 ╨╕╨╖ "RenderSettingsLayer *" ╨▓ "TextInputDelegate *" [C:\Users\KusokMedi\Documents\GitHub\BetterShowcase\build\xdBot2.vcxproj]
  (╨║╨╛╨╝╨┐╨╕╨╗╤П╤Ж╨╕╤П ╨╕╤Б╤Е╨╛╨┤╨╜╨╛╨│╨╛ ╤Д╨░╨╣╨╗╨░ "../src/ui/render_settings_layer.cpp")
      C:\Users\KusokMedi\Documents\GitHub\BetterShowcase\src\ui\render_settings_layer.cpp(212,33):
      ╨в╨╕╨┐╤Л, ╨╜╨░ ╨║╨╛╤В╨╛╤А╤Л╨╡ ╤Г╨║╨░╨╖╤Л╨▓╨░╤О╤В ╤Г╨║╨░╨╖╨░╤В╨╡╨╗╨╕, ╨╜╨╡ ╤Б╨▓╤П╨╖╨░╨╜╤Л; ╨┤╨╗╤П ╨┐╤А╨╡╨╛╨▒╤А╨░╨╖╨╛╨▓╨░╨╜╨╕╤П ╤В╤А╨╡╨▒╤Г╨╡╤В╤Б╤П reinterpret_cast, ╨┐╤А╨╕╨▓╨╡╨┤╨╡╨╜╨╕╨╡ ╨▓ ╤Б╤В╨╕╨╗╨╡ ╨б ╨╕╨╗╨╕ ╨┐╤А╨╕╨▓╨╡╨┤╨╡╨╜╨╕╨╡ ╨▓ ╤Б╤В╨╕╨╗╨╡ ╤Д╤Г╨╜╨║╤Ж╨╕╨╕ ╨▓ ╨║╤А╤Г╨│╨╗╤Л╤Е ╤Б╨║╨╛╨▒╨║╨░╤Е
      C:\Users\KusokMedi\Documents\GitHub\BetterShowcase\build\bindings\bindings\Geode\binding\CCTextInputNode.hpp(249,10):
       ╤Б╨╝. ╨╛╨▒╤К╤П╨▓╨╗╨╡╨╜╨╕╨╡ "CCTextInputNode::setDelegate"
      C:\Users\KusokMedi\Documents\GitHub\BetterShowcase\src\ui\render_settings_layer.cpp(212,21):
      ╨┐╤А╨╕ ╨┐╨╛╨┐╤Л╤В╨║╨╡ ╤Б╨╛╨┐╨╛╤Б╤В╨░╨▓╨╕╤В╤М ╤Б╨┐╨╕╤Б╨╛╨║ ╨░╤А╨│╤Г╨╝╨╡╨╜╤В╨╛╨▓ "(RenderSettingsLayer *)"
  
C:\Users\KusokMedi\Documents\GitHub\BetterShowcase\src\ui\render_settings_layer.cpp(232,19): error C2039: "m_placeholderLabel": ╨╜╨╡ ╤П╨▓╨╗╤П╨╡╤В╤Б╤П ╤З╨╗╨╡╨╜╨╛╨╝ "CCTextInputNode". [C:\Users\KusokMedi\Documents\GitHub\BetterShowcase\build\xdBot2.vcxproj]
  (╨║╨╛╨╝╨┐╨╕╨╗╤П╤Ж╨╕╤П ╨╕╤Б╤Е╨╛╨┤╨╜╨╛╨│╨╛ ╤Д╨░╨╣╨╗╨░ "../src/ui/render_settings_layer.cpp")
      C:\Users\KusokMedi\Documents\GitHub\BetterShowcase\build\bindings\bindings\Geode\binding\CCTextInputNode.hpp(12,7):
       ╤Б╨╝. ╨╛╨▒╤К╤П╨▓╨╗╨╡╨╜╨╕╨╡ "CCTextInputNode"
  
C:\Users\KusokMedi\Documents\GitHub\BetterShowcase\src\ui\render_settings_layer.cpp(241,19): error C2664: "void CCTextInputNode::setDelegate(TextInputDelegate *)": ╨╜╨╡╨▓╨╛╨╖╨╝╨╛╨╢╨╜╨╛ ╨┐╤А╨╡╨╛╨▒╤А╨░╨╖╨╛╨▓╨░╤В╤М ╨░╤А╨│╤Г╨╝╨╡╨╜╤В 1 ╨╕╨╖ "RenderSettingsLayer *" ╨▓ "TextInputDelegate *" [C:\Users\KusokMedi\Documents\GitHub\BetterShowcase\build\xdBot2.vcxproj]
  (╨║╨╛╨╝╨┐╨╕╨╗╤П╤Ж╨╕╤П ╨╕╤Б╤Е╨╛╨┤╨╜╨╛╨│╨╛ ╤Д╨░╨╣╨╗╨░ "../src/ui/render_settings_layer.cpp")
      C:\Users\KusokMedi\Documents\GitHub\BetterShowcase\src\ui\render_settings_layer.cpp(241,31):
      ╨в╨╕╨┐╤Л, ╨╜╨░ ╨║╨╛╤В╨╛╤А╤Л╨╡ ╤Г╨║╨░╨╖╤Л╨▓╨░╤О╤В ╤Г╨║╨░╨╖╨░╤В╨╡╨╗╨╕, ╨╜╨╡ ╤Б╨▓╤П╨╖╨░╨╜╤Л; ╨┤╨╗╤П ╨┐╤А╨╡╨╛╨▒╤А╨░╨╖╨╛╨▓╨░╨╜╨╕╤П ╤В╤А╨╡╨▒╤Г╨╡╤В╤Б╤П reinterpret_cast, ╨┐╤А╨╕╨▓╨╡╨┤╨╡╨╜╨╕╨╡ ╨▓ ╤Б╤В╨╕╨╗╨╡ ╨б ╨╕╨╗╨╕ ╨┐╤А╨╕╨▓╨╡╨┤╨╡╨╜╨╕╨╡ ╨▓ ╤Б╤В╨╕╨╗╨╡ ╤Д╤Г╨╜╨║╤Ж╨╕╨╕ ╨▓ ╨║╤А╤Г╨│╨╗╤Л╤Е ╤Б╨║╨╛╨▒╨║╨░╤Е
      C:\Users\KusokMedi\Documents\GitHub\BetterShowcase\build\bindings\bindings\Geode\binding\CCTextInputNode.hpp(249,10):
       ╤Б╨╝. ╨╛╨▒╤К╤П╨▓╨╗╨╡╨╜╨╕╨╡ "CCTextInputNode::setDelegate"
      C:\Users\KusokMedi\Documents\GitHub\BetterShowcase\src\ui\render_settings_layer.cpp(241,19):
      ╨┐╤А╨╕ ╨┐╨╛╨┐╤Л╤В╨║╨╡ ╤Б╨╛╨┐╨╛╤Б╤В╨░╨▓╨╕╤В╤М ╤Б╨┐╨╕╤Б╨╛╨║ ╨░╤А╨│╤Г╨╝╨╡╨╜╤В╨╛╨▓ "(RenderSettingsLayer *)"
  
C:\Users\KusokMedi\Documents\GitHub\BetterShowcase\src\ui\render_settings_layer.cpp(303,34): error C2664: "void CCTextInputNode::setDelegate(TextInputDelegate *)": ╨╜╨╡╨▓╨╛╨╖╨╝╨╛╨╢╨╜╨╛ ╨┐╤А╨╡╨╛╨▒╤А╨░╨╖╨╛╨▓╨░╤В╤М ╨░╤А╨│╤Г╨╝╨╡╨╜╤В 1 ╨╕╨╖ "RenderSettingsLayer *" ╨▓ "TextInputDelegate *" [C:\Users\KusokMedi\Documents\GitHub\BetterShowcase\build\xdBot2.vcxproj]
  (╨║╨╛╨╝╨┐╨╕╨╗╤П╤Ж╨╕╤П ╨╕╤Б╤Е╨╛╨┤╨╜╨╛╨│╨╛ ╤Д╨░╨╣╨╗╨░ "../src/ui/render_settings_layer.cpp")
      C:\Users\KusokMedi\Documents\GitHub\BetterShowcase\src\ui\render_settings_layer.cpp(303,46):
      ╨в╨╕╨┐╤Л, ╨╜╨░ ╨║╨╛╤В╨╛╤А╤Л╨╡ ╤Г╨║╨░╨╖╤Л╨▓╨░╤О╤В ╤Г╨║╨░╨╖╨░╤В╨╡╨╗╨╕, ╨╜╨╡ ╤Б╨▓╤П╨╖╨░╨╜╤Л; ╨┤╨╗╤П ╨┐╤А╨╡╨╛╨▒╤А╨░╨╖╨╛╨▓╨░╨╜╨╕╤П ╤В╤А╨╡╨▒╤Г╨╡╤В╤Б╤П reinterpret_cast, ╨┐╤А╨╕╨▓╨╡╨┤╨╡╨╜╨╕╨╡ ╨▓ ╤Б╤В╨╕╨╗╨╡ ╨б ╨╕╨╗╨╕ ╨┐╤А╨╕╨▓╨╡╨┤╨╡╨╜╨╕╨╡ ╨▓ ╤Б╤В╨╕╨╗╨╡ ╤Д╤Г╨╜╨║╤Ж╨╕╨╕ ╨▓ ╨║╤А╤Г╨│╨╗╤Л╤Е ╤Б╨║╨╛╨▒╨║╨░╤Е
      C:\Users\KusokMedi\Documents\GitHub\BetterShowcase\build\bindings\bindings\Geode\binding\CCTextInputNode.hpp(249,10):
       ╤Б╨╝. ╨╛╨▒╤К╤П╨▓╨╗╨╡╨╜╨╕╨╡ "CCTextInputNode::setDelegate"
      C:\Users\KusokMedi\Documents\GitHub\BetterShowcase\src\ui\render_settings_layer.cpp(303,34):
      ╨┐╤А╨╕ ╨┐╨╛╨┐╤Л╤В╨║╨╡ ╤Б╨╛╨┐╨╛╤Б╤В╨░╨▓╨╕╤В╤М ╤Б╨┐╨╕╤Б╨╛╨║ ╨░╤А╨│╤Г╨╝╨╡╨╜╤В╨╛╨▓ "(RenderSettingsLayer *)"
  
C:\Users\KusokMedi\Documents\GitHub\BetterShowcase\src\ui\render_settings_layer.cpp(345,37): error C2664: "void CCTextInputNode::setDelegate(TextInputDelegate *)": ╨╜╨╡╨▓╨╛╨╖╨╝╨╛╨╢╨╜╨╛ ╨┐╤А╨╡╨╛╨▒╤А╨░╨╖╨╛╨▓╨░╤В╤М ╨░╤А╨│╤Г╨╝╨╡╨╜╤В 1 ╨╕╨╖ "RenderSettingsLayer *" ╨▓ "TextInputDelegate *" [C:\Users\KusokMedi\Documents\GitHub\BetterShowcase\build\xdBot2.vcxproj]
  (╨║╨╛╨╝╨┐╨╕╨╗╤П╤Ж╨╕╤П ╨╕╤Б╤Е╨╛╨┤╨╜╨╛╨│╨╛ ╤Д╨░╨╣╨╗╨░ "../src/ui/render_settings_layer.cpp")
      C:\Users\KusokMedi\Documents\GitHub\BetterShowcase\src\ui\render_settings_layer.cpp(345,49):
      ╨в╨╕╨┐╤Л, ╨╜╨░ ╨║╨╛╤В╨╛╤А╤Л╨╡ ╤Г╨║╨░╨╖╤Л╨▓╨░╤О╤В ╤Г╨║╨░╨╖╨░╤В╨╡╨╗╨╕, ╨╜╨╡ ╤Б╨▓╤П╨╖╨░╨╜╤Л; ╨┤╨╗╤П ╨┐╤А╨╡╨╛╨▒╤А╨░╨╖╨╛╨▓╨░╨╜╨╕╤П ╤В╤А╨╡╨▒╤Г╨╡╤В╤Б╤П reinterpret_cast, ╨┐╤А╨╕╨▓╨╡╨┤╨╡╨╜╨╕╨╡ ╨▓ ╤Б╤В╨╕╨╗╨╡ ╨б ╨╕╨╗╨╕ ╨┐╤А╨╕╨▓╨╡╨┤╨╡╨╜╨╕╨╡ ╨▓ ╤Б╤В╨╕╨╗╨╡ ╤Д╤Г╨╜╨║╤Ж╨╕╨╕ ╨▓ ╨║╤А╤Г╨│╨╗╤Л╤Е ╤Б╨║╨╛╨▒╨║╨░╤Е
      C:\Users\KusokMedi\Documents\GitHub\BetterShowcase\build\bindings\bindings\Geode\binding\CCTextInputNode.hpp(249,10):
       ╤Б╨╝. ╨╛╨▒╤К╤П╨▓╨╗╨╡╨╜╨╕╨╡ "CCTextInputNode::setDelegate"
      C:\Users\KusokMedi\Documents\GitHub\BetterShowcase\src\ui\render_settings_layer.cpp(345,37):
      ╨┐╤А╨╕ ╨┐╨╛╨┐╤Л╤В╨║╨╡ ╤Б╨╛╨┐╨╛╤Б╤В╨░╨▓╨╕╤В╤М ╤Б╨┐╨╕╤Б╨╛╨║ ╨░╤А╨│╤Г╨╝╨╡╨╜╤В╨╛╨▓ "(RenderSettingsLayer *)"
  
C:\Users\KusokMedi\Documents\GitHub\BetterShowcase\src\ui\render_settings_layer.cpp(353,35): error C2664: "void CCTextInputNode::setDelegate(TextInputDelegate *)": ╨╜╨╡╨▓╨╛╨╖╨╝╨╛╨╢╨╜╨╛ ╨┐╤А╨╡╨╛╨▒╤А╨░╨╖╨╛╨▓╨░╤В╤М ╨░╤А╨│╤Г╨╝╨╡╨╜╤В 1 ╨╕╨╖ "RenderSettingsLayer *" ╨▓ "TextInputDelegate *" [C:\Users\KusokMedi\Documents\GitHub\BetterShowcase\build\xdBot2.vcxproj]
  (╨║╨╛╨╝╨┐╨╕╨╗╤П╤Ж╨╕╤П ╨╕╤Б╤Е╨╛╨┤╨╜╨╛╨│╨╛ ╤Д╨░╨╣╨╗╨░ "../src/ui/render_settings_layer.cpp")
      C:\Users\KusokMedi\Documents\GitHub\BetterShowcase\src\ui\render_settings_layer.cpp(353,47):
      ╨в╨╕╨┐╤Л, ╨╜╨░ ╨║╨╛╤В╨╛╤А╤Л╨╡ ╤Г╨║╨░╨╖╤Л╨▓╨░╤О╤В ╤Г╨║╨░╨╖╨░╤В╨╡╨╗╨╕, ╨╜╨╡ ╤Б╨▓╤П╨╖╨░╨╜╤Л; ╨┤╨╗╤П ╨┐╤А╨╡╨╛╨▒╤А╨░╨╖╨╛╨▓╨░╨╜╨╕╤П ╤В╤А╨╡╨▒╤Г╨╡╤В╤Б╤П reinterpret_cast, ╨┐╤А╨╕╨▓╨╡╨┤╨╡╨╜╨╕╨╡ ╨▓ ╤Б╤В╨╕╨╗╨╡ ╨б ╨╕╨╗╨╕ ╨┐╤А╨╕╨▓╨╡╨┤╨╡╨╜╨╕╨╡ ╨▓ ╤Б╤В╨╕╨╗╨╡ ╤Д╤Г╨╜╨║╤Ж╨╕╨╕ ╨▓ ╨║╤А╤Г╨│╨╗╤Л╤Е ╤Б╨║╨╛╨▒╨║╨░╤Е
      C:\Users\KusokMedi\Documents\GitHub\BetterShowcase\build\bindings\bindings\Geode\binding\CCTextInputNode.hpp(249,10):
       ╤Б╨╝. ╨╛╨▒╤К╤П╨▓╨╗╨╡╨╜╨╕╨╡ "CCTextInputNode::setDelegate"
      C:\Users\KusokMedi\Documents\GitHub\BetterShowcase\src\ui\render_settings_layer.cpp(353,35):
      ╨┐╤А╨╕ ╨┐╨╛╨┐╤Л╤В╨║╨╡ ╤Б╨╛╨┐╨╛╤Б╤В╨░╨▓╨╕╤В╤М ╤Б╨┐╨╕╤Б╨╛╨║ ╨░╤А╨│╤Г╨╝╨╡╨╜╤В╨╛╨▓ "(RenderSettingsLayer *)"
  
C:\Users\KusokMedi\Documents\GitHub\BetterShowcase\src\ui\render_settings_layer.cpp(470,20): error C2039: "m_placeholderLabel": ╨╜╨╡ ╤П╨▓╨╗╤П╨╡╤В╤Б╤П ╤З╨╗╨╡╨╜╨╛╨╝ "CCTextInputNode". [C:\Users\KusokMedi\Documents\GitHub\BetterShowcase\build\xdBot2.vcxproj]
  (╨║╨╛╨╝╨┐╨╕╨╗╤П╤Ж╨╕╤П ╨╕╤Б╤Е╨╛╨┤╨╜╨╛╨│╨╛ ╤Д╨░╨╣╨╗╨░ "../src/ui/render_settings_layer.cpp")
      C:\Users\KusokMedi\Documents\GitHub\BetterShowcase\build\bindings\bindings\Geode\binding\CCTextInputNode.hpp(12,7):
       ╤Б╨╝. ╨╛╨▒╤К╤П╨▓╨╗╨╡╨╜╨╕╨╡ "CCTextInputNode"
  
C:\Users\KusokMedi\Documents\GitHub\BetterShowcase\src\ui\render_settings_layer.cpp(471,25): error C2039: "m_placeholderLabel": ╨╜╨╡ ╤П╨▓╨╗╤П╨╡╤В╤Б╤П ╤З╨╗╨╡╨╜╨╛╨╝ "CCTextInputNode". [C:\Users\KusokMedi\Documents\GitHub\BetterShowcase\build\xdBot2.vcxproj]
  (╨║╨╛╨╝╨┐╨╕╨╗╤П╤Ж╨╕╤П ╨╕╤Б╤Е╨╛╨┤╨╜╨╛╨│╨╛ ╤Д╨░╨╣╨╗╨░ "../src/ui/render_settings_layer.cpp")
      C:\Users\KusokMedi\Documents\GitHub\BetterShowcase\build\bindings\bindings\Geode\binding\CCTextInputNode.hpp(12,7):
       ╤Б╨╝. ╨╛╨▒╤К╤П╨▓╨╗╨╡╨╜╨╕╨╡ "CCTextInputNode"
  
C:\Users\KusokMedi\Documents\GitHub\BetterShowcase\src\ui\render_settings_layer.cpp(477,41): error C2039: "m_placeholderLabel": ╨╜╨╡ ╤П╨▓╨╗╤П╨╡╤В╤Б╤П ╤З╨╗╨╡╨╜╨╛╨╝ "CCTextInputNode". [C:\Users\KusokMedi\Documents\GitHub\BetterShowcase\build\xdBot2.vcxproj]
  (╨║╨╛╨╝╨┐╨╕╨╗╤П╤Ж╨╕╤П ╨╕╤Б╤Е╨╛╨┤╨╜╨╛╨│╨╛ ╤Д╨░╨╣╨╗╨░ "../src/ui/render_settings_layer.cpp")
      C:\Users\KusokMedi\Documents\GitHub\BetterShowcase\build\bindings\bindings\Geode\binding\CCTextInputNode.hpp(12,7):
       ╤Б╨╝. ╨╛╨▒╤К╤П╨▓╨╗╨╡╨╜╨╕╨╡ "CCTextInputNode"
  
C:\Users\KusokMedi\Documents\GitHub\BetterShowcase\src\ui\render_settings_layer.cpp(481,39): error C2039: "m_placeholderLabel": ╨╜╨╡ ╤П╨▓╨╗╤П╨╡╤В╤Б╤П ╤З╨╗╨╡╨╜╨╛╨╝ "CCTextInputNode". [C:\Users\KusokMedi\Documents\GitHub\BetterShowcase\build\xdBot2.vcxproj]
  (╨║╨╛╨╝╨┐╨╕╨╗╤П╤Ж╨╕╤П ╨╕╤Б╤Е╨╛╨┤╨╜╨╛╨│╨╛ ╤Д╨░╨╣╨╗╨░ "../src/ui/render_settings_layer.cpp")
      C:\Users\KusokMedi\Documents\GitHub\BetterShowcase\build\bindings\bindings\Geode\binding\CCTextInputNode.hpp(12,7):
       ╤Б╨╝. ╨╛╨▒╤К╤П╨▓╨╗╨╡╨╜╨╕╨╡ "CCTextInputNode"
  
C:\Users\KusokMedi\Documents\GitHub\BetterShowcase\src\ui\render_settings_layer.cpp(485,38): error C2039: "m_placeholderLabel": ╨╜╨╡ ╤П╨▓╨╗╤П╨╡╤В╤Б╤П ╤З╨╗╨╡╨╜╨╛╨╝ "CCTextInputNode". [C:\Users\KusokMedi\Documents\GitHub\BetterShowcase\build\xdBot2.vcxproj]
  (╨║╨╛╨╝╨┐╨╕╨╗╤П╤Ж╨╕╤П ╨╕╤Б╤Е╨╛╨┤╨╜╨╛╨│╨╛ ╤Д╨░╨╣╨╗╨░ "../src/ui/render_settings_layer.cpp")
      C:\Users\KusokMedi\Documents\GitHub\BetterShowcase\build\bindings\bindings\Geode\binding\CCTextInputNode.hpp(12,7):
       ╤Б╨╝. ╨╛╨▒╤К╤П╨▓╨╗╨╡╨╜╨╕╨╡ "CCTextInputNode"
  
  ╨б╨╛╨╖╨┤╨░╨╜╨╕╨╡ ╨║╨╛╨┤╨░...
  ╨Ъ╨╛╨╝╨┐╨╕╨╗╤П╤Ж╨╕╤П...
  load_macro_layer.cpp
C:\Users\KusokMedi\Documents\GitHub\BetterShowcase\src\renderer\ffmpeg\events.hpp(11,47): error C2955: "geode::Event": ╨┤╨╗╤П ╨╕╤Б╨┐╨╛╨╗╤М╨╖╨╛╨▓╨░╨╜╨╕╤П ╨║╨╗╨░╤Б╤Б ╤И╨░╨▒╨╗╨╛╨╜ ╤В╤А╨╡╨▒╤Г╨╡╤В╤Б╤П ╤Б╨┐╨╕╤Б╨╛╨║ ╨░╤А╨│╤Г╨╝╨╡╨╜╤В╨╛╨▓ ╤И╨░╨▒╨╗╨╛╨╜ [C:\Users\KusokMedi\Documents\GitHub\BetterShowcase\build\xdBot2.vcxproj]
  (╨║╨╛╨╝╨┐╨╕╨╗╤П╤Ж╨╕╤П ╨╕╤Б╤Е╨╛╨┤╨╜╨╛╨│╨╛ ╤Д╨░╨╣╨╗╨░ "../src/ui/load_macro_layer.cpp")
      C:\Users\KusokMedi\Documents\Geode\loader\include\Geode\loader\Event.hpp(960,12):
       ╤Б╨╝. ╨╛╨▒╤К╤П╨▓╨╗╨╡╨╜╨╕╨╡ "geode::Event"
  
C:\Users\KusokMedi\Documents\GitHub\BetterShowcase\src\renderer\ffmpeg\events.hpp(20,47): error C2955: "geode::Event": ╨┤╨╗╤П ╨╕╤Б╨┐╨╛╨╗╤М╨╖╨╛╨▓╨░╨╜╨╕╤П ╨║╨╗╨░╤Б╤Б ╤И╨░╨▒╨╗╨╛╨╜ ╤В╤А╨╡╨▒╤Г╨╡╤В╤Б╤П ╤Б╨┐╨╕╤Б╨╛╨║ ╨░╤А╨│╤Г╨╝╨╡╨╜╤В╨╛╨▓ ╤И╨░╨▒╨╗╨╛╨╜ [C:\Users\KusokMedi\Documents\GitHub\BetterShowcase\build\xdBot2.vcxproj]
  (╨║╨╛╨╝╨┐╨╕╨╗╤П╤Ж╨╕╤П ╨╕╤Б╤Е╨╛╨┤╨╜╨╛╨│╨╛ ╤Д╨░╨╣╨╗╨░ "../src/ui/load_macro_layer.cpp")
      C:\Users\KusokMedi\Documents\Geode\loader\include\Geode\loader\Event.hpp(960,12):
       ╤Б╨╝. ╨╛╨▒╤К╤П╨▓╨╗╨╡╨╜╨╕╨╡ "geode::Event"
  
C:\Users\KusokMedi\Documents\GitHub\BetterShowcase\src\renderer\ffmpeg\events.hpp(28,45): error C2955: "geode::Event": ╨┤╨╗╤П ╨╕╤Б╨┐╨╛╨╗╤М╨╖╨╛╨▓╨░╨╜╨╕╤П ╨║╨╗╨░╤Б╤Б ╤И╨░╨▒╨╗╨╛╨╜ ╤В╤А╨╡╨▒╤Г╨╡╤В╤Б╤П ╤Б╨┐╨╕╤Б╨╛╨║ ╨░╤А╨│╤Г╨╝╨╡╨╜╤В╨╛╨▓ ╤И╨░╨▒╨╗╨╛╨╜ [C:\Users\KusokMedi\Documents\GitHub\BetterShowcase\build\xdBot2.vcxproj]
  (╨║╨╛╨╝╨┐╨╕╨╗╤П╤Ж╨╕╤П ╨╕╤Б╤Е╨╛╨┤╨╜╨╛╨│╨╛ ╤Д╨░╨╣╨╗╨░ "../src/ui/load_macro_layer.cpp")
      C:\Users\KusokMedi\Documents\Geode\loader\include\Geode\loader\Event.hpp(960,12):
       ╤Б╨╝. ╨╛╨▒╤К╤П╨▓╨╗╨╡╨╜╨╕╨╡ "geode::Event"
  
C:\Users\KusokMedi\Documents\GitHub\BetterShowcase\src\renderer\ffmpeg\events.hpp(48,45): error C2955: "geode::Event": ╨┤╨╗╤П ╨╕╤Б╨┐╨╛╨╗╤М╨╖╨╛╨▓╨░╨╜╨╕╤П ╨║╨╗╨░╤Б╤Б ╤И╨░╨▒╨╗╨╛╨╜ ╤В╤А╨╡╨▒╤Г╨╡╤В╤Б╤П ╤Б╨┐╨╕╤Б╨╛╨║ ╨░╤А╨│╤Г╨╝╨╡╨╜╤В╨╛╨▓ ╤И╨░╨▒╨╗╨╛╨╜ [C:\Users\KusokMedi\Documents\GitHub\BetterShowcase\build\xdBot2.vcxproj]
  (╨║╨╛╨╝╨┐╨╕╨╗╤П╤Ж╨╕╤П ╨╕╤Б╤Е╨╛╨┤╨╜╨╛╨│╨╛ ╤Д╨░╨╣╨╗╨░ "../src/ui/load_macro_layer.cpp")
      C:\Users\KusokMedi\Documents\Geode\loader\include\Geode\loader\Event.hpp(960,12):
       ╤Б╨╝. ╨╛╨▒╤К╤П╨▓╨╗╨╡╨╜╨╕╨╡ "geode::Event"
  
C:\Users\KusokMedi\Documents\GitHub\BetterShowcase\src\renderer\ffmpeg\events.hpp(58,54): error C2955: "geode::Event": ╨┤╨╗╤П ╨╕╤Б╨┐╨╛╨╗╤М╨╖╨╛╨▓╨░╨╜╨╕╤П ╨║╨╗╨░╤Б╤Б ╤И╨░╨▒╨╗╨╛╨╜ ╤В╤А╨╡╨▒╤Г╨╡╤В╤Б╤П ╤Б╨┐╨╕╤Б╨╛╨║ ╨░╤А╨│╤Г╨╝╨╡╨╜╤В╨╛╨▓ ╤И╨░╨▒╨╗╨╛╨╜ [C:\Users\KusokMedi\Documents\GitHub\BetterShowcase\build\xdBot2.vcxproj]
  (╨║╨╛╨╝╨┐╨╕╨╗╤П╤Ж╨╕╤П ╨╕╤Б╤Е╨╛╨┤╨╜╨╛╨│╨╛ ╤Д╨░╨╣╨╗╨░ "../src/ui/load_macro_layer.cpp")
      C:\Users\KusokMedi\Documents\Geode\loader\include\Geode\loader\Event.hpp(960,12):
       ╤Б╨╝. ╨╛╨▒╤К╤П╨▓╨╗╨╡╨╜╨╕╨╡ "geode::Event"
  
C:\Users\KusokMedi\Documents\GitHub\BetterShowcase\src\renderer\ffmpeg\events.hpp(69,46): error C2955: "geode::Event": ╨┤╨╗╤П ╨╕╤Б╨┐╨╛╨╗╤М╨╖╨╛╨▓╨░╨╜╨╕╤П ╨║╨╗╨░╤Б╤Б ╤И╨░╨▒╨╗╨╛╨╜ ╤В╤А╨╡╨▒╤Г╨╡╤В╤Б╤П ╤Б╨┐╨╕╤Б╨╛╨║ ╨░╤А╨│╤Г╨╝╨╡╨╜╤В╨╛╨▓ ╤И╨░╨▒╨╗╨╛╨╜ [C:\Users\KusokMedi\Documents\GitHub\BetterShowcase\build\xdBot2.vcxproj]
  (╨║╨╛╨╝╨┐╨╕╨╗╤П╤Ж╨╕╤П ╨╕╤Б╤Е╨╛╨┤╨╜╨╛╨│╨╛ ╤Д╨░╨╣╨╗╨░ "../src/ui/load_macro_layer.cpp")
      C:\Users\KusokMedi\Documents\Geode\loader\include\Geode\loader\Event.hpp(960,12):
       ╤Б╨╝. ╨╛╨▒╤К╤П╨▓╨╗╨╡╨╜╨╕╨╡ "geode::Event"
  
C:\Users\KusokMedi\Documents\GitHub\BetterShowcase\src\renderer\ffmpeg\events.hpp(79,46): error C2955: "geode::Event": ╨┤╨╗╤П ╨╕╤Б╨┐╨╛╨╗╤М╨╖╨╛╨▓╨░╨╜╨╕╤П ╨║╨╗╨░╤Б╤Б ╤И╨░╨▒╨╗╨╛╨╜ ╤В╤А╨╡╨▒╤Г╨╡╤В╤Б╤П ╤Б╨┐╨╕╤Б╨╛╨║ ╨░╤А╨│╤Г╨╝╨╡╨╜╤В╨╛╨▓ ╤И╨░╨▒╨╗╨╛╨╜ [C:\Users\KusokMedi\Documents\GitHub\BetterShowcase\build\xdBot2.vcxproj]
  (╨║╨╛╨╝╨┐╨╕╨╗╤П╤Ж╨╕╤П ╨╕╤Б╤Е╨╛╨┤╨╜╨╛╨│╨╛ ╤Д╨░╨╣╨╗╨░ "../src/ui/load_macro_layer.cpp")
      C:\Users\KusokMedi\Documents\Geode\loader\include\Geode\loader\Event.hpp(960,12):
       ╤Б╨╝. ╨╛╨▒╤К╤П╨▓╨╗╨╡╨╜╨╕╨╡ "geode::Event"
  
C:\Users\KusokMedi\Documents\GitHub\BetterShowcase\src\renderer\ffmpeg\events.hpp(101,44): error C2955: "geode::Event": ╨┤╨╗╤П ╨╕╤Б╨┐╨╛╨╗╤М╨╖╨╛╨▓╨░╨╜╨╕╤П ╨║╨╗╨░╤Б╤Б ╤И╨░╨▒╨╗╨╛╨╜ ╤В╤А╨╡╨▒╤Г╨╡╤В╤Б╤П ╤Б╨┐╨╕╤Б╨╛╨║ ╨░╤А╨│╤Г╨╝╨╡╨╜╤В╨╛╨▓ ╤И╨░╨▒╨╗╨╛╨╜ [C:\Users\KusokMedi\Documents\GitHub\BetterShowcase\build\xdBot2.vcxproj]
  (╨║╨╛╨╝╨┐╨╕╨╗╤П╤Ж╨╕╤П ╨╕╤Б╤Е╨╛╨┤╨╜╨╛╨│╨╛ ╤Д╨░╨╣╨╗╨░ "../src/ui/load_macro_layer.cpp")
      C:\Users\KusokMedi\Documents\Geode\loader\include\Geode\loader\Event.hpp(960,12):
       ╤Б╨╝. ╨╛╨▒╤К╤П╨▓╨╗╨╡╨╜╨╕╨╡ "geode::Event"
  
C:\Users\KusokMedi\Documents\GitHub\BetterShowcase\src\renderer\ffmpeg\events.hpp(129,21): error C2039: "post": ╨╜╨╡ ╤П╨▓╨╗╤П╨╡╤В╤Б╤П ╤З╨╗╨╡╨╜╨╛╨╝ "ffmpeg::events::impl::CreateRecorderEvent". [C:\Users\KusokMedi\Documents\GitHub\BetterShowcase\build\xdBot2.vcxproj]
  (╨║╨╛╨╝╨┐╨╕╨╗╤П╤Ж╨╕╤П ╨╕╤Б╤Е╨╛╨┤╨╜╨╛╨│╨╛ ╤Д╨░╨╣╨╗╨░ "../src/ui/load_macro_layer.cpp")
      C:\Users\KusokMedi\Documents\GitHub\BetterShowcase\src\renderer\ffmpeg\events.hpp(11,11):
       ╤Б╨╝. ╨╛╨▒╤К╤П╨▓╨╗╨╡╨╜╨╕╨╡ "ffmpeg::events::impl::CreateRecorderEvent"
  
C:\Users\KusokMedi\Documents\GitHub\BetterShowcase\src\renderer\ffmpeg\events.hpp(135,21): error C2039: "post": ╨╜╨╡ ╤П╨▓╨╗╤П╨╡╤В╤Б╤П ╤З╨╗╨╡╨╜╨╛╨╝ "ffmpeg::events::impl::DeleteRecorderEvent". [C:\Users\KusokMedi\Documents\GitHub\BetterShowcase\build\xdBot2.vcxproj]
  (╨║╨╛╨╝╨┐╨╕╨╗╤П╤Ж╨╕╤П ╨╕╤Б╤Е╨╛╨┤╨╜╨╛╨│╨╛ ╤Д╨░╨╣╨╗╨░ "../src/ui/load_macro_layer.cpp")
      C:\Users\KusokMedi\Documents\GitHub\BetterShowcase\src\renderer\ffmpeg\events.hpp(20,11):
       ╤Б╨╝. ╨╛╨▒╤К╤П╨▓╨╗╨╡╨╜╨╕╨╡ "ffmpeg::events::impl::DeleteRecorderEvent"
  
C:\Users\KusokMedi\Documents\GitHub\BetterShowcase\src\renderer\ffmpeg\events.hpp(153,19): error C2039: "post": ╨╜╨╡ ╤П╨▓╨╗╤П╨╡╤В╤Б╤П ╤З╨╗╨╡╨╜╨╛╨╝ "ffmpeg::events::impl::InitRecorderEvent". [C:\Users\KusokMedi\Documents\GitHub\BetterShowcase\build\xdBot2.vcxproj]
  (╨║╨╛╨╝╨┐╨╕╨╗╤П╤Ж╨╕╤П ╨╕╤Б╤Е╨╛╨┤╨╜╨╛╨│╨╛ ╤Д╨░╨╣╨╗╨░ "../src/ui/load_macro_layer.cpp")
      C:\Users\KusokMedi\Documents\GitHub\BetterShowcase\src\renderer\ffmpeg\events.hpp(28,11):
       ╤Б╨╝. ╨╛╨▒╤К╤П╨▓╨╗╨╡╨╜╨╕╨╡ "ffmpeg::events::impl::InitRecorderEvent"
  
C:\Users\KusokMedi\Documents\GitHub\BetterShowcase\src\renderer\ffmpeg\events.hpp(163,40): error C2039: "post": ╨╜╨╡ ╤П╨▓╨╗╤П╨╡╤В╤Б╤П ╤З╨╗╨╡╨╜╨╛╨╝ "ffmpeg::events::impl::StopRecorderEvent". [C:\Users\KusokMedi\Documents\GitHub\BetterShowcase\build\xdBot2.vcxproj]
  (╨║╨╛╨╝╨┐╨╕╨╗╤П╤Ж╨╕╤П ╨╕╤Б╤Е╨╛╨┤╨╜╨╛╨│╨╛ ╤Д╨░╨╣╨╗╨░ "../src/ui/load_macro_layer.cpp")
      C:\Users\KusokMedi\Documents\GitHub\BetterShowcase\src\renderer\ffmpeg\events.hpp(48,11):
       ╤Б╨╝. ╨╛╨▒╤К╤П╨▓╨╗╨╡╨╜╨╕╨╡ "ffmpeg::events::impl::StopRecorderEvent"
  
C:\Users\KusokMedi\Documents\GitHub\BetterShowcase\src\renderer\ffmpeg\events.hpp(182,19): error C2039: "post": ╨╜╨╡ ╤П╨▓╨╗╤П╨╡╤В╤Б╤П ╤З╨╗╨╡╨╜╨╛╨╝ "ffmpeg::events::impl::GetWriteFrameFunctionEvent". [C:\Users\KusokMedi\Documents\GitHub\BetterShowcase\build\xdBot2.vcxproj]
  (╨║╨╛╨╝╨┐╨╕╨╗╤П╤Ж╨╕╤П ╨╕╤Б╤Е╨╛╨┤╨╜╨╛╨│╨╛ ╤Д╨░╨╣╨╗╨░ "../src/ui/load_macro_layer.cpp")
      C:\Users\KusokMedi\Documents\GitHub\BetterShowcase\src\renderer\ffmpeg\events.hpp(58,11):
       ╤Б╨╝. ╨╛╨▒╤К╤П╨▓╨╗╨╡╨╜╨╕╨╡ "ffmpeg::events::impl::GetWriteFrameFunctionEvent"
  
C:\Users\KusokMedi\Documents\GitHub\BetterShowcase\src\renderer\ffmpeg\events.hpp(199,20): error C2039: "post": ╨╜╨╡ ╤П╨▓╨╗╤П╨╡╤В╤Б╤П ╤З╨╗╨╡╨╜╨╛╨╝ "ffmpeg::events::impl::CodecRecorderEvent". [C:\Users\KusokMedi\Documents\GitHub\BetterShowcase\build\xdBot2.vcxproj]
  (╨║╨╛╨╝╨┐╨╕╨╗╤П╤Ж╨╕╤П ╨╕╤Б╤Е╨╛╨┤╨╜╨╛╨│╨╛ ╤Д╨░╨╣╨╗╨░ "../src/ui/load_macro_layer.cpp")
      C:\Users\KusokMedi\Documents\GitHub\BetterShowcase\src\renderer\ffmpeg\events.hpp(69,11):
       ╤Б╨╝. ╨╛╨▒╤К╤П╨▓╨╗╨╡╨╜╨╕╨╡ "ffmpeg::events::impl::CodecRecorderEvent"
  
C:\Users\KusokMedi\Documents\GitHub\BetterShowcase\src\renderer\ffmpeg\events.hpp(225,18): error C2039: "post": ╨╜╨╡ ╤П╨▓╨╗╤П╨╡╤В╤Б╤П ╤З╨╗╨╡╨╜╨╛╨╝ "ffmpeg::events::impl::MixVideoAudioEvent". [C:\Users\KusokMedi\Documents\GitHub\BetterShowcase\build\xdBot2.vcxproj]
  (╨║╨╛╨╝╨┐╨╕╨╗╤П╤Ж╨╕╤П ╨╕╤Б╤Е╨╛╨┤╨╜╨╛╨│╨╛ ╤Д╨░╨╣╨╗╨░ "../src/ui/load_macro_layer.cpp")
      C:\Users\KusokMedi\Documents\GitHub\BetterShowcase\src\renderer\ffmpeg\events.hpp(79,11):
       ╤Б╨╝. ╨╛╨▒╤К╤П╨▓╨╗╨╡╨╜╨╕╨╡ "ffmpeg::events::impl::MixVideoAudioEvent"
  
C:\Users\KusokMedi\Documents\GitHub\BetterShowcase\src\renderer\ffmpeg\events.hpp(244,18): error C2039: "post": ╨╜╨╡ ╤П╨▓╨╗╤П╨╡╤В╤Б╤П ╤З╨╗╨╡╨╜╨╛╨╝ "ffmpeg::events::impl::MixVideoRawEvent". [C:\Users\KusokMedi\Documents\GitHub\BetterShowcase\build\xdBot2.vcxproj]
  (╨║╨╛╨╝╨┐╨╕╨╗╤П╤Ж╨╕╤П ╨╕╤Б╤Е╨╛╨┤╨╜╨╛╨│╨╛ ╤Д╨░╨╣╨╗╨░ "../src/ui/load_macro_layer.cpp")
      C:\Users\KusokMedi\Documents\GitHub\BetterShowcase\src\renderer\ffmpeg\events.hpp(101,11):
       ╤Б╨╝. ╨╛╨▒╤К╤П╨▓╨╗╨╡╨╜╨╕╨╡ "ffmpeg::events::impl::MixVideoRawEvent"
  
C:\Users\KusokMedi\Documents\GitHub\BetterShowcase\src\includes.hpp(82,17): error C2059: ╤Б╨╕╨╜╤В╨░╨║╤Б╨╕╤З╨╡╤Б╨║╨░╤П ╨╛╤И╨╕╨▒╨║╨░: < [C:\Users\KusokMedi\Documents\GitHub\BetterShowcase\build\xdBot2.vcxproj]
  (╨║╨╛╨╝╨┐╨╕╨╗╤П╤Ж╨╕╤П ╨╕╤Б╤Е╨╛╨┤╨╜╨╛╨│╨╛ ╤Д╨░╨╣╨╗╨░ "../src/ui/load_macro_layer.cpp")
  
C:\Users\KusokMedi\Documents\GitHub\BetterShowcase\src\includes.hpp(82,36): error C2238: ╨╜╨╡╨┐╤А╨╡╨┤╨▓╨╕╨┤╨╡╨╜╨╜╤Л╨╡ ╨╗╨╡╨║╤Б╨╡╨╝╤Л ╨┐╨╡╤А╨╡╨┤ ";" [C:\Users\KusokMedi\Documents\GitHub\BetterShowcase\build\xdBot2.vcxproj]
  (╨║╨╛╨╝╨┐╨╕╨╗╤П╤Ж╨╕╤П ╨╕╤Б╤Е╨╛╨┤╨╜╨╛╨│╨╛ ╤Д╨░╨╣╨╗╨░ "../src/ui/load_macro_layer.cpp")
  
C:\Users\KusokMedi\Documents\GitHub\BetterShowcase\src\ui\render_settings_layer.hpp(5,48): error C2143: ╤Б╨╕╨╜╤В╨░╨║╤Б╨╕╤З╨╡╤Б╨║╨░╤П ╨╛╤И╨╕╨▒╨║╨░: ╨╛╤В╤Б╤Г╤В╤Б╤В╨▓╨╕╨╡ "," ╨┐╨╡╤А╨╡╨┤ "<" [C:\Users\KusokMedi\Documents\GitHub\BetterShowcase\build\xdBot2.vcxproj]
  (╨║╨╛╨╝╨┐╨╕╨╗╤П╤Ж╨╕╤П ╨╕╤Б╤Е╨╛╨┤╨╜╨╛╨│╨╛ ╤Д╨░╨╣╨╗╨░ "../src/ui/load_macro_layer.cpp")
  
C:\Users\KusokMedi\Documents\GitHub\BetterShowcase\src\ui\render_settings_layer.hpp(27,7): error C3668: RenderSettingsLayer::setup: ╨╝╨╡╤В╨╛╨┤ ╤Б╨╛ ╤Б╨┐╨╡╤Ж╨╕╤Д╨╕╨║╨░╤В╨╛╤А╨╛╨╝ ╨┐╨╡╤А╨╡╨╛╨┐╤А╨╡╨┤╨╡╨╗╨╡╨╜╨╕╤П "override" ╨╜╨╡ ╨┐╨╡╤А╨╡╨╛╨┐╤А╨╡╨┤╨╡╨╗╤П╨╡╤В ╨║╨░╨║╨╕╨╡-╨╗╨╕╨▒╨╛ ╨╝╨╡╤В╨╛╨┤╤Л ╨▒╨░╨╖╨╛╨▓╨╛╨│╨╛ ╨║╨╗╨░╤Б╤Б╨░ [C:\Users\KusokMedi\Documents\GitHub\BetterShowcase\build\xdBot2.vcxproj]
  (╨║╨╛╨╝╨┐╨╕╨╗╤П╤Ж╨╕╤П ╨╕╤Б╤Е╨╛╨┤╨╜╨╛╨│╨╛ ╤Д╨░╨╣╨╗╨░ "../src/ui/load_macro_layer.cpp")
  
C:\Users\KusokMedi\Documents\GitHub\BetterShowcase\src\ui\render_settings_layer.hpp(41,7): error C3668: RenderSettingsLayer::textChanged: ╨╝╨╡╤В╨╛╨┤ ╤Б╨╛ ╤Б╨┐╨╡╤Ж╨╕╤Д╨╕╨║╨░╤В╨╛╤А╨╛╨╝ ╨┐╨╡╤А╨╡╨╛╨┐╤А╨╡╨┤╨╡╨╗╨╡╨╜╨╕╤П "override" ╨╜╨╡ ╨┐╨╡╤А╨╡╨╛╨┐╤А╨╡╨┤╨╡╨╗╤П╨╡╤В ╨║╨░╨║╨╕╨╡-╨╗╨╕╨▒╨╛ ╨╝╨╡╤В╨╛╨┤╤Л ╨▒╨░╨╖╨╛╨▓╨╛╨│╨╛ ╨║╨╗╨░╤Б╤Б╨░ [C:\Users\KusokMedi\Documents\GitHub\BetterShowcase\build\xdBot2.vcxproj]
  (╨║╨╛╨╝╨┐╨╕╨╗╤П╤Ж╨╕╤П ╨╕╤Б╤Е╨╛╨┤╨╜╨╛╨│╨╛ ╤Д╨░╨╣╨╗╨░ "../src/ui/load_macro_layer.cpp")
  
C:\Users\KusokMedi\Documents\GitHub\BetterShowcase\src\ui\render_settings_layer.hpp(31,2): error C2039: "initAnchored": ╨╜╨╡ ╤П╨▓╨╗╤П╨╡╤В╤Б╤П ╤З╨╗╨╡╨╜╨╛╨╝ "RenderSettingsLayer". [C:\Users\KusokMedi\Documents\GitHub\BetterShowcase\build\xdBot2.vcxproj]
  (╨║╨╛╨╝╨┐╨╕╨╗╤П╤Ж╨╕╤П ╨╕╤Б╤Е╨╛╨┤╨╜╨╛╨│╨╛ ╤Д╨░╨╣╨╗╨░ "../src/ui/load_macro_layer.cpp")
      C:\Users\KusokMedi\Documents\GitHub\BetterShowcase\src\ui\render_settings_layer.hpp(5,7):
       ╤Б╨╝. ╨╛╨▒╤К╤П╨▓╨╗╨╡╨╜╨╕╨╡ "RenderSettingsLayer"
  
C:\Users\KusokMedi\Documents\GitHub\BetterShowcase\src\ui\save_macro_layer.hpp(4,43): error C2143: ╤Б╨╕╨╜╤В╨░╨║╤Б╨╕╤З╨╡╤Б╨║╨░╤П ╨╛╤И╨╕╨▒╨║╨░: ╨╛╤В╤Б╤Г╤В╤Б╤В╨▓╨╕╨╡ "," ╨┐╨╡╤А╨╡╨┤ "<" [C:\Users\KusokMedi\Documents\GitHub\BetterShowcase\build\xdBot2.vcxproj]
  (╨║╨╛╨╝╨┐╨╕╨╗╤П╤Ж╨╕╤П ╨╕╤Б╤Е╨╛╨┤╨╜╨╛╨│╨╛ ╤Д╨░╨╣╨╗╨░ "../src/ui/load_macro_layer.cpp")
  
C:\Users\KusokMedi\Documents\GitHub\BetterShowcase\src\ui\save_macro_layer.hpp(14,10): error C3668: SaveMacroLayer::setup: ╨╝╨╡╤В╨╛╨┤ ╤Б╨╛ ╤Б╨┐╨╡╤Ж╨╕╤Д╨╕╨║╨░╤В╨╛╤А╨╛╨╝ ╨┐╨╡╤А╨╡╨╛╨┐╤А╨╡╨┤╨╡╨╗╨╡╨╜╨╕╤П "override" ╨╜╨╡ ╨┐╨╡╤А╨╡╨╛╨┐╤А╨╡╨┤╨╡╨╗╤П╨╡╤В ╨║╨░╨║╨╕╨╡-╨╗╨╕╨▒╨╛ ╨╝╨╡╤В╨╛╨┤╤Л ╨▒╨░╨╖╨╛╨▓╨╛╨│╨╛ ╨║╨╗╨░╤Б╤Б╨░ [C:\Users\KusokMedi\Documents\GitHub\BetterShowcase\build\xdBot2.vcxproj]
  (╨║╨╛╨╝╨┐╨╕╨╗╤П╤Ж╨╕╤П ╨╕╤Б╤Е╨╛╨┤╨╜╨╛╨│╨╛ ╤Д╨░╨╣╨╗╨░ "../src/ui/load_macro_layer.cpp")
  
C:\Users\KusokMedi\Documents\GitHub\BetterShowcase\src\ui\save_macro_layer.hpp(15,16): error C2664: "void Utils::setBackgroundColor(cocos2d::extension::CCScale9Sprite *)": ╨╜╨╡╨▓╨╛╨╖╨╝╨╛╨╢╨╜╨╛ ╨┐╤А╨╡╨╛╨▒╤А╨░╨╖╨╛╨▓╨░╤В╤М ╨░╤А╨│╤Г╨╝╨╡╨╜╤В 1 ╨╕╨╖ "geode::NineSlice *" ╨▓ "cocos2d::extension::CCScale9Sprite *" [C:\Users\KusokMedi\Documents\GitHub\BetterShowcase\build\xdBot2.vcxproj]
  (╨║╨╛╨╝╨┐╨╕╨╗╤П╤Ж╨╕╤П ╨╕╤Б╤Е╨╛╨┤╨╜╨╛╨│╨╛ ╤Д╨░╨╣╨╗╨░ "../src/ui/load_macro_layer.cpp")
      C:\Users\KusokMedi\Documents\GitHub\BetterShowcase\src\ui\save_macro_layer.hpp(15,35):
      ╨в╨╕╨┐╤Л, ╨╜╨░ ╨║╨╛╤В╨╛╤А╤Л╨╡ ╤Г╨║╨░╨╖╤Л╨▓╨░╤О╤В ╤Г╨║╨░╨╖╨░╤В╨╡╨╗╨╕, ╨╜╨╡ ╤Б╨▓╤П╨╖╨░╨╜╤Л; ╨┤╨╗╤П ╨┐╤А╨╡╨╛╨▒╤А╨░╨╖╨╛╨▓╨░╨╜╨╕╤П ╤В╤А╨╡╨▒╤Г╨╡╤В╤Б╤П reinterpret_cast, ╨┐╤А╨╕╨▓╨╡╨┤╨╡╨╜╨╕╨╡ ╨▓ ╤Б╤В╨╕╨╗╨╡ ╨б ╨╕╨╗╨╕ ╨┐╤А╨╕╨▓╨╡╨┤╨╡╨╜╨╕╨╡ ╨▓ ╤Б╤В╨╕╨╗╨╡ ╤Д╤Г╨╜╨║╤Ж╨╕╨╕ ╨▓ ╨║╤А╤Г╨│╨╗╤Л╤Е ╤Б╨║╨╛╨▒╨║╨░╤Е
      C:\Users\KusokMedi\Documents\GitHub\BetterShowcase\src\utils\utils.hpp(18,17):
       ╤Б╨╝. ╨╛╨▒╤К╤П╨▓╨╗╨╡╨╜╨╕╨╡ "Utils::setBackgroundColor"
      C:\Users\KusokMedi\Documents\GitHub\BetterShowcase\src\ui\save_macro_layer.hpp(15,16):
      ╨┐╤А╨╕ ╨┐╨╛╨┐╤Л╤В╨║╨╡ ╤Б╨╛╨┐╨╛╤Б╤В╨░╨▓╨╕╤В╤М ╤Б╨┐╨╕╤Б╨╛╨║ ╨░╤А╨│╤Г╨╝╨╡╨╜╤В╨╛╨▓ "(geode::NineSlice *)"
  
C:\Users\KusokMedi\Documents\GitHub\BetterShowcase\src\ui\save_macro_layer.hpp(73,5): error C2039: "initAnchored": ╨╜╨╡ ╤П╨▓╨╗╤П╨╡╤В╤Б╤П ╤З╨╗╨╡╨╜╨╛╨╝ "SaveMacroLayer". [C:\Users\KusokMedi\Documents\GitHub\BetterShowcase\build\xdBot2.vcxproj]
  (╨║╨╛╨╝╨┐╨╕╨╗╤П╤Ж╨╕╤П ╨╕╤Б╤Е╨╛╨┤╨╜╨╛╨│╨╛ ╤Д╨░╨╣╨╗╨░ "../src/ui/load_macro_layer.cpp")
      C:\Users\KusokMedi\Documents\GitHub\BetterShowcase\src\ui\save_macro_layer.hpp(4,7):
       ╤Б╨╝. ╨╛╨▒╤К╤П╨▓╨╗╨╡╨╜╨╕╨╡ "SaveMacroLayer"
  
C:\Users\KusokMedi\Documents\GitHub\BetterShowcase\src\ui\macro_info_layer.hpp(5,43): error C2143: ╤Б╨╕╨╜╤В╨░╨║╤Б╨╕╤З╨╡╤Б╨║╨░╤П ╨╛╤И╨╕╨▒╨║╨░: ╨╛╤В╤Б╤Г╤В╤Б╤В╨▓╨╕╨╡ "," ╨┐╨╡╤А╨╡╨┤ "<" [C:\Users\KusokMedi\Documents\GitHub\BetterShowcase\build\xdBot2.vcxproj]
  (╨║╨╛╨╝╨┐╨╕╨╗╤П╤Ж╨╕╤П ╨╕╤Б╤Е╨╛╨┤╨╜╨╛╨│╨╛ ╤Д╨░╨╣╨╗╨░ "../src/ui/load_macro_layer.cpp")
  
C:\Users\KusokMedi\Documents\GitHub\BetterShowcase\src\ui\macro_info_layer.hpp(21,10): error C3668: MacroInfoLayer::setup: ╨╝╨╡╤В╨╛╨┤ ╤Б╨╛ ╤Б╨┐╨╡╤Ж╨╕╤Д╨╕╨║╨░╤В╨╛╤А╨╛╨╝ ╨┐╨╡╤А╨╡╨╛╨┐╤А╨╡╨┤╨╡╨╗╨╡╨╜╨╕╤П "override" ╨╜╨╡ ╨┐╨╡╤А╨╡╨╛╨┐╤А╨╡╨┤╨╡╨╗╤П╨╡╤В ╨║╨░╨║╨╕╨╡-╨╗╨╕╨▒╨╛ ╨╝╨╡╤В╨╛╨┤╤Л ╨▒╨░╨╖╨╛╨▓╨╛╨│╨╛ ╨║╨╗╨░╤Б╤Б╨░ [C:\Users\KusokMedi\Documents\GitHub\BetterShowcase\build\xdBot2.vcxproj]
  (╨║╨╛╨╝╨┐╨╕╨╗╤П╤Ж╨╕╤П ╨╕╤Б╤Е╨╛╨┤╨╜╨╛╨│╨╛ ╤Д╨░╨╣╨╗╨░ "../src/ui/load_macro_layer.cpp")
  
C:\Users\KusokMedi\Documents\GitHub\BetterShowcase\src\ui\macro_info_layer.hpp(11,18): error C2039: "initAnchored": ╨╜╨╡ ╤П╨▓╨╗╤П╨╡╤В╤Б╤П ╤З╨╗╨╡╨╜╨╛╨╝ "MacroInfoLayer". [C:\Users\KusokMedi\Documents\GitHub\BetterShowcase\build\xdBot2.vcxproj]
  (╨║╨╛╨╝╨┐╨╕╨╗╤П╤Ж╨╕╤П ╨╕╤Б╤Е╨╛╨┤╨╜╨╛╨│╨╛ ╤Д╨░╨╣╨╗╨░ "../src/ui/load_macro_layer.cpp")
      C:\Users\KusokMedi\Documents\GitHub\BetterShowcase\src\ui\macro_info_layer.hpp(5,7):
       ╤Б╨╝. ╨╛╨▒╤К╤П╨▓╨╗╨╡╨╜╨╕╨╡ "MacroInfoLayer"
  
C:\Users\KusokMedi\Documents\GitHub\BetterShowcase\src\ui\record_layer.hpp(34,40): error C2143: ╤Б╨╕╨╜╤В╨░╨║╤Б╨╕╤З╨╡╤Б╨║╨░╤П ╨╛╤И╨╕╨▒╨║╨░: ╨╛╤В╤Б╤Г╤В╤Б╤В╨▓╨╕╨╡ "," ╨┐╨╡╤А╨╡╨┤ "<" [C:\Users\KusokMedi\Documents\GitHub\BetterShowcase\build\xdBot2.vcxproj]
  (╨║╨╛╨╝╨┐╨╕╨╗╤П╤Ж╨╕╤П ╨╕╤Б╤Е╨╛╨┤╨╜╨╛╨│╨╛ ╤Д╨░╨╣╨╗╨░ "../src/ui/load_macro_layer.cpp")
  
C:\Users\KusokMedi\Documents\GitHub\BetterShowcase\src\ui\record_layer.hpp(76,7): error C3668: RecordLayer::setup: ╨╝╨╡╤В╨╛╨┤ ╤Б╨╛ ╤Б╨┐╨╡╤Ж╨╕╤Д╨╕╨║╨░╤В╨╛╤А╨╛╨╝ ╨┐╨╡╤А╨╡╨╛╨┐╤А╨╡╨┤╨╡╨╗╨╡╨╜╨╕╤П "override" ╨╜╨╡ ╨┐╨╡╤А╨╡╨╛╨┐╤А╨╡╨┤╨╡╨╗╤П╨╡╤В ╨║╨░╨║╨╕╨╡-╨╗╨╕╨▒╨╛ ╨╝╨╡╤В╨╛╨┤╤Л ╨▒╨░╨╖╨╛╨▓╨╛╨│╨╛ ╨║╨╗╨░╤Б╤Б╨░ [C:\Users\KusokMedi\Documents\GitHub\BetterShowcase\build\xdBot2.vcxproj]
  (╨║╨╛╨╝╨┐╨╕╨╗╤П╤Ж╨╕╤П ╨╕╤Б╤Е╨╛╨┤╨╜╨╛╨│╨╛ ╤Д╨░╨╣╨╗╨░ "../src/ui/load_macro_layer.cpp")
  
C:\Users\KusokMedi\Documents\GitHub\BetterShowcase\src\ui\record_layer.hpp(91,7): error C3668: RecordLayer::textChanged: ╨╝╨╡╤В╨╛╨┤ ╤Б╨╛ ╤Б╨┐╨╡╤Ж╨╕╤Д╨╕╨║╨░╤В╨╛╤А╨╛╨╝ ╨┐╨╡╤А╨╡╨╛╨┐╤А╨╡╨┤╨╡╨╗╨╡╨╜╨╕╤П "override" ╨╜╨╡ ╨┐╨╡╤А╨╡╨╛╨┐╤А╨╡╨┤╨╡╨╗╤П╨╡╤В ╨║╨░╨║╨╕╨╡-╨╗╨╕╨▒╨╛ ╨╝╨╡╤В╨╛╨┤╤Л ╨▒╨░╨╖╨╛╨▓╨╛╨│╨╛ ╨║╨╗╨░╤Б╤Б╨░ [C:\Users\KusokMedi\Documents\GitHub\BetterShowcase\build\xdBot2.vcxproj]
  (╨║╨╛╨╝╨┐╨╕╨╗╤П╤Ж╨╕╤П ╨╕╤Б╤Е╨╛╨┤╨╜╨╛╨│╨╛ ╤Д╨░╨╣╨╗╨░ "../src/ui/load_macro_layer.cpp")
  
C:\Users\KusokMedi\Documents\GitHub\BetterShowcase\src\ui\record_layer.hpp(80,20): error C2039: "layer": ╨╜╨╡ ╤П╨▓╨╗╤П╨╡╤В╤Б╤П ╤З╨╗╨╡╨╜╨╛╨╝ "Global". [C:\Users\KusokMedi\Documents\GitHub\BetterShowcase\build\xdBot2.vcxproj]
  (╨║╨╛╨╝╨┐╨╕╨╗╤П╤Ж╨╕╤П ╨╕╤Б╤Е╨╛╨┤╨╜╨╛╨│╨╛ ╤Д╨░╨╣╨╗╨░ "../src/ui/load_macro_layer.cpp")
      C:\Users\KusokMedi\Documents\GitHub\BetterShowcase\src\includes.hpp(46,7):
       ╤Б╨╝. ╨╛╨▒╤К╤П╨▓╨╗╨╡╨╜╨╕╨╡ "Global"
  
C:\Users\KusokMedi\Documents\GitHub\BetterShowcase\src\ui\record_layer.hpp(87,2): error C2039: "initAnchored": ╨╜╨╡ ╤П╨▓╨╗╤П╨╡╤В╤Б╤П ╤З╨╗╨╡╨╜╨╛╨╝ "RecordLayer". [C:\Users\KusokMedi\Documents\GitHub\BetterShowcase\build\xdBot2.vcxproj]
  (╨║╨╛╨╝╨┐╨╕╨╗╤П╤Ж╨╕╤П ╨╕╤Б╤Е╨╛╨┤╨╜╨╛╨│╨╛ ╤Д╨░╨╣╨╗╨░ "../src/ui/load_macro_layer.cpp")
      C:\Users\KusokMedi\Documents\GitHub\BetterShowcase\src\ui\record_layer.hpp(34,7):
       ╤Б╨╝. ╨╛╨▒╤К╤П╨▓╨╗╨╡╨╜╨╕╨╡ "RecordLayer"
  
C:\Users\KusokMedi\Documents\GitHub\BetterShowcase\src\ui\load_macro_layer.hpp(14,14): error C2059: ╤Б╨╕╨╜╤В╨░╨║╤Б╨╕╤З╨╡╤Б╨║╨░╤П ╨╛╤И╨╕╨▒╨║╨░: < [C:\Users\KusokMedi\Documents\GitHub\BetterShowcase\build\xdBot2.vcxproj]
  (╨║╨╛╨╝╨┐╨╕╨╗╤П╤Ж╨╕╤П ╨╕╤Б╤Е╨╛╨┤╨╜╨╛╨│╨╛ ╤Д╨░╨╣╨╗╨░ "../src/ui/load_macro_layer.cpp")
  
C:\Users\KusokMedi\Documents\GitHub\BetterShowcase\src\ui\load_macro_layer.hpp(14,37): error C2238: ╨╜╨╡╨┐╤А╨╡╨┤╨▓╨╕╨┤╨╡╨╜╨╜╤Л╨╡ ╨╗╨╡╨║╤Б╨╡╨╝╤Л ╨┐╨╡╤А╨╡╨┤ ";" [C:\Users\KusokMedi\Documents\GitHub\BetterShowcase\build\xdBot2.vcxproj]
  (╨║╨╛╨╝╨┐╨╕╨╗╤П╤Ж╨╕╤П ╨╕╤Б╤Е╨╛╨┤╨╜╨╛╨│╨╛ ╤Д╨░╨╣╨╗╨░ "../src/ui/load_macro_layer.cpp")
  
C:\Users\KusokMedi\Documents\GitHub\BetterShowcase\src\ui\load_macro_layer.hpp(15,14): error C2059: ╤Б╨╕╨╜╤В╨░╨║╤Б╨╕╤З╨╡╤Б╨║╨░╤П ╨╛╤И╨╕╨▒╨║╨░: < [C:\Users\KusokMedi\Documents\GitHub\BetterShowcase\build\xdBot2.vcxproj]
  (╨║╨╛╨╝╨┐╨╕╨╗╤П╤Ж╨╕╤П ╨╕╤Б╤Е╨╛╨┤╨╜╨╛╨│╨╛ ╤Д╨░╨╣╨╗╨░ "../src/ui/load_macro_layer.cpp")
  
C:\Users\KusokMedi\Documents\GitHub\BetterShowcase\src\ui\load_macro_layer.hpp(15,38): error C2238: ╨╜╨╡╨┐╤А╨╡╨┤╨▓╨╕╨┤╨╡╨╜╨╜╤Л╨╡ ╨╗╨╡╨║╤Б╨╡╨╝╤Л ╨┐╨╡╤А╨╡╨┤ ";" [C:\Users\KusokMedi\Documents\GitHub\BetterShowcase\build\xdBot2.vcxproj]
  (╨║╨╛╨╝╨┐╨╕╨╗╤П╤Ж╨╕╤П ╨╕╤Б╤Е╨╛╨┤╨╜╨╛╨│╨╛ ╤Д╨░╨╣╨╗╨░ "../src/ui/load_macro_layer.cpp")
  
C:\Users\KusokMedi\Documents\GitHub\BetterShowcase\src\ui\load_macro_layer.hpp(25,103): error C2143: ╤Б╨╕╨╜╤В╨░╨║╤Б╨╕╤З╨╡╤Б╨║╨░╤П ╨╛╤И╨╕╨▒╨║╨░: ╨╛╤В╤Б╤Г╤В╤Б╤В╨▓╨╕╨╡ ")" ╨┐╨╡╤А╨╡╨┤ "<" [C:\Users\KusokMedi\Documents\GitHub\BetterShowcase\build\xdBot2.vcxproj]
  (╨║╨╛╨╝╨┐╨╕╨╗╤П╤Ж╨╕╤П ╨╕╤Б╤Е╨╛╨┤╨╜╨╛╨│╨╛ ╤Д╨░╨╣╨╗╨░ "../src/ui/load_macro_layer.cpp")
  
C:\Users\KusokMedi\Documents\GitHub\BetterShowcase\src\ui\load_macro_layer.hpp(25,103): error C2143: ╤Б╨╕╨╜╤В╨░╨║╤Б╨╕╤З╨╡╤Б╨║╨░╤П ╨╛╤И╨╕╨▒╨║╨░: ╨╛╤В╤Б╤Г╤В╤Б╤В╨▓╨╕╨╡ ";" ╨┐╨╡╤А╨╡╨┤ "<" [C:\Users\KusokMedi\Documents\GitHub\BetterShowcase\build\xdBot2.vcxproj]
  (╨║╨╛╨╝╨┐╨╕╨╗╤П╤Ж╨╕╤П ╨╕╤Б╤Е╨╛╨┤╨╜╨╛╨│╨╛ ╤Д╨░╨╣╨╗╨░ "../src/ui/load_macro_layer.cpp")
  
C:\Users\KusokMedi\Documents\GitHub\BetterShowcase\src\ui\load_macro_layer.hpp(25,103): error C2059: ╤Б╨╕╨╜╤В╨░╨║╤Б╨╕╤З╨╡╤Б╨║╨░╤П ╨╛╤И╨╕╨▒╨║╨░: < [C:\Users\KusokMedi\Documents\GitHub\BetterShowcase\build\xdBot2.vcxproj]
  (╨║╨╛╨╝╨┐╨╕╨╗╤П╤Ж╨╕╤П ╨╕╤Б╤Е╨╛╨┤╨╜╨╛╨│╨╛ ╤Д╨░╨╣╨╗╨░ "../src/ui/load_macro_layer.cpp")
  
C:\Users\KusokMedi\Documents\GitHub\BetterShowcase\src\ui\load_macro_layer.hpp(25,164): error C2059: ╤Б╨╕╨╜╤В╨░╨║╤Б╨╕╤З╨╡╤Б╨║╨░╤П ╨╛╤И╨╕╨▒╨║╨░: ) [C:\Users\KusokMedi\Documents\GitHub\BetterShowcase\build\xdBot2.vcxproj]
  (╨║╨╛╨╝╨┐╨╕╨╗╤П╤Ж╨╕╤П ╨╕╤Б╤Е╨╛╨┤╨╜╨╛╨│╨╛ ╤Д╨░╨╣╨╗╨░ "../src/ui/load_macro_layer.cpp")
  
C:\Users\KusokMedi\Documents\GitHub\BetterShowcase\src\ui\load_macro_layer.hpp(25,165): error C2238: ╨╜╨╡╨┐╤А╨╡╨┤╨▓╨╕╨┤╨╡╨╜╨╜╤Л╨╡ ╨╗╨╡╨║╤Б╨╡╨╝╤Л ╨┐╨╡╤А╨╡╨┤ ";" [C:\Users\KusokMedi\Documents\GitHub\BetterShowcase\build\xdBot2.vcxproj]
  (╨║╨╛╨╝╨┐╨╕╨╗╤П╤Ж╨╕╤П ╨╕╤Б╤Е╨╛╨┤╨╜╨╛╨│╨╛ ╤Д╨░╨╣╨╗╨░ "../src/ui/load_macro_layer.cpp")
  
C:\Users\KusokMedi\Documents\GitHub\BetterShowcase\src\ui\load_macro_layer.hpp(27,88): error C2143: ╤Б╨╕╨╜╤В╨░╨║╤Б╨╕╤З╨╡╤Б╨║╨░╤П ╨╛╤И╨╕╨▒╨║╨░: ╨╛╤В╤Б╤Г╤В╤Б╤В╨▓╨╕╨╡ ")" ╨┐╨╡╤А╨╡╨┤ "<" [C:\Users\KusokMedi\Documents\GitHub\BetterShowcase\build\xdBot2.vcxproj]
  (╨║╨╛╨╝╨┐╨╕╨╗╤П╤Ж╨╕╤П ╨╕╤Б╤Е╨╛╨┤╨╜╨╛╨│╨╛ ╤Д╨░╨╣╨╗╨░ "../src/ui/load_macro_layer.cpp")
  
C:\Users\KusokMedi\Documents\GitHub\BetterShowcase\src\ui\load_macro_layer.hpp(27,88): error C2143: ╤Б╨╕╨╜╤В╨░╨║╤Б╨╕╤З╨╡╤Б╨║╨░╤П ╨╛╤И╨╕╨▒╨║╨░: ╨╛╤В╤Б╤Г╤В╤Б╤В╨▓╨╕╨╡ ";" ╨┐╨╡╤А╨╡╨┤ "<" [C:\Users\KusokMedi\Documents\GitHub\BetterShowcase\build\xdBot2.vcxproj]
  (╨║╨╛╨╝╨┐╨╕╨╗╤П╤Ж╨╕╤П ╨╕╤Б╤Е╨╛╨┤╨╜╨╛╨│╨╛ ╤Д╨░╨╣╨╗╨░ "../src/ui/load_macro_layer.cpp")
  
C:\Users\KusokMedi\Documents\GitHub\BetterShowcase\src\ui\load_macro_layer.hpp(27,88): error C2059: ╤Б╨╕╨╜╤В╨░╨║╤Б╨╕╤З╨╡╤Б╨║╨░╤П ╨╛╤И╨╕╨▒╨║╨░: < [C:\Users\KusokMedi\Documents\GitHub\BetterShowcase\build\xdBot2.vcxproj]
  (╨║╨╛╨╝╨┐╨╕╨╗╤П╤Ж╨╕╤П ╨╕╤Б╤Е╨╛╨┤╨╜╨╛╨│╨╛ ╤Д╨░╨╣╨╗╨░ "../src/ui/load_macro_layer.cpp")
  
C:\Users\KusokMedi\Documents\GitHub\BetterShowcase\src\ui\load_macro_layer.hpp(27,149): error C2059: ╤Б╨╕╨╜╤В╨░╨║╤Б╨╕╤З╨╡╤Б╨║╨░╤П ╨╛╤И╨╕╨▒╨║╨░: ) [C:\Users\KusokMedi\Documents\GitHub\BetterShowcase\build\xdBot2.vcxproj]
  (╨║╨╛╨╝╨┐╨╕╨╗╤П╤Ж╨╕╤П ╨╕╤Б╤Е╨╛╨┤╨╜╨╛╨│╨╛ ╤Д╨░╨╣╨╗╨░ "../src/ui/load_macro_layer.cpp")
  
C:\Users\KusokMedi\Documents\GitHub\BetterShowcase\src\ui\load_macro_layer.hpp(27,150): error C2238: ╨╜╨╡╨┐╤А╨╡╨┤╨▓╨╕╨┤╨╡╨╜╨╜╤Л╨╡ ╨╗╨╡╨║╤Б╨╡╨╝╤Л ╨┐╨╡╤А╨╡╨┤ ";" [C:\Users\KusokMedi\Documents\GitHub\BetterShowcase\build\xdBot2.vcxproj]
  (╨║╨╛╨╝╨┐╨╕╨╗╤П╤Ж╨╕╤П ╨╕╤Б╤Е╨╛╨┤╨╜╨╛╨│╨╛ ╤Д╨░╨╣╨╗╨░ "../src/ui/load_macro_layer.cpp")
  
C:\Users\KusokMedi\Documents\GitHub\BetterShowcase\src\ui\load_macro_layer.hpp(42,43): error C2143: ╤Б╨╕╨╜╤В╨░╨║╤Б╨╕╤З╨╡╤Б╨║╨░╤П ╨╛╤И╨╕╨▒╨║╨░: ╨╛╤В╤Б╤Г╤В╤Б╤В╨▓╨╕╨╡ "," ╨┐╨╡╤А╨╡╨┤ "<" [C:\Users\KusokMedi\Documents\GitHub\BetterShowcase\build\xdBot2.vcxproj]
  (╨║╨╛╨╝╨┐╨╕╨╗╤П╤Ж╨╕╤П ╨╕╤Б╤Е╨╛╨┤╨╜╨╛╨│╨╛ ╤Д╨░╨╣╨╗╨░ "../src/ui/load_macro_layer.cpp")
  
C:\Users\KusokMedi\Documents\GitHub\BetterShowcase\src\ui\load_macro_layer.hpp(45,14): error C2059: ╤Б╨╕╨╜╤В╨░╨║╤Б╨╕╤З╨╡╤Б╨║╨░╤П ╨╛╤И╨╕╨▒╨║╨░: < [C:\Users\KusokMedi\Documents\GitHub\BetterShowcase\build\xdBot2.vcxproj]
  (╨║╨╛╨╝╨┐╨╕╨╗╤П╤Ж╨╕╤П ╨╕╤Б╤Е╨╛╨┤╨╜╨╛╨│╨╛ ╤Д╨░╨╣╨╗╨░ "../src/ui/load_macro_layer.cpp")
  
C:\Users\KusokMedi\Documents\GitHub\BetterShowcase\src\ui\load_macro_layer.hpp(45,37): error C2238: ╨╜╨╡╨┐╤А╨╡╨┤╨▓╨╕╨┤╨╡╨╜╨╜╤Л╨╡ ╨╗╨╡╨║╤Б╨╡╨╝╤Л ╨┐╨╡╤А╨╡╨┤ ";" [C:\Users\KusokMedi\Documents\GitHub\BetterShowcase\build\xdBot2.vcxproj]
  (╨║╨╛╨╝╨┐╨╕╨╗╤П╤Ж╨╕╤П ╨╕╤Б╤Е╨╛╨┤╨╜╨╛╨│╨╛ ╤Д╨░╨╣╨╗╨░ "../src/ui/load_macro_layer.cpp")
  
C:\Users\KusokMedi\Documents\GitHub\BetterShowcase\src\ui\load_macro_layer.hpp(46,14): error C2059: ╤Б╨╕╨╜╤В╨░╨║╤Б╨╕╤З╨╡╤Б╨║╨░╤П ╨╛╤И╨╕╨▒╨║╨░: < [C:\Users\KusokMedi\Documents\GitHub\BetterShowcase\build\xdBot2.vcxproj]
  (╨║╨╛╨╝╨┐╨╕╨╗╤П╤Ж╨╕╤П ╨╕╤Б╤Е╨╛╨┤╨╜╨╛╨│╨╛ ╤Д╨░╨╣╨╗╨░ "../src/ui/load_macro_layer.cpp")
  
C:\Users\KusokMedi\Documents\GitHub\BetterShowcase\src\ui\load_macro_layer.hpp(46,38): error C2238: ╨╜╨╡╨┐╤А╨╡╨┤╨▓╨╕╨┤╨╡╨╜╨╜╤Л╨╡ ╨╗╨╡╨║╤Б╨╡╨╝╤Л ╨┐╨╡╤А╨╡╨┤ ";" [C:\Users\KusokMedi\Documents\GitHub\BetterShowcase\build\xdBot2.vcxproj]
  (╨║╨╛╨╝╨┐╨╕╨╗╤П╤Ж╨╕╤П ╨╕╤Б╤Е╨╛╨┤╨╜╨╛╨│╨╛ ╤Д╨░╨╣╨╗╨░ "../src/ui/load_macro_layer.cpp")
  
C:\Users\KusokMedi\Documents\GitHub\BetterShowcase\src\ui\load_macro_layer.hpp(69,44): error C2143: ╤Б╨╕╨╜╤В╨░╨║╤Б╨╕╤З╨╡╤Б╨║╨░╤П ╨╛╤И╨╕╨▒╨║╨░: ╨╛╤В╤Б╤Г╤В╤Б╤В╨▓╨╕╨╡ ")" ╨┐╨╡╤А╨╡╨┤ "<" [C:\Users\KusokMedi\Documents\GitHub\BetterShowcase\build\xdBot2.vcxproj]
  (╨║╨╛╨╝╨┐╨╕╨╗╤П╤Ж╨╕╤П ╨╕╤Б╤Е╨╛╨┤╨╜╨╛╨│╨╛ ╤Д╨░╨╣╨╗╨░ "../src/ui/load_macro_layer.cpp")
  
C:\Users\KusokMedi\Documents\GitHub\BetterShowcase\src\ui\load_macro_layer.hpp(69,44): error C2143: ╤Б╨╕╨╜╤В╨░╨║╤Б╨╕╤З╨╡╤Б╨║╨░╤П ╨╛╤И╨╕╨▒╨║╨░: ╨╛╤В╤Б╤Г╤В╤Б╤В╨▓╨╕╨╡ ";" ╨┐╨╡╤А╨╡╨┤ "<" [C:\Users\KusokMedi\Documents\GitHub\BetterShowcase\build\xdBot2.vcxproj]
  (╨║╨╛╨╝╨┐╨╕╨╗╤П╤Ж╨╕╤П ╨╕╤Б╤Е╨╛╨┤╨╜╨╛╨│╨╛ ╤Д╨░╨╣╨╗╨░ "../src/ui/load_macro_layer.cpp")
  
C:\Users\KusokMedi\Documents\GitHub\BetterShowcase\src\ui\load_macro_layer.hpp(69,44): error C2059: ╤Б╨╕╨╜╤В╨░╨║╤Б╨╕╤З╨╡╤Б╨║╨░╤П ╨╛╤И╨╕╨▒╨║╨░: < [C:\Users\KusokMedi\Documents\GitHub\BetterShowcase\build\xdBot2.vcxproj]
  (╨║╨╛╨╝╨┐╨╕╨╗╤П╤Ж╨╕╤П ╨╕╤Б╤Е╨╛╨┤╨╜╨╛╨│╨╛ ╤Д╨░╨╣╨╗╨░ "../src/ui/load_macro_layer.cpp")
  
C:\Users\KusokMedi\Documents\GitHub\BetterShowcase\src\ui\load_macro_layer.hpp(69,93): error C2059: ╤Б╨╕╨╜╤В╨░╨║╤Б╨╕╤З╨╡╤Б╨║╨░╤П ╨╛╤И╨╕╨▒╨║╨░: ) [C:\Users\KusokMedi\Documents\GitHub\BetterShowcase\build\xdBot2.vcxproj]
  (╨║╨╛╨╝╨┐╨╕╨╗╤П╤Ж╨╕╤П ╨╕╤Б╤Е╨╛╨┤╨╜╨╛╨│╨╛ ╤Д╨░╨╣╨╗╨░ "../src/ui/load_macro_layer.cpp")
  
C:\Users\KusokMedi\Documents\GitHub\BetterShowcase\src\ui\load_macro_layer.hpp(69,94): error C2238: ╨╜╨╡╨┐╤А╨╡╨┤╨▓╨╕╨┤╨╡╨╜╨╜╤Л╨╡ ╨╗╨╡╨║╤Б╨╡╨╝╤Л ╨┐╨╡╤А╨╡╨┤ ";" [C:\Users\KusokMedi\Documents\GitHub\BetterShowcase\build\xdBot2.vcxproj]
  (╨║╨╛╨╝╨┐╨╕╨╗╤П╤Ж╨╕╤П ╨╕╤Б╤Е╨╛╨┤╨╜╨╛╨│╨╛ ╤Д╨░╨╣╨╗╨░ "../src/ui/load_macro_layer.cpp")
  
C:\Users\KusokMedi\Documents\GitHub\BetterShowcase\src\ui\load_macro_layer.hpp(71,25): error C2143: ╤Б╨╕╨╜╤В╨░╨║╤Б╨╕╤З╨╡╤Б╨║╨░╤П ╨╛╤И╨╕╨▒╨║╨░: ╨╛╤В╤Б╤Г╤В╤Б╤В╨▓╨╕╨╡ ")" ╨┐╨╡╤А╨╡╨┤ "<" [C:\Users\KusokMedi\Documents\GitHub\BetterShowcase\build\xdBot2.vcxproj]
  (╨║╨╛╨╝╨┐╨╕╨╗╤П╤Ж╨╕╤П ╨╕╤Б╤Е╨╛╨┤╨╜╨╛╨│╨╛ ╤Д╨░╨╣╨╗╨░ "../src/ui/load_macro_layer.cpp")
  
C:\Users\KusokMedi\Documents\GitHub\BetterShowcase\src\ui\load_macro_layer.hpp(71,25): error C2143: ╤Б╨╕╨╜╤В╨░╨║╤Б╨╕╤З╨╡╤Б╨║╨░╤П ╨╛╤И╨╕╨▒╨║╨░: ╨╛╤В╤Б╤Г╤В╤Б╤В╨▓╨╕╨╡ ";" ╨┐╨╡╤А╨╡╨┤ "<" [C:\Users\KusokMedi\Documents\GitHub\BetterShowcase\build\xdBot2.vcxproj]
  (╨║╨╛╨╝╨┐╨╕╨╗╤П╤Ж╨╕╤П ╨╕╤Б╤Е╨╛╨┤╨╜╨╛╨│╨╛ ╤Д╨░╨╣╨╗╨░ "../src/ui/load_macro_layer.cpp")
  
C:\Users\KusokMedi\Documents\GitHub\BetterShowcase\src\ui\load_macro_layer.hpp(71,25): error C2059: ╤Б╨╕╨╜╤В╨░╨║╤Б╨╕╤З╨╡╤Б╨║╨░╤П ╨╛╤И╨╕╨▒╨║╨░: < [C:\Users\KusokMedi\Documents\GitHub\BetterShowcase\build\xdBot2.vcxproj]
  (╨║╨╛╨╝╨┐╨╕╨╗╤П╤Ж╨╕╤П ╨╕╤Б╤Е╨╛╨┤╨╜╨╛╨│╨╛ ╤Д╨░╨╣╨╗╨░ "../src/ui/load_macro_layer.cpp")
  
C:\Users\KusokMedi\Documents\GitHub\BetterShowcase\src\ui\load_macro_layer.hpp(71,74): error C2059: ╤Б╨╕╨╜╤В╨░╨║╤Б╨╕╤З╨╡╤Б╨║╨░╤П ╨╛╤И╨╕╨▒╨║╨░: ) [C:\Users\KusokMedi\Documents\GitHub\BetterShowcase\build\xdBot2.vcxproj]
  (╨║╨╛╨╝╨┐╨╕╨╗╤П╤Ж╨╕╤П ╨╕╤Б╤Е╨╛╨┤╨╜╨╛╨│╨╛ ╤Д╨░╨╣╨╗╨░ "../src/ui/load_macro_layer.cpp")
  
C:\Users\KusokMedi\Documents\GitHub\BetterShowcase\src\ui\load_macro_layer.hpp(71,84): error C2238: ╨╜╨╡╨┐╤А╨╡╨┤╨▓╨╕╨┤╨╡╨╜╨╜╤Л╨╡ ╨╗╨╡╨║╤Б╨╡╨╝╤Л ╨┐╨╡╤А╨╡╨┤ ";" [C:\Users\KusokMedi\Documents\GitHub\BetterShowcase\build\xdBot2.vcxproj]
  (╨║╨╛╨╝╨┐╨╕╨╗╤П╤Ж╨╕╤П ╨╕╤Б╤Е╨╛╨┤╨╜╨╛╨│╨╛ ╤Д╨░╨╣╨╗╨░ "../src/ui/load_macro_layer.cpp")
  
C:\Users\KusokMedi\Documents\GitHub\BetterShowcase\src\ui\load_macro_layer.hpp(73,31): error C2143: ╤Б╨╕╨╜╤В╨░╨║╤Б╨╕╤З╨╡╤Б╨║╨░╤П ╨╛╤И╨╕╨▒╨║╨░: ╨╛╤В╤Б╤Г╤В╤Б╤В╨▓╨╕╨╡ ")" ╨┐╨╡╤А╨╡╨┤ "<" [C:\Users\KusokMedi\Documents\GitHub\BetterShowcase\build\xdBot2.vcxproj]
  (╨║╨╛╨╝╨┐╨╕╨╗╤П╤Ж╨╕╤П ╨╕╤Б╤Е╨╛╨┤╨╜╨╛╨│╨╛ ╤Д╨░╨╣╨╗╨░ "../src/ui/load_macro_layer.cpp")
  
C:\Users\KusokMedi\Documents\GitHub\BetterShowcase\src\ui\load_macro_layer.hpp(73,31): error C2143: ╤Б╨╕╨╜╤В╨░╨║╤Б╨╕╤З╨╡╤Б╨║╨░╤П ╨╛╤И╨╕╨▒╨║╨░: ╨╛╤В╤Б╤Г╤В╤Б╤В╨▓╨╕╨╡ ";" ╨┐╨╡╤А╨╡╨┤ "<" [C:\Users\KusokMedi\Documents\GitHub\BetterShowcase\build\xdBot2.vcxproj]
  (╨║╨╛╨╝╨┐╨╕╨╗╤П╤Ж╨╕╤П ╨╕╤Б╤Е╨╛╨┤╨╜╨╛╨│╨╛ ╤Д╨░╨╣╨╗╨░ "../src/ui/load_macro_layer.cpp")
  
C:\Users\KusokMedi\Documents\GitHub\BetterShowcase\src\ui\load_macro_layer.hpp(73,31): error C2059: ╤Б╨╕╨╜╤В╨░╨║╤Б╨╕╤З╨╡╤Б╨║╨░╤П ╨╛╤И╨╕╨▒╨║╨░: < [C:\Users\KusokMedi\Documents\GitHub\BetterShowcase\build\xdBot2.vcxproj]
  (╨║╨╛╨╝╨┐╨╕╨╗╤П╤Ж╨╕╤П ╨╕╤Б╤Е╨╛╨┤╨╜╨╛╨│╨╛ ╤Д╨░╨╣╨╗╨░ "../src/ui/load_macro_layer.cpp")
  
C:\Users\KusokMedi\Documents\GitHub\BetterShowcase\src\ui\load_macro_layer.hpp(73,88): error C2059: ╤Б╨╕╨╜╤В╨░╨║╤Б╨╕╤З╨╡╤Б╨║╨░╤П ╨╛╤И╨╕╨▒╨║╨░: ) [C:\Users\KusokMedi\Documents\GitHub\BetterShowcase\build\xdBot2.vcxproj]
  (╨║╨╛╨╝╨┐╨╕╨╗╤П╤Ж╨╕╤П ╨╕╤Б╤Е╨╛╨┤╨╜╨╛╨│╨╛ ╤Д╨░╨╣╨╗╨░ "../src/ui/load_macro_layer.cpp")
  
C:\Users\KusokMedi\Documents\GitHub\BetterShowcase\src\ui\load_macro_layer.hpp(73,89): error C2238: ╨╜╨╡╨┐╤А╨╡╨┤╨▓╨╕╨┤╨╡╨╜╨╜╤Л╨╡ ╨╗╨╡╨║╤Б╨╡╨╝╤Л ╨┐╨╡╤А╨╡╨┤ ";" [C:\Users\KusokMedi\Documents\GitHub\BetterShowcase\build\xdBot2.vcxproj]
  (╨║╨╛╨╝╨┐╨╕╨╗╤П╤Ж╨╕╤П ╨╕╤Б╤Е╨╛╨┤╨╜╨╛╨│╨╛ ╤Д╨░╨╣╨╗╨░ "../src/ui/load_macro_layer.cpp")
  
C:\Users\KusokMedi\Documents\GitHub\BetterShowcase\src\ui\load_macro_layer.hpp(79,7): error C3668: LoadMacroLayer::textChanged: ╨╝╨╡╤В╨╛╨┤ ╤Б╨╛ ╤Б╨┐╨╡╤Ж╨╕╤Д╨╕╨║╨░╤В╨╛╤А╨╛╨╝ ╨┐╨╡╤А╨╡╨╛╨┐╤А╨╡╨┤╨╡╨╗╨╡╨╜╨╕╤П "override" ╨╜╨╡ ╨┐╨╡╤А╨╡╨╛╨┐╤А╨╡╨┤╨╡╨╗╤П╨╡╤В ╨║╨░╨║╨╕╨╡-╨╗╨╕╨▒╨╛ ╨╝╨╡╤В╨╛╨┤╤Л ╨▒╨░╨╖╨╛╨▓╨╛╨│╨╛ ╨║╨╗╨░╤Б╤Б╨░ [C:\Users\KusokMedi\Documents\GitHub\BetterShowcase\build\xdBot2.vcxproj]
  (╨║╨╛╨╝╨┐╨╕╨╗╤П╤Ж╨╕╤П ╨╕╤Б╤Е╨╛╨┤╨╜╨╛╨│╨╛ ╤Д╨░╨╣╨╗╨░ "../src/ui/load_macro_layer.cpp")
  
C:\Users\KusokMedi\Documents\GitHub\BetterShowcase\src\ui\autosave_settings_layer.hpp(3,42): error C2143: ╤Б╨╕╨╜╤В╨░╨║╤Б╨╕╤З╨╡╤Б╨║╨░╤П ╨╛╤И╨╕╨▒╨║╨░: ╨╛╤В╤Б╤Г╤В╤Б╤В╨▓╨╕╨╡ "," ╨┐╨╡╤А╨╡╨┤ "<" [C:\Users\KusokMedi\Documents\GitHub\BetterShowcase\build\xdBot2.vcxproj]
  (╨║╨╛╨╝╨┐╨╕╨╗╤П╤Ж╨╕╤П ╨╕╤Б╤Е╨╛╨┤╨╜╨╛╨│╨╛ ╤Д╨░╨╣╨╗╨░ "../src/ui/load_macro_layer.cpp")
  
C:\Users\KusokMedi\Documents\GitHub\BetterShowcase\src\ui\autosave_settings_layer.hpp(16,7): error C3668: AutoSaveLayer::textChanged: ╨╝╨╡╤В╨╛╨┤ ╤Б╨╛ ╤Б╨┐╨╡╤Ж╨╕╤Д╨╕╨║╨░╤В╨╛╤А╨╛╨╝ ╨┐╨╡╤А╨╡╨╛╨┐╤А╨╡╨┤╨╡╨╗╨╡╨╜╨╕╤П "override" ╨╜╨╡ ╨┐╨╡╤А╨╡╨╛╨┐╤А╨╡╨┤╨╡╨╗╤П╨╡╤В ╨║╨░╨║╨╕╨╡-╨╗╨╕╨▒╨╛ ╨╝╨╡╤В╨╛╨┤╤Л ╨▒╨░╨╖╨╛╨▓╨╛╨│╨╛ ╨║╨╗╨░╤Б╤Б╨░ [C:\Users\KusokMedi\Documents\GitHub\BetterShowcase\build\xdBot2.vcxproj]
  (╨║╨╛╨╝╨┐╨╕╨╗╤П╤Ж╨╕╤П ╨╕╤Б╤Е╨╛╨┤╨╜╨╛╨│╨╛ ╤Д╨░╨╣╨╗╨░ "../src/ui/load_macro_layer.cpp")
  
C:\Users\KusokMedi\Documents\GitHub\BetterShowcase\src\ui\autosave_settings_layer.hpp(24,10): error C3668: AutoSaveLayer::setup: ╨╝╨╡╤В╨╛╨┤ ╤Б╨╛ ╤Б╨┐╨╡╤Ж╨╕╤Д╨╕╨║╨░╤В╨╛╤А╨╛╨╝ ╨┐╨╡╤А╨╡╨╛╨┐╤А╨╡╨┤╨╡╨╗╨╡╨╜╨╕╤П "override" ╨╜╨╡ ╨┐╨╡╤А╨╡╨╛╨┐╤А╨╡╨┤╨╡╨╗╤П╨╡╤В ╨║╨░╨║╨╕╨╡-╨╗╨╕╨▒╨╛ ╨╝╨╡╤В╨╛╨┤╤Л ╨▒╨░╨╖╨╛╨▓╨╛╨│╨╛ ╨║╨╗╨░╤Б╤Б╨░ [C:\Users\KusokMedi\Documents\GitHub\BetterShowcase\build\xdBot2.vcxproj]
  (╨║╨╛╨╝╨┐╨╕╨╗╤П╤Ж╨╕╤П ╨╕╤Б╤Е╨╛╨┤╨╜╨╛╨│╨╛ ╤Д╨░╨╣╨╗╨░ "../src/ui/load_macro_layer.cpp")
  
C:\Users\KusokMedi\Documents\GitHub\BetterShowcase\src\ui\autosave_settings_layer.hpp(14,2): error C2039: "initAnchored": ╨╜╨╡ ╤П╨▓╨╗╤П╨╡╤В╤Б╤П ╤З╨╗╨╡╨╜╨╛╨╝ "AutoSaveLayer". [C:\Users\KusokMedi\Documents\GitHub\BetterShowcase\build\xdBot2.vcxproj]
  (╨║╨╛╨╝╨┐╨╕╨╗╤П╤Ж╨╕╤П ╨╕╤Б╤Е╨╛╨┤╨╜╨╛╨│╨╛ ╤Д╨░╨╣╨╗╨░ "../src/ui/load_macro_layer.cpp")
      C:\Users\KusokMedi\Documents\GitHub\BetterShowcase\src\ui\autosave_settings_layer.hpp(3,7):
       ╤Б╨╝. ╨╛╨▒╤К╤П╨▓╨╗╨╡╨╜╨╕╨╡ "AutoSaveLayer"
  
C:\Users\KusokMedi\Documents\GitHub\BetterShowcase\src\ui\autosave_settings_layer.hpp(63,34): error C2664: "void CCTextInputNode::setDelegate(TextInputDelegate *)": ╨╜╨╡╨▓╨╛╨╖╨╝╨╛╨╢╨╜╨╛ ╨┐╤А╨╡╨╛╨▒╤А╨░╨╖╨╛╨▓╨░╤В╤М ╨░╤А╨│╤Г╨╝╨╡╨╜╤В 1 ╨╕╨╖ "AutoSaveLayer *" ╨▓ "TextInputDelegate *" [C:\Users\KusokMedi\Documents\GitHub\BetterShowcase\build\xdBot2.vcxproj]
  (╨║╨╛╨╝╨┐╨╕╨╗╤П╤Ж╨╕╤П ╨╕╤Б╤Е╨╛╨┤╨╜╨╛╨│╨╛ ╤Д╨░╨╣╨╗╨░ "../src/ui/load_macro_layer.cpp")
      C:\Users\KusokMedi\Documents\GitHub\BetterShowcase\src\ui\autosave_settings_layer.hpp(63,46):
      ╨в╨╕╨┐╤Л, ╨╜╨░ ╨║╨╛╤В╨╛╤А╤Л╨╡ ╤Г╨║╨░╨╖╤Л╨▓╨░╤О╤В ╤Г╨║╨░╨╖╨░╤В╨╡╨╗╨╕, ╨╜╨╡ ╤Б╨▓╤П╨╖╨░╨╜╤Л; ╨┤╨╗╤П ╨┐╤А╨╡╨╛╨▒╤А╨░╨╖╨╛╨▓╨░╨╜╨╕╤П ╤В╤А╨╡╨▒╤Г╨╡╤В╤Б╤П reinterpret_cast, ╨┐╤А╨╕╨▓╨╡╨┤╨╡╨╜╨╕╨╡ ╨▓ ╤Б╤В╨╕╨╗╨╡ ╨б ╨╕╨╗╨╕ ╨┐╤А╨╕╨▓╨╡╨┤╨╡╨╜╨╕╨╡ ╨▓ ╤Б╤В╨╕╨╗╨╡ ╤Д╤Г╨╜╨║╤Ж╨╕╨╕ ╨▓ ╨║╤А╤Г╨│╨╗╤Л╤Е ╤Б╨║╨╛╨▒╨║╨░╤Е
      C:\Users\KusokMedi\Documents\GitHub\BetterShowcase\build\bindings\bindings\Geode\binding\CCTextInputNode.hpp(249,10):
       ╤Б╨╝. ╨╛╨▒╤К╤П╨▓╨╗╨╡╨╜╨╕╨╡ "CCTextInputNode::setDelegate"
      C:\Users\KusokMedi\Documents\GitHub\BetterShowcase\src\ui\autosave_settings_layer.hpp(63,34):
      ╨┐╤А╨╕ ╨┐╨╛╨┐╤Л╤В╨║╨╡ ╤Б╨╛╨┐╨╛╤Б╤В╨░╨▓╨╕╤В╤М ╤Б╨┐╨╕╤Б╨╛╨║ ╨░╤А╨│╤Г╨╝╨╡╨╜╤В╨╛╨▓ "(AutoSaveLayer *)"
  
C:\Users\KusokMedi\Documents\GitHub\BetterShowcase\src\ui\autosave_settings_layer.hpp(131,34): error C2039: "m_placeholderLabel": ╨╜╨╡ ╤П╨▓╨╗╤П╨╡╤В╤Б╤П ╤З╨╗╨╡╨╜╨╛╨╝ "CCTextInputNode". [C:\Users\KusokMedi\Documents\GitHub\BetterShowcase\build\xdBot2.vcxproj]
  (╨║╨╛╨╝╨┐╨╕╨╗╤П╤Ж╨╕╤П ╨╕╤Б╤Е╨╛╨┤╨╜╨╛╨│╨╛ ╤Д╨░╨╣╨╗╨░ "../src/ui/load_macro_layer.cpp")
      C:\Users\KusokMedi\Documents\GitHub\BetterShowcase\build\bindings\bindings\Geode\binding\CCTextInputNode.hpp(12,7):
       ╤Б╨╝. ╨╛╨▒╤К╤П╨▓╨╗╨╡╨╜╨╕╨╡ "CCTextInputNode"
  
C:\Users\KusokMedi\Documents\GitHub\BetterShowcase\src\ui\macro_editor.hpp(14,43): error C2143: ╤Б╨╕╨╜╤В╨░╨║╤Б╨╕╤З╨╡╤Б╨║╨░╤П ╨╛╤И╨╕╨▒╨║╨░: ╨╛╤В╤Б╤Г╤В╤Б╤В╨▓╨╕╨╡ "," ╨┐╨╡╤А╨╡╨┤ "<" [C:\Users\KusokMedi\Documents\GitHub\BetterShowcase\build\xdBot2.vcxproj]
  (╨║╨╛╨╝╨┐╨╕╨╗╤П╤Ж╨╕╤П ╨╕╤Б╤Е╨╛╨┤╨╜╨╛╨│╨╛ ╤Д╨░╨╣╨╗╨░ "../src/ui/load_macro_layer.cpp")
  
C:\Users\KusokMedi\Documents\GitHub\BetterShowcase\src\ui\macro_editor.hpp(26,10): error C3668: MacroEditLayer::textChanged: ╨╝╨╡╤В╨╛╨┤ ╤Б╨╛ ╤Б╨┐╨╡╤Ж╨╕╤Д╨╕╨║╨░╤В╨╛╤А╨╛╨╝ ╨┐╨╡╤А╨╡╨╛╨┐╤А╨╡╨┤╨╡╨╗╨╡╨╜╨╕╤П "override" ╨╜╨╡ ╨┐╨╡╤А╨╡╨╛╨┐╤А╨╡╨┤╨╡╨╗╤П╨╡╤В ╨║╨░╨║╨╕╨╡-╨╗╨╕╨▒╨╛ ╨╝╨╡╤В╨╛╨┤╤Л ╨▒╨░╨╖╨╛╨▓╨╛╨│╨╛ ╨║╨╗╨░╤Б╤Б╨░ [C:\Users\KusokMedi\Documents\GitHub\BetterShowcase\build\xdBot2.vcxproj]
  (╨║╨╛╨╝╨┐╨╕╨╗╤П╤Ж╨╕╤П ╨╕╤Б╤Е╨╛╨┤╨╜╨╛╨│╨╛ ╤Д╨░╨╣╨╗╨░ "../src/ui/load_macro_layer.cpp")
  
C:\Users\KusokMedi\Documents\GitHub\BetterShowcase\src\ui\macro_editor.hpp(32,5): error C2039: "initAnchored": ╨╜╨╡ ╤П╨▓╨╗╤П╨╡╤В╤Б╤П ╤З╨╗╨╡╨╜╨╛╨╝ "MacroEditLayer". [C:\Users\KusokMedi\Documents\GitHub\BetterShowcase\build\xdBot2.vcxproj]
  (╨║╨╛╨╝╨┐╨╕╨╗╤П╤Ж╨╕╤П ╨╕╤Б╤Е╨╛╨┤╨╜╨╛╨│╨╛ ╤Д╨░╨╣╨╗╨░ "../src/ui/load_macro_layer.cpp")
      C:\Users\KusokMedi\Documents\GitHub\BetterShowcase\src\ui\macro_editor.hpp(14,7):
       ╤Б╨╝. ╨╛╨▒╤К╤П╨▓╨╗╨╡╨╜╨╕╨╡ "MacroEditLayer"
  
C:\Users\KusokMedi\Documents\GitHub\BetterShowcase\src\ui\load_macro_layer.cpp(28,39): error C2143: ╤Б╨╕╨╜╤В╨░╨║╤Б╨╕╤З╨╡╤Б╨║╨░╤П ╨╛╤И╨╕╨▒╨║╨░: ╨╛╤В╤Б╤Г╤В╤Б╤В╨▓╨╕╨╡ ")" ╨┐╨╡╤А╨╡╨┤ "<" [C:\Users\KusokMedi\Documents\GitHub\BetterShowcase\build\xdBot2.vcxproj]
  (╨║╨╛╨╝╨┐╨╕╨╗╤П╤Ж╨╕╤П ╨╕╤Б╤Е╨╛╨┤╨╜╨╛╨│╨╛ ╤Д╨░╨╣╨╗╨░ "../src/ui/load_macro_layer.cpp")
  
C:\Users\KusokMedi\Documents\GitHub\BetterShowcase\src\ui\load_macro_layer.cpp(28,39): error C2143: ╤Б╨╕╨╜╤В╨░╨║╤Б╨╕╤З╨╡╤Б╨║╨░╤П ╨╛╤И╨╕╨▒╨║╨░: ╨╛╤В╤Б╤Г╤В╤Б╤В╨▓╨╕╨╡ ";" ╨┐╨╡╤А╨╡╨┤ "<" [C:\Users\KusokMedi\Documents\GitHub\BetterShowcase\build\xdBot2.vcxproj]
  (╨║╨╛╨╝╨┐╨╕╨╗╤П╤Ж╨╕╤П ╨╕╤Б╤Е╨╛╨┤╨╜╨╛╨│╨╛ ╤Д╨░╨╣╨╗╨░ "../src/ui/load_macro_layer.cpp")
  
C:\Users\KusokMedi\Documents\GitHub\BetterShowcase\src\ui\load_macro_layer.cpp(28,22): error C2761: "void LoadMacroLayer::open(geode::Popup)": ╨┐╨╛╨▓╤В╨╛╤А╨╜╨╛╨╡ ╨╛╨▒╤К╤П╨▓╨╗╨╡╨╜╨╕╨╡ ╤З╨╗╨╡╨╜╨░ ╨╖╨░╨┐╤А╨╡╤Й╨╡╨╜╨╛. [C:\Users\KusokMedi\Documents\GitHub\BetterShowcase\build\xdBot2.vcxproj]
  (╨║╨╛╨╝╨┐╨╕╨╗╤П╤Ж╨╕╤П ╨╕╤Б╤Е╨╛╨┤╨╜╨╛╨│╨╛ ╤Д╨░╨╣╨╗╨░ "../src/ui/load_macro_layer.cpp")
  
C:\Users\KusokMedi\Documents\GitHub\BetterShowcase\src\ui\load_macro_layer.cpp(28,39): error C2059: ╤Б╨╕╨╜╤В╨░╨║╤Б╨╕╤З╨╡╤Б╨║╨░╤П ╨╛╤И╨╕╨▒╨║╨░: < [C:\Users\KusokMedi\Documents\GitHub\BetterShowcase\build\xdBot2.vcxproj]
  (╨║╨╛╨╝╨┐╨╕╨╗╤П╤Ж╨╕╤П ╨╕╤Б╤Е╨╛╨┤╨╜╨╛╨│╨╛ ╤Д╨░╨╣╨╗╨░ "../src/ui/load_macro_layer.cpp")
  
C:\Users\KusokMedi\Documents\GitHub\BetterShowcase\src\ui\load_macro_layer.cpp(28,88): error C2059: ╤Б╨╕╨╜╤В╨░╨║╤Б╨╕╤З╨╡╤Б╨║╨░╤П ╨╛╤И╨╕╨▒╨║╨░: ) [C:\Users\KusokMedi\Documents\GitHub\BetterShowcase\build\xdBot2.vcxproj]
  (╨║╨╛╨╝╨┐╨╕╨╗╤П╤Ж╨╕╤П ╨╕╤Б╤Е╨╛╨┤╨╜╨╛╨│╨╛ ╤Д╨░╨╣╨╗╨░ "../src/ui/load_macro_layer.cpp")
  
C:\Users\KusokMedi\Documents\GitHub\BetterShowcase\src\ui\load_macro_layer.cpp(28,90): error C2143: ╤Б╨╕╨╜╤В╨░╨║╤Б╨╕╤З╨╡╤Б╨║╨░╤П ╨╛╤И╨╕╨▒╨║╨░: ╨╛╤В╤Б╤Г╤В╤Б╤В╨▓╨╕╨╡ ";" ╨┐╨╡╤А╨╡╨┤ "{" [C:\Users\KusokMedi\Documents\GitHub\BetterShowcase\build\xdBot2.vcxproj]
  (╨║╨╛╨╝╨┐╨╕╨╗╤П╤Ж╨╕╤П ╨╕╤Б╤Е╨╛╨┤╨╜╨╛╨│╨╛ ╤Д╨░╨╣╨╗╨░ "../src/ui/load_macro_layer.cpp")
  
C:\Users\KusokMedi\Documents\GitHub\BetterShowcase\src\ui\load_macro_layer.cpp(28,90): error C2447: {: ╨╛╤В╤Б╤Г╤В╤Б╤В╨▓╤Г╨╡╤В ╨╖╨░╨│╨╛╨╗╨╛╨▓╨╛╨║ ╤Д╤Г╨╜╨║╤Ж╨╕╨╕ (╨▓╨╛╨╖╨╝╨╛╨╢╨╜╨╛, ╨╕╤Б╨┐╨╛╨╗╤М╨╖╤Г╨╡╤В╤Б╤П ╤Д╨╛╤А╨╝╨░╨╗╤М╨╜╤Л╨╣ ╤Б╨┐╨╕╤Б╨╛╨║ ╤Б╤В╨░╤А╨╛╨│╨╛ ╤В╨╕╨┐╨░) [C:\Users\KusokMedi\Documents\GitHub\BetterShowcase\build\xdBot2.vcxproj]
  (╨║╨╛╨╝╨┐╨╕╨╗╤П╤Ж╨╕╤П ╨╕╤Б╤Е╨╛╨┤╨╜╨╛╨│╨╛ ╤Д╨░╨╣╨╗╨░ "../src/ui/load_macro_layer.cpp")
  
C:\Users\KusokMedi\Documents\GitHub\BetterShowcase\src\ui\load_macro_layer.cpp(129,52): error C2143: ╤Б╨╕╨╜╤В╨░╨║╤Б╨╕╤З╨╡╤Б╨║╨░╤П ╨╛╤И╨╕╨▒╨║╨░: ╨╛╤В╤Б╤Г╤В╤Б╤В╨▓╨╕╨╡ ")" ╨┐╨╡╤А╨╡╨┤ "<" [C:\Users\KusokMedi\Documents\GitHub\BetterShowcase\build\xdBot2.vcxproj]
  (╨║╨╛╨╝╨┐╨╕╨╗╤П╤Ж╨╕╤П ╨╕╤Б╤Е╨╛╨┤╨╜╨╛╨│╨╛ ╤Д╨░╨╣╨╗╨░ "../src/ui/load_macro_layer.cpp")
  
C:\Users\KusokMedi\Documents\GitHub\BetterShowcase\src\ui\load_macro_layer.cpp(129,52): error C2143: ╤Б╨╕╨╜╤В╨░╨║╤Б╨╕╤З╨╡╤Б╨║╨░╤П ╨╛╤И╨╕╨▒╨║╨░: ╨╛╤В╤Б╤Г╤В╤Б╤В╨▓╨╕╨╡ ";" ╨┐╨╡╤А╨╡╨┤ "<" [C:\Users\KusokMedi\Documents\GitHub\BetterShowcase\build\xdBot2.vcxproj]
  (╨║╨╛╨╝╨┐╨╕╨╗╤П╤Ж╨╕╤П ╨╕╤Б╤Е╨╛╨┤╨╜╨╛╨│╨╛ ╤Д╨░╨╣╨╗╨░ "../src/ui/load_macro_layer.cpp")
  
C:\Users\KusokMedi\Documents\GitHub\BetterShowcase\src\ui\load_macro_layer.cpp(129,33): error C2761: "LoadMacroLayer *LoadMacroLayer::create(geode::Popup)": ╨┐╨╛╨▓╤В╨╛╤А╨╜╨╛╨╡ ╨╛╨▒╤К╤П╨▓╨╗╨╡╨╜╨╕╨╡ ╤З╨╗╨╡╨╜╨░ ╨╖╨░╨┐╤А╨╡╤Й╨╡╨╜╨╛. [C:\Users\KusokMedi\Documents\GitHub\BetterShowcase\build\xdBot2.vcxproj]
  (╨║╨╛╨╝╨┐╨╕╨╗╤П╤Ж╨╕╤П ╨╕╤Б╤Е╨╛╨┤╨╜╨╛╨│╨╛ ╤Д╨░╨╣╨╗╨░ "../src/ui/load_macro_layer.cpp")
  
C:\Users\KusokMedi\Documents\GitHub\BetterShowcase\src\ui\load_macro_layer.cpp(129,52): error C2059: ╤Б╨╕╨╜╤В╨░╨║╤Б╨╕╤З╨╡╤Б╨║╨░╤П ╨╛╤И╨╕╨▒╨║╨░: < [C:\Users\KusokMedi\Documents\GitHub\BetterShowcase\build\xdBot2.vcxproj]
  (╨║╨╛╨╝╨┐╨╕╨╗╤П╤Ж╨╕╤П ╨╕╤Б╤Е╨╛╨┤╨╜╨╛╨│╨╛ ╤Д╨░╨╣╨╗╨░ "../src/ui/load_macro_layer.cpp")
  
C:\Users\KusokMedi\Documents\GitHub\BetterShowcase\src\ui\load_macro_layer.cpp(129,101): error C2059: ╤Б╨╕╨╜╤В╨░╨║╤Б╨╕╤З╨╡╤Б╨║╨░╤П ╨╛╤И╨╕╨▒╨║╨░: ) [C:\Users\KusokMedi\Documents\GitHub\BetterShowcase\build\xdBot2.vcxproj]
  (╨║╨╛╨╝╨┐╨╕╨╗╤П╤Ж╨╕╤П ╨╕╤Б╤Е╨╛╨┤╨╜╨╛╨│╨╛ ╤Д╨░╨╣╨╗╨░ "../src/ui/load_macro_layer.cpp")
  
C:\Users\KusokMedi\Documents\GitHub\BetterShowcase\src\ui\load_macro_layer.cpp(129,103): error C2143: ╤Б╨╕╨╜╤В╨░╨║╤Б╨╕╤З╨╡╤Б╨║╨░╤П ╨╛╤И╨╕╨▒╨║╨░: ╨╛╤В╤Б╤Г╤В╤Б╤В╨▓╨╕╨╡ ";" ╨┐╨╡╤А╨╡╨┤ "{" [C:\Users\KusokMedi\Documents\GitHub\BetterShowcase\build\xdBot2.vcxproj]
  (╨║╨╛╨╝╨┐╨╕╨╗╤П╤Ж╨╕╤П ╨╕╤Б╤Е╨╛╨┤╨╜╨╛╨│╨╛ ╤Д╨░╨╣╨╗╨░ "../src/ui/load_macro_layer.cpp")
  
C:\Users\KusokMedi\Documents\GitHub\BetterShowcase\src\ui\load_macro_layer.cpp(129,103): error C2447: {: ╨╛╤В╤Б╤Г╤В╤Б╤В╨▓╤Г╨╡╤В ╨╖╨░╨│╨╛╨╗╨╛╨▓╨╛╨║ ╤Д╤Г╨╜╨║╤Ж╨╕╨╕ (╨▓╨╛╨╖╨╝╨╛╨╢╨╜╨╛, ╨╕╤Б╨┐╨╛╨╗╤М╨╖╤Г╨╡╤В╤Б╤П ╤Д╨╛╤А╨╝╨░╨╗╤М╨╜╤Л╨╣ ╤Б╨┐╨╕╤Б╨╛╨║ ╤Б╤В╨░╤А╨╛╨│╨╛ ╤В╨╕╨┐╨░) [C:\Users\KusokMedi\Documents\GitHub\BetterShowcase\build\xdBot2.vcxproj]
  (╨║╨╛╨╝╨┐╨╕╨╗╤П╤Ж╨╕╤П ╨╕╤Б╤Е╨╛╨┤╨╜╨╛╨│╨╛ ╤Д╨░╨╣╨╗╨░ "../src/ui/load_macro_layer.cpp")
  
C:\Users\KusokMedi\Documents\GitHub\BetterShowcase\src\ui\load_macro_layer.cpp(147,79): error C2039: "listen": ╨╜╨╡ ╤П╨▓╨╗╤П╨╡╤В╤Б╤П ╤З╨╗╨╡╨╜╨╛╨╝ "arc::Future<geode::utils::file::PickResult>". [C:\Users\KusokMedi\Documents\GitHub\BetterShowcase\build\xdBot2.vcxproj]
  (╨║╨╛╨╝╨┐╨╕╨╗╤П╤Ж╨╕╤П ╨╕╤Б╤Е╨╛╨┤╨╜╨╛╨│╨╛ ╤Д╨░╨╣╨╗╨░ "../src/ui/load_macro_layer.cpp")
      C:\Users\KusokMedi\Documents\GitHub\BetterShowcase\build\_deps\arc-src\include\arc\future\Future.hpp(22,22):
       ╤Б╨╝. ╨╛╨▒╤К╤П╨▓╨╗╨╡╨╜╨╕╨╡ "arc::Future<geode::utils::file::PickResult>"
  
C:\Users\KusokMedi\Documents\GitHub\BetterShowcase\src\ui\load_macro_layer.cpp(217,40): error C2143: ╤Б╨╕╨╜╤В╨░╨║╤Б╨╕╤З╨╡╤Б╨║╨░╤П ╨╛╤И╨╕╨▒╨║╨░: ╨╛╤В╤Б╤Г╤В╤Б╤В╨▓╨╕╨╡ ")" ╨┐╨╡╤А╨╡╨┤ "<" [C:\Users\KusokMedi\Documents\GitHub\BetterShowcase\build\xdBot2.vcxproj]
  (╨║╨╛╨╝╨┐╨╕╨╗╤П╤Ж╨╕╤П ╨╕╤Б╤Е╨╛╨┤╨╜╨╛╨│╨╛ ╤Д╨░╨╣╨╗╨░ "../src/ui/load_macro_layer.cpp")
  
C:\Users\KusokMedi\Documents\GitHub\BetterShowcase\src\ui\load_macro_layer.cpp(217,40): error C2143: ╤Б╨╕╨╜╤В╨░╨║╤Б╨╕╤З╨╡╤Б╨║╨░╤П ╨╛╤И╨╕╨▒╨║╨░: ╨╛╤В╤Б╤Г╤В╤Б╤В╨▓╨╕╨╡ ";" ╨┐╨╡╤А╨╡╨┤ "<" [C:\Users\KusokMedi\Documents\GitHub\BetterShowcase\build\xdBot2.vcxproj]
  (╨║╨╛╨╝╨┐╨╕╨╗╤П╤Ж╨╕╤П ╨╕╤Б╤Е╨╛╨┤╨╜╨╛╨│╨╛ ╤Д╨░╨╣╨╗╨░ "../src/ui/load_macro_layer.cpp")
  
C:\Users\KusokMedi\Documents\GitHub\BetterShowcase\src\ui\load_macro_layer.cpp(217,22): error C2761: "bool LoadMacroLayer::setup(geode::Popup)": ╨┐╨╛╨▓╤В╨╛╤А╨╜╨╛╨╡ ╨╛╨▒╤К╤П╨▓╨╗╨╡╨╜╨╕╨╡ ╤З╨╗╨╡╨╜╨░ ╨╖╨░╨┐╤А╨╡╤Й╨╡╨╜╨╛. [C:\Users\KusokMedi\Documents\GitHub\BetterShowcase\build\xdBot2.vcxproj]
  (╨║╨╛╨╝╨┐╨╕╨╗╤П╤Ж╨╕╤П ╨╕╤Б╤Е╨╛╨┤╨╜╨╛╨│╨╛ ╤Д╨░╨╣╨╗╨░ "../src/ui/load_macro_layer.cpp")
  
C:\Users\KusokMedi\Documents\GitHub\BetterShowcase\src\ui\load_macro_layer.cpp(217,40): error C2059: ╤Б╨╕╨╜╤В╨░╨║╤Б╨╕╤З╨╡╤Б╨║╨░╤П ╨╛╤И╨╕╨▒╨║╨░: < [C:\Users\KusokMedi\Documents\GitHub\BetterShowcase\build\xdBot2.vcxproj]
  (╨║╨╛╨╝╨┐╨╕╨╗╤П╤Ж╨╕╤П ╨╕╤Б╤Е╨╛╨┤╨╜╨╛╨│╨╛ ╤Д╨░╨╣╨╗╨░ "../src/ui/load_macro_layer.cpp")
  
C:\Users\KusokMedi\Documents\GitHub\BetterShowcase\src\ui\load_macro_layer.cpp(217,89): error C2059: ╤Б╨╕╨╜╤В╨░╨║╤Б╨╕╤З╨╡╤Б╨║╨░╤П ╨╛╤И╨╕╨▒╨║╨░: ) [C:\Users\KusokMedi\Documents\GitHub\BetterShowcase\build\xdBot2.vcxproj]
  (╨║╨╛╨╝╨┐╨╕╨╗╤П╤Ж╨╕╤П ╨╕╤Б╤Е╨╛╨┤╨╜╨╛╨│╨╛ ╤Д╨░╨╣╨╗╨░ "../src/ui/load_macro_layer.cpp")
  
C:\Users\KusokMedi\Documents\GitHub\BetterShowcase\src\ui\load_macro_layer.cpp(217,91): error C2143: ╤Б╨╕╨╜╤В╨░╨║╤Б╨╕╤З╨╡╤Б╨║╨░╤П ╨╛╤И╨╕╨▒╨║╨░: ╨╛╤В╤Б╤Г╤В╤Б╤В╨▓╨╕╨╡ ";" ╨┐╨╡╤А╨╡╨┤ "{" [C:\Users\KusokMedi\Documents\GitHub\BetterShowcase\build\xdBot2.vcxproj]
  (╨║╨╛╨╝╨┐╨╕╨╗╤П╤Ж╨╕╤П ╨╕╤Б╤Е╨╛╨┤╨╜╨╛╨│╨╛ ╤Д╨░╨╣╨╗╨░ "../src/ui/load_macro_layer.cpp")
  
C:\Users\KusokMedi\Documents\GitHub\BetterShowcase\src\ui\load_macro_layer.cpp(217,91): error C2447: {: ╨╛╤В╤Б╤Г╤В╤Б╤В╨▓╤Г╨╡╤В ╨╖╨░╨│╨╛╨╗╨╛╨▓╨╛╨║ ╤Д╤Г╨╜╨║╤Ж╨╕╨╕ (╨▓╨╛╨╖╨╝╨╛╨╢╨╜╨╛, ╨╕╤Б╨┐╨╛╨╗╤М╨╖╤Г╨╡╤В╤Б╤П ╤Д╨╛╤А╨╝╨░╨╗╤М╨╜╤Л╨╣ ╤Б╨┐╨╕╤Б╨╛╨║ ╤Б╤В╨░╤А╨╛╨│╨╛ ╤В╨╕╨┐╨░) [C:\Users\KusokMedi\Documents\GitHub\BetterShowcase\build\xdBot2.vcxproj]
  (╨║╨╛╨╝╨┐╨╕╨╗╤П╤Ж╨╕╤П ╨╕╤Б╤Е╨╛╨┤╨╜╨╛╨│╨╛ ╤Д╨░╨╣╨╗╨░ "../src/ui/load_macro_layer.cpp")
  
C:\Users\KusokMedi\Documents\GitHub\BetterShowcase\src\ui\load_macro_layer.cpp(438,62): error C2065: menuLayer: ╨╜╨╡╨╛╨▒╤К╤П╨▓╨╗╨╡╨╜╨╜╤Л╨╣ ╨╕╨┤╨╡╨╜╤В╨╕╤Д╨╕╨║╨░╤В╨╛╤А [C:\Users\KusokMedi\Documents\GitHub\BetterShowcase\build\xdBot2.vcxproj]
  (╨║╨╛╨╝╨┐╨╕╨╗╤П╤Ж╨╕╤П ╨╕╤Б╤Е╨╛╨┤╨╜╨╛╨│╨╛ ╤Д╨░╨╣╨╗╨░ "../src/ui/load_macro_layer.cpp")
  
C:\Users\KusokMedi\Documents\GitHub\BetterShowcase\src\ui\load_macro_layer.cpp(438,62): error C1003: ╤З╨╕╤Б╨╗╨╛ ╨╛╤И╨╕╨▒╨╛╨║ ╨┐╤А╨╡╨▓╤Л╤И╨░╨╡╤В 100; ╨╛╤Б╤В╨░╨╜╨╛╨▓╨║╨░ ╨║╨╛╨╝╨┐╨╕╨╗╤П╤Ж╨╕╨╕ [C:\Users\KusokMedi\Documents\GitHub\BetterShowcase\build\xdBot2.vcxproj]
  (╨║╨╛╨╝╨┐╨╕╨╗╤П╤Ж╨╕╤П ╨╕╤Б╤Е╨╛╨┤╨╜╨╛╨│╨╛ ╤Д╨░╨╣╨╗╨░ "../src/ui/load_macro_layer.cpp")
  
  clickbot_layer.cpp
C:\Users\KusokMedi\Documents\GitHub\BetterShowcase\src\renderer\ffmpeg\events.hpp(11,47): error C2955: "geode::Event": ╨┤╨╗╤П ╨╕╤Б╨┐╨╛╨╗╤М╨╖╨╛╨▓╨░╨╜╨╕╤П ╨║╨╗╨░╤Б╤Б ╤И╨░╨▒╨╗╨╛╨╜ ╤В╤А╨╡╨▒╤Г╨╡╤В╤Б╤П ╤Б╨┐╨╕╤Б╨╛╨║ ╨░╤А╨│╤Г╨╝╨╡╨╜╤В╨╛╨▓ ╤И╨░╨▒╨╗╨╛╨╜ [C:\Users\KusokMedi\Documents\GitHub\BetterShowcase\build\xdBot2.vcxproj]
  (╨║╨╛╨╝╨┐╨╕╨╗╤П╤Ж╨╕╤П ╨╕╤Б╤Е╨╛╨┤╨╜╨╛╨│╨╛ ╤Д╨░╨╣╨╗╨░ "../src/ui/clickbot_layer.cpp")
      C:\Users\KusokMedi\Documents\Geode\loader\include\Geode\loader\Event.hpp(960,12):
       ╤Б╨╝. ╨╛╨▒╤К╤П╨▓╨╗╨╡╨╜╨╕╨╡ "geode::Event"
  
C:\Users\KusokMedi\Documents\GitHub\BetterShowcase\src\renderer\ffmpeg\events.hpp(20,47): error C2955: "geode::Event": ╨┤╨╗╤П ╨╕╤Б╨┐╨╛╨╗╤М╨╖╨╛╨▓╨░╨╜╨╕╤П ╨║╨╗╨░╤Б╤Б ╤И╨░╨▒╨╗╨╛╨╜ ╤В╤А╨╡╨▒╤Г╨╡╤В╤Б╤П ╤Б╨┐╨╕╤Б╨╛╨║ ╨░╤А╨│╤Г╨╝╨╡╨╜╤В╨╛╨▓ ╤И╨░╨▒╨╗╨╛╨╜ [C:\Users\KusokMedi\Documents\GitHub\BetterShowcase\build\xdBot2.vcxproj]
  (╨║╨╛╨╝╨┐╨╕╨╗╤П╤Ж╨╕╤П ╨╕╤Б╤Е╨╛╨┤╨╜╨╛╨│╨╛ ╤Д╨░╨╣╨╗╨░ "../src/ui/clickbot_layer.cpp")
      C:\Users\KusokMedi\Documents\Geode\loader\include\Geode\loader\Event.hpp(960,12):
       ╤Б╨╝. ╨╛╨▒╤К╤П╨▓╨╗╨╡╨╜╨╕╨╡ "geode::Event"
  
C:\Users\KusokMedi\Documents\GitHub\BetterShowcase\src\renderer\ffmpeg\events.hpp(28,45): error C2955: "geode::Event": ╨┤╨╗╤П ╨╕╤Б╨┐╨╛╨╗╤М╨╖╨╛╨▓╨░╨╜╨╕╤П ╨║╨╗╨░╤Б╤Б ╤И╨░╨▒╨╗╨╛╨╜ ╤В╤А╨╡╨▒╤Г╨╡╤В╤Б╤П ╤Б╨┐╨╕╤Б╨╛╨║ ╨░╤А╨│╤Г╨╝╨╡╨╜╤В╨╛╨▓ ╤И╨░╨▒╨╗╨╛╨╜ [C:\Users\KusokMedi\Documents\GitHub\BetterShowcase\build\xdBot2.vcxproj]
  (╨║╨╛╨╝╨┐╨╕╨╗╤П╤Ж╨╕╤П ╨╕╤Б╤Е╨╛╨┤╨╜╨╛╨│╨╛ ╤Д╨░╨╣╨╗╨░ "../src/ui/clickbot_layer.cpp")
      C:\Users\KusokMedi\Documents\Geode\loader\include\Geode\loader\Event.hpp(960,12):
       ╤Б╨╝. ╨╛╨▒╤К╤П╨▓╨╗╨╡╨╜╨╕╨╡ "geode::Event"
  
C:\Users\KusokMedi\Documents\GitHub\BetterShowcase\src\renderer\ffmpeg\events.hpp(48,45): error C2955: "geode::Event": ╨┤╨╗╤П ╨╕╤Б╨┐╨╛╨╗╤М╨╖╨╛╨▓╨░╨╜╨╕╤П ╨║╨╗╨░╤Б╤Б ╤И╨░╨▒╨╗╨╛╨╜ ╤В╤А╨╡╨▒╤Г╨╡╤В╤Б╤П ╤Б╨┐╨╕╤Б╨╛╨║ ╨░╤А╨│╤Г╨╝╨╡╨╜╤В╨╛╨▓ ╤И╨░╨▒╨╗╨╛╨╜ [C:\Users\KusokMedi\Documents\GitHub\BetterShowcase\build\xdBot2.vcxproj]
  (╨║╨╛╨╝╨┐╨╕╨╗╤П╤Ж╨╕╤П ╨╕╤Б╤Е╨╛╨┤╨╜╨╛╨│╨╛ ╤Д╨░╨╣╨╗╨░ "../src/ui/clickbot_layer.cpp")
      C:\Users\KusokMedi\Documents\Geode\loader\include\Geode\loader\Event.hpp(960,12):
       ╤Б╨╝. ╨╛╨▒╤К╤П╨▓╨╗╨╡╨╜╨╕╨╡ "geode::Event"
  
C:\Users\KusokMedi\Documents\GitHub\BetterShowcase\src\renderer\ffmpeg\events.hpp(58,54): error C2955: "geode::Event": ╨┤╨╗╤П ╨╕╤Б╨┐╨╛╨╗╤М╨╖╨╛╨▓╨░╨╜╨╕╤П ╨║╨╗╨░╤Б╤Б ╤И╨░╨▒╨╗╨╛╨╜ ╤В╤А╨╡╨▒╤Г╨╡╤В╤Б╤П ╤Б╨┐╨╕╤Б╨╛╨║ ╨░╤А╨│╤Г╨╝╨╡╨╜╤В╨╛╨▓ ╤И╨░╨▒╨╗╨╛╨╜ [C:\Users\KusokMedi\Documents\GitHub\BetterShowcase\build\xdBot2.vcxproj]
  (╨║╨╛╨╝╨┐╨╕╨╗╤П╤Ж╨╕╤П ╨╕╤Б╤Е╨╛╨┤╨╜╨╛╨│╨╛ ╤Д╨░╨╣╨╗╨░ "../src/ui/clickbot_layer.cpp")
      C:\Users\KusokMedi\Documents\Geode\loader\include\Geode\loader\Event.hpp(960,12):
       ╤Б╨╝. ╨╛╨▒╤К╤П╨▓╨╗╨╡╨╜╨╕╨╡ "geode::Event"
  
C:\Users\KusokMedi\Documents\GitHub\BetterShowcase\src\renderer\ffmpeg\events.hpp(69,46): error C2955: "geode::Event": ╨┤╨╗╤П ╨╕╤Б╨┐╨╛╨╗╤М╨╖╨╛╨▓╨░╨╜╨╕╤П ╨║╨╗╨░╤Б╤Б ╤И╨░╨▒╨╗╨╛╨╜ ╤В╤А╨╡╨▒╤Г╨╡╤В╤Б╤П ╤Б╨┐╨╕╤Б╨╛╨║ ╨░╤А╨│╤Г╨╝╨╡╨╜╤В╨╛╨▓ ╤И╨░╨▒╨╗╨╛╨╜ [C:\Users\KusokMedi\Documents\GitHub\BetterShowcase\build\xdBot2.vcxproj]
  (╨║╨╛╨╝╨┐╨╕╨╗╤П╤Ж╨╕╤П ╨╕╤Б╤Е╨╛╨┤╨╜╨╛╨│╨╛ ╤Д╨░╨╣╨╗╨░ "../src/ui/clickbot_layer.cpp")
      C:\Users\KusokMedi\Documents\Geode\loader\include\Geode\loader\Event.hpp(960,12):
       ╤Б╨╝. ╨╛╨▒╤К╤П╨▓╨╗╨╡╨╜╨╕╨╡ "geode::Event"
  
C:\Users\KusokMedi\Documents\GitHub\BetterShowcase\src\renderer\ffmpeg\events.hpp(79,46): error C2955: "geode::Event": ╨┤╨╗╤П ╨╕╤Б╨┐╨╛╨╗╤М╨╖╨╛╨▓╨░╨╜╨╕╤П ╨║╨╗╨░╤Б╤Б ╤И╨░╨▒╨╗╨╛╨╜ ╤В╤А╨╡╨▒╤Г╨╡╤В╤Б╤П ╤Б╨┐╨╕╤Б╨╛╨║ ╨░╤А╨│╤Г╨╝╨╡╨╜╤В╨╛╨▓ ╤И╨░╨▒╨╗╨╛╨╜ [C:\Users\KusokMedi\Documents\GitHub\BetterShowcase\build\xdBot2.vcxproj]
  (╨║╨╛╨╝╨┐╨╕╨╗╤П╤Ж╨╕╤П ╨╕╤Б╤Е╨╛╨┤╨╜╨╛╨│╨╛ ╤Д╨░╨╣╨╗╨░ "../src/ui/clickbot_layer.cpp")
      C:\Users\KusokMedi\Documents\Geode\loader\include\Geode\loader\Event.hpp(960,12):
       ╤Б╨╝. ╨╛╨▒╤К╤П╨▓╨╗╨╡╨╜╨╕╨╡ "geode::Event"
  
C:\Users\KusokMedi\Documents\GitHub\BetterShowcase\src\renderer\ffmpeg\events.hpp(101,44): error C2955: "geode::Event": ╨┤╨╗╤П ╨╕╤Б╨┐╨╛╨╗╤М╨╖╨╛╨▓╨░╨╜╨╕╤П ╨║╨╗╨░╤Б╤Б ╤И╨░╨▒╨╗╨╛╨╜ ╤В╤А╨╡╨▒╤Г╨╡╤В╤Б╤П ╤Б╨┐╨╕╤Б╨╛╨║ ╨░╤А╨│╤Г╨╝╨╡╨╜╤В╨╛╨▓ ╤И╨░╨▒╨╗╨╛╨╜ [C:\Users\KusokMedi\Documents\GitHub\BetterShowcase\build\xdBot2.vcxproj]
  (╨║╨╛╨╝╨┐╨╕╨╗╤П╤Ж╨╕╤П ╨╕╤Б╤Е╨╛╨┤╨╜╨╛╨│╨╛ ╤Д╨░╨╣╨╗╨░ "../src/ui/clickbot_layer.cpp")
      C:\Users\KusokMedi\Documents\Geode\loader\include\Geode\loader\Event.hpp(960,12):
       ╤Б╨╝. ╨╛╨▒╤К╤П╨▓╨╗╨╡╨╜╨╕╨╡ "geode::Event"
  
C:\Users\KusokMedi\Documents\GitHub\BetterShowcase\src\renderer\ffmpeg\events.hpp(129,21): error C2039: "post": ╨╜╨╡ ╤П╨▓╨╗╤П╨╡╤В╤Б╤П ╤З╨╗╨╡╨╜╨╛╨╝ "ffmpeg::events::impl::CreateRecorderEvent". [C:\Users\KusokMedi\Documents\GitHub\BetterShowcase\build\xdBot2.vcxproj]
  (╨║╨╛╨╝╨┐╨╕╨╗╤П╤Ж╨╕╤П ╨╕╤Б╤Е╨╛╨┤╨╜╨╛╨│╨╛ ╤Д╨░╨╣╨╗╨░ "../src/ui/clickbot_layer.cpp")
      C:\Users\KusokMedi\Documents\GitHub\BetterShowcase\src\renderer\ffmpeg\events.hpp(11,11):
       ╤Б╨╝. ╨╛╨▒╤К╤П╨▓╨╗╨╡╨╜╨╕╨╡ "ffmpeg::events::impl::CreateRecorderEvent"
  
C:\Users\KusokMedi\Documents\GitHub\BetterShowcase\src\renderer\ffmpeg\events.hpp(135,21): error C2039: "post": ╨╜╨╡ ╤П╨▓╨╗╤П╨╡╤В╤Б╤П ╤З╨╗╨╡╨╜╨╛╨╝ "ffmpeg::events::impl::DeleteRecorderEvent". [C:\Users\KusokMedi\Documents\GitHub\BetterShowcase\build\xdBot2.vcxproj]
  (╨║╨╛╨╝╨┐╨╕╨╗╤П╤Ж╨╕╤П ╨╕╤Б╤Е╨╛╨┤╨╜╨╛╨│╨╛ ╤Д╨░╨╣╨╗╨░ "../src/ui/clickbot_layer.cpp")
      C:\Users\KusokMedi\Documents\GitHub\BetterShowcase\src\renderer\ffmpeg\events.hpp(20,11):
       ╤Б╨╝. ╨╛╨▒╤К╤П╨▓╨╗╨╡╨╜╨╕╨╡ "ffmpeg::events::impl::DeleteRecorderEvent"
  
C:\Users\KusokMedi\Documents\GitHub\BetterShowcase\src\renderer\ffmpeg\events.hpp(153,19): error C2039: "post": ╨╜╨╡ ╤П╨▓╨╗╤П╨╡╤В╤Б╤П ╤З╨╗╨╡╨╜╨╛╨╝ "ffmpeg::events::impl::InitRecorderEvent". [C:\Users\KusokMedi\Documents\GitHub\BetterShowcase\build\xdBot2.vcxproj]
  (╨║╨╛╨╝╨┐╨╕╨╗╤П╤Ж╨╕╤П ╨╕╤Б╤Е╨╛╨┤╨╜╨╛╨│╨╛ ╤Д╨░╨╣╨╗╨░ "../src/ui/clickbot_layer.cpp")
      C:\Users\KusokMedi\Documents\GitHub\BetterShowcase\src\renderer\ffmpeg\events.hpp(28,11):
       ╤Б╨╝. ╨╛╨▒╤К╤П╨▓╨╗╨╡╨╜╨╕╨╡ "ffmpeg::events::impl::InitRecorderEvent"
  
C:\Users\KusokMedi\Documents\GitHub\BetterShowcase\src\renderer\ffmpeg\events.hpp(163,40): error C2039: "post": ╨╜╨╡ ╤П╨▓╨╗╤П╨╡╤В╤Б╤П ╤З╨╗╨╡╨╜╨╛╨╝ "ffmpeg::events::impl::StopRecorderEvent". [C:\Users\KusokMedi\Documents\GitHub\BetterShowcase\build\xdBot2.vcxproj]
  (╨║╨╛╨╝╨┐╨╕╨╗╤П╤Ж╨╕╤П ╨╕╤Б╤Е╨╛╨┤╨╜╨╛╨│╨╛ ╤Д╨░╨╣╨╗╨░ "../src/ui/clickbot_layer.cpp")
      C:\Users\KusokMedi\Documents\GitHub\BetterShowcase\src\renderer\ffmpeg\events.hpp(48,11):
       ╤Б╨╝. ╨╛╨▒╤К╤П╨▓╨╗╨╡╨╜╨╕╨╡ "ffmpeg::events::impl::StopRecorderEvent"
  
C:\Users\KusokMedi\Documents\GitHub\BetterShowcase\src\renderer\ffmpeg\events.hpp(182,19): error C2039: "post": ╨╜╨╡ ╤П╨▓╨╗╤П╨╡╤В╤Б╤П ╤З╨╗╨╡╨╜╨╛╨╝ "ffmpeg::events::impl::GetWriteFrameFunctionEvent". [C:\Users\KusokMedi\Documents\GitHub\BetterShowcase\build\xdBot2.vcxproj]
  (╨║╨╛╨╝╨┐╨╕╨╗╤П╤Ж╨╕╤П ╨╕╤Б╤Е╨╛╨┤╨╜╨╛╨│╨╛ ╤Д╨░╨╣╨╗╨░ "../src/ui/clickbot_layer.cpp")
      C:\Users\KusokMedi\Documents\GitHub\BetterShowcase\src\renderer\ffmpeg\events.hpp(58,11):
       ╤Б╨╝. ╨╛╨▒╤К╤П╨▓╨╗╨╡╨╜╨╕╨╡ "ffmpeg::events::impl::GetWriteFrameFunctionEvent"
  
C:\Users\KusokMedi\Documents\GitHub\BetterShowcase\src\renderer\ffmpeg\events.hpp(199,20): error C2039: "post": ╨╜╨╡ ╤П╨▓╨╗╤П╨╡╤В╤Б╤П ╤З╨╗╨╡╨╜╨╛╨╝ "ffmpeg::events::impl::CodecRecorderEvent". [C:\Users\KusokMedi\Documents\GitHub\BetterShowcase\build\xdBot2.vcxproj]
  (╨║╨╛╨╝╨┐╨╕╨╗╤П╤Ж╨╕╤П ╨╕╤Б╤Е╨╛╨┤╨╜╨╛╨│╨╛ ╤Д╨░╨╣╨╗╨░ "../src/ui/clickbot_layer.cpp")
      C:\Users\KusokMedi\Documents\GitHub\BetterShowcase\src\renderer\ffmpeg\events.hpp(69,11):
       ╤Б╨╝. ╨╛╨▒╤К╤П╨▓╨╗╨╡╨╜╨╕╨╡ "ffmpeg::events::impl::CodecRecorderEvent"
  
C:\Users\KusokMedi\Documents\GitHub\BetterShowcase\src\renderer\ffmpeg\events.hpp(225,18): error C2039: "post": ╨╜╨╡ ╤П╨▓╨╗╤П╨╡╤В╤Б╤П ╤З╨╗╨╡╨╜╨╛╨╝ "ffmpeg::events::impl::MixVideoAudioEvent". [C:\Users\KusokMedi\Documents\GitHub\BetterShowcase\build\xdBot2.vcxproj]
  (╨║╨╛╨╝╨┐╨╕╨╗╤П╤Ж╨╕╤П ╨╕╤Б╤Е╨╛╨┤╨╜╨╛╨│╨╛ ╤Д╨░╨╣╨╗╨░ "../src/ui/clickbot_layer.cpp")
      C:\Users\KusokMedi\Documents\GitHub\BetterShowcase\src\renderer\ffmpeg\events.hpp(79,11):
       ╤Б╨╝. ╨╛╨▒╤К╤П╨▓╨╗╨╡╨╜╨╕╨╡ "ffmpeg::events::impl::MixVideoAudioEvent"
  
C:\Users\KusokMedi\Documents\GitHub\BetterShowcase\src\renderer\ffmpeg\events.hpp(244,18): error C2039: "post": ╨╜╨╡ ╤П╨▓╨╗╤П╨╡╤В╤Б╤П ╤З╨╗╨╡╨╜╨╛╨╝ "ffmpeg::events::impl::MixVideoRawEvent". [C:\Users\KusokMedi\Documents\GitHub\BetterShowcase\build\xdBot2.vcxproj]
  (╨║╨╛╨╝╨┐╨╕╨╗╤П╤Ж╨╕╤П ╨╕╤Б╤Е╨╛╨┤╨╜╨╛╨│╨╛ ╤Д╨░╨╣╨╗╨░ "../src/ui/clickbot_layer.cpp")
      C:\Users\KusokMedi\Documents\GitHub\BetterShowcase\src\renderer\ffmpeg\events.hpp(101,11):
       ╤Б╨╝. ╨╛╨▒╤К╤П╨▓╨╗╨╡╨╜╨╕╨╡ "ffmpeg::events::impl::MixVideoRawEvent"
  
C:\Users\KusokMedi\Documents\GitHub\BetterShowcase\src\includes.hpp(82,17): error C2059: ╤Б╨╕╨╜╤В╨░╨║╤Б╨╕╤З╨╡╤Б╨║╨░╤П ╨╛╤И╨╕╨▒╨║╨░: < [C:\Users\KusokMedi\Documents\GitHub\BetterShowcase\build\xdBot2.vcxproj]
  (╨║╨╛╨╝╨┐╨╕╨╗╤П╤Ж╨╕╤П ╨╕╤Б╤Е╨╛╨┤╨╜╨╛╨│╨╛ ╤Д╨░╨╣╨╗╨░ "../src/ui/clickbot_layer.cpp")
  
C:\Users\KusokMedi\Documents\GitHub\BetterShowcase\src\includes.hpp(82,36): error C2238: ╨╜╨╡╨┐╤А╨╡╨┤╨▓╨╕╨┤╨╡╨╜╨╜╤Л╨╡ ╨╗╨╡╨║╤Б╨╡╨╝╤Л ╨┐╨╡╤А╨╡╨┤ ";" [C:\Users\KusokMedi\Documents\GitHub\BetterShowcase\build\xdBot2.vcxproj]
  (╨║╨╛╨╝╨┐╨╕╨╗╤П╤Ж╨╕╤П ╨╕╤Б╤Е╨╛╨┤╨╜╨╛╨│╨╛ ╤Д╨░╨╣╨╗╨░ "../src/ui/clickbot_layer.cpp")
  
C:\Users\KusokMedi\Documents\GitHub\BetterShowcase\src\ui\load_macro_layer.hpp(14,14): error C2059: ╤Б╨╕╨╜╤В╨░╨║╤Б╨╕╤З╨╡╤Б╨║╨░╤П ╨╛╤И╨╕╨▒╨║╨░: < [C:\Users\KusokMedi\Documents\GitHub\BetterShowcase\build\xdBot2.vcxproj]
  (╨║╨╛╨╝╨┐╨╕╨╗╤П╤Ж╨╕╤П ╨╕╤Б╤Е╨╛╨┤╨╜╨╛╨│╨╛ ╤Д╨░╨╣╨╗╨░ "../src/ui/clickbot_layer.cpp")
  
C:\Users\KusokMedi\Documents\GitHub\BetterShowcase\src\ui\load_macro_layer.hpp(14,37): error C2238: ╨╜╨╡╨┐╤А╨╡╨┤╨▓╨╕╨┤╨╡╨╜╨╜╤Л╨╡ ╨╗╨╡╨║╤Б╨╡╨╝╤Л ╨┐╨╡╤А╨╡╨┤ ";" [C:\Users\KusokMedi\Documents\GitHub\BetterShowcase\build\xdBot2.vcxproj]
  (╨║╨╛╨╝╨┐╨╕╨╗╤П╤Ж╨╕╤П ╨╕╤Б╤Е╨╛╨┤╨╜╨╛╨│╨╛ ╤Д╨░╨╣╨╗╨░ "../src/ui/clickbot_layer.cpp")
  
C:\Users\KusokMedi\Documents\GitHub\BetterShowcase\src\ui\load_macro_layer.hpp(15,14): error C2059: ╤Б╨╕╨╜╤В╨░╨║╤Б╨╕╤З╨╡╤Б╨║╨░╤П ╨╛╤И╨╕╨▒╨║╨░: < [C:\Users\KusokMedi\Documents\GitHub\BetterShowcase\build\xdBot2.vcxproj]
  (╨║╨╛╨╝╨┐╨╕╨╗╤П╤Ж╨╕╤П ╨╕╤Б╤Е╨╛╨┤╨╜╨╛╨│╨╛ ╤Д╨░╨╣╨╗╨░ "../src/ui/clickbot_layer.cpp")
  
C:\Users\KusokMedi\Documents\GitHub\BetterShowcase\src\ui\load_macro_layer.hpp(15,38): error C2238: ╨╜╨╡╨┐╤А╨╡╨┤╨▓╨╕╨┤╨╡╨╜╨╜╤Л╨╡ ╨╗╨╡╨║╤Б╨╡╨╝╤Л ╨┐╨╡╤А╨╡╨┤ ";" [C:\Users\KusokMedi\Documents\GitHub\BetterShowcase\build\xdBot2.vcxproj]
  (╨║╨╛╨╝╨┐╨╕╨╗╤П╤Ж╨╕╤П ╨╕╤Б╤Е╨╛╨┤╨╜╨╛╨│╨╛ ╤Д╨░╨╣╨╗╨░ "../src/ui/clickbot_layer.cpp")
  
C:\Users\KusokMedi\Documents\GitHub\BetterShowcase\src\ui\load_macro_layer.hpp(25,103): error C2143: ╤Б╨╕╨╜╤В╨░╨║╤Б╨╕╤З╨╡╤Б╨║╨░╤П ╨╛╤И╨╕╨▒╨║╨░: ╨╛╤В╤Б╤Г╤В╤Б╤В╨▓╨╕╨╡ ")" ╨┐╨╡╤А╨╡╨┤ "<" [C:\Users\KusokMedi\Documents\GitHub\BetterShowcase\build\xdBot2.vcxproj]
  (╨║╨╛╨╝╨┐╨╕╨╗╤П╤Ж╨╕╤П ╨╕╤Б╤Е╨╛╨┤╨╜╨╛╨│╨╛ ╤Д╨░╨╣╨╗╨░ "../src/ui/clickbot_layer.cpp")
  
C:\Users\KusokMedi\Documents\GitHub\BetterShowcase\src\ui\load_macro_layer.hpp(25,103): error C2143: ╤Б╨╕╨╜╤В╨░╨║╤Б╨╕╤З╨╡╤Б╨║╨░╤П ╨╛╤И╨╕╨▒╨║╨░: ╨╛╤В╤Б╤Г╤В╤Б╤В╨▓╨╕╨╡ ";" ╨┐╨╡╤А╨╡╨┤ "<" [C:\Users\KusokMedi\Documents\GitHub\BetterShowcase\build\xdBot2.vcxproj]
  (╨║╨╛╨╝╨┐╨╕╨╗╤П╤Ж╨╕╤П ╨╕╤Б╤Е╨╛╨┤╨╜╨╛╨│╨╛ ╤Д╨░╨╣╨╗╨░ "../src/ui/clickbot_layer.cpp")
  
C:\Users\KusokMedi\Documents\GitHub\BetterShowcase\src\ui\load_macro_layer.hpp(25,103): error C2059: ╤Б╨╕╨╜╤В╨░╨║╤Б╨╕╤З╨╡╤Б╨║╨░╤П ╨╛╤И╨╕╨▒╨║╨░: < [C:\Users\KusokMedi\Documents\GitHub\BetterShowcase\build\xdBot2.vcxproj]
  (╨║╨╛╨╝╨┐╨╕╨╗╤П╤Ж╨╕╤П ╨╕╤Б╤Е╨╛╨┤╨╜╨╛╨│╨╛ ╤Д╨░╨╣╨╗╨░ "../src/ui/clickbot_layer.cpp")
  
C:\Users\KusokMedi\Documents\GitHub\BetterShowcase\src\ui\load_macro_layer.hpp(25,164): error C2059: ╤Б╨╕╨╜╤В╨░╨║╤Б╨╕╤З╨╡╤Б╨║╨░╤П ╨╛╤И╨╕╨▒╨║╨░: ) [C:\Users\KusokMedi\Documents\GitHub\BetterShowcase\build\xdBot2.vcxproj]
  (╨║╨╛╨╝╨┐╨╕╨╗╤П╤Ж╨╕╤П ╨╕╤Б╤Е╨╛╨┤╨╜╨╛╨│╨╛ ╤Д╨░╨╣╨╗╨░ "../src/ui/clickbot_layer.cpp")
  
C:\Users\KusokMedi\Documents\GitHub\BetterShowcase\src\ui\load_macro_layer.hpp(25,165): error C2238: ╨╜╨╡╨┐╤А╨╡╨┤╨▓╨╕╨┤╨╡╨╜╨╜╤Л╨╡ ╨╗╨╡╨║╤Б╨╡╨╝╤Л ╨┐╨╡╤А╨╡╨┤ ";" [C:\Users\KusokMedi\Documents\GitHub\BetterShowcase\build\xdBot2.vcxproj]
  (╨║╨╛╨╝╨┐╨╕╨╗╤П╤Ж╨╕╤П ╨╕╤Б╤Е╨╛╨┤╨╜╨╛╨│╨╛ ╤Д╨░╨╣╨╗╨░ "../src/ui/clickbot_layer.cpp")
  
C:\Users\KusokMedi\Documents\GitHub\BetterShowcase\src\ui\load_macro_layer.hpp(27,88): error C2143: ╤Б╨╕╨╜╤В╨░╨║╤Б╨╕╤З╨╡╤Б╨║╨░╤П ╨╛╤И╨╕╨▒╨║╨░: ╨╛╤В╤Б╤Г╤В╤Б╤В╨▓╨╕╨╡ ")" ╨┐╨╡╤А╨╡╨┤ "<" [C:\Users\KusokMedi\Documents\GitHub\BetterShowcase\build\xdBot2.vcxproj]
  (╨║╨╛╨╝╨┐╨╕╨╗╤П╤Ж╨╕╤П ╨╕╤Б╤Е╨╛╨┤╨╜╨╛╨│╨╛ ╤Д╨░╨╣╨╗╨░ "../src/ui/clickbot_layer.cpp")
  
C:\Users\KusokMedi\Documents\GitHub\BetterShowcase\src\ui\load_macro_layer.hpp(27,88): error C2143: ╤Б╨╕╨╜╤В╨░╨║╤Б╨╕╤З╨╡╤Б╨║╨░╤П ╨╛╤И╨╕╨▒╨║╨░: ╨╛╤В╤Б╤Г╤В╤Б╤В╨▓╨╕╨╡ ";" ╨┐╨╡╤А╨╡╨┤ "<" [C:\Users\KusokMedi\Documents\GitHub\BetterShowcase\build\xdBot2.vcxproj]
  (╨║╨╛╨╝╨┐╨╕╨╗╤П╤Ж╨╕╤П ╨╕╤Б╤Е╨╛╨┤╨╜╨╛╨│╨╛ ╤Д╨░╨╣╨╗╨░ "../src/ui/clickbot_layer.cpp")
  
C:\Users\KusokMedi\Documents\GitHub\BetterShowcase\src\ui\load_macro_layer.hpp(27,88): error C2059: ╤Б╨╕╨╜╤В╨░╨║╤Б╨╕╤З╨╡╤Б╨║╨░╤П ╨╛╤И╨╕╨▒╨║╨░: < [C:\Users\KusokMedi\Documents\GitHub\BetterShowcase\build\xdBot2.vcxproj]
  (╨║╨╛╨╝╨┐╨╕╨╗╤П╤Ж╨╕╤П ╨╕╤Б╤Е╨╛╨┤╨╜╨╛╨│╨╛ ╤Д╨░╨╣╨╗╨░ "../src/ui/clickbot_layer.cpp")
  
C:\Users\KusokMedi\Documents\GitHub\BetterShowcase\src\ui\load_macro_layer.hpp(27,149): error C2059: ╤Б╨╕╨╜╤В╨░╨║╤Б╨╕╤З╨╡╤Б╨║╨░╤П ╨╛╤И╨╕╨▒╨║╨░: ) [C:\Users\KusokMedi\Documents\GitHub\BetterShowcase\build\xdBot2.vcxproj]
  (╨║╨╛╨╝╨┐╨╕╨╗╤П╤Ж╨╕╤П ╨╕╤Б╤Е╨╛╨┤╨╜╨╛╨│╨╛ ╤Д╨░╨╣╨╗╨░ "../src/ui/clickbot_layer.cpp")
  
C:\Users\KusokMedi\Documents\GitHub\BetterShowcase\src\ui\load_macro_layer.hpp(27,150): error C2238: ╨╜╨╡╨┐╤А╨╡╨┤╨▓╨╕╨┤╨╡╨╜╨╜╤Л╨╡ ╨╗╨╡╨║╤Б╨╡╨╝╤Л ╨┐╨╡╤А╨╡╨┤ ";" [C:\Users\KusokMedi\Documents\GitHub\BetterShowcase\build\xdBot2.vcxproj]
  (╨║╨╛╨╝╨┐╨╕╨╗╤П╤Ж╨╕╤П ╨╕╤Б╤Е╨╛╨┤╨╜╨╛╨│╨╛ ╤Д╨░╨╣╨╗╨░ "../src/ui/clickbot_layer.cpp")
  
C:\Users\KusokMedi\Documents\GitHub\BetterShowcase\src\ui\load_macro_layer.hpp(42,43): error C2143: ╤Б╨╕╨╜╤В╨░╨║╤Б╨╕╤З╨╡╤Б╨║╨░╤П ╨╛╤И╨╕╨▒╨║╨░: ╨╛╤В╤Б╤Г╤В╤Б╤В╨▓╨╕╨╡ "," ╨┐╨╡╤А╨╡╨┤ "<" [C:\Users\KusokMedi\Documents\GitHub\BetterShowcase\build\xdBot2.vcxproj]
  (╨║╨╛╨╝╨┐╨╕╨╗╤П╤Ж╨╕╤П ╨╕╤Б╤Е╨╛╨┤╨╜╨╛╨│╨╛ ╤Д╨░╨╣╨╗╨░ "../src/ui/clickbot_layer.cpp")
  
C:\Users\KusokMedi\Documents\GitHub\BetterShowcase\src\ui\load_macro_layer.hpp(45,14): error C2059: ╤Б╨╕╨╜╤В╨░╨║╤Б╨╕╤З╨╡╤Б╨║╨░╤П ╨╛╤И╨╕╨▒╨║╨░: < [C:\Users\KusokMedi\Documents\GitHub\BetterShowcase\build\xdBot2.vcxproj]
  (╨║╨╛╨╝╨┐╨╕╨╗╤П╤Ж╨╕╤П ╨╕╤Б╤Е╨╛╨┤╨╜╨╛╨│╨╛ ╤Д╨░╨╣╨╗╨░ "../src/ui/clickbot_layer.cpp")
  
C:\Users\KusokMedi\Documents\GitHub\BetterShowcase\src\ui\load_macro_layer.hpp(45,37): error C2238: ╨╜╨╡╨┐╤А╨╡╨┤╨▓╨╕╨┤╨╡╨╜╨╜╤Л╨╡ ╨╗╨╡╨║╤Б╨╡╨╝╤Л ╨┐╨╡╤А╨╡╨┤ ";" [C:\Users\KusokMedi\Documents\GitHub\BetterShowcase\build\xdBot2.vcxproj]
  (╨║╨╛╨╝╨┐╨╕╨╗╤П╤Ж╨╕╤П ╨╕╤Б╤Е╨╛╨┤╨╜╨╛╨│╨╛ ╤Д╨░╨╣╨╗╨░ "../src/ui/clickbot_layer.cpp")
  
C:\Users\KusokMedi\Documents\GitHub\BetterShowcase\src\ui\load_macro_layer.hpp(46,14): error C2059: ╤Б╨╕╨╜╤В╨░╨║╤Б╨╕╤З╨╡╤Б╨║╨░╤П ╨╛╤И╨╕╨▒╨║╨░: < [C:\Users\KusokMedi\Documents\GitHub\BetterShowcase\build\xdBot2.vcxproj]
  (╨║╨╛╨╝╨┐╨╕╨╗╤П╤Ж╨╕╤П ╨╕╤Б╤Е╨╛╨┤╨╜╨╛╨│╨╛ ╤Д╨░╨╣╨╗╨░ "../src/ui/clickbot_layer.cpp")
  
C:\Users\KusokMedi\Documents\GitHub\BetterShowcase\src\ui\load_macro_layer.hpp(46,38): error C2238: ╨╜╨╡╨┐╤А╨╡╨┤╨▓╨╕╨┤╨╡╨╜╨╜╤Л╨╡ ╨╗╨╡╨║╤Б╨╡╨╝╤Л ╨┐╨╡╤А╨╡╨┤ ";" [C:\Users\KusokMedi\Documents\GitHub\BetterShowcase\build\xdBot2.vcxproj]
  (╨║╨╛╨╝╨┐╨╕╨╗╤П╤Ж╨╕╤П ╨╕╤Б╤Е╨╛╨┤╨╜╨╛╨│╨╛ ╤Д╨░╨╣╨╗╨░ "../src/ui/clickbot_layer.cpp")
  
C:\Users\KusokMedi\Documents\GitHub\BetterShowcase\src\ui\load_macro_layer.hpp(69,44): error C2143: ╤Б╨╕╨╜╤В╨░╨║╤Б╨╕╤З╨╡╤Б╨║╨░╤П ╨╛╤И╨╕╨▒╨║╨░: ╨╛╤В╤Б╤Г╤В╤Б╤В╨▓╨╕╨╡ ")" ╨┐╨╡╤А╨╡╨┤ "<" [C:\Users\KusokMedi\Documents\GitHub\BetterShowcase\build\xdBot2.vcxproj]
  (╨║╨╛╨╝╨┐╨╕╨╗╤П╤Ж╨╕╤П ╨╕╤Б╤Е╨╛╨┤╨╜╨╛╨│╨╛ ╤Д╨░╨╣╨╗╨░ "../src/ui/clickbot_layer.cpp")
  
C:\Users\KusokMedi\Documents\GitHub\BetterShowcase\src\ui\load_macro_layer.hpp(69,44): error C2143: ╤Б╨╕╨╜╤В╨░╨║╤Б╨╕╤З╨╡╤Б╨║╨░╤П ╨╛╤И╨╕╨▒╨║╨░: ╨╛╤В╤Б╤Г╤В╤Б╤В╨▓╨╕╨╡ ";" ╨┐╨╡╤А╨╡╨┤ "<" [C:\Users\KusokMedi\Documents\GitHub\BetterShowcase\build\xdBot2.vcxproj]
  (╨║╨╛╨╝╨┐╨╕╨╗╤П╤Ж╨╕╤П ╨╕╤Б╤Е╨╛╨┤╨╜╨╛╨│╨╛ ╤Д╨░╨╣╨╗╨░ "../src/ui/clickbot_layer.cpp")
  
C:\Users\KusokMedi\Documents\GitHub\BetterShowcase\src\ui\load_macro_layer.hpp(69,44): error C2059: ╤Б╨╕╨╜╤В╨░╨║╤Б╨╕╤З╨╡╤Б╨║╨░╤П ╨╛╤И╨╕╨▒╨║╨░: < [C:\Users\KusokMedi\Documents\GitHub\BetterShowcase\build\xdBot2.vcxproj]
  (╨║╨╛╨╝╨┐╨╕╨╗╤П╤Ж╨╕╤П ╨╕╤Б╤Е╨╛╨┤╨╜╨╛╨│╨╛ ╤Д╨░╨╣╨╗╨░ "../src/ui/clickbot_layer.cpp")
  
C:\Users\KusokMedi\Documents\GitHub\BetterShowcase\src\ui\load_macro_layer.hpp(69,93): error C2059: ╤Б╨╕╨╜╤В╨░╨║╤Б╨╕╤З╨╡╤Б╨║╨░╤П ╨╛╤И╨╕╨▒╨║╨░: ) [C:\Users\KusokMedi\Documents\GitHub\BetterShowcase\build\xdBot2.vcxproj]
  (╨║╨╛╨╝╨┐╨╕╨╗╤П╤Ж╨╕╤П ╨╕╤Б╤Е╨╛╨┤╨╜╨╛╨│╨╛ ╤Д╨░╨╣╨╗╨░ "../src/ui/clickbot_layer.cpp")
  
C:\Users\KusokMedi\Documents\GitHub\BetterShowcase\src\ui\load_macro_layer.hpp(69,94): error C2238: ╨╜╨╡╨┐╤А╨╡╨┤╨▓╨╕╨┤╨╡╨╜╨╜╤Л╨╡ ╨╗╨╡╨║╤Б╨╡╨╝╤Л ╨┐╨╡╤А╨╡╨┤ ";" [C:\Users\KusokMedi\Documents\GitHub\BetterShowcase\build\xdBot2.vcxproj]
  (╨║╨╛╨╝╨┐╨╕╨╗╤П╤Ж╨╕╤П ╨╕╤Б╤Е╨╛╨┤╨╜╨╛╨│╨╛ ╤Д╨░╨╣╨╗╨░ "../src/ui/clickbot_layer.cpp")
  
C:\Users\KusokMedi\Documents\GitHub\BetterShowcase\src\ui\load_macro_layer.hpp(71,25): error C2143: ╤Б╨╕╨╜╤В╨░╨║╤Б╨╕╤З╨╡╤Б╨║╨░╤П ╨╛╤И╨╕╨▒╨║╨░: ╨╛╤В╤Б╤Г╤В╤Б╤В╨▓╨╕╨╡ ")" ╨┐╨╡╤А╨╡╨┤ "<" [C:\Users\KusokMedi\Documents\GitHub\BetterShowcase\build\xdBot2.vcxproj]
  (╨║╨╛╨╝╨┐╨╕╨╗╤П╤Ж╨╕╤П ╨╕╤Б╤Е╨╛╨┤╨╜╨╛╨│╨╛ ╤Д╨░╨╣╨╗╨░ "../src/ui/clickbot_layer.cpp")
  
C:\Users\KusokMedi\Documents\GitHub\BetterShowcase\src\ui\load_macro_layer.hpp(71,25): error C2143: ╤Б╨╕╨╜╤В╨░╨║╤Б╨╕╤З╨╡╤Б╨║╨░╤П ╨╛╤И╨╕╨▒╨║╨░: ╨╛╤В╤Б╤Г╤В╤Б╤В╨▓╨╕╨╡ ";" ╨┐╨╡╤А╨╡╨┤ "<" [C:\Users\KusokMedi\Documents\GitHub\BetterShowcase\build\xdBot2.vcxproj]
  (╨║╨╛╨╝╨┐╨╕╨╗╤П╤Ж╨╕╤П ╨╕╤Б╤Е╨╛╨┤╨╜╨╛╨│╨╛ ╤Д╨░╨╣╨╗╨░ "../src/ui/clickbot_layer.cpp")
  
C:\Users\KusokMedi\Documents\GitHub\BetterShowcase\src\ui\load_macro_layer.hpp(71,25): error C2059: ╤Б╨╕╨╜╤В╨░╨║╤Б╨╕╤З╨╡╤Б╨║╨░╤П ╨╛╤И╨╕╨▒╨║╨░: < [C:\Users\KusokMedi\Documents\GitHub\BetterShowcase\build\xdBot2.vcxproj]
  (╨║╨╛╨╝╨┐╨╕╨╗╤П╤Ж╨╕╤П ╨╕╤Б╤Е╨╛╨┤╨╜╨╛╨│╨╛ ╤Д╨░╨╣╨╗╨░ "../src/ui/clickbot_layer.cpp")
  
C:\Users\KusokMedi\Documents\GitHub\BetterShowcase\src\ui\load_macro_layer.hpp(71,74): error C2059: ╤Б╨╕╨╜╤В╨░╨║╤Б╨╕╤З╨╡╤Б╨║╨░╤П ╨╛╤И╨╕╨▒╨║╨░: ) [C:\Users\KusokMedi\Documents\GitHub\BetterShowcase\build\xdBot2.vcxproj]
  (╨║╨╛╨╝╨┐╨╕╨╗╤П╤Ж╨╕╤П ╨╕╤Б╤Е╨╛╨┤╨╜╨╛╨│╨╛ ╤Д╨░╨╣╨╗╨░ "../src/ui/clickbot_layer.cpp")
  
C:\Users\KusokMedi\Documents\GitHub\BetterShowcase\src\ui\load_macro_layer.hpp(71,84): error C2238: ╨╜╨╡╨┐╤А╨╡╨┤╨▓╨╕╨┤╨╡╨╜╨╜╤Л╨╡ ╨╗╨╡╨║╤Б╨╡╨╝╤Л ╨┐╨╡╤А╨╡╨┤ ";" [C:\Users\KusokMedi\Documents\GitHub\BetterShowcase\build\xdBot2.vcxproj]
  (╨║╨╛╨╝╨┐╨╕╨╗╤П╤Ж╨╕╤П ╨╕╤Б╤Е╨╛╨┤╨╜╨╛╨│╨╛ ╤Д╨░╨╣╨╗╨░ "../src/ui/clickbot_layer.cpp")
  
C:\Users\KusokMedi\Documents\GitHub\BetterShowcase\src\ui\load_macro_layer.hpp(73,31): error C2143: ╤Б╨╕╨╜╤В╨░╨║╤Б╨╕╤З╨╡╤Б╨║╨░╤П ╨╛╤И╨╕╨▒╨║╨░: ╨╛╤В╤Б╤Г╤В╤Б╤В╨▓╨╕╨╡ ")" ╨┐╨╡╤А╨╡╨┤ "<" [C:\Users\KusokMedi\Documents\GitHub\BetterShowcase\build\xdBot2.vcxproj]
  (╨║╨╛╨╝╨┐╨╕╨╗╤П╤Ж╨╕╤П ╨╕╤Б╤Е╨╛╨┤╨╜╨╛╨│╨╛ ╤Д╨░╨╣╨╗╨░ "../src/ui/clickbot_layer.cpp")
  
C:\Users\KusokMedi\Documents\GitHub\BetterShowcase\src\ui\load_macro_layer.hpp(73,31): error C2143: ╤Б╨╕╨╜╤В╨░╨║╤Б╨╕╤З╨╡╤Б╨║╨░╤П ╨╛╤И╨╕╨▒╨║╨░: ╨╛╤В╤Б╤Г╤В╤Б╤В╨▓╨╕╨╡ ";" ╨┐╨╡╤А╨╡╨┤ "<" [C:\Users\KusokMedi\Documents\GitHub\BetterShowcase\build\xdBot2.vcxproj]
  (╨║╨╛╨╝╨┐╨╕╨╗╤П╤Ж╨╕╤П ╨╕╤Б╤Е╨╛╨┤╨╜╨╛╨│╨╛ ╤Д╨░╨╣╨╗╨░ "../src/ui/clickbot_layer.cpp")
  
C:\Users\KusokMedi\Documents\GitHub\BetterShowcase\src\ui\load_macro_layer.hpp(73,31): error C2059: ╤Б╨╕╨╜╤В╨░╨║╤Б╨╕╤З╨╡╤Б╨║╨░╤П ╨╛╤И╨╕╨▒╨║╨░: < [C:\Users\KusokMedi\Documents\GitHub\BetterShowcase\build\xdBot2.vcxproj]
  (╨║╨╛╨╝╨┐╨╕╨╗╤П╤Ж╨╕╤П ╨╕╤Б╤Е╨╛╨┤╨╜╨╛╨│╨╛ ╤Д╨░╨╣╨╗╨░ "../src/ui/clickbot_layer.cpp")
  
C:\Users\KusokMedi\Documents\GitHub\BetterShowcase\src\ui\load_macro_layer.hpp(73,88): error C2059: ╤Б╨╕╨╜╤В╨░╨║╤Б╨╕╤З╨╡╤Б╨║╨░╤П ╨╛╤И╨╕╨▒╨║╨░: ) [C:\Users\KusokMedi\Documents\GitHub\BetterShowcase\build\xdBot2.vcxproj]
  (╨║╨╛╨╝╨┐╨╕╨╗╤П╤Ж╨╕╤П ╨╕╤Б╤Е╨╛╨┤╨╜╨╛╨│╨╛ ╤Д╨░╨╣╨╗╨░ "../src/ui/clickbot_layer.cpp")
  
C:\Users\KusokMedi\Documents\GitHub\BetterShowcase\src\ui\load_macro_layer.hpp(73,89): error C2238: ╨╜╨╡╨┐╤А╨╡╨┤╨▓╨╕╨┤╨╡╨╜╨╜╤Л╨╡ ╨╗╨╡╨║╤Б╨╡╨╝╤Л ╨┐╨╡╤А╨╡╨┤ ";" [C:\Users\KusokMedi\Documents\GitHub\BetterShowcase\build\xdBot2.vcxproj]
  (╨║╨╛╨╝╨┐╨╕╨╗╤П╤Ж╨╕╤П ╨╕╤Б╤Е╨╛╨┤╨╜╨╛╨│╨╛ ╤Д╨░╨╣╨╗╨░ "../src/ui/clickbot_layer.cpp")
  
C:\Users\KusokMedi\Documents\GitHub\BetterShowcase\src\ui\load_macro_layer.hpp(79,7): error C3668: LoadMacroLayer::textChanged: ╨╝╨╡╤В╨╛╨┤ ╤Б╨╛ ╤Б╨┐╨╡╤Ж╨╕╤Д╨╕╨║╨░╤В╨╛╤А╨╛╨╝ ╨┐╨╡╤А╨╡╨╛╨┐╤А╨╡╨┤╨╡╨╗╨╡╨╜╨╕╤П "override" ╨╜╨╡ ╨┐╨╡╤А╨╡╨╛╨┐╤А╨╡╨┤╨╡╨╗╤П╨╡╤В ╨║╨░╨║╨╕╨╡-╨╗╨╕╨▒╨╛ ╨╝╨╡╤В╨╛╨┤╤Л ╨▒╨░╨╖╨╛╨▓╨╛╨│╨╛ ╨║╨╗╨░╤Б╤Б╨░ [C:\Users\KusokMedi\Documents\GitHub\BetterShowcase\build\xdBot2.vcxproj]
  (╨║╨╛╨╝╨┐╨╕╨╗╤П╤Ж╨╕╤П ╨╕╤Б╤Е╨╛╨┤╨╜╨╛╨│╨╛ ╤Д╨░╨╣╨╗╨░ "../src/ui/clickbot_layer.cpp")
  
C:\Users\KusokMedi\Documents\GitHub\BetterShowcase\src\ui\render_settings_layer.hpp(5,48): error C2143: ╤Б╨╕╨╜╤В╨░╨║╤Б╨╕╤З╨╡╤Б╨║╨░╤П ╨╛╤И╨╕╨▒╨║╨░: ╨╛╤В╤Б╤Г╤В╤Б╤В╨▓╨╕╨╡ "," ╨┐╨╡╤А╨╡╨┤ "<" [C:\Users\KusokMedi\Documents\GitHub\BetterShowcase\build\xdBot2.vcxproj]
  (╨║╨╛╨╝╨┐╨╕╨╗╤П╤Ж╨╕╤П ╨╕╤Б╤Е╨╛╨┤╨╜╨╛╨│╨╛ ╤Д╨░╨╣╨╗╨░ "../src/ui/clickbot_layer.cpp")
  
C:\Users\KusokMedi\Documents\GitHub\BetterShowcase\src\ui\render_settings_layer.hpp(27,7): error C3668: RenderSettingsLayer::setup: ╨╝╨╡╤В╨╛╨┤ ╤Б╨╛ ╤Б╨┐╨╡╤Ж╨╕╤Д╨╕╨║╨░╤В╨╛╤А╨╛╨╝ ╨┐╨╡╤А╨╡╨╛╨┐╤А╨╡╨┤╨╡╨╗╨╡╨╜╨╕╤П "override" ╨╜╨╡ ╨┐╨╡╤А╨╡╨╛╨┐╤А╨╡╨┤╨╡╨╗╤П╨╡╤В ╨║╨░╨║╨╕╨╡-╨╗╨╕╨▒╨╛ ╨╝╨╡╤В╨╛╨┤╤Л ╨▒╨░╨╖╨╛╨▓╨╛╨│╨╛ ╨║╨╗╨░╤Б╤Б╨░ [C:\Users\KusokMedi\Documents\GitHub\BetterShowcase\build\xdBot2.vcxproj]
  (╨║╨╛╨╝╨┐╨╕╨╗╤П╤Ж╨╕╤П ╨╕╤Б╤Е╨╛╨┤╨╜╨╛╨│╨╛ ╤Д╨░╨╣╨╗╨░ "../src/ui/clickbot_layer.cpp")
  
C:\Users\KusokMedi\Documents\GitHub\BetterShowcase\src\ui\render_settings_layer.hpp(41,7): error C3668: RenderSettingsLayer::textChanged: ╨╝╨╡╤В╨╛╨┤ ╤Б╨╛ ╤Б╨┐╨╡╤Ж╨╕╤Д╨╕╨║╨░╤В╨╛╤А╨╛╨╝ ╨┐╨╡╤А╨╡╨╛╨┐╤А╨╡╨┤╨╡╨╗╨╡╨╜╨╕╤П "override" ╨╜╨╡ ╨┐╨╡╤А╨╡╨╛╨┐╤А╨╡╨┤╨╡╨╗╤П╨╡╤В ╨║╨░╨║╨╕╨╡-╨╗╨╕╨▒╨╛ ╨╝╨╡╤В╨╛╨┤╤Л ╨▒╨░╨╖╨╛╨▓╨╛╨│╨╛ ╨║╨╗╨░╤Б╤Б╨░ [C:\Users\KusokMedi\Documents\GitHub\BetterShowcase\build\xdBot2.vcxproj]
  (╨║╨╛╨╝╨┐╨╕╨╗╤П╤Ж╨╕╤П ╨╕╤Б╤Е╨╛╨┤╨╜╨╛╨│╨╛ ╤Д╨░╨╣╨╗╨░ "../src/ui/clickbot_layer.cpp")
  
C:\Users\KusokMedi\Documents\GitHub\BetterShowcase\src\ui\render_settings_layer.hpp(31,2): error C2039: "initAnchored": ╨╜╨╡ ╤П╨▓╨╗╤П╨╡╤В╤Б╤П ╤З╨╗╨╡╨╜╨╛╨╝ "RenderSettingsLayer". [C:\Users\KusokMedi\Documents\GitHub\BetterShowcase\build\xdBot2.vcxproj]
  (╨║╨╛╨╝╨┐╨╕╨╗╤П╤Ж╨╕╤П ╨╕╤Б╤Е╨╛╨┤╨╜╨╛╨│╨╛ ╤Д╨░╨╣╨╗╨░ "../src/ui/clickbot_layer.cpp")
      C:\Users\KusokMedi\Documents\GitHub\BetterShowcase\src\ui\render_settings_layer.hpp(5,7):
       ╤Б╨╝. ╨╛╨▒╤К╤П╨▓╨╗╨╡╨╜╨╕╨╡ "RenderSettingsLayer"
  
C:\Users\KusokMedi\Documents\GitHub\BetterShowcase\src\ui\save_macro_layer.hpp(4,43): error C2143: ╤Б╨╕╨╜╤В╨░╨║╤Б╨╕╤З╨╡╤Б╨║╨░╤П ╨╛╤И╨╕╨▒╨║╨░: ╨╛╤В╤Б╤Г╤В╤Б╤В╨▓╨╕╨╡ "," ╨┐╨╡╤А╨╡╨┤ "<" [C:\Users\KusokMedi\Documents\GitHub\BetterShowcase\build\xdBot2.vcxproj]
  (╨║╨╛╨╝╨┐╨╕╨╗╤П╤Ж╨╕╤П ╨╕╤Б╤Е╨╛╨┤╨╜╨╛╨│╨╛ ╤Д╨░╨╣╨╗╨░ "../src/ui/clickbot_layer.cpp")
  
C:\Users\KusokMedi\Documents\GitHub\BetterShowcase\src\ui\save_macro_layer.hpp(14,10): error C3668: SaveMacroLayer::setup: ╨╝╨╡╤В╨╛╨┤ ╤Б╨╛ ╤Б╨┐╨╡╤Ж╨╕╤Д╨╕╨║╨░╤В╨╛╤А╨╛╨╝ ╨┐╨╡╤А╨╡╨╛╨┐╤А╨╡╨┤╨╡╨╗╨╡╨╜╨╕╤П "override" ╨╜╨╡ ╨┐╨╡╤А╨╡╨╛╨┐╤А╨╡╨┤╨╡╨╗╤П╨╡╤В ╨║╨░╨║╨╕╨╡-╨╗╨╕╨▒╨╛ ╨╝╨╡╤В╨╛╨┤╤Л ╨▒╨░╨╖╨╛╨▓╨╛╨│╨╛ ╨║╨╗╨░╤Б╤Б╨░ [C:\Users\KusokMedi\Documents\GitHub\BetterShowcase\build\xdBot2.vcxproj]
  (╨║╨╛╨╝╨┐╨╕╨╗╤П╤Ж╨╕╤П ╨╕╤Б╤Е╨╛╨┤╨╜╨╛╨│╨╛ ╤Д╨░╨╣╨╗╨░ "../src/ui/clickbot_layer.cpp")
  
C:\Users\KusokMedi\Documents\GitHub\BetterShowcase\src\ui\save_macro_layer.hpp(15,16): error C2664: "void Utils::setBackgroundColor(cocos2d::extension::CCScale9Sprite *)": ╨╜╨╡╨▓╨╛╨╖╨╝╨╛╨╢╨╜╨╛ ╨┐╤А╨╡╨╛╨▒╤А╨░╨╖╨╛╨▓╨░╤В╤М ╨░╤А╨│╤Г╨╝╨╡╨╜╤В 1 ╨╕╨╖ "geode::NineSlice *" ╨▓ "cocos2d::extension::CCScale9Sprite *" [C:\Users\KusokMedi\Documents\GitHub\BetterShowcase\build\xdBot2.vcxproj]
  (╨║╨╛╨╝╨┐╨╕╨╗╤П╤Ж╨╕╤П ╨╕╤Б╤Е╨╛╨┤╨╜╨╛╨│╨╛ ╤Д╨░╨╣╨╗╨░ "../src/ui/clickbot_layer.cpp")
      C:\Users\KusokMedi\Documents\GitHub\BetterShowcase\src\ui\save_macro_layer.hpp(15,35):
      ╨в╨╕╨┐╤Л, ╨╜╨░ ╨║╨╛╤В╨╛╤А╤Л╨╡ ╤Г╨║╨░╨╖╤Л╨▓╨░╤О╤В ╤Г╨║╨░╨╖╨░╤В╨╡╨╗╨╕, ╨╜╨╡ ╤Б╨▓╤П╨╖╨░╨╜╤Л; ╨┤╨╗╤П ╨┐╤А╨╡╨╛╨▒╤А╨░╨╖╨╛╨▓╨░╨╜╨╕╤П ╤В╤А╨╡╨▒╤Г╨╡╤В╤Б╤П reinterpret_cast, ╨┐╤А╨╕╨▓╨╡╨┤╨╡╨╜╨╕╨╡ ╨▓ ╤Б╤В╨╕╨╗╨╡ ╨б ╨╕╨╗╨╕ ╨┐╤А╨╕╨▓╨╡╨┤╨╡╨╜╨╕╨╡ ╨▓ ╤Б╤В╨╕╨╗╨╡ ╤Д╤Г╨╜╨║╤Ж╨╕╨╕ ╨▓ ╨║╤А╤Г╨│╨╗╤Л╤Е ╤Б╨║╨╛╨▒╨║╨░╤Е
      C:\Users\KusokMedi\Documents\GitHub\BetterShowcase\src\utils\utils.hpp(18,17):
       ╤Б╨╝. ╨╛╨▒╤К╤П╨▓╨╗╨╡╨╜╨╕╨╡ "Utils::setBackgroundColor"
      C:\Users\KusokMedi\Documents\GitHub\BetterShowcase\src\ui\save_macro_layer.hpp(15,16):
      ╨┐╤А╨╕ ╨┐╨╛╨┐╤Л╤В╨║╨╡ ╤Б╨╛╨┐╨╛╤Б╤В╨░╨▓╨╕╤В╤М ╤Б╨┐╨╕╤Б╨╛╨║ ╨░╤А╨│╤Г╨╝╨╡╨╜╤В╨╛╨▓ "(geode::NineSlice *)"
  
C:\Users\KusokMedi\Documents\GitHub\BetterShowcase\src\ui\save_macro_layer.hpp(73,5): error C2039: "initAnchored": ╨╜╨╡ ╤П╨▓╨╗╤П╨╡╤В╤Б╤П ╤З╨╗╨╡╨╜╨╛╨╝ "SaveMacroLayer". [C:\Users\KusokMedi\Documents\GitHub\BetterShowcase\build\xdBot2.vcxproj]
  (╨║╨╛╨╝╨┐╨╕╨╗╤П╤Ж╨╕╤П ╨╕╤Б╤Е╨╛╨┤╨╜╨╛╨│╨╛ ╤Д╨░╨╣╨╗╨░ "../src/ui/clickbot_layer.cpp")
      C:\Users\KusokMedi\Documents\GitHub\BetterShowcase\src\ui\save_macro_layer.hpp(4,7):
       ╤Б╨╝. ╨╛╨▒╤К╤П╨▓╨╗╨╡╨╜╨╕╨╡ "SaveMacroLayer"
  
C:\Users\KusokMedi\Documents\GitHub\BetterShowcase\src\ui\macro_info_layer.hpp(5,43): error C2143: ╤Б╨╕╨╜╤В╨░╨║╤Б╨╕╤З╨╡╤Б╨║╨░╤П ╨╛╤И╨╕╨▒╨║╨░: ╨╛╤В╤Б╤Г╤В╤Б╤В╨▓╨╕╨╡ "," ╨┐╨╡╤А╨╡╨┤ "<" [C:\Users\KusokMedi\Documents\GitHub\BetterShowcase\build\xdBot2.vcxproj]
  (╨║╨╛╨╝╨┐╨╕╨╗╤П╤Ж╨╕╤П ╨╕╤Б╤Е╨╛╨┤╨╜╨╛╨│╨╛ ╤Д╨░╨╣╨╗╨░ "../src/ui/clickbot_layer.cpp")
  
C:\Users\KusokMedi\Documents\GitHub\BetterShowcase\src\ui\macro_info_layer.hpp(21,10): error C3668: MacroInfoLayer::setup: ╨╝╨╡╤В╨╛╨┤ ╤Б╨╛ ╤Б╨┐╨╡╤Ж╨╕╤Д╨╕╨║╨░╤В╨╛╤А╨╛╨╝ ╨┐╨╡╤А╨╡╨╛╨┐╤А╨╡╨┤╨╡╨╗╨╡╨╜╨╕╤П "override" ╨╜╨╡ ╨┐╨╡╤А╨╡╨╛╨┐╤А╨╡╨┤╨╡╨╗╤П╨╡╤В ╨║╨░╨║╨╕╨╡-╨╗╨╕╨▒╨╛ ╨╝╨╡╤В╨╛╨┤╤Л ╨▒╨░╨╖╨╛╨▓╨╛╨│╨╛ ╨║╨╗╨░╤Б╤Б╨░ [C:\Users\KusokMedi\Documents\GitHub\BetterShowcase\build\xdBot2.vcxproj]
  (╨║╨╛╨╝╨┐╨╕╨╗╤П╤Ж╨╕╤П ╨╕╤Б╤Е╨╛╨┤╨╜╨╛╨│╨╛ ╤Д╨░╨╣╨╗╨░ "../src/ui/clickbot_layer.cpp")
  
C:\Users\KusokMedi\Documents\GitHub\BetterShowcase\src\ui\macro_info_layer.hpp(11,18): error C2039: "initAnchored": ╨╜╨╡ ╤П╨▓╨╗╤П╨╡╤В╤Б╤П ╤З╨╗╨╡╨╜╨╛╨╝ "MacroInfoLayer". [C:\Users\KusokMedi\Documents\GitHub\BetterShowcase\build\xdBot2.vcxproj]
  (╨║╨╛╨╝╨┐╨╕╨╗╤П╤Ж╨╕╤П ╨╕╤Б╤Е╨╛╨┤╨╜╨╛╨│╨╛ ╤Д╨░╨╣╨╗╨░ "../src/ui/clickbot_layer.cpp")
      C:\Users\KusokMedi\Documents\GitHub\BetterShowcase\src\ui\macro_info_layer.hpp(5,7):
       ╤Б╨╝. ╨╛╨▒╤К╤П╨▓╨╗╨╡╨╜╨╕╨╡ "MacroInfoLayer"
  
C:\Users\KusokMedi\Documents\GitHub\BetterShowcase\src\ui\record_layer.hpp(34,40): error C2143: ╤Б╨╕╨╜╤В╨░╨║╤Б╨╕╤З╨╡╤Б╨║╨░╤П ╨╛╤И╨╕╨▒╨║╨░: ╨╛╤В╤Б╤Г╤В╤Б╤В╨▓╨╕╨╡ "," ╨┐╨╡╤А╨╡╨┤ "<" [C:\Users\KusokMedi\Documents\GitHub\BetterShowcase\build\xdBot2.vcxproj]
  (╨║╨╛╨╝╨┐╨╕╨╗╤П╤Ж╨╕╤П ╨╕╤Б╤Е╨╛╨┤╨╜╨╛╨│╨╛ ╤Д╨░╨╣╨╗╨░ "../src/ui/clickbot_layer.cpp")
  
C:\Users\KusokMedi\Documents\GitHub\BetterShowcase\src\ui\record_layer.hpp(76,7): error C3668: RecordLayer::setup: ╨╝╨╡╤В╨╛╨┤ ╤Б╨╛ ╤Б╨┐╨╡╤Ж╨╕╤Д╨╕╨║╨░╤В╨╛╤А╨╛╨╝ ╨┐╨╡╤А╨╡╨╛╨┐╤А╨╡╨┤╨╡╨╗╨╡╨╜╨╕╤П "override" ╨╜╨╡ ╨┐╨╡╤А╨╡╨╛╨┐╤А╨╡╨┤╨╡╨╗╤П╨╡╤В ╨║╨░╨║╨╕╨╡-╨╗╨╕╨▒╨╛ ╨╝╨╡╤В╨╛╨┤╤Л ╨▒╨░╨╖╨╛╨▓╨╛╨│╨╛ ╨║╨╗╨░╤Б╤Б╨░ [C:\Users\KusokMedi\Documents\GitHub\BetterShowcase\build\xdBot2.vcxproj]
  (╨║╨╛╨╝╨┐╨╕╨╗╤П╤Ж╨╕╤П ╨╕╤Б╤Е╨╛╨┤╨╜╨╛╨│╨╛ ╤Д╨░╨╣╨╗╨░ "../src/ui/clickbot_layer.cpp")
  
C:\Users\KusokMedi\Documents\GitHub\BetterShowcase\src\ui\record_layer.hpp(91,7): error C3668: RecordLayer::textChanged: ╨╝╨╡╤В╨╛╨┤ ╤Б╨╛ ╤Б╨┐╨╡╤Ж╨╕╤Д╨╕╨║╨░╤В╨╛╤А╨╛╨╝ ╨┐╨╡╤А╨╡╨╛╨┐╤А╨╡╨┤╨╡╨╗╨╡╨╜╨╕╤П "override" ╨╜╨╡ ╨┐╨╡╤А╨╡╨╛╨┐╤А╨╡╨┤╨╡╨╗╤П╨╡╤В ╨║╨░╨║╨╕╨╡-╨╗╨╕╨▒╨╛ ╨╝╨╡╤В╨╛╨┤╤Л ╨▒╨░╨╖╨╛╨▓╨╛╨│╨╛ ╨║╨╗╨░╤Б╤Б╨░ [C:\Users\KusokMedi\Documents\GitHub\BetterShowcase\build\xdBot2.vcxproj]
  (╨║╨╛╨╝╨┐╨╕╨╗╤П╤Ж╨╕╤П ╨╕╤Б╤Е╨╛╨┤╨╜╨╛╨│╨╛ ╤Д╨░╨╣╨╗╨░ "../src/ui/clickbot_layer.cpp")
  
C:\Users\KusokMedi\Documents\GitHub\BetterShowcase\src\ui\record_layer.hpp(80,20): error C2039: "layer": ╨╜╨╡ ╤П╨▓╨╗╤П╨╡╤В╤Б╤П ╤З╨╗╨╡╨╜╨╛╨╝ "Global". [C:\Users\KusokMedi\Documents\GitHub\BetterShowcase\build\xdBot2.vcxproj]
  (╨║╨╛╨╝╨┐╨╕╨╗╤П╤Ж╨╕╤П ╨╕╤Б╤Е╨╛╨┤╨╜╨╛╨│╨╛ ╤Д╨░╨╣╨╗╨░ "../src/ui/clickbot_layer.cpp")
      C:\Users\KusokMedi\Documents\GitHub\BetterShowcase\src\includes.hpp(46,7):
       ╤Б╨╝. ╨╛╨▒╤К╤П╨▓╨╗╨╡╨╜╨╕╨╡ "Global"
  
C:\Users\KusokMedi\Documents\GitHub\BetterShowcase\src\ui\record_layer.hpp(87,2): error C2039: "initAnchored": ╨╜╨╡ ╤П╨▓╨╗╤П╨╡╤В╤Б╤П ╤З╨╗╨╡╨╜╨╛╨╝ "RecordLayer". [C:\Users\KusokMedi\Documents\GitHub\BetterShowcase\build\xdBot2.vcxproj]
  (╨║╨╛╨╝╨┐╨╕╨╗╤П╤Ж╨╕╤П ╨╕╤Б╤Е╨╛╨┤╨╜╨╛╨│╨╛ ╤Д╨░╨╣╨╗╨░ "../src/ui/clickbot_layer.cpp")
      C:\Users\KusokMedi\Documents\GitHub\BetterShowcase\src\ui\record_layer.hpp(34,7):
       ╤Б╨╝. ╨╛╨▒╤К╤П╨▓╨╗╨╡╨╜╨╕╨╡ "RecordLayer"
  
C:\Users\KusokMedi\Documents\GitHub\BetterShowcase\src\ui\clickbot_layer.hpp(9,47): error C2143: ╤Б╨╕╨╜╤В╨░╨║╤Б╨╕╤З╨╡╤Б╨║╨░╤П ╨╛╤И╨╕╨▒╨║╨░: ╨╛╤В╤Б╤Г╤В╤Б╤В╨▓╨╕╨╡ "," ╨┐╨╡╤А╨╡╨┤ "<" [C:\Users\KusokMedi\Documents\GitHub\BetterShowcase\build\xdBot2.vcxproj]
  (╨║╨╛╨╝╨┐╨╕╨╗╤П╤Ж╨╕╤П ╨╕╤Б╤Е╨╛╨┤╨╜╨╛╨│╨╛ ╤Д╨░╨╣╨╗╨░ "../src/ui/clickbot_layer.cpp")
  
C:\Users\KusokMedi\Documents\GitHub\BetterShowcase\src\ui\clickbot_layer.hpp(25,48): error C2143: ╤Б╨╕╨╜╤В╨░╨║╤Б╨╕╤З╨╡╤Б╨║╨░╤П ╨╛╤И╨╕╨▒╨║╨░: ╨╛╤В╤Б╤Г╤В╤Б╤В╨▓╨╕╨╡ ")" ╨┐╨╡╤А╨╡╨┤ "<" [C:\Users\KusokMedi\Documents\GitHub\BetterShowcase\build\xdBot2.vcxproj]
  (╨║╨╛╨╝╨┐╨╕╨╗╤П╤Ж╨╕╤П ╨╕╤Б╤Е╨╛╨┤╨╜╨╛╨│╨╛ ╤Д╨░╨╣╨╗╨░ "../src/ui/clickbot_layer.cpp")
  
C:\Users\KusokMedi\Documents\GitHub\BetterShowcase\src\ui\clickbot_layer.hpp(25,48): error C2143: ╤Б╨╕╨╜╤В╨░╨║╤Б╨╕╤З╨╡╤Б╨║╨░╤П ╨╛╤И╨╕╨▒╨║╨░: ╨╛╤В╤Б╤Г╤В╤Б╤В╨▓╨╕╨╡ ";" ╨┐╨╡╤А╨╡╨┤ "<" [C:\Users\KusokMedi\Documents\GitHub\BetterShowcase\build\xdBot2.vcxproj]
  (╨║╨╛╨╝╨┐╨╕╨╗╤П╤Ж╨╕╤П ╨╕╤Б╤Е╨╛╨┤╨╜╨╛╨│╨╛ ╤Д╨░╨╣╨╗╨░ "../src/ui/clickbot_layer.cpp")
  
C:\Users\KusokMedi\Documents\GitHub\BetterShowcase\src\ui\clickbot_layer.hpp(25,48): error C2059: ╤Б╨╕╨╜╤В╨░╨║╤Б╨╕╤З╨╡╤Б╨║╨░╤П ╨╛╤И╨╕╨▒╨║╨░: < [C:\Users\KusokMedi\Documents\GitHub\BetterShowcase\build\xdBot2.vcxproj]
  (╨║╨╛╨╝╨┐╨╕╨╗╤П╤Ж╨╕╤П ╨╕╤Б╤Е╨╛╨┤╨╜╨╛╨│╨╛ ╤Д╨░╨╣╨╗╨░ "../src/ui/clickbot_layer.cpp")
  
C:\Users\KusokMedi\Documents\GitHub\BetterShowcase\src\ui\clickbot_layer.hpp(25,57): error C2059: ╤Б╨╕╨╜╤В╨░╨║╤Б╨╕╤З╨╡╤Б╨║╨░╤П ╨╛╤И╨╕╨▒╨║╨░: ) [C:\Users\KusokMedi\Documents\GitHub\BetterShowcase\build\xdBot2.vcxproj]
  (╨║╨╛╨╝╨┐╨╕╨╗╤П╤Ж╨╕╤П ╨╕╤Б╤Е╨╛╨┤╨╜╨╛╨│╨╛ ╤Д╨░╨╣╨╗╨░ "../src/ui/clickbot_layer.cpp")
  
C:\Users\KusokMedi\Documents\GitHub\BetterShowcase\src\ui\clickbot_layer.hpp(25,67): error C2238: ╨╜╨╡╨┐╤А╨╡╨┤╨▓╨╕╨┤╨╡╨╜╨╜╤Л╨╡ ╨╗╨╡╨║╤Б╨╡╨╝╤Л ╨┐╨╡╤А╨╡╨┤ ";" [C:\Users\KusokMedi\Documents\GitHub\BetterShowcase\build\xdBot2.vcxproj]
  (╨║╨╛╨╝╨┐╨╕╨╗╤П╤Ж╨╕╤П ╨╕╤Б╤Е╨╛╨┤╨╜╨╛╨│╨╛ ╤Д╨░╨╣╨╗╨░ "../src/ui/clickbot_layer.cpp")
  
C:\Users\KusokMedi\Documents\GitHub\BetterShowcase\src\ui\clickbot_layer.hpp(29,17): error C2059: ╤Б╨╕╨╜╤В╨░╨║╤Б╨╕╤З╨╡╤Б╨║╨░╤П ╨╛╤И╨╕╨▒╨║╨░: < [C:\Users\KusokMedi\Documents\GitHub\BetterShowcase\build\xdBot2.vcxproj]
  (╨║╨╛╨╝╨┐╨╕╨╗╤П╤Ж╨╕╤П ╨╕╤Б╤Е╨╛╨┤╨╜╨╛╨│╨╛ ╤Д╨░╨╣╨╗╨░ "../src/ui/clickbot_layer.cpp")
  
C:\Users\KusokMedi\Documents\GitHub\BetterShowcase\src\ui\clickbot_layer.hpp(29,44): error C2238: ╨╜╨╡╨┐╤А╨╡╨┤╨▓╨╕╨┤╨╡╨╜╨╜╤Л╨╡ ╨╗╨╡╨║╤Б╨╡╨╝╤Л ╨┐╨╡╤А╨╡╨┤ ";" [C:\Users\KusokMedi\Documents\GitHub\BetterShowcase\build\xdBot2.vcxproj]
  (╨║╨╛╨╝╨┐╨╕╨╗╤П╤Ж╨╕╤П ╨╕╤Б╤Е╨╛╨┤╨╜╨╛╨│╨╛ ╤Д╨░╨╣╨╗╨░ "../src/ui/clickbot_layer.cpp")
  
C:\Users\KusokMedi\Documents\GitHub\BetterShowcase\src\ui\clickbot_layer.hpp(31,71): error C2143: ╤Б╨╕╨╜╤В╨░╨║╤Б╨╕╤З╨╡╤Б╨║╨░╤П ╨╛╤И╨╕╨▒╨║╨░: ╨╛╤В╤Б╤Г╤В╤Б╤В╨▓╨╕╨╡ ")" ╨┐╨╡╤А╨╡╨┤ "<" [C:\Users\KusokMedi\Documents\GitHub\BetterShowcase\build\xdBot2.vcxproj]
  (╨║╨╛╨╝╨┐╨╕╨╗╤П╤Ж╨╕╤П ╨╕╤Б╤Е╨╛╨┤╨╜╨╛╨│╨╛ ╤Д╨░╨╣╨╗╨░ "../src/ui/clickbot_layer.cpp")
  
C:\Users\KusokMedi\Documents\GitHub\BetterShowcase\src\ui\clickbot_layer.hpp(31,71): error C2143: ╤Б╨╕╨╜╤В╨░╨║╤Б╨╕╤З╨╡╤Б╨║╨░╤П ╨╛╤И╨╕╨▒╨║╨░: ╨╛╤В╤Б╤Г╤В╤Б╤В╨▓╨╕╨╡ ";" ╨┐╨╡╤А╨╡╨┤ "<" [C:\Users\KusokMedi\Documents\GitHub\BetterShowcase\build\xdBot2.vcxproj]
  (╨║╨╛╨╝╨┐╨╕╨╗╤П╤Ж╨╕╤П ╨╕╤Б╤Е╨╛╨┤╨╜╨╛╨│╨╛ ╤Д╨░╨╣╨╗╨░ "../src/ui/clickbot_layer.cpp")
  
C:\Users\KusokMedi\Documents\GitHub\BetterShowcase\src\ui\clickbot_layer.hpp(31,71): error C2059: ╤Б╨╕╨╜╤В╨░╨║╤Б╨╕╤З╨╡╤Б╨║╨░╤П ╨╛╤И╨╕╨▒╨║╨░: < [C:\Users\KusokMedi\Documents\GitHub\BetterShowcase\build\xdBot2.vcxproj]
  (╨║╨╛╨╝╨┐╨╕╨╗╤П╤Ж╨╕╤П ╨╕╤Б╤Е╨╛╨┤╨╜╨╛╨│╨╛ ╤Д╨░╨╣╨╗╨░ "../src/ui/clickbot_layer.cpp")
  
C:\Users\KusokMedi\Documents\GitHub\BetterShowcase\src\ui\clickbot_layer.hpp(31,80): error C2059: ╤Б╨╕╨╜╤В╨░╨║╤Б╨╕╤З╨╡╤Б╨║╨░╤П ╨╛╤И╨╕╨▒╨║╨░: ) [C:\Users\KusokMedi\Documents\GitHub\BetterShowcase\build\xdBot2.vcxproj]
  (╨║╨╛╨╝╨┐╨╕╨╗╤П╤Ж╨╕╤П ╨╕╤Б╤Е╨╛╨┤╨╜╨╛╨│╨╛ ╤Д╨░╨╣╨╗╨░ "../src/ui/clickbot_layer.cpp")
  
C:\Users\KusokMedi\Documents\GitHub\BetterShowcase\src\ui\clickbot_layer.hpp(31,81): error C2238: ╨╜╨╡╨┐╤А╨╡╨┤╨▓╨╕╨┤╨╡╨╜╨╜╤Л╨╡ ╨╗╨╡╨║╤Б╨╡╨╝╤Л ╨┐╨╡╤А╨╡╨┤ ";" [C:\Users\KusokMedi\Documents\GitHub\BetterShowcase\build\xdBot2.vcxproj]
  (╨║╨╛╨╝╨┐╨╕╨╗╤П╤Ж╨╕╤П ╨╕╤Б╤Е╨╛╨┤╨╜╨╛╨│╨╛ ╤Д╨░╨╣╨╗╨░ "../src/ui/clickbot_layer.cpp")
  
C:\Users\KusokMedi\Documents\GitHub\BetterShowcase\src\ui\clickbot_layer.hpp(77,42): error C2143: ╤Б╨╕╨╜╤В╨░╨║╤Б╨╕╤З╨╡╤Б╨║╨░╤П ╨╛╤И╨╕╨▒╨║╨░: ╨╛╤В╤Б╤Г╤В╤Б╤В╨▓╨╕╨╡ "," ╨┐╨╡╤А╨╡╨┤ "<" [C:\Users\KusokMedi\Documents\GitHub\BetterShowcase\build\xdBot2.vcxproj]
  (╨║╨╛╨╝╨┐╨╕╨╗╤П╤Ж╨╕╤П ╨╕╤Б╤Е╨╛╨┤╨╜╨╛╨│╨╛ ╤Д╨░╨╣╨╗╨░ "../src/ui/clickbot_layer.cpp")
  
C:\Users\KusokMedi\Documents\GitHub\BetterShowcase\src\ui\clickbot_layer.hpp(87,10): error C3668: ClickbotLayer::setup: ╨╝╨╡╤В╨╛╨┤ ╤Б╨╛ ╤Б╨┐╨╡╤Ж╨╕╤Д╨╕╨║╨░╤В╨╛╤А╨╛╨╝ ╨┐╨╡╤А╨╡╨╛╨┐╤А╨╡╨┤╨╡╨╗╨╡╨╜╨╕╤П "override" ╨╜╨╡ ╨┐╨╡╤А╨╡╨╛╨┐╤А╨╡╨┤╨╡╨╗╤П╨╡╤В ╨║╨░╨║╨╕╨╡-╨╗╨╕╨▒╨╛ ╨╝╨╡╤В╨╛╨┤╤Л ╨▒╨░╨╖╨╛╨▓╨╛╨│╨╛ ╨║╨╗╨░╤Б╤Б╨░ [C:\Users\KusokMedi\Documents\GitHub\BetterShowcase\build\xdBot2.vcxproj]
  (╨║╨╛╨╝╨┐╨╕╨╗╤П╤Ж╨╕╤П ╨╕╤Б╤Е╨╛╨┤╨╜╨╛╨│╨╛ ╤Д╨░╨╣╨╗╨░ "../src/ui/clickbot_layer.cpp")
  
C:\Users\KusokMedi\Documents\GitHub\BetterShowcase\src\ui\clickbot_layer.hpp(91,5): error C2039: "initAnchored": ╨╜╨╡ ╤П╨▓╨╗╤П╨╡╤В╤Б╤П ╤З╨╗╨╡╨╜╨╛╨╝ "ClickbotLayer". [C:\Users\KusokMedi\Documents\GitHub\BetterShowcase\build\xdBot2.vcxproj]
  (╨║╨╛╨╝╨┐╨╕╨╗╤П╤Ж╨╕╤П ╨╕╤Б╤Е╨╛╨┤╨╜╨╛╨│╨╛ ╤Д╨░╨╣╨╗╨░ "../src/ui/clickbot_layer.cpp")
      C:\Users\KusokMedi\Documents\GitHub\BetterShowcase\src\ui\clickbot_layer.hpp(77,7):
       ╤Б╨╝. ╨╛╨▒╤К╤П╨▓╨╗╨╡╨╜╨╕╨╡ "ClickbotLayer"
  
C:\Users\KusokMedi\Documents\GitHub\BetterShowcase\src\ui\clickbot_layer.hpp(101,64): error C2760: ╤Б╨╕╨╜╤В╨░╨║╤Б╨╕╤З╨╡╤Б╨║╨░╤П ╨╛╤И╨╕╨▒╨║╨░: ╨╜╨╡╨┐╤А╨╡╨┤╨▓╨╕╨┤╨╡╨╜╨╜╤Л╨╣ ╤Н╨╗╨╡╨╝╨╡╨╜╤В "<". ╨Ю╨╢╨╕╨┤╨░╨╡╤В╤Б╤П ">" [C:\Users\KusokMedi\Documents\GitHub\BetterShowcase\build\xdBot2.vcxproj]
  (╨║╨╛╨╝╨┐╨╕╨╗╤П╤Ж╨╕╤П ╨╕╤Б╤Е╨╛╨┤╨╜╨╛╨│╨╛ ╤Д╨░╨╣╨╗╨░ "../src/ui/clickbot_layer.cpp")
  
C:\Users\KusokMedi\Documents\GitHub\BetterShowcase\src\ui\clickbot_layer.hpp(101,65): error C2059: ╤Б╨╕╨╜╤В╨░╨║╤Б╨╕╤З╨╡╤Б╨║╨░╤П ╨╛╤И╨╕╨▒╨║╨░: > [C:\Users\KusokMedi\Documents\GitHub\BetterShowcase\build\xdBot2.vcxproj]
  (╨║╨╛╨╝╨┐╨╕╨╗╤П╤Ж╨╕╤П ╨╕╤Б╤Е╨╛╨┤╨╜╨╛╨│╨╛ ╤Д╨░╨╣╨╗╨░ "../src/ui/clickbot_layer.cpp")
  
C:\Users\KusokMedi\Documents\GitHub\BetterShowcase\src\ui\clickbot_layer.hpp(101,65): error C2143: ╤Б╨╕╨╜╤В╨░╨║╤Б╨╕╤З╨╡╤Б╨║╨░╤П ╨╛╤И╨╕╨▒╨║╨░: ╨╛╤В╤Б╤Г╤В╤Б╤В╨▓╨╕╨╡ "(" ╨┐╨╡╤А╨╡╨┤ ">" [C:\Users\KusokMedi\Documents\GitHub\BetterShowcase\build\xdBot2.vcxproj]
  (╨║╨╛╨╝╨┐╨╕╨╗╤П╤Ж╨╕╤П ╨╕╤Б╤Е╨╛╨┤╨╜╨╛╨│╨╛ ╤Д╨░╨╣╨╗╨░ "../src/ui/clickbot_layer.cpp")
  
C:\Users\KusokMedi\Documents\GitHub\BetterShowcase\src\ui\clickbot_layer.cpp(32,9): error C2664: "void Utils::setBackgroundColor(cocos2d::extension::CCScale9Sprite *)": ╨╜╨╡╨▓╨╛╨╖╨╝╨╛╨╢╨╜╨╛ ╨┐╤А╨╡╨╛╨▒╤А╨░╨╖╨╛╨▓╨░╤В╤М ╨░╤А╨│╤Г╨╝╨╡╨╜╤В 1 ╨╕╨╖ "geode::NineSlice *" ╨▓ "cocos2d::extension::CCScale9Sprite *" [C:\Users\KusokMedi\Documents\GitHub\BetterShowcase\build\xdBot2.vcxproj]
  (╨║╨╛╨╝╨┐╨╕╨╗╤П╤Ж╨╕╤П ╨╕╤Б╤Е╨╛╨┤╨╜╨╛╨│╨╛ ╤Д╨░╨╣╨╗╨░ "../src/ui/clickbot_layer.cpp")
      C:\Users\KusokMedi\Documents\GitHub\BetterShowcase\src\ui\clickbot_layer.cpp(32,28):
      ╨в╨╕╨┐╤Л, ╨╜╨░ ╨║╨╛╤В╨╛╤А╤Л╨╡ ╤Г╨║╨░╨╖╤Л╨▓╨░╤О╤В ╤Г╨║╨░╨╖╨░╤В╨╡╨╗╨╕, ╨╜╨╡ ╤Б╨▓╤П╨╖╨░╨╜╤Л; ╨┤╨╗╤П ╨┐╤А╨╡╨╛╨▒╤А╨░╨╖╨╛╨▓╨░╨╜╨╕╤П ╤В╤А╨╡╨▒╤Г╨╡╤В╤Б╤П reinterpret_cast, ╨┐╤А╨╕╨▓╨╡╨┤╨╡╨╜╨╕╨╡ ╨▓ ╤Б╤В╨╕╨╗╨╡ ╨б ╨╕╨╗╨╕ ╨┐╤А╨╕╨▓╨╡╨┤╨╡╨╜╨╕╨╡ ╨▓ ╤Б╤В╨╕╨╗╨╡ ╤Д╤Г╨╜╨║╤Ж╨╕╨╕ ╨▓ ╨║╤А╤Г╨│╨╗╤Л╤Е ╤Б╨║╨╛╨▒╨║╨░╤Е
      C:\Users\KusokMedi\Documents\GitHub\BetterShowcase\src\utils\utils.hpp(18,17):
       ╤Б╨╝. ╨╛╨▒╤К╤П╨▓╨╗╨╡╨╜╨╕╨╡ "Utils::setBackgroundColor"
      C:\Users\KusokMedi\Documents\GitHub\BetterShowcase\src\ui\clickbot_layer.cpp(32,9):
      ╨┐╤А╨╕ ╨┐╨╛╨┐╤Л╤В╨║╨╡ ╤Б╨╛╨┐╨╛╤Б╤В╨░╨▓╨╕╤В╤М ╤Б╨┐╨╕╤Б╨╛╨║ ╨░╤А╨│╤Г╨╝╨╡╨╜╤В╨╛╨▓ "(geode::NineSlice *)"
  
C:\Users\KusokMedi\Documents\GitHub\BetterShowcase\src\ui\clickbot_layer.cpp(288,80): error C2143: ╤Б╨╕╨╜╤В╨░╨║╤Б╨╕╤З╨╡╤Б╨║╨░╤П ╨╛╤И╨╕╨▒╨║╨░: ╨╛╤В╤Б╤Г╤В╤Б╤В╨▓╨╕╨╡ ")" ╨┐╨╡╤А╨╡╨┤ "<" [C:\Users\KusokMedi\Documents\GitHub\BetterShowcase\build\xdBot2.vcxproj]
  (╨║╨╛╨╝╨┐╨╕╨╗╤П╤Ж╨╕╤П ╨╕╤Б╤Е╨╛╨┤╨╜╨╛╨│╨╛ ╤Д╨░╨╣╨╗╨░ "../src/ui/clickbot_layer.cpp")
  
C:\Users\KusokMedi\Documents\GitHub\BetterShowcase\src\ui\clickbot_layer.cpp(288,80): error C2143: ╤Б╨╕╨╜╤В╨░╨║╤Б╨╕╤З╨╡╤Б╨║╨░╤П ╨╛╤И╨╕╨▒╨║╨░: ╨╛╤В╤Б╤Г╤В╤Б╤В╨▓╨╕╨╡ ";" ╨┐╨╡╤А╨╡╨┤ "<" [C:\Users\KusokMedi\Documents\GitHub\BetterShowcase\build\xdBot2.vcxproj]
  (╨║╨╛╨╝╨┐╨╕╨╗╤П╤Ж╨╕╤П ╨╕╤Б╤Е╨╛╨┤╨╜╨╛╨│╨╛ ╤Д╨░╨╣╨╗╨░ "../src/ui/clickbot_layer.cpp")
  
C:\Users\KusokMedi\Documents\GitHub\BetterShowcase\src\ui\clickbot_layer.cpp(288,41): error C2761: "ClickSettingsLayer *ClickSettingsLayer::create(std::string,geode::Popup)": ╨┐╨╛╨▓╤В╨╛╤А╨╜╨╛╨╡ ╨╛╨▒╤К╤П╨▓╨╗╨╡╨╜╨╕╨╡ ╤З╨╗╨╡╨╜╨░ ╨╖╨░╨┐╤А╨╡╤Й╨╡╨╜╨╛. [C:\Users\KusokMedi\Documents\GitHub\BetterShowcase\build\xdBot2.vcxproj]
  (╨║╨╛╨╝╨┐╨╕╨╗╤П╤Ж╨╕╤П ╨╕╤Б╤Е╨╛╨┤╨╜╨╛╨│╨╛ ╤Д╨░╨╣╨╗╨░ "../src/ui/clickbot_layer.cpp")
  
C:\Users\KusokMedi\Documents\GitHub\BetterShowcase\src\ui\clickbot_layer.cpp(288,80): error C2059: ╤Б╨╕╨╜╤В╨░╨║╤Б╨╕╤З╨╡╤Б╨║╨░╤П ╨╛╤И╨╕╨▒╨║╨░: < [C:\Users\KusokMedi\Documents\GitHub\BetterShowcase\build\xdBot2.vcxproj]
  (╨║╨╛╨╝╨┐╨╕╨╗╤П╤Ж╨╕╤П ╨╕╤Б╤Е╨╛╨┤╨╜╨╛╨│╨╛ ╤Д╨░╨╣╨╗╨░ "../src/ui/clickbot_layer.cpp")
  
C:\Users\KusokMedi\Documents\GitHub\BetterShowcase\src\ui\clickbot_layer.cpp(288,89): error C2059: ╤Б╨╕╨╜╤В╨░╨║╤Б╨╕╤З╨╡╤Б╨║╨░╤П ╨╛╤И╨╕╨▒╨║╨░: ) [C:\Users\KusokMedi\Documents\GitHub\BetterShowcase\build\xdBot2.vcxproj]
  (╨║╨╛╨╝╨┐╨╕╨╗╤П╤Ж╨╕╤П ╨╕╤Б╤Е╨╛╨┤╨╜╨╛╨│╨╛ ╤Д╨░╨╣╨╗╨░ "../src/ui/clickbot_layer.cpp")
  
C:\Users\KusokMedi\Documents\GitHub\BetterShowcase\src\ui\clickbot_layer.cpp(288,91): error C2143: ╤Б╨╕╨╜╤В╨░╨║╤Б╨╕╤З╨╡╤Б╨║╨░╤П ╨╛╤И╨╕╨▒╨║╨░: ╨╛╤В╤Б╤Г╤В╤Б╤В╨▓╨╕╨╡ ";" ╨┐╨╡╤А╨╡╨┤ "{" [C:\Users\KusokMedi\Documents\GitHub\BetterShowcase\build\xdBot2.vcxproj]
  (╨║╨╛╨╝╨┐╨╕╨╗╤П╤Ж╨╕╤П ╨╕╤Б╤Е╨╛╨┤╨╜╨╛╨│╨╛ ╤Д╨░╨╣╨╗╨░ "../src/ui/clickbot_layer.cpp")
  
C:\Users\KusokMedi\Documents\GitHub\BetterShowcase\src\ui\clickbot_layer.cpp(288,91): error C2447: {: ╨╛╤В╤Б╤Г╤В╤Б╤В╨▓╤Г╨╡╤В ╨╖╨░╨│╨╛╨╗╨╛╨▓╨╛╨║ ╤Д╤Г╨╜╨║╤Ж╨╕╨╕ (╨▓╨╛╨╖╨╝╨╛╨╢╨╜╨╛, ╨╕╤Б╨┐╨╛╨╗╤М╨╖╤Г╨╡╤В╤Б╤П ╤Д╨╛╤А╨╝╨░╨╗╤М╨╜╤Л╨╣ ╤Б╨┐╨╕╤Б╨╛╨║ ╤Б╤В╨░╤А╨╛╨│╨╛ ╤В╨╕╨┐╨░) [C:\Users\KusokMedi\Documents\GitHub\BetterShowcase\build\xdBot2.vcxproj]
  (╨║╨╛╨╝╨┐╨╕╨╗╤П╤Ж╨╕╤П ╨╕╤Б╤Е╨╛╨┤╨╜╨╛╨│╨╛ ╤Д╨░╨╣╨╗╨░ "../src/ui/clickbot_layer.cpp")
  
C:\Users\KusokMedi\Documents\GitHub\BetterShowcase\src\ui\clickbot_layer.cpp(299,64): error C2143: ╤Б╨╕╨╜╤В╨░╨║╤Б╨╕╤З╨╡╤Б╨║╨░╤П ╨╛╤И╨╕╨▒╨║╨░: ╨╛╤В╤Б╤Г╤В╤Б╤В╨▓╨╕╨╡ ")" ╨┐╨╡╤А╨╡╨┤ "<" [C:\Users\KusokMedi\Documents\GitHub\BetterShowcase\build\xdBot2.vcxproj]
  (╨║╨╛╨╝╨┐╨╕╨╗╤П╤Ж╨╕╤П ╨╕╤Б╤Е╨╛╨┤╨╜╨╛╨│╨╛ ╤Д╨░╨╣╨╗╨░ "../src/ui/clickbot_layer.cpp")
  
C:\Users\KusokMedi\Documents\GitHub\BetterShowcase\src\ui\clickbot_layer.cpp(299,64): error C2143: ╤Б╨╕╨╜╤В╨░╨║╤Б╨╕╤З╨╡╤Б╨║╨░╤П ╨╛╤И╨╕╨▒╨║╨░: ╨╛╤В╤Б╤Г╤В╤Б╤В╨▓╨╕╨╡ ";" ╨┐╨╡╤А╨╡╨┤ "<" [C:\Users\KusokMedi\Documents\GitHub\BetterShowcase\build\xdBot2.vcxproj]
  (╨║╨╛╨╝╨┐╨╕╨╗╤П╤Ж╨╕╤П ╨╕╤Б╤Е╨╛╨┤╨╜╨╛╨│╨╛ ╤Д╨░╨╣╨╗╨░ "../src/ui/clickbot_layer.cpp")
  
C:\Users\KusokMedi\Documents\GitHub\BetterShowcase\src\ui\clickbot_layer.cpp(299,26): error C2761: "bool ClickSettingsLayer::setup(std::string,geode::Popup)": ╨┐╨╛╨▓╤В╨╛╤А╨╜╨╛╨╡ ╨╛╨▒╤К╤П╨▓╨╗╨╡╨╜╨╕╨╡ ╤З╨╗╨╡╨╜╨░ ╨╖╨░╨┐╤А╨╡╤Й╨╡╨╜╨╛. [C:\Users\KusokMedi\Documents\GitHub\BetterShowcase\build\xdBot2.vcxproj]
  (╨║╨╛╨╝╨┐╨╕╨╗╤П╤Ж╨╕╤П ╨╕╤Б╤Е╨╛╨┤╨╜╨╛╨│╨╛ ╤Д╨░╨╣╨╗╨░ "../src/ui/clickbot_layer.cpp")
  
C:\Users\KusokMedi\Documents\GitHub\BetterShowcase\src\ui\clickbot_layer.cpp(299,64): error C2059: ╤Б╨╕╨╜╤В╨░╨║╤Б╨╕╤З╨╡╤Б╨║╨░╤П ╨╛╤И╨╕╨▒╨║╨░: < [C:\Users\KusokMedi\Documents\GitHub\BetterShowcase\build\xdBot2.vcxproj]
  (╨║╨╛╨╝╨┐╨╕╨╗╤П╤Ж╨╕╤П ╨╕╤Б╤Е╨╛╨┤╨╜╨╛╨│╨╛ ╤Д╨░╨╣╨╗╨░ "../src/ui/clickbot_layer.cpp")
  
C:\Users\KusokMedi\Documents\GitHub\BetterShowcase\src\ui\clickbot_layer.cpp(299,73): error C2059: ╤Б╨╕╨╜╤В╨░╨║╤Б╨╕╤З╨╡╤Б╨║╨░╤П ╨╛╤И╨╕╨▒╨║╨░: ) [C:\Users\KusokMedi\Documents\GitHub\BetterShowcase\build\xdBot2.vcxproj]
  (╨║╨╛╨╝╨┐╨╕╨╗╤П╤Ж╨╕╤П ╨╕╤Б╤Е╨╛╨┤╨╜╨╛╨│╨╛ ╤Д╨░╨╣╨╗╨░ "../src/ui/clickbot_layer.cpp")
  
C:\Users\KusokMedi\Documents\GitHub\BetterShowcase\src\ui\clickbot_layer.cpp(299,73): error C1003: ╤З╨╕╤Б╨╗╨╛ ╨╛╤И╨╕╨▒╨╛╨║ ╨┐╤А╨╡╨▓╤Л╤И╨░╨╡╤В 100; ╨╛╤Б╤В╨░╨╜╨╛╨▓╨║╨░ ╨║╨╛╨╝╨┐╨╕╨╗╤П╤Ж╨╕╨╕ [C:\Users\KusokMedi\Documents\GitHub\BetterShowcase\build\xdBot2.vcxproj]
  (╨║╨╛╨╝╨┐╨╕╨╗╤П╤Ж╨╕╤П ╨╕╤Б╤Е╨╛╨┤╨╜╨╛╨│╨╛ ╤Д╨░╨╣╨╗╨░ "../src/ui/clickbot_layer.cpp")
  
  button_setting.cpp
C:\Users\KusokMedi\Documents\GitHub\BetterShowcase\src\renderer\ffmpeg\events.hpp(11,47): error C2955: "geode::Event": ╨┤╨╗╤П ╨╕╤Б╨┐╨╛╨╗╤М╨╖╨╛╨▓╨░╨╜╨╕╤П ╨║╨╗╨░╤Б╤Б ╤И╨░╨▒╨╗╨╛╨╜ ╤В╤А╨╡╨▒╤Г╨╡╤В╤Б╤П ╤Б╨┐╨╕╤Б╨╛╨║ ╨░╤А╨│╤Г╨╝╨╡╨╜╤В╨╛╨▓ ╤И╨░╨▒╨╗╨╛╨╜ [C:\Users\KusokMedi\Documents\GitHub\BetterShowcase\build\xdBot2.vcxproj]
  (╨║╨╛╨╝╨┐╨╕╨╗╤П╤Ж╨╕╤П ╨╕╤Б╤Е╨╛╨┤╨╜╨╛╨│╨╛ ╤Д╨░╨╣╨╗╨░ "../src/ui/button_setting.cpp")
      C:\Users\KusokMedi\Documents\Geode\loader\include\Geode\loader\Event.hpp(960,12):
       ╤Б╨╝. ╨╛╨▒╤К╤П╨▓╨╗╨╡╨╜╨╕╨╡ "geode::Event"
  
C:\Users\KusokMedi\Documents\GitHub\BetterShowcase\src\renderer\ffmpeg\events.hpp(20,47): error C2955: "geode::Event": ╨┤╨╗╤П ╨╕╤Б╨┐╨╛╨╗╤М╨╖╨╛╨▓╨░╨╜╨╕╤П ╨║╨╗╨░╤Б╤Б ╤И╨░╨▒╨╗╨╛╨╜ ╤В╤А╨╡╨▒╤Г╨╡╤В╤Б╤П ╤Б╨┐╨╕╤Б╨╛╨║ ╨░╤А╨│╤Г╨╝╨╡╨╜╤В╨╛╨▓ ╤И╨░╨▒╨╗╨╛╨╜ [C:\Users\KusokMedi\Documents\GitHub\BetterShowcase\build\xdBot2.vcxproj]
  (╨║╨╛╨╝╨┐╨╕╨╗╤П╤Ж╨╕╤П ╨╕╤Б╤Е╨╛╨┤╨╜╨╛╨│╨╛ ╤Д╨░╨╣╨╗╨░ "../src/ui/button_setting.cpp")
      C:\Users\KusokMedi\Documents\Geode\loader\include\Geode\loader\Event.hpp(960,12):
       ╤Б╨╝. ╨╛╨▒╤К╤П╨▓╨╗╨╡╨╜╨╕╨╡ "geode::Event"
  
C:\Users\KusokMedi\Documents\GitHub\BetterShowcase\src\renderer\ffmpeg\events.hpp(28,45): error C2955: "geode::Event": ╨┤╨╗╤П ╨╕╤Б╨┐╨╛╨╗╤М╨╖╨╛╨▓╨░╨╜╨╕╤П ╨║╨╗╨░╤Б╤Б ╤И╨░╨▒╨╗╨╛╨╜ ╤В╤А╨╡╨▒╤Г╨╡╤В╤Б╤П ╤Б╨┐╨╕╤Б╨╛╨║ ╨░╤А╨│╤Г╨╝╨╡╨╜╤В╨╛╨▓ ╤И╨░╨▒╨╗╨╛╨╜ [C:\Users\KusokMedi\Documents\GitHub\BetterShowcase\build\xdBot2.vcxproj]
  (╨║╨╛╨╝╨┐╨╕╨╗╤П╤Ж╨╕╤П ╨╕╤Б╤Е╨╛╨┤╨╜╨╛╨│╨╛ ╤Д╨░╨╣╨╗╨░ "../src/ui/button_setting.cpp")
      C:\Users\KusokMedi\Documents\Geode\loader\include\Geode\loader\Event.hpp(960,12):
       ╤Б╨╝. ╨╛╨▒╤К╤П╨▓╨╗╨╡╨╜╨╕╨╡ "geode::Event"
  
C:\Users\KusokMedi\Documents\GitHub\BetterShowcase\src\renderer\ffmpeg\events.hpp(48,45): error C2955: "geode::Event": ╨┤╨╗╤П ╨╕╤Б╨┐╨╛╨╗╤М╨╖╨╛╨▓╨░╨╜╨╕╤П ╨║╨╗╨░╤Б╤Б ╤И╨░╨▒╨╗╨╛╨╜ ╤В╤А╨╡╨▒╤Г╨╡╤В╤Б╤П ╤Б╨┐╨╕╤Б╨╛╨║ ╨░╤А╨│╤Г╨╝╨╡╨╜╤В╨╛╨▓ ╤И╨░╨▒╨╗╨╛╨╜ [C:\Users\KusokMedi\Documents\GitHub\BetterShowcase\build\xdBot2.vcxproj]
  (╨║╨╛╨╝╨┐╨╕╨╗╤П╤Ж╨╕╤П ╨╕╤Б╤Е╨╛╨┤╨╜╨╛╨│╨╛ ╤Д╨░╨╣╨╗╨░ "../src/ui/button_setting.cpp")
      C:\Users\KusokMedi\Documents\Geode\loader\include\Geode\loader\Event.hpp(960,12):
       ╤Б╨╝. ╨╛╨▒╤К╤П╨▓╨╗╨╡╨╜╨╕╨╡ "geode::Event"
  
C:\Users\KusokMedi\Documents\GitHub\BetterShowcase\src\renderer\ffmpeg\events.hpp(58,54): error C2955: "geode::Event": ╨┤╨╗╤П ╨╕╤Б╨┐╨╛╨╗╤М╨╖╨╛╨▓╨░╨╜╨╕╤П ╨║╨╗╨░╤Б╤Б ╤И╨░╨▒╨╗╨╛╨╜ ╤В╤А╨╡╨▒╤Г╨╡╤В╤Б╤П ╤Б╨┐╨╕╤Б╨╛╨║ ╨░╤А╨│╤Г╨╝╨╡╨╜╤В╨╛╨▓ ╤И╨░╨▒╨╗╨╛╨╜ [C:\Users\KusokMedi\Documents\GitHub\BetterShowcase\build\xdBot2.vcxproj]
  (╨║╨╛╨╝╨┐╨╕╨╗╤П╤Ж╨╕╤П ╨╕╤Б╤Е╨╛╨┤╨╜╨╛╨│╨╛ ╤Д╨░╨╣╨╗╨░ "../src/ui/button_setting.cpp")
      C:\Users\KusokMedi\Documents\Geode\loader\include\Geode\loader\Event.hpp(960,12):
       ╤Б╨╝. ╨╛╨▒╤К╤П╨▓╨╗╨╡╨╜╨╕╨╡ "geode::Event"
  
C:\Users\KusokMedi\Documents\GitHub\BetterShowcase\src\renderer\ffmpeg\events.hpp(69,46): error C2955: "geode::Event": ╨┤╨╗╤П ╨╕╤Б╨┐╨╛╨╗╤М╨╖╨╛╨▓╨░╨╜╨╕╤П ╨║╨╗╨░╤Б╤Б ╤И╨░╨▒╨╗╨╛╨╜ ╤В╤А╨╡╨▒╤Г╨╡╤В╤Б╤П ╤Б╨┐╨╕╤Б╨╛╨║ ╨░╤А╨│╤Г╨╝╨╡╨╜╤В╨╛╨▓ ╤И╨░╨▒╨╗╨╛╨╜ [C:\Users\KusokMedi\Documents\GitHub\BetterShowcase\build\xdBot2.vcxproj]
  (╨║╨╛╨╝╨┐╨╕╨╗╤П╤Ж╨╕╤П ╨╕╤Б╤Е╨╛╨┤╨╜╨╛╨│╨╛ ╤Д╨░╨╣╨╗╨░ "../src/ui/button_setting.cpp")
      C:\Users\KusokMedi\Documents\Geode\loader\include\Geode\loader\Event.hpp(960,12):
       ╤Б╨╝. ╨╛╨▒╤К╤П╨▓╨╗╨╡╨╜╨╕╨╡ "geode::Event"
  
C:\Users\KusokMedi\Documents\GitHub\BetterShowcase\src\renderer\ffmpeg\events.hpp(79,46): error C2955: "geode::Event": ╨┤╨╗╤П ╨╕╤Б╨┐╨╛╨╗╤М╨╖╨╛╨▓╨░╨╜╨╕╤П ╨║╨╗╨░╤Б╤Б ╤И╨░╨▒╨╗╨╛╨╜ ╤В╤А╨╡╨▒╤Г╨╡╤В╤Б╤П ╤Б╨┐╨╕╤Б╨╛╨║ ╨░╤А╨│╤Г╨╝╨╡╨╜╤В╨╛╨▓ ╤И╨░╨▒╨╗╨╛╨╜ [C:\Users\KusokMedi\Documents\GitHub\BetterShowcase\build\xdBot2.vcxproj]
  (╨║╨╛╨╝╨┐╨╕╨╗╤П╤Ж╨╕╤П ╨╕╤Б╤Е╨╛╨┤╨╜╨╛╨│╨╛ ╤Д╨░╨╣╨╗╨░ "../src/ui/button_setting.cpp")
      C:\Users\KusokMedi\Documents\Geode\loader\include\Geode\loader\Event.hpp(960,12):
       ╤Б╨╝. ╨╛╨▒╤К╤П╨▓╨╗╨╡╨╜╨╕╨╡ "geode::Event"
  
C:\Users\KusokMedi\Documents\GitHub\BetterShowcase\src\renderer\ffmpeg\events.hpp(101,44): error C2955: "geode::Event": ╨┤╨╗╤П ╨╕╤Б╨┐╨╛╨╗╤М╨╖╨╛╨▓╨░╨╜╨╕╤П ╨║╨╗╨░╤Б╤Б ╤И╨░╨▒╨╗╨╛╨╜ ╤В╤А╨╡╨▒╤Г╨╡╤В╤Б╤П ╤Б╨┐╨╕╤Б╨╛╨║ ╨░╤А╨│╤Г╨╝╨╡╨╜╤В╨╛╨▓ ╤И╨░╨▒╨╗╨╛╨╜ [C:\Users\KusokMedi\Documents\GitHub\BetterShowcase\build\xdBot2.vcxproj]
  (╨║╨╛╨╝╨┐╨╕╨╗╤П╤Ж╨╕╤П ╨╕╤Б╤Е╨╛╨┤╨╜╨╛╨│╨╛ ╤Д╨░╨╣╨╗╨░ "../src/ui/button_setting.cpp")
      C:\Users\KusokMedi\Documents\Geode\loader\include\Geode\loader\Event.hpp(960,12):
       ╤Б╨╝. ╨╛╨▒╤К╤П╨▓╨╗╨╡╨╜╨╕╨╡ "geode::Event"
  
C:\Users\KusokMedi\Documents\GitHub\BetterShowcase\src\renderer\ffmpeg\events.hpp(129,21): error C2039: "post": ╨╜╨╡ ╤П╨▓╨╗╤П╨╡╤В╤Б╤П ╤З╨╗╨╡╨╜╨╛╨╝ "ffmpeg::events::impl::CreateRecorderEvent". [C:\Users\KusokMedi\Documents\GitHub\BetterShowcase\build\xdBot2.vcxproj]
  (╨║╨╛╨╝╨┐╨╕╨╗╤П╤Ж╨╕╤П ╨╕╤Б╤Е╨╛╨┤╨╜╨╛╨│╨╛ ╤Д╨░╨╣╨╗╨░ "../src/ui/button_setting.cpp")
      C:\Users\KusokMedi\Documents\GitHub\BetterShowcase\src\renderer\ffmpeg\events.hpp(11,11):
       ╤Б╨╝. ╨╛╨▒╤К╤П╨▓╨╗╨╡╨╜╨╕╨╡ "ffmpeg::events::impl::CreateRecorderEvent"
  
C:\Users\KusokMedi\Documents\GitHub\BetterShowcase\src\renderer\ffmpeg\events.hpp(135,21): error C2039: "post": ╨╜╨╡ ╤П╨▓╨╗╤П╨╡╤В╤Б╤П ╤З╨╗╨╡╨╜╨╛╨╝ "ffmpeg::events::impl::DeleteRecorderEvent". [C:\Users\KusokMedi\Documents\GitHub\BetterShowcase\build\xdBot2.vcxproj]
  (╨║╨╛╨╝╨┐╨╕╨╗╤П╤Ж╨╕╤П ╨╕╤Б╤Е╨╛╨┤╨╜╨╛╨│╨╛ ╤Д╨░╨╣╨╗╨░ "../src/ui/button_setting.cpp")
      C:\Users\KusokMedi\Documents\GitHub\BetterShowcase\src\renderer\ffmpeg\events.hpp(20,11):
       ╤Б╨╝. ╨╛╨▒╤К╤П╨▓╨╗╨╡╨╜╨╕╨╡ "ffmpeg::events::impl::DeleteRecorderEvent"
  
C:\Users\KusokMedi\Documents\GitHub\BetterShowcase\src\renderer\ffmpeg\events.hpp(153,19): error C2039: "post": ╨╜╨╡ ╤П╨▓╨╗╤П╨╡╤В╤Б╤П ╤З╨╗╨╡╨╜╨╛╨╝ "ffmpeg::events::impl::InitRecorderEvent". [C:\Users\KusokMedi\Documents\GitHub\BetterShowcase\build\xdBot2.vcxproj]
  (╨║╨╛╨╝╨┐╨╕╨╗╤П╤Ж╨╕╤П ╨╕╤Б╤Е╨╛╨┤╨╜╨╛╨│╨╛ ╤Д╨░╨╣╨╗╨░ "../src/ui/button_setting.cpp")
      C:\Users\KusokMedi\Documents\GitHub\BetterShowcase\src\renderer\ffmpeg\events.hpp(28,11):
       ╤Б╨╝. ╨╛╨▒╤К╤П╨▓╨╗╨╡╨╜╨╕╨╡ "ffmpeg::events::impl::InitRecorderEvent"
  
C:\Users\KusokMedi\Documents\GitHub\BetterShowcase\src\renderer\ffmpeg\events.hpp(163,40): error C2039: "post": ╨╜╨╡ ╤П╨▓╨╗╤П╨╡╤В╤Б╤П ╤З╨╗╨╡╨╜╨╛╨╝ "ffmpeg::events::impl::StopRecorderEvent". [C:\Users\KusokMedi\Documents\GitHub\BetterShowcase\build\xdBot2.vcxproj]
  (╨║╨╛╨╝╨┐╨╕╨╗╤П╤Ж╨╕╤П ╨╕╤Б╤Е╨╛╨┤╨╜╨╛╨│╨╛ ╤Д╨░╨╣╨╗╨░ "../src/ui/button_setting.cpp")
      C:\Users\KusokMedi\Documents\GitHub\BetterShowcase\src\renderer\ffmpeg\events.hpp(48,11):
       ╤Б╨╝. ╨╛╨▒╤К╤П╨▓╨╗╨╡╨╜╨╕╨╡ "ffmpeg::events::impl::StopRecorderEvent"
  
C:\Users\KusokMedi\Documents\GitHub\BetterShowcase\src\renderer\ffmpeg\events.hpp(182,19): error C2039: "post": ╨╜╨╡ ╤П╨▓╨╗╤П╨╡╤В╤Б╤П ╤З╨╗╨╡╨╜╨╛╨╝ "ffmpeg::events::impl::GetWriteFrameFunctionEvent". [C:\Users\KusokMedi\Documents\GitHub\BetterShowcase\build\xdBot2.vcxproj]
  (╨║╨╛╨╝╨┐╨╕╨╗╤П╤Ж╨╕╤П ╨╕╤Б╤Е╨╛╨┤╨╜╨╛╨│╨╛ ╤Д╨░╨╣╨╗╨░ "../src/ui/button_setting.cpp")
      C:\Users\KusokMedi\Documents\GitHub\BetterShowcase\src\renderer\ffmpeg\events.hpp(58,11):
       ╤Б╨╝. ╨╛╨▒╤К╤П╨▓╨╗╨╡╨╜╨╕╨╡ "ffmpeg::events::impl::GetWriteFrameFunctionEvent"
  
C:\Users\KusokMedi\Documents\GitHub\BetterShowcase\src\renderer\ffmpeg\events.hpp(199,20): error C2039: "post": ╨╜╨╡ ╤П╨▓╨╗╤П╨╡╤В╤Б╤П ╤З╨╗╨╡╨╜╨╛╨╝ "ffmpeg::events::impl::CodecRecorderEvent". [C:\Users\KusokMedi\Documents\GitHub\BetterShowcase\build\xdBot2.vcxproj]
  (╨║╨╛╨╝╨┐╨╕╨╗╤П╤Ж╨╕╤П ╨╕╤Б╤Е╨╛╨┤╨╜╨╛╨│╨╛ ╤Д╨░╨╣╨╗╨░ "../src/ui/button_setting.cpp")
      C:\Users\KusokMedi\Documents\GitHub\BetterShowcase\src\renderer\ffmpeg\events.hpp(69,11):
       ╤Б╨╝. ╨╛╨▒╤К╤П╨▓╨╗╨╡╨╜╨╕╨╡ "ffmpeg::events::impl::CodecRecorderEvent"
  
C:\Users\KusokMedi\Documents\GitHub\BetterShowcase\src\renderer\ffmpeg\events.hpp(225,18): error C2039: "post": ╨╜╨╡ ╤П╨▓╨╗╤П╨╡╤В╤Б╤П ╤З╨╗╨╡╨╜╨╛╨╝ "ffmpeg::events::impl::MixVideoAudioEvent". [C:\Users\KusokMedi\Documents\GitHub\BetterShowcase\build\xdBot2.vcxproj]
  (╨║╨╛╨╝╨┐╨╕╨╗╤П╤Ж╨╕╤П ╨╕╤Б╤Е╨╛╨┤╨╜╨╛╨│╨╛ ╤Д╨░╨╣╨╗╨░ "../src/ui/button_setting.cpp")
      C:\Users\KusokMedi\Documents\GitHub\BetterShowcase\src\renderer\ffmpeg\events.hpp(79,11):
       ╤Б╨╝. ╨╛╨▒╤К╤П╨▓╨╗╨╡╨╜╨╕╨╡ "ffmpeg::events::impl::MixVideoAudioEvent"
  
C:\Users\KusokMedi\Documents\GitHub\BetterShowcase\src\renderer\ffmpeg\events.hpp(244,18): error C2039: "post": ╨╜╨╡ ╤П╨▓╨╗╤П╨╡╤В╤Б╤П ╤З╨╗╨╡╨╜╨╛╨╝ "ffmpeg::events::impl::MixVideoRawEvent". [C:\Users\KusokMedi\Documents\GitHub\BetterShowcase\build\xdBot2.vcxproj]
  (╨║╨╛╨╝╨┐╨╕╨╗╤П╤Ж╨╕╤П ╨╕╤Б╤Е╨╛╨┤╨╜╨╛╨│╨╛ ╤Д╨░╨╣╨╗╨░ "../src/ui/button_setting.cpp")
      C:\Users\KusokMedi\Documents\GitHub\BetterShowcase\src\renderer\ffmpeg\events.hpp(101,11):
       ╤Б╨╝. ╨╛╨▒╤К╤П╨▓╨╗╨╡╨╜╨╕╨╡ "ffmpeg::events::impl::MixVideoRawEvent"
  
C:\Users\KusokMedi\Documents\GitHub\BetterShowcase\src\includes.hpp(82,17): error C2059: ╤Б╨╕╨╜╤В╨░╨║╤Б╨╕╤З╨╡╤Б╨║╨░╤П ╨╛╤И╨╕╨▒╨║╨░: < [C:\Users\KusokMedi\Documents\GitHub\BetterShowcase\build\xdBot2.vcxproj]
  (╨║╨╛╨╝╨┐╨╕╨╗╤П╤Ж╨╕╤П ╨╕╤Б╤Е╨╛╨┤╨╜╨╛╨│╨╛ ╤Д╨░╨╣╨╗╨░ "../src/ui/button_setting.cpp")
  
C:\Users\KusokMedi\Documents\GitHub\BetterShowcase\src\includes.hpp(82,36): error C2238: ╨╜╨╡╨┐╤А╨╡╨┤╨▓╨╕╨┤╨╡╨╜╨╜╤Л╨╡ ╨╗╨╡╨║╤Б╨╡╨╝╤Л ╨┐╨╡╤А╨╡╨┤ ";" [C:\Users\KusokMedi\Documents\GitHub\BetterShowcase\build\xdBot2.vcxproj]
  (╨║╨╛╨╝╨┐╨╕╨╗╤П╤Ж╨╕╤П ╨╕╤Б╤Е╨╛╨┤╨╜╨╛╨│╨╛ ╤Д╨░╨╣╨╗╨░ "../src/ui/button_setting.cpp")
  
C:\Users\KusokMedi\Documents\GitHub\BetterShowcase\src\ui\load_macro_layer.hpp(14,14): error C2059: ╤Б╨╕╨╜╤В╨░╨║╤Б╨╕╤З╨╡╤Б╨║╨░╤П ╨╛╤И╨╕╨▒╨║╨░: < [C:\Users\KusokMedi\Documents\GitHub\BetterShowcase\build\xdBot2.vcxproj]
  (╨║╨╛╨╝╨┐╨╕╨╗╤П╤Ж╨╕╤П ╨╕╤Б╤Е╨╛╨┤╨╜╨╛╨│╨╛ ╤Д╨░╨╣╨╗╨░ "../src/ui/button_setting.cpp")
  
C:\Users\KusokMedi\Documents\GitHub\BetterShowcase\src\ui\load_macro_layer.hpp(14,37): error C2238: ╨╜╨╡╨┐╤А╨╡╨┤╨▓╨╕╨┤╨╡╨╜╨╜╤Л╨╡ ╨╗╨╡╨║╤Б╨╡╨╝╤Л ╨┐╨╡╤А╨╡╨┤ ";" [C:\Users\KusokMedi\Documents\GitHub\BetterShowcase\build\xdBot2.vcxproj]
  (╨║╨╛╨╝╨┐╨╕╨╗╤П╤Ж╨╕╤П ╨╕╤Б╤Е╨╛╨┤╨╜╨╛╨│╨╛ ╤Д╨░╨╣╨╗╨░ "../src/ui/button_setting.cpp")
  
C:\Users\KusokMedi\Documents\GitHub\BetterShowcase\src\ui\load_macro_layer.hpp(15,14): error C2059: ╤Б╨╕╨╜╤В╨░╨║╤Б╨╕╤З╨╡╤Б╨║╨░╤П ╨╛╤И╨╕╨▒╨║╨░: < [C:\Users\KusokMedi\Documents\GitHub\BetterShowcase\build\xdBot2.vcxproj]
  (╨║╨╛╨╝╨┐╨╕╨╗╤П╤Ж╨╕╤П ╨╕╤Б╤Е╨╛╨┤╨╜╨╛╨│╨╛ ╤Д╨░╨╣╨╗╨░ "../src/ui/button_setting.cpp")
  
C:\Users\KusokMedi\Documents\GitHub\BetterShowcase\src\ui\load_macro_layer.hpp(15,38): error C2238: ╨╜╨╡╨┐╤А╨╡╨┤╨▓╨╕╨┤╨╡╨╜╨╜╤Л╨╡ ╨╗╨╡╨║╤Б╨╡╨╝╤Л ╨┐╨╡╤А╨╡╨┤ ";" [C:\Users\KusokMedi\Documents\GitHub\BetterShowcase\build\xdBot2.vcxproj]
  (╨║╨╛╨╝╨┐╨╕╨╗╤П╤Ж╨╕╤П ╨╕╤Б╤Е╨╛╨┤╨╜╨╛╨│╨╛ ╤Д╨░╨╣╨╗╨░ "../src/ui/button_setting.cpp")
  
C:\Users\KusokMedi\Documents\GitHub\BetterShowcase\src\ui\load_macro_layer.hpp(25,103): error C2143: ╤Б╨╕╨╜╤В╨░╨║╤Б╨╕╤З╨╡╤Б╨║╨░╤П ╨╛╤И╨╕╨▒╨║╨░: ╨╛╤В╤Б╤Г╤В╤Б╤В╨▓╨╕╨╡ ")" ╨┐╨╡╤А╨╡╨┤ "<" [C:\Users\KusokMedi\Documents\GitHub\BetterShowcase\build\xdBot2.vcxproj]
  (╨║╨╛╨╝╨┐╨╕╨╗╤П╤Ж╨╕╤П ╨╕╤Б╤Е╨╛╨┤╨╜╨╛╨│╨╛ ╤Д╨░╨╣╨╗╨░ "../src/ui/button_setting.cpp")
  
C:\Users\KusokMedi\Documents\GitHub\BetterShowcase\src\ui\load_macro_layer.hpp(25,103): error C2143: ╤Б╨╕╨╜╤В╨░╨║╤Б╨╕╤З╨╡╤Б╨║╨░╤П ╨╛╤И╨╕╨▒╨║╨░: ╨╛╤В╤Б╤Г╤В╤Б╤В╨▓╨╕╨╡ ";" ╨┐╨╡╤А╨╡╨┤ "<" [C:\Users\KusokMedi\Documents\GitHub\BetterShowcase\build\xdBot2.vcxproj]
  (╨║╨╛╨╝╨┐╨╕╨╗╤П╤Ж╨╕╤П ╨╕╤Б╤Е╨╛╨┤╨╜╨╛╨│╨╛ ╤Д╨░╨╣╨╗╨░ "../src/ui/button_setting.cpp")
  
C:\Users\KusokMedi\Documents\GitHub\BetterShowcase\src\ui\load_macro_layer.hpp(25,103): error C2059: ╤Б╨╕╨╜╤В╨░╨║╤Б╨╕╤З╨╡╤Б╨║╨░╤П ╨╛╤И╨╕╨▒╨║╨░: < [C:\Users\KusokMedi\Documents\GitHub\BetterShowcase\build\xdBot2.vcxproj]
  (╨║╨╛╨╝╨┐╨╕╨╗╤П╤Ж╨╕╤П ╨╕╤Б╤Е╨╛╨┤╨╜╨╛╨│╨╛ ╤Д╨░╨╣╨╗╨░ "../src/ui/button_setting.cpp")
  
C:\Users\KusokMedi\Documents\GitHub\BetterShowcase\src\ui\load_macro_layer.hpp(25,164): error C2059: ╤Б╨╕╨╜╤В╨░╨║╤Б╨╕╤З╨╡╤Б╨║╨░╤П ╨╛╤И╨╕╨▒╨║╨░: ) [C:\Users\KusokMedi\Documents\GitHub\BetterShowcase\build\xdBot2.vcxproj]
  (╨║╨╛╨╝╨┐╨╕╨╗╤П╤Ж╨╕╤П ╨╕╤Б╤Е╨╛╨┤╨╜╨╛╨│╨╛ ╤Д╨░╨╣╨╗╨░ "../src/ui/button_setting.cpp")
  
C:\Users\KusokMedi\Documents\GitHub\BetterShowcase\src\ui\load_macro_layer.hpp(25,165): error C2238: ╨╜╨╡╨┐╤А╨╡╨┤╨▓╨╕╨┤╨╡╨╜╨╜╤Л╨╡ ╨╗╨╡╨║╤Б╨╡╨╝╤Л ╨┐╨╡╤А╨╡╨┤ ";" [C:\Users\KusokMedi\Documents\GitHub\BetterShowcase\build\xdBot2.vcxproj]
  (╨║╨╛╨╝╨┐╨╕╨╗╤П╤Ж╨╕╤П ╨╕╤Б╤Е╨╛╨┤╨╜╨╛╨│╨╛ ╤Д╨░╨╣╨╗╨░ "../src/ui/button_setting.cpp")
  
C:\Users\KusokMedi\Documents\GitHub\BetterShowcase\src\ui\load_macro_layer.hpp(27,88): error C2143: ╤Б╨╕╨╜╤В╨░╨║╤Б╨╕╤З╨╡╤Б╨║╨░╤П ╨╛╤И╨╕╨▒╨║╨░: ╨╛╤В╤Б╤Г╤В╤Б╤В╨▓╨╕╨╡ ")" ╨┐╨╡╤А╨╡╨┤ "<" [C:\Users\KusokMedi\Documents\GitHub\BetterShowcase\build\xdBot2.vcxproj]
  (╨║╨╛╨╝╨┐╨╕╨╗╤П╤Ж╨╕╤П ╨╕╤Б╤Е╨╛╨┤╨╜╨╛╨│╨╛ ╤Д╨░╨╣╨╗╨░ "../src/ui/button_setting.cpp")
  
C:\Users\KusokMedi\Documents\GitHub\BetterShowcase\src\ui\load_macro_layer.hpp(27,88): error C2143: ╤Б╨╕╨╜╤В╨░╨║╤Б╨╕╤З╨╡╤Б╨║╨░╤П ╨╛╤И╨╕╨▒╨║╨░: ╨╛╤В╤Б╤Г╤В╤Б╤В╨▓╨╕╨╡ ";" ╨┐╨╡╤А╨╡╨┤ "<" [C:\Users\KusokMedi\Documents\GitHub\BetterShowcase\build\xdBot2.vcxproj]
  (╨║╨╛╨╝╨┐╨╕╨╗╤П╤Ж╨╕╤П ╨╕╤Б╤Е╨╛╨┤╨╜╨╛╨│╨╛ ╤Д╨░╨╣╨╗╨░ "../src/ui/button_setting.cpp")
  
C:\Users\KusokMedi\Documents\GitHub\BetterShowcase\src\ui\load_macro_layer.hpp(27,88): error C2059: ╤Б╨╕╨╜╤В╨░╨║╤Б╨╕╤З╨╡╤Б╨║╨░╤П ╨╛╤И╨╕╨▒╨║╨░: < [C:\Users\KusokMedi\Documents\GitHub\BetterShowcase\build\xdBot2.vcxproj]
  (╨║╨╛╨╝╨┐╨╕╨╗╤П╤Ж╨╕╤П ╨╕╤Б╤Е╨╛╨┤╨╜╨╛╨│╨╛ ╤Д╨░╨╣╨╗╨░ "../src/ui/button_setting.cpp")
  
C:\Users\KusokMedi\Documents\GitHub\BetterShowcase\src\ui\load_macro_layer.hpp(27,149): error C2059: ╤Б╨╕╨╜╤В╨░╨║╤Б╨╕╤З╨╡╤Б╨║╨░╤П ╨╛╤И╨╕╨▒╨║╨░: ) [C:\Users\KusokMedi\Documents\GitHub\BetterShowcase\build\xdBot2.vcxproj]
  (╨║╨╛╨╝╨┐╨╕╨╗╤П╤Ж╨╕╤П ╨╕╤Б╤Е╨╛╨┤╨╜╨╛╨│╨╛ ╤Д╨░╨╣╨╗╨░ "../src/ui/button_setting.cpp")
  
C:\Users\KusokMedi\Documents\GitHub\BetterShowcase\src\ui\load_macro_layer.hpp(27,150): error C2238: ╨╜╨╡╨┐╤А╨╡╨┤╨▓╨╕╨┤╨╡╨╜╨╜╤Л╨╡ ╨╗╨╡╨║╤Б╨╡╨╝╤Л ╨┐╨╡╤А╨╡╨┤ ";" [C:\Users\KusokMedi\Documents\GitHub\BetterShowcase\build\xdBot2.vcxproj]
  (╨║╨╛╨╝╨┐╨╕╨╗╤П╤Ж╨╕╤П ╨╕╤Б╤Е╨╛╨┤╨╜╨╛╨│╨╛ ╤Д╨░╨╣╨╗╨░ "../src/ui/button_setting.cpp")
  
C:\Users\KusokMedi\Documents\GitHub\BetterShowcase\src\ui\load_macro_layer.hpp(42,43): error C2143: ╤Б╨╕╨╜╤В╨░╨║╤Б╨╕╤З╨╡╤Б╨║╨░╤П ╨╛╤И╨╕╨▒╨║╨░: ╨╛╤В╤Б╤Г╤В╤Б╤В╨▓╨╕╨╡ "," ╨┐╨╡╤А╨╡╨┤ "<" [C:\Users\KusokMedi\Documents\GitHub\BetterShowcase\build\xdBot2.vcxproj]
  (╨║╨╛╨╝╨┐╨╕╨╗╤П╤Ж╨╕╤П ╨╕╤Б╤Е╨╛╨┤╨╜╨╛╨│╨╛ ╤Д╨░╨╣╨╗╨░ "../src/ui/button_setting.cpp")
  
C:\Users\KusokMedi\Documents\GitHub\BetterShowcase\src\ui\load_macro_layer.hpp(45,14): error C2059: ╤Б╨╕╨╜╤В╨░╨║╤Б╨╕╤З╨╡╤Б╨║╨░╤П ╨╛╤И╨╕╨▒╨║╨░: < [C:\Users\KusokMedi\Documents\GitHub\BetterShowcase\build\xdBot2.vcxproj]
  (╨║╨╛╨╝╨┐╨╕╨╗╤П╤Ж╨╕╤П ╨╕╤Б╤Е╨╛╨┤╨╜╨╛╨│╨╛ ╤Д╨░╨╣╨╗╨░ "../src/ui/button_setting.cpp")
  
C:\Users\KusokMedi\Documents\GitHub\BetterShowcase\src\ui\load_macro_layer.hpp(45,37): error C2238: ╨╜╨╡╨┐╤А╨╡╨┤╨▓╨╕╨┤╨╡╨╜╨╜╤Л╨╡ ╨╗╨╡╨║╤Б╨╡╨╝╤Л ╨┐╨╡╤А╨╡╨┤ ";" [C:\Users\KusokMedi\Documents\GitHub\BetterShowcase\build\xdBot2.vcxproj]
  (╨║╨╛╨╝╨┐╨╕╨╗╤П╤Ж╨╕╤П ╨╕╤Б╤Е╨╛╨┤╨╜╨╛╨│╨╛ ╤Д╨░╨╣╨╗╨░ "../src/ui/button_setting.cpp")
  
C:\Users\KusokMedi\Documents\GitHub\BetterShowcase\src\ui\load_macro_layer.hpp(46,14): error C2059: ╤Б╨╕╨╜╤В╨░╨║╤Б╨╕╤З╨╡╤Б╨║╨░╤П ╨╛╤И╨╕╨▒╨║╨░: < [C:\Users\KusokMedi\Documents\GitHub\BetterShowcase\build\xdBot2.vcxproj]
  (╨║╨╛╨╝╨┐╨╕╨╗╤П╤Ж╨╕╤П ╨╕╤Б╤Е╨╛╨┤╨╜╨╛╨│╨╛ ╤Д╨░╨╣╨╗╨░ "../src/ui/button_setting.cpp")
  
C:\Users\KusokMedi\Documents\GitHub\BetterShowcase\src\ui\load_macro_layer.hpp(46,38): error C2238: ╨╜╨╡╨┐╤А╨╡╨┤╨▓╨╕╨┤╨╡╨╜╨╜╤Л╨╡ ╨╗╨╡╨║╤Б╨╡╨╝╤Л ╨┐╨╡╤А╨╡╨┤ ";" [C:\Users\KusokMedi\Documents\GitHub\BetterShowcase\build\xdBot2.vcxproj]
  (╨║╨╛╨╝╨┐╨╕╨╗╤П╤Ж╨╕╤П ╨╕╤Б╤Е╨╛╨┤╨╜╨╛╨│╨╛ ╤Д╨░╨╣╨╗╨░ "../src/ui/button_setting.cpp")
  
C:\Users\KusokMedi\Documents\GitHub\BetterShowcase\src\ui\load_macro_layer.hpp(69,44): error C2143: ╤Б╨╕╨╜╤В╨░╨║╤Б╨╕╤З╨╡╤Б╨║╨░╤П ╨╛╤И╨╕╨▒╨║╨░: ╨╛╤В╤Б╤Г╤В╤Б╤В╨▓╨╕╨╡ ")" ╨┐╨╡╤А╨╡╨┤ "<" [C:\Users\KusokMedi\Documents\GitHub\BetterShowcase\build\xdBot2.vcxproj]
  (╨║╨╛╨╝╨┐╨╕╨╗╤П╤Ж╨╕╤П ╨╕╤Б╤Е╨╛╨┤╨╜╨╛╨│╨╛ ╤Д╨░╨╣╨╗╨░ "../src/ui/button_setting.cpp")
  
C:\Users\KusokMedi\Documents\GitHub\BetterShowcase\src\ui\load_macro_layer.hpp(69,44): error C2143: ╤Б╨╕╨╜╤В╨░╨║╤Б╨╕╤З╨╡╤Б╨║╨░╤П ╨╛╤И╨╕╨▒╨║╨░: ╨╛╤В╤Б╤Г╤В╤Б╤В╨▓╨╕╨╡ ";" ╨┐╨╡╤А╨╡╨┤ "<" [C:\Users\KusokMedi\Documents\GitHub\BetterShowcase\build\xdBot2.vcxproj]
  (╨║╨╛╨╝╨┐╨╕╨╗╤П╤Ж╨╕╤П ╨╕╤Б╤Е╨╛╨┤╨╜╨╛╨│╨╛ ╤Д╨░╨╣╨╗╨░ "../src/ui/button_setting.cpp")
  
C:\Users\KusokMedi\Documents\GitHub\BetterShowcase\src\ui\load_macro_layer.hpp(69,44): error C2059: ╤Б╨╕╨╜╤В╨░╨║╤Б╨╕╤З╨╡╤Б╨║╨░╤П ╨╛╤И╨╕╨▒╨║╨░: < [C:\Users\KusokMedi\Documents\GitHub\BetterShowcase\build\xdBot2.vcxproj]
  (╨║╨╛╨╝╨┐╨╕╨╗╤П╤Ж╨╕╤П ╨╕╤Б╤Е╨╛╨┤╨╜╨╛╨│╨╛ ╤Д╨░╨╣╨╗╨░ "../src/ui/button_setting.cpp")
  
C:\Users\KusokMedi\Documents\GitHub\BetterShowcase\src\ui\load_macro_layer.hpp(69,93): error C2059: ╤Б╨╕╨╜╤В╨░╨║╤Б╨╕╤З╨╡╤Б╨║╨░╤П ╨╛╤И╨╕╨▒╨║╨░: ) [C:\Users\KusokMedi\Documents\GitHub\BetterShowcase\build\xdBot2.vcxproj]
  (╨║╨╛╨╝╨┐╨╕╨╗╤П╤Ж╨╕╤П ╨╕╤Б╤Е╨╛╨┤╨╜╨╛╨│╨╛ ╤Д╨░╨╣╨╗╨░ "../src/ui/button_setting.cpp")
  
C:\Users\KusokMedi\Documents\GitHub\BetterShowcase\src\ui\load_macro_layer.hpp(69,94): error C2238: ╨╜╨╡╨┐╤А╨╡╨┤╨▓╨╕╨┤╨╡╨╜╨╜╤Л╨╡ ╨╗╨╡╨║╤Б╨╡╨╝╤Л ╨┐╨╡╤А╨╡╨┤ ";" [C:\Users\KusokMedi\Documents\GitHub\BetterShowcase\build\xdBot2.vcxproj]
  (╨║╨╛╨╝╨┐╨╕╨╗╤П╤Ж╨╕╤П ╨╕╤Б╤Е╨╛╨┤╨╜╨╛╨│╨╛ ╤Д╨░╨╣╨╗╨░ "../src/ui/button_setting.cpp")
  
C:\Users\KusokMedi\Documents\GitHub\BetterShowcase\src\ui\load_macro_layer.hpp(71,25): error C2143: ╤Б╨╕╨╜╤В╨░╨║╤Б╨╕╤З╨╡╤Б╨║╨░╤П ╨╛╤И╨╕╨▒╨║╨░: ╨╛╤В╤Б╤Г╤В╤Б╤В╨▓╨╕╨╡ ")" ╨┐╨╡╤А╨╡╨┤ "<" [C:\Users\KusokMedi\Documents\GitHub\BetterShowcase\build\xdBot2.vcxproj]
  (╨║╨╛╨╝╨┐╨╕╨╗╤П╤Ж╨╕╤П ╨╕╤Б╤Е╨╛╨┤╨╜╨╛╨│╨╛ ╤Д╨░╨╣╨╗╨░ "../src/ui/button_setting.cpp")
  
C:\Users\KusokMedi\Documents\GitHub\BetterShowcase\src\ui\load_macro_layer.hpp(71,25): error C2143: ╤Б╨╕╨╜╤В╨░╨║╤Б╨╕╤З╨╡╤Б╨║╨░╤П ╨╛╤И╨╕╨▒╨║╨░: ╨╛╤В╤Б╤Г╤В╤Б╤В╨▓╨╕╨╡ ";" ╨┐╨╡╤А╨╡╨┤ "<" [C:\Users\KusokMedi\Documents\GitHub\BetterShowcase\build\xdBot2.vcxproj]
  (╨║╨╛╨╝╨┐╨╕╨╗╤П╤Ж╨╕╤П ╨╕╤Б╤Е╨╛╨┤╨╜╨╛╨│╨╛ ╤Д╨░╨╣╨╗╨░ "../src/ui/button_setting.cpp")
  
C:\Users\KusokMedi\Documents\GitHub\BetterShowcase\src\ui\load_macro_layer.hpp(71,25): error C2059: ╤Б╨╕╨╜╤В╨░╨║╤Б╨╕╤З╨╡╤Б╨║╨░╤П ╨╛╤И╨╕╨▒╨║╨░: < [C:\Users\KusokMedi\Documents\GitHub\BetterShowcase\build\xdBot2.vcxproj]
  (╨║╨╛╨╝╨┐╨╕╨╗╤П╤Ж╨╕╤П ╨╕╤Б╤Е╨╛╨┤╨╜╨╛╨│╨╛ ╤Д╨░╨╣╨╗╨░ "../src/ui/button_setting.cpp")
  
C:\Users\KusokMedi\Documents\GitHub\BetterShowcase\src\ui\load_macro_layer.hpp(71,74): error C2059: ╤Б╨╕╨╜╤В╨░╨║╤Б╨╕╤З╨╡╤Б╨║╨░╤П ╨╛╤И╨╕╨▒╨║╨░: ) [C:\Users\KusokMedi\Documents\GitHub\BetterShowcase\build\xdBot2.vcxproj]
  (╨║╨╛╨╝╨┐╨╕╨╗╤П╤Ж╨╕╤П ╨╕╤Б╤Е╨╛╨┤╨╜╨╛╨│╨╛ ╤Д╨░╨╣╨╗╨░ "../src/ui/button_setting.cpp")
  
C:\Users\KusokMedi\Documents\GitHub\BetterShowcase\src\ui\load_macro_layer.hpp(71,84): error C2238: ╨╜╨╡╨┐╤А╨╡╨┤╨▓╨╕╨┤╨╡╨╜╨╜╤Л╨╡ ╨╗╨╡╨║╤Б╨╡╨╝╤Л ╨┐╨╡╤А╨╡╨┤ ";" [C:\Users\KusokMedi\Documents\GitHub\BetterShowcase\build\xdBot2.vcxproj]
  (╨║╨╛╨╝╨┐╨╕╨╗╤П╤Ж╨╕╤П ╨╕╤Б╤Е╨╛╨┤╨╜╨╛╨│╨╛ ╤Д╨░╨╣╨╗╨░ "../src/ui/button_setting.cpp")
  
C:\Users\KusokMedi\Documents\GitHub\BetterShowcase\src\ui\load_macro_layer.hpp(73,31): error C2143: ╤Б╨╕╨╜╤В╨░╨║╤Б╨╕╤З╨╡╤Б╨║╨░╤П ╨╛╤И╨╕╨▒╨║╨░: ╨╛╤В╤Б╤Г╤В╤Б╤В╨▓╨╕╨╡ ")" ╨┐╨╡╤А╨╡╨┤ "<" [C:\Users\KusokMedi\Documents\GitHub\BetterShowcase\build\xdBot2.vcxproj]
  (╨║╨╛╨╝╨┐╨╕╨╗╤П╤Ж╨╕╤П ╨╕╤Б╤Е╨╛╨┤╨╜╨╛╨│╨╛ ╤Д╨░╨╣╨╗╨░ "../src/ui/button_setting.cpp")
  
C:\Users\KusokMedi\Documents\GitHub\BetterShowcase\src\ui\load_macro_layer.hpp(73,31): error C2143: ╤Б╨╕╨╜╤В╨░╨║╤Б╨╕╤З╨╡╤Б╨║╨░╤П ╨╛╤И╨╕╨▒╨║╨░: ╨╛╤В╤Б╤Г╤В╤Б╤В╨▓╨╕╨╡ ";" ╨┐╨╡╤А╨╡╨┤ "<" [C:\Users\KusokMedi\Documents\GitHub\BetterShowcase\build\xdBot2.vcxproj]
  (╨║╨╛╨╝╨┐╨╕╨╗╤П╤Ж╨╕╤П ╨╕╤Б╤Е╨╛╨┤╨╜╨╛╨│╨╛ ╤Д╨░╨╣╨╗╨░ "../src/ui/button_setting.cpp")
  
C:\Users\KusokMedi\Documents\GitHub\BetterShowcase\src\ui\load_macro_layer.hpp(73,31): error C2059: ╤Б╨╕╨╜╤В╨░╨║╤Б╨╕╤З╨╡╤Б╨║╨░╤П ╨╛╤И╨╕╨▒╨║╨░: < [C:\Users\KusokMedi\Documents\GitHub\BetterShowcase\build\xdBot2.vcxproj]
  (╨║╨╛╨╝╨┐╨╕╨╗╤П╤Ж╨╕╤П ╨╕╤Б╤Е╨╛╨┤╨╜╨╛╨│╨╛ ╤Д╨░╨╣╨╗╨░ "../src/ui/button_setting.cpp")
  
C:\Users\KusokMedi\Documents\GitHub\BetterShowcase\src\ui\load_macro_layer.hpp(73,88): error C2059: ╤Б╨╕╨╜╤В╨░╨║╤Б╨╕╤З╨╡╤Б╨║╨░╤П ╨╛╤И╨╕╨▒╨║╨░: ) [C:\Users\KusokMedi\Documents\GitHub\BetterShowcase\build\xdBot2.vcxproj]
  (╨║╨╛╨╝╨┐╨╕╨╗╤П╤Ж╨╕╤П ╨╕╤Б╤Е╨╛╨┤╨╜╨╛╨│╨╛ ╤Д╨░╨╣╨╗╨░ "../src/ui/button_setting.cpp")
  
C:\Users\KusokMedi\Documents\GitHub\BetterShowcase\src\ui\load_macro_layer.hpp(73,89): error C2238: ╨╜╨╡╨┐╤А╨╡╨┤╨▓╨╕╨┤╨╡╨╜╨╜╤Л╨╡ ╨╗╨╡╨║╤Б╨╡╨╝╤Л ╨┐╨╡╤А╨╡╨┤ ";" [C:\Users\KusokMedi\Documents\GitHub\BetterShowcase\build\xdBot2.vcxproj]
  (╨║╨╛╨╝╨┐╨╕╨╗╤П╤Ж╨╕╤П ╨╕╤Б╤Е╨╛╨┤╨╜╨╛╨│╨╛ ╤Д╨░╨╣╨╗╨░ "../src/ui/button_setting.cpp")
  
C:\Users\KusokMedi\Documents\GitHub\BetterShowcase\src\ui\load_macro_layer.hpp(79,7): error C3668: LoadMacroLayer::textChanged: ╨╝╨╡╤В╨╛╨┤ ╤Б╨╛ ╤Б╨┐╨╡╤Ж╨╕╤Д╨╕╨║╨░╤В╨╛╤А╨╛╨╝ ╨┐╨╡╤А╨╡╨╛╨┐╤А╨╡╨┤╨╡╨╗╨╡╨╜╨╕╤П "override" ╨╜╨╡ ╨┐╨╡╤А╨╡╨╛╨┐╤А╨╡╨┤╨╡╨╗╤П╨╡╤В ╨║╨░╨║╨╕╨╡-╨╗╨╕╨▒╨╛ ╨╝╨╡╤В╨╛╨┤╤Л ╨▒╨░╨╖╨╛╨▓╨╛╨│╨╛ ╨║╨╗╨░╤Б╤Б╨░ [C:\Users\KusokMedi\Documents\GitHub\BetterShowcase\build\xdBot2.vcxproj]
  (╨║╨╛╨╝╨┐╨╕╨╗╤П╤Ж╨╕╤П ╨╕╤Б╤Е╨╛╨┤╨╜╨╛╨│╨╛ ╤Д╨░╨╣╨╗╨░ "../src/ui/button_setting.cpp")
  
C:\Users\KusokMedi\Documents\GitHub\BetterShowcase\src\ui\render_settings_layer.hpp(5,48): error C2143: ╤Б╨╕╨╜╤В╨░╨║╤Б╨╕╤З╨╡╤Б╨║╨░╤П ╨╛╤И╨╕╨▒╨║╨░: ╨╛╤В╤Б╤Г╤В╤Б╤В╨▓╨╕╨╡ "," ╨┐╨╡╤А╨╡╨┤ "<" [C:\Users\KusokMedi\Documents\GitHub\BetterShowcase\build\xdBot2.vcxproj]
  (╨║╨╛╨╝╨┐╨╕╨╗╤П╤Ж╨╕╤П ╨╕╤Б╤Е╨╛╨┤╨╜╨╛╨│╨╛ ╤Д╨░╨╣╨╗╨░ "../src/ui/button_setting.cpp")
  
C:\Users\KusokMedi\Documents\GitHub\BetterShowcase\src\ui\render_settings_layer.hpp(27,7): error C3668: RenderSettingsLayer::setup: ╨╝╨╡╤В╨╛╨┤ ╤Б╨╛ ╤Б╨┐╨╡╤Ж╨╕╤Д╨╕╨║╨░╤В╨╛╤А╨╛╨╝ ╨┐╨╡╤А╨╡╨╛╨┐╤А╨╡╨┤╨╡╨╗╨╡╨╜╨╕╤П "override" ╨╜╨╡ ╨┐╨╡╤А╨╡╨╛╨┐╤А╨╡╨┤╨╡╨╗╤П╨╡╤В ╨║╨░╨║╨╕╨╡-╨╗╨╕╨▒╨╛ ╨╝╨╡╤В╨╛╨┤╤Л ╨▒╨░╨╖╨╛╨▓╨╛╨│╨╛ ╨║╨╗╨░╤Б╤Б╨░ [C:\Users\KusokMedi\Documents\GitHub\BetterShowcase\build\xdBot2.vcxproj]
  (╨║╨╛╨╝╨┐╨╕╨╗╤П╤Ж╨╕╤П ╨╕╤Б╤Е╨╛╨┤╨╜╨╛╨│╨╛ ╤Д╨░╨╣╨╗╨░ "../src/ui/button_setting.cpp")
  
C:\Users\KusokMedi\Documents\GitHub\BetterShowcase\src\ui\render_settings_layer.hpp(41,7): error C3668: RenderSettingsLayer::textChanged: ╨╝╨╡╤В╨╛╨┤ ╤Б╨╛ ╤Б╨┐╨╡╤Ж╨╕╤Д╨╕╨║╨░╤В╨╛╤А╨╛╨╝ ╨┐╨╡╤А╨╡╨╛╨┐╤А╨╡╨┤╨╡╨╗╨╡╨╜╨╕╤П "override" ╨╜╨╡ ╨┐╨╡╤А╨╡╨╛╨┐╤А╨╡╨┤╨╡╨╗╤П╨╡╤В ╨║╨░╨║╨╕╨╡-╨╗╨╕╨▒╨╛ ╨╝╨╡╤В╨╛╨┤╤Л ╨▒╨░╨╖╨╛╨▓╨╛╨│╨╛ ╨║╨╗╨░╤Б╤Б╨░ [C:\Users\KusokMedi\Documents\GitHub\BetterShowcase\build\xdBot2.vcxproj]
  (╨║╨╛╨╝╨┐╨╕╨╗╤П╤Ж╨╕╤П ╨╕╤Б╤Е╨╛╨┤╨╜╨╛╨│╨╛ ╤Д╨░╨╣╨╗╨░ "../src/ui/button_setting.cpp")
  
C:\Users\KusokMedi\Documents\GitHub\BetterShowcase\src\ui\render_settings_layer.hpp(31,2): error C2039: "initAnchored": ╨╜╨╡ ╤П╨▓╨╗╤П╨╡╤В╤Б╤П ╤З╨╗╨╡╨╜╨╛╨╝ "RenderSettingsLayer". [C:\Users\KusokMedi\Documents\GitHub\BetterShowcase\build\xdBot2.vcxproj]
  (╨║╨╛╨╝╨┐╨╕╨╗╤П╤Ж╨╕╤П ╨╕╤Б╤Е╨╛╨┤╨╜╨╛╨│╨╛ ╤Д╨░╨╣╨╗╨░ "../src/ui/button_setting.cpp")
      C:\Users\KusokMedi\Documents\GitHub\BetterShowcase\src\ui\render_settings_layer.hpp(5,7):
       ╤Б╨╝. ╨╛╨▒╤К╤П╨▓╨╗╨╡╨╜╨╕╨╡ "RenderSettingsLayer"
  
C:\Users\KusokMedi\Documents\GitHub\BetterShowcase\src\ui\save_macro_layer.hpp(4,43): error C2143: ╤Б╨╕╨╜╤В╨░╨║╤Б╨╕╤З╨╡╤Б╨║╨░╤П ╨╛╤И╨╕╨▒╨║╨░: ╨╛╤В╤Б╤Г╤В╤Б╤В╨▓╨╕╨╡ "," ╨┐╨╡╤А╨╡╨┤ "<" [C:\Users\KusokMedi\Documents\GitHub\BetterShowcase\build\xdBot2.vcxproj]
  (╨║╨╛╨╝╨┐╨╕╨╗╤П╤Ж╨╕╤П ╨╕╤Б╤Е╨╛╨┤╨╜╨╛╨│╨╛ ╤Д╨░╨╣╨╗╨░ "../src/ui/button_setting.cpp")
  
C:\Users\KusokMedi\Documents\GitHub\BetterShowcase\src\ui\save_macro_layer.hpp(14,10): error C3668: SaveMacroLayer::setup: ╨╝╨╡╤В╨╛╨┤ ╤Б╨╛ ╤Б╨┐╨╡╤Ж╨╕╤Д╨╕╨║╨░╤В╨╛╤А╨╛╨╝ ╨┐╨╡╤А╨╡╨╛╨┐╤А╨╡╨┤╨╡╨╗╨╡╨╜╨╕╤П "override" ╨╜╨╡ ╨┐╨╡╤А╨╡╨╛╨┐╤А╨╡╨┤╨╡╨╗╤П╨╡╤В ╨║╨░╨║╨╕╨╡-╨╗╨╕╨▒╨╛ ╨╝╨╡╤В╨╛╨┤╤Л ╨▒╨░╨╖╨╛╨▓╨╛╨│╨╛ ╨║╨╗╨░╤Б╤Б╨░ [C:\Users\KusokMedi\Documents\GitHub\BetterShowcase\build\xdBot2.vcxproj]
  (╨║╨╛╨╝╨┐╨╕╨╗╤П╤Ж╨╕╤П ╨╕╤Б╤Е╨╛╨┤╨╜╨╛╨│╨╛ ╤Д╨░╨╣╨╗╨░ "../src/ui/button_setting.cpp")
  
C:\Users\KusokMedi\Documents\GitHub\BetterShowcase\src\ui\save_macro_layer.hpp(15,16): error C2664: "void Utils::setBackgroundColor(cocos2d::extension::CCScale9Sprite *)": ╨╜╨╡╨▓╨╛╨╖╨╝╨╛╨╢╨╜╨╛ ╨┐╤А╨╡╨╛╨▒╤А╨░╨╖╨╛╨▓╨░╤В╤М ╨░╤А╨│╤Г╨╝╨╡╨╜╤В 1 ╨╕╨╖ "geode::NineSlice *" ╨▓ "cocos2d::extension::CCScale9Sprite *" [C:\Users\KusokMedi\Documents\GitHub\BetterShowcase\build\xdBot2.vcxproj]
  (╨║╨╛╨╝╨┐╨╕╨╗╤П╤Ж╨╕╤П ╨╕╤Б╤Е╨╛╨┤╨╜╨╛╨│╨╛ ╤Д╨░╨╣╨╗╨░ "../src/ui/button_setting.cpp")
      C:\Users\KusokMedi\Documents\GitHub\BetterShowcase\src\ui\save_macro_layer.hpp(15,35):
      ╨в╨╕╨┐╤Л, ╨╜╨░ ╨║╨╛╤В╨╛╤А╤Л╨╡ ╤Г╨║╨░╨╖╤Л╨▓╨░╤О╤В ╤Г╨║╨░╨╖╨░╤В╨╡╨╗╨╕, ╨╜╨╡ ╤Б╨▓╤П╨╖╨░╨╜╤Л; ╨┤╨╗╤П ╨┐╤А╨╡╨╛╨▒╤А╨░╨╖╨╛╨▓╨░╨╜╨╕╤П ╤В╤А╨╡╨▒╤Г╨╡╤В╤Б╤П reinterpret_cast, ╨┐╤А╨╕╨▓╨╡╨┤╨╡╨╜╨╕╨╡ ╨▓ ╤Б╤В╨╕╨╗╨╡ ╨б ╨╕╨╗╨╕ ╨┐╤А╨╕╨▓╨╡╨┤╨╡╨╜╨╕╨╡ ╨▓ ╤Б╤В╨╕╨╗╨╡ ╤Д╤Г╨╜╨║╤Ж╨╕╨╕ ╨▓ ╨║╤А╤Г╨│╨╗╤Л╤Е ╤Б╨║╨╛╨▒╨║╨░╤Е
      C:\Users\KusokMedi\Documents\GitHub\BetterShowcase\src\utils\utils.hpp(18,17):
       ╤Б╨╝. ╨╛╨▒╤К╤П╨▓╨╗╨╡╨╜╨╕╨╡ "Utils::setBackgroundColor"
      C:\Users\KusokMedi\Documents\GitHub\BetterShowcase\src\ui\save_macro_layer.hpp(15,16):
      ╨┐╤А╨╕ ╨┐╨╛╨┐╤Л╤В╨║╨╡ ╤Б╨╛╨┐╨╛╤Б╤В╨░╨▓╨╕╤В╤М ╤Б╨┐╨╕╤Б╨╛╨║ ╨░╤А╨│╤Г╨╝╨╡╨╜╤В╨╛╨▓ "(geode::NineSlice *)"
  
C:\Users\KusokMedi\Documents\GitHub\BetterShowcase\src\ui\save_macro_layer.hpp(73,5): error C2039: "initAnchored": ╨╜╨╡ ╤П╨▓╨╗╤П╨╡╤В╤Б╤П ╤З╨╗╨╡╨╜╨╛╨╝ "SaveMacroLayer". [C:\Users\KusokMedi\Documents\GitHub\BetterShowcase\build\xdBot2.vcxproj]
  (╨║╨╛╨╝╨┐╨╕╨╗╤П╤Ж╨╕╤П ╨╕╤Б╤Е╨╛╨┤╨╜╨╛╨│╨╛ ╤Д╨░╨╣╨╗╨░ "../src/ui/button_setting.cpp")
      C:\Users\KusokMedi\Documents\GitHub\BetterShowcase\src\ui\save_macro_layer.hpp(4,7):
       ╤Б╨╝. ╨╛╨▒╤К╤П╨▓╨╗╨╡╨╜╨╕╨╡ "SaveMacroLayer"
  
C:\Users\KusokMedi\Documents\GitHub\BetterShowcase\src\ui\macro_info_layer.hpp(5,43): error C2143: ╤Б╨╕╨╜╤В╨░╨║╤Б╨╕╤З╨╡╤Б╨║╨░╤П ╨╛╤И╨╕╨▒╨║╨░: ╨╛╤В╤Б╤Г╤В╤Б╤В╨▓╨╕╨╡ "," ╨┐╨╡╤А╨╡╨┤ "<" [C:\Users\KusokMedi\Documents\GitHub\BetterShowcase\build\xdBot2.vcxproj]
  (╨║╨╛╨╝╨┐╨╕╨╗╤П╤Ж╨╕╤П ╨╕╤Б╤Е╨╛╨┤╨╜╨╛╨│╨╛ ╤Д╨░╨╣╨╗╨░ "../src/ui/button_setting.cpp")
  
C:\Users\KusokMedi\Documents\GitHub\BetterShowcase\src\ui\macro_info_layer.hpp(21,10): error C3668: MacroInfoLayer::setup: ╨╝╨╡╤В╨╛╨┤ ╤Б╨╛ ╤Б╨┐╨╡╤Ж╨╕╤Д╨╕╨║╨░╤В╨╛╤А╨╛╨╝ ╨┐╨╡╤А╨╡╨╛╨┐╤А╨╡╨┤╨╡╨╗╨╡╨╜╨╕╤П "override" ╨╜╨╡ ╨┐╨╡╤А╨╡╨╛╨┐╤А╨╡╨┤╨╡╨╗╤П╨╡╤В ╨║╨░╨║╨╕╨╡-╨╗╨╕╨▒╨╛ ╨╝╨╡╤В╨╛╨┤╤Л ╨▒╨░╨╖╨╛╨▓╨╛╨│╨╛ ╨║╨╗╨░╤Б╤Б╨░ [C:\Users\KusokMedi\Documents\GitHub\BetterShowcase\build\xdBot2.vcxproj]
  (╨║╨╛╨╝╨┐╨╕╨╗╤П╤Ж╨╕╤П ╨╕╤Б╤Е╨╛╨┤╨╜╨╛╨│╨╛ ╤Д╨░╨╣╨╗╨░ "../src/ui/button_setting.cpp")
  
C:\Users\KusokMedi\Documents\GitHub\BetterShowcase\src\ui\macro_info_layer.hpp(11,18): error C2039: "initAnchored": ╨╜╨╡ ╤П╨▓╨╗╤П╨╡╤В╤Б╤П ╤З╨╗╨╡╨╜╨╛╨╝ "MacroInfoLayer". [C:\Users\KusokMedi\Documents\GitHub\BetterShowcase\build\xdBot2.vcxproj]
  (╨║╨╛╨╝╨┐╨╕╨╗╤П╤Ж╨╕╤П ╨╕╤Б╤Е╨╛╨┤╨╜╨╛╨│╨╛ ╤Д╨░╨╣╨╗╨░ "../src/ui/button_setting.cpp")
      C:\Users\KusokMedi\Documents\GitHub\BetterShowcase\src\ui\macro_info_layer.hpp(5,7):
       ╤Б╨╝. ╨╛╨▒╤К╤П╨▓╨╗╨╡╨╜╨╕╨╡ "MacroInfoLayer"
  
C:\Users\KusokMedi\Documents\GitHub\BetterShowcase\src\ui\record_layer.hpp(34,40): error C2143: ╤Б╨╕╨╜╤В╨░╨║╤Б╨╕╤З╨╡╤Б╨║╨░╤П ╨╛╤И╨╕╨▒╨║╨░: ╨╛╤В╤Б╤Г╤В╤Б╤В╨▓╨╕╨╡ "," ╨┐╨╡╤А╨╡╨┤ "<" [C:\Users\KusokMedi\Documents\GitHub\BetterShowcase\build\xdBot2.vcxproj]
  (╨║╨╛╨╝╨┐╨╕╨╗╤П╤Ж╨╕╤П ╨╕╤Б╤Е╨╛╨┤╨╜╨╛╨│╨╛ ╤Д╨░╨╣╨╗╨░ "../src/ui/button_setting.cpp")
  
C:\Users\KusokMedi\Documents\GitHub\BetterShowcase\src\ui\record_layer.hpp(76,7): error C3668: RecordLayer::setup: ╨╝╨╡╤В╨╛╨┤ ╤Б╨╛ ╤Б╨┐╨╡╤Ж╨╕╤Д╨╕╨║╨░╤В╨╛╤А╨╛╨╝ ╨┐╨╡╤А╨╡╨╛╨┐╤А╨╡╨┤╨╡╨╗╨╡╨╜╨╕╤П "override" ╨╜╨╡ ╨┐╨╡╤А╨╡╨╛╨┐╤А╨╡╨┤╨╡╨╗╤П╨╡╤В ╨║╨░╨║╨╕╨╡-╨╗╨╕╨▒╨╛ ╨╝╨╡╤В╨╛╨┤╤Л ╨▒╨░╨╖╨╛╨▓╨╛╨│╨╛ ╨║╨╗╨░╤Б╤Б╨░ [C:\Users\KusokMedi\Documents\GitHub\BetterShowcase\build\xdBot2.vcxproj]
  (╨║╨╛╨╝╨┐╨╕╨╗╤П╤Ж╨╕╤П ╨╕╤Б╤Е╨╛╨┤╨╜╨╛╨│╨╛ ╤Д╨░╨╣╨╗╨░ "../src/ui/button_setting.cpp")
  
C:\Users\KusokMedi\Documents\GitHub\BetterShowcase\src\ui\record_layer.hpp(91,7): error C3668: RecordLayer::textChanged: ╨╝╨╡╤В╨╛╨┤ ╤Б╨╛ ╤Б╨┐╨╡╤Ж╨╕╤Д╨╕╨║╨░╤В╨╛╤А╨╛╨╝ ╨┐╨╡╤А╨╡╨╛╨┐╤А╨╡╨┤╨╡╨╗╨╡╨╜╨╕╤П "override" ╨╜╨╡ ╨┐╨╡╤А╨╡╨╛╨┐╤А╨╡╨┤╨╡╨╗╤П╨╡╤В ╨║╨░╨║╨╕╨╡-╨╗╨╕╨▒╨╛ ╨╝╨╡╤В╨╛╨┤╤Л ╨▒╨░╨╖╨╛╨▓╨╛╨│╨╛ ╨║╨╗╨░╤Б╤Б╨░ [C:\Users\KusokMedi\Documents\GitHub\BetterShowcase\build\xdBot2.vcxproj]
  (╨║╨╛╨╝╨┐╨╕╨╗╤П╤Ж╨╕╤П ╨╕╤Б╤Е╨╛╨┤╨╜╨╛╨│╨╛ ╤Д╨░╨╣╨╗╨░ "../src/ui/button_setting.cpp")
  
C:\Users\KusokMedi\Documents\GitHub\BetterShowcase\src\ui\record_layer.hpp(80,20): error C2039: "layer": ╨╜╨╡ ╤П╨▓╨╗╤П╨╡╤В╤Б╤П ╤З╨╗╨╡╨╜╨╛╨╝ "Global". [C:\Users\KusokMedi\Documents\GitHub\BetterShowcase\build\xdBot2.vcxproj]
  (╨║╨╛╨╝╨┐╨╕╨╗╤П╤Ж╨╕╤П ╨╕╤Б╤Е╨╛╨┤╨╜╨╛╨│╨╛ ╤Д╨░╨╣╨╗╨░ "../src/ui/button_setting.cpp")
      C:\Users\KusokMedi\Documents\GitHub\BetterShowcase\src\includes.hpp(46,7):
       ╤Б╨╝. ╨╛╨▒╤К╤П╨▓╨╗╨╡╨╜╨╕╨╡ "Global"
  
C:\Users\KusokMedi\Documents\GitHub\BetterShowcase\src\ui\record_layer.hpp(87,2): error C2039: "initAnchored": ╨╜╨╡ ╤П╨▓╨╗╤П╨╡╤В╤Б╤П ╤З╨╗╨╡╨╜╨╛╨╝ "RecordLayer". [C:\Users\KusokMedi\Documents\GitHub\BetterShowcase\build\xdBot2.vcxproj]
  (╨║╨╛╨╝╨┐╨╕╨╗╤П╤Ж╨╕╤П ╨╕╤Б╤Е╨╛╨┤╨╜╨╛╨│╨╛ ╤Д╨░╨╣╨╗╨░ "../src/ui/button_setting.cpp")
      C:\Users\KusokMedi\Documents\GitHub\BetterShowcase\src\ui\record_layer.hpp(34,7):
       ╤Б╨╝. ╨╛╨▒╤К╤П╨▓╨╗╨╡╨╜╨╕╨╡ "RecordLayer"
  
  input.cpp
C:\Users\KusokMedi\Documents\GitHub\BetterShowcase\src\renderer\ffmpeg\events.hpp(11,47): error C2955: "geode::Event": ╨┤╨╗╤П ╨╕╤Б╨┐╨╛╨╗╤М╨╖╨╛╨▓╨░╨╜╨╕╤П ╨║╨╗╨░╤Б╤Б ╤И╨░╨▒╨╗╨╛╨╜ ╤В╤А╨╡╨▒╤Г╨╡╤В╤Б╤П ╤Б╨┐╨╕╤Б╨╛╨║ ╨░╤А╨│╤Г╨╝╨╡╨╜╤В╨╛╨▓ ╤И╨░╨▒╨╗╨╛╨╜ [C:\Users\KusokMedi\Documents\GitHub\BetterShowcase\build\xdBot2.vcxproj]
  (╨║╨╛╨╝╨┐╨╕╨╗╤П╤Ж╨╕╤П ╨╕╤Б╤Е╨╛╨┤╨╜╨╛╨│╨╛ ╤Д╨░╨╣╨╗╨░ "../src/practice_fixes/input.cpp")
      C:\Users\KusokMedi\Documents\Geode\loader\include\Geode\loader\Event.hpp(960,12):
       ╤Б╨╝. ╨╛╨▒╤К╤П╨▓╨╗╨╡╨╜╨╕╨╡ "geode::Event"
  
C:\Users\KusokMedi\Documents\GitHub\BetterShowcase\src\renderer\ffmpeg\events.hpp(20,47): error C2955: "geode::Event": ╨┤╨╗╤П ╨╕╤Б╨┐╨╛╨╗╤М╨╖╨╛╨▓╨░╨╜╨╕╤П ╨║╨╗╨░╤Б╤Б ╤И╨░╨▒╨╗╨╛╨╜ ╤В╤А╨╡╨▒╤Г╨╡╤В╤Б╤П ╤Б╨┐╨╕╤Б╨╛╨║ ╨░╤А╨│╤Г╨╝╨╡╨╜╤В╨╛╨▓ ╤И╨░╨▒╨╗╨╛╨╜ [C:\Users\KusokMedi\Documents\GitHub\BetterShowcase\build\xdBot2.vcxproj]
  (╨║╨╛╨╝╨┐╨╕╨╗╤П╤Ж╨╕╤П ╨╕╤Б╤Е╨╛╨┤╨╜╨╛╨│╨╛ ╤Д╨░╨╣╨╗╨░ "../src/practice_fixes/input.cpp")
      C:\Users\KusokMedi\Documents\Geode\loader\include\Geode\loader\Event.hpp(960,12):
       ╤Б╨╝. ╨╛╨▒╤К╤П╨▓╨╗╨╡╨╜╨╕╨╡ "geode::Event"
  
C:\Users\KusokMedi\Documents\GitHub\BetterShowcase\src\renderer\ffmpeg\events.hpp(28,45): error C2955: "geode::Event": ╨┤╨╗╤П ╨╕╤Б╨┐╨╛╨╗╤М╨╖╨╛╨▓╨░╨╜╨╕╤П ╨║╨╗╨░╤Б╤Б ╤И╨░╨▒╨╗╨╛╨╜ ╤В╤А╨╡╨▒╤Г╨╡╤В╤Б╤П ╤Б╨┐╨╕╤Б╨╛╨║ ╨░╤А╨│╤Г╨╝╨╡╨╜╤В╨╛╨▓ ╤И╨░╨▒╨╗╨╛╨╜ [C:\Users\KusokMedi\Documents\GitHub\BetterShowcase\build\xdBot2.vcxproj]
  (╨║╨╛╨╝╨┐╨╕╨╗╤П╤Ж╨╕╤П ╨╕╤Б╤Е╨╛╨┤╨╜╨╛╨│╨╛ ╤Д╨░╨╣╨╗╨░ "../src/practice_fixes/input.cpp")
      C:\Users\KusokMedi\Documents\Geode\loader\include\Geode\loader\Event.hpp(960,12):
       ╤Б╨╝. ╨╛╨▒╤К╤П╨▓╨╗╨╡╨╜╨╕╨╡ "geode::Event"
  
C:\Users\KusokMedi\Documents\GitHub\BetterShowcase\src\renderer\ffmpeg\events.hpp(48,45): error C2955: "geode::Event": ╨┤╨╗╤П ╨╕╤Б╨┐╨╛╨╗╤М╨╖╨╛╨▓╨░╨╜╨╕╤П ╨║╨╗╨░╤Б╤Б ╤И╨░╨▒╨╗╨╛╨╜ ╤В╤А╨╡╨▒╤Г╨╡╤В╤Б╤П ╤Б╨┐╨╕╤Б╨╛╨║ ╨░╤А╨│╤Г╨╝╨╡╨╜╤В╨╛╨▓ ╤И╨░╨▒╨╗╨╛╨╜ [C:\Users\KusokMedi\Documents\GitHub\BetterShowcase\build\xdBot2.vcxproj]
  (╨║╨╛╨╝╨┐╨╕╨╗╤П╤Ж╨╕╤П ╨╕╤Б╤Е╨╛╨┤╨╜╨╛╨│╨╛ ╤Д╨░╨╣╨╗╨░ "../src/practice_fixes/input.cpp")
      C:\Users\KusokMedi\Documents\Geode\loader\include\Geode\loader\Event.hpp(960,12):
       ╤Б╨╝. ╨╛╨▒╤К╤П╨▓╨╗╨╡╨╜╨╕╨╡ "geode::Event"
  
C:\Users\KusokMedi\Documents\GitHub\BetterShowcase\src\renderer\ffmpeg\events.hpp(58,54): error C2955: "geode::Event": ╨┤╨╗╤П ╨╕╤Б╨┐╨╛╨╗╤М╨╖╨╛╨▓╨░╨╜╨╕╤П ╨║╨╗╨░╤Б╤Б ╤И╨░╨▒╨╗╨╛╨╜ ╤В╤А╨╡╨▒╤Г╨╡╤В╤Б╤П ╤Б╨┐╨╕╤Б╨╛╨║ ╨░╤А╨│╤Г╨╝╨╡╨╜╤В╨╛╨▓ ╤И╨░╨▒╨╗╨╛╨╜ [C:\Users\KusokMedi\Documents\GitHub\BetterShowcase\build\xdBot2.vcxproj]
  (╨║╨╛╨╝╨┐╨╕╨╗╤П╤Ж╨╕╤П ╨╕╤Б╤Е╨╛╨┤╨╜╨╛╨│╨╛ ╤Д╨░╨╣╨╗╨░ "../src/practice_fixes/input.cpp")
      C:\Users\KusokMedi\Documents\Geode\loader\include\Geode\loader\Event.hpp(960,12):
       ╤Б╨╝. ╨╛╨▒╤К╤П╨▓╨╗╨╡╨╜╨╕╨╡ "geode::Event"
  
C:\Users\KusokMedi\Documents\GitHub\BetterShowcase\src\renderer\ffmpeg\events.hpp(69,46): error C2955: "geode::Event": ╨┤╨╗╤П ╨╕╤Б╨┐╨╛╨╗╤М╨╖╨╛╨▓╨░╨╜╨╕╤П ╨║╨╗╨░╤Б╤Б ╤И╨░╨▒╨╗╨╛╨╜ ╤В╤А╨╡╨▒╤Г╨╡╤В╤Б╤П ╤Б╨┐╨╕╤Б╨╛╨║ ╨░╤А╨│╤Г╨╝╨╡╨╜╤В╨╛╨▓ ╤И╨░╨▒╨╗╨╛╨╜ [C:\Users\KusokMedi\Documents\GitHub\BetterShowcase\build\xdBot2.vcxproj]
  (╨║╨╛╨╝╨┐╨╕╨╗╤П╤Ж╨╕╤П ╨╕╤Б╤Е╨╛╨┤╨╜╨╛╨│╨╛ ╤Д╨░╨╣╨╗╨░ "../src/practice_fixes/input.cpp")
      C:\Users\KusokMedi\Documents\Geode\loader\include\Geode\loader\Event.hpp(960,12):
       ╤Б╨╝. ╨╛╨▒╤К╤П╨▓╨╗╨╡╨╜╨╕╨╡ "geode::Event"
  
C:\Users\KusokMedi\Documents\GitHub\BetterShowcase\src\renderer\ffmpeg\events.hpp(79,46): error C2955: "geode::Event": ╨┤╨╗╤П ╨╕╤Б╨┐╨╛╨╗╤М╨╖╨╛╨▓╨░╨╜╨╕╤П ╨║╨╗╨░╤Б╤Б ╤И╨░╨▒╨╗╨╛╨╜ ╤В╤А╨╡╨▒╤Г╨╡╤В╤Б╤П ╤Б╨┐╨╕╤Б╨╛╨║ ╨░╤А╨│╤Г╨╝╨╡╨╜╤В╨╛╨▓ ╤И╨░╨▒╨╗╨╛╨╜ [C:\Users\KusokMedi\Documents\GitHub\BetterShowcase\build\xdBot2.vcxproj]
  (╨║╨╛╨╝╨┐╨╕╨╗╤П╤Ж╨╕╤П ╨╕╤Б╤Е╨╛╨┤╨╜╨╛╨│╨╛ ╤Д╨░╨╣╨╗╨░ "../src/practice_fixes/input.cpp")
      C:\Users\KusokMedi\Documents\Geode\loader\include\Geode\loader\Event.hpp(960,12):
       ╤Б╨╝. ╨╛╨▒╤К╤П╨▓╨╗╨╡╨╜╨╕╨╡ "geode::Event"
  
C:\Users\KusokMedi\Documents\GitHub\BetterShowcase\src\renderer\ffmpeg\events.hpp(101,44): error C2955: "geode::Event": ╨┤╨╗╤П ╨╕╤Б╨┐╨╛╨╗╤М╨╖╨╛╨▓╨░╨╜╨╕╤П ╨║╨╗╨░╤Б╤Б ╤И╨░╨▒╨╗╨╛╨╜ ╤В╤А╨╡╨▒╤Г╨╡╤В╤Б╤П ╤Б╨┐╨╕╤Б╨╛╨║ ╨░╤А╨│╤Г╨╝╨╡╨╜╤В╨╛╨▓ ╤И╨░╨▒╨╗╨╛╨╜ [C:\Users\KusokMedi\Documents\GitHub\BetterShowcase\build\xdBot2.vcxproj]
  (╨║╨╛╨╝╨┐╨╕╨╗╤П╤Ж╨╕╤П ╨╕╤Б╤Е╨╛╨┤╨╜╨╛╨│╨╛ ╤Д╨░╨╣╨╗╨░ "../src/practice_fixes/input.cpp")
      C:\Users\KusokMedi\Documents\Geode\loader\include\Geode\loader\Event.hpp(960,12):
       ╤Б╨╝. ╨╛╨▒╤К╤П╨▓╨╗╨╡╨╜╨╕╨╡ "geode::Event"
  
C:\Users\KusokMedi\Documents\GitHub\BetterShowcase\src\renderer\ffmpeg\events.hpp(129,21): error C2039: "post": ╨╜╨╡ ╤П╨▓╨╗╤П╨╡╤В╤Б╤П ╤З╨╗╨╡╨╜╨╛╨╝ "ffmpeg::events::impl::CreateRecorderEvent". [C:\Users\KusokMedi\Documents\GitHub\BetterShowcase\build\xdBot2.vcxproj]
  (╨║╨╛╨╝╨┐╨╕╨╗╤П╤Ж╨╕╤П ╨╕╤Б╤Е╨╛╨┤╨╜╨╛╨│╨╛ ╤Д╨░╨╣╨╗╨░ "../src/practice_fixes/input.cpp")
      C:\Users\KusokMedi\Documents\GitHub\BetterShowcase\src\renderer\ffmpeg\events.hpp(11,11):
       ╤Б╨╝. ╨╛╨▒╤К╤П╨▓╨╗╨╡╨╜╨╕╨╡ "ffmpeg::events::impl::CreateRecorderEvent"
  
C:\Users\KusokMedi\Documents\GitHub\BetterShowcase\src\renderer\ffmpeg\events.hpp(135,21): error C2039: "post": ╨╜╨╡ ╤П╨▓╨╗╤П╨╡╤В╤Б╤П ╤З╨╗╨╡╨╜╨╛╨╝ "ffmpeg::events::impl::DeleteRecorderEvent". [C:\Users\KusokMedi\Documents\GitHub\BetterShowcase\build\xdBot2.vcxproj]
  (╨║╨╛╨╝╨┐╨╕╨╗╤П╤Ж╨╕╤П ╨╕╤Б╤Е╨╛╨┤╨╜╨╛╨│╨╛ ╤Д╨░╨╣╨╗╨░ "../src/practice_fixes/input.cpp")
      C:\Users\KusokMedi\Documents\GitHub\BetterShowcase\src\renderer\ffmpeg\events.hpp(20,11):
       ╤Б╨╝. ╨╛╨▒╤К╤П╨▓╨╗╨╡╨╜╨╕╨╡ "ffmpeg::events::impl::DeleteRecorderEvent"
  
C:\Users\KusokMedi\Documents\GitHub\BetterShowcase\src\renderer\ffmpeg\events.hpp(153,19): error C2039: "post": ╨╜╨╡ ╤П╨▓╨╗╤П╨╡╤В╤Б╤П ╤З╨╗╨╡╨╜╨╛╨╝ "ffmpeg::events::impl::InitRecorderEvent". [C:\Users\KusokMedi\Documents\GitHub\BetterShowcase\build\xdBot2.vcxproj]
  (╨║╨╛╨╝╨┐╨╕╨╗╤П╤Ж╨╕╤П ╨╕╤Б╤Е╨╛╨┤╨╜╨╛╨│╨╛ ╤Д╨░╨╣╨╗╨░ "../src/practice_fixes/input.cpp")
      C:\Users\KusokMedi\Documents\GitHub\BetterShowcase\src\renderer\ffmpeg\events.hpp(28,11):
       ╤Б╨╝. ╨╛╨▒╤К╤П╨▓╨╗╨╡╨╜╨╕╨╡ "ffmpeg::events::impl::InitRecorderEvent"
  
C:\Users\KusokMedi\Documents\GitHub\BetterShowcase\src\renderer\ffmpeg\events.hpp(163,40): error C2039: "post": ╨╜╨╡ ╤П╨▓╨╗╤П╨╡╤В╤Б╤П ╤З╨╗╨╡╨╜╨╛╨╝ "ffmpeg::events::impl::StopRecorderEvent". [C:\Users\KusokMedi\Documents\GitHub\BetterShowcase\build\xdBot2.vcxproj]
  (╨║╨╛╨╝╨┐╨╕╨╗╤П╤Ж╨╕╤П ╨╕╤Б╤Е╨╛╨┤╨╜╨╛╨│╨╛ ╤Д╨░╨╣╨╗╨░ "../src/practice_fixes/input.cpp")
      C:\Users\KusokMedi\Documents\GitHub\BetterShowcase\src\renderer\ffmpeg\events.hpp(48,11):
       ╤Б╨╝. ╨╛╨▒╤К╤П╨▓╨╗╨╡╨╜╨╕╨╡ "ffmpeg::events::impl::StopRecorderEvent"
  
C:\Users\KusokMedi\Documents\GitHub\BetterShowcase\src\renderer\ffmpeg\events.hpp(182,19): error C2039: "post": ╨╜╨╡ ╤П╨▓╨╗╤П╨╡╤В╤Б╤П ╤З╨╗╨╡╨╜╨╛╨╝ "ffmpeg::events::impl::GetWriteFrameFunctionEvent". [C:\Users\KusokMedi\Documents\GitHub\BetterShowcase\build\xdBot2.vcxproj]
  (╨║╨╛╨╝╨┐╨╕╨╗╤П╤Ж╨╕╤П ╨╕╤Б╤Е╨╛╨┤╨╜╨╛╨│╨╛ ╤Д╨░╨╣╨╗╨░ "../src/practice_fixes/input.cpp")
      C:\Users\KusokMedi\Documents\GitHub\BetterShowcase\src\renderer\ffmpeg\events.hpp(58,11):
       ╤Б╨╝. ╨╛╨▒╤К╤П╨▓╨╗╨╡╨╜╨╕╨╡ "ffmpeg::events::impl::GetWriteFrameFunctionEvent"
  
C:\Users\KusokMedi\Documents\GitHub\BetterShowcase\src\renderer\ffmpeg\events.hpp(199,20): error C2039: "post": ╨╜╨╡ ╤П╨▓╨╗╤П╨╡╤В╤Б╤П ╤З╨╗╨╡╨╜╨╛╨╝ "ffmpeg::events::impl::CodecRecorderEvent". [C:\Users\KusokMedi\Documents\GitHub\BetterShowcase\build\xdBot2.vcxproj]
  (╨║╨╛╨╝╨┐╨╕╨╗╤П╤Ж╨╕╤П ╨╕╤Б╤Е╨╛╨┤╨╜╨╛╨│╨╛ ╤Д╨░╨╣╨╗╨░ "../src/practice_fixes/input.cpp")
      C:\Users\KusokMedi\Documents\GitHub\BetterShowcase\src\renderer\ffmpeg\events.hpp(69,11):
       ╤Б╨╝. ╨╛╨▒╤К╤П╨▓╨╗╨╡╨╜╨╕╨╡ "ffmpeg::events::impl::CodecRecorderEvent"
  
C:\Users\KusokMedi\Documents\GitHub\BetterShowcase\src\renderer\ffmpeg\events.hpp(225,18): error C2039: "post": ╨╜╨╡ ╤П╨▓╨╗╤П╨╡╤В╤Б╤П ╤З╨╗╨╡╨╜╨╛╨╝ "ffmpeg::events::impl::MixVideoAudioEvent". [C:\Users\KusokMedi\Documents\GitHub\BetterShowcase\build\xdBot2.vcxproj]
  (╨║╨╛╨╝╨┐╨╕╨╗╤П╤Ж╨╕╤П ╨╕╤Б╤Е╨╛╨┤╨╜╨╛╨│╨╛ ╤Д╨░╨╣╨╗╨░ "../src/practice_fixes/input.cpp")
      C:\Users\KusokMedi\Documents\GitHub\BetterShowcase\src\renderer\ffmpeg\events.hpp(79,11):
       ╤Б╨╝. ╨╛╨▒╤К╤П╨▓╨╗╨╡╨╜╨╕╨╡ "ffmpeg::events::impl::MixVideoAudioEvent"
  
C:\Users\KusokMedi\Documents\GitHub\BetterShowcase\src\renderer\ffmpeg\events.hpp(244,18): error C2039: "post": ╨╜╨╡ ╤П╨▓╨╗╤П╨╡╤В╤Б╤П ╤З╨╗╨╡╨╜╨╛╨╝ "ffmpeg::events::impl::MixVideoRawEvent". [C:\Users\KusokMedi\Documents\GitHub\BetterShowcase\build\xdBot2.vcxproj]
  (╨║╨╛╨╝╨┐╨╕╨╗╤П╤Ж╨╕╤П ╨╕╤Б╤Е╨╛╨┤╨╜╨╛╨│╨╛ ╤Д╨░╨╣╨╗╨░ "../src/practice_fixes/input.cpp")
      C:\Users\KusokMedi\Documents\GitHub\BetterShowcase\src\renderer\ffmpeg\events.hpp(101,11):
       ╤Б╨╝. ╨╛╨▒╤К╤П╨▓╨╗╨╡╨╜╨╕╨╡ "ffmpeg::events::impl::MixVideoRawEvent"
  
C:\Users\KusokMedi\Documents\GitHub\BetterShowcase\src\includes.hpp(82,17): error C2059: ╤Б╨╕╨╜╤В╨░╨║╤Б╨╕╤З╨╡╤Б╨║╨░╤П ╨╛╤И╨╕╨▒╨║╨░: < [C:\Users\KusokMedi\Documents\GitHub\BetterShowcase\build\xdBot2.vcxproj]
  (╨║╨╛╨╝╨┐╨╕╨╗╤П╤Ж╨╕╤П ╨╕╤Б╤Е╨╛╨┤╨╜╨╛╨│╨╛ ╤Д╨░╨╣╨╗╨░ "../src/practice_fixes/input.cpp")
  
C:\Users\KusokMedi\Documents\GitHub\BetterShowcase\src\includes.hpp(82,36): error C2238: ╨╜╨╡╨┐╤А╨╡╨┤╨▓╨╕╨┤╨╡╨╜╨╜╤Л╨╡ ╨╗╨╡╨║╤Б╨╡╨╝╤Л ╨┐╨╡╤А╨╡╨┤ ";" [C:\Users\KusokMedi\Documents\GitHub\BetterShowcase\build\xdBot2.vcxproj]
  (╨║╨╛╨╝╨┐╨╕╨╗╤П╤Ж╨╕╤П ╨╕╤Б╤Е╨╛╨┤╨╜╨╛╨│╨╛ ╤Д╨░╨╣╨╗╨░ "../src/practice_fixes/input.cpp")
  
  player.cpp
C:\Users\KusokMedi\Documents\GitHub\BetterShowcase\src\renderer\ffmpeg\events.hpp(11,47): error C2955: "geode::Event": ╨┤╨╗╤П ╨╕╤Б╨┐╨╛╨╗╤М╨╖╨╛╨▓╨░╨╜╨╕╤П ╨║╨╗╨░╤Б╤Б ╤И╨░╨▒╨╗╨╛╨╜ ╤В╤А╨╡╨▒╤Г╨╡╤В╤Б╤П ╤Б╨┐╨╕╤Б╨╛╨║ ╨░╤А╨│╤Г╨╝╨╡╨╜╤В╨╛╨▓ ╤И╨░╨▒╨╗╨╛╨╜ [C:\Users\KusokMedi\Documents\GitHub\BetterShowcase\build\xdBot2.vcxproj]
  (╨║╨╛╨╝╨┐╨╕╨╗╤П╤Ж╨╕╤П ╨╕╤Б╤Е╨╛╨┤╨╜╨╛╨│╨╛ ╤Д╨░╨╣╨╗╨░ "../src/practice_fixes/player.cpp")
      C:\Users\KusokMedi\Documents\Geode\loader\include\Geode\loader\Event.hpp(960,12):
       ╤Б╨╝. ╨╛╨▒╤К╤П╨▓╨╗╨╡╨╜╨╕╨╡ "geode::Event"
  
C:\Users\KusokMedi\Documents\GitHub\BetterShowcase\src\renderer\ffmpeg\events.hpp(20,47): error C2955: "geode::Event": ╨┤╨╗╤П ╨╕╤Б╨┐╨╛╨╗╤М╨╖╨╛╨▓╨░╨╜╨╕╤П ╨║╨╗╨░╤Б╤Б ╤И╨░╨▒╨╗╨╛╨╜ ╤В╤А╨╡╨▒╤Г╨╡╤В╤Б╤П ╤Б╨┐╨╕╤Б╨╛╨║ ╨░╤А╨│╤Г╨╝╨╡╨╜╤В╨╛╨▓ ╤И╨░╨▒╨╗╨╛╨╜ [C:\Users\KusokMedi\Documents\GitHub\BetterShowcase\build\xdBot2.vcxproj]
  (╨║╨╛╨╝╨┐╨╕╨╗╤П╤Ж╨╕╤П ╨╕╤Б╤Е╨╛╨┤╨╜╨╛╨│╨╛ ╤Д╨░╨╣╨╗╨░ "../src/practice_fixes/player.cpp")
      C:\Users\KusokMedi\Documents\Geode\loader\include\Geode\loader\Event.hpp(960,12):
       ╤Б╨╝. ╨╛╨▒╤К╤П╨▓╨╗╨╡╨╜╨╕╨╡ "geode::Event"
  
C:\Users\KusokMedi\Documents\GitHub\BetterShowcase\src\renderer\ffmpeg\events.hpp(28,45): error C2955: "geode::Event": ╨┤╨╗╤П ╨╕╤Б╨┐╨╛╨╗╤М╨╖╨╛╨▓╨░╨╜╨╕╤П ╨║╨╗╨░╤Б╤Б ╤И╨░╨▒╨╗╨╛╨╜ ╤В╤А╨╡╨▒╤Г╨╡╤В╤Б╤П ╤Б╨┐╨╕╤Б╨╛╨║ ╨░╤А╨│╤Г╨╝╨╡╨╜╤В╨╛╨▓ ╤И╨░╨▒╨╗╨╛╨╜ [C:\Users\KusokMedi\Documents\GitHub\BetterShowcase\build\xdBot2.vcxproj]
  (╨║╨╛╨╝╨┐╨╕╨╗╤П╤Ж╨╕╤П ╨╕╤Б╤Е╨╛╨┤╨╜╨╛╨│╨╛ ╤Д╨░╨╣╨╗╨░ "../src/practice_fixes/player.cpp")
      C:\Users\KusokMedi\Documents\Geode\loader\include\Geode\loader\Event.hpp(960,12):
       ╤Б╨╝. ╨╛╨▒╤К╤П╨▓╨╗╨╡╨╜╨╕╨╡ "geode::Event"
  
C:\Users\KusokMedi\Documents\GitHub\BetterShowcase\src\renderer\ffmpeg\events.hpp(48,45): error C2955: "geode::Event": ╨┤╨╗╤П ╨╕╤Б╨┐╨╛╨╗╤М╨╖╨╛╨▓╨░╨╜╨╕╤П ╨║╨╗╨░╤Б╤Б ╤И╨░╨▒╨╗╨╛╨╜ ╤В╤А╨╡╨▒╤Г╨╡╤В╤Б╤П ╤Б╨┐╨╕╤Б╨╛╨║ ╨░╤А╨│╤Г╨╝╨╡╨╜╤В╨╛╨▓ ╤И╨░╨▒╨╗╨╛╨╜ [C:\Users\KusokMedi\Documents\GitHub\BetterShowcase\build\xdBot2.vcxproj]
  (╨║╨╛╨╝╨┐╨╕╨╗╤П╤Ж╨╕╤П ╨╕╤Б╤Е╨╛╨┤╨╜╨╛╨│╨╛ ╤Д╨░╨╣╨╗╨░ "../src/practice_fixes/player.cpp")
      C:\Users\KusokMedi\Documents\Geode\loader\include\Geode\loader\Event.hpp(960,12):
       ╤Б╨╝. ╨╛╨▒╤К╤П╨▓╨╗╨╡╨╜╨╕╨╡ "geode::Event"
  
C:\Users\KusokMedi\Documents\GitHub\BetterShowcase\src\renderer\ffmpeg\events.hpp(58,54): error C2955: "geode::Event": ╨┤╨╗╤П ╨╕╤Б╨┐╨╛╨╗╤М╨╖╨╛╨▓╨░╨╜╨╕╤П ╨║╨╗╨░╤Б╤Б ╤И╨░╨▒╨╗╨╛╨╜ ╤В╤А╨╡╨▒╤Г╨╡╤В╤Б╤П ╤Б╨┐╨╕╤Б╨╛╨║ ╨░╤А╨│╤Г╨╝╨╡╨╜╤В╨╛╨▓ ╤И╨░╨▒╨╗╨╛╨╜ [C:\Users\KusokMedi\Documents\GitHub\BetterShowcase\build\xdBot2.vcxproj]
  (╨║╨╛╨╝╨┐╨╕╨╗╤П╤Ж╨╕╤П ╨╕╤Б╤Е╨╛╨┤╨╜╨╛╨│╨╛ ╤Д╨░╨╣╨╗╨░ "../src/practice_fixes/player.cpp")
      C:\Users\KusokMedi\Documents\Geode\loader\include\Geode\loader\Event.hpp(960,12):
       ╤Б╨╝. ╨╛╨▒╤К╤П╨▓╨╗╨╡╨╜╨╕╨╡ "geode::Event"
  
C:\Users\KusokMedi\Documents\GitHub\BetterShowcase\src\renderer\ffmpeg\events.hpp(69,46): error C2955: "geode::Event": ╨┤╨╗╤П ╨╕╤Б╨┐╨╛╨╗╤М╨╖╨╛╨▓╨░╨╜╨╕╤П ╨║╨╗╨░╤Б╤Б ╤И╨░╨▒╨╗╨╛╨╜ ╤В╤А╨╡╨▒╤Г╨╡╤В╤Б╤П ╤Б╨┐╨╕╤Б╨╛╨║ ╨░╤А╨│╤Г╨╝╨╡╨╜╤В╨╛╨▓ ╤И╨░╨▒╨╗╨╛╨╜ [C:\Users\KusokMedi\Documents\GitHub\BetterShowcase\build\xdBot2.vcxproj]
  (╨║╨╛╨╝╨┐╨╕╨╗╤П╤Ж╨╕╤П ╨╕╤Б╤Е╨╛╨┤╨╜╨╛╨│╨╛ ╤Д╨░╨╣╨╗╨░ "../src/practice_fixes/player.cpp")
      C:\Users\KusokMedi\Documents\Geode\loader\include\Geode\loader\Event.hpp(960,12):
       ╤Б╨╝. ╨╛╨▒╤К╤П╨▓╨╗╨╡╨╜╨╕╨╡ "geode::Event"
  
C:\Users\KusokMedi\Documents\GitHub\BetterShowcase\src\renderer\ffmpeg\events.hpp(79,46): error C2955: "geode::Event": ╨┤╨╗╤П ╨╕╤Б╨┐╨╛╨╗╤М╨╖╨╛╨▓╨░╨╜╨╕╤П ╨║╨╗╨░╤Б╤Б ╤И╨░╨▒╨╗╨╛╨╜ ╤В╤А╨╡╨▒╤Г╨╡╤В╤Б╤П ╤Б╨┐╨╕╤Б╨╛╨║ ╨░╤А╨│╤Г╨╝╨╡╨╜╤В╨╛╨▓ ╤И╨░╨▒╨╗╨╛╨╜ [C:\Users\KusokMedi\Documents\GitHub\BetterShowcase\build\xdBot2.vcxproj]
  (╨║╨╛╨╝╨┐╨╕╨╗╤П╤Ж╨╕╤П ╨╕╤Б╤Е╨╛╨┤╨╜╨╛╨│╨╛ ╤Д╨░╨╣╨╗╨░ "../src/practice_fixes/player.cpp")
      C:\Users\KusokMedi\Documents\Geode\loader\include\Geode\loader\Event.hpp(960,12):
       ╤Б╨╝. ╨╛╨▒╤К╤П╨▓╨╗╨╡╨╜╨╕╨╡ "geode::Event"
  
C:\Users\KusokMedi\Documents\GitHub\BetterShowcase\src\renderer\ffmpeg\events.hpp(101,44): error C2955: "geode::Event": ╨┤╨╗╤П ╨╕╤Б╨┐╨╛╨╗╤М╨╖╨╛╨▓╨░╨╜╨╕╤П ╨║╨╗╨░╤Б╤Б ╤И╨░╨▒╨╗╨╛╨╜ ╤В╤А╨╡╨▒╤Г╨╡╤В╤Б╤П ╤Б╨┐╨╕╤Б╨╛╨║ ╨░╤А╨│╤Г╨╝╨╡╨╜╤В╨╛╨▓ ╤И╨░╨▒╨╗╨╛╨╜ [C:\Users\KusokMedi\Documents\GitHub\BetterShowcase\build\xdBot2.vcxproj]
  (╨║╨╛╨╝╨┐╨╕╨╗╤П╤Ж╨╕╤П ╨╕╤Б╤Е╨╛╨┤╨╜╨╛╨│╨╛ ╤Д╨░╨╣╨╗╨░ "../src/practice_fixes/player.cpp")
      C:\Users\KusokMedi\Documents\Geode\loader\include\Geode\loader\Event.hpp(960,12):
       ╤Б╨╝. ╨╛╨▒╤К╤П╨▓╨╗╨╡╨╜╨╕╨╡ "geode::Event"
  
C:\Users\KusokMedi\Documents\GitHub\BetterShowcase\src\renderer\ffmpeg\events.hpp(129,21): error C2039: "post": ╨╜╨╡ ╤П╨▓╨╗╤П╨╡╤В╤Б╤П ╤З╨╗╨╡╨╜╨╛╨╝ "ffmpeg::events::impl::CreateRecorderEvent". [C:\Users\KusokMedi\Documents\GitHub\BetterShowcase\build\xdBot2.vcxproj]
  (╨║╨╛╨╝╨┐╨╕╨╗╤П╤Ж╨╕╤П ╨╕╤Б╤Е╨╛╨┤╨╜╨╛╨│╨╛ ╤Д╨░╨╣╨╗╨░ "../src/practice_fixes/player.cpp")
      C:\Users\KusokMedi\Documents\GitHub\BetterShowcase\src\renderer\ffmpeg\events.hpp(11,11):
       ╤Б╨╝. ╨╛╨▒╤К╤П╨▓╨╗╨╡╨╜╨╕╨╡ "ffmpeg::events::impl::CreateRecorderEvent"
  
C:\Users\KusokMedi\Documents\GitHub\BetterShowcase\src\renderer\ffmpeg\events.hpp(135,21): error C2039: "post": ╨╜╨╡ ╤П╨▓╨╗╤П╨╡╤В╤Б╤П ╤З╨╗╨╡╨╜╨╛╨╝ "ffmpeg::events::impl::DeleteRecorderEvent". [C:\Users\KusokMedi\Documents\GitHub\BetterShowcase\build\xdBot2.vcxproj]
  (╨║╨╛╨╝╨┐╨╕╨╗╤П╤Ж╨╕╤П ╨╕╤Б╤Е╨╛╨┤╨╜╨╛╨│╨╛ ╤Д╨░╨╣╨╗╨░ "../src/practice_fixes/player.cpp")
      C:\Users\KusokMedi\Documents\GitHub\BetterShowcase\src\renderer\ffmpeg\events.hpp(20,11):
       ╤Б╨╝. ╨╛╨▒╤К╤П╨▓╨╗╨╡╨╜╨╕╨╡ "ffmpeg::events::impl::DeleteRecorderEvent"
  
C:\Users\KusokMedi\Documents\GitHub\BetterShowcase\src\renderer\ffmpeg\events.hpp(153,19): error C2039: "post": ╨╜╨╡ ╤П╨▓╨╗╤П╨╡╤В╤Б╤П ╤З╨╗╨╡╨╜╨╛╨╝ "ffmpeg::events::impl::InitRecorderEvent". [C:\Users\KusokMedi\Documents\GitHub\BetterShowcase\build\xdBot2.vcxproj]
  (╨║╨╛╨╝╨┐╨╕╨╗╤П╤Ж╨╕╤П ╨╕╤Б╤Е╨╛╨┤╨╜╨╛╨│╨╛ ╤Д╨░╨╣╨╗╨░ "../src/practice_fixes/player.cpp")
      C:\Users\KusokMedi\Documents\GitHub\BetterShowcase\src\renderer\ffmpeg\events.hpp(28,11):
       ╤Б╨╝. ╨╛╨▒╤К╤П╨▓╨╗╨╡╨╜╨╕╨╡ "ffmpeg::events::impl::InitRecorderEvent"
  
C:\Users\KusokMedi\Documents\GitHub\BetterShowcase\src\renderer\ffmpeg\events.hpp(163,40): error C2039: "post": ╨╜╨╡ ╤П╨▓╨╗╤П╨╡╤В╤Б╤П ╤З╨╗╨╡╨╜╨╛╨╝ "ffmpeg::events::impl::StopRecorderEvent". [C:\Users\KusokMedi\Documents\GitHub\BetterShowcase\build\xdBot2.vcxproj]
  (╨║╨╛╨╝╨┐╨╕╨╗╤П╤Ж╨╕╤П ╨╕╤Б╤Е╨╛╨┤╨╜╨╛╨│╨╛ ╤Д╨░╨╣╨╗╨░ "../src/practice_fixes/player.cpp")
      C:\Users\KusokMedi\Documents\GitHub\BetterShowcase\src\renderer\ffmpeg\events.hpp(48,11):
       ╤Б╨╝. ╨╛╨▒╤К╤П╨▓╨╗╨╡╨╜╨╕╨╡ "ffmpeg::events::impl::StopRecorderEvent"
  
C:\Users\KusokMedi\Documents\GitHub\BetterShowcase\src\renderer\ffmpeg\events.hpp(182,19): error C2039: "post": ╨╜╨╡ ╤П╨▓╨╗╤П╨╡╤В╤Б╤П ╤З╨╗╨╡╨╜╨╛╨╝ "ffmpeg::events::impl::GetWriteFrameFunctionEvent". [C:\Users\KusokMedi\Documents\GitHub\BetterShowcase\build\xdBot2.vcxproj]
  (╨║╨╛╨╝╨┐╨╕╨╗╤П╤Ж╨╕╤П ╨╕╤Б╤Е╨╛╨┤╨╜╨╛╨│╨╛ ╤Д╨░╨╣╨╗╨░ "../src/practice_fixes/player.cpp")
      C:\Users\KusokMedi\Documents\GitHub\BetterShowcase\src\renderer\ffmpeg\events.hpp(58,11):
       ╤Б╨╝. ╨╛╨▒╤К╤П╨▓╨╗╨╡╨╜╨╕╨╡ "ffmpeg::events::impl::GetWriteFrameFunctionEvent"
  
C:\Users\KusokMedi\Documents\GitHub\BetterShowcase\src\renderer\ffmpeg\events.hpp(199,20): error C2039: "post": ╨╜╨╡ ╤П╨▓╨╗╤П╨╡╤В╤Б╤П ╤З╨╗╨╡╨╜╨╛╨╝ "ffmpeg::events::impl::CodecRecorderEvent". [C:\Users\KusokMedi\Documents\GitHub\BetterShowcase\build\xdBot2.vcxproj]
  (╨║╨╛╨╝╨┐╨╕╨╗╤П╤Ж╨╕╤П ╨╕╤Б╤Е╨╛╨┤╨╜╨╛╨│╨╛ ╤Д╨░╨╣╨╗╨░ "../src/practice_fixes/player.cpp")
      C:\Users\KusokMedi\Documents\GitHub\BetterShowcase\src\renderer\ffmpeg\events.hpp(69,11):
       ╤Б╨╝. ╨╛╨▒╤К╤П╨▓╨╗╨╡╨╜╨╕╨╡ "ffmpeg::events::impl::CodecRecorderEvent"
  
C:\Users\KusokMedi\Documents\GitHub\BetterShowcase\src\renderer\ffmpeg\events.hpp(225,18): error C2039: "post": ╨╜╨╡ ╤П╨▓╨╗╤П╨╡╤В╤Б╤П ╤З╨╗╨╡╨╜╨╛╨╝ "ffmpeg::events::impl::MixVideoAudioEvent". [C:\Users\KusokMedi\Documents\GitHub\BetterShowcase\build\xdBot2.vcxproj]
  (╨║╨╛╨╝╨┐╨╕╨╗╤П╤Ж╨╕╤П ╨╕╤Б╤Е╨╛╨┤╨╜╨╛╨│╨╛ ╤Д╨░╨╣╨╗╨░ "../src/practice_fixes/player.cpp")
      C:\Users\KusokMedi\Documents\GitHub\BetterShowcase\src\renderer\ffmpeg\events.hpp(79,11):
       ╤Б╨╝. ╨╛╨▒╤К╤П╨▓╨╗╨╡╨╜╨╕╨╡ "ffmpeg::events::impl::MixVideoAudioEvent"
  
C:\Users\KusokMedi\Documents\GitHub\BetterShowcase\src\renderer\ffmpeg\events.hpp(244,18): error C2039: "post": ╨╜╨╡ ╤П╨▓╨╗╤П╨╡╤В╤Б╤П ╤З╨╗╨╡╨╜╨╛╨╝ "ffmpeg::events::impl::MixVideoRawEvent". [C:\Users\KusokMedi\Documents\GitHub\BetterShowcase\build\xdBot2.vcxproj]
  (╨║╨╛╨╝╨┐╨╕╨╗╤П╤Ж╨╕╤П ╨╕╤Б╤Е╨╛╨┤╨╜╨╛╨│╨╛ ╤Д╨░╨╣╨╗╨░ "../src/practice_fixes/player.cpp")
      C:\Users\KusokMedi\Documents\GitHub\BetterShowcase\src\renderer\ffmpeg\events.hpp(101,11):
       ╤Б╨╝. ╨╛╨▒╤К╤П╨▓╨╗╨╡╨╜╨╕╨╡ "ffmpeg::events::impl::MixVideoRawEvent"
  
C:\Users\KusokMedi\Documents\GitHub\BetterShowcase\src\includes.hpp(82,17): error C2059: ╤Б╨╕╨╜╤В╨░╨║╤Б╨╕╤З╨╡╤Б╨║╨░╤П ╨╛╤И╨╕╨▒╨║╨░: < [C:\Users\KusokMedi\Documents\GitHub\BetterShowcase\build\xdBot2.vcxproj]
  (╨║╨╛╨╝╨┐╨╕╨╗╤П╤Ж╨╕╤П ╨╕╤Б╤Е╨╛╨┤╨╜╨╛╨│╨╛ ╤Д╨░╨╣╨╗╨░ "../src/practice_fixes/player.cpp")
  
C:\Users\KusokMedi\Documents\GitHub\BetterShowcase\src\includes.hpp(82,36): error C2238: ╨╜╨╡╨┐╤А╨╡╨┤╨▓╨╕╨┤╨╡╨╜╨╜╤Л╨╡ ╨╗╨╡╨║╤Б╨╡╨╝╤Л ╨┐╨╡╤А╨╡╨┤ ";" [C:\Users\KusokMedi\Documents\GitHub\BetterShowcase\build\xdBot2.vcxproj]
  (╨║╨╛╨╝╨┐╨╕╨╗╤П╤Ж╨╕╤П ╨╕╤Б╤Е╨╛╨┤╨╜╨╛╨│╨╛ ╤Д╨░╨╣╨╗╨░ "../src/practice_fixes/player.cpp")
  
C:\Users\KusokMedi\Documents\GitHub\BetterShowcase\src\practice_fixes\player.cpp(9,50): error C2039: "m_maybeRotatedObjectsMap": ╨╜╨╡ ╤П╨▓╨╗╤П╨╡╤В╤Б╤П ╤З╨╗╨╡╨╜╨╛╨╝ "PlayerObject". [C:\Users\KusokMedi\Documents\GitHub\BetterShowcase\build\xdBot2.vcxproj]
  (╨║╨╛╨╝╨┐╨╕╨╗╤П╤Ж╨╕╤П ╨╕╤Б╤Е╨╛╨┤╨╜╨╛╨│╨╛ ╤Д╨░╨╣╨╗╨░ "../src/practice_fixes/player.cpp")
      C:\Users\KusokMedi\Documents\GitHub\BetterShowcase\build\bindings\bindings\Geode\binding\PlayerObject.hpp(15,7):
       ╤Б╨╝. ╨╛╨▒╤К╤П╨▓╨╗╨╡╨╜╨╕╨╡ "PlayerObject"
  
C:\Users\KusokMedi\Documents\GitHub\BetterShowcase\src\practice_fixes\player.cpp(9,92): error C2039: "m_maybeRotatedObjectsMap": ╨╜╨╡ ╤П╨▓╨╗╤П╨╡╤В╤Б╤П ╤З╨╗╨╡╨╜╨╛╨╝ "PlayerObject". [C:\Users\KusokMedi\Documents\GitHub\BetterShowcase\build\xdBot2.vcxproj]
  (╨║╨╛╨╝╨┐╨╕╨╗╤П╤Ж╨╕╤П ╨╕╤Б╤Е╨╛╨┤╨╜╨╛╨│╨╛ ╤Д╨░╨╣╨╗╨░ "../src/practice_fixes/player.cpp")
      C:\Users\KusokMedi\Documents\GitHub\BetterShowcase\build\bindings\bindings\Geode\binding\PlayerObject.hpp(15,7):
       ╤Б╨╝. ╨╛╨▒╤К╤П╨▓╨╗╨╡╨╜╨╕╨╡ "PlayerObject"
  
C:\Users\KusokMedi\Documents\GitHub\BetterShowcase\src\practice_fixes\player.cpp(71,36): error C2039: "m_currentSlope3": ╨╜╨╡ ╤П╨▓╨╗╤П╨╡╤В╤Б╤П ╤З╨╗╨╡╨╜╨╛╨╝ "PlayerObject". [C:\Users\KusokMedi\Documents\GitHub\BetterShowcase\build\xdBot2.vcxproj]
  (╨║╨╛╨╝╨┐╨╕╨╗╤П╤Ж╨╕╤П ╨╕╤Б╤Е╨╛╨┤╨╜╨╛╨│╨╛ ╤Д╨░╨╣╨╗╨░ "../src/practice_fixes/player.cpp")
      C:\Users\KusokMedi\Documents\GitHub\BetterShowcase\build\bindings\bindings\Geode\binding\PlayerObject.hpp(15,7):
       ╤Б╨╝. ╨╛╨▒╤К╤П╨▓╨╗╨╡╨╜╨╕╨╡ "PlayerObject"
  
C:\Users\KusokMedi\Documents\GitHub\BetterShowcase\src\practice_fixes\player.cpp(104,35): error C2039: "m_flashRelated": ╨╜╨╡ ╤П╨▓╨╗╤П╨╡╤В╤Б╤П ╤З╨╗╨╡╨╜╨╛╨╝ "PlayerObject". [C:\Users\KusokMedi\Documents\GitHub\BetterShowcase\build\xdBot2.vcxproj]
  (╨║╨╛╨╝╨┐╨╕╨╗╤П╤Ж╨╕╤П ╨╕╤Б╤Е╨╛╨┤╨╜╨╛╨│╨╛ ╤Д╨░╨╣╨╗╨░ "../src/practice_fixes/player.cpp")
      C:\Users\KusokMedi\Documents\GitHub\BetterShowcase\build\bindings\bindings\Geode\binding\PlayerObject.hpp(15,7):
       ╤Б╨╝. ╨╛╨▒╤К╤П╨▓╨╗╨╡╨╜╨╕╨╡ "PlayerObject"
  
C:\Users\KusokMedi\Documents\GitHub\BetterShowcase\src\practice_fixes\player.cpp(105,36): error C2039: "m_flashRelated1": ╨╜╨╡ ╤П╨▓╨╗╤П╨╡╤В╤Б╤П ╤З╨╗╨╡╨╜╨╛╨╝ "PlayerObject". [C:\Users\KusokMedi\Documents\GitHub\BetterShowcase\build\xdBot2.vcxproj]
  (╨║╨╛╨╝╨┐╨╕╨╗╤П╤Ж╨╕╤П ╨╕╤Б╤Е╨╛╨┤╨╜╨╛╨│╨╛ ╤Д╨░╨╣╨╗╨░ "../src/practice_fixes/player.cpp")
      C:\Users\KusokMedi\Documents\GitHub\BetterShowcase\build\bindings\bindings\Geode\binding\PlayerObject.hpp(15,7):
       ╤Б╨╝. ╨╛╨▒╤К╤П╨▓╨╗╨╡╨╜╨╕╨╡ "PlayerObject"
  
C:\Users\KusokMedi\Documents\GitHub\BetterShowcase\src\practice_fixes\player.cpp(109,29): error C2039: "m_gv0096": ╨╜╨╡ ╤П╨▓╨╗╤П╨╡╤В╤Б╤П ╤З╨╗╨╡╨╜╨╛╨╝ "PlayerObject". [C:\Users\KusokMedi\Documents\GitHub\BetterShowcase\build\xdBot2.vcxproj]
  (╨║╨╛╨╝╨┐╨╕╨╗╤П╤Ж╨╕╤П ╨╕╤Б╤Е╨╛╨┤╨╜╨╛╨│╨╛ ╤Д╨░╨╣╨╗╨░ "../src/practice_fixes/player.cpp")
      C:\Users\KusokMedi\Documents\GitHub\BetterShowcase\build\bindings\bindings\Geode\binding\PlayerObject.hpp(15,7):
       ╤Б╨╝. ╨╛╨▒╤К╤П╨▓╨╗╨╡╨╜╨╕╨╡ "PlayerObject"
  
C:\Users\KusokMedi\Documents\GitHub\BetterShowcase\src\practice_fixes\player.cpp(110,29): error C2039: "m_gv0100": ╨╜╨╡ ╤П╨▓╨╗╤П╨╡╤В╤Б╤П ╤З╨╗╨╡╨╜╨╛╨╝ "PlayerObject". [C:\Users\KusokMedi\Documents\GitHub\BetterShowcase\build\xdBot2.vcxproj]
  (╨║╨╛╨╝╨┐╨╕╨╗╤П╤Ж╨╕╤П ╨╕╤Б╤Е╨╛╨┤╨╜╨╛╨│╨╛ ╤Д╨░╨╣╨╗╨░ "../src/practice_fixes/player.cpp")
      C:\Users\KusokMedi\Documents\GitHub\BetterShowcase\build\bindings\bindings\Geode\binding\PlayerObject.hpp(15,7):
       ╤Б╨╝. ╨╛╨▒╤К╤П╨▓╨╗╨╡╨╜╨╕╨╡ "PlayerObject"
  
C:\Users\KusokMedi\Documents\GitHub\BetterShowcase\src\practice_fixes\player.cpp(171,29): error C2039: "m_unk9e8": ╨╜╨╡ ╤П╨▓╨╗╤П╨╡╤В╤Б╤П ╤З╨╗╨╡╨╜╨╛╨╝ "PlayerObject". [C:\Users\KusokMedi\Documents\GitHub\BetterShowcase\build\xdBot2.vcxproj]
  (╨║╨╛╨╝╨┐╨╕╨╗╤П╤Ж╨╕╤П ╨╕╤Б╤Е╨╛╨┤╨╜╨╛╨│╨╛ ╤Д╨░╨╣╨╗╨░ "../src/practice_fixes/player.cpp")
      C:\Users\KusokMedi\Documents\GitHub\BetterShowcase\build\bindings\bindings\Geode\binding\PlayerObject.hpp(15,7):
       ╤Б╨╝. ╨╛╨▒╤К╤П╨▓╨╗╨╡╨╜╨╕╨╡ "PlayerObject"
  
C:\Users\KusokMedi\Documents\GitHub\BetterShowcase\src\practice_fixes\player.cpp(191,42): error C2039: "m_ringOrStreakRelated": ╨╜╨╡ ╤П╨▓╨╗╤П╨╡╤В╤Б╤П ╤З╨╗╨╡╨╜╨╛╨╝ "PlayerObject". [C:\Users\KusokMedi\Documents\GitHub\BetterShowcase\build\xdBot2.vcxproj]
  (╨║╨╛╨╝╨┐╨╕╨╗╤П╤Ж╨╕╤П ╨╕╤Б╤Е╨╛╨┤╨╜╨╛╨│╨╛ ╤Д╨░╨╣╨╗╨░ "../src/practice_fixes/player.cpp")
      C:\Users\KusokMedi\Documents\GitHub\BetterShowcase\build\bindings\bindings\Geode\binding\PlayerObject.hpp(15,7):
       ╤Б╨╝. ╨╛╨▒╤К╤П╨▓╨╗╨╡╨╜╨╕╨╡ "PlayerObject"
  
C:\Users\KusokMedi\Documents\GitHub\BetterShowcase\src\practice_fixes\player.cpp(197,29): error C2039: "m_unkAAC": ╨╜╨╡ ╤П╨▓╨╗╤П╨╡╤В╤Б╤П ╤З╨╗╨╡╨╜╨╛╨╝ "PlayerObject". [C:\Users\KusokMedi\Documents\GitHub\BetterShowcase\build\xdBot2.vcxproj]
  (╨║╨╛╨╝╨┐╨╕╨╗╤П╤Ж╨╕╤П ╨╕╤Б╤Е╨╛╨┤╨╜╨╛╨│╨╛ ╤Д╨░╨╣╨╗╨░ "../src/practice_fixes/player.cpp")
      C:\Users\KusokMedi\Documents\GitHub\BetterShowcase\build\bindings\bindings\Geode\binding\PlayerObject.hpp(15,7):
       ╤Б╨╝. ╨╛╨▒╤К╤П╨▓╨╗╨╡╨╜╨╕╨╡ "PlayerObject"
  
C:\Users\KusokMedi\Documents\GitHub\BetterShowcase\src\practice_fixes\player.cpp(200,34): error C2039: "m_gamevar0060": ╨╜╨╡ ╤П╨▓╨╗╤П╨╡╤В╤Б╤П ╤З╨╗╨╡╨╜╨╛╨╝ "PlayerObject". [C:\Users\KusokMedi\Documents\GitHub\BetterShowcase\build\xdBot2.vcxproj]
  (╨║╨╛╨╝╨┐╨╕╨╗╤П╤Ж╨╕╤П ╨╕╤Б╤Е╨╛╨┤╨╜╨╛╨│╨╛ ╤Д╨░╨╣╨╗╨░ "../src/practice_fixes/player.cpp")
      C:\Users\KusokMedi\Documents\GitHub\BetterShowcase\build\bindings\bindings\Geode\binding\PlayerObject.hpp(15,7):
       ╤Б╨╝. ╨╛╨▒╤К╤П╨▓╨╗╨╡╨╜╨╕╨╡ "PlayerObject"
  
C:\Users\KusokMedi\Documents\GitHub\BetterShowcase\src\practice_fixes\player.cpp(202,34): error C2039: "m_gamevar0062": ╨╜╨╡ ╤П╨▓╨╗╤П╨╡╤В╤Б╤П ╤З╨╗╨╡╨╜╨╛╨╝ "PlayerObject". [C:\Users\KusokMedi\Documents\GitHub\BetterShowcase\build\xdBot2.vcxproj]
  (╨║╨╛╨╝╨┐╨╕╨╗╤П╤Ж╨╕╤П ╨╕╤Б╤Е╨╛╨┤╨╜╨╛╨│╨╛ ╤Д╨░╨╣╨╗╨░ "../src/practice_fixes/player.cpp")
      C:\Users\KusokMedi\Documents\GitHub\BetterShowcase\build\bindings\bindings\Geode\binding\PlayerObject.hpp(15,7):
       ╤Б╨╝. ╨╛╨▒╤К╤П╨▓╨╗╨╡╨╜╨╕╨╡ "PlayerObject"
  
C:\Users\KusokMedi\Documents\GitHub\BetterShowcase\src\practice_fixes\player.cpp(255,35): error C2039: "m_robotHasRun3": ╨╜╨╡ ╤П╨▓╨╗╤П╨╡╤В╤Б╤П ╤З╨╗╨╡╨╜╨╛╨╝ "PlayerObject". [C:\Users\KusokMedi\Documents\GitHub\BetterShowcase\build\xdBot2.vcxproj]
  (╨║╨╛╨╝╨┐╨╕╨╗╤П╤Ж╨╕╤П ╨╕╤Б╤Е╨╛╨┤╨╜╨╛╨│╨╛ ╤Д╨░╨╣╨╗╨░ "../src/practice_fixes/player.cpp")
      C:\Users\KusokMedi\Documents\GitHub\BetterShowcase\build\bindings\bindings\Geode\binding\PlayerObject.hpp(15,7):
       ╤Б╨╝. ╨╛╨▒╤К╤П╨▓╨╗╨╡╨╜╨╕╨╡ "PlayerObject"
  
C:\Users\KusokMedi\Documents\GitHub\BetterShowcase\src\practice_fixes\player.cpp(256,35): error C2039: "m_robotHasRun2": ╨╜╨╡ ╤П╨▓╨╗╤П╨╡╤В╤Б╤П ╤З╨╗╨╡╨╜╨╛╨╝ "PlayerObject". [C:\Users\KusokMedi\Documents\GitHub\BetterShowcase\build\xdBot2.vcxproj]
  (╨║╨╛╨╝╨┐╨╕╨╗╤П╤Ж╨╕╤П ╨╕╤Б╤Е╨╛╨┤╨╜╨╛╨│╨╛ ╤Д╨░╨╣╨╗╨░ "../src/practice_fixes/player.cpp")
      C:\Users\KusokMedi\Documents\GitHub\BetterShowcase\build\bindings\bindings\Geode\binding\PlayerObject.hpp(15,7):
       ╤Б╨╝. ╨╛╨▒╤К╤П╨▓╨╗╨╡╨╜╨╕╨╡ "PlayerObject"
  
C:\Users\KusokMedi\Documents\GitHub\BetterShowcase\src\practice_fixes\player.cpp(257,29): error C2039: "m_item20": ╨╜╨╡ ╤П╨▓╨╗╤П╨╡╤В╤Б╤П ╤З╨╗╨╡╨╜╨╛╨╝ "PlayerObject". [C:\Users\KusokMedi\Documents\GitHub\BetterShowcase\build\xdBot2.vcxproj]
  (╨║╨╛╨╝╨┐╨╕╨╗╤П╤Ж╨╕╤П ╨╕╤Б╤Е╨╛╨┤╨╜╨╛╨│╨╛ ╤Д╨░╨╣╨╗╨░ "../src/practice_fixes/player.cpp")
      C:\Users\KusokMedi\Documents\GitHub\BetterShowcase\build\bindings\bindings\Geode\binding\PlayerObject.hpp(15,7):
       ╤Б╨╝. ╨╛╨▒╤К╤П╨▓╨╗╨╡╨╜╨╕╨╡ "PlayerObject"
  
C:\Users\KusokMedi\Documents\GitHub\BetterShowcase\src\practice_fixes\player.cpp(276,13): error C2039: "m_maybeRotatedObjectsMap": ╨╜╨╡ ╤П╨▓╨╗╤П╨╡╤В╤Б╤П ╤З╨╗╨╡╨╜╨╛╨╝ "PlayerObject". [C:\Users\KusokMedi\Documents\GitHub\BetterShowcase\build\xdBot2.vcxproj]
  (╨║╨╛╨╝╨┐╨╕╨╗╤П╤Ж╨╕╤П ╨╕╤Б╤Е╨╛╨┤╨╜╨╛╨│╨╛ ╤Д╨░╨╣╨╗╨░ "../src/practice_fixes/player.cpp")
      C:\Users\KusokMedi\Documents\GitHub\BetterShowcase\build\bindings\bindings\Geode\binding\PlayerObject.hpp(15,7):
       ╤Б╨╝. ╨╛╨▒╤К╤П╨▓╨╗╨╡╨╜╨╕╨╡ "PlayerObject"
  
C:\Users\KusokMedi\Documents\GitHub\BetterShowcase\src\practice_fixes\player.cpp(338,13): error C2039: "m_currentSlope3": ╨╜╨╡ ╤П╨▓╨╗╤П╨╡╤В╤Б╤П ╤З╨╗╨╡╨╜╨╛╨╝ "PlayerObject". [C:\Users\KusokMedi\Documents\GitHub\BetterShowcase\build\xdBot2.vcxproj]
  (╨║╨╛╨╝╨┐╨╕╨╗╤П╤Ж╨╕╤П ╨╕╤Б╤Е╨╛╨┤╨╜╨╛╨│╨╛ ╤Д╨░╨╣╨╗╨░ "../src/practice_fixes/player.cpp")
      C:\Users\KusokMedi\Documents\GitHub\BetterShowcase\build\bindings\bindings\Geode\binding\PlayerObject.hpp(15,7):
       ╤Б╨╝. ╨╛╨▒╤К╤П╨▓╨╗╨╡╨╜╨╕╨╡ "PlayerObject"
  
C:\Users\KusokMedi\Documents\GitHub\BetterShowcase\src\practice_fixes\player.cpp(427,13): error C2039: "m_unk9e8": ╨╜╨╡ ╤П╨▓╨╗╤П╨╡╤В╤Б╤П ╤З╨╗╨╡╨╜╨╛╨╝ "PlayerObject". [C:\Users\KusokMedi\Documents\GitHub\BetterShowcase\build\xdBot2.vcxproj]
  (╨║╨╛╨╝╨┐╨╕╨╗╤П╤Ж╨╕╤П ╨╕╤Б╤Е╨╛╨┤╨╜╨╛╨│╨╛ ╤Д╨░╨╣╨╗╨░ "../src/practice_fixes/player.cpp")
      C:\Users\KusokMedi\Documents\GitHub\BetterShowcase\build\bindings\bindings\Geode\binding\PlayerObject.hpp(15,7):
       ╤Б╨╝. ╨╛╨▒╤К╤П╨▓╨╗╨╡╨╜╨╕╨╡ "PlayerObject"
  
C:\Users\KusokMedi\Documents\GitHub\BetterShowcase\src\practice_fixes\player.cpp(447,13): error C2039: "m_ringOrStreakRelated": ╨╜╨╡ ╤П╨▓╨╗╤П╨╡╤В╤Б╤П ╤З╨╗╨╡╨╜╨╛╨╝ "PlayerObject". [C:\Users\KusokMedi\Documents\GitHub\BetterShowcase\build\xdBot2.vcxproj]
  (╨║╨╛╨╝╨┐╨╕╨╗╤П╤Ж╨╕╤П ╨╕╤Б╤Е╨╛╨┤╨╜╨╛╨│╨╛ ╤Д╨░╨╣╨╗╨░ "../src/practice_fixes/player.cpp")
      C:\Users\KusokMedi\Documents\GitHub\BetterShowcase\build\bindings\bindings\Geode\binding\PlayerObject.hpp(15,7):
       ╤Б╨╝. ╨╛╨▒╤К╤П╨▓╨╗╨╡╨╜╨╕╨╡ "PlayerObject"
  
C:\Users\KusokMedi\Documents\GitHub\BetterShowcase\src\practice_fixes\player.cpp(453,13): error C2039: "m_unkAAC": ╨╜╨╡ ╤П╨▓╨╗╤П╨╡╤В╤Б╤П ╤З╨╗╨╡╨╜╨╛╨╝ "PlayerObject". [C:\Users\KusokMedi\Documents\GitHub\BetterShowcase\build\xdBot2.vcxproj]
  (╨║╨╛╨╝╨┐╨╕╨╗╤П╤Ж╨╕╤П ╨╕╤Б╤Е╨╛╨┤╨╜╨╛╨│╨╛ ╤Д╨░╨╣╨╗╨░ "../src/practice_fixes/player.cpp")
      C:\Users\KusokMedi\Documents\GitHub\BetterShowcase\build\bindings\bindings\Geode\binding\PlayerObject.hpp(15,7):
       ╤Б╨╝. ╨╛╨▒╤К╤П╨▓╨╗╨╡╨╜╨╕╨╡ "PlayerObject"
  
C:\Users\KusokMedi\Documents\GitHub\BetterShowcase\src\practice_fixes\player.cpp(456,13): error C2039: "m_gamevar0060": ╨╜╨╡ ╤П╨▓╨╗╤П╨╡╤В╤Б╤П ╤З╨╗╨╡╨╜╨╛╨╝ "PlayerObject". [C:\Users\KusokMedi\Documents\GitHub\BetterShowcase\build\xdBot2.vcxproj]
  (╨║╨╛╨╝╨┐╨╕╨╗╤П╤Ж╨╕╤П ╨╕╤Б╤Е╨╛╨┤╨╜╨╛╨│╨╛ ╤Д╨░╨╣╨╗╨░ "../src/practice_fixes/player.cpp")
      C:\Users\KusokMedi\Documents\GitHub\BetterShowcase\build\bindings\bindings\Geode\binding\PlayerObject.hpp(15,7):
       ╤Б╨╝. ╨╛╨▒╤К╤П╨▓╨╗╨╡╨╜╨╕╨╡ "PlayerObject"
  
C:\Users\KusokMedi\Documents\GitHub\BetterShowcase\src\practice_fixes\player.cpp(458,13): error C2039: "m_gamevar0062": ╨╜╨╡ ╤П╨▓╨╗╤П╨╡╤В╤Б╤П ╤З╨╗╨╡╨╜╨╛╨╝ "PlayerObject". [C:\Users\KusokMedi\Documents\GitHub\BetterShowcase\build\xdBot2.vcxproj]
  (╨║╨╛╨╝╨┐╨╕╨╗╤П╤Ж╨╕╤П ╨╕╤Б╤Е╨╛╨┤╨╜╨╛╨│╨╛ ╤Д╨░╨╣╨╗╨░ "../src/practice_fixes/player.cpp")
      C:\Users\KusokMedi\Documents\GitHub\BetterShowcase\build\bindings\bindings\Geode\binding\PlayerObject.hpp(15,7):
       ╤Б╨╝. ╨╛╨▒╤К╤П╨▓╨╗╨╡╨╜╨╕╨╡ "PlayerObject"
  
C:\Users\KusokMedi\Documents\GitHub\BetterShowcase\src\practice_fixes\player.cpp(510,13): error C2039: "m_robotHasRun3": ╨╜╨╡ ╤П╨▓╨╗╤П╨╡╤В╤Б╤П ╤З╨╗╨╡╨╜╨╛╨╝ "PlayerObject". [C:\Users\KusokMedi\Documents\GitHub\BetterShowcase\build\xdBot2.vcxproj]
  (╨║╨╛╨╝╨┐╨╕╨╗╤П╤Ж╨╕╤П ╨╕╤Б╤Е╨╛╨┤╨╜╨╛╨│╨╛ ╤Д╨░╨╣╨╗╨░ "../src/practice_fixes/player.cpp")
      C:\Users\KusokMedi\Documents\GitHub\BetterShowcase\build\bindings\bindings\Geode\binding\PlayerObject.hpp(15,7):
       ╤Б╨╝. ╨╛╨▒╤К╤П╨▓╨╗╨╡╨╜╨╕╨╡ "PlayerObject"
  
C:\Users\KusokMedi\Documents\GitHub\BetterShowcase\src\practice_fixes\player.cpp(511,13): error C2039: "m_robotHasRun2": ╨╜╨╡ ╤П╨▓╨╗╤П╨╡╤В╤Б╤П ╤З╨╗╨╡╨╜╨╛╨╝ "PlayerObject". [C:\Users\KusokMedi\Documents\GitHub\BetterShowcase\build\xdBot2.vcxproj]
  (╨║╨╛╨╝╨┐╨╕╨╗╤П╤Ж╨╕╤П ╨╕╤Б╤Е╨╛╨┤╨╜╨╛╨│╨╛ ╤Д╨░╨╣╨╗╨░ "../src/practice_fixes/player.cpp")
      C:\Users\KusokMedi\Documents\GitHub\BetterShowcase\build\bindings\bindings\Geode\binding\PlayerObject.hpp(15,7):
       ╤Б╨╝. ╨╛╨▒╤К╤П╨▓╨╗╨╡╨╜╨╕╨╡ "PlayerObject"
  
C:\Users\KusokMedi\Documents\GitHub\BetterShowcase\src\practice_fixes\player.cpp(512,13): error C2039: "m_item20": ╨╜╨╡ ╤П╨▓╨╗╤П╨╡╤В╤Б╤П ╤З╨╗╨╡╨╜╨╛╨╝ "PlayerObject". [C:\Users\KusokMedi\Documents\GitHub\BetterShowcase\build\xdBot2.vcxproj]
  (╨║╨╛╨╝╨┐╨╕╨╗╤П╤Ж╨╕╤П ╨╕╤Б╤Е╨╛╨┤╨╜╨╛╨│╨╛ ╤Д╨░╨╣╨╗╨░ "../src/practice_fixes/player.cpp")
      C:\Users\KusokMedi\Documents\GitHub\BetterShowcase\build\bindings\bindings\Geode\binding\PlayerObject.hpp(15,7):
       ╤Б╨╝. ╨╛╨▒╤К╤П╨▓╨╗╨╡╨╜╨╕╨╡ "PlayerObject"
  
  play_layer.cpp
C:\Users\KusokMedi\Documents\GitHub\BetterShowcase\src\renderer\ffmpeg\events.hpp(11,47): error C2955: "geode::Event": ╨┤╨╗╤П ╨╕╤Б╨┐╨╛╨╗╤М╨╖╨╛╨▓╨░╨╜╨╕╤П ╨║╨╗╨░╤Б╤Б ╤И╨░╨▒╨╗╨╛╨╜ ╤В╤А╨╡╨▒╤Г╨╡╤В╤Б╤П ╤Б╨┐╨╕╤Б╨╛╨║ ╨░╤А╨│╤Г╨╝╨╡╨╜╤В╨╛╨▓ ╤И╨░╨▒╨╗╨╛╨╜ [C:\Users\KusokMedi\Documents\GitHub\BetterShowcase\build\xdBot2.vcxproj]
  (╨║╨╛╨╝╨┐╨╕╨╗╤П╤Ж╨╕╤П ╨╕╤Б╤Е╨╛╨┤╨╜╨╛╨│╨╛ ╤Д╨░╨╣╨╗╨░ "../src/practice_fixes/play_layer.cpp")
      C:\Users\KusokMedi\Documents\Geode\loader\include\Geode\loader\Event.hpp(960,12):
       ╤Б╨╝. ╨╛╨▒╤К╤П╨▓╨╗╨╡╨╜╨╕╨╡ "geode::Event"
  
C:\Users\KusokMedi\Documents\GitHub\BetterShowcase\src\renderer\ffmpeg\events.hpp(20,47): error C2955: "geode::Event": ╨┤╨╗╤П ╨╕╤Б╨┐╨╛╨╗╤М╨╖╨╛╨▓╨░╨╜╨╕╤П ╨║╨╗╨░╤Б╤Б ╤И╨░╨▒╨╗╨╛╨╜ ╤В╤А╨╡╨▒╤Г╨╡╤В╤Б╤П ╤Б╨┐╨╕╤Б╨╛╨║ ╨░╤А╨│╤Г╨╝╨╡╨╜╤В╨╛╨▓ ╤И╨░╨▒╨╗╨╛╨╜ [C:\Users\KusokMedi\Documents\GitHub\BetterShowcase\build\xdBot2.vcxproj]
  (╨║╨╛╨╝╨┐╨╕╨╗╤П╤Ж╨╕╤П ╨╕╤Б╤Е╨╛╨┤╨╜╨╛╨│╨╛ ╤Д╨░╨╣╨╗╨░ "../src/practice_fixes/play_layer.cpp")
      C:\Users\KusokMedi\Documents\Geode\loader\include\Geode\loader\Event.hpp(960,12):
       ╤Б╨╝. ╨╛╨▒╤К╤П╨▓╨╗╨╡╨╜╨╕╨╡ "geode::Event"
  
C:\Users\KusokMedi\Documents\GitHub\BetterShowcase\src\renderer\ffmpeg\events.hpp(28,45): error C2955: "geode::Event": ╨┤╨╗╤П ╨╕╤Б╨┐╨╛╨╗╤М╨╖╨╛╨▓╨░╨╜╨╕╤П ╨║╨╗╨░╤Б╤Б ╤И╨░╨▒╨╗╨╛╨╜ ╤В╤А╨╡╨▒╤Г╨╡╤В╤Б╤П ╤Б╨┐╨╕╤Б╨╛╨║ ╨░╤А╨│╤Г╨╝╨╡╨╜╤В╨╛╨▓ ╤И╨░╨▒╨╗╨╛╨╜ [C:\Users\KusokMedi\Documents\GitHub\BetterShowcase\build\xdBot2.vcxproj]
  (╨║╨╛╨╝╨┐╨╕╨╗╤П╤Ж╨╕╤П ╨╕╤Б╤Е╨╛╨┤╨╜╨╛╨│╨╛ ╤Д╨░╨╣╨╗╨░ "../src/practice_fixes/play_layer.cpp")
      C:\Users\KusokMedi\Documents\Geode\loader\include\Geode\loader\Event.hpp(960,12):
       ╤Б╨╝. ╨╛╨▒╤К╤П╨▓╨╗╨╡╨╜╨╕╨╡ "geode::Event"
  
C:\Users\KusokMedi\Documents\GitHub\BetterShowcase\src\renderer\ffmpeg\events.hpp(48,45): error C2955: "geode::Event": ╨┤╨╗╤П ╨╕╤Б╨┐╨╛╨╗╤М╨╖╨╛╨▓╨░╨╜╨╕╤П ╨║╨╗╨░╤Б╤Б ╤И╨░╨▒╨╗╨╛╨╜ ╤В╤А╨╡╨▒╤Г╨╡╤В╤Б╤П ╤Б╨┐╨╕╤Б╨╛╨║ ╨░╤А╨│╤Г╨╝╨╡╨╜╤В╨╛╨▓ ╤И╨░╨▒╨╗╨╛╨╜ [C:\Users\KusokMedi\Documents\GitHub\BetterShowcase\build\xdBot2.vcxproj]
  (╨║╨╛╨╝╨┐╨╕╨╗╤П╤Ж╨╕╤П ╨╕╤Б╤Е╨╛╨┤╨╜╨╛╨│╨╛ ╤Д╨░╨╣╨╗╨░ "../src/practice_fixes/play_layer.cpp")
      C:\Users\KusokMedi\Documents\Geode\loader\include\Geode\loader\Event.hpp(960,12):
       ╤Б╨╝. ╨╛╨▒╤К╤П╨▓╨╗╨╡╨╜╨╕╨╡ "geode::Event"
  
C:\Users\KusokMedi\Documents\GitHub\BetterShowcase\src\renderer\ffmpeg\events.hpp(58,54): error C2955: "geode::Event": ╨┤╨╗╤П ╨╕╤Б╨┐╨╛╨╗╤М╨╖╨╛╨▓╨░╨╜╨╕╤П ╨║╨╗╨░╤Б╤Б ╤И╨░╨▒╨╗╨╛╨╜ ╤В╤А╨╡╨▒╤Г╨╡╤В╤Б╤П ╤Б╨┐╨╕╤Б╨╛╨║ ╨░╤А╨│╤Г╨╝╨╡╨╜╤В╨╛╨▓ ╤И╨░╨▒╨╗╨╛╨╜ [C:\Users\KusokMedi\Documents\GitHub\BetterShowcase\build\xdBot2.vcxproj]
  (╨║╨╛╨╝╨┐╨╕╨╗╤П╤Ж╨╕╤П ╨╕╤Б╤Е╨╛╨┤╨╜╨╛╨│╨╛ ╤Д╨░╨╣╨╗╨░ "../src/practice_fixes/play_layer.cpp")
      C:\Users\KusokMedi\Documents\Geode\loader\include\Geode\loader\Event.hpp(960,12):
       ╤Б╨╝. ╨╛╨▒╤К╤П╨▓╨╗╨╡╨╜╨╕╨╡ "geode::Event"
  
C:\Users\KusokMedi\Documents\GitHub\BetterShowcase\src\renderer\ffmpeg\events.hpp(69,46): error C2955: "geode::Event": ╨┤╨╗╤П ╨╕╤Б╨┐╨╛╨╗╤М╨╖╨╛╨▓╨░╨╜╨╕╤П ╨║╨╗╨░╤Б╤Б ╤И╨░╨▒╨╗╨╛╨╜ ╤В╤А╨╡╨▒╤Г╨╡╤В╤Б╤П ╤Б╨┐╨╕╤Б╨╛╨║ ╨░╤А╨│╤Г╨╝╨╡╨╜╤В╨╛╨▓ ╤И╨░╨▒╨╗╨╛╨╜ [C:\Users\KusokMedi\Documents\GitHub\BetterShowcase\build\xdBot2.vcxproj]
  (╨║╨╛╨╝╨┐╨╕╨╗╤П╤Ж╨╕╤П ╨╕╤Б╤Е╨╛╨┤╨╜╨╛╨│╨╛ ╤Д╨░╨╣╨╗╨░ "../src/practice_fixes/play_layer.cpp")
      C:\Users\KusokMedi\Documents\Geode\loader\include\Geode\loader\Event.hpp(960,12):
       ╤Б╨╝. ╨╛╨▒╤К╤П╨▓╨╗╨╡╨╜╨╕╨╡ "geode::Event"
  
C:\Users\KusokMedi\Documents\GitHub\BetterShowcase\src\renderer\ffmpeg\events.hpp(79,46): error C2955: "geode::Event": ╨┤╨╗╤П ╨╕╤Б╨┐╨╛╨╗╤М╨╖╨╛╨▓╨░╨╜╨╕╤П ╨║╨╗╨░╤Б╤Б ╤И╨░╨▒╨╗╨╛╨╜ ╤В╤А╨╡╨▒╤Г╨╡╤В╤Б╤П ╤Б╨┐╨╕╤Б╨╛╨║ ╨░╤А╨│╤Г╨╝╨╡╨╜╤В╨╛╨▓ ╤И╨░╨▒╨╗╨╛╨╜ [C:\Users\KusokMedi\Documents\GitHub\BetterShowcase\build\xdBot2.vcxproj]
  (╨║╨╛╨╝╨┐╨╕╨╗╤П╤Ж╨╕╤П ╨╕╤Б╤Е╨╛╨┤╨╜╨╛╨│╨╛ ╤Д╨░╨╣╨╗╨░ "../src/practice_fixes/play_layer.cpp")
      C:\Users\KusokMedi\Documents\Geode\loader\include\Geode\loader\Event.hpp(960,12):
       ╤Б╨╝. ╨╛╨▒╤К╤П╨▓╨╗╨╡╨╜╨╕╨╡ "geode::Event"
  
C:\Users\KusokMedi\Documents\GitHub\BetterShowcase\src\renderer\ffmpeg\events.hpp(101,44): error C2955: "geode::Event": ╨┤╨╗╤П ╨╕╤Б╨┐╨╛╨╗╤М╨╖╨╛╨▓╨░╨╜╨╕╤П ╨║╨╗╨░╤Б╤Б ╤И╨░╨▒╨╗╨╛╨╜ ╤В╤А╨╡╨▒╤Г╨╡╤В╤Б╤П ╤Б╨┐╨╕╤Б╨╛╨║ ╨░╤А╨│╤Г╨╝╨╡╨╜╤В╨╛╨▓ ╤И╨░╨▒╨╗╨╛╨╜ [C:\Users\KusokMedi\Documents\GitHub\BetterShowcase\build\xdBot2.vcxproj]
  (╨║╨╛╨╝╨┐╨╕╨╗╤П╤Ж╨╕╤П ╨╕╤Б╤Е╨╛╨┤╨╜╨╛╨│╨╛ ╤Д╨░╨╣╨╗╨░ "../src/practice_fixes/play_layer.cpp")
      C:\Users\KusokMedi\Documents\Geode\loader\include\Geode\loader\Event.hpp(960,12):
       ╤Б╨╝. ╨╛╨▒╤К╤П╨▓╨╗╨╡╨╜╨╕╨╡ "geode::Event"
  
C:\Users\KusokMedi\Documents\GitHub\BetterShowcase\src\renderer\ffmpeg\events.hpp(129,21): error C2039: "post": ╨╜╨╡ ╤П╨▓╨╗╤П╨╡╤В╤Б╤П ╤З╨╗╨╡╨╜╨╛╨╝ "ffmpeg::events::impl::CreateRecorderEvent". [C:\Users\KusokMedi\Documents\GitHub\BetterShowcase\build\xdBot2.vcxproj]
  (╨║╨╛╨╝╨┐╨╕╨╗╤П╤Ж╨╕╤П ╨╕╤Б╤Е╨╛╨┤╨╜╨╛╨│╨╛ ╤Д╨░╨╣╨╗╨░ "../src/practice_fixes/play_layer.cpp")
      C:\Users\KusokMedi\Documents\GitHub\BetterShowcase\src\renderer\ffmpeg\events.hpp(11,11):
       ╤Б╨╝. ╨╛╨▒╤К╤П╨▓╨╗╨╡╨╜╨╕╨╡ "ffmpeg::events::impl::CreateRecorderEvent"
  
C:\Users\KusokMedi\Documents\GitHub\BetterShowcase\src\renderer\ffmpeg\events.hpp(135,21): error C2039: "post": ╨╜╨╡ ╤П╨▓╨╗╤П╨╡╤В╤Б╤П ╤З╨╗╨╡╨╜╨╛╨╝ "ffmpeg::events::impl::DeleteRecorderEvent". [C:\Users\KusokMedi\Documents\GitHub\BetterShowcase\build\xdBot2.vcxproj]
  (╨║╨╛╨╝╨┐╨╕╨╗╤П╤Ж╨╕╤П ╨╕╤Б╤Е╨╛╨┤╨╜╨╛╨│╨╛ ╤Д╨░╨╣╨╗╨░ "../src/practice_fixes/play_layer.cpp")
      C:\Users\KusokMedi\Documents\GitHub\BetterShowcase\src\renderer\ffmpeg\events.hpp(20,11):
       ╤Б╨╝. ╨╛╨▒╤К╤П╨▓╨╗╨╡╨╜╨╕╨╡ "ffmpeg::events::impl::DeleteRecorderEvent"
  
C:\Users\KusokMedi\Documents\GitHub\BetterShowcase\src\renderer\ffmpeg\events.hpp(153,19): error C2039: "post": ╨╜╨╡ ╤П╨▓╨╗╤П╨╡╤В╤Б╤П ╤З╨╗╨╡╨╜╨╛╨╝ "ffmpeg::events::impl::InitRecorderEvent". [C:\Users\KusokMedi\Documents\GitHub\BetterShowcase\build\xdBot2.vcxproj]
  (╨║╨╛╨╝╨┐╨╕╨╗╤П╤Ж╨╕╤П ╨╕╤Б╤Е╨╛╨┤╨╜╨╛╨│╨╛ ╤Д╨░╨╣╨╗╨░ "../src/practice_fixes/play_layer.cpp")
      C:\Users\KusokMedi\Documents\GitHub\BetterShowcase\src\renderer\ffmpeg\events.hpp(28,11):
       ╤Б╨╝. ╨╛╨▒╤К╤П╨▓╨╗╨╡╨╜╨╕╨╡ "ffmpeg::events::impl::InitRecorderEvent"
  
C:\Users\KusokMedi\Documents\GitHub\BetterShowcase\src\renderer\ffmpeg\events.hpp(163,40): error C2039: "post": ╨╜╨╡ ╤П╨▓╨╗╤П╨╡╤В╤Б╤П ╤З╨╗╨╡╨╜╨╛╨╝ "ffmpeg::events::impl::StopRecorderEvent". [C:\Users\KusokMedi\Documents\GitHub\BetterShowcase\build\xdBot2.vcxproj]
  (╨║╨╛╨╝╨┐╨╕╨╗╤П╤Ж╨╕╤П ╨╕╤Б╤Е╨╛╨┤╨╜╨╛╨│╨╛ ╤Д╨░╨╣╨╗╨░ "../src/practice_fixes/play_layer.cpp")
      C:\Users\KusokMedi\Documents\GitHub\BetterShowcase\src\renderer\ffmpeg\events.hpp(48,11):
       ╤Б╨╝. ╨╛╨▒╤К╤П╨▓╨╗╨╡╨╜╨╕╨╡ "ffmpeg::events::impl::StopRecorderEvent"
  
C:\Users\KusokMedi\Documents\GitHub\BetterShowcase\src\renderer\ffmpeg\events.hpp(182,19): error C2039: "post": ╨╜╨╡ ╤П╨▓╨╗╤П╨╡╤В╤Б╤П ╤З╨╗╨╡╨╜╨╛╨╝ "ffmpeg::events::impl::GetWriteFrameFunctionEvent". [C:\Users\KusokMedi\Documents\GitHub\BetterShowcase\build\xdBot2.vcxproj]
  (╨║╨╛╨╝╨┐╨╕╨╗╤П╤Ж╨╕╤П ╨╕╤Б╤Е╨╛╨┤╨╜╨╛╨│╨╛ ╤Д╨░╨╣╨╗╨░ "../src/practice_fixes/play_layer.cpp")
      C:\Users\KusokMedi\Documents\GitHub\BetterShowcase\src\renderer\ffmpeg\events.hpp(58,11):
       ╤Б╨╝. ╨╛╨▒╤К╤П╨▓╨╗╨╡╨╜╨╕╨╡ "ffmpeg::events::impl::GetWriteFrameFunctionEvent"
  
C:\Users\KusokMedi\Documents\GitHub\BetterShowcase\src\renderer\ffmpeg\events.hpp(199,20): error C2039: "post": ╨╜╨╡ ╤П╨▓╨╗╤П╨╡╤В╤Б╤П ╤З╨╗╨╡╨╜╨╛╨╝ "ffmpeg::events::impl::CodecRecorderEvent". [C:\Users\KusokMedi\Documents\GitHub\BetterShowcase\build\xdBot2.vcxproj]
  (╨║╨╛╨╝╨┐╨╕╨╗╤П╤Ж╨╕╤П ╨╕╤Б╤Е╨╛╨┤╨╜╨╛╨│╨╛ ╤Д╨░╨╣╨╗╨░ "../src/practice_fixes/play_layer.cpp")
      C:\Users\KusokMedi\Documents\GitHub\BetterShowcase\src\renderer\ffmpeg\events.hpp(69,11):
       ╤Б╨╝. ╨╛╨▒╤К╤П╨▓╨╗╨╡╨╜╨╕╨╡ "ffmpeg::events::impl::CodecRecorderEvent"
  
C:\Users\KusokMedi\Documents\GitHub\BetterShowcase\src\renderer\ffmpeg\events.hpp(225,18): error C2039: "post": ╨╜╨╡ ╤П╨▓╨╗╤П╨╡╤В╤Б╤П ╤З╨╗╨╡╨╜╨╛╨╝ "ffmpeg::events::impl::MixVideoAudioEvent". [C:\Users\KusokMedi\Documents\GitHub\BetterShowcase\build\xdBot2.vcxproj]
  (╨║╨╛╨╝╨┐╨╕╨╗╤П╤Ж╨╕╤П ╨╕╤Б╤Е╨╛╨┤╨╜╨╛╨│╨╛ ╤Д╨░╨╣╨╗╨░ "../src/practice_fixes/play_layer.cpp")
      C:\Users\KusokMedi\Documents\GitHub\BetterShowcase\src\renderer\ffmpeg\events.hpp(79,11):
       ╤Б╨╝. ╨╛╨▒╤К╤П╨▓╨╗╨╡╨╜╨╕╨╡ "ffmpeg::events::impl::MixVideoAudioEvent"
  
C:\Users\KusokMedi\Documents\GitHub\BetterShowcase\src\renderer\ffmpeg\events.hpp(244,18): error C2039: "post": ╨╜╨╡ ╤П╨▓╨╗╤П╨╡╤В╤Б╤П ╤З╨╗╨╡╨╜╨╛╨╝ "ffmpeg::events::impl::MixVideoRawEvent". [C:\Users\KusokMedi\Documents\GitHub\BetterShowcase\build\xdBot2.vcxproj]
  (╨║╨╛╨╝╨┐╨╕╨╗╤П╤Ж╨╕╤П ╨╕╤Б╤Е╨╛╨┤╨╜╨╛╨│╨╛ ╤Д╨░╨╣╨╗╨░ "../src/practice_fixes/play_layer.cpp")
      C:\Users\KusokMedi\Documents\GitHub\BetterShowcase\src\renderer\ffmpeg\events.hpp(101,11):
       ╤Б╨╝. ╨╛╨▒╤К╤П╨▓╨╗╨╡╨╜╨╕╨╡ "ffmpeg::events::impl::MixVideoRawEvent"
  
C:\Users\KusokMedi\Documents\GitHub\BetterShowcase\src\includes.hpp(82,17): error C2059: ╤Б╨╕╨╜╤В╨░╨║╤Б╨╕╤З╨╡╤Б╨║╨░╤П ╨╛╤И╨╕╨▒╨║╨░: < [C:\Users\KusokMedi\Documents\GitHub\BetterShowcase\build\xdBot2.vcxproj]
  (╨║╨╛╨╝╨┐╨╕╨╗╤П╤Ж╨╕╤П ╨╕╤Б╤Е╨╛╨┤╨╜╨╛╨│╨╛ ╤Д╨░╨╣╨╗╨░ "../src/practice_fixes/play_layer.cpp")
  
C:\Users\KusokMedi\Documents\GitHub\BetterShowcase\src\includes.hpp(82,36): error C2238: ╨╜╨╡╨┐╤А╨╡╨┤╨▓╨╕╨┤╨╡╨╜╨╜╤Л╨╡ ╨╗╨╡╨║╤Б╨╡╨╝╤Л ╨┐╨╡╤А╨╡╨┤ ";" [C:\Users\KusokMedi\Documents\GitHub\BetterShowcase\build\xdBot2.vcxproj]
  (╨║╨╛╨╝╨┐╨╕╨╗╤П╤Ж╨╕╤П ╨╕╤Б╤Е╨╛╨┤╨╜╨╛╨│╨╛ ╤Д╨░╨╣╨╗╨░ "../src/practice_fixes/play_layer.cpp")
  
  entry.cpp
  ╨б╨╛╨╖╨┤╨░╨╜╨╕╨╡ ╨║╨╛╨┤╨░...
